[0.109s][info][gc] Using Concurrent Mark Sweep
[0.109s][info][gc,heap,coops] Heap address: 0x00000000e0000000, size: 512 MB, Compressed Oops mode: 32-bit
[1.427s][info][gc,start     ] GC(0) Pause Young (Allocation Failure)
[1.428s][info][gc,task      ] GC(0) Using 8 workers of 8 for evacuation
[4.313s][info][gc,heap      ] GC(0) ParNew: 139776K->17470K(157248K)
[4.313s][info][gc,heap      ] GC(0) CMS: 0K->136893K(349568K)
[4.313s][info][gc,metaspace ] GC(0) Metaspace: 10507K->10507K(27648K)
[4.313s][info][gc           ] GC(0) Pause Young (Allocation Failure) 136M->150M(494M) 2885.844ms
[4.316s][info][gc,cpu       ] GC(0) User=6.19s Sys=1.08s Real=2.89s
[4.497s][info][gc,start     ] GC(1) Pause Young (Allocation Failure)
[4.497s][info][gc,task      ] GC(1) Using 8 workers of 8 for evacuation
[5.168s][info][gc,heap      ] GC(1) ParNew: 157246K->17472K(157248K)
[5.168s][info][gc,heap      ] GC(1) CMS: 136893K->277533K(349568K)
[5.169s][info][gc,metaspace ] GC(1) Metaspace: 10508K->10508K(27648K)
[5.169s][info][gc           ] GC(1) Pause Young (Allocation Failure) 287M->288M(494M) 671.414ms
[5.169s][info][gc,cpu       ] GC(1) User=3.42s Sys=0.36s Real=0.67s
[5.174s][info][gc,start     ] GC(2) Pause Initial Mark
[5.191s][info][gc           ] GC(2) Pause Initial Mark 293M->293M(494M) 16.527ms
[5.191s][info][gc,cpu       ] GC(2) User=0.05s Sys=0.00s Real=0.02s
[5.191s][info][gc           ] GC(2) Concurrent Mark
[5.191s][info][gc,task      ] GC(2) Using 2 workers of 2 for marking
[5.331s][info][gc,start     ] GC(3) Pause Young (Allocation Failure)
[5.331s][info][gc,task      ] GC(3) Using 8 workers of 8 for evacuation
[5.331s][info][gc,start     ] GC(4) Pause Full (Allocation Failure)
[5.492s][info][gc           ] GC(2) Concurrent Mark 300.367ms
[5.492s][info][gc,cpu       ] GC(2) User=0.55s Sys=0.02s Real=0.29s
[5.492s][info][gc,phases,start] GC(4) Phase 1: Mark live objects
[5.668s][info][gc,phases      ] GC(4) Phase 1: Mark live objects 175.513ms
[5.668s][info][gc,phases,start] GC(4) Phase 2: Compute new object addresses
[5.946s][info][gc,phases      ] GC(4) Phase 2: Compute new object addresses 278.268ms
[5.946s][info][gc,phases,start] GC(4) Phase 3: Adjust pointers
[6.040s][info][gc,phases      ] GC(4) Phase 3: Adjust pointers 93.738ms
[6.040s][info][gc,phases,start] GC(4) Phase 4: Move objects
[6.173s][info][gc,phases      ] GC(4) Phase 4: Move objects 133.401ms
[6.178s][info][gc             ] GC(4) Pause Full (Allocation Failure) 424M->117M(494M) 846.978ms
[6.178s][info][gc,heap        ] GC(3) ParNew: 157248K->0K(157248K)
[6.178s][info][gc,heap        ] GC(3) CMS: 277533K->120426K(349568K)
[6.178s][info][gc,metaspace   ] GC(3) Metaspace: 10508K->10508K(27648K)
[6.178s][info][gc             ] GC(3) Pause Young (Allocation Failure) 424M->117M(494M) 847.433ms
[6.178s][info][gc,cpu         ] GC(3) User=0.97s Sys=0.00s Real=0.86s
[6.239s][info][gc,start       ] GC(5) Pause Young (Allocation Failure)
[6.239s][info][gc,task        ] GC(5) Using 8 workers of 8 for evacuation
[6.624s][info][gc,heap        ] GC(5) ParNew: 139776K->17472K(157248K)
[6.624s][info][gc,heap        ] GC(5) CMS: 120426K->277485K(349568K)
[6.624s][info][gc,metaspace   ] GC(5) Metaspace: 10508K->10508K(27648K)
[6.624s][info][gc             ] GC(5) Pause Young (Allocation Failure) 254M->288M(494M) 385.313ms
[6.624s][info][gc,cpu         ] GC(5) User=2.88s Sys=0.05s Real=0.39s
[6.625s][info][gc,start       ] GC(6) Pause Initial Mark
[6.632s][info][gc             ] GC(6) Pause Initial Mark 290M->290M(494M) 7.348ms
[6.632s][info][gc,cpu         ] GC(6) User=0.00s Sys=0.00s Real=0.00s
[6.633s][info][gc             ] GC(6) Concurrent Mark
[6.633s][info][gc,task        ] GC(6) Using 2 workers of 2 for marking
[6.737s][info][gc,start       ] GC(7) Pause Young (Allocation Failure)
[6.737s][info][gc,task        ] GC(7) Using 8 workers of 8 for evacuation
[6.737s][info][gc,start       ] GC(8) Pause Full (Allocation Failure)
[6.900s][info][gc             ] GC(6) Concurrent Mark 267.313ms
[6.900s][info][gc,cpu         ] GC(6) User=0.53s Sys=0.00s Real=0.28s
[6.900s][info][gc,phases,start] GC(8) Phase 1: Mark live objects
[7.067s][info][gc,phases      ] GC(8) Phase 1: Mark live objects 166.793ms
[7.067s][info][gc,phases,start] GC(8) Phase 2: Compute new object addresses
[7.352s][info][gc,phases      ] GC(8) Phase 2: Compute new object addresses 284.114ms
[7.352s][info][gc,phases,start] GC(8) Phase 3: Adjust pointers
[7.442s][info][gc,phases      ] GC(8) Phase 3: Adjust pointers 90.510ms
[7.442s][info][gc,phases,start] GC(8) Phase 4: Move objects
[7.533s][info][gc,phases      ] GC(8) Phase 4: Move objects 90.798ms
[7.536s][info][gc             ] GC(8) Pause Full (Allocation Failure) 424M->110M(494M) 799.393ms
[7.536s][info][gc,heap        ] GC(7) ParNew: 157248K->0K(157248K)
[7.536s][info][gc,heap        ] GC(7) CMS: 277485K->112797K(349568K)
[7.536s][info][gc,metaspace   ] GC(7) Metaspace: 10508K->10508K(27648K)
[7.536s][info][gc             ] GC(7) Pause Young (Allocation Failure) 424M->110M(494M) 799.851ms
[7.536s][info][gc,cpu         ] GC(7) User=0.94s Sys=0.00s Real=0.80s
[7.592s][info][gc,start       ] GC(9) Pause Young (Allocation Failure)
[7.593s][info][gc,task        ] GC(9) Using 8 workers of 8 for evacuation
[8.028s][info][gc,heap        ] GC(9) ParNew: 139776K->17472K(157248K)
[8.028s][info][gc,heap        ] GC(9) CMS: 112797K->269593K(349568K)
[8.028s][info][gc,metaspace   ] GC(9) Metaspace: 10508K->10508K(27648K)
[8.028s][info][gc             ] GC(9) Pause Young (Allocation Failure) 246M->280M(494M) 435.520ms
[8.028s][info][gc,cpu         ] GC(9) User=2.75s Sys=0.20s Real=0.44s
[8.029s][info][gc,start       ] GC(10) Pause Initial Mark
[8.036s][info][gc             ] GC(10) Pause Initial Mark 283M->283M(494M) 7.667ms
[8.036s][info][gc,cpu         ] GC(10) User=0.00s Sys=0.00s Real=0.00s
[8.036s][info][gc             ] GC(10) Concurrent Mark
[8.036s][info][gc,task        ] GC(10) Using 2 workers of 2 for marking
[8.148s][info][gc,start       ] GC(11) Pause Young (Allocation Failure)
[8.148s][info][gc,task        ] GC(11) Using 8 workers of 8 for evacuation
[8.149s][info][gc,start       ] GC(12) Pause Full (Allocation Failure)
[8.275s][info][gc             ] GC(10) Concurrent Mark 238.207ms
[8.275s][info][gc,cpu         ] GC(10) User=0.56s Sys=0.00s Real=0.25s
[8.275s][info][gc,phases,start] GC(12) Phase 1: Mark live objects
[8.415s][info][gc,phases      ] GC(12) Phase 1: Mark live objects 140.088ms
[8.415s][info][gc,phases,start] GC(12) Phase 2: Compute new object addresses
[8.652s][info][gc,phases      ] GC(12) Phase 2: Compute new object addresses 236.503ms
[8.652s][info][gc,phases,start] GC(12) Phase 3: Adjust pointers
[8.715s][info][gc,phases      ] GC(12) Phase 3: Adjust pointers 63.520ms
[8.715s][info][gc,phases,start] GC(12) Phase 4: Move objects
[8.777s][info][gc,phases      ] GC(12) Phase 4: Move objects 61.404ms
[8.780s][info][gc             ] GC(12) Pause Full (Allocation Failure) 416M->92M(494M) 631.024ms
[8.780s][info][gc,heap        ] GC(11) ParNew: 157248K->0K(157248K)
[8.780s][info][gc,heap        ] GC(11) CMS: 269593K->94232K(349568K)
[8.780s][info][gc,metaspace   ] GC(11) Metaspace: 10508K->10508K(27648K)
[8.780s][info][gc             ] GC(11) Pause Young (Allocation Failure) 416M->92M(494M) 631.531ms
[8.780s][info][gc,cpu         ] GC(11) User=0.73s Sys=0.00s Real=0.63s
[8.841s][info][gc,start       ] GC(13) Pause Young (Allocation Failure)
[8.841s][info][gc,task        ] GC(13) Using 8 workers of 8 for evacuation
[9.286s][info][gc,heap        ] GC(13) ParNew: 139776K->17472K(157248K)
[9.286s][info][gc,heap        ] GC(13) CMS: 94232K->250761K(349568K)
[9.286s][info][gc,metaspace   ] GC(13) Metaspace: 10508K->10508K(27648K)
[9.286s][info][gc             ] GC(13) Pause Young (Allocation Failure) 228M->261M(494M) 444.651ms
[9.286s][info][gc,cpu         ] GC(13) User=2.81s Sys=0.20s Real=0.44s
[9.286s][info][gc,start       ] GC(14) Pause Initial Mark
[9.293s][info][gc             ] GC(14) Pause Initial Mark 264M->264M(494M) 6.510ms
[9.293s][info][gc,cpu         ] GC(14) User=0.00s Sys=0.00s Real=0.00s
[9.293s][info][gc             ] GC(14) Concurrent Mark
[9.293s][info][gc,task        ] GC(14) Using 2 workers of 2 for marking
[9.391s][info][gc,start       ] GC(15) Pause Young (Allocation Failure)
[9.391s][info][gc,task        ] GC(15) Using 8 workers of 8 for evacuation
[9.391s][info][gc,start       ] GC(16) Pause Full (Allocation Failure)
[9.475s][info][gc             ] GC(14) Concurrent Mark 182.051ms
[9.475s][info][gc,cpu         ] GC(14) User=0.42s Sys=0.00s Real=0.19s
[9.476s][info][gc,phases,start] GC(16) Phase 1: Mark live objects
[9.574s][info][gc,phases      ] GC(16) Phase 1: Mark live objects 98.177ms
[9.574s][info][gc,phases,start] GC(16) Phase 2: Compute new object addresses
[9.768s][info][gc,phases      ] GC(16) Phase 2: Compute new object addresses 194.058ms
[9.768s][info][gc,phases,start] GC(16) Phase 3: Adjust pointers
[9.814s][info][gc,phases      ] GC(16) Phase 3: Adjust pointers 45.719ms
[9.814s][info][gc,phases,start] GC(16) Phase 4: Move objects
[9.867s][info][gc,phases      ] GC(16) Phase 4: Move objects 53.398ms
[9.870s][info][gc             ] GC(16) Pause Full (Allocation Failure) 398M->63M(494M) 479.244ms
[9.870s][info][gc,heap        ] GC(15) ParNew: 157248K->0K(157248K)
[9.870s][info][gc,heap        ] GC(15) CMS: 250761K->64728K(349568K)
[9.870s][info][gc,metaspace   ] GC(15) Metaspace: 10508K->10508K(27648K)
[9.871s][info][gc             ] GC(15) Pause Young (Allocation Failure) 398M->63M(494M) 479.785ms
[9.871s][info][gc,cpu         ] GC(15) User=0.52s Sys=0.00s Real=0.47s
[9.934s][info][gc,start       ] GC(17) Pause Young (Allocation Failure)
[9.934s][info][gc,task        ] GC(17) Using 8 workers of 8 for evacuation
[10.349s][info][gc,heap        ] GC(17) ParNew: 139776K->17470K(157248K)
[10.349s][info][gc,heap        ] GC(17) CMS: 64728K->220992K(349568K)
[10.349s][info][gc,metaspace   ] GC(17) Metaspace: 10508K->10508K(27648K)
[10.349s][info][gc             ] GC(17) Pause Young (Allocation Failure) 199M->232M(494M) 414.889ms
[10.349s][info][gc,cpu         ] GC(17) User=2.70s Sys=0.09s Real=0.42s
[10.350s][info][gc,start       ] GC(18) Pause Initial Mark
[10.361s][info][gc             ] GC(18) Pause Initial Mark 235M->235M(494M) 11.505ms
[10.361s][info][gc,cpu         ] GC(18) User=0.11s Sys=0.00s Real=0.02s
[10.362s][info][gc             ] GC(18) Concurrent Mark
[10.362s][info][gc,task        ] GC(18) Using 2 workers of 2 for marking
[10.430s][info][gc,start       ] GC(19) Pause Young (Allocation Failure)
[10.430s][info][gc,task        ] GC(19) Using 8 workers of 8 for evacuation
[10.430s][info][gc,start       ] GC(20) Pause Full (Allocation Failure)
[10.461s][info][gc             ] GC(18) Concurrent Mark 99.699ms
[10.462s][info][gc,cpu         ] GC(18) User=0.27s Sys=0.00s Real=0.11s
[10.462s][info][gc,phases,start] GC(20) Phase 1: Mark live objects
[10.476s][info][gc,phases      ] GC(20) Phase 1: Mark live objects 13.256ms
[10.476s][info][gc,phases,start] GC(20) Phase 2: Compute new object addresses
[10.667s][info][gc,phases      ] GC(20) Phase 2: Compute new object addresses 191.129ms
[10.667s][info][gc,phases,start] GC(20) Phase 3: Adjust pointers
[10.671s][info][gc,phases      ] GC(20) Phase 3: Adjust pointers 4.386ms
[10.672s][info][gc,phases,start] GC(20) Phase 4: Move objects
[10.672s][info][gc,phases      ] GC(20) Phase 4: Move objects 0.236ms
[10.674s][info][gc             ] GC(20) Pause Full (Allocation Failure) 350M->1M(494M) 244.152ms
[10.674s][info][gc,heap        ] GC(19) ParNew: 137573K->0K(157248K)
[10.674s][info][gc,heap        ] GC(19) CMS: 220992K->1865K(349568K)
[10.674s][info][gc,metaspace   ] GC(19) Metaspace: 10508K->10508K(27648K)
[10.674s][info][gc             ] GC(19) Pause Young (Allocation Failure) 350M->1M(494M) 244.648ms
[10.674s][info][gc,cpu         ] GC(19) User=0.25s Sys=0.00s Real=0.25s
[10.741s][info][gc,start       ] GC(21) Pause Young (Allocation Failure)
[10.741s][info][gc,task        ] GC(21) Using 8 workers of 8 for evacuation
[11.173s][info][gc,heap        ] GC(21) ParNew: 139776K->17470K(157248K)
[11.173s][info][gc,heap        ] GC(21) CMS: 1865K->157993K(349568K)
[11.173s][info][gc,metaspace   ] GC(21) Metaspace: 10508K->10508K(27648K)
[11.173s][info][gc             ] GC(21) Pause Young (Allocation Failure) 138M->171M(494M) 432.551ms
[11.174s][info][gc,cpu         ] GC(21) User=3.22s Sys=0.03s Real=0.44s
[11.252s][info][gc,start       ] GC(22) Pause Young (Allocation Failure)
[11.253s][info][gc,task        ] GC(22) Using 8 workers of 8 for evacuation
[11.785s][info][gc,heap        ] GC(22) ParNew: 157246K->17472K(157248K)
[11.785s][info][gc,heap        ] GC(22) CMS: 157993K->304188K(349568K)
[11.785s][info][gc,metaspace   ] GC(22) Metaspace: 10508K->10508K(27648K)
[11.785s][info][gc             ] GC(22) Pause Young (Allocation Failure) 307M->314M(494M) 532.852ms
[11.785s][info][gc,cpu         ] GC(22) User=3.34s Sys=0.25s Real=0.53s
[11.786s][info][gc,start       ] GC(23) Pause Initial Mark
[11.795s][info][gc             ] GC(23) Pause Initial Mark 316M->316M(494M) 8.465ms
[11.795s][info][gc,cpu         ] GC(23) User=0.02s Sys=0.00s Real=0.02s
[11.795s][info][gc             ] GC(23) Concurrent Mark
[11.795s][info][gc,task        ] GC(23) Using 2 workers of 2 for marking
[11.897s][info][gc,start       ] GC(24) Pause Young (Allocation Failure)
[11.897s][info][gc,task        ] GC(24) Using 8 workers of 8 for evacuation
[11.898s][info][gc,start       ] GC(25) Pause Full (Allocation Failure)
[12.048s][info][gc             ] GC(23) Concurrent Mark 252.628ms
[12.048s][info][gc,cpu         ] GC(23) User=0.47s Sys=0.00s Real=0.24s
[12.048s][info][gc,phases,start] GC(25) Phase 1: Mark live objects
[12.173s][info][gc,phases      ] GC(25) Phase 1: Mark live objects 124.383ms
[12.173s][info][gc,phases,start] GC(25) Phase 2: Compute new object addresses
[12.425s][info][gc,phases      ] GC(25) Phase 2: Compute new object addresses 252.087ms
[12.425s][info][gc,phases,start] GC(25) Phase 3: Adjust pointers
[12.507s][info][gc,phases      ] GC(25) Phase 3: Adjust pointers 81.938ms
[12.507s][info][gc,phases,start] GC(25) Phase 4: Move objects
[12.582s][info][gc,phases      ] GC(25) Phase 4: Move objects 74.932ms
[12.585s][info][gc             ] GC(25) Pause Full (Allocation Failure) 450M->88M(494M) 687.547ms
[12.585s][info][gc,heap        ] GC(24) ParNew: 157248K->0K(157248K)
[12.585s][info][gc,heap        ] GC(24) CMS: 304188K->90228K(349568K)
[12.585s][info][gc,metaspace   ] GC(24) Metaspace: 10508K->10508K(27648K)
[12.585s][info][gc             ] GC(24) Pause Young (Allocation Failure) 450M->88M(494M) 688.049ms
[12.585s][info][gc,cpu         ] GC(24) User=0.77s Sys=0.02s Real=0.68s
[12.657s][info][gc,start       ] GC(26) Pause Young (Allocation Failure)
[12.657s][info][gc,task        ] GC(26) Using 8 workers of 8 for evacuation
[13.113s][info][gc,heap        ] GC(26) ParNew: 139776K->17471K(157248K)
[13.114s][info][gc,heap        ] GC(26) CMS: 90228K->245957K(349568K)
[13.114s][info][gc,metaspace   ] GC(26) Metaspace: 10508K->10508K(27648K)
[13.114s][info][gc             ] GC(26) Pause Young (Allocation Failure) 224M->257M(494M) 456.595ms
[13.114s][info][gc,cpu         ] GC(26) User=2.77s Sys=0.33s Real=0.46s
[13.114s][info][gc,start       ] GC(27) Pause Initial Mark
[13.120s][info][gc             ] GC(27) Pause Initial Mark 259M->259M(494M) 5.995ms
[13.120s][info][gc,cpu         ] GC(27) User=0.00s Sys=0.00s Real=0.00s
[13.121s][info][gc             ] GC(27) Concurrent Mark
[13.121s][info][gc,task        ] GC(27) Using 2 workers of 2 for marking
[13.221s][info][gc,start       ] GC(28) Pause Young (Allocation Failure)
[13.221s][info][gc,task        ] GC(28) Using 8 workers of 8 for evacuation
[13.221s][info][gc,start       ] GC(29) Pause Full (Allocation Failure)
[13.268s][info][gc             ] GC(27) Concurrent Mark 146.966ms
[13.268s][info][gc,cpu         ] GC(27) User=0.27s Sys=0.02s Real=0.14s
[13.268s][info][gc,phases,start] GC(29) Phase 1: Mark live objects
[13.307s][info][gc,phases      ] GC(29) Phase 1: Mark live objects 38.568ms
[13.307s][info][gc,phases,start] GC(29) Phase 2: Compute new object addresses
[13.489s][info][gc,phases      ] GC(29) Phase 2: Compute new object addresses 181.622ms
[13.489s][info][gc,phases,start] GC(29) Phase 3: Adjust pointers
[13.502s][info][gc,phases      ] GC(29) Phase 3: Adjust pointers 13.139ms
[13.502s][info][gc,phases,start] GC(29) Phase 4: Move objects
[13.515s][info][gc,phases      ] GC(29) Phase 4: Move objects 13.165ms
[13.518s][info][gc             ] GC(29) Pause Full (Allocation Failure) 393M->27M(494M) 297.241ms
[13.518s][info][gc,heap        ] GC(28) ParNew: 157247K->0K(157248K)
[13.518s][info][gc,heap        ] GC(28) CMS: 245957K->27914K(349568K)
[13.518s][info][gc,metaspace   ] GC(28) Metaspace: 10508K->10508K(27648K)
[13.519s][info][gc             ] GC(28) Pause Young (Allocation Failure) 393M->27M(494M) 297.862ms
[13.519s][info][gc,cpu         ] GC(28) User=0.30s Sys=0.00s Real=0.31s
[13.592s][info][gc,start       ] GC(30) Pause Young (Allocation Failure)
[13.592s][info][gc,task        ] GC(30) Using 8 workers of 8 for evacuation
[14.064s][info][gc,heap        ] GC(30) ParNew: 139776K->17471K(157248K)
[14.064s][info][gc,heap        ] GC(30) CMS: 27914K->192060K(349568K)
[14.064s][info][gc,metaspace   ] GC(30) Metaspace: 10508K->10508K(27648K)
[14.064s][info][gc             ] GC(30) Pause Young (Allocation Failure) 163M->204M(494M) 472.597ms
[14.064s][info][gc,cpu         ] GC(30) User=3.23s Sys=0.09s Real=0.47s
[14.065s][info][gc,start       ] GC(31) Pause Initial Mark
[14.071s][info][gc             ] GC(31) Pause Initial Mark 207M->207M(494M) 6.090ms
[14.071s][info][gc,cpu         ] GC(31) User=0.00s Sys=0.02s Real=0.02s
[14.071s][info][gc             ] GC(31) Concurrent Mark
[14.071s][info][gc,task        ] GC(31) Using 2 workers of 2 for marking
[14.157s][info][gc,start       ] GC(32) Pause Young (Allocation Failure)
[14.157s][info][gc,task        ] GC(32) Using 8 workers of 8 for evacuation
[14.608s][info][gc,heap        ] GC(32) ParNew: 157247K->17470K(157248K)
[14.608s][info][gc,heap        ] GC(32) CMS: 192060K->332087K(349568K)
[14.608s][info][gc,metaspace   ] GC(32) Metaspace: 10508K->10508K(27648K)
[14.608s][info][gc             ] GC(32) Pause Young (Allocation Failure) 341M->341M(494M) 450.886ms
[14.608s][info][gc,cpu         ] GC(32) User=3.00s Sys=0.19s Real=0.46s
[14.672s][info][gc,start       ] GC(33) Pause Young (Allocation Failure)
[14.672s][info][gc,task        ] GC(33) Using 8 workers of 8 for evacuation
[14.672s][info][gc,start       ] GC(34) Pause Full (Allocation Failure)
[15.394s][info][gc             ] GC(31) Concurrent Mark 1322.854ms
[15.394s][info][gc,cpu         ] GC(31) User=4.67s Sys=0.23s Real=1.32s
[15.395s][info][gc,phases,start] GC(34) Phase 1: Mark live objects
[15.515s][info][gc,phases      ] GC(34) Phase 1: Mark live objects 119.957ms
[15.515s][info][gc,phases,start] GC(34) Phase 2: Compute new object addresses
[15.760s][info][gc,phases      ] GC(34) Phase 2: Compute new object addresses 244.916ms
[15.760s][info][gc,phases,start] GC(34) Phase 3: Adjust pointers
[15.833s][info][gc,phases      ] GC(34) Phase 3: Adjust pointers 72.686ms
[15.833s][info][gc,phases,start] GC(34) Phase 4: Move objects
[15.893s][info][gc,phases      ] GC(34) Phase 4: Move objects 60.764ms
[15.896s][info][gc             ] GC(34) Pause Full (Allocation Failure) 477M->92M(494M) 1223.958ms
[15.896s][info][gc,heap        ] GC(33) ParNew: 157246K->0K(157248K)
[15.896s][info][gc,heap        ] GC(33) CMS: 332087K->94397K(349568K)
[15.896s][info][gc,metaspace   ] GC(33) Metaspace: 10508K->10508K(27648K)
[15.896s][info][gc             ] GC(33) Pause Young (Allocation Failure) 477M->92M(494M) 1224.424ms
[15.896s][info][gc,cpu         ] GC(33) User=1.78s Sys=0.03s Real=1.22s
[15.954s][info][gc,start       ] GC(35) Pause Young (Allocation Failure)
[15.954s][info][gc,task        ] GC(35) Using 8 workers of 8 for evacuation
[16.382s][info][gc,heap        ] GC(35) ParNew: 139776K->17470K(157248K)
[16.382s][info][gc,heap        ] GC(35) CMS: 94397K->249591K(349568K)
[16.382s][info][gc,metaspace   ] GC(35) Metaspace: 10508K->10508K(27648K)
[16.382s][info][gc             ] GC(35) Pause Young (Allocation Failure) 228M->260M(494M) 428.026ms
[16.382s][info][gc,cpu         ] GC(35) User=3.02s Sys=0.22s Real=0.43s
[16.382s][info][gc,start       ] GC(36) Pause Initial Mark
[16.388s][info][gc             ] GC(36) Pause Initial Mark 263M->263M(494M) 5.960ms
[16.388s][info][gc,cpu         ] GC(36) User=0.00s Sys=0.00s Real=0.01s
[16.389s][info][gc             ] GC(36) Concurrent Mark
[16.389s][info][gc,task        ] GC(36) Using 2 workers of 2 for marking
[16.468s][info][gc,start       ] GC(37) Pause Young (Allocation Failure)
[16.468s][info][gc,task        ] GC(37) Using 8 workers of 8 for evacuation
[16.468s][info][gc,start       ] GC(38) Pause Full (Allocation Failure)
[16.504s][info][gc             ] GC(36) Concurrent Mark 115.042ms
[16.504s][info][gc,cpu         ] GC(36) User=0.27s Sys=0.00s Real=0.11s
[16.504s][info][gc,phases,start] GC(38) Phase 1: Mark live objects
[16.514s][info][gc,phases      ] GC(38) Phase 1: Mark live objects 10.210ms
[16.514s][info][gc,phases,start] GC(38) Phase 2: Compute new object addresses
[16.701s][info][gc,phases      ] GC(38) Phase 2: Compute new object addresses 186.430ms
[16.701s][info][gc,phases,start] GC(38) Phase 3: Adjust pointers
[16.705s][info][gc,phases      ] GC(38) Phase 3: Adjust pointers 3.983ms
[16.705s][info][gc,phases,start] GC(38) Phase 4: Move objects
[16.705s][info][gc,phases      ] GC(38) Phase 4: Move objects 0.198ms
[16.707s][info][gc             ] GC(38) Pause Full (Allocation Failure) 391M->1M(494M) 238.685ms
[16.707s][info][gc,heap        ] GC(37) ParNew: 151599K->0K(157248K)
[16.707s][info][gc,heap        ] GC(37) CMS: 249591K->1865K(349568K)
[16.707s][info][gc,metaspace   ] GC(37) Metaspace: 10508K->10508K(27648K)
[16.707s][info][gc             ] GC(37) Pause Young (Allocation Failure) 391M->1M(494M) 239.219ms
[16.707s][info][gc,cpu         ] GC(37) User=0.23s Sys=0.00s Real=0.23s
[16.783s][info][gc,start       ] GC(39) Pause Young (Allocation Failure)
[16.783s][info][gc,task        ] GC(39) Using 8 workers of 8 for evacuation
[17.250s][info][gc,heap        ] GC(39) ParNew: 139776K->17470K(157248K)
[17.251s][info][gc,heap        ] GC(39) CMS: 1865K->156925K(349568K)
[17.251s][info][gc,metaspace   ] GC(39) Metaspace: 10508K->10508K(27648K)
[17.251s][info][gc             ] GC(39) Pause Young (Allocation Failure) 138M->170M(494M) 467.426ms
[17.251s][info][gc,cpu         ] GC(39) User=3.09s Sys=0.13s Real=0.46s
[17.338s][info][gc,start       ] GC(40) Pause Young (Allocation Failure)
[17.338s][info][gc,task        ] GC(40) Using 8 workers of 8 for evacuation
[17.827s][info][gc,heap        ] GC(40) ParNew: 157246K->17470K(157248K)
[17.827s][info][gc,heap        ] GC(40) CMS: 156925K->302518K(349568K)
[17.828s][info][gc,metaspace   ] GC(40) Metaspace: 10508K->10508K(27648K)
[17.828s][info][gc             ] GC(40) Pause Young (Allocation Failure) 306M->312M(494M) 489.454ms
[17.828s][info][gc,cpu         ] GC(40) User=3.59s Sys=0.06s Real=0.50s
[17.828s][info][gc,start       ] GC(41) Pause Initial Mark
[17.845s][info][gc             ] GC(41) Pause Initial Mark 315M->315M(494M) 16.419ms
[17.845s][info][gc,cpu         ] GC(41) User=0.00s Sys=0.00s Real=0.01s
[17.845s][info][gc             ] GC(41) Concurrent Mark
[17.845s][info][gc,task        ] GC(41) Using 2 workers of 2 for marking
[17.940s][info][gc,start       ] GC(42) Pause Young (Allocation Failure)
[17.940s][info][gc,task        ] GC(42) Using 8 workers of 8 for evacuation
[17.941s][info][gc,start       ] GC(43) Pause Full (Allocation Failure)
[18.045s][info][gc             ] GC(41) Concurrent Mark 199.610ms
[18.045s][info][gc,cpu         ] GC(41) User=0.41s Sys=0.02s Real=0.20s
[18.045s][info][gc,phases,start] GC(43) Phase 1: Mark live objects
[18.110s][info][gc,phases      ] GC(43) Phase 1: Mark live objects 64.778ms
[18.110s][info][gc,phases,start] GC(43) Phase 2: Compute new object addresses
[18.345s][info][gc,phases      ] GC(43) Phase 2: Compute new object addresses 235.134ms
[18.345s][info][gc,phases,start] GC(43) Phase 3: Adjust pointers
[18.375s][info][gc,phases      ] GC(43) Phase 3: Adjust pointers 29.832ms
[18.375s][info][gc,phases,start] GC(43) Phase 4: Move objects
[18.403s][info][gc,phases      ] GC(43) Phase 4: Move objects 27.997ms
[18.406s][info][gc             ] GC(43) Pause Full (Allocation Failure) 448M->45M(494M) 465.214ms
[18.406s][info][gc,heap        ] GC(42) ParNew: 157246K->0K(157248K)
[18.406s][info][gc,heap        ] GC(42) CMS: 302518K->46481K(349568K)
[18.406s][info][gc,metaspace   ] GC(42) Metaspace: 10508K->10508K(27648K)
[18.406s][info][gc             ] GC(42) Pause Young (Allocation Failure) 448M->45M(494M) 465.996ms
[18.406s][info][gc,cpu         ] GC(42) User=0.52s Sys=0.02s Real=0.47s
[18.462s][info][gc,start       ] GC(44) Pause Young (Allocation Failure)
[18.462s][info][gc,task        ] GC(44) Using 8 workers of 8 for evacuation
[18.964s][info][gc,heap        ] GC(44) ParNew: 139776K->17470K(157248K)
[18.964s][info][gc,heap        ] GC(44) CMS: 46481K->210629K(349568K)
[18.964s][info][gc,metaspace   ] GC(44) Metaspace: 10508K->10508K(27648K)
[18.964s][info][gc             ] GC(44) Pause Young (Allocation Failure) 181M->222M(494M) 502.229ms
[18.965s][info][gc,cpu         ] GC(44) User=3.38s Sys=0.22s Real=0.50s
[18.965s][info][gc,start       ] GC(45) Pause Initial Mark
[18.972s][info][gc             ] GC(45) Pause Initial Mark 225M->225M(494M) 7.031ms
[18.972s][info][gc,cpu         ] GC(45) User=0.00s Sys=0.00s Real=0.00s
[18.973s][info][gc             ] GC(45) Concurrent Mark
[18.973s][info][gc,task        ] GC(45) Using 2 workers of 2 for marking
[19.065s][info][gc,start       ] GC(46) Pause Young (Allocation Failure)
[19.065s][info][gc,task        ] GC(46) Using 8 workers of 8 for evacuation
[19.065s][info][gc,start       ] GC(47) Pause Full (Allocation Failure)
[20.051s][info][gc             ] GC(45) Concurrent Mark 1078.283ms
[20.051s][info][gc,cpu         ] GC(45) User=1.84s Sys=0.16s Real=1.08s
[20.051s][info][gc,phases,start] GC(47) Phase 1: Mark live objects
[20.277s][info][gc,phases      ] GC(47) Phase 1: Mark live objects 225.360ms
[20.277s][info][gc,phases,start] GC(47) Phase 2: Compute new object addresses
[20.515s][info][gc,phases      ] GC(47) Phase 2: Compute new object addresses 238.050ms
[20.515s][info][gc,phases,start] GC(47) Phase 3: Adjust pointers
[20.614s][info][gc,phases      ] GC(47) Phase 3: Adjust pointers 98.521ms
[20.614s][info][gc,phases,start] GC(47) Phase 4: Move objects
[20.711s][info][gc,phases      ] GC(47) Phase 4: Move objects 97.560ms
[20.716s][info][gc             ] GC(47) Pause Full (Allocation Failure) 359M->131M(494M) 1650.172ms
[20.716s][info][gc,heap        ] GC(46) ParNew: 157246K->0K(157248K)
[20.716s][info][gc,heap        ] GC(46) CMS: 210629K->134552K(349568K)
[20.716s][info][gc,metaspace   ] GC(46) Metaspace: 10508K->10508K(27648K)
[20.716s][info][gc             ] GC(46) Pause Young (Allocation Failure) 359M->131M(494M) 1650.641ms
[20.716s][info][gc,cpu         ] GC(46) User=2.25s Sys=0.16s Real=1.66s
[20.766s][info][gc,start       ] GC(48) Pause Young (Allocation Failure)
[20.766s][info][gc,task        ] GC(48) Using 8 workers of 8 for evacuation
[21.183s][info][gc,heap        ] GC(48) ParNew: 139776K->17470K(157248K)
[21.183s][info][gc,heap        ] GC(48) CMS: 134552K->289078K(349568K)
[21.183s][info][gc,metaspace   ] GC(48) Metaspace: 10508K->10508K(27648K)
[21.183s][info][gc             ] GC(48) Pause Young (Allocation Failure) 267M->299M(494M) 417.777ms
[21.183s][info][gc,cpu         ] GC(48) User=2.77s Sys=0.31s Real=0.43s
[21.184s][info][gc,start       ] GC(49) Pause Initial Mark
[21.189s][info][gc             ] GC(49) Pause Initial Mark 302M->302M(494M) 5.397ms
[21.189s][info][gc,cpu         ] GC(49) User=0.00s Sys=0.02s Real=0.01s
[21.190s][info][gc             ] GC(49) Concurrent Mark
[21.190s][info][gc,task        ] GC(49) Using 2 workers of 2 for marking
[21.275s][info][gc,start       ] GC(50) Pause Young (Allocation Failure)
[21.276s][info][gc,task        ] GC(50) Using 8 workers of 8 for evacuation
[21.276s][info][gc,start       ] GC(51) Pause Full (Allocation Failure)
[21.357s][info][gc             ] GC(49) Concurrent Mark 167.794ms
[21.358s][info][gc,cpu         ] GC(49) User=0.30s Sys=0.00s Real=0.16s
[21.358s][info][gc,phases,start] GC(51) Phase 1: Mark live objects
[21.368s][info][gc,phases      ] GC(51) Phase 1: Mark live objects 9.874ms
[21.368s][info][gc,phases,start] GC(51) Phase 2: Compute new object addresses
[21.543s][info][gc,phases      ] GC(51) Phase 2: Compute new object addresses 175.634ms
[21.544s][info][gc,phases,start] GC(51) Phase 3: Adjust pointers
[21.548s][info][gc,phases      ] GC(51) Phase 3: Adjust pointers 4.467ms
[21.548s][info][gc,phases,start] GC(51) Phase 4: Move objects
[21.548s][info][gc,phases      ] GC(51) Phase 4: Move objects 0.244ms
[21.550s][info][gc             ] GC(51) Pause Full (Allocation Failure) 418M->1M(494M) 274.489ms
[21.550s][info][gc,heap        ] GC(50) ParNew: 138980K->0K(157248K)
[21.550s][info][gc,heap        ] GC(50) CMS: 289078K->1865K(349568K)
[21.550s][info][gc,metaspace   ] GC(50) Metaspace: 10508K->10508K(27648K)
[21.550s][info][gc             ] GC(50) Pause Young (Allocation Failure) 418M->1M(494M) 275.011ms
[21.551s][info][gc,cpu         ] GC(50) User=0.31s Sys=0.00s Real=0.27s
[21.604s][info][gc,start       ] GC(52) Pause Young (Allocation Failure)
[21.604s][info][gc,task        ] GC(52) Using 8 workers of 8 for evacuation
[22.013s][info][gc,heap        ] GC(52) ParNew: 139776K->17472K(157248K)
[22.013s][info][gc,heap        ] GC(52) CMS: 1865K->156257K(349568K)
[22.013s][info][gc,metaspace   ] GC(52) Metaspace: 10508K->10508K(27648K)
[22.013s][info][gc             ] GC(52) Pause Young (Allocation Failure) 138M->169M(494M) 408.828ms
[22.013s][info][gc,cpu         ] GC(52) User=2.92s Sys=0.13s Real=0.41s
[22.067s][info][gc,start       ] GC(53) Pause Young (Allocation Failure)
[22.067s][info][gc,task        ] GC(53) Using 8 workers of 8 for evacuation
[22.474s][info][gc,heap        ] GC(53) ParNew: 157248K->17471K(157248K)
[22.474s][info][gc,heap        ] GC(53) CMS: 156257K->302233K(349568K)
[22.474s][info][gc,metaspace   ] GC(53) Metaspace: 10508K->10508K(27648K)
[22.474s][info][gc             ] GC(53) Pause Young (Allocation Failure) 306M->312M(494M) 407.219ms
[22.474s][info][gc,cpu         ] GC(53) User=2.47s Sys=0.06s Real=0.41s
[22.475s][info][gc,start       ] GC(54) Pause Initial Mark
[22.483s][info][gc             ] GC(54) Pause Initial Mark 314M->314M(494M) 8.331ms
[22.483s][info][gc,cpu         ] GC(54) User=0.09s Sys=0.00s Real=0.01s
[22.483s][info][gc             ] GC(54) Concurrent Mark
[22.483s][info][gc,task        ] GC(54) Using 2 workers of 2 for marking
[22.575s][info][gc,start       ] GC(55) Pause Young (Allocation Failure)
[22.575s][info][gc,task        ] GC(55) Using 8 workers of 8 for evacuation
[22.575s][info][gc,start       ] GC(56) Pause Full (Allocation Failure)
[22.672s][info][gc             ] GC(54) Concurrent Mark 188.887ms
[22.672s][info][gc,cpu         ] GC(54) User=0.38s Sys=0.00s Real=0.19s
[22.673s][info][gc,phases,start] GC(56) Phase 1: Mark live objects
[22.683s][info][gc,phases      ] GC(56) Phase 1: Mark live objects 10.177ms
[22.683s][info][gc,phases,start] GC(56) Phase 2: Compute new object addresses
[22.930s][info][gc,phases      ] GC(56) Phase 2: Compute new object addresses 247.127ms
[22.930s][info][gc,phases,start] GC(56) Phase 3: Adjust pointers
[22.937s][info][gc,phases      ] GC(56) Phase 3: Adjust pointers 6.766ms
[22.937s][info][gc,phases,start] GC(56) Phase 4: Move objects
[22.937s][info][gc,phases      ] GC(56) Phase 4: Move objects 0.264ms
[22.940s][info][gc             ] GC(56) Pause Full (Allocation Failure) 434M->1M(494M) 364.602ms
[22.940s][info][gc,heap        ] GC(55) ParNew: 142585K->0K(157248K)
[22.940s][info][gc,heap        ] GC(55) CMS: 302233K->1865K(349568K)
[22.940s][info][gc,metaspace   ] GC(55) Metaspace: 10508K->10508K(27648K)
[22.940s][info][gc             ] GC(55) Pause Young (Allocation Failure) 434M->1M(494M) 365.355ms
[22.940s][info][gc,cpu         ] GC(55) User=0.44s Sys=0.00s Real=0.36s
[23.000s][info][gc,start       ] GC(57) Pause Young (Allocation Failure)
[23.000s][info][gc,task        ] GC(57) Using 8 workers of 8 for evacuation
[23.480s][info][gc,heap        ] GC(57) ParNew: 139776K->17471K(157248K)
[23.480s][info][gc,heap        ] GC(57) CMS: 1865K->155989K(349568K)
[23.480s][info][gc,metaspace   ] GC(57) Metaspace: 10508K->10508K(27648K)
[23.480s][info][gc             ] GC(57) Pause Young (Allocation Failure) 138M->169M(494M) 480.713ms
[23.480s][info][gc,cpu         ] GC(57) User=3.08s Sys=0.22s Real=0.48s
[23.556s][info][gc,start       ] GC(58) Pause Young (Allocation Failure)
[23.556s][info][gc,task        ] GC(58) Using 8 workers of 8 for evacuation
[24.032s][info][gc,heap        ] GC(58) ParNew: 157247K->17470K(157248K)
[24.032s][info][gc,heap        ] GC(58) CMS: 155989K->301837K(349568K)
[24.032s][info][gc,metaspace   ] GC(58) Metaspace: 10508K->10508K(27648K)
[24.032s][info][gc             ] GC(58) Pause Young (Allocation Failure) 305M->311M(494M) 476.171ms
[24.032s][info][gc,cpu         ] GC(58) User=3.34s Sys=0.17s Real=0.47s
[24.033s][info][gc,start       ] GC(59) Pause Initial Mark
[24.044s][info][gc             ] GC(59) Pause Initial Mark 314M->314M(494M) 10.917ms
[24.044s][info][gc,cpu         ] GC(59) User=0.00s Sys=0.00s Real=0.01s
[24.044s][info][gc             ] GC(59) Concurrent Mark
[24.044s][info][gc,task        ] GC(59) Using 2 workers of 2 for marking
[24.145s][info][gc,start       ] GC(60) Pause Young (Allocation Failure)
[24.146s][info][gc,task        ] GC(60) Using 8 workers of 8 for evacuation
[24.146s][info][gc,start       ] GC(61) Pause Full (Allocation Failure)
[24.191s][info][gc             ] GC(59) Concurrent Mark 146.985ms
[24.191s][info][gc,cpu         ] GC(59) User=0.38s Sys=0.00s Real=0.15s
[24.191s][info][gc,phases,start] GC(61) Phase 1: Mark live objects
[24.206s][info][gc,phases      ] GC(61) Phase 1: Mark live objects 14.940ms
[24.206s][info][gc,phases,start] GC(61) Phase 2: Compute new object addresses
[24.457s][info][gc,phases      ] GC(61) Phase 2: Compute new object addresses 250.526ms
[24.457s][info][gc,phases,start] GC(61) Phase 3: Adjust pointers
[24.461s][info][gc,phases      ] GC(61) Phase 3: Adjust pointers 4.356ms
[24.461s][info][gc,phases,start] GC(61) Phase 4: Move objects
[24.462s][info][gc,phases      ] GC(61) Phase 4: Move objects 0.247ms
[24.465s][info][gc             ] GC(61) Pause Full (Allocation Failure) 442M->1M(494M) 318.839ms
[24.465s][info][gc,heap        ] GC(60) ParNew: 150998K->0K(157248K)
[24.465s][info][gc,heap        ] GC(60) CMS: 301837K->1865K(349568K)
[24.465s][info][gc,metaspace   ] GC(60) Metaspace: 10508K->10508K(27648K)
[24.465s][info][gc             ] GC(60) Pause Young (Allocation Failure) 442M->1M(494M) 319.386ms
[24.465s][info][gc,cpu         ] GC(60) User=0.33s Sys=0.00s Real=0.32s
[24.529s][info][gc,start       ] GC(62) Pause Young (Allocation Failure)
[24.529s][info][gc,task        ] GC(62) Using 8 workers of 8 for evacuation
[24.878s][info][gc,heap        ] GC(62) ParNew: 139776K->17470K(157248K)
[24.878s][info][gc,heap        ] GC(62) CMS: 1865K->155724K(349568K)
[24.878s][info][gc,metaspace   ] GC(62) Metaspace: 10508K->10508K(27648K)
[24.878s][info][gc             ] GC(62) Pause Young (Allocation Failure) 138M->169M(494M) 348.909ms
[24.878s][info][gc,cpu         ] GC(62) User=2.69s Sys=0.00s Real=0.34s
[24.935s][info][gc,start       ] GC(63) Pause Young (Allocation Failure)
[24.936s][info][gc,task        ] GC(63) Using 8 workers of 8 for evacuation
[25.364s][info][gc,heap        ] GC(63) ParNew: 157246K->17470K(157248K)
[25.364s][info][gc,heap        ] GC(63) CMS: 155724K->301704K(349568K)
[25.364s][info][gc,metaspace   ] GC(63) Metaspace: 10508K->10508K(27648K)
[25.364s][info][gc             ] GC(63) Pause Young (Allocation Failure) 305M->311M(494M) 428.361ms
[25.364s][info][gc,cpu         ] GC(63) User=2.81s Sys=0.23s Real=0.43s
[25.365s][info][gc,start       ] GC(64) Pause Initial Mark
[25.392s][info][gc             ] GC(64) Pause Initial Mark 314M->314M(494M) 27.315ms
[25.392s][info][gc,cpu         ] GC(64) User=0.02s Sys=0.00s Real=0.02s
[25.392s][info][gc             ] GC(64) Concurrent Mark
[25.392s][info][gc,task        ] GC(64) Using 2 workers of 2 for marking
[25.464s][info][gc,start       ] GC(65) Pause Young (Allocation Failure)
[25.464s][info][gc,task        ] GC(65) Using 8 workers of 8 for evacuation
[25.464s][info][gc,start       ] GC(66) Pause Full (Allocation Failure)
[25.511s][info][gc             ] GC(64) Concurrent Mark 118.372ms
[25.511s][info][gc,cpu         ] GC(64) User=0.25s Sys=0.00s Real=0.11s
[25.511s][info][gc,phases,start] GC(66) Phase 1: Mark live objects
[25.775s][info][gc,phases      ] GC(66) Phase 1: Mark live objects 263.881ms
[25.775s][info][gc,phases,start] GC(66) Phase 2: Compute new object addresses
[26.054s][info][gc,phases      ] GC(66) Phase 2: Compute new object addresses 278.579ms
[26.054s][info][gc,phases,start] GC(66) Phase 3: Adjust pointers
[26.218s][info][gc,phases      ] GC(66) Phase 3: Adjust pointers 164.153ms
[26.218s][info][gc,phases,start] GC(66) Phase 4: Move objects
[26.375s][info][gc,phases      ] GC(66) Phase 4: Move objects 156.731ms
[26.378s][info][gc             ] GC(66) Pause Full (Allocation Failure) 448M->205M(494M) 913.199ms
[26.378s][info][gc,heap        ] GC(65) ParNew: 157246K->0K(157248K)
[26.378s][info][gc,heap        ] GC(65) CMS: 301704K->210537K(349568K)
[26.378s][info][gc,metaspace   ] GC(65) Metaspace: 10508K->10508K(27648K)
[26.378s][info][gc             ] GC(65) Pause Young (Allocation Failure) 448M->205M(494M) 913.690ms
[26.378s][info][gc,cpu         ] GC(65) User=0.92s Sys=0.00s Real=0.91s
[26.431s][info][gc,start       ] GC(67) Pause Young (Allocation Failure)
[26.431s][info][gc,task        ] GC(67) Using 8 workers of 8 for evacuation
[26.431s][info][gc,start       ] GC(68) Pause Full (Allocation Failure)
[26.431s][info][gc,phases,start] GC(68) Phase 1: Mark live objects
[26.603s][info][gc,phases      ] GC(68) Phase 1: Mark live objects 171.686ms
[26.603s][info][gc,phases,start] GC(68) Phase 2: Compute new object addresses
[26.811s][info][gc,phases      ] GC(68) Phase 2: Compute new object addresses 207.987ms
[26.811s][info][gc,phases,start] GC(68) Phase 3: Adjust pointers
[26.917s][info][gc,phases      ] GC(68) Phase 3: Adjust pointers 105.798ms
[26.917s][info][gc,phases,start] GC(68) Phase 4: Move objects
[27.014s][info][gc,phases      ] GC(68) Phase 4: Move objects 96.650ms
[27.017s][info][gc             ] GC(68) Pause Full (Allocation Failure) 342M->133M(494M) 585.416ms
[27.017s][info][gc,heap        ] GC(67) ParNew: 139776K->0K(157248K)
[27.017s][info][gc,heap        ] GC(67) CMS: 210537K->136999K(349568K)
[27.017s][info][gc,metaspace   ] GC(67) Metaspace: 10508K->10508K(27648K)
[27.017s][info][gc             ] GC(67) Pause Young (Allocation Failure) 342M->133M(494M) 585.857ms
[27.017s][info][gc,cpu         ] GC(67) User=0.58s Sys=0.00s Real=0.58s
[27.069s][info][gc,start       ] GC(69) Pause Young (Allocation Failure)
[27.070s][info][gc,task        ] GC(69) Using 8 workers of 8 for evacuation
[27.491s][info][gc,heap        ] GC(69) ParNew: 139776K->17470K(157248K)
[27.491s][info][gc,heap        ] GC(69) CMS: 136999K->289235K(349568K)
[27.491s][info][gc,metaspace   ] GC(69) Metaspace: 10508K->10508K(27648K)
[27.491s][info][gc             ] GC(69) Pause Young (Allocation Failure) 270M->299M(494M) 421.533ms
[27.491s][info][gc,cpu         ] GC(69) User=2.81s Sys=0.39s Real=0.42s
[27.492s][info][gc,start       ] GC(70) Pause Initial Mark
[27.498s][info][gc             ] GC(70) Pause Initial Mark 302M->302M(494M) 6.764ms
[27.498s][info][gc,cpu         ] GC(70) User=0.03s Sys=0.02s Real=0.01s
[27.499s][info][gc             ] GC(70) Concurrent Mark
[27.499s][info][gc,task        ] GC(70) Using 2 workers of 2 for marking
[27.584s][info][gc,start       ] GC(71) Pause Young (Allocation Failure)
[27.584s][info][gc,task        ] GC(71) Using 8 workers of 8 for evacuation
[27.584s][info][gc,start       ] GC(72) Pause Full (Allocation Failure)
[27.595s][info][gc             ] GC(70) Concurrent Mark 96.322ms
[27.595s][info][gc,cpu         ] GC(70) User=0.23s Sys=0.00s Real=0.09s
[27.595s][info][gc,phases,start] GC(72) Phase 1: Mark live objects
[27.856s][info][gc,phases      ] GC(72) Phase 1: Mark live objects 260.979ms
[27.856s][info][gc,phases,start] GC(72) Phase 2: Compute new object addresses
[28.113s][info][gc,phases      ] GC(72) Phase 2: Compute new object addresses 257.122ms
[28.114s][info][gc,phases,start] GC(72) Phase 3: Adjust pointers
[28.282s][info][gc,phases      ] GC(72) Phase 3: Adjust pointers 168.446ms
[28.282s][info][gc,phases,start] GC(72) Phase 4: Move objects
[28.450s][info][gc,phases      ] GC(72) Phase 4: Move objects 167.833ms
[28.453s][info][gc             ] GC(72) Pause Full (Allocation Failure) 436M->194M(494M) 868.292ms
[28.453s][info][gc,heap        ] GC(71) ParNew: 157246K->0K(157248K)
[28.453s][info][gc,heap        ] GC(71) CMS: 289235K->199553K(349568K)
[28.453s][info][gc,metaspace   ] GC(71) Metaspace: 10508K->10508K(27648K)
[28.453s][info][gc             ] GC(71) Pause Young (Allocation Failure) 436M->194M(494M) 868.730ms
[28.453s][info][gc,cpu         ] GC(71) User=0.86s Sys=0.00s Real=0.88s
[28.510s][info][gc,start       ] GC(73) Pause Young (Allocation Failure)
[28.510s][info][gc,task        ] GC(73) Using 8 workers of 8 for evacuation
[29.141s][info][gc,promotion   ] Promotion failed
[29.142s][info][gc,start       ] GC(74) Pause Full (Allocation Failure)
[29.142s][info][gc,phases,start] GC(74) Phase 1: Mark live objects
[29.324s][info][gc,phases      ] GC(74) Phase 1: Mark live objects 181.862ms
[29.324s][info][gc,phases,start] GC(74) Phase 2: Compute new object addresses
[29.671s][info][gc,phases      ] GC(74) Phase 2: Compute new object addresses 346.925ms
[29.671s][info][gc,phases,start] GC(74) Phase 3: Adjust pointers
[29.792s][info][gc,phases      ] GC(74) Phase 3: Adjust pointers 121.180ms
[29.792s][info][gc,phases,start] GC(74) Phase 4: Move objects
[29.887s][info][gc,phases      ] GC(74) Phase 4: Move objects 94.549ms
[29.891s][info][gc             ] GC(74) Pause Full (Allocation Failure) 494M->117M(494M) 748.998ms
[29.891s][info][gc,heap        ] GC(73) ParNew: 139776K->0K(157248K)
[29.891s][info][gc,heap        ] GC(73) CMS: 199553K->120547K(349568K)
[29.891s][info][gc,metaspace   ] GC(73) Metaspace: 10508K->10508K(27648K)
[29.891s][info][gc             ] GC(73) Pause Young (Allocation Failure) 331M->117M(494M) 1380.657ms
[29.891s][info][gc,cpu         ] GC(73) User=3.59s Sys=0.39s Real=1.38s
[29.961s][info][gc,start       ] GC(75) Pause Young (Allocation Failure)
[29.961s][info][gc,task        ] GC(75) Using 8 workers of 8 for evacuation
[30.373s][info][gc,heap        ] GC(75) ParNew: 139776K->17470K(157248K)
[30.373s][info][gc,heap        ] GC(75) CMS: 120547K->273735K(349568K)
[30.373s][info][gc,metaspace   ] GC(75) Metaspace: 10508K->10508K(27648K)
[30.373s][info][gc             ] GC(75) Pause Young (Allocation Failure) 254M->284M(494M) 412.645ms
[30.373s][info][gc,cpu         ] GC(75) User=2.50s Sys=0.11s Real=0.40s
[30.374s][info][gc,start       ] GC(76) Pause Initial Mark
[30.381s][info][gc             ] GC(76) Pause Initial Mark 287M->287M(494M) 6.480ms
[30.381s][info][gc,cpu         ] GC(76) User=0.02s Sys=0.00s Real=0.01s
[30.381s][info][gc             ] GC(76) Concurrent Mark
[30.381s][info][gc,task        ] GC(76) Using 2 workers of 2 for marking
[30.406s][info][gc             ] GC(76) Concurrent Mark 25.370ms
[30.406s][info][gc,cpu         ] GC(76) User=0.09s Sys=0.00s Real=0.02s
[30.406s][info][gc             ] GC(76) Concurrent Preclean
[30.420s][info][gc             ] GC(76) Concurrent Preclean 13.874ms
[30.420s][info][gc,cpu         ] GC(76) User=0.02s Sys=0.02s Real=0.02s
[30.421s][info][gc             ] GC(76) Concurrent Abortable Preclean
[30.421s][info][gc             ] GC(76) Concurrent Abortable Preclean 0.096ms
[30.421s][info][gc,cpu         ] GC(76) User=0.00s Sys=0.00s Real=0.00s
[30.421s][info][gc,start       ] GC(76) Pause Remark
[30.506s][info][gc             ] GC(76) Pause Remark 349M->349M(494M) 85.340ms
[30.506s][info][gc,cpu         ] GC(76) User=0.31s Sys=0.00s Real=0.08s
[30.507s][info][gc             ] GC(76) Concurrent Sweep
[30.539s][info][gc,start       ] GC(77) Pause Young (Allocation Failure)
[30.539s][info][gc,task        ] GC(77) Using 8 workers of 8 for evacuation
[30.539s][info][gc,start       ] GC(78) Pause Full (Allocation Failure)
[30.827s][info][gc             ] GC(76) Concurrent Sweep 320.400ms
[30.827s][info][gc,cpu         ] GC(76) User=0.36s Sys=0.00s Real=0.33s
[30.827s][info][gc,phases,start] GC(78) Phase 1: Mark live objects
[31.039s][info][gc,phases      ] GC(78) Phase 1: Mark live objects 211.322ms
[31.039s][info][gc,phases,start] GC(78) Phase 2: Compute new object addresses
[31.215s][info][gc,phases      ] GC(78) Phase 2: Compute new object addresses 176.418ms
[31.215s][info][gc,phases,start] GC(78) Phase 3: Adjust pointers
[31.367s][info][gc,phases      ] GC(78) Phase 3: Adjust pointers 151.068ms
[31.367s][info][gc,phases,start] GC(78) Phase 4: Move objects
[31.514s][info][gc,phases      ] GC(78) Phase 4: Move objects 147.524ms
[31.516s][info][gc             ] GC(78) Pause Full (Allocation Failure) 370M->174M(494M) 977.552ms
[31.516s][info][gc,heap        ] GC(77) ParNew: 157246K->0K(157248K)
[31.516s][info][gc,heap        ] GC(77) CMS: 221886K->178540K(349568K)
[31.516s][info][gc,metaspace   ] GC(77) Metaspace: 10508K->10508K(27648K)
[31.517s][info][gc             ] GC(77) Pause Young (Allocation Failure) 370M->174M(494M) 978.105ms
[31.517s][info][gc,cpu         ] GC(77) User=0.97s Sys=0.00s Real=0.98s
[31.517s][info][gc,heap        ] GC(76) Old: 273735K->178540K(349568K)
[31.586s][info][gc,start       ] GC(79) Pause Young (Allocation Failure)
[31.586s][info][gc,task        ] GC(79) Using 8 workers of 8 for evacuation
[32.098s][info][gc,heap        ] GC(79) ParNew: 139776K->17472K(157248K)
[32.098s][info][gc,heap        ] GC(79) CMS: 178540K->331593K(349568K)
[32.098s][info][gc,metaspace   ] GC(79) Metaspace: 10508K->10508K(27648K)
[32.098s][info][gc             ] GC(79) Pause Young (Allocation Failure) 310M->340M(494M) 511.914ms
[32.098s][info][gc,cpu         ] GC(79) User=2.36s Sys=0.14s Real=0.52s
[32.114s][info][gc,start       ] GC(80) Pause Initial Mark
[32.148s][info][gc             ] GC(80) Pause Initial Mark 357M->357M(494M) 34.047ms
[32.148s][info][gc,cpu         ] GC(80) User=0.14s Sys=0.00s Real=0.04s
[32.148s][info][gc             ] GC(80) Concurrent Mark
[32.148s][info][gc,task        ] GC(80) Using 2 workers of 2 for marking
[32.270s][info][gc,start       ] GC(81) Pause Young (Allocation Failure)
[32.271s][info][gc,task        ] GC(81) Using 8 workers of 8 for evacuation
[32.271s][info][gc,start       ] GC(82) Pause Full (Allocation Failure)
[32.409s][info][gc             ] GC(80) Concurrent Mark 260.416ms
[32.409s][info][gc,cpu         ] GC(80) User=0.47s Sys=0.00s Real=0.25s
[32.409s][info][gc,phases,start] GC(82) Phase 1: Mark live objects
[32.428s][info][gc,phases      ] GC(82) Phase 1: Mark live objects 18.438ms
[32.428s][info][gc,phases,start] GC(82) Phase 2: Compute new object addresses
[32.717s][info][gc,phases      ] GC(82) Phase 2: Compute new object addresses 289.238ms
[32.718s][info][gc,phases,start] GC(82) Phase 3: Adjust pointers
[32.722s][info][gc,phases      ] GC(82) Phase 3: Adjust pointers 4.523ms
[32.722s][info][gc,phases,start] GC(82) Phase 4: Move objects
[32.723s][info][gc,phases      ] GC(82) Phase 4: Move objects 0.205ms
[32.724s][info][gc             ] GC(82) Pause Full (Allocation Failure) 474M->1M(494M) 453.428ms
[32.724s][info][gc,heap        ] GC(81) ParNew: 154363K->0K(157248K)
[32.724s][info][gc,heap        ] GC(81) CMS: 331593K->1865K(349568K)
[32.724s][info][gc,metaspace   ] GC(81) Metaspace: 10508K->10508K(27648K)
[32.724s][info][gc             ] GC(81) Pause Young (Allocation Failure) 474M->1M(494M) 454.025ms
[32.725s][info][gc,cpu         ] GC(81) User=0.50s Sys=0.02s Real=0.45s
[32.788s][info][gc,start       ] GC(83) Pause Young (Allocation Failure)
[32.788s][info][gc,task        ] GC(83) Using 8 workers of 8 for evacuation
[33.237s][info][gc,heap        ] GC(83) ParNew: 139776K->17471K(157248K)
[33.237s][info][gc,heap        ] GC(83) CMS: 1865K->154784K(349568K)
[33.237s][info][gc,metaspace   ] GC(83) Metaspace: 10508K->10508K(27648K)
[33.237s][info][gc             ] GC(83) Pause Young (Allocation Failure) 138M->168M(494M) 448.835ms
[33.237s][info][gc,cpu         ] GC(83) User=2.53s Sys=0.09s Real=0.45s
[33.320s][info][gc,start       ] GC(84) Pause Young (Allocation Failure)
[33.320s][info][gc,task        ] GC(84) Using 8 workers of 8 for evacuation
[33.796s][info][gc,heap        ] GC(84) ParNew: 157247K->17471K(157248K)
[33.796s][info][gc,heap        ] GC(84) CMS: 154784K->300378K(349568K)
[33.796s][info][gc,metaspace   ] GC(84) Metaspace: 10508K->10508K(27648K)
[33.797s][info][gc             ] GC(84) Pause Young (Allocation Failure) 304M->310M(494M) 476.891ms
[33.797s][info][gc,cpu         ] GC(84) User=3.17s Sys=0.03s Real=0.47s
[33.797s][info][gc,start       ] GC(85) Pause Initial Mark
[33.812s][info][gc             ] GC(85) Pause Initial Mark 313M->313M(494M) 15.266ms
[33.812s][info][gc,cpu         ] GC(85) User=0.11s Sys=0.00s Real=0.03s
[33.813s][info][gc             ] GC(85) Concurrent Mark
[33.813s][info][gc,task        ] GC(85) Using 2 workers of 2 for marking
[33.863s][info][gc             ] GC(85) Concurrent Mark 49.921ms
[33.863s][info][gc,cpu         ] GC(85) User=0.09s Sys=0.00s Real=0.03s
[33.863s][info][gc             ] GC(85) Concurrent Preclean
[33.884s][info][gc             ] GC(85) Concurrent Preclean 20.936ms
[33.884s][info][gc,cpu         ] GC(85) User=0.06s Sys=0.00s Real=0.03s
[33.884s][info][gc             ] GC(85) Concurrent Abortable Preclean
[33.884s][info][gc             ] GC(85) Concurrent Abortable Preclean 0.074ms
[33.884s][info][gc,cpu         ] GC(85) User=0.00s Sys=0.00s Real=0.00s
[33.885s][info][gc,start       ] GC(85) Pause Remark
[33.934s][info][gc             ] GC(85) Pause Remark 427M->427M(494M) 49.487ms
[33.934s][info][gc,cpu         ] GC(85) User=0.34s Sys=0.02s Real=0.05s
[33.934s][info][gc             ] GC(85) Concurrent Sweep
[33.945s][info][gc,start       ] GC(86) Pause Young (Allocation Failure)
[33.945s][info][gc,task        ] GC(86) Using 8 workers of 8 for evacuation
[33.946s][info][gc,start       ] GC(87) Pause Full (Allocation Failure)
[34.342s][info][gc             ] GC(85) Concurrent Sweep 407.320ms
[34.342s][info][gc,cpu         ] GC(85) User=0.42s Sys=0.00s Real=0.41s
[34.342s][info][gc,phases,start] GC(87) Phase 1: Mark live objects
[34.635s][info][gc,phases      ] GC(87) Phase 1: Mark live objects 292.481ms
[34.635s][info][gc,phases,start] GC(87) Phase 2: Compute new object addresses
[34.912s][info][gc,phases      ] GC(87) Phase 2: Compute new object addresses 277.537ms
[34.912s][info][gc,phases,start] GC(87) Phase 3: Adjust pointers
[35.068s][info][gc,phases      ] GC(87) Phase 3: Adjust pointers 155.243ms
[35.068s][info][gc,phases,start] GC(87) Phase 4: Move objects
[35.229s][info][gc,phases      ] GC(87) Phase 4: Move objects 161.093ms
[35.232s][info][gc             ] GC(87) Pause Full (Allocation Failure) 411M->186M(494M) 1286.717ms
[35.232s][info][gc,heap        ] GC(86) ParNew: 157247K->0K(157248K)
[35.232s][info][gc,heap        ] GC(86) CMS: 263628K->191399K(349568K)
[35.232s][info][gc,metaspace   ] GC(86) Metaspace: 10508K->10508K(27648K)
[35.233s][info][gc             ] GC(86) Pause Young (Allocation Failure) 411M->186M(494M) 1287.221ms
[35.233s][info][gc,cpu         ] GC(86) User=1.28s Sys=0.00s Real=1.28s
[35.233s][info][gc,heap        ] GC(85) Old: 300378K->191399K(349568K)
[35.288s][info][gc,start       ] GC(88) Pause Young (Allocation Failure)
[35.288s][info][gc,task        ] GC(88) Using 8 workers of 8 for evacuation
[35.865s][info][gc,heap        ] GC(88) ParNew: 139776K->17470K(157248K)
[35.865s][info][gc,heap        ] GC(88) CMS: 191399K->344051K(349568K)
[35.865s][info][gc,metaspace   ] GC(88) Metaspace: 10508K->10508K(27648K)
[35.865s][info][gc             ] GC(88) Pause Young (Allocation Failure) 323M->353M(494M) 577.111ms
[35.865s][info][gc,cpu         ] GC(88) User=2.70s Sys=0.27s Real=0.58s
[35.866s][info][gc,start       ] GC(89) Pause Initial Mark
[35.876s][info][gc             ] GC(89) Pause Initial Mark 355M->355M(494M) 9.917ms
[35.876s][info][gc,cpu         ] GC(89) User=0.00s Sys=0.00s Real=0.00s
[35.876s][info][gc             ] GC(89) Concurrent Mark
[35.876s][info][gc,task        ] GC(89) Using 2 workers of 2 for marking
[35.997s][info][gc,start       ] GC(90) Pause Young (Allocation Failure)
[35.997s][info][gc,task        ] GC(90) Using 8 workers of 8 for evacuation
[35.997s][info][gc,start       ] GC(91) Pause Full (Allocation Failure)
[36.112s][info][gc             ] GC(89) Concurrent Mark 235.789ms
[36.112s][info][gc,cpu         ] GC(89) User=0.56s Sys=0.00s Real=0.26s
[36.113s][info][gc,phases,start] GC(91) Phase 1: Mark live objects
[36.129s][info][gc,phases      ] GC(91) Phase 1: Mark live objects 16.094ms
[36.129s][info][gc,phases,start] GC(91) Phase 2: Compute new object addresses
[36.479s][info][gc,phases      ] GC(91) Phase 2: Compute new object addresses 350.071ms
[36.479s][info][gc,phases,start] GC(91) Phase 3: Adjust pointers
[36.484s][info][gc,phases      ] GC(91) Phase 3: Adjust pointers 4.863ms
[36.484s][info][gc,phases,start] GC(91) Phase 4: Move objects
[36.484s][info][gc,phases      ] GC(91) Phase 4: Move objects 0.260ms
[36.487s][info][gc             ] GC(91) Pause Full (Allocation Failure) 489M->1M(494M) 490.039ms
[36.487s][info][gc,heap        ] GC(90) ParNew: 157031K->0K(157248K)
[36.487s][info][gc,heap        ] GC(90) CMS: 344051K->1865K(349568K)
[36.487s][info][gc,metaspace   ] GC(90) Metaspace: 10508K->10508K(27648K)
[36.487s][info][gc             ] GC(90) Pause Young (Allocation Failure) 489M->1M(494M) 490.495ms
[36.487s][info][gc,cpu         ] GC(90) User=0.55s Sys=0.00s Real=0.49s
[36.550s][info][gc,start       ] GC(92) Pause Young (Allocation Failure)
[36.550s][info][gc,task        ] GC(92) Using 8 workers of 8 for evacuation
[37.066s][info][gc,heap        ] GC(92) ParNew: 139776K->17470K(157248K)
[37.066s][info][gc,heap        ] GC(92) CMS: 1865K->154387K(349568K)
[37.066s][info][gc,metaspace   ] GC(92) Metaspace: 10508K->10508K(27648K)
[37.066s][info][gc             ] GC(92) Pause Young (Allocation Failure) 138M->167M(494M) 516.542ms
[37.067s][info][gc,cpu         ] GC(92) User=2.89s Sys=0.09s Real=0.52s
[37.126s][info][gc,start       ] GC(93) Pause Young (Allocation Failure)
[37.126s][info][gc,task        ] GC(93) Using 8 workers of 8 for evacuation
[37.586s][info][gc,heap        ] GC(93) ParNew: 157246K->17470K(157248K)
[37.586s][info][gc,heap        ] GC(93) CMS: 154387K->299980K(349568K)
[37.586s][info][gc,metaspace   ] GC(93) Metaspace: 10508K->10508K(27648K)
[37.586s][info][gc             ] GC(93) Pause Young (Allocation Failure) 304M->310M(494M) 460.235ms
[37.586s][info][gc,cpu         ] GC(93) User=2.94s Sys=0.41s Real=0.46s
[37.587s][info][gc,start       ] GC(94) Pause Initial Mark
[37.593s][info][gc             ] GC(94) Pause Initial Mark 312M->312M(494M) 6.009ms
[37.593s][info][gc,cpu         ] GC(94) User=0.00s Sys=0.00s Real=0.00s
[37.593s][info][gc             ] GC(94) Concurrent Mark
[37.593s][info][gc,task        ] GC(94) Using 2 workers of 2 for marking
[37.634s][info][gc             ] GC(94) Concurrent Mark 40.339ms
[37.634s][info][gc,cpu         ] GC(94) User=0.14s Sys=0.00s Real=0.05s
[37.634s][info][gc             ] GC(94) Concurrent Preclean
[37.664s][info][gc             ] GC(94) Concurrent Preclean 29.761ms
[37.664s][info][gc,cpu         ] GC(94) User=0.05s Sys=0.02s Real=0.03s
[37.664s][info][gc             ] GC(94) Concurrent Abortable Preclean
[37.664s][info][gc             ] GC(94) Concurrent Abortable Preclean 0.053ms
[37.664s][info][gc,cpu         ] GC(94) User=0.00s Sys=0.00s Real=0.00s
[37.664s][info][gc,start       ] GC(94) Pause Remark
[37.713s][info][gc             ] GC(94) Pause Remark 440M->440M(494M) 48.817ms
[37.713s][info][gc,cpu         ] GC(94) User=0.27s Sys=0.00s Real=0.05s
[37.714s][info][gc             ] GC(94) Concurrent Sweep
[37.717s][info][gc,start       ] GC(95) Pause Young (Allocation Failure)
[37.717s][info][gc,task        ] GC(95) Using 8 workers of 8 for evacuation
[37.717s][info][gc,start       ] GC(96) Pause Full (Allocation Failure)
[38.122s][info][gc             ] GC(94) Concurrent Sweep 408.531ms
[38.122s][info][gc,cpu         ] GC(94) User=0.42s Sys=0.00s Real=0.41s
[38.122s][info][gc,phases,start] GC(96) Phase 1: Mark live objects
[38.364s][info][gc,phases      ] GC(96) Phase 1: Mark live objects 241.815ms
[38.364s][info][gc,phases,start] GC(96) Phase 2: Compute new object addresses
[38.611s][info][gc,phases      ] GC(96) Phase 2: Compute new object addresses 246.766ms
[38.611s][info][gc,phases,start] GC(96) Phase 3: Adjust pointers
[38.778s][info][gc,phases      ] GC(96) Phase 3: Adjust pointers 166.326ms
[38.778s][info][gc,phases,start] GC(96) Phase 4: Move objects
[38.918s][info][gc,phases      ] GC(96) Phase 4: Move objects 140.120ms
[38.921s][info][gc             ] GC(96) Pause Full (Allocation Failure) 412M->178M(494M) 1204.008ms
[38.921s][info][gc,heap        ] GC(95) ParNew: 157246K->0K(157248K)
[38.921s][info][gc,heap        ] GC(95) CMS: 265303K->183196K(349568K)
[38.921s][info][gc,metaspace   ] GC(95) Metaspace: 10508K->10508K(27648K)
[38.921s][info][gc             ] GC(95) Pause Young (Allocation Failure) 412M->178M(494M) 1204.570ms
[38.922s][info][gc,cpu         ] GC(95) User=1.20s Sys=0.00s Real=1.20s
[38.922s][info][gc,heap        ] GC(94) Old: 299980K->183196K(349568K)
[38.973s][info][gc,start       ] GC(97) Pause Young (Allocation Failure)
[38.973s][info][gc,task        ] GC(97) Using 8 workers of 8 for evacuation
[39.406s][info][gc,heap        ] GC(97) ParNew: 139776K->17470K(157248K)
[39.406s][info][gc,heap        ] GC(97) CMS: 183196K->335451K(349568K)
[39.406s][info][gc,metaspace   ] GC(97) Metaspace: 10508K->10508K(27648K)
[39.406s][info][gc             ] GC(97) Pause Young (Allocation Failure) 315M->344M(494M) 433.263ms
[39.406s][info][gc,cpu         ] GC(97) User=2.70s Sys=0.31s Real=0.44s
[39.407s][info][gc,start       ] GC(98) Pause Initial Mark
[39.424s][info][gc             ] GC(98) Pause Initial Mark 347M->347M(494M) 16.971ms
[39.424s][info][gc,cpu         ] GC(98) User=0.03s Sys=0.00s Real=0.02s
[39.424s][info][gc             ] GC(98) Concurrent Mark
[39.424s][info][gc,task        ] GC(98) Using 2 workers of 2 for marking
[39.542s][info][gc,start       ] GC(99) Pause Young (Allocation Failure)
[39.542s][info][gc,task        ] GC(99) Using 8 workers of 8 for evacuation
[39.542s][info][gc,start       ] GC(100) Pause Full (Allocation Failure)
[39.591s][info][gc             ] GC(98) Concurrent Mark 166.788ms
[39.591s][info][gc,cpu         ] GC(98) User=0.36s Sys=0.00s Real=0.17s
[39.591s][info][gc,phases,start] GC(100) Phase 1: Mark live objects
[39.905s][info][gc,phases      ] GC(100) Phase 1: Mark live objects 314.084ms
[39.905s][info][gc,phases,start] GC(100) Phase 2: Compute new object addresses
[40.287s][info][gc,phases      ] GC(100) Phase 2: Compute new object addresses 381.286ms
[40.287s][info][gc,phases,start] GC(100) Phase 3: Adjust pointers
[40.457s][info][gc,phases      ] GC(100) Phase 3: Adjust pointers 170.028ms
[40.457s][info][gc,phases,start] GC(100) Phase 4: Move objects
[40.625s][info][gc,phases      ] GC(100) Phase 4: Move objects 168.063ms
[40.628s][info][gc             ] GC(100) Pause Full (Allocation Failure) 481M->216M(494M) 1086.374ms
[40.628s][info][gc,heap        ] GC(99) ParNew: 157246K->0K(157248K)
[40.629s][info][gc,heap        ] GC(99) CMS: 335451K->222050K(349568K)
[40.629s][info][gc,metaspace   ] GC(99) Metaspace: 10508K->10508K(27648K)
[40.629s][info][gc             ] GC(99) Pause Young (Allocation Failure) 481M->216M(494M) 1086.959ms
[40.629s][info][gc,cpu         ] GC(99) User=1.11s Sys=0.00s Real=1.09s
[40.685s][info][gc,start       ] GC(101) Pause Young (Allocation Failure)
[40.686s][info][gc,task        ] GC(101) Using 8 workers of 8 for evacuation
[40.686s][info][gc,start       ] GC(102) Pause Full (Allocation Failure)
[40.686s][info][gc,phases,start] GC(102) Phase 1: Mark live objects
[40.829s][info][gc,phases      ] GC(102) Phase 1: Mark live objects 143.409ms
[40.829s][info][gc,phases,start] GC(102) Phase 2: Compute new object addresses
[41.039s][info][gc,phases      ] GC(102) Phase 2: Compute new object addresses 209.523ms
[41.039s][info][gc,phases,start] GC(102) Phase 3: Adjust pointers
[41.121s][info][gc,phases      ] GC(102) Phase 3: Adjust pointers 81.718ms
[41.121s][info][gc,phases,start] GC(102) Phase 4: Move objects
[41.196s][info][gc,phases      ] GC(102) Phase 4: Move objects 75.112ms
[41.198s][info][gc             ] GC(102) Pause Full (Allocation Failure) 353M->115M(494M) 512.508ms
[41.198s][info][gc,heap        ] GC(101) ParNew: 139776K->0K(157248K)
[41.198s][info][gc,heap        ] GC(101) CMS: 222050K->118435K(349568K)
[41.198s][info][gc,metaspace   ] GC(101) Metaspace: 10508K->10508K(27648K)
[41.198s][info][gc             ] GC(101) Pause Young (Allocation Failure) 353M->115M(494M) 512.925ms
[41.198s][info][gc,cpu         ] GC(101) User=0.52s Sys=0.00s Real=0.52s
[41.251s][info][gc,start       ] GC(103) Pause Young (Allocation Failure)
[41.251s][info][gc,task        ] GC(103) Using 8 workers of 8 for evacuation
[41.657s][info][gc,heap        ] GC(103) ParNew: 131280K->17470K(157248K)
[41.657s][info][gc,heap        ] GC(103) CMS: 118435K->268872K(349568K)
[41.657s][info][gc,metaspace   ] GC(103) Metaspace: 10508K->10508K(27648K)
[41.657s][info][gc             ] GC(103) Pause Young (Allocation Failure) 243M->279M(494M) 406.083ms
[41.657s][info][gc,cpu         ] GC(103) User=3.17s Sys=0.11s Real=0.41s
[41.665s][info][gc,start       ] GC(104) Pause Initial Mark
[41.711s][info][gc             ] GC(104) Pause Initial Mark 314M->314M(494M) 45.934ms
[41.711s][info][gc,cpu         ] GC(104) User=0.05s Sys=0.00s Real=0.05s
[41.711s][info][gc             ] GC(104) Concurrent Mark
[41.711s][info][gc,task        ] GC(104) Using 2 workers of 2 for marking
[41.716s][info][gc             ] GC(104) Concurrent Mark 5.387ms
[41.716s][info][gc,cpu         ] GC(104) User=0.00s Sys=0.00s Real=0.01s
[41.716s][info][gc             ] GC(104) Concurrent Preclean
[41.718s][info][gc             ] GC(104) Concurrent Preclean 1.345ms
[41.718s][info][gc,cpu         ] GC(104) User=0.00s Sys=0.00s Real=0.00s
[41.718s][info][gc             ] GC(104) Concurrent Abortable Preclean
[41.763s][info][gc,start       ] GC(105) Pause Young (Allocation Failure)
[41.763s][info][gc,task        ] GC(105) Using 8 workers of 8 for evacuation
[41.763s][info][gc,start       ] GC(106) Pause Full (Allocation Failure)
[41.763s][info][gc             ] GC(104) Concurrent Abortable Preclean 45.431ms
[41.763s][info][gc,cpu         ] GC(104) User=0.05s Sys=0.00s Real=0.05s
[41.764s][info][gc,phases,start] GC(106) Phase 1: Mark live objects
[41.947s][info][gc,phases      ] GC(106) Phase 1: Mark live objects 183.372ms
[41.947s][info][gc,phases,start] GC(106) Phase 2: Compute new object addresses
[42.196s][info][gc,phases      ] GC(106) Phase 2: Compute new object addresses 248.744ms
[42.196s][info][gc,phases,start] GC(106) Phase 3: Adjust pointers
[42.306s][info][gc,phases      ] GC(106) Phase 3: Adjust pointers 109.777ms
[42.306s][info][gc,phases,start] GC(106) Phase 4: Move objects
[42.428s][info][gc,phases      ] GC(106) Phase 4: Move objects 122.435ms
[42.431s][info][gc             ] GC(106) Pause Full (Allocation Failure) 416M->138M(494M) 668.067ms
[42.431s][info][gc,heap        ] GC(105) ParNew: 157246K->0K(157248K)
[42.431s][info][gc,heap        ] GC(105) CMS: 268872K->141610K(349568K)
[42.431s][info][gc,metaspace   ] GC(105) Metaspace: 10508K->10508K(27648K)
[42.432s][info][gc             ] GC(105) Pause Young (Allocation Failure) 416M->138M(494M) 668.862ms
[42.432s][info][gc,cpu         ] GC(105) User=0.66s Sys=0.00s Real=0.66s
[42.485s][info][gc,start       ] GC(107) Pause Young (Allocation Failure)
[42.485s][info][gc,task        ] GC(107) Using 8 workers of 8 for evacuation
[43.021s][info][gc,heap        ] GC(107) ParNew: 111233K->17470K(157248K)
[43.022s][info][gc,heap        ] GC(107) CMS: 141610K->264608K(349568K)
[43.022s][info][gc,metaspace   ] GC(107) Metaspace: 10508K->10508K(27648K)
[43.022s][info][gc             ] GC(107) Pause Young (Allocation Failure) 246M->275M(494M) 536.821ms
[43.022s][info][gc,cpu         ] GC(107) User=2.75s Sys=0.30s Real=0.54s
[43.036s][info][gc,start       ] GC(108) Pause Initial Mark
[43.078s][info][gc             ] GC(108) Pause Initial Mark 310M->310M(494M) 41.771ms
[43.078s][info][gc,cpu         ] GC(108) User=0.06s Sys=0.00s Real=0.04s
[43.078s][info][gc             ] GC(108) Concurrent Mark
[43.079s][info][gc,task        ] GC(108) Using 2 workers of 2 for marking
[43.097s][info][gc             ] GC(108) Concurrent Mark 18.557ms
[43.097s][info][gc,cpu         ] GC(108) User=0.09s Sys=0.00s Real=0.02s
[43.097s][info][gc             ] GC(108) Concurrent Preclean
[43.099s][info][gc             ] GC(108) Concurrent Preclean 1.228ms
[43.099s][info][gc,cpu         ] GC(108) User=0.00s Sys=0.00s Real=0.00s
[43.099s][info][gc             ] GC(108) Concurrent Abortable Preclean
[43.155s][info][gc,start       ] GC(109) Pause Young (Allocation Failure)
[43.155s][info][gc,task        ] GC(109) Using 8 workers of 8 for evacuation
[43.155s][info][gc,start       ] GC(110) Pause Full (Allocation Failure)
[43.155s][info][gc             ] GC(108) Concurrent Abortable Preclean 56.789ms
[43.156s][info][gc,cpu         ] GC(108) User=0.06s Sys=0.00s Real=0.05s
[43.156s][info][gc,phases,start] GC(110) Phase 1: Mark live objects
[43.392s][info][gc,phases      ] GC(110) Phase 1: Mark live objects 236.340ms
[43.392s][info][gc,phases,start] GC(110) Phase 2: Compute new object addresses
[43.769s][info][gc,phases      ] GC(110) Phase 2: Compute new object addresses 376.590ms
[43.769s][info][gc,phases,start] GC(110) Phase 3: Adjust pointers
[43.874s][info][gc,phases      ] GC(110) Phase 3: Adjust pointers 104.541ms
[43.874s][info][gc,phases,start] GC(110) Phase 4: Move objects
[43.979s][info][gc,phases      ] GC(110) Phase 4: Move objects 105.681ms
[43.982s][info][gc             ] GC(110) Pause Full (Allocation Failure) 411M->138M(494M) 826.781ms
[43.982s][info][gc,heap        ] GC(109) ParNew: 157246K->0K(157248K)
[43.982s][info][gc,heap        ] GC(109) CMS: 264608K->141609K(349568K)
[43.982s][info][gc,metaspace   ] GC(109) Metaspace: 10508K->10508K(27648K)
[43.982s][info][gc             ] GC(109) Pause Young (Allocation Failure) 411M->138M(494M) 827.257ms
[43.982s][info][gc,cpu         ] GC(109) User=0.83s Sys=0.00s Real=0.83s
[44.033s][info][gc,start       ] GC(111) Pause Young (Allocation Failure)
[44.033s][info][gc,task        ] GC(111) Using 8 workers of 8 for evacuation
[44.381s][info][gc,heap        ] GC(111) ParNew: 113702K->17472K(157248K)
[44.381s][info][gc,heap        ] GC(111) CMS: 141609K->268276K(349568K)
[44.381s][info][gc,metaspace   ] GC(111) Metaspace: 10508K->10508K(27648K)
[44.381s][info][gc             ] GC(111) Pause Young (Allocation Failure) 249M->279M(494M) 348.253ms
[44.381s][info][gc,cpu         ] GC(111) User=2.50s Sys=0.03s Real=0.36s
[44.390s][info][gc,start       ] GC(112) Pause Initial Mark
[44.430s][info][gc             ] GC(112) Pause Initial Mark 314M->314M(494M) 40.149ms
[44.430s][info][gc,cpu         ] GC(112) User=0.03s Sys=0.00s Real=0.03s
[44.430s][info][gc             ] GC(112) Concurrent Mark
[44.430s][info][gc,task        ] GC(112) Using 2 workers of 2 for marking
[44.436s][info][gc             ] GC(112) Concurrent Mark 5.542ms
[44.436s][info][gc,cpu         ] GC(112) User=0.00s Sys=0.00s Real=0.01s
[44.436s][info][gc             ] GC(112) Concurrent Preclean
[44.438s][info][gc             ] GC(112) Concurrent Preclean 1.537ms
[44.438s][info][gc,cpu         ] GC(112) User=0.00s Sys=0.00s Real=0.00s
[44.438s][info][gc             ] GC(112) Concurrent Abortable Preclean
[44.481s][info][gc,start       ] GC(113) Pause Young (Allocation Failure)
[44.481s][info][gc,task        ] GC(113) Using 8 workers of 8 for evacuation
[44.481s][info][gc,start       ] GC(114) Pause Full (Allocation Failure)
[44.482s][info][gc             ] GC(112) Concurrent Abortable Preclean 43.974ms
[44.482s][info][gc,cpu         ] GC(112) User=0.05s Sys=0.00s Real=0.05s
[44.482s][info][gc,phases,start] GC(114) Phase 1: Mark live objects
[44.664s][info][gc,phases      ] GC(114) Phase 1: Mark live objects 181.839ms
[44.664s][info][gc,phases,start] GC(114) Phase 2: Compute new object addresses
[44.958s][info][gc,phases      ] GC(114) Phase 2: Compute new object addresses 294.517ms
[44.958s][info][gc,phases,start] GC(114) Phase 3: Adjust pointers
[45.064s][info][gc,phases      ] GC(114) Phase 3: Adjust pointers 105.518ms
[45.064s][info][gc,phases,start] GC(114) Phase 4: Move objects
[45.202s][info][gc,phases      ] GC(114) Phase 4: Move objects 138.126ms
[45.206s][info][gc             ] GC(114) Pause Full (Allocation Failure) 415M->138M(494M) 724.190ms
[45.206s][info][gc,heap        ] GC(113) ParNew: 157248K->0K(157248K)
[45.206s][info][gc,heap        ] GC(113) CMS: 268276K->141610K(349568K)
[45.206s][info][gc,metaspace   ] GC(113) Metaspace: 10508K->10508K(27648K)
[45.206s][info][gc             ] GC(113) Pause Young (Allocation Failure) 415M->138M(494M) 724.680ms
[45.206s][info][gc,cpu         ] GC(113) User=0.72s Sys=0.00s Real=0.72s
[45.263s][info][gc,start       ] GC(115) Pause Young (Allocation Failure)
[45.263s][info][gc,task        ] GC(115) Using 8 workers of 8 for evacuation
[45.898s][info][gc,heap        ] GC(115) ParNew: 116357K->17471K(157248K)
[45.899s][info][gc,heap        ] GC(115) CMS: 141610K->271950K(349568K)
[45.899s][info][gc,metaspace   ] GC(115) Metaspace: 10508K->10508K(27648K)
[45.899s][info][gc             ] GC(115) Pause Young (Allocation Failure) 251M->282M(494M) 635.787ms
[45.899s][info][gc,cpu         ] GC(115) User=3.50s Sys=0.08s Real=0.63s
[45.908s][info][gc,start       ] GC(116) Pause Initial Mark
[45.948s][info][gc             ] GC(116) Pause Initial Mark 318M->318M(494M) 40.538ms
[45.948s][info][gc,cpu         ] GC(116) User=0.05s Sys=0.00s Real=0.05s
[45.948s][info][gc             ] GC(116) Concurrent Mark
[45.949s][info][gc,task        ] GC(116) Using 2 workers of 2 for marking
[45.963s][info][gc             ] GC(116) Concurrent Mark 14.216ms
[45.963s][info][gc,cpu         ] GC(116) User=0.05s Sys=0.00s Real=0.01s
[45.963s][info][gc             ] GC(116) Concurrent Preclean
[45.964s][info][gc             ] GC(116) Concurrent Preclean 1.037ms
[45.964s][info][gc,cpu         ] GC(116) User=0.00s Sys=0.00s Real=0.00s
[45.964s][info][gc             ] GC(116) Concurrent Abortable Preclean
[45.964s][info][gc             ] GC(116) Concurrent Abortable Preclean 0.053ms
[45.964s][info][gc,cpu         ] GC(116) User=0.00s Sys=0.00s Real=0.00s
[45.964s][info][gc,start       ] GC(116) Pause Remark
[46.063s][info][gc             ] GC(116) Pause Remark 348M->348M(494M) 98.546ms
[46.063s][info][gc,cpu         ] GC(116) User=0.44s Sys=0.00s Real=0.09s
[46.063s][info][gc             ] GC(116) Concurrent Sweep
[46.119s][info][gc,start       ] GC(117) Pause Young (Allocation Failure)
[46.119s][info][gc,task        ] GC(117) Using 8 workers of 8 for evacuation
[46.119s][info][gc,start       ] GC(118) Pause Full (Allocation Failure)
[46.563s][info][gc             ] GC(116) Concurrent Sweep 499.843ms
[46.563s][info][gc,cpu         ] GC(116) User=0.56s Sys=0.00s Real=0.50s
[46.564s][info][gc,phases,start] GC(118) Phase 1: Mark live objects
[46.799s][info][gc,phases      ] GC(118) Phase 1: Mark live objects 235.900ms
[46.800s][info][gc,phases,start] GC(118) Phase 2: Compute new object addresses
[47.003s][info][gc,phases      ] GC(118) Phase 2: Compute new object addresses 203.548ms
[47.004s][info][gc,phases,start] GC(118) Phase 3: Adjust pointers
[47.115s][info][gc,phases      ] GC(118) Phase 3: Adjust pointers 111.732ms
[47.115s][info][gc,phases,start] GC(118) Phase 4: Move objects
[47.238s][info][gc,phases      ] GC(118) Phase 4: Move objects 122.768ms
[47.242s][info][gc             ] GC(118) Pause Full (Allocation Failure) 362M->138M(494M) 1122.397ms
[47.242s][info][gc,heap        ] GC(117) ParNew: 157247K->0K(157248K)
[47.242s][info][gc,heap        ] GC(117) CMS: 214271K->141609K(349568K)
[47.242s][info][gc,metaspace   ] GC(117) Metaspace: 10508K->10508K(27648K)
[47.242s][info][gc             ] GC(117) Pause Young (Allocation Failure) 362M->138M(494M) 1123.052ms
[47.242s][info][gc,cpu         ] GC(117) User=1.13s Sys=0.00s Real=1.12s
[47.242s][info][gc,heap        ] GC(116) Old: 271950K->141609K(349568K)
[47.302s][info][gc,start       ] GC(119) Pause Young (Allocation Failure)
[47.302s][info][gc,task        ] GC(119) Using 8 workers of 8 for evacuation
[47.767s][info][gc,heap        ] GC(119) ParNew: 119092K->17471K(157248K)
[47.767s][info][gc,heap        ] GC(119) CMS: 141609K->275620K(349568K)
[47.767s][info][gc,metaspace   ] GC(119) Metaspace: 10508K->10508K(27648K)
[47.767s][info][gc             ] GC(119) Pause Young (Allocation Failure) 254M->286M(494M) 465.449ms
[47.767s][info][gc,cpu         ] GC(119) User=3.05s Sys=0.08s Real=0.47s
[47.779s][info][gc,start       ] GC(120) Pause Initial Mark
[47.819s][info][gc             ] GC(120) Pause Initial Mark 322M->322M(494M) 40.268ms
[47.819s][info][gc,cpu         ] GC(120) User=0.06s Sys=0.00s Real=0.05s
[47.820s][info][gc             ] GC(120) Concurrent Mark
[47.820s][info][gc,task        ] GC(120) Using 2 workers of 2 for marking
[47.826s][info][gc             ] GC(120) Concurrent Mark 5.861ms
[47.826s][info][gc,cpu         ] GC(120) User=0.00s Sys=0.00s Real=0.00s
[47.826s][info][gc             ] GC(120) Concurrent Preclean
[47.827s][info][gc             ] GC(120) Concurrent Preclean 0.878ms
[47.827s][info][gc,cpu         ] GC(120) User=0.00s Sys=0.00s Real=0.00s
[47.827s][info][gc             ] GC(120) Concurrent Abortable Preclean
[47.877s][info][gc,start       ] GC(121) Pause Young (Allocation Failure)
[47.877s][info][gc,task        ] GC(121) Using 8 workers of 8 for evacuation
[47.877s][info][gc,start       ] GC(122) Pause Full (Allocation Failure)
[47.877s][info][gc             ] GC(120) Concurrent Abortable Preclean 50.588ms
[47.877s][info][gc,cpu         ] GC(120) User=0.08s Sys=0.00s Real=0.06s
[47.878s][info][gc,phases,start] GC(122) Phase 1: Mark live objects
[48.089s][info][gc,phases      ] GC(122) Phase 1: Mark live objects 211.100ms
[48.089s][info][gc,phases,start] GC(122) Phase 2: Compute new object addresses
[48.394s][info][gc,phases      ] GC(122) Phase 2: Compute new object addresses 305.192ms
[48.394s][info][gc,phases,start] GC(122) Phase 3: Adjust pointers
[48.506s][info][gc,phases      ] GC(122) Phase 3: Adjust pointers 111.958ms
[48.506s][info][gc,phases,start] GC(122) Phase 4: Move objects
[48.645s][info][gc,phases      ] GC(122) Phase 4: Move objects 138.832ms
[48.649s][info][gc             ] GC(122) Pause Full (Allocation Failure) 422M->138M(494M) 771.491ms
[48.649s][info][gc,heap        ] GC(121) ParNew: 157247K->0K(157248K)
[48.649s][info][gc,heap        ] GC(121) CMS: 275620K->141609K(349568K)
[48.649s][info][gc,metaspace   ] GC(121) Metaspace: 10508K->10508K(27648K)
[48.649s][info][gc             ] GC(121) Pause Young (Allocation Failure) 422M->138M(494M) 771.974ms
[48.649s][info][gc,cpu         ] GC(121) User=0.75s Sys=0.00s Real=0.76s
[48.721s][info][gc,start       ] GC(123) Pause Young (Allocation Failure)
[48.722s][info][gc,task        ] GC(123) Using 8 workers of 8 for evacuation
[49.321s][info][gc,heap        ] GC(123) ParNew: 121862K->17470K(157248K)
[49.321s][info][gc,heap        ] GC(123) CMS: 141609K->279288K(349568K)
[49.321s][info][gc,metaspace   ] GC(123) Metaspace: 10508K->10508K(27648K)
[49.321s][info][gc             ] GC(123) Pause Young (Allocation Failure) 257M->289M(494M) 599.836ms
[49.322s][info][gc,cpu         ] GC(123) User=3.58s Sys=0.25s Real=0.61s
[49.345s][info][gc,start       ] GC(124) Pause Initial Mark
[49.389s][info][gc             ] GC(124) Pause Initial Mark 326M->326M(494M) 44.082ms
[49.389s][info][gc,cpu         ] GC(124) User=0.11s Sys=0.00s Real=0.05s
[49.389s][info][gc             ] GC(124) Concurrent Mark
[49.389s][info][gc,task        ] GC(124) Using 2 workers of 2 for marking
[49.395s][info][gc             ] GC(124) Concurrent Mark 6.299ms
[49.395s][info][gc,cpu         ] GC(124) User=0.00s Sys=0.02s Real=0.01s
[49.396s][info][gc             ] GC(124) Concurrent Preclean
[49.397s][info][gc             ] GC(124) Concurrent Preclean 1.058ms
[49.397s][info][gc,cpu         ] GC(124) User=0.00s Sys=0.00s Real=0.00s
[49.397s][info][gc             ] GC(124) Concurrent Abortable Preclean
[49.482s][info][gc,start       ] GC(125) Pause Young (Allocation Failure)
[49.482s][info][gc,task        ] GC(125) Using 8 workers of 8 for evacuation
[49.482s][info][gc,start       ] GC(126) Pause Full (Allocation Failure)
[49.483s][info][gc             ] GC(124) Concurrent Abortable Preclean 85.811ms
[49.483s][info][gc,cpu         ] GC(124) User=0.08s Sys=0.00s Real=0.08s
[49.483s][info][gc,phases,start] GC(126) Phase 1: Mark live objects
[49.679s][info][gc,phases      ] GC(126) Phase 1: Mark live objects 196.447ms
[49.679s][info][gc,phases,start] GC(126) Phase 2: Compute new object addresses
[49.969s][info][gc,phases      ] GC(126) Phase 2: Compute new object addresses 290.118ms
[49.970s][info][gc,phases,start] GC(126) Phase 3: Adjust pointers
[50.080s][info][gc,phases      ] GC(126) Phase 3: Adjust pointers 110.678ms
[50.080s][info][gc,phases,start] GC(126) Phase 4: Move objects
[50.191s][info][gc,phases      ] GC(126) Phase 4: Move objects 110.576ms
[50.194s][info][gc             ] GC(126) Pause Full (Allocation Failure) 426M->138M(494M) 711.871ms
[50.194s][info][gc,heap        ] GC(125) ParNew: 157246K->0K(157248K)
[50.194s][info][gc,heap        ] GC(125) CMS: 279288K->141609K(349568K)
[50.194s][info][gc,metaspace   ] GC(125) Metaspace: 10508K->10508K(27648K)
[50.194s][info][gc             ] GC(125) Pause Young (Allocation Failure) 426M->138M(494M) 712.496ms
[50.194s][info][gc,cpu         ] GC(125) User=0.72s Sys=0.00s Real=0.72s
[50.256s][info][gc,start       ] GC(127) Pause Young (Allocation Failure)
[50.256s][info][gc,task        ] GC(127) Using 8 workers of 8 for evacuation
[50.989s][info][gc,heap        ] GC(127) ParNew: 124647K->17470K(157248K)
[50.989s][info][gc,heap        ] GC(127) CMS: 141609K->282960K(349568K)
[50.989s][info][gc,metaspace   ] GC(127) Metaspace: 10508K->10508K(27648K)
[50.989s][info][gc             ] GC(127) Pause Young (Allocation Failure) 260M->293M(494M) 733.290ms
[50.990s][info][gc,cpu         ] GC(127) User=3.56s Sys=0.17s Real=0.75s
[51.002s][info][gc,start       ] GC(128) Pause Initial Mark
[51.039s][info][gc             ] GC(128) Pause Initial Mark 330M->330M(494M) 37.141ms
[51.039s][info][gc,cpu         ] GC(128) User=0.05s Sys=0.00s Real=0.03s
[51.039s][info][gc             ] GC(128) Concurrent Mark
[51.040s][info][gc,task        ] GC(128) Using 2 workers of 2 for marking
[51.048s][info][gc             ] GC(128) Concurrent Mark 8.493ms
[51.048s][info][gc,cpu         ] GC(128) User=0.00s Sys=0.00s Real=0.01s
[51.048s][info][gc             ] GC(128) Concurrent Preclean
[51.049s][info][gc             ] GC(128) Concurrent Preclean 1.281ms
[51.049s][info][gc,cpu         ] GC(128) User=0.00s Sys=0.00s Real=0.00s
[51.050s][info][gc             ] GC(128) Concurrent Abortable Preclean
[51.050s][info][gc             ] GC(128) Concurrent Abortable Preclean 0.073ms
[51.050s][info][gc,cpu         ] GC(128) User=0.00s Sys=0.00s Real=0.00s
[51.050s][info][gc,start       ] GC(128) Pause Remark
[51.116s][info][gc             ] GC(128) Pause Remark 349M->349M(494M) 65.757ms
[51.116s][info][gc,cpu         ] GC(128) User=0.34s Sys=0.02s Real=0.07s
[51.116s][info][gc             ] GC(128) Concurrent Sweep
[51.175s][info][gc,start       ] GC(129) Pause Young (Allocation Failure)
[51.175s][info][gc,task        ] GC(129) Using 8 workers of 8 for evacuation
[51.175s][info][gc,start       ] GC(130) Pause Full (Allocation Failure)
[51.596s][info][gc             ] GC(128) Concurrent Sweep 479.477ms
[51.596s][info][gc,cpu         ] GC(128) User=0.53s Sys=0.00s Real=0.48s
[51.596s][info][gc,phases,start] GC(130) Phase 1: Mark live objects
[51.812s][info][gc,phases      ] GC(130) Phase 1: Mark live objects 215.279ms
[51.812s][info][gc,phases,start] GC(130) Phase 2: Compute new object addresses
[51.962s][info][gc,phases      ] GC(130) Phase 2: Compute new object addresses 150.274ms
[51.962s][info][gc,phases,start] GC(130) Phase 3: Adjust pointers
[52.055s][info][gc,phases      ] GC(130) Phase 3: Adjust pointers 92.580ms
[52.055s][info][gc,phases,start] GC(130) Phase 4: Move objects
[52.153s][info][gc,phases      ] GC(130) Phase 4: Move objects 98.129ms
[52.156s][info][gc             ] GC(130) Pause Full (Allocation Failure) 362M->138M(494M) 980.544ms
[52.156s][info][gc,heap        ] GC(129) ParNew: 157246K->0K(157248K)
[52.156s][info][gc,heap        ] GC(129) CMS: 214360K->141610K(349568K)
[52.156s][info][gc,metaspace   ] GC(129) Metaspace: 10508K->10508K(27648K)
[52.156s][info][gc             ] GC(129) Pause Young (Allocation Failure) 362M->138M(494M) 981.135ms
[52.156s][info][gc,cpu         ] GC(129) User=0.97s Sys=0.00s Real=0.98s
[52.156s][info][gc,heap        ] GC(128) Old: 282960K->141610K(349568K)
[52.210s][info][gc,start       ] GC(131) Pause Young (Allocation Failure)
[52.210s][info][gc,task        ] GC(131) Using 8 workers of 8 for evacuation
[52.644s][info][gc,heap        ] GC(131) ParNew: 127438K->17470K(157248K)
[52.644s][info][gc,heap        ] GC(131) CMS: 141610K->286630K(349568K)
[52.644s][info][gc,metaspace   ] GC(131) Metaspace: 10508K->10508K(27648K)
[52.644s][info][gc             ] GC(131) Pause Young (Allocation Failure) 262M->296M(494M) 434.337ms
[52.644s][info][gc,cpu         ] GC(131) User=2.69s Sys=0.00s Real=0.43s
[52.657s][info][gc,start       ] GC(132) Pause Initial Mark
[52.696s][info][gc             ] GC(132) Pause Initial Mark 334M->334M(494M) 39.058ms
[52.696s][info][gc,cpu         ] GC(132) User=0.13s Sys=0.02s Real=0.05s
[52.696s][info][gc             ] GC(132) Concurrent Mark
[52.696s][info][gc,task        ] GC(132) Using 2 workers of 2 for marking
[52.706s][info][gc             ] GC(132) Concurrent Mark 9.962ms
[52.706s][info][gc,cpu         ] GC(132) User=0.00s Sys=0.00s Real=0.00s
[52.706s][info][gc             ] GC(132) Concurrent Preclean
[52.708s][info][gc             ] GC(132) Concurrent Preclean 1.455ms
[52.708s][info][gc,cpu         ] GC(132) User=0.00s Sys=0.00s Real=0.00s
[52.708s][info][gc             ] GC(132) Concurrent Abortable Preclean
[52.708s][info][gc             ] GC(132) Concurrent Abortable Preclean 0.076ms
[52.708s][info][gc,cpu         ] GC(132) User=0.00s Sys=0.00s Real=0.00s
[52.709s][info][gc,start       ] GC(132) Pause Remark
[52.784s][info][gc             ] GC(132) Pause Remark 358M->358M(494M) 75.113ms
[52.784s][info][gc,cpu         ] GC(132) User=0.38s Sys=0.00s Real=0.08s
[52.784s][info][gc             ] GC(132) Concurrent Sweep
[52.832s][info][gc,start       ] GC(133) Pause Young (Allocation Failure)
[52.832s][info][gc,task        ] GC(133) Using 8 workers of 8 for evacuation
[52.832s][info][gc,start       ] GC(134) Pause Full (Allocation Failure)
[53.196s][info][gc             ] GC(132) Concurrent Sweep 411.516ms
[53.196s][info][gc,cpu         ] GC(132) User=0.44s Sys=0.00s Real=0.42s
[53.196s][info][gc,phases,start] GC(134) Phase 1: Mark live objects
[53.386s][info][gc,phases      ] GC(134) Phase 1: Mark live objects 190.207ms
[53.386s][info][gc,phases,start] GC(134) Phase 2: Compute new object addresses
[53.570s][info][gc,phases      ] GC(134) Phase 2: Compute new object addresses 183.170ms
[53.570s][info][gc,phases,start] GC(134) Phase 3: Adjust pointers
[53.668s][info][gc,phases      ] GC(134) Phase 3: Adjust pointers 98.112ms
[53.668s][info][gc,phases,start] GC(134) Phase 4: Move objects
[53.779s][info][gc,phases      ] GC(134) Phase 4: Move objects 110.924ms
[53.782s][info][gc             ] GC(134) Pause Full (Allocation Failure) 369M->138M(494M) 949.650ms
[53.782s][info][gc,heap        ] GC(133) ParNew: 157246K->0K(157248K)
[53.782s][info][gc,heap        ] GC(133) CMS: 221251K->141610K(349568K)
[53.782s][info][gc,metaspace   ] GC(133) Metaspace: 10508K->10508K(27648K)
[53.782s][info][gc             ] GC(133) Pause Young (Allocation Failure) 369M->138M(494M) 950.259ms
[53.782s][info][gc,cpu         ] GC(133) User=0.97s Sys=0.00s Real=0.96s
[53.782s][info][gc,heap        ] GC(132) Old: 286630K->141610K(349568K)
[53.837s][info][gc,start       ] GC(135) Pause Young (Allocation Failure)
[53.837s][info][gc,task        ] GC(135) Using 8 workers of 8 for evacuation
[54.280s][info][gc,heap        ] GC(135) ParNew: 130232K->17470K(157248K)
[54.281s][info][gc,heap        ] GC(135) CMS: 141610K->290306K(349568K)
[54.281s][info][gc,metaspace   ] GC(135) Metaspace: 10508K->10508K(27648K)
[54.281s][info][gc             ] GC(135) Pause Young (Allocation Failure) 265M->300M(494M) 443.976ms
[54.281s][info][gc,cpu         ] GC(135) User=2.72s Sys=0.13s Real=0.45s
[54.293s][info][gc,start       ] GC(136) Pause Initial Mark
[54.335s][info][gc             ] GC(136) Pause Initial Mark 338M->338M(494M) 41.869ms
[54.335s][info][gc,cpu         ] GC(136) User=0.06s Sys=0.00s Real=0.06s
[54.335s][info][gc             ] GC(136) Concurrent Mark
[54.335s][info][gc,task        ] GC(136) Using 2 workers of 2 for marking
[54.341s][info][gc             ] GC(136) Concurrent Mark 5.707ms
[54.341s][info][gc,cpu         ] GC(136) User=0.00s Sys=0.00s Real=0.00s
[54.341s][info][gc             ] GC(136) Concurrent Preclean
[54.342s][info][gc             ] GC(136) Concurrent Preclean 0.943ms
[54.342s][info][gc,cpu         ] GC(136) User=0.00s Sys=0.00s Real=0.00s
[54.342s][info][gc             ] GC(136) Concurrent Abortable Preclean
[54.342s][info][gc             ] GC(136) Concurrent Abortable Preclean 0.062ms
[54.342s][info][gc,cpu         ] GC(136) User=0.00s Sys=0.00s Real=0.00s
[54.343s][info][gc,start       ] GC(136) Pause Remark
[54.404s][info][gc             ] GC(136) Pause Remark 349M->349M(494M) 61.061ms
[54.404s][info][gc,cpu         ] GC(136) User=0.30s Sys=0.00s Real=0.06s
[54.404s][info][gc             ] GC(136) Concurrent Sweep
[54.466s][info][gc,start       ] GC(137) Pause Young (Allocation Failure)
[54.466s][info][gc,task        ] GC(137) Using 8 workers of 8 for evacuation
[54.466s][info][gc,start       ] GC(138) Pause Full (Allocation Failure)
[54.811s][info][gc             ] GC(136) Concurrent Sweep 406.660ms
[54.811s][info][gc,cpu         ] GC(136) User=0.47s Sys=0.00s Real=0.40s
[54.811s][info][gc,phases,start] GC(138) Phase 1: Mark live objects
[55.016s][info][gc,phases      ] GC(138) Phase 1: Mark live objects 204.575ms
[55.016s][info][gc,phases,start] GC(138) Phase 2: Compute new object addresses
[55.185s][info][gc,phases      ] GC(138) Phase 2: Compute new object addresses 169.807ms
[55.186s][info][gc,phases,start] GC(138) Phase 3: Adjust pointers
[55.285s][info][gc,phases      ] GC(138) Phase 3: Adjust pointers 99.239ms
[55.285s][info][gc,phases,start] GC(138) Phase 4: Move objects
[55.404s][info][gc,phases      ] GC(138) Phase 4: Move objects 119.143ms
[55.407s][info][gc             ] GC(138) Pause Full (Allocation Failure) 362M->138M(494M) 940.755ms
[55.407s][info][gc,heap        ] GC(137) ParNew: 157246K->0K(157248K)
[55.407s][info][gc,heap        ] GC(137) CMS: 213860K->141610K(349568K)
[55.407s][info][gc,metaspace   ] GC(137) Metaspace: 10508K->10508K(27648K)
[55.407s][info][gc             ] GC(137) Pause Young (Allocation Failure) 362M->138M(494M) 941.474ms
[55.407s][info][gc,cpu         ] GC(137) User=0.94s Sys=0.00s Real=0.94s
[55.408s][info][gc,heap        ] GC(136) Old: 290306K->141610K(349568K)
[55.485s][info][gc,start       ] GC(139) Pause Young (Allocation Failure)
[55.485s][info][gc,task        ] GC(139) Using 8 workers of 8 for evacuation
[56.020s][info][gc,heap        ] GC(139) ParNew: 133028K->17470K(157248K)
[56.020s][info][gc,heap        ] GC(139) CMS: 141610K->293976K(349568K)
[56.020s][info][gc,metaspace   ] GC(139) Metaspace: 10508K->10508K(27648K)
[56.020s][info][gc             ] GC(139) Pause Young (Allocation Failure) 268M->304M(494M) 535.320ms
[56.020s][info][gc,cpu         ] GC(139) User=3.30s Sys=0.20s Real=0.53s
[56.033s][info][gc,start       ] GC(140) Pause Initial Mark
[56.086s][info][gc             ] GC(140) Pause Initial Mark 342M->342M(494M) 53.032ms
[56.086s][info][gc,cpu         ] GC(140) User=0.06s Sys=0.00s Real=0.06s
[56.086s][info][gc             ] GC(140) Concurrent Mark
[56.086s][info][gc,task        ] GC(140) Using 2 workers of 2 for marking
[56.097s][info][gc             ] GC(140) Concurrent Mark 10.540ms
[56.097s][info][gc,cpu         ] GC(140) User=0.05s Sys=0.00s Real=0.01s
[56.097s][info][gc             ] GC(140) Concurrent Preclean
[56.098s][info][gc             ] GC(140) Concurrent Preclean 1.262ms
[56.098s][info][gc,cpu         ] GC(140) User=0.00s Sys=0.00s Real=0.00s
[56.098s][info][gc             ] GC(140) Concurrent Abortable Preclean
[56.098s][info][gc             ] GC(140) Concurrent Abortable Preclean 0.060ms
[56.098s][info][gc,cpu         ] GC(140) User=0.00s Sys=0.00s Real=0.00s
[56.099s][info][gc,start       ] GC(140) Pause Remark
[56.163s][info][gc             ] GC(140) Pause Remark 361M->361M(494M) 64.021ms
[56.163s][info][gc,cpu         ] GC(140) User=0.27s Sys=0.00s Real=0.05s
[56.163s][info][gc             ] GC(140) Concurrent Sweep
[56.211s][info][gc,start       ] GC(141) Pause Young (Allocation Failure)
[56.211s][info][gc,task        ] GC(141) Using 8 workers of 8 for evacuation
[56.211s][info][gc,start       ] GC(142) Pause Full (Allocation Failure)
[56.639s][info][gc             ] GC(140) Concurrent Sweep 475.832ms
[56.639s][info][gc,cpu         ] GC(140) User=0.52s Sys=0.00s Real=0.48s
[56.639s][info][gc,phases,start] GC(142) Phase 1: Mark live objects
[56.871s][info][gc,phases      ] GC(142) Phase 1: Mark live objects 231.299ms
[56.871s][info][gc,phases,start] GC(142) Phase 2: Compute new object addresses
[57.073s][info][gc,phases      ] GC(142) Phase 2: Compute new object addresses 202.445ms
[57.073s][info][gc,phases,start] GC(142) Phase 3: Adjust pointers
[57.193s][info][gc,phases      ] GC(142) Phase 3: Adjust pointers 119.375ms
[57.193s][info][gc,phases,start] GC(142) Phase 4: Move objects
[57.304s][info][gc,phases      ] GC(142) Phase 4: Move objects 111.105ms
[57.307s][info][gc             ] GC(142) Pause Full (Allocation Failure) 380M->138M(494M) 1096.270ms
[57.307s][info][gc,heap        ] GC(141) ParNew: 157246K->0K(157248K)
[57.307s][info][gc,heap        ] GC(141) CMS: 232750K->141610K(349568K)
[57.307s][info][gc,metaspace   ] GC(141) Metaspace: 10508K->10508K(27648K)
[57.307s][info][gc             ] GC(141) Pause Young (Allocation Failure) 380M->138M(494M) 1096.831ms
[57.307s][info][gc,cpu         ] GC(141) User=1.09s Sys=0.00s Real=1.10s
[57.308s][info][gc,heap        ] GC(140) Old: 293976K->141610K(349568K)
[57.373s][info][gc,start       ] GC(143) Pause Young (Allocation Failure)
[57.373s][info][gc,task        ] GC(143) Using 8 workers of 8 for evacuation
[57.897s][info][gc,heap        ] GC(143) ParNew: 135823K->17470K(157248K)
[57.897s][info][gc,heap        ] GC(143) CMS: 141610K->297644K(349568K)
[57.897s][info][gc,metaspace   ] GC(143) Metaspace: 10508K->10508K(27648K)
[57.897s][info][gc             ] GC(143) Pause Young (Allocation Failure) 270M->307M(494M) 523.833ms
[57.897s][info][gc,cpu         ] GC(143) User=2.72s Sys=0.14s Real=0.52s
[57.907s][info][gc,start       ] GC(144) Pause Initial Mark
[57.948s][info][gc             ] GC(144) Pause Initial Mark 346M->346M(494M) 40.599ms
[57.948s][info][gc,cpu         ] GC(144) User=0.06s Sys=0.00s Real=0.05s
[57.948s][info][gc             ] GC(144) Concurrent Mark
[57.948s][info][gc,task        ] GC(144) Using 2 workers of 2 for marking
[57.956s][info][gc             ] GC(144) Concurrent Mark 7.447ms
[57.956s][info][gc,cpu         ] GC(144) User=0.00s Sys=0.00s Real=0.00s
[57.956s][info][gc             ] GC(144) Concurrent Preclean
[57.957s][info][gc             ] GC(144) Concurrent Preclean 1.007ms
[57.957s][info][gc,cpu         ] GC(144) User=0.00s Sys=0.00s Real=0.00s
[57.957s][info][gc             ] GC(144) Concurrent Abortable Preclean
[57.957s][info][gc             ] GC(144) Concurrent Abortable Preclean 0.054ms
[57.957s][info][gc,cpu         ] GC(144) User=0.00s Sys=0.00s Real=0.00s
[57.957s][info][gc,start       ] GC(144) Pause Remark
[58.014s][info][gc             ] GC(144) Pause Remark 365M->365M(494M) 57.022ms
[58.015s][info][gc,cpu         ] GC(144) User=0.42s Sys=0.00s Real=0.06s
[58.015s][info][gc             ] GC(144) Concurrent Sweep
[58.066s][info][gc,start       ] GC(145) Pause Young (Allocation Failure)
[58.066s][info][gc,task        ] GC(145) Using 8 workers of 8 for evacuation
[58.066s][info][gc,start       ] GC(146) Pause Full (Allocation Failure)
[58.500s][info][gc             ] GC(144) Concurrent Sweep 485.226ms
[58.500s][info][gc,cpu         ] GC(144) User=0.53s Sys=0.00s Real=0.48s
[58.501s][info][gc,phases,start] GC(146) Phase 1: Mark live objects
[58.696s][info][gc,phases      ] GC(146) Phase 1: Mark live objects 195.341ms
[58.696s][info][gc,phases,start] GC(146) Phase 2: Compute new object addresses
[58.886s][info][gc,phases      ] GC(146) Phase 2: Compute new object addresses 189.650ms
[58.886s][info][gc,phases,start] GC(146) Phase 3: Adjust pointers
[58.979s][info][gc,phases      ] GC(146) Phase 3: Adjust pointers 93.192ms
[58.979s][info][gc,phases,start] GC(146) Phase 4: Move objects
[59.080s][info][gc,phases      ] GC(146) Phase 4: Move objects 100.942ms
[59.083s][info][gc             ] GC(146) Pause Full (Allocation Failure) 380M->138M(494M) 1016.597ms
[59.083s][info][gc,heap        ] GC(145) ParNew: 157246K->0K(157248K)
[59.083s][info][gc,heap        ] GC(145) CMS: 232389K->141610K(349568K)
[59.083s][info][gc,metaspace   ] GC(145) Metaspace: 10508K->10508K(27648K)
[59.083s][info][gc             ] GC(145) Pause Young (Allocation Failure) 380M->138M(494M) 1017.175ms
[59.083s][info][gc,cpu         ] GC(145) User=1.03s Sys=0.00s Real=1.03s
[59.083s][info][gc,heap        ] GC(144) Old: 297644K->141610K(349568K)
[59.139s][info][gc,start       ] GC(147) Pause Young (Allocation Failure)
[59.139s][info][gc,task        ] GC(147) Using 8 workers of 8 for evacuation
[59.614s][info][gc,heap        ] GC(147) ParNew: 138619K->17472K(157248K)
[59.615s][info][gc,heap        ] GC(147) CMS: 141610K->301312K(349568K)
[59.615s][info][gc,metaspace   ] GC(147) Metaspace: 10508K->10508K(27648K)
[59.615s][info][gc             ] GC(147) Pause Young (Allocation Failure) 273M->311M(494M) 475.903ms
[59.615s][info][gc,cpu         ] GC(147) User=2.84s Sys=0.19s Real=0.47s
[59.635s][info][gc,start       ] GC(148) Pause Initial Mark
[59.677s][info][gc             ] GC(148) Pause Initial Mark 350M->350M(494M) 42.272ms
[59.677s][info][gc,cpu         ] GC(148) User=0.03s Sys=0.00s Real=0.03s
[59.677s][info][gc             ] GC(148) Concurrent Mark
[59.677s][info][gc,task        ] GC(148) Using 2 workers of 2 for marking
[59.685s][info][gc             ] GC(148) Concurrent Mark 7.309ms
[59.685s][info][gc,cpu         ] GC(148) User=0.05s Sys=0.00s Real=0.02s
[59.685s][info][gc             ] GC(148) Concurrent Preclean
[59.686s][info][gc             ] GC(148) Concurrent Preclean 1.378ms
[59.686s][info][gc,cpu         ] GC(148) User=0.00s Sys=0.00s Real=0.00s
[59.686s][info][gc             ] GC(148) Concurrent Abortable Preclean
[59.686s][info][gc             ] GC(148) Concurrent Abortable Preclean 0.080ms
[59.686s][info][gc,cpu         ] GC(148) User=0.00s Sys=0.00s Real=0.00s
[59.687s][info][gc,start       ] GC(148) Pause Remark
[59.748s][info][gc             ] GC(148) Pause Remark 361M->361M(494M) 60.818ms
[59.748s][info][gc,cpu         ] GC(148) User=0.33s Sys=0.00s Real=0.06s
[59.748s][info][gc             ] GC(148) Concurrent Sweep
[59.807s][info][gc,start       ] GC(149) Pause Young (Allocation Failure)
[59.807s][info][gc,task        ] GC(149) Using 8 workers of 8 for evacuation
[59.807s][info][gc,start       ] GC(150) Pause Full (Allocation Failure)
[60.284s][info][gc             ] GC(148) Concurrent Sweep 535.923ms
[60.285s][info][gc,cpu         ] GC(148) User=0.59s Sys=0.00s Real=0.52s
[60.285s][info][gc,phases,start] GC(150) Phase 1: Mark live objects
[60.518s][info][gc,phases      ] GC(150) Phase 1: Mark live objects 233.171ms
[60.518s][info][gc,phases,start] GC(150) Phase 2: Compute new object addresses
[60.679s][info][gc,phases      ] GC(150) Phase 2: Compute new object addresses 160.981ms
[60.679s][info][gc,phases,start] GC(150) Phase 3: Adjust pointers
[60.773s][info][gc,phases      ] GC(150) Phase 3: Adjust pointers 93.885ms
[60.773s][info][gc,phases,start] GC(150) Phase 4: Move objects
[60.868s][info][gc,phases      ] GC(150) Phase 4: Move objects 95.005ms
[60.871s][info][gc             ] GC(150) Pause Full (Allocation Failure) 389M->138M(494M) 1063.999ms
[60.871s][info][gc,heap        ] GC(149) ParNew: 157248K->0K(157248K)
[60.871s][info][gc,heap        ] GC(149) CMS: 241435K->141610K(349568K)
[60.871s][info][gc,metaspace   ] GC(149) Metaspace: 10508K->10508K(27648K)
[60.871s][info][gc             ] GC(149) Pause Young (Allocation Failure) 389M->138M(494M) 1064.697ms
[60.872s][info][gc,cpu         ] GC(149) User=1.03s Sys=0.05s Real=1.07s
[60.872s][info][gc,heap        ] GC(148) Old: 301312K->141610K(349568K)
[60.944s][info][gc,start       ] GC(151) Pause Young (Allocation Failure)
[60.944s][info][gc,task        ] GC(151) Using 8 workers of 8 for evacuation
[61.664s][info][gc,heap        ] GC(151) ParNew: 139776K->17471K(157248K)
[61.664s][info][gc,heap        ] GC(151) CMS: 141610K->304987K(349568K)
[61.664s][info][gc,metaspace   ] GC(151) Metaspace: 10508K->10508K(27648K)
[61.664s][info][gc             ] GC(151) Pause Young (Allocation Failure) 274M->314M(494M) 720.283ms
[61.664s][info][gc,cpu         ] GC(151) User=3.83s Sys=0.06s Real=0.72s
[61.677s][info][gc,start       ] GC(152) Pause Initial Mark
[61.721s][info][gc             ] GC(152) Pause Initial Mark 354M->354M(494M) 43.864ms
[61.721s][info][gc,cpu         ] GC(152) User=0.05s Sys=0.00s Real=0.05s
[61.721s][info][gc             ] GC(152) Concurrent Mark
[61.721s][info][gc,task        ] GC(152) Using 2 workers of 2 for marking
[61.729s][info][gc             ] GC(152) Concurrent Mark 8.454ms
[61.730s][info][gc,cpu         ] GC(152) User=0.00s Sys=0.00s Real=0.00s
[61.730s][info][gc             ] GC(152) Concurrent Preclean
[61.731s][info][gc             ] GC(152) Concurrent Preclean 1.193ms
[61.731s][info][gc,cpu         ] GC(152) User=0.00s Sys=0.00s Real=0.00s
[61.731s][info][gc             ] GC(152) Concurrent Abortable Preclean
[61.731s][info][gc             ] GC(152) Concurrent Abortable Preclean 0.080ms
[61.731s][info][gc,cpu         ] GC(152) User=0.00s Sys=0.00s Real=0.00s
[61.731s][info][gc,start       ] GC(152) Pause Remark
[61.794s][info][gc             ] GC(152) Pause Remark 373M->373M(494M) 62.156ms
[61.794s][info][gc,cpu         ] GC(152) User=0.31s Sys=0.00s Real=0.07s
[61.794s][info][gc             ] GC(152) Concurrent Sweep
[61.848s][info][gc,start       ] GC(153) Pause Young (Allocation Failure)
[61.848s][info][gc,task        ] GC(153) Using 8 workers of 8 for evacuation
[61.848s][info][gc,start       ] GC(154) Pause Full (Allocation Failure)
[62.273s][info][gc             ] GC(152) Concurrent Sweep 478.929ms
[62.273s][info][gc,cpu         ] GC(152) User=0.55s Sys=0.00s Real=0.49s
[62.273s][info][gc,phases,start] GC(154) Phase 1: Mark live objects
[62.465s][info][gc,phases      ] GC(154) Phase 1: Mark live objects 191.250ms
[62.465s][info][gc,phases,start] GC(154) Phase 2: Compute new object addresses
[62.629s][info][gc,phases      ] GC(154) Phase 2: Compute new object addresses 164.335ms
[62.629s][info][gc,phases,start] GC(154) Phase 3: Adjust pointers
[62.721s][info][gc,phases      ] GC(154) Phase 3: Adjust pointers 92.214ms
[62.721s][info][gc,phases,start] GC(154) Phase 4: Move objects
[62.815s][info][gc,phases      ] GC(154) Phase 4: Move objects 93.804ms
[62.818s][info][gc             ] GC(154) Pause Full (Allocation Failure) 393M->138M(494M) 969.482ms
[62.818s][info][gc,heap        ] GC(153) ParNew: 157247K->0K(157248K)
[62.818s][info][gc,heap        ] GC(153) CMS: 245957K->141611K(349568K)
[62.818s][info][gc,metaspace   ] GC(153) Metaspace: 10508K->10508K(27648K)
[62.818s][info][gc             ] GC(153) Pause Young (Allocation Failure) 393M->138M(494M) 970.021ms
[62.818s][info][gc,cpu         ] GC(153) User=0.94s Sys=0.02s Real=0.96s
[62.818s][info][gc,heap        ] GC(152) Old: 304987K->141611K(349568K)
[62.879s][info][gc,start       ] GC(155) Pause Young (Allocation Failure)
[62.880s][info][gc,task        ] GC(155) Using 8 workers of 8 for evacuation
[63.376s][info][gc,heap        ] GC(155) ParNew: 139776K->17471K(157248K)
[63.376s][info][gc,heap        ] GC(155) CMS: 141611K->305760K(349568K)
[63.376s][info][gc,metaspace   ] GC(155) Metaspace: 10508K->10508K(27648K)
[63.376s][info][gc             ] GC(155) Pause Young (Allocation Failure) 274M->315M(494M) 496.781ms
[63.376s][info][gc,cpu         ] GC(155) User=3.16s Sys=0.16s Real=0.51s
[63.377s][info][gc,start       ] GC(156) Pause Initial Mark
[63.386s][info][gc             ] GC(156) Pause Initial Mark 318M->318M(494M) 9.456ms
[63.386s][info][gc,cpu         ] GC(156) User=0.00s Sys=0.00s Real=0.00s
[63.387s][info][gc             ] GC(156) Concurrent Mark
[63.388s][info][gc,task        ] GC(156) Using 2 workers of 2 for marking
[63.493s][info][gc,start       ] GC(157) Pause Young (Allocation Failure)
[63.493s][info][gc,task        ] GC(157) Using 8 workers of 8 for evacuation
[63.493s][info][gc,start       ] GC(158) Pause Full (Allocation Failure)
[65.590s][info][gc             ] GC(156) Concurrent Mark 2201.926ms
[65.590s][info][gc,cpu         ] GC(156) User=4.09s Sys=0.19s Real=2.21s
[65.590s][info][gc,phases,start] GC(158) Phase 1: Mark live objects
[65.860s][info][gc,phases      ] GC(158) Phase 1: Mark live objects 269.255ms
[65.860s][info][gc,phases,start] GC(158) Phase 2: Compute new object addresses
[66.180s][info][gc,phases      ] GC(158) Phase 2: Compute new object addresses 320.278ms
[66.180s][info][gc,phases,start] GC(158) Phase 3: Adjust pointers
[66.282s][info][gc,phases      ] GC(158) Phase 3: Adjust pointers 102.077ms
[66.283s][info][gc,phases,start] GC(158) Phase 4: Move objects
[66.387s][info][gc,phases      ] GC(158) Phase 4: Move objects 104.215ms
[66.391s][info][gc             ] GC(158) Pause Full (Allocation Failure) 452M->136M(494M) 2897.512ms
[66.391s][info][gc,heap        ] GC(157) ParNew: 157247K->0K(157248K)
[66.391s][info][gc,heap        ] GC(157) CMS: 305760K->139451K(349568K)
[66.391s][info][gc,metaspace   ] GC(157) Metaspace: 10508K->10508K(27648K)
[66.391s][info][gc             ] GC(157) Pause Young (Allocation Failure) 452M->136M(494M) 2898.054ms
[66.391s][info][gc,cpu         ] GC(157) User=4.56s Sys=0.19s Real=2.90s
[66.467s][info][gc,start       ] GC(159) Pause Young (Allocation Failure)
[66.467s][info][gc,task        ] GC(159) Using 8 workers of 8 for evacuation
[67.252s][info][gc,heap        ] GC(159) ParNew: 139776K->17470K(157248K)
[67.252s][info][gc,heap        ] GC(159) CMS: 139451K->303598K(349568K)
[67.252s][info][gc,metaspace   ] GC(159) Metaspace: 10508K->10508K(27648K)
[67.252s][info][gc             ] GC(159) Pause Young (Allocation Failure) 272M->313M(494M) 784.809ms
[67.252s][info][gc,cpu         ] GC(159) User=4.52s Sys=0.34s Real=0.79s
[67.253s][info][gc,start       ] GC(160) Pause Initial Mark
[67.285s][info][gc             ] GC(160) Pause Initial Mark 316M->316M(494M) 32.564ms
[67.286s][info][gc,cpu         ] GC(160) User=0.03s Sys=0.00s Real=0.04s
[67.286s][info][gc             ] GC(160) Concurrent Mark
[67.286s][info][gc,task        ] GC(160) Using 2 workers of 2 for marking
[67.537s][info][gc,start       ] GC(161) Pause Young (Allocation Failure)
[67.537s][info][gc,task        ] GC(161) Using 8 workers of 8 for evacuation
[67.537s][info][gc,start       ] GC(162) Pause Full (Allocation Failure)
[67.995s][info][gc             ] GC(160) Concurrent Mark 708.673ms
[67.995s][info][gc,cpu         ] GC(160) User=1.31s Sys=0.00s Real=0.70s
[67.995s][info][gc,phases,start] GC(162) Phase 1: Mark live objects
[68.212s][info][gc,phases      ] GC(162) Phase 1: Mark live objects 216.492ms
[68.212s][info][gc,phases,start] GC(162) Phase 2: Compute new object addresses
[68.455s][info][gc,phases      ] GC(162) Phase 2: Compute new object addresses 242.821ms
[68.455s][info][gc,phases,start] GC(162) Phase 3: Adjust pointers
[68.572s][info][gc,phases      ] GC(162) Phase 3: Adjust pointers 116.748ms
[68.572s][info][gc,phases,start] GC(162) Phase 4: Move objects
[68.696s][info][gc,phases      ] GC(162) Phase 4: Move objects 123.785ms
[68.699s][info][gc             ] GC(162) Pause Full (Allocation Failure) 450M->131M(494M) 1161.560ms
[68.699s][info][gc,heap        ] GC(161) ParNew: 157246K->0K(157248K)
[68.699s][info][gc,heap        ] GC(161) CMS: 303598K->134556K(349568K)
[68.699s][info][gc,metaspace   ] GC(161) Metaspace: 10508K->10508K(27648K)
[68.699s][info][gc             ] GC(161) Pause Young (Allocation Failure) 450M->131M(494M) 1162.222ms
[68.699s][info][gc,cpu         ] GC(161) User=1.58s Sys=0.00s Real=1.16s
[68.764s][info][gc,start       ] GC(163) Pause Young (Allocation Failure)
[68.764s][info][gc,task        ] GC(163) Using 8 workers of 8 for evacuation
[69.448s][info][gc,heap        ] GC(163) ParNew: 139776K->17470K(157248K)
[69.448s][info][gc,heap        ] GC(163) CMS: 134556K->298705K(349568K)
[69.448s][info][gc,metaspace   ] GC(163) Metaspace: 10508K->10508K(27648K)
[69.448s][info][gc             ] GC(163) Pause Young (Allocation Failure) 267M->308M(494M) 683.787ms
[69.448s][info][gc,cpu         ] GC(163) User=3.89s Sys=0.11s Real=0.69s
[69.448s][info][gc,start       ] GC(164) Pause Initial Mark
[69.457s][info][gc             ] GC(164) Pause Initial Mark 311M->311M(494M) 8.817ms
[69.457s][info][gc,cpu         ] GC(164) User=0.00s Sys=0.00s Real=0.00s
[69.458s][info][gc             ] GC(164) Concurrent Mark
[69.458s][info][gc,task        ] GC(164) Using 2 workers of 2 for marking
[69.535s][info][gc,start       ] GC(165) Pause Young (Allocation Failure)
[69.535s][info][gc,task        ] GC(165) Using 8 workers of 8 for evacuation
[69.535s][info][gc,start       ] GC(166) Pause Full (Allocation Failure)
[71.064s][info][gc             ] GC(164) Concurrent Mark 1606.892ms
[71.065s][info][gc,cpu         ] GC(164) User=2.80s Sys=0.11s Real=1.61s
[71.065s][info][gc,phases,start] GC(166) Phase 1: Mark live objects
[71.304s][info][gc,phases      ] GC(166) Phase 1: Mark live objects 238.636ms
[71.304s][info][gc,phases,start] GC(166) Phase 2: Compute new object addresses
[71.652s][info][gc,phases      ] GC(166) Phase 2: Compute new object addresses 348.220ms
[71.652s][info][gc,phases,start] GC(166) Phase 3: Adjust pointers
[71.752s][info][gc,phases      ] GC(166) Phase 3: Adjust pointers 99.972ms
[71.753s][info][gc,phases,start] GC(166) Phase 4: Move objects
[71.844s][info][gc,phases      ] GC(166) Phase 4: Move objects 91.023ms
[71.847s][info][gc             ] GC(166) Pause Full (Allocation Failure) 445M->123M(494M) 2312.193ms
[71.847s][info][gc,heap        ] GC(165) ParNew: 157246K->0K(157248K)
[71.847s][info][gc,heap        ] GC(165) CMS: 298705K->126927K(349568K)
[71.847s][info][gc,metaspace   ] GC(165) Metaspace: 10508K->10508K(27648K)
[71.847s][info][gc             ] GC(165) Pause Young (Allocation Failure) 445M->123M(494M) 2312.695ms
[71.847s][info][gc,cpu         ] GC(165) User=3.36s Sys=0.11s Real=2.32s
[71.906s][info][gc,start       ] GC(167) Pause Young (Allocation Failure)
[71.906s][info][gc,task        ] GC(167) Using 8 workers of 8 for evacuation
[72.396s][info][gc,heap        ] GC(167) ParNew: 139776K->17470K(157248K)
[72.396s][info][gc,heap        ] GC(167) CMS: 126927K->291076K(349568K)
[72.396s][info][gc,metaspace   ] GC(167) Metaspace: 10508K->10508K(27648K)
[72.397s][info][gc             ] GC(167) Pause Young (Allocation Failure) 260M->301M(494M) 490.526ms
[72.397s][info][gc,cpu         ] GC(167) User=3.69s Sys=0.05s Real=0.50s
[72.397s][info][gc,start       ] GC(168) Pause Initial Mark
[72.422s][info][gc             ] GC(168) Pause Initial Mark 304M->304M(494M) 24.818ms
[72.422s][info][gc,cpu         ] GC(168) User=0.02s Sys=0.00s Real=0.02s
[72.423s][info][gc             ] GC(168) Concurrent Mark
[72.423s][info][gc,task        ] GC(168) Using 2 workers of 2 for marking
[72.642s][info][gc,start       ] GC(169) Pause Young (Allocation Failure)
[72.643s][info][gc,task        ] GC(169) Using 8 workers of 8 for evacuation
[72.643s][info][gc,start       ] GC(170) Pause Full (Allocation Failure)
[73.038s][info][gc             ] GC(168) Concurrent Mark 615.317ms
[73.038s][info][gc,cpu         ] GC(168) User=1.09s Sys=0.00s Real=0.61s
[73.038s][info][gc,phases,start] GC(170) Phase 1: Mark live objects
[73.207s][info][gc,phases      ] GC(170) Phase 1: Mark live objects 169.009ms
[73.208s][info][gc,phases,start] GC(170) Phase 2: Compute new object addresses
[73.464s][info][gc,phases      ] GC(170) Phase 2: Compute new object addresses 256.833ms
[73.465s][info][gc,phases,start] GC(170) Phase 3: Adjust pointers
[73.555s][info][gc,phases      ] GC(170) Phase 3: Adjust pointers 90.326ms
[73.555s][info][gc,phases,start] GC(170) Phase 4: Move objects
[73.634s][info][gc,phases      ] GC(170) Phase 4: Move objects 78.975ms
[73.637s][info][gc             ] GC(170) Pause Full (Allocation Failure) 437M->113M(494M) 994.433ms
[73.637s][info][gc,heap        ] GC(169) ParNew: 157246K->0K(157248K)
[73.637s][info][gc,heap        ] GC(169) CMS: 291076K->116563K(349568K)
[73.637s][info][gc,metaspace   ] GC(169) Metaspace: 10508K->10508K(27648K)
[73.637s][info][gc             ] GC(169) Pause Young (Allocation Failure) 437M->113M(494M) 994.971ms
[73.637s][info][gc,cpu         ] GC(169) User=1.34s Sys=0.00s Real=0.99s
[73.697s][info][gc,start       ] GC(171) Pause Young (Allocation Failure)
[73.697s][info][gc,task        ] GC(171) Using 8 workers of 8 for evacuation
[74.204s][info][gc,heap        ] GC(171) ParNew: 139776K->17470K(157248K)
[74.204s][info][gc,heap        ] GC(171) CMS: 116563K->280713K(349568K)
[74.204s][info][gc,metaspace   ] GC(171) Metaspace: 10508K->10508K(27648K)
[74.204s][info][gc             ] GC(171) Pause Young (Allocation Failure) 250M->291M(494M) 507.560ms
[74.204s][info][gc,cpu         ] GC(171) User=3.69s Sys=0.08s Real=0.51s
[74.205s][info][gc,start       ] GC(172) Pause Initial Mark
[74.220s][info][gc             ] GC(172) Pause Initial Mark 293M->293M(494M) 15.372ms
[74.220s][info][gc,cpu         ] GC(172) User=0.00s Sys=0.02s Real=0.02s
[74.221s][info][gc             ] GC(172) Concurrent Mark
[74.221s][info][gc,task        ] GC(172) Using 2 workers of 2 for marking
[74.304s][info][gc,start       ] GC(173) Pause Young (Allocation Failure)
[74.304s][info][gc,task        ] GC(173) Using 8 workers of 8 for evacuation
[74.304s][info][gc,start       ] GC(174) Pause Full (Allocation Failure)
[75.721s][info][gc             ] GC(172) Concurrent Mark 1499.811ms
[75.721s][info][gc,cpu         ] GC(172) User=2.34s Sys=0.19s Real=1.49s
[75.721s][info][gc,phases,start] GC(174) Phase 1: Mark live objects
[75.870s][info][gc,phases      ] GC(174) Phase 1: Mark live objects 148.453ms
[75.870s][info][gc,phases,start] GC(174) Phase 2: Compute new object addresses
[76.105s][info][gc,phases      ] GC(174) Phase 2: Compute new object addresses 235.296ms
[76.105s][info][gc,phases,start] GC(174) Phase 3: Adjust pointers
[76.183s][info][gc,phases      ] GC(174) Phase 3: Adjust pointers 78.378ms
[76.184s][info][gc,phases,start] GC(174) Phase 4: Move objects
[76.263s][info][gc,phases      ] GC(174) Phase 4: Move objects 79.705ms
[76.267s][info][gc             ] GC(174) Pause Full (Allocation Failure) 427M->101M(494M) 1963.002ms
[76.267s][info][gc,heap        ] GC(173) ParNew: 157246K->0K(157248K)
[76.267s][info][gc,heap        ] GC(173) CMS: 280713K->103467K(349568K)
[76.267s][info][gc,metaspace   ] GC(173) Metaspace: 10508K->10508K(27648K)
[76.268s][info][gc             ] GC(173) Pause Young (Allocation Failure) 427M->101M(494M) 1963.492ms
[76.268s][info][gc,cpu         ] GC(173) User=2.69s Sys=0.17s Real=1.96s
[76.338s][info][gc,start       ] GC(175) Pause Young (Allocation Failure)
[76.338s][info][gc,task        ] GC(175) Using 8 workers of 8 for evacuation
[76.947s][info][gc,heap        ] GC(175) ParNew: 139776K->17470K(157248K)
[76.947s][info][gc,heap        ] GC(175) CMS: 103467K->267618K(349568K)
[76.947s][info][gc,metaspace   ] GC(175) Metaspace: 10508K->10508K(27648K)
[76.947s][info][gc             ] GC(175) Pause Young (Allocation Failure) 237M->278M(494M) 609.390ms
[76.947s][info][gc,cpu         ] GC(175) User=3.97s Sys=0.19s Real=0.60s
[76.948s][info][gc,start       ] GC(176) Pause Initial Mark
[76.954s][info][gc             ] GC(176) Pause Initial Mark 281M->281M(494M) 6.412ms
[76.954s][info][gc,cpu         ] GC(176) User=0.00s Sys=0.00s Real=0.00s
[76.954s][info][gc             ] GC(176) Concurrent Mark
[76.955s][info][gc,task        ] GC(176) Using 2 workers of 2 for marking
[77.170s][info][gc,start       ] GC(177) Pause Young (Allocation Failure)
[77.170s][info][gc,task        ] GC(177) Using 8 workers of 8 for evacuation
[77.170s][info][gc,start       ] GC(178) Pause Full (Allocation Failure)
[77.514s][info][gc             ] GC(176) Concurrent Mark 559.320ms
[77.514s][info][gc,cpu         ] GC(176) User=1.05s Sys=0.00s Real=0.56s
[77.514s][info][gc,phases,start] GC(178) Phase 1: Mark live objects
[77.632s][info][gc,phases      ] GC(178) Phase 1: Mark live objects 117.635ms
[77.632s][info][gc,phases,start] GC(178) Phase 2: Compute new object addresses
[77.844s][info][gc,phases      ] GC(178) Phase 2: Compute new object addresses 212.043ms
[77.844s][info][gc,phases,start] GC(178) Phase 3: Adjust pointers
[77.895s][info][gc,phases      ] GC(178) Phase 3: Adjust pointers 50.793ms
[77.895s][info][gc,phases,start] GC(178) Phase 4: Move objects
[77.950s][info][gc,phases      ] GC(178) Phase 4: Move objects 54.571ms
[77.952s][info][gc             ] GC(178) Pause Full (Allocation Failure) 414M->85M(494M) 782.100ms
[77.952s][info][gc,heap        ] GC(177) ParNew: 157246K->0K(157248K)
[77.952s][info][gc,heap        ] GC(177) CMS: 267618K->87635K(349568K)
[77.952s][info][gc,metaspace   ] GC(177) Metaspace: 10508K->10508K(27648K)
[77.952s][info][gc             ] GC(177) Pause Young (Allocation Failure) 414M->85M(494M) 782.720ms
[77.953s][info][gc,cpu         ] GC(177) User=1.09s Sys=0.00s Real=0.78s
[78.009s][info][gc,start       ] GC(179) Pause Young (Allocation Failure)
[78.009s][info][gc,task        ] GC(179) Using 8 workers of 8 for evacuation
[78.542s][info][gc,heap        ] GC(179) ParNew: 139776K->17470K(157248K)
[78.542s][info][gc,heap        ] GC(179) CMS: 87635K->251783K(349568K)
[78.542s][info][gc,metaspace   ] GC(179) Metaspace: 10508K->10508K(27648K)
[78.542s][info][gc             ] GC(179) Pause Young (Allocation Failure) 222M->262M(494M) 533.624ms
[78.543s][info][gc,cpu         ] GC(179) User=3.34s Sys=0.17s Real=0.52s
[78.543s][info][gc,start       ] GC(180) Pause Initial Mark
[78.572s][info][gc             ] GC(180) Pause Initial Mark 265M->265M(494M) 29.065ms
[78.572s][info][gc,cpu         ] GC(180) User=0.13s Sys=0.00s Real=0.03s
[78.572s][info][gc             ] GC(180) Concurrent Mark
[78.573s][info][gc,task        ] GC(180) Using 2 workers of 2 for marking
[78.770s][info][gc,start       ] GC(181) Pause Young (Allocation Failure)
[78.770s][info][gc,task        ] GC(181) Using 8 workers of 8 for evacuation
[78.770s][info][gc,start       ] GC(182) Pause Full (Allocation Failure)
[79.061s][info][gc             ] GC(180) Concurrent Mark 488.622ms
[79.061s][info][gc,cpu         ] GC(180) User=0.92s Sys=0.00s Real=0.49s
[79.062s][info][gc,phases,start] GC(182) Phase 1: Mark live objects
[79.149s][info][gc,phases      ] GC(182) Phase 1: Mark live objects 87.179ms
[79.149s][info][gc,phases,start] GC(182) Phase 2: Compute new object addresses
[79.327s][info][gc,phases      ] GC(182) Phase 2: Compute new object addresses 177.517ms
[79.327s][info][gc,phases,start] GC(182) Phase 3: Adjust pointers
[79.365s][info][gc,phases      ] GC(182) Phase 3: Adjust pointers 37.556ms
[79.365s][info][gc,phases,start] GC(182) Phase 4: Move objects
[79.399s][info][gc,phases      ] GC(182) Phase 4: Move objects 34.100ms
[79.401s][info][gc             ] GC(182) Pause Full (Allocation Failure) 399M->67M(494M) 631.556ms
[79.401s][info][gc,heap        ] GC(181) ParNew: 157246K->0K(157248K)
[79.401s][info][gc,heap        ] GC(181) CMS: 251783K->69070K(349568K)
[79.401s][info][gc,metaspace   ] GC(181) Metaspace: 10508K->10508K(27648K)
[79.402s][info][gc             ] GC(181) Pause Young (Allocation Failure) 399M->67M(494M) 631.993ms
[79.402s][info][gc,cpu         ] GC(181) User=0.89s Sys=0.00s Real=0.63s
[79.456s][info][gc,start       ] GC(183) Pause Young (Allocation Failure)
[79.457s][info][gc,task        ] GC(183) Using 8 workers of 8 for evacuation
[79.942s][info][gc,heap        ] GC(183) ParNew: 139776K->17472K(157248K)
[79.942s][info][gc,heap        ] GC(183) CMS: 69070K->233215K(349568K)
[79.942s][info][gc,metaspace   ] GC(183) Metaspace: 10508K->10508K(27648K)
[79.942s][info][gc             ] GC(183) Pause Young (Allocation Failure) 203M->244M(494M) 485.905ms
[79.942s][info][gc,cpu         ] GC(183) User=3.17s Sys=0.09s Real=0.49s
[79.943s][info][gc,start       ] GC(184) Pause Initial Mark
[79.952s][info][gc             ] GC(184) Pause Initial Mark 247M->247M(494M) 8.875ms
[79.952s][info][gc,cpu         ] GC(184) User=0.00s Sys=0.00s Real=0.01s
[79.952s][info][gc             ] GC(184) Concurrent Mark
[79.952s][info][gc,task        ] GC(184) Using 2 workers of 2 for marking
[80.015s][info][gc,start       ] GC(185) Pause Young (Allocation Failure)
[80.015s][info][gc,task        ] GC(185) Using 8 workers of 8 for evacuation
[80.015s][info][gc,start       ] GC(186) Pause Full (Allocation Failure)
[81.003s][info][gc             ] GC(184) Concurrent Mark 1050.843ms
[81.003s][info][gc,cpu         ] GC(184) User=1.83s Sys=0.08s Real=1.04s
[81.004s][info][gc,phases,start] GC(186) Phase 1: Mark live objects
[81.062s][info][gc,phases      ] GC(186) Phase 1: Mark live objects 58.464ms
[81.062s][info][gc,phases,start] GC(186) Phase 2: Compute new object addresses
[81.196s][info][gc,phases      ] GC(186) Phase 2: Compute new object addresses 133.492ms
[81.196s][info][gc,phases,start] GC(186) Phase 3: Adjust pointers
[81.213s][info][gc,phases      ] GC(186) Phase 3: Adjust pointers 17.589ms
[81.213s][info][gc,phases,start] GC(186) Phase 4: Move objects
[81.232s][info][gc,phases      ] GC(186) Phase 4: Move objects 18.523ms
[81.235s][info][gc             ] GC(186) Pause Full (Allocation Failure) 381M->46M(494M) 1219.335ms
[81.235s][info][gc,heap        ] GC(185) ParNew: 157248K->0K(157248K)
[81.235s][info][gc,heap        ] GC(185) CMS: 233215K->47770K(349568K)
[81.235s][info][gc,metaspace   ] GC(185) Metaspace: 10508K->10508K(27648K)
[81.235s][info][gc             ] GC(185) Pause Young (Allocation Failure) 381M->46M(494M) 1219.828ms
[81.235s][info][gc,cpu         ] GC(185) User=1.88s Sys=0.08s Real=1.22s
[81.298s][info][gc,start       ] GC(187) Pause Young (Allocation Failure)
[81.298s][info][gc,task        ] GC(187) Using 8 workers of 8 for evacuation
[81.809s][info][gc,heap        ] GC(187) ParNew: 139776K->17471K(157248K)
[81.809s][info][gc,heap        ] GC(187) CMS: 47770K->211918K(349568K)
[81.809s][info][gc,metaspace   ] GC(187) Metaspace: 10508K->10508K(27648K)
[81.809s][info][gc             ] GC(187) Pause Young (Allocation Failure) 183M->224M(494M) 511.680ms
[81.810s][info][gc,cpu         ] GC(187) User=3.42s Sys=0.17s Real=0.52s
[81.811s][info][gc,start       ] GC(188) Pause Initial Mark
[81.824s][info][gc             ] GC(188) Pause Initial Mark 226M->226M(494M) 12.992ms
[81.824s][info][gc,cpu         ] GC(188) User=0.02s Sys=0.00s Real=0.02s
[81.824s][info][gc             ] GC(188) Concurrent Mark
[81.824s][info][gc,task        ] GC(188) Using 2 workers of 2 for marking
[81.919s][info][gc,start       ] GC(189) Pause Young (Allocation Failure)
[81.919s][info][gc,task        ] GC(189) Using 8 workers of 8 for evacuation
[82.396s][info][gc,heap        ] GC(189) ParNew: 137647K->17471K(157248K)
[82.396s][info][gc,heap        ] GC(189) CMS: 211918K->330061K(349568K)
[82.396s][info][gc,metaspace   ] GC(189) Metaspace: 10508K->10508K(27648K)
[82.396s][info][gc             ] GC(189) Pause Young (Allocation Failure) 341M->339M(494M) 477.028ms
[82.396s][info][gc,cpu         ] GC(189) User=3.25s Sys=0.11s Real=0.47s
[82.484s][info][gc,start       ] GC(190) Pause Young (Allocation Failure)
[82.484s][info][gc,task        ] GC(190) Using 8 workers of 8 for evacuation
[82.484s][info][gc,start       ] GC(191) Pause Full (Allocation Failure)
[83.363s][info][gc             ] GC(188) Concurrent Mark 1538.420ms
[83.363s][info][gc,cpu         ] GC(188) User=5.05s Sys=0.25s Real=1.53s
[83.363s][info][gc,phases,start] GC(191) Phase 1: Mark live objects
[83.617s][info][gc,phases      ] GC(191) Phase 1: Mark live objects 254.201ms
[83.618s][info][gc,phases,start] GC(191) Phase 2: Compute new object addresses
[84.038s][info][gc,phases      ] GC(191) Phase 2: Compute new object addresses 420.305ms
[84.038s][info][gc,phases,start] GC(191) Phase 3: Adjust pointers
[84.147s][info][gc,phases      ] GC(191) Phase 3: Adjust pointers 108.949ms
[84.147s][info][gc,phases,start] GC(191) Phase 4: Move objects
[84.260s][info][gc,phases      ] GC(191) Phase 4: Move objects 113.332ms
[84.264s][info][gc             ] GC(191) Pause Full (Allocation Failure) 475M->138M(494M) 1779.689ms
[84.264s][info][gc,heap        ] GC(190) ParNew: 157247K->0K(157248K)
[84.264s][info][gc,heap        ] GC(190) CMS: 330061K->141612K(349568K)
[84.264s][info][gc,metaspace   ] GC(190) Metaspace: 10508K->10508K(27648K)
[84.264s][info][gc             ] GC(190) Pause Young (Allocation Failure) 475M->138M(494M) 1780.167ms
[84.264s][info][gc,cpu         ] GC(190) User=2.20s Sys=0.14s Real=1.78s
[84.340s][info][gc,start       ] GC(192) Pause Young (Allocation Failure)
[84.340s][info][gc,task        ] GC(192) Using 8 workers of 8 for evacuation
[84.950s][info][gc,heap        ] GC(192) ParNew: 139776K->17470K(157248K)
[84.950s][info][gc,heap        ] GC(192) CMS: 141612K->305760K(349568K)
[84.950s][info][gc,metaspace   ] GC(192) Metaspace: 10508K->10508K(27648K)
[84.950s][info][gc             ] GC(192) Pause Young (Allocation Failure) 274M->315M(494M) 610.515ms
[84.950s][info][gc,cpu         ] GC(192) User=3.42s Sys=0.09s Real=0.61s
[84.951s][info][gc,start       ] GC(193) Pause Initial Mark
[84.969s][info][gc             ] GC(193) Pause Initial Mark 318M->318M(494M) 18.213ms
[84.969s][info][gc,cpu         ] GC(193) User=0.16s Sys=0.00s Real=0.02s
[84.970s][info][gc             ] GC(193) Concurrent Mark
[84.970s][info][gc,task        ] GC(193) Using 2 workers of 2 for marking
[85.049s][info][gc,start       ] GC(194) Pause Young (Allocation Failure)
[85.049s][info][gc,task        ] GC(194) Using 8 workers of 8 for evacuation
[85.049s][info][gc,start       ] GC(195) Pause Full (Allocation Failure)
[86.720s][info][gc             ] GC(193) Concurrent Mark 1750.332ms
[86.720s][info][gc,cpu         ] GC(193) User=2.73s Sys=0.33s Real=1.75s
[86.721s][info][gc,phases,start] GC(195) Phase 1: Mark live objects
[86.929s][info][gc,phases      ] GC(195) Phase 1: Mark live objects 207.817ms
[86.929s][info][gc,phases,start] GC(195) Phase 2: Compute new object addresses
[87.191s][info][gc,phases      ] GC(195) Phase 2: Compute new object addresses 262.706ms
[87.192s][info][gc,phases,start] GC(195) Phase 3: Adjust pointers
[87.262s][info][gc,phases      ] GC(195) Phase 3: Adjust pointers 70.024ms
[87.262s][info][gc,phases,start] GC(195) Phase 4: Move objects
[87.335s][info][gc,phases      ] GC(195) Phase 4: Move objects 72.918ms
[87.338s][info][gc             ] GC(195) Pause Full (Allocation Failure) 452M->112M(494M) 2288.591ms
[87.338s][info][gc,heap        ] GC(194) ParNew: 157246K->0K(157248K)
[87.338s][info][gc,heap        ] GC(194) CMS: 305760K->114843K(349568K)
[87.338s][info][gc,metaspace   ] GC(194) Metaspace: 10508K->10508K(27648K)
[87.338s][info][gc             ] GC(194) Pause Young (Allocation Failure) 452M->112M(494M) 2289.236ms
[87.338s][info][gc,cpu         ] GC(194) User=3.17s Sys=0.34s Real=2.30s
[87.401s][info][gc,start       ] GC(196) Pause Young (Allocation Failure)
[87.401s][info][gc,task        ] GC(196) Using 8 workers of 8 for evacuation
[87.847s][info][gc,heap        ] GC(196) ParNew: 139776K->17470K(157248K)
[87.847s][info][gc,heap        ] GC(196) CMS: 114843K->278991K(349568K)
[87.847s][info][gc,metaspace   ] GC(196) Metaspace: 10508K->10508K(27648K)
[87.848s][info][gc             ] GC(196) Pause Young (Allocation Failure) 248M->289M(494M) 446.636ms
[87.848s][info][gc,cpu         ] GC(196) User=3.22s Sys=0.09s Real=0.44s
[87.848s][info][gc,start       ] GC(197) Pause Initial Mark
[87.854s][info][gc             ] GC(197) Pause Initial Mark 292M->292M(494M) 5.588ms
[87.854s][info][gc,cpu         ] GC(197) User=0.08s Sys=0.00s Real=0.01s
[87.854s][info][gc             ] GC(197) Concurrent Mark
[87.854s][info][gc,task        ] GC(197) Using 2 workers of 2 for marking
[88.067s][info][gc,start       ] GC(198) Pause Young (Allocation Failure)
[88.067s][info][gc,task        ] GC(198) Using 8 workers of 8 for evacuation
[88.067s][info][gc,start       ] GC(199) Pause Full (Allocation Failure)
[88.395s][info][gc             ] GC(197) Concurrent Mark 540.546ms
[88.395s][info][gc,cpu         ] GC(197) User=0.92s Sys=0.00s Real=0.53s
[88.395s][info][gc,phases,start] GC(199) Phase 1: Mark live objects
[88.500s][info][gc,phases      ] GC(199) Phase 1: Mark live objects 105.263ms
[88.500s][info][gc,phases,start] GC(199) Phase 2: Compute new object addresses
[88.728s][info][gc,phases      ] GC(199) Phase 2: Compute new object addresses 227.771ms
[88.728s][info][gc,phases,start] GC(199) Phase 3: Adjust pointers
[88.793s][info][gc,phases      ] GC(199) Phase 3: Adjust pointers 64.566ms
[88.793s][info][gc,phases,start] GC(199) Phase 4: Move objects
[88.851s][info][gc,phases      ] GC(199) Phase 4: Move objects 58.363ms
[88.854s][info][gc             ] GC(199) Pause Full (Allocation Failure) 426M->83M(494M) 786.387ms
[88.854s][info][gc,heap        ] GC(198) ParNew: 157246K->0K(157248K)
[88.854s][info][gc,heap        ] GC(198) CMS: 278991K->85339K(349568K)
[88.854s][info][gc,metaspace   ] GC(198) Metaspace: 10508K->10508K(27648K)
[88.854s][info][gc             ] GC(198) Pause Young (Allocation Failure) 426M->83M(494M) 786.900ms
[88.854s][info][gc,cpu         ] GC(198) User=1.09s Sys=0.00s Real=0.80s
[88.936s][info][gc,start       ] GC(200) Pause Young (Allocation Failure)
[88.936s][info][gc,task        ] GC(200) Using 8 workers of 8 for evacuation
[89.444s][info][gc,heap        ] GC(200) ParNew: 139776K->17470K(157248K)
[89.444s][info][gc,heap        ] GC(200) CMS: 85339K->249488K(349568K)
[89.444s][info][gc,metaspace   ] GC(200) Metaspace: 10508K->10508K(27648K)
[89.444s][info][gc             ] GC(200) Pause Young (Allocation Failure) 219M->260M(494M) 508.222ms
[89.444s][info][gc,cpu         ] GC(200) User=3.31s Sys=0.08s Real=0.51s
[89.445s][info][gc,start       ] GC(201) Pause Initial Mark
[89.451s][info][gc             ] GC(201) Pause Initial Mark 263M->263M(494M) 6.039ms
[89.451s][info][gc,cpu         ] GC(201) User=0.00s Sys=0.00s Real=0.00s
[89.451s][info][gc             ] GC(201) Concurrent Mark
[89.451s][info][gc,task        ] GC(201) Using 2 workers of 2 for marking
[89.526s][info][gc,start       ] GC(202) Pause Young (Allocation Failure)
[89.527s][info][gc,task        ] GC(202) Using 8 workers of 8 for evacuation
[89.527s][info][gc,start       ] GC(203) Pause Full (Allocation Failure)
[90.928s][info][gc             ] GC(201) Concurrent Mark 1476.107ms
[90.928s][info][gc,cpu         ] GC(201) User=2.36s Sys=0.25s Real=1.48s
[90.928s][info][gc,phases,start] GC(203) Phase 1: Mark live objects
[91.025s][info][gc,phases      ] GC(203) Phase 1: Mark live objects 96.759ms
[91.025s][info][gc,phases,start] GC(203) Phase 2: Compute new object addresses
[91.268s][info][gc,phases      ] GC(203) Phase 2: Compute new object addresses 243.181ms
[91.268s][info][gc,phases,start] GC(203) Phase 3: Adjust pointers
[91.293s][info][gc,phases      ] GC(203) Phase 3: Adjust pointers 24.501ms
[91.293s][info][gc,phases,start] GC(203) Phase 4: Move objects
[91.322s][info][gc,phases      ] GC(203) Phase 4: Move objects 29.453ms
[91.326s][info][gc             ] GC(203) Pause Full (Allocation Failure) 397M->51M(494M) 1799.611ms
[91.326s][info][gc,heap        ] GC(202) ParNew: 157246K->0K(157248K)
[91.326s][info][gc,heap        ] GC(202) CMS: 249488K->53103K(349568K)
[91.326s][info][gc,metaspace   ] GC(202) Metaspace: 10508K->10508K(27648K)
[91.327s][info][gc             ] GC(202) Pause Young (Allocation Failure) 397M->51M(494M) 1800.230ms
[91.327s][info][gc,cpu         ] GC(202) User=2.55s Sys=0.25s Real=1.80s
[91.384s][info][gc,start       ] GC(204) Pause Young (Allocation Failure)
[91.385s][info][gc,task        ] GC(204) Using 8 workers of 8 for evacuation
[91.955s][info][gc,heap        ] GC(204) ParNew: 139776K->17470K(157248K)
[91.955s][info][gc,heap        ] GC(204) CMS: 53103K->217250K(349568K)
[91.955s][info][gc,metaspace   ] GC(204) Metaspace: 10508K->10508K(27648K)
[91.955s][info][gc             ] GC(204) Pause Young (Allocation Failure) 188M->229M(494M) 570.724ms
[91.955s][info][gc,cpu         ] GC(204) User=3.30s Sys=0.31s Real=0.57s
[91.956s][info][gc,start       ] GC(205) Pause Initial Mark
[91.964s][info][gc             ] GC(205) Pause Initial Mark 231M->231M(494M) 7.823ms
[91.964s][info][gc,cpu         ] GC(205) User=0.00s Sys=0.00s Real=0.00s
[91.964s][info][gc             ] GC(205) Concurrent Mark
[91.964s][info][gc,task        ] GC(205) Using 2 workers of 2 for marking
[92.057s][info][gc,start       ] GC(206) Pause Young (Allocation Failure)
[92.057s][info][gc,task        ] GC(206) Using 8 workers of 8 for evacuation
[92.057s][info][gc,start       ] GC(207) Pause Full (Allocation Failure)
[92.637s][info][gc             ] GC(205) Concurrent Mark 673.084ms
[92.637s][info][gc,cpu         ] GC(205) User=1.20s Sys=0.06s Real=0.68s
[92.638s][info][gc,phases,start] GC(207) Phase 1: Mark live objects
[92.650s][info][gc,phases      ] GC(207) Phase 1: Mark live objects 12.244ms
[92.650s][info][gc,phases,start] GC(207) Phase 2: Compute new object addresses
[92.827s][info][gc,phases      ] GC(207) Phase 2: Compute new object addresses 176.442ms
[92.827s][info][gc,phases,start] GC(207) Phase 3: Adjust pointers
[92.831s][info][gc,phases      ] GC(207) Phase 3: Adjust pointers 4.226ms
[92.831s][info][gc,phases,start] GC(207) Phase 4: Move objects
[92.832s][info][gc,phases      ] GC(207) Phase 4: Move objects 0.216ms
[92.834s][info][gc             ] GC(207) Pause Full (Allocation Failure) 352M->1M(494M) 776.648ms
[92.834s][info][gc,heap        ] GC(206) ParNew: 143204K->0K(157248K)
[92.834s][info][gc,heap        ] GC(206) CMS: 217250K->1865K(349568K)
[92.834s][info][gc,metaspace   ] GC(206) Metaspace: 10508K->10508K(27648K)
[92.834s][info][gc             ] GC(206) Pause Young (Allocation Failure) 352M->1M(494M) 777.101ms
[92.834s][info][gc,cpu         ] GC(206) User=1.11s Sys=0.06s Real=0.77s
[92.894s][info][gc,start       ] GC(208) Pause Young (Allocation Failure)
[92.894s][info][gc,task        ] GC(208) Using 8 workers of 8 for evacuation
[93.421s][info][gc,heap        ] GC(208) ParNew: 139776K->17470K(157248K)
[93.421s][info][gc,heap        ] GC(208) CMS: 1865K->150510K(349568K)
[93.421s][info][gc,metaspace   ] GC(208) Metaspace: 10508K->10508K(27648K)
[93.422s][info][gc             ] GC(208) Pause Young (Allocation Failure) 138M->164M(494M) 528.025ms
[93.422s][info][gc,cpu         ] GC(208) User=3.27s Sys=0.30s Real=0.54s
[93.523s][info][gc,start       ] GC(209) Pause Young (Allocation Failure)
[93.523s][info][gc,task        ] GC(209) Using 8 workers of 8 for evacuation
[94.449s][info][gc,heap        ] GC(209) ParNew: 157246K->17470K(157248K)
[94.449s][info][gc,heap        ] GC(209) CMS: 150510K->311741K(349568K)
[94.449s][info][gc,metaspace   ] GC(209) Metaspace: 10508K->10508K(27648K)
[94.449s][info][gc             ] GC(209) Pause Young (Allocation Failure) 300M->321M(494M) 925.934ms
[94.449s][info][gc,cpu         ] GC(209) User=4.41s Sys=0.11s Real=0.92s
[94.451s][info][gc,start       ] GC(210) Pause Initial Mark
[94.460s][info][gc             ] GC(210) Pause Initial Mark 324M->324M(494M) 9.149ms
[94.460s][info][gc,cpu         ] GC(210) User=0.02s Sys=0.00s Real=0.02s
[94.460s][info][gc             ] GC(210) Concurrent Mark
[94.461s][info][gc,task        ] GC(210) Using 2 workers of 2 for marking
[94.581s][info][gc,start       ] GC(211) Pause Young (Allocation Failure)
[94.581s][info][gc,task        ] GC(211) Using 8 workers of 8 for evacuation
[94.581s][info][gc,start       ] GC(212) Pause Full (Allocation Failure)
[96.367s][info][gc             ] GC(210) Concurrent Mark 1906.215ms
[96.367s][info][gc,cpu         ] GC(210) User=2.50s Sys=0.58s Real=1.91s
[96.367s][info][gc,phases,start] GC(212) Phase 1: Mark live objects
[96.507s][info][gc,phases      ] GC(212) Phase 1: Mark live objects 140.212ms
[96.507s][info][gc,phases,start] GC(212) Phase 2: Compute new object addresses
[96.767s][info][gc,phases      ] GC(212) Phase 2: Compute new object addresses 259.110ms
[96.767s][info][gc,phases,start] GC(212) Phase 3: Adjust pointers
[96.827s][info][gc,phases      ] GC(212) Phase 3: Adjust pointers 59.894ms
[96.827s][info][gc,phases,start] GC(212) Phase 4: Move objects
[96.895s][info][gc,phases      ] GC(212) Phase 4: Move objects 67.810ms
[96.898s][info][gc             ] GC(212) Pause Full (Allocation Failure) 457M->101M(494M) 2317.563ms
[96.898s][info][gc,heap        ] GC(211) ParNew: 157246K->0K(157248K)
[96.899s][info][gc,heap        ] GC(211) CMS: 311741K->103907K(349568K)
[96.899s][info][gc,metaspace   ] GC(211) Metaspace: 10508K->10508K(27648K)
[96.899s][info][gc             ] GC(211) Pause Young (Allocation Failure) 457M->101M(494M) 2318.085ms
[96.899s][info][gc,cpu         ] GC(211) User=2.77s Sys=0.55s Real=2.33s
[96.986s][info][gc,start       ] GC(213) Pause Young (Allocation Failure)
[96.986s][info][gc,task        ] GC(213) Using 8 workers of 8 for evacuation
[97.497s][info][gc,heap        ] GC(213) ParNew: 139776K->17472K(157248K)
[97.497s][info][gc,heap        ] GC(213) CMS: 103907K->268055K(349568K)
[97.497s][info][gc,metaspace   ] GC(213) Metaspace: 10508K->10508K(27648K)
[97.497s][info][gc             ] GC(213) Pause Young (Allocation Failure) 237M->278M(494M) 511.220ms
[97.497s][info][gc,cpu         ] GC(213) User=3.06s Sys=0.05s Real=0.51s
[97.498s][info][gc,start       ] GC(214) Pause Initial Mark
[97.511s][info][gc             ] GC(214) Pause Initial Mark 281M->281M(494M) 13.323ms
[97.512s][info][gc,cpu         ] GC(214) User=0.05s Sys=0.00s Real=0.01s
[97.512s][info][gc             ] GC(214) Concurrent Mark
[97.512s][info][gc,task        ] GC(214) Using 2 workers of 2 for marking
[97.725s][info][gc,start       ] GC(215) Pause Young (Allocation Failure)
[97.725s][info][gc,task        ] GC(215) Using 8 workers of 8 for evacuation
[97.725s][info][gc,start       ] GC(216) Pause Full (Allocation Failure)
[98.035s][info][gc             ] GC(214) Concurrent Mark 523.177ms
[98.035s][info][gc,cpu         ] GC(214) User=0.97s Sys=0.00s Real=0.53s
[98.035s][info][gc,phases,start] GC(216) Phase 1: Mark live objects
[98.116s][info][gc,phases      ] GC(216) Phase 1: Mark live objects 80.606ms
[98.116s][info][gc,phases,start] GC(216) Phase 2: Compute new object addresses
[98.312s][info][gc,phases      ] GC(216) Phase 2: Compute new object addresses 196.393ms
[98.313s][info][gc,phases,start] GC(216) Phase 3: Adjust pointers
[98.344s][info][gc,phases      ] GC(216) Phase 3: Adjust pointers 31.348ms
[98.344s][info][gc,phases,start] GC(216) Phase 4: Move objects
[98.377s][info][gc,phases      ] GC(216) Phase 4: Move objects 32.929ms
[98.380s][info][gc             ] GC(216) Pause Full (Allocation Failure) 415M->61M(494M) 654.771ms
[98.380s][info][gc,heap        ] GC(215) ParNew: 157248K->0K(157248K)
[98.380s][info][gc,heap        ] GC(215) CMS: 268055K->63467K(349568K)
[98.380s][info][gc,metaspace   ] GC(215) Metaspace: 10508K->10508K(27648K)
[98.380s][info][gc             ] GC(215) Pause Young (Allocation Failure) 415M->61M(494M) 655.245ms
[98.380s][info][gc,cpu         ] GC(215) User=0.92s Sys=0.00s Real=0.64s
[98.435s][info][gc,start       ] GC(217) Pause Young (Allocation Failure)
[98.435s][info][gc,task        ] GC(217) Using 8 workers of 8 for evacuation
[99.163s][info][gc,heap        ] GC(217) ParNew: 139776K->17471K(157248K)
[99.163s][info][gc,heap        ] GC(217) CMS: 63467K->227611K(349568K)
[99.163s][info][gc,metaspace   ] GC(217) Metaspace: 10508K->10508K(27648K)
[99.163s][info][gc             ] GC(217) Pause Young (Allocation Failure) 198M->239M(494M) 728.448ms
[99.163s][info][gc,cpu         ] GC(217) User=3.64s Sys=0.11s Real=0.74s
[99.164s][info][gc,start       ] GC(218) Pause Initial Mark
[99.200s][info][gc             ] GC(218) Pause Initial Mark 242M->242M(494M) 35.993ms
[99.200s][info][gc,cpu         ] GC(218) User=0.13s Sys=0.00s Real=0.04s
[99.200s][info][gc             ] GC(218) Concurrent Mark
[99.200s][info][gc,task        ] GC(218) Using 2 workers of 2 for marking
[99.310s][info][gc,start       ] GC(219) Pause Young (Allocation Failure)
[99.311s][info][gc,task        ] GC(219) Using 8 workers of 8 for evacuation
[99.311s][info][gc,start       ] GC(220) Pause Full (Allocation Failure)
[100.446s][info][gc             ] GC(218) Concurrent Mark 1245.273ms
[100.447s][info][gc,cpu         ] GC(218) User=1.72s Sys=0.30s Real=1.25s
[100.447s][info][gc,phases,start] GC(220) Phase 1: Mark live objects
[100.460s][info][gc,phases      ] GC(220) Phase 1: Mark live objects 12.439ms
[100.460s][info][gc,phases,start] GC(220) Phase 2: Compute new object addresses
[100.629s][info][gc,phases      ] GC(220) Phase 2: Compute new object addresses 169.457ms
[100.629s][info][gc,phases,start] GC(220) Phase 3: Adjust pointers
[100.633s][info][gc,phases      ] GC(220) Phase 3: Adjust pointers 3.831ms
[100.633s][info][gc,phases,start] GC(220) Phase 4: Move objects
[100.633s][info][gc,phases      ] GC(220) Phase 4: Move objects 0.297ms
[100.636s][info][gc             ] GC(220) Pause Full (Allocation Failure) 359M->1M(494M) 1324.725ms
[100.636s][info][gc,heap        ] GC(219) ParNew: 140370K->0K(157248K)
[100.636s][info][gc,heap        ] GC(219) CMS: 227611K->1865K(349568K)
[100.636s][info][gc,metaspace   ] GC(219) Metaspace: 10508K->10508K(27648K)
[100.636s][info][gc             ] GC(219) Pause Young (Allocation Failure) 359M->1M(494M) 1325.741ms
[100.636s][info][gc,cpu         ] GC(219) User=1.69s Sys=0.30s Real=1.34s
[100.706s][info][gc,start       ] GC(221) Pause Young (Allocation Failure)
[100.707s][info][gc,task        ] GC(221) Using 8 workers of 8 for evacuation
[101.145s][info][gc,heap        ] GC(221) ParNew: 139776K->17471K(157248K)
[101.145s][info][gc,heap        ] GC(221) CMS: 1865K->150109K(349568K)
[101.145s][info][gc,metaspace   ] GC(221) Metaspace: 10508K->10508K(27648K)
[101.145s][info][gc             ] GC(221) Pause Young (Allocation Failure) 138M->163M(494M) 438.928ms
[101.145s][info][gc,cpu         ] GC(221) User=3.06s Sys=0.23s Real=0.45s
[101.203s][info][gc,start       ] GC(222) Pause Young (Allocation Failure)
[101.203s][info][gc,task        ] GC(222) Using 8 workers of 8 for evacuation
[101.692s][info][gc,heap        ] GC(222) ParNew: 157247K->17470K(157248K)
[101.693s][info][gc,heap        ] GC(222) CMS: 150109K->311741K(349568K)
[101.693s][info][gc,metaspace   ] GC(222) Metaspace: 10508K->10508K(27648K)
[101.693s][info][gc             ] GC(222) Pause Young (Allocation Failure) 300M->321M(494M) 489.585ms
[101.693s][info][gc,cpu         ] GC(222) User=3.30s Sys=0.06s Real=0.49s
[101.693s][info][gc,start       ] GC(223) Pause Initial Mark
[101.702s][info][gc             ] GC(223) Pause Initial Mark 324M->324M(494M) 8.593ms
[101.702s][info][gc,cpu         ] GC(223) User=0.00s Sys=0.00s Real=0.00s
[101.702s][info][gc             ] GC(223) Concurrent Mark
[101.702s][info][gc,task        ] GC(223) Using 2 workers of 2 for marking
[101.763s][info][gc,start       ] GC(224) Pause Young (Allocation Failure)
[101.763s][info][gc,task        ] GC(224) Using 8 workers of 8 for evacuation
[101.763s][info][gc,start       ] GC(225) Pause Full (Allocation Failure)
[103.382s][info][gc             ] GC(223) Concurrent Mark 1679.668ms
[103.382s][info][gc,cpu         ] GC(223) User=2.70s Sys=0.20s Real=1.68s
[103.382s][info][gc,phases,start] GC(225) Phase 1: Mark live objects
[103.553s][info][gc,phases      ] GC(225) Phase 1: Mark live objects 170.253ms
[103.553s][info][gc,phases,start] GC(225) Phase 2: Compute new object addresses
[103.877s][info][gc,phases      ] GC(225) Phase 2: Compute new object addresses 324.454ms
[103.877s][info][gc,phases,start] GC(225) Phase 3: Adjust pointers
[103.934s][info][gc,phases      ] GC(225) Phase 3: Adjust pointers 56.895ms
[103.934s][info][gc,phases,start] GC(225) Phase 4: Move objects
[104.007s][info][gc,phases      ] GC(225) Phase 4: Move objects 72.302ms
[104.011s][info][gc             ] GC(225) Pause Full (Allocation Failure) 457M->93M(494M) 2247.694ms
[104.011s][info][gc,heap        ] GC(224) ParNew: 157246K->0K(157248K)
[104.011s][info][gc,heap        ] GC(224) CMS: 311741K->95704K(349568K)
[104.011s][info][gc,metaspace   ] GC(224) Metaspace: 10508K->10508K(27648K)
[104.011s][info][gc             ] GC(224) Pause Young (Allocation Failure) 457M->93M(494M) 2248.173ms
[104.011s][info][gc,cpu         ] GC(224) User=3.16s Sys=0.20s Real=2.26s
[104.071s][info][gc,start       ] GC(226) Pause Young (Allocation Failure)
[104.072s][info][gc,task        ] GC(226) Using 8 workers of 8 for evacuation
[104.669s][info][gc,heap        ] GC(226) ParNew: 139776K->17470K(157248K)
[104.669s][info][gc,heap        ] GC(226) CMS: 95704K->259851K(349568K)
[104.669s][info][gc,metaspace   ] GC(226) Metaspace: 10508K->10508K(27648K)
[104.669s][info][gc             ] GC(226) Pause Young (Allocation Failure) 229M->270M(494M) 597.303ms
[104.669s][info][gc,cpu         ] GC(226) User=4.14s Sys=0.14s Real=0.59s
[104.670s][info][gc,start       ] GC(227) Pause Initial Mark
[104.698s][info][gc             ] GC(227) Pause Initial Mark 273M->273M(494M) 28.333ms
[104.698s][info][gc,cpu         ] GC(227) User=0.08s Sys=0.00s Real=0.03s
[104.698s][info][gc             ] GC(227) Concurrent Mark
[104.698s][info][gc,task        ] GC(227) Using 2 workers of 2 for marking
[104.792s][info][gc,start       ] GC(228) Pause Young (Allocation Failure)
[104.792s][info][gc,task        ] GC(228) Using 8 workers of 8 for evacuation
[104.792s][info][gc,start       ] GC(229) Pause Full (Allocation Failure)
[106.035s][info][gc             ] GC(227) Concurrent Mark 1336.693ms
[106.035s][info][gc,cpu         ] GC(227) User=2.20s Sys=0.19s Real=1.33s
[106.036s][info][gc,phases,start] GC(229) Phase 1: Mark live objects
[106.053s][info][gc,phases      ] GC(229) Phase 1: Mark live objects 17.017ms
[106.053s][info][gc,phases,start] GC(229) Phase 2: Compute new object addresses
[106.280s][info][gc,phases      ] GC(229) Phase 2: Compute new object addresses 227.172ms
[106.280s][info][gc,phases,start] GC(229) Phase 3: Adjust pointers
[106.284s][info][gc,phases      ] GC(229) Phase 3: Adjust pointers 3.782ms
[106.284s][info][gc,phases,start] GC(229) Phase 4: Move objects
[106.285s][info][gc,phases      ] GC(229) Phase 4: Move objects 0.323ms
[106.287s][info][gc             ] GC(229) Pause Full (Allocation Failure) 363M->1M(494M) 1494.739ms
[106.287s][info][gc,heap        ] GC(228) ParNew: 112354K->0K(157248K)
[106.287s][info][gc,heap        ] GC(228) CMS: 259851K->1865K(349568K)
[106.287s][info][gc,metaspace   ] GC(228) Metaspace: 10508K->10508K(27648K)
[106.287s][info][gc             ] GC(228) Pause Young (Allocation Failure) 363M->1M(494M) 1495.278ms
[106.288s][info][gc,cpu         ] GC(228) User=2.22s Sys=0.19s Real=1.49s
[106.361s][info][gc,start       ] GC(230) Pause Young (Allocation Failure)
[106.362s][info][gc,task        ] GC(230) Using 8 workers of 8 for evacuation
[106.797s][info][gc,heap        ] GC(230) ParNew: 139776K->17470K(157248K)
[106.797s][info][gc,heap        ] GC(230) CMS: 1865K->149841K(349568K)
[106.797s][info][gc,metaspace   ] GC(230) Metaspace: 10508K->10508K(27648K)
[106.798s][info][gc             ] GC(230) Pause Young (Allocation Failure) 138M->163M(494M) 436.432ms
[106.798s][info][gc,cpu         ] GC(230) User=3.00s Sys=0.45s Real=0.44s
[106.878s][info][gc,start       ] GC(231) Pause Young (Allocation Failure)
[106.878s][info][gc,task        ] GC(231) Using 8 workers of 8 for evacuation
[107.361s][info][gc,heap        ] GC(231) ParNew: 157246K->17470K(157248K)
[107.361s][info][gc,heap        ] GC(231) CMS: 149841K->311742K(349568K)
[107.361s][info][gc,metaspace   ] GC(231) Metaspace: 10508K->10508K(27648K)
[107.361s][info][gc             ] GC(231) Pause Young (Allocation Failure) 299M->321M(494M) 483.505ms
[107.361s][info][gc,cpu         ] GC(231) User=3.45s Sys=0.14s Real=0.48s
[107.362s][info][gc,start       ] GC(232) Pause Initial Mark
[107.370s][info][gc             ] GC(232) Pause Initial Mark 324M->324M(494M) 8.040ms
[107.370s][info][gc,cpu         ] GC(232) User=0.11s Sys=0.00s Real=0.02s
[107.370s][info][gc             ] GC(232) Concurrent Mark
[107.371s][info][gc,task        ] GC(232) Using 2 workers of 2 for marking
[107.434s][info][gc,start       ] GC(233) Pause Young (Allocation Failure)
[107.435s][info][gc,task        ] GC(233) Using 8 workers of 8 for evacuation
[107.435s][info][gc,start       ] GC(234) Pause Full (Allocation Failure)
[109.007s][info][gc             ] GC(232) Concurrent Mark 1636.930ms
[109.008s][info][gc,cpu         ] GC(232) User=2.66s Sys=0.17s Real=1.63s
[109.008s][info][gc,phases,start] GC(234) Phase 1: Mark live objects
[109.146s][info][gc,phases      ] GC(234) Phase 1: Mark live objects 137.886ms
[109.146s][info][gc,phases,start] GC(234) Phase 2: Compute new object addresses
[109.422s][info][gc,phases      ] GC(234) Phase 2: Compute new object addresses 276.491ms
[109.423s][info][gc,phases,start] GC(234) Phase 3: Adjust pointers
[109.476s][info][gc,phases      ] GC(234) Phase 3: Adjust pointers 53.579ms
[109.476s][info][gc,phases,start] GC(234) Phase 4: Move objects
[109.536s][info][gc,phases      ] GC(234) Phase 4: Move objects 59.834ms
[109.540s][info][gc             ] GC(234) Pause Full (Allocation Failure) 457M->88M(494M) 2105.311ms
[109.540s][info][gc,heap        ] GC(233) ParNew: 157246K->0K(157248K)
[109.540s][info][gc,heap        ] GC(233) CMS: 311742K->90234K(349568K)
[109.540s][info][gc,metaspace   ] GC(233) Metaspace: 10508K->10508K(27648K)
[109.540s][info][gc             ] GC(233) Pause Young (Allocation Failure) 457M->88M(494M) 2105.892ms
[109.540s][info][gc,cpu         ] GC(233) User=3.05s Sys=0.17s Real=2.11s
[109.613s][info][gc,start       ] GC(235) Pause Young (Allocation Failure)
[109.614s][info][gc,task        ] GC(235) Using 8 workers of 8 for evacuation
[110.130s][info][gc,heap        ] GC(235) ParNew: 139776K->17470K(157248K)
[110.130s][info][gc,heap        ] GC(235) CMS: 90234K->254383K(349568K)
[110.130s][info][gc,metaspace   ] GC(235) Metaspace: 10508K->10508K(27648K)
[110.130s][info][gc             ] GC(235) Pause Young (Allocation Failure) 224M->265M(494M) 517.049ms
[110.130s][info][gc,cpu         ] GC(235) User=3.27s Sys=0.23s Real=0.52s
[110.131s][info][gc,start       ] GC(236) Pause Initial Mark
[110.147s][info][gc             ] GC(236) Pause Initial Mark 268M->268M(494M) 16.181ms
[110.147s][info][gc,cpu         ] GC(236) User=0.09s Sys=0.00s Real=0.02s
[110.147s][info][gc             ] GC(236) Concurrent Mark
[110.147s][info][gc,task        ] GC(236) Using 2 workers of 2 for marking
[110.211s][info][gc,start       ] GC(237) Pause Young (Allocation Failure)
[110.211s][info][gc,task        ] GC(237) Using 8 workers of 8 for evacuation
[110.211s][info][gc,start       ] GC(238) Pause Full (Allocation Failure)
[111.412s][info][gc             ] GC(236) Concurrent Mark 1264.857ms
[111.412s][info][gc,cpu         ] GC(236) User=1.97s Sys=0.16s Real=1.25s
[111.413s][info][gc,phases,start] GC(238) Phase 1: Mark live objects
[111.431s][info][gc,phases      ] GC(238) Phase 1: Mark live objects 18.281ms
[111.431s][info][gc,phases,start] GC(238) Phase 2: Compute new object addresses
[111.574s][info][gc,phases      ] GC(238) Phase 2: Compute new object addresses 143.165ms
[111.574s][info][gc,phases,start] GC(238) Phase 3: Adjust pointers
[111.579s][info][gc,phases      ] GC(238) Phase 3: Adjust pointers 4.396ms
[111.579s][info][gc,phases,start] GC(238) Phase 4: Move objects
[111.579s][info][gc,phases      ] GC(238) Phase 4: Move objects 0.228ms
[111.581s][info][gc             ] GC(238) Pause Full (Allocation Failure) 368M->1M(494M) 1370.170ms
[111.581s][info][gc,heap        ] GC(237) ParNew: 123461K->0K(157248K)
[111.581s][info][gc,heap        ] GC(237) CMS: 254383K->1865K(349568K)
[111.581s][info][gc,metaspace   ] GC(237) Metaspace: 10508K->10508K(27648K)
[111.581s][info][gc             ] GC(237) Pause Young (Allocation Failure) 368M->1M(494M) 1370.749ms
[111.582s][info][gc,cpu         ] GC(237) User=1.97s Sys=0.16s Real=1.37s
[111.632s][info][gc,start       ] GC(239) Pause Young (Allocation Failure)
[111.632s][info][gc,task        ] GC(239) Using 8 workers of 8 for evacuation
[112.086s][info][gc,heap        ] GC(239) ParNew: 139776K->17470K(157248K)
[112.086s][info][gc,heap        ] GC(239) CMS: 1865K->149573K(349568K)
[112.086s][info][gc,metaspace   ] GC(239) Metaspace: 10508K->10508K(27648K)
[112.086s][info][gc             ] GC(239) Pause Young (Allocation Failure) 138M->163M(494M) 453.930ms
[112.086s][info][gc,cpu         ] GC(239) User=3.17s Sys=0.31s Real=0.47s
[112.158s][info][gc,start       ] GC(240) Pause Young (Allocation Failure)
[112.159s][info][gc,task        ] GC(240) Using 8 workers of 8 for evacuation
[112.761s][info][gc,heap        ] GC(240) ParNew: 157246K->17472K(157248K)
[112.761s][info][gc,heap        ] GC(240) CMS: 149573K->311739K(349568K)
[112.761s][info][gc,metaspace   ] GC(240) Metaspace: 10508K->10508K(27648K)
[112.761s][info][gc             ] GC(240) Pause Young (Allocation Failure) 299M->321M(494M) 602.428ms
[112.761s][info][gc,cpu         ] GC(240) User=3.70s Sys=0.38s Real=0.60s
[112.762s][info][gc,start       ] GC(241) Pause Initial Mark
[112.771s][info][gc             ] GC(241) Pause Initial Mark 324M->324M(494M) 9.491ms
[112.771s][info][gc,cpu         ] GC(241) User=0.00s Sys=0.00s Real=0.00s
[112.772s][info][gc             ] GC(241) Concurrent Mark
[112.772s][info][gc,task        ] GC(241) Using 2 workers of 2 for marking
[112.843s][info][gc,start       ] GC(242) Pause Young (Allocation Failure)
[112.843s][info][gc,task        ] GC(242) Using 8 workers of 8 for evacuation
[112.843s][info][gc,start       ] GC(243) Pause Full (Allocation Failure)
[114.632s][info][gc             ] GC(241) Concurrent Mark 1860.354ms
[114.632s][info][gc,cpu         ] GC(241) User=2.88s Sys=0.36s Real=1.86s
[114.633s][info][gc,phases,start] GC(243) Phase 1: Mark live objects
[114.779s][info][gc,phases      ] GC(243) Phase 1: Mark live objects 146.297ms
[114.779s][info][gc,phases,start] GC(243) Phase 2: Compute new object addresses
[115.060s][info][gc,phases      ] GC(243) Phase 2: Compute new object addresses 280.975ms
[115.060s][info][gc,phases,start] GC(243) Phase 3: Adjust pointers
[115.110s][info][gc,phases      ] GC(243) Phase 3: Adjust pointers 49.853ms
[115.110s][info][gc,phases,start] GC(243) Phase 4: Move objects
[115.181s][info][gc,phases      ] GC(243) Phase 4: Move objects 70.909ms
[115.185s][info][gc             ] GC(243) Pause Full (Allocation Failure) 457M->82M(494M) 2341.919ms
[115.185s][info][gc,heap        ] GC(242) ParNew: 157248K->0K(157248K)
[115.185s][info][gc,heap        ] GC(242) CMS: 311739K->84767K(349568K)
[115.185s][info][gc,metaspace   ] GC(242) Metaspace: 10508K->10508K(27648K)
[115.185s][info][gc             ] GC(242) Pause Young (Allocation Failure) 457M->82M(494M) 2342.766ms
[115.185s][info][gc,cpu         ] GC(242) User=3.22s Sys=0.36s Real=2.35s
[115.255s][info][gc,start       ] GC(244) Pause Young (Allocation Failure)
[115.255s][info][gc,task        ] GC(244) Using 8 workers of 8 for evacuation
[115.773s][info][gc,heap        ] GC(244) ParNew: 139776K->17471K(157248K)
[115.774s][info][gc,heap        ] GC(244) CMS: 84767K->248911K(349568K)
[115.774s][info][gc,metaspace   ] GC(244) Metaspace: 10508K->10508K(27648K)
[115.774s][info][gc             ] GC(244) Pause Young (Allocation Failure) 219M->260M(494M) 518.342ms
[115.774s][info][gc,cpu         ] GC(244) User=3.52s Sys=0.05s Real=0.52s
[115.774s][info][gc,start       ] GC(245) Pause Initial Mark
[115.780s][info][gc             ] GC(245) Pause Initial Mark 262M->262M(494M) 6.077ms
[115.781s][info][gc,cpu         ] GC(245) User=0.00s Sys=0.00s Real=0.01s
[115.781s][info][gc             ] GC(245) Concurrent Mark
[115.781s][info][gc,task        ] GC(245) Using 2 workers of 2 for marking
[115.948s][info][gc,start       ] GC(246) Pause Young (Allocation Failure)
[115.948s][info][gc,task        ] GC(246) Using 8 workers of 8 for evacuation
[115.948s][info][gc,start       ] GC(247) Pause Full (Allocation Failure)
[116.203s][info][gc             ] GC(245) Concurrent Mark 421.814ms
[116.203s][info][gc,cpu         ] GC(245) User=0.77s Sys=0.00s Real=0.42s
[116.203s][info][gc,phases,start] GC(247) Phase 1: Mark live objects
[116.211s][info][gc,phases      ] GC(247) Phase 1: Mark live objects 8.276ms
[116.211s][info][gc,phases,start] GC(247) Phase 2: Compute new object addresses
[116.348s][info][gc,phases      ] GC(247) Phase 2: Compute new object addresses 136.287ms
[116.348s][info][gc,phases,start] GC(247) Phase 3: Adjust pointers
[116.352s][info][gc,phases      ] GC(247) Phase 3: Adjust pointers 3.927ms
[116.352s][info][gc,phases,start] GC(247) Phase 4: Move objects
[116.352s][info][gc,phases      ] GC(247) Phase 4: Move objects 0.220ms
[116.354s][info][gc             ] GC(247) Pause Full (Allocation Failure) 374M->1M(494M) 405.214ms
[116.354s][info][gc,heap        ] GC(246) ParNew: 134635K->0K(157248K)
[116.354s][info][gc,heap        ] GC(246) CMS: 248911K->1865K(349568K)
[116.354s][info][gc,metaspace   ] GC(246) Metaspace: 10508K->10508K(27648K)
[116.354s][info][gc             ] GC(246) Pause Young (Allocation Failure) 374M->1M(494M) 405.700ms
[116.354s][info][gc,cpu         ] GC(246) User=0.63s Sys=0.00s Real=0.40s
[116.398s][info][gc,start       ] GC(248) Pause Young (Allocation Failure)
[116.398s][info][gc,task        ] GC(248) Using 8 workers of 8 for evacuation
[116.835s][info][gc,heap        ] GC(248) ParNew: 139776K->17471K(157248K)
[116.835s][info][gc,heap        ] GC(248) CMS: 1865K->149303K(349568K)
[116.835s][info][gc,metaspace   ] GC(248) Metaspace: 10508K->10508K(27648K)
[116.836s][info][gc             ] GC(248) Pause Young (Allocation Failure) 138M->162M(494M) 437.977ms
[116.836s][info][gc,cpu         ] GC(248) User=3.09s Sys=0.44s Real=0.44s
[116.892s][info][gc,start       ] GC(249) Pause Young (Allocation Failure)
[116.893s][info][gc,task        ] GC(249) Using 8 workers of 8 for evacuation
[117.390s][info][gc,heap        ] GC(249) ParNew: 157247K->17470K(157248K)
[117.390s][info][gc,heap        ] GC(249) CMS: 149303K->311743K(349568K)
[117.390s][info][gc,metaspace   ] GC(249) Metaspace: 10508K->10508K(27648K)
[117.390s][info][gc             ] GC(249) Pause Young (Allocation Failure) 299M->321M(494M) 498.062ms
[117.390s][info][gc,cpu         ] GC(249) User=3.70s Sys=0.03s Real=0.50s
[117.391s][info][gc,start       ] GC(250) Pause Initial Mark
[117.397s][info][gc             ] GC(250) Pause Initial Mark 324M->324M(494M) 6.409ms
[117.398s][info][gc,cpu         ] GC(250) User=0.00s Sys=0.00s Real=0.00s
[117.398s][info][gc             ] GC(250) Concurrent Mark
[117.398s][info][gc,task        ] GC(250) Using 2 workers of 2 for marking
[117.486s][info][gc,start       ] GC(251) Pause Young (Allocation Failure)
[117.486s][info][gc,task        ] GC(251) Using 8 workers of 8 for evacuation
[117.486s][info][gc,start       ] GC(252) Pause Full (Allocation Failure)
[119.515s][info][gc             ] GC(250) Concurrent Mark 2117.620ms
[119.515s][info][gc,cpu         ] GC(250) User=3.13s Sys=0.50s Real=2.12s
[119.516s][info][gc,phases,start] GC(252) Phase 1: Mark live objects
[119.652s][info][gc,phases      ] GC(252) Phase 1: Mark live objects 135.685ms
[119.652s][info][gc,phases,start] GC(252) Phase 2: Compute new object addresses
[119.960s][info][gc,phases      ] GC(252) Phase 2: Compute new object addresses 307.789ms
[119.960s][info][gc,phases,start] GC(252) Phase 3: Adjust pointers
[120.009s][info][gc,phases      ] GC(252) Phase 3: Adjust pointers 49.168ms
[120.009s][info][gc,phases,start] GC(252) Phase 4: Move objects
[120.068s][info][gc,phases      ] GC(252) Phase 4: Move objects 58.980ms
[120.073s][info][gc             ] GC(252) Pause Full (Allocation Failure) 457M->77M(494M) 2586.923ms
[120.073s][info][gc,heap        ] GC(251) ParNew: 157246K->0K(157248K)
[120.074s][info][gc,heap        ] GC(251) CMS: 311743K->79299K(349568K)
[120.074s][info][gc,metaspace   ] GC(251) Metaspace: 10508K->10508K(27648K)
[120.074s][info][gc             ] GC(251) Pause Young (Allocation Failure) 457M->77M(494M) 2587.597ms
[120.074s][info][gc,cpu         ] GC(251) User=3.45s Sys=0.48s Real=2.59s
[120.139s][info][gc,start       ] GC(253) Pause Young (Allocation Failure)
[120.139s][info][gc,task        ] GC(253) Using 8 workers of 8 for evacuation
[120.715s][info][gc,heap        ] GC(253) ParNew: 139776K->17470K(157248K)
[120.716s][info][gc,heap        ] GC(253) CMS: 79299K->243446K(349568K)
[120.716s][info][gc,metaspace   ] GC(253) Metaspace: 10508K->10508K(27648K)
[120.716s][info][gc             ] GC(253) Pause Young (Allocation Failure) 213M->254M(494M) 576.704ms
[120.716s][info][gc,cpu         ] GC(253) User=3.14s Sys=0.06s Real=0.58s
[120.716s][info][gc,start       ] GC(254) Pause Initial Mark
[120.739s][info][gc             ] GC(254) Pause Initial Mark 257M->257M(494M) 22.747ms
[120.739s][info][gc,cpu         ] GC(254) User=0.05s Sys=0.00s Real=0.02s
[120.740s][info][gc             ] GC(254) Concurrent Mark
[120.740s][info][gc,task        ] GC(254) Using 2 workers of 2 for marking
[120.833s][info][gc,start       ] GC(255) Pause Young (Allocation Failure)
[120.833s][info][gc,task        ] GC(255) Using 8 workers of 8 for evacuation
[120.833s][info][gc,start       ] GC(256) Pause Full (Allocation Failure)
[122.025s][info][gc             ] GC(254) Concurrent Mark 1284.958ms
[122.025s][info][gc,cpu         ] GC(254) User=1.97s Sys=0.20s Real=1.28s
[122.025s][info][gc,phases,start] GC(256) Phase 1: Mark live objects
[122.041s][info][gc,phases      ] GC(256) Phase 1: Mark live objects 15.409ms
[122.041s][info][gc,phases,start] GC(256) Phase 2: Compute new object addresses
[122.276s][info][gc,phases      ] GC(256) Phase 2: Compute new object addresses 234.586ms
[122.276s][info][gc,phases,start] GC(256) Phase 3: Adjust pointers
[122.279s][info][gc,phases      ] GC(256) Phase 3: Adjust pointers 3.699ms
[122.279s][info][gc,phases,start] GC(256) Phase 4: Move objects
[122.280s][info][gc,phases      ] GC(256) Phase 4: Move objects 0.410ms
[122.283s][info][gc             ] GC(256) Pause Full (Allocation Failure) 380M->1M(494M) 1449.306ms
[122.283s][info][gc,heap        ] GC(255) ParNew: 145815K->0K(157248K)
[122.283s][info][gc,heap        ] GC(255) CMS: 243446K->1865K(349568K)
[122.283s][info][gc,metaspace   ] GC(255) Metaspace: 10508K->10508K(27648K)
[122.283s][info][gc             ] GC(255) Pause Young (Allocation Failure) 380M->1M(494M) 1449.826ms
[122.283s][info][gc,cpu         ] GC(255) User=2.05s Sys=0.20s Real=1.45s
[122.345s][info][gc,start       ] GC(257) Pause Young (Allocation Failure)
[122.345s][info][gc,task        ] GC(257) Using 8 workers of 8 for evacuation
[122.888s][info][gc,heap        ] GC(257) ParNew: 139776K->17470K(157248K)
[122.888s][info][gc,heap        ] GC(257) CMS: 1865K->149037K(349568K)
[122.888s][info][gc,metaspace   ] GC(257) Metaspace: 10508K->10508K(27648K)
[122.888s][info][gc             ] GC(257) Pause Young (Allocation Failure) 138M->162M(494M) 542.782ms
[122.888s][info][gc,cpu         ] GC(257) User=3.14s Sys=0.48s Real=0.54s
[122.976s][info][gc,start       ] GC(258) Pause Young (Allocation Failure)
[122.976s][info][gc,task        ] GC(258) Using 8 workers of 8 for evacuation
[123.847s][info][gc,heap        ] GC(258) ParNew: 157246K->17470K(157248K)
[123.847s][info][gc,heap        ] GC(258) CMS: 149037K->311744K(349568K)
[123.847s][info][gc,metaspace   ] GC(258) Metaspace: 10508K->10508K(27648K)
[123.848s][info][gc             ] GC(258) Pause Young (Allocation Failure) 299M->321M(494M) 871.964ms
[123.848s][info][gc,cpu         ] GC(258) User=4.17s Sys=0.38s Real=0.89s
[123.856s][info][gc,start       ] GC(259) Pause Initial Mark
[123.870s][info][gc             ] GC(259) Pause Initial Mark 335M->335M(494M) 14.169ms
[123.870s][info][gc,cpu         ] GC(259) User=0.00s Sys=0.00s Real=0.00s
[123.871s][info][gc             ] GC(259) Concurrent Mark
[123.871s][info][gc,task        ] GC(259) Using 2 workers of 2 for marking
[124.136s][info][gc,start       ] GC(260) Pause Young (Allocation Failure)
[124.136s][info][gc,task        ] GC(260) Using 8 workers of 8 for evacuation
[124.136s][info][gc,start       ] GC(261) Pause Full (Allocation Failure)
[124.572s][info][gc             ] GC(259) Concurrent Mark 701.724ms
[124.573s][info][gc,cpu         ] GC(259) User=1.30s Sys=0.00s Real=0.72s
[124.573s][info][gc,phases,start] GC(261) Phase 1: Mark live objects
[124.698s][info][gc,phases      ] GC(261) Phase 1: Mark live objects 125.312ms
[124.698s][info][gc,phases,start] GC(261) Phase 2: Compute new object addresses
[124.978s][info][gc,phases      ] GC(261) Phase 2: Compute new object addresses 279.716ms
[124.978s][info][gc,phases,start] GC(261) Phase 3: Adjust pointers
[125.028s][info][gc,phases      ] GC(261) Phase 3: Adjust pointers 49.650ms
[125.028s][info][gc,phases,start] GC(261) Phase 4: Move objects
[125.068s][info][gc,phases      ] GC(261) Phase 4: Move objects 39.758ms
[125.071s][info][gc             ] GC(261) Pause Full (Allocation Failure) 457M->72M(494M) 934.855ms
[125.071s][info][gc,heap        ] GC(260) ParNew: 157246K->0K(157248K)
[125.071s][info][gc,heap        ] GC(260) CMS: 311744K->73831K(349568K)
[125.071s][info][gc,metaspace   ] GC(260) Metaspace: 10508K->10508K(27648K)
[125.071s][info][gc             ] GC(260) Pause Young (Allocation Failure) 457M->72M(494M) 935.334ms
[125.071s][info][gc,cpu         ] GC(260) User=1.31s Sys=0.00s Real=0.91s
[125.165s][info][gc,start       ] GC(262) Pause Young (Allocation Failure)
[125.165s][info][gc,task        ] GC(262) Using 8 workers of 8 for evacuation
[125.778s][info][gc,heap        ] GC(262) ParNew: 139776K->17470K(157248K)
[125.778s][info][gc,heap        ] GC(262) CMS: 73831K->237978K(349568K)
[125.778s][info][gc,metaspace   ] GC(262) Metaspace: 10508K->10508K(27648K)
[125.778s][info][gc             ] GC(262) Pause Young (Allocation Failure) 208M->249M(494M) 612.648ms
[125.778s][info][gc,cpu         ] GC(262) User=2.81s Sys=0.17s Real=0.62s
[125.779s][info][gc,start       ] GC(263) Pause Initial Mark
[125.787s][info][gc             ] GC(263) Pause Initial Mark 252M->252M(494M) 8.385ms
[125.787s][info][gc,cpu         ] GC(263) User=0.00s Sys=0.00s Real=0.00s
[125.787s][info][gc             ] GC(263) Concurrent Mark
[125.787s][info][gc,task        ] GC(263) Using 2 workers of 2 for marking
[125.969s][info][gc,start       ] GC(264) Pause Young (Allocation Failure)
[125.969s][info][gc,task        ] GC(264) Using 8 workers of 8 for evacuation
[125.969s][info][gc,start       ] GC(265) Pause Full (Allocation Failure)
[126.269s][info][gc             ] GC(263) Concurrent Mark 481.493ms
[126.269s][info][gc,cpu         ] GC(263) User=0.91s Sys=0.02s Real=0.50s
[126.269s][info][gc,phases,start] GC(265) Phase 1: Mark live objects
[126.282s][info][gc,phases      ] GC(265) Phase 1: Mark live objects 12.434ms
[126.282s][info][gc,phases,start] GC(265) Phase 2: Compute new object addresses
[126.427s][info][gc,phases      ] GC(265) Phase 2: Compute new object addresses 144.979ms
[126.427s][info][gc,phases,start] GC(265) Phase 3: Adjust pointers
[126.430s][info][gc,phases      ] GC(265) Phase 3: Adjust pointers 3.455ms
[126.431s][info][gc,phases,start] GC(265) Phase 4: Move objects
[126.431s][info][gc,phases      ] GC(265) Phase 4: Move objects 0.195ms
[126.432s][info][gc             ] GC(265) Pause Full (Allocation Failure) 385M->1M(494M) 463.298ms
[126.432s][info][gc,heap        ] GC(264) ParNew: 156996K->0K(157248K)
[126.432s][info][gc,heap        ] GC(264) CMS: 237978K->1865K(349568K)
[126.432s][info][gc,metaspace   ] GC(264) Metaspace: 10508K->10508K(27648K)
[126.433s][info][gc             ] GC(264) Pause Young (Allocation Failure) 385M->1M(494M) 463.714ms
[126.433s][info][gc,cpu         ] GC(264) User=0.69s Sys=0.02s Real=0.47s
[126.478s][info][gc,start       ] GC(266) Pause Young (Allocation Failure)
[126.478s][info][gc,task        ] GC(266) Using 8 workers of 8 for evacuation
[126.926s][info][gc,heap        ] GC(266) ParNew: 139776K->17470K(157248K)
[126.927s][info][gc,heap        ] GC(266) CMS: 1865K->148772K(349568K)
[126.927s][info][gc,metaspace   ] GC(266) Metaspace: 10508K->10508K(27648K)
[126.927s][info][gc             ] GC(266) Pause Young (Allocation Failure) 138M->162M(494M) 448.521ms
[126.927s][info][gc,cpu         ] GC(266) User=2.63s Sys=0.39s Real=0.42s
[127.004s][info][gc,start       ] GC(267) Pause Young (Allocation Failure)
[127.004s][info][gc,task        ] GC(267) Using 8 workers of 8 for evacuation
[127.557s][info][gc,heap        ] GC(267) ParNew: 157246K->17472K(157248K)
[127.557s][info][gc,heap        ] GC(267) CMS: 148772K->311738K(349568K)
[127.557s][info][gc,metaspace   ] GC(267) Metaspace: 10508K->10508K(27648K)
[127.558s][info][gc             ] GC(267) Pause Young (Allocation Failure) 298M->321M(494M) 553.444ms
[127.558s][info][gc,cpu         ] GC(267) User=3.52s Sys=0.05s Real=0.56s
[127.558s][info][gc,start       ] GC(268) Pause Initial Mark
[127.565s][info][gc             ] GC(268) Pause Initial Mark 324M->324M(494M) 6.723ms
[127.565s][info][gc,cpu         ] GC(268) User=0.00s Sys=0.00s Real=0.00s
[127.565s][info][gc             ] GC(268) Concurrent Mark
[127.565s][info][gc,task        ] GC(268) Using 2 workers of 2 for marking
[127.647s][info][gc,start       ] GC(269) Pause Young (Allocation Failure)
[127.647s][info][gc,task        ] GC(269) Using 8 workers of 8 for evacuation
[127.647s][info][gc,start       ] GC(270) Pause Full (Allocation Failure)
[129.696s][info][gc             ] GC(268) Concurrent Mark 2130.479ms
[129.696s][info][gc,cpu         ] GC(268) User=3.66s Sys=0.34s Real=2.14s
[129.697s][info][gc,phases,start] GC(270) Phase 1: Mark live objects
[129.823s][info][gc,phases      ] GC(270) Phase 1: Mark live objects 126.862ms
[129.823s][info][gc,phases,start] GC(270) Phase 2: Compute new object addresses
[130.127s][info][gc,phases      ] GC(270) Phase 2: Compute new object addresses 303.116ms
[130.127s][info][gc,phases,start] GC(270) Phase 3: Adjust pointers
[130.158s][info][gc,phases      ] GC(270) Phase 3: Adjust pointers 31.088ms
[130.158s][info][gc,phases,start] GC(270) Phase 4: Move objects
[130.199s][info][gc,phases      ] GC(270) Phase 4: Move objects 41.102ms
[130.203s][info][gc             ] GC(270) Pause Full (Allocation Failure) 457M->66M(494M) 2555.334ms
[130.203s][info][gc,heap        ] GC(269) ParNew: 157248K->0K(157248K)
[130.203s][info][gc,heap        ] GC(269) CMS: 311738K->68362K(349568K)
[130.203s][info][gc,metaspace   ] GC(269) Metaspace: 10508K->10508K(27648K)
[130.203s][info][gc             ] GC(269) Pause Young (Allocation Failure) 457M->66M(494M) 2555.840ms
[130.203s][info][gc,cpu         ] GC(269) User=3.95s Sys=0.34s Real=2.56s
[130.275s][info][gc,start       ] GC(271) Pause Young (Allocation Failure)
[130.275s][info][gc,task        ] GC(271) Using 8 workers of 8 for evacuation
[130.643s][info][gc,heap        ] GC(271) ParNew: 139776K->17471K(157248K)
[130.643s][info][gc,heap        ] GC(271) CMS: 68362K->232508K(349568K)
[130.643s][info][gc,metaspace   ] GC(271) Metaspace: 10508K->10508K(27648K)
[130.643s][info][gc             ] GC(271) Pause Young (Allocation Failure) 203M->244M(494M) 368.081ms
[130.643s][info][gc,cpu         ] GC(271) User=2.61s Sys=0.06s Real=0.36s
[130.644s][info][gc,start       ] GC(272) Pause Initial Mark
[130.663s][info][gc             ] GC(272) Pause Initial Mark 246M->246M(494M) 18.418ms
[130.663s][info][gc,cpu         ] GC(272) User=0.02s Sys=0.00s Real=0.01s
[130.663s][info][gc             ] GC(272) Concurrent Mark
[130.663s][info][gc,task        ] GC(272) Using 2 workers of 2 for marking
[130.733s][info][gc,start       ] GC(273) Pause Young (Allocation Failure)
[130.733s][info][gc,task        ] GC(273) Using 8 workers of 8 for evacuation
[130.733s][info][gc,start       ] GC(274) Pause Full (Allocation Failure)
[131.797s][info][gc             ] GC(272) Concurrent Mark 1134.304ms
[131.797s][info][gc,cpu         ] GC(272) User=1.84s Sys=0.14s Real=1.13s
[131.798s][info][gc,phases,start] GC(274) Phase 1: Mark live objects
[132.365s][info][gc,phases      ] GC(274) Phase 1: Mark live objects 567.042ms
[132.365s][info][gc,phases,start] GC(274) Phase 2: Compute new object addresses
[132.751s][info][gc,phases      ] GC(274) Phase 2: Compute new object addresses 385.326ms
[132.751s][info][gc,phases,start] GC(274) Phase 3: Adjust pointers
[133.112s][info][gc,phases      ] GC(274) Phase 3: Adjust pointers 361.170ms
[133.112s][info][gc,phases,start] GC(274) Phase 4: Move objects
[133.445s][info][gc,phases      ] GC(274) Phase 4: Move objects 333.259ms
[133.450s][info][gc             ] GC(274) Pause Full (Allocation Failure) 380M->339M(494M) 2717.099ms
[133.451s][info][gc,heap        ] GC(273) ParNew: 157247K->0K(157248K)
[133.451s][info][gc,heap        ] GC(273) CMS: 232508K->347830K(349568K)
[133.451s][info][gc,metaspace   ] GC(273) Metaspace: 10508K->10508K(27648K)
[133.451s][info][gc             ] GC(273) Pause Young (Allocation Failure) 380M->339M(494M) 2717.601ms
[133.451s][info][gc,cpu         ] GC(273) User=3.33s Sys=0.14s Real=2.72s
[133.520s][info][gc,start       ] GC(275) Pause Young (Allocation Failure)
[133.520s][info][gc,task        ] GC(275) Using 8 workers of 8 for evacuation
[133.520s][info][gc,start       ] GC(276) Pause Full (Allocation Failure)
[133.521s][info][gc,phases,start] GC(276) Phase 1: Mark live objects
[133.681s][info][gc,phases      ] GC(276) Phase 1: Mark live objects 160.251ms
[133.681s][info][gc,phases,start] GC(276) Phase 2: Compute new object addresses
[133.965s][info][gc,phases      ] GC(276) Phase 2: Compute new object addresses 284.393ms
[133.966s][info][gc,phases,start] GC(276) Phase 3: Adjust pointers
[134.056s][info][gc,phases      ] GC(276) Phase 3: Adjust pointers 89.839ms
[134.056s][info][gc,phases,start] GC(276) Phase 4: Move objects
[134.149s][info][gc,phases      ] GC(276) Phase 4: Move objects 93.686ms
[134.152s][info][gc             ] GC(276) Pause Full (Allocation Failure) 476M->129M(494M) 632.000ms
[134.152s][info][gc,heap        ] GC(275) ParNew: 139776K->0K(157248K)
[134.152s][info][gc,heap        ] GC(275) CMS: 347830K->132110K(349568K)
[134.152s][info][gc,metaspace   ] GC(275) Metaspace: 10508K->10508K(27648K)
[134.152s][info][gc             ] GC(275) Pause Young (Allocation Failure) 476M->129M(494M) 632.478ms
[134.152s][info][gc,cpu         ] GC(275) User=0.64s Sys=0.00s Real=0.63s
[134.215s][info][gc,start       ] GC(277) Pause Young (Allocation Failure)
[134.215s][info][gc,task        ] GC(277) Using 8 workers of 8 for evacuation
[134.751s][info][gc,heap        ] GC(277) ParNew: 139776K->17471K(157248K)
[134.751s][info][gc,heap        ] GC(277) CMS: 132110K->296259K(349568K)
[134.751s][info][gc,metaspace   ] GC(277) Metaspace: 10508K->10508K(27648K)
[134.751s][info][gc             ] GC(277) Pause Young (Allocation Failure) 265M->306M(494M) 536.840ms
[134.751s][info][gc,cpu         ] GC(277) User=3.83s Sys=0.28s Real=0.54s
[134.752s][info][gc,start       ] GC(278) Pause Initial Mark
[134.760s][info][gc             ] GC(278) Pause Initial Mark 309M->309M(494M) 7.821ms
[134.760s][info][gc,cpu         ] GC(278) User=0.00s Sys=0.00s Real=0.01s
[134.760s][info][gc             ] GC(278) Concurrent Mark
[134.760s][info][gc,task        ] GC(278) Using 2 workers of 2 for marking
[134.812s][info][gc,start       ] GC(279) Pause Young (Allocation Failure)
[134.812s][info][gc,task        ] GC(279) Using 8 workers of 8 for evacuation
[134.812s][info][gc,start       ] GC(280) Pause Full (Allocation Failure)
[136.264s][info][gc             ] GC(278) Concurrent Mark 1503.692ms
[136.264s][info][gc,cpu         ] GC(278) User=2.38s Sys=0.22s Real=1.50s
[136.265s][info][gc,phases,start] GC(280) Phase 1: Mark live objects
[136.278s][info][gc,phases      ] GC(280) Phase 1: Mark live objects 13.673ms
[136.278s][info][gc,phases,start] GC(280) Phase 2: Compute new object addresses
[136.517s][info][gc,phases      ] GC(280) Phase 2: Compute new object addresses 238.167ms
[136.517s][info][gc,phases,start] GC(280) Phase 3: Adjust pointers
[136.522s][info][gc,phases      ] GC(280) Phase 3: Adjust pointers 4.877ms
[136.522s][info][gc,phases,start] GC(280) Phase 4: Move objects
[136.522s][info][gc,phases      ] GC(280) Phase 4: Move objects 0.386ms
[136.526s][info][gc             ] GC(280) Pause Full (Allocation Failure) 393M->1M(494M) 1713.861ms
[136.526s][info][gc,heap        ] GC(279) ParNew: 106870K->0K(157248K)
[136.526s][info][gc,heap        ] GC(279) CMS: 296259K->1865K(349568K)
[136.526s][info][gc,metaspace   ] GC(279) Metaspace: 10508K->10508K(27648K)
[136.527s][info][gc             ] GC(279) Pause Young (Allocation Failure) 393M->1M(494M) 1714.296ms
[136.527s][info][gc,cpu         ] GC(279) User=2.52s Sys=0.22s Real=1.72s
[136.609s][info][gc,start       ] GC(281) Pause Young (Allocation Failure)
[136.610s][info][gc,task        ] GC(281) Using 8 workers of 8 for evacuation
[137.087s][info][gc,heap        ] GC(281) ParNew: 139776K->17470K(157248K)
[137.087s][info][gc,heap        ] GC(281) CMS: 1865K->148369K(349568K)
[137.087s][info][gc,metaspace   ] GC(281) Metaspace: 10508K->10508K(27648K)
[137.088s][info][gc             ] GC(281) Pause Young (Allocation Failure) 138M->161M(494M) 478.215ms
[137.088s][info][gc,cpu         ] GC(281) User=3.25s Sys=0.31s Real=0.48s
[137.166s][info][gc,start       ] GC(282) Pause Young (Allocation Failure)
[137.166s][info][gc,task        ] GC(282) Using 8 workers of 8 for evacuation
[137.662s][info][gc,heap        ] GC(282) ParNew: 157246K->17470K(157248K)
[137.662s][info][gc,heap        ] GC(282) CMS: 148369K->311742K(349568K)
[137.662s][info][gc,metaspace   ] GC(282) Metaspace: 10508K->10508K(27648K)
[137.662s][info][gc             ] GC(282) Pause Young (Allocation Failure) 298M->321M(494M) 496.309ms
[137.662s][info][gc,cpu         ] GC(282) User=3.61s Sys=0.11s Real=0.50s
[137.663s][info][gc,start       ] GC(283) Pause Initial Mark
[137.676s][info][gc             ] GC(283) Pause Initial Mark 324M->324M(494M) 13.516ms
[137.676s][info][gc,cpu         ] GC(283) User=0.08s Sys=0.00s Real=0.02s
[137.677s][info][gc             ] GC(283) Concurrent Mark
[137.677s][info][gc,task        ] GC(283) Using 2 workers of 2 for marking
[137.736s][info][gc,start       ] GC(284) Pause Young (Allocation Failure)
[137.736s][info][gc,task        ] GC(284) Using 8 workers of 8 for evacuation
[137.736s][info][gc,start       ] GC(285) Pause Full (Allocation Failure)
[139.460s][info][gc             ] GC(283) Concurrent Mark 1783.758ms
[139.461s][info][gc,cpu         ] GC(283) User=3.16s Sys=0.25s Real=1.78s
[139.461s][info][gc,phases,start] GC(285) Phase 1: Mark live objects
[139.575s][info][gc,phases      ] GC(285) Phase 1: Mark live objects 113.867ms
[139.575s][info][gc,phases,start] GC(285) Phase 2: Compute new object addresses
[139.835s][info][gc,phases      ] GC(285) Phase 2: Compute new object addresses 259.771ms
[139.835s][info][gc,phases,start] GC(285) Phase 3: Adjust pointers
[139.858s][info][gc,phases      ] GC(285) Phase 3: Adjust pointers 23.111ms
[139.858s][info][gc,phases,start] GC(285) Phase 4: Move objects
[139.886s][info][gc,phases      ] GC(285) Phase 4: Move objects 27.825ms
[139.890s][info][gc             ] GC(285) Pause Full (Allocation Failure) 457M->58M(494M) 2153.779ms
[139.890s][info][gc,heap        ] GC(284) ParNew: 157246K->0K(157248K)
[139.890s][info][gc,heap        ] GC(284) CMS: 311742K->60160K(349568K)
[139.890s][info][gc,metaspace   ] GC(284) Metaspace: 10508K->10508K(27648K)
[139.890s][info][gc             ] GC(284) Pause Young (Allocation Failure) 457M->58M(494M) 2154.237ms
[139.890s][info][gc,cpu         ] GC(284) User=3.41s Sys=0.25s Real=2.15s
[139.948s][info][gc,start       ] GC(286) Pause Young (Allocation Failure)
[139.948s][info][gc,task        ] GC(286) Using 8 workers of 8 for evacuation
[140.517s][info][gc,heap        ] GC(286) ParNew: 139776K->17470K(157248K)
[140.518s][info][gc,heap        ] GC(286) CMS: 60160K->224307K(349568K)
[140.518s][info][gc,metaspace   ] GC(286) Metaspace: 10508K->10508K(27648K)
[140.518s][info][gc             ] GC(286) Pause Young (Allocation Failure) 195M->236M(494M) 570.129ms
[140.518s][info][gc,cpu         ] GC(286) User=4.06s Sys=0.33s Real=0.57s
[140.519s][info][gc,start       ] GC(287) Pause Initial Mark
[140.533s][info][gc             ] GC(287) Pause Initial Mark 238M->238M(494M) 13.213ms
[140.533s][info][gc,cpu         ] GC(287) User=0.00s Sys=0.00s Real=0.01s
[140.533s][info][gc             ] GC(287) Concurrent Mark
[140.533s][info][gc,task        ] GC(287) Using 2 workers of 2 for marking
[140.594s][info][gc,start       ] GC(288) Pause Young (Allocation Failure)
[140.594s][info][gc,task        ] GC(288) Using 8 workers of 8 for evacuation
[140.594s][info][gc,start       ] GC(289) Pause Full (Allocation Failure)
[141.628s][info][gc             ] GC(287) Concurrent Mark 1095.455ms
[141.628s][info][gc,cpu         ] GC(287) User=1.92s Sys=0.09s Real=1.09s
[141.629s][info][gc,phases,start] GC(289) Phase 1: Mark live objects
[142.057s][info][gc,phases      ] GC(289) Phase 1: Mark live objects 428.173ms
[142.057s][info][gc,phases,start] GC(289) Phase 2: Compute new object addresses
[142.385s][info][gc,phases      ] GC(289) Phase 2: Compute new object addresses 327.787ms
[142.385s][info][gc,phases,start] GC(289) Phase 3: Adjust pointers
[142.699s][info][gc,phases      ] GC(289) Phase 3: Adjust pointers 314.423ms
[142.699s][info][gc,phases,start] GC(289) Phase 4: Move objects
[143.019s][info][gc,phases      ] GC(289) Phase 4: Move objects 319.475ms
[143.023s][info][gc             ] GC(289) Pause Full (Allocation Failure) 372M->331M(494M) 2428.954ms
[143.023s][info][gc,heap        ] GC(288) ParNew: 157246K->0K(157248K)
[143.023s][info][gc,heap        ] GC(288) CMS: 224307K->339628K(349568K)
[143.023s][info][gc,metaspace   ] GC(288) Metaspace: 10508K->10508K(27648K)
[143.023s][info][gc             ] GC(288) Pause Young (Allocation Failure) 372M->331M(494M) 2429.442ms
[143.023s][info][gc,cpu         ] GC(288) User=3.16s Sys=0.09s Real=2.43s
[143.087s][info][gc,start       ] GC(290) Pause Young (Allocation Failure)
[143.087s][info][gc,task        ] GC(290) Using 8 workers of 8 for evacuation
[143.088s][info][gc,start       ] GC(291) Pause Full (Allocation Failure)
[143.088s][info][gc,phases,start] GC(291) Phase 1: Mark live objects
[143.236s][info][gc,phases      ] GC(291) Phase 1: Mark live objects 148.140ms
[143.236s][info][gc,phases,start] GC(291) Phase 2: Compute new object addresses
[143.518s][info][gc,phases      ] GC(291) Phase 2: Compute new object addresses 281.936ms
[143.518s][info][gc,phases,start] GC(291) Phase 3: Adjust pointers
[143.610s][info][gc,phases      ] GC(291) Phase 3: Adjust pointers 91.733ms
[143.610s][info][gc,phases,start] GC(291) Phase 4: Move objects
[143.693s][info][gc,phases      ] GC(291) Phase 4: Move objects 83.226ms
[143.696s][info][gc             ] GC(291) Pause Full (Allocation Failure) 468M->112M(494M) 608.740ms
[143.696s][info][gc,heap        ] GC(290) ParNew: 139776K->0K(157248K)
[143.696s][info][gc,heap        ] GC(290) CMS: 339628K->115706K(349568K)
[143.696s][info][gc,metaspace   ] GC(290) Metaspace: 10508K->10508K(27648K)
[143.697s][info][gc             ] GC(290) Pause Young (Allocation Failure) 468M->112M(494M) 609.295ms
[143.697s][info][gc,cpu         ] GC(290) User=0.59s Sys=0.02s Real=0.62s
[143.758s][info][gc,start       ] GC(292) Pause Young (Allocation Failure)
[143.758s][info][gc,task        ] GC(292) Using 8 workers of 8 for evacuation
[144.193s][info][gc,heap        ] GC(292) ParNew: 139776K->17470K(157248K)
[144.193s][info][gc,heap        ] GC(292) CMS: 115706K->279854K(349568K)
[144.193s][info][gc,metaspace   ] GC(292) Metaspace: 10508K->10508K(27648K)
[144.193s][info][gc             ] GC(292) Pause Young (Allocation Failure) 249M->290M(494M) 435.007ms
[144.193s][info][gc,cpu         ] GC(292) User=3.30s Sys=0.00s Real=0.45s
[144.194s][info][gc,start       ] GC(293) Pause Initial Mark
[144.200s][info][gc             ] GC(293) Pause Initial Mark 293M->293M(494M) 6.174ms
[144.200s][info][gc,cpu         ] GC(293) User=0.00s Sys=0.00s Real=0.00s
[144.200s][info][gc             ] GC(293) Concurrent Mark
[144.200s][info][gc,task        ] GC(293) Using 2 workers of 2 for marking
[144.289s][info][gc,start       ] GC(294) Pause Young (Allocation Failure)
[144.289s][info][gc,task        ] GC(294) Using 8 workers of 8 for evacuation
[144.289s][info][gc,start       ] GC(295) Pause Full (Allocation Failure)
[145.881s][info][gc             ] GC(293) Concurrent Mark 1680.840ms
[145.881s][info][gc,cpu         ] GC(293) User=2.78s Sys=0.19s Real=1.68s
[145.882s][info][gc,phases,start] GC(295) Phase 1: Mark live objects
[145.898s][info][gc,phases      ] GC(295) Phase 1: Mark live objects 15.827ms
[145.898s][info][gc,phases,start] GC(295) Phase 2: Compute new object addresses
[146.184s][info][gc,phases      ] GC(295) Phase 2: Compute new object addresses 286.469ms
[146.185s][info][gc,phases,start] GC(295) Phase 3: Adjust pointers
[146.189s][info][gc,phases      ] GC(295) Phase 3: Adjust pointers 4.053ms
[146.189s][info][gc,phases,start] GC(295) Phase 4: Move objects
[146.189s][info][gc,phases      ] GC(295) Phase 4: Move objects 0.423ms
[146.192s][info][gc             ] GC(295) Pause Full (Allocation Failure) 402M->1M(494M) 1903.529ms
[146.193s][info][gc,heap        ] GC(294) ParNew: 131994K->0K(157248K)
[146.193s][info][gc,heap        ] GC(294) CMS: 279854K->1865K(349568K)
[146.193s][info][gc,metaspace   ] GC(294) Metaspace: 10508K->10508K(27648K)
[146.193s][info][gc             ] GC(294) Pause Young (Allocation Failure) 402M->1M(494M) 1904.005ms
[146.193s][info][gc,cpu         ] GC(294) User=2.86s Sys=0.19s Real=1.90s
[146.255s][info][gc,start       ] GC(296) Pause Young (Allocation Failure)
[146.255s][info][gc,task        ] GC(296) Using 8 workers of 8 for evacuation
[146.764s][info][gc,heap        ] GC(296) ParNew: 139776K->17470K(157248K)
[146.764s][info][gc,heap        ] GC(296) CMS: 1865K->147972K(349568K)
[146.764s][info][gc,metaspace   ] GC(296) Metaspace: 10508K->10508K(27648K)
[146.764s][info][gc             ] GC(296) Pause Young (Allocation Failure) 138M->161M(494M) 508.802ms
[146.764s][info][gc,cpu         ] GC(296) User=3.02s Sys=0.55s Real=0.52s
[146.863s][info][gc,start       ] GC(297) Pause Young (Allocation Failure)
[146.863s][info][gc,task        ] GC(297) Using 8 workers of 8 for evacuation
[147.441s][info][gc,heap        ] GC(297) ParNew: 157246K->17470K(157248K)
[147.442s][info][gc,heap        ] GC(297) CMS: 147972K->311745K(349568K)
[147.442s][info][gc,metaspace   ] GC(297) Metaspace: 10508K->10508K(27648K)
[147.442s][info][gc             ] GC(297) Pause Young (Allocation Failure) 298M->321M(494M) 579.100ms
[147.442s][info][gc,cpu         ] GC(297) User=3.63s Sys=0.08s Real=0.58s
[147.442s][info][gc,start       ] GC(298) Pause Initial Mark
[147.451s][info][gc             ] GC(298) Pause Initial Mark 324M->324M(494M) 8.614ms
[147.451s][info][gc,cpu         ] GC(298) User=0.13s Sys=0.00s Real=0.01s
[147.451s][info][gc             ] GC(298) Concurrent Mark
[147.451s][info][gc,task        ] GC(298) Using 2 workers of 2 for marking
[147.510s][info][gc,start       ] GC(299) Pause Young (Allocation Failure)
[147.510s][info][gc,task        ] GC(299) Using 8 workers of 8 for evacuation
[147.510s][info][gc,start       ] GC(300) Pause Full (Allocation Failure)
[149.266s][info][gc             ] GC(298) Concurrent Mark 1814.356ms
[149.266s][info][gc,cpu         ] GC(298) User=2.92s Sys=0.28s Real=1.81s
[149.266s][info][gc,phases,start] GC(300) Phase 1: Mark live objects
[149.283s][info][gc,phases      ] GC(300) Phase 1: Mark live objects 16.224ms
[149.283s][info][gc,phases,start] GC(300) Phase 2: Compute new object addresses
[149.591s][info][gc,phases      ] GC(300) Phase 2: Compute new object addresses 308.635ms
[149.591s][info][gc,phases,start] GC(300) Phase 3: Adjust pointers
[149.596s][info][gc,phases      ] GC(300) Phase 3: Adjust pointers 4.079ms
[149.596s][info][gc,phases,start] GC(300) Phase 4: Move objects
[149.596s][info][gc,phases      ] GC(300) Phase 4: Move objects 0.405ms
[149.610s][info][gc             ] GC(300) Pause Full (Allocation Failure) 411M->1M(494M) 2099.699ms
[149.610s][info][gc,heap        ] GC(299) ParNew: 109355K->0K(157248K)
[149.610s][info][gc,heap        ] GC(299) CMS: 311745K->1865K(349568K)
[149.610s][info][gc,metaspace   ] GC(299) Metaspace: 10508K->10508K(27648K)
[149.610s][info][gc             ] GC(299) Pause Young (Allocation Failure) 411M->1M(494M) 2100.214ms
[149.610s][info][gc,cpu         ] GC(299) User=3.11s Sys=0.27s Real=2.10s
[149.697s][info][gc,start       ] GC(301) Pause Young (Allocation Failure)
[149.697s][info][gc,task        ] GC(301) Using 8 workers of 8 for evacuation
[150.183s][info][gc,heap        ] GC(301) ParNew: 139776K->17472K(157248K)
[150.183s][info][gc,heap        ] GC(301) CMS: 1865K->147835K(349568K)
[150.183s][info][gc,metaspace   ] GC(301) Metaspace: 10508K->10508K(27648K)
[150.183s][info][gc             ] GC(301) Pause Young (Allocation Failure) 138M->161M(494M) 486.114ms
[150.183s][info][gc,cpu         ] GC(301) User=2.95s Sys=0.61s Real=0.49s
[150.255s][info][gc,start       ] GC(302) Pause Young (Allocation Failure)
[150.255s][info][gc,task        ] GC(302) Using 8 workers of 8 for evacuation
[150.712s][info][gc,heap        ] GC(302) ParNew: 157248K->17471K(157248K)
[150.712s][info][gc,heap        ] GC(302) CMS: 147835K->311742K(349568K)
[150.712s][info][gc,metaspace   ] GC(302) Metaspace: 10508K->10508K(27648K)
[150.712s][info][gc             ] GC(302) Pause Young (Allocation Failure) 297M->321M(494M) 457.237ms
[150.712s][info][gc,cpu         ] GC(302) User=3.44s Sys=0.08s Real=0.47s
[150.713s][info][gc,start       ] GC(303) Pause Initial Mark
[150.719s][info][gc             ] GC(303) Pause Initial Mark 324M->324M(494M) 5.843ms
[150.719s][info][gc,cpu         ] GC(303) User=0.00s Sys=0.00s Real=0.00s
[150.719s][info][gc             ] GC(303) Concurrent Mark
[150.719s][info][gc,task        ] GC(303) Using 2 workers of 2 for marking
[150.756s][info][gc,start       ] GC(304) Pause Young (Allocation Failure)
[150.756s][info][gc,task        ] GC(304) Using 8 workers of 8 for evacuation
[150.756s][info][gc,start       ] GC(305) Pause Full (Allocation Failure)
[152.361s][info][gc             ] GC(303) Concurrent Mark 1641.879ms
[152.361s][info][gc,cpu         ] GC(303) User=2.67s Sys=0.25s Real=1.64s
[152.361s][info][gc,phases,start] GC(305) Phase 1: Mark live objects
[152.373s][info][gc,phases      ] GC(305) Phase 1: Mark live objects 11.262ms
[152.373s][info][gc,phases,start] GC(305) Phase 2: Compute new object addresses
[152.593s][info][gc,phases      ] GC(305) Phase 2: Compute new object addresses 220.641ms
[152.594s][info][gc,phases,start] GC(305) Phase 3: Adjust pointers
[152.597s][info][gc,phases      ] GC(305) Phase 3: Adjust pointers 3.928ms
[152.598s][info][gc,phases,start] GC(305) Phase 4: Move objects
[152.598s][info][gc,phases      ] GC(305) Phase 4: Move objects 0.245ms
[152.600s][info][gc             ] GC(305) Pause Full (Allocation Failure) 413M->1M(494M) 1844.037ms
[152.600s][info][gc,heap        ] GC(304) ParNew: 111975K->0K(157248K)
[152.600s][info][gc,heap        ] GC(304) CMS: 311742K->1865K(349568K)
[152.600s][info][gc,metaspace   ] GC(304) Metaspace: 10508K->10508K(27648K)
[152.600s][info][gc             ] GC(304) Pause Young (Allocation Failure) 413M->1M(494M) 1844.496ms
[152.600s][info][gc,cpu         ] GC(304) User=2.81s Sys=0.25s Real=1.85s
[152.653s][info][gc,start       ] GC(306) Pause Young (Allocation Failure)
[152.653s][info][gc,task        ] GC(306) Using 8 workers of 8 for evacuation
[153.156s][info][gc,heap        ] GC(306) ParNew: 139776K->17471K(157248K)
[153.156s][info][gc,heap        ] GC(306) CMS: 1865K->147701K(349568K)
[153.156s][info][gc,metaspace   ] GC(306) Metaspace: 10508K->10508K(27648K)
[153.156s][info][gc             ] GC(306) Pause Young (Allocation Failure) 138M->161M(494M) 503.620ms
[153.156s][info][gc,cpu         ] GC(306) User=3.20s Sys=0.45s Real=0.50s
[153.233s][info][gc,start       ] GC(307) Pause Young (Allocation Failure)
[153.233s][info][gc,task        ] GC(307) Using 8 workers of 8 for evacuation
[153.831s][info][gc,heap        ] GC(307) ParNew: 157247K->17470K(157248K)
[153.831s][info][gc,heap        ] GC(307) CMS: 147701K->311741K(349568K)
[153.831s][info][gc,metaspace   ] GC(307) Metaspace: 10508K->10508K(27648K)
[153.831s][info][gc             ] GC(307) Pause Young (Allocation Failure) 297M->321M(494M) 598.139ms
[153.831s][info][gc,cpu         ] GC(307) User=4.05s Sys=0.28s Real=0.60s
[153.832s][info][gc,start       ] GC(308) Pause Initial Mark
[153.838s][info][gc             ] GC(308) Pause Initial Mark 324M->324M(494M) 6.383ms
[153.838s][info][gc,cpu         ] GC(308) User=0.00s Sys=0.00s Real=0.00s
[153.839s][info][gc             ] GC(308) Concurrent Mark
[153.839s][info][gc,task        ] GC(308) Using 2 workers of 2 for marking
[153.892s][info][gc,start       ] GC(309) Pause Young (Allocation Failure)
[153.892s][info][gc,task        ] GC(309) Using 8 workers of 8 for evacuation
[153.892s][info][gc,start       ] GC(310) Pause Full (Allocation Failure)
[155.420s][info][gc             ] GC(308) Concurrent Mark 1581.805ms
[155.421s][info][gc,cpu         ] GC(308) User=2.58s Sys=0.16s Real=1.59s
[155.421s][info][gc,phases,start] GC(310) Phase 1: Mark live objects
[155.439s][info][gc,phases      ] GC(310) Phase 1: Mark live objects 18.112ms
[155.439s][info][gc,phases,start] GC(310) Phase 2: Compute new object addresses
[155.640s][info][gc,phases      ] GC(310) Phase 2: Compute new object addresses 200.888ms
[155.640s][info][gc,phases,start] GC(310) Phase 3: Adjust pointers
[155.644s][info][gc,phases      ] GC(310) Phase 3: Adjust pointers 3.497ms
[155.644s][info][gc,phases,start] GC(310) Phase 4: Move objects
[155.644s][info][gc,phases      ] GC(310) Phase 4: Move objects 0.258ms
[155.646s][info][gc             ] GC(310) Pause Full (Allocation Failure) 416M->1M(494M) 1754.296ms
[155.646s][info][gc,heap        ] GC(309) ParNew: 114721K->0K(157248K)
[155.646s][info][gc,heap        ] GC(309) CMS: 311741K->1865K(349568K)
[155.646s][info][gc,metaspace   ] GC(309) Metaspace: 10508K->10508K(27648K)
[155.646s][info][gc             ] GC(309) Pause Young (Allocation Failure) 416M->1M(494M) 1754.736ms
[155.646s][info][gc,cpu         ] GC(309) User=2.63s Sys=0.16s Real=1.75s
[155.718s][info][gc,start       ] GC(311) Pause Young (Allocation Failure)
[155.719s][info][gc,task        ] GC(311) Using 8 workers of 8 for evacuation
[156.189s][info][gc,heap        ] GC(311) ParNew: 139776K->17470K(157248K)
[156.189s][info][gc,heap        ] GC(311) CMS: 1865K->147568K(349568K)
[156.189s][info][gc,metaspace   ] GC(311) Metaspace: 10508K->10508K(27648K)
[156.189s][info][gc             ] GC(311) Pause Young (Allocation Failure) 138M->161M(494M) 470.714ms
[156.190s][info][gc,cpu         ] GC(311) User=3.08s Sys=0.50s Real=0.47s
[156.247s][info][gc,start       ] GC(312) Pause Young (Allocation Failure)
[156.247s][info][gc,task        ] GC(312) Using 8 workers of 8 for evacuation
[156.695s][info][gc,heap        ] GC(312) ParNew: 157246K->17470K(157248K)
[156.695s][info][gc,heap        ] GC(312) CMS: 147568K->311747K(349568K)
[156.695s][info][gc,metaspace   ] GC(312) Metaspace: 10508K->10508K(27648K)
[156.695s][info][gc             ] GC(312) Pause Young (Allocation Failure) 297M->321M(494M) 448.205ms
[156.695s][info][gc,cpu         ] GC(312) User=3.41s Sys=0.17s Real=0.45s
[156.695s][info][gc,start       ] GC(313) Pause Initial Mark
[156.709s][info][gc             ] GC(313) Pause Initial Mark 324M->324M(494M) 13.928ms
[156.709s][info][gc,cpu         ] GC(313) User=0.02s Sys=0.00s Real=0.02s
[156.710s][info][gc             ] GC(313) Concurrent Mark
[156.710s][info][gc,task        ] GC(313) Using 2 workers of 2 for marking
[156.752s][info][gc,start       ] GC(314) Pause Young (Allocation Failure)
[156.752s][info][gc,task        ] GC(314) Using 8 workers of 8 for evacuation
[156.753s][info][gc,start       ] GC(315) Pause Full (Allocation Failure)
[158.334s][info][gc             ] GC(313) Concurrent Mark 1624.179ms
[158.334s][info][gc,cpu         ] GC(313) User=2.72s Sys=0.19s Real=1.62s
[158.334s][info][gc,phases,start] GC(315) Phase 1: Mark live objects
[158.355s][info][gc,phases      ] GC(315) Phase 1: Mark live objects 21.031ms
[158.356s][info][gc,phases,start] GC(315) Phase 2: Compute new object addresses
[158.611s][info][gc,phases      ] GC(315) Phase 2: Compute new object addresses 255.887ms
[158.612s][info][gc,phases,start] GC(315) Phase 3: Adjust pointers
[158.615s][info][gc,phases      ] GC(315) Phase 3: Adjust pointers 3.611ms
[158.615s][info][gc,phases,start] GC(315) Phase 4: Move objects
[158.616s][info][gc,phases      ] GC(315) Phase 4: Move objects 0.333ms
[158.618s][info][gc             ] GC(315) Pause Full (Allocation Failure) 419M->1M(494M) 1865.745ms
[158.618s][info][gc,heap        ] GC(314) ParNew: 117502K->0K(157248K)
[158.618s][info][gc,heap        ] GC(314) CMS: 311747K->1865K(349568K)
[158.618s][info][gc,metaspace   ] GC(314) Metaspace: 10508K->10508K(27648K)
[158.618s][info][gc             ] GC(314) Pause Young (Allocation Failure) 419M->1M(494M) 1866.191ms
[158.619s][info][gc,cpu         ] GC(314) User=2.88s Sys=0.19s Real=1.87s
[158.682s][info][gc,start       ] GC(316) Pause Young (Allocation Failure)
[158.683s][info][gc,task        ] GC(316) Using 8 workers of 8 for evacuation
[159.219s][info][gc,heap        ] GC(316) ParNew: 139776K->17470K(157248K)
[159.220s][info][gc,heap        ] GC(316) CMS: 1865K->147438K(349568K)
[159.220s][info][gc,metaspace   ] GC(316) Metaspace: 10508K->10508K(27648K)
[159.220s][info][gc             ] GC(316) Pause Young (Allocation Failure) 138M->161M(494M) 537.242ms
[159.220s][info][gc,cpu         ] GC(316) User=3.48s Sys=0.63s Real=0.54s
[159.295s][info][gc,start       ] GC(317) Pause Young (Allocation Failure)
[159.295s][info][gc,task        ] GC(317) Using 8 workers of 8 for evacuation
[160.011s][info][gc,heap        ] GC(317) ParNew: 157246K->17470K(157248K)
[160.011s][info][gc,heap        ] GC(317) CMS: 147438K->311745K(349568K)
[160.011s][info][gc,metaspace   ] GC(317) Metaspace: 10508K->10508K(27648K)
[160.012s][info][gc             ] GC(317) Pause Young (Allocation Failure) 297M->321M(494M) 716.506ms
[160.012s][info][gc,cpu         ] GC(317) User=4.72s Sys=0.31s Real=0.73s
[160.013s][info][gc,start       ] GC(318) Pause Initial Mark
[160.022s][info][gc             ] GC(318) Pause Initial Mark 324M->324M(494M) 8.919ms
[160.022s][info][gc,cpu         ] GC(318) User=0.00s Sys=0.00s Real=0.00s
[160.022s][info][gc             ] GC(318) Concurrent Mark
[160.022s][info][gc,task        ] GC(318) Using 2 workers of 2 for marking
[160.103s][info][gc,start       ] GC(319) Pause Young (Allocation Failure)
[160.103s][info][gc,task        ] GC(319) Using 8 workers of 8 for evacuation
[160.104s][info][gc,start       ] GC(320) Pause Full (Allocation Failure)
[161.675s][info][gc             ] GC(318) Concurrent Mark 1653.164ms
[161.676s][info][gc,cpu         ] GC(318) User=2.58s Sys=0.30s Real=1.65s
[161.676s][info][gc,phases,start] GC(320) Phase 1: Mark live objects
[161.697s][info][gc,phases      ] GC(320) Phase 1: Mark live objects 21.277ms
[161.697s][info][gc,phases,start] GC(320) Phase 2: Compute new object addresses
[161.910s][info][gc,phases      ] GC(320) Phase 2: Compute new object addresses 212.655ms
[161.910s][info][gc,phases,start] GC(320) Phase 3: Adjust pointers
[161.915s][info][gc,phases      ] GC(320) Phase 3: Adjust pointers 4.451ms
[161.915s][info][gc,phases,start] GC(320) Phase 4: Move objects
[161.915s][info][gc,phases      ] GC(320) Phase 4: Move objects 0.283ms
[161.918s][info][gc             ] GC(320) Pause Full (Allocation Failure) 421M->1M(494M) 1813.666ms
[161.918s][info][gc,heap        ] GC(319) ParNew: 120293K->0K(157248K)
[161.918s][info][gc,heap        ] GC(319) CMS: 311745K->1865K(349568K)
[161.918s][info][gc,metaspace   ] GC(319) Metaspace: 10508K->10508K(27648K)
[161.918s][info][gc             ] GC(319) Pause Young (Allocation Failure) 421M->1M(494M) 1814.838ms
[161.918s][info][gc,cpu         ] GC(319) User=2.64s Sys=0.30s Real=1.81s
[161.982s][info][gc,start       ] GC(321) Pause Young (Allocation Failure)
[161.982s][info][gc,task        ] GC(321) Using 8 workers of 8 for evacuation
[162.469s][info][gc,heap        ] GC(321) ParNew: 139776K->17470K(157248K)
[162.469s][info][gc,heap        ] GC(321) CMS: 1865K->147300K(349568K)
[162.469s][info][gc,metaspace   ] GC(321) Metaspace: 10508K->10508K(27648K)
[162.469s][info][gc             ] GC(321) Pause Young (Allocation Failure) 138M->160M(494M) 487.260ms
[162.470s][info][gc,cpu         ] GC(321) User=3.16s Sys=0.50s Real=0.48s
[162.528s][info][gc,start       ] GC(322) Pause Young (Allocation Failure)
[162.529s][info][gc,task        ] GC(322) Using 8 workers of 8 for evacuation
[163.048s][info][gc,heap        ] GC(322) ParNew: 157246K->17472K(157248K)
[163.048s][info][gc,heap        ] GC(322) CMS: 147300K->311742K(349568K)
[163.048s][info][gc,metaspace   ] GC(322) Metaspace: 10508K->10508K(27648K)
[163.048s][info][gc             ] GC(322) Pause Young (Allocation Failure) 297M->321M(494M) 519.640ms
[163.048s][info][gc,cpu         ] GC(322) User=3.77s Sys=0.13s Real=0.52s
[163.049s][info][gc,start       ] GC(323) Pause Initial Mark
[163.061s][info][gc             ] GC(323) Pause Initial Mark 324M->324M(494M) 12.067ms
[163.061s][info][gc,cpu         ] GC(323) User=0.13s Sys=0.00s Real=0.01s
[163.061s][info][gc             ] GC(323) Concurrent Mark
[163.061s][info][gc,task        ] GC(323) Using 2 workers of 2 for marking
[163.112s][info][gc,start       ] GC(324) Pause Young (Allocation Failure)
[163.112s][info][gc,task        ] GC(324) Using 8 workers of 8 for evacuation
[163.112s][info][gc,start       ] GC(325) Pause Full (Allocation Failure)
[165.025s][info][gc             ] GC(323) Concurrent Mark 1963.868ms
[165.025s][info][gc,cpu         ] GC(323) User=3.08s Sys=0.31s Real=1.96s
[165.026s][info][gc,phases,start] GC(325) Phase 1: Mark live objects
[165.042s][info][gc,phases      ] GC(325) Phase 1: Mark live objects 15.897ms
[165.042s][info][gc,phases,start] GC(325) Phase 2: Compute new object addresses
[165.379s][info][gc,phases      ] GC(325) Phase 2: Compute new object addresses 337.536ms
[165.379s][info][gc,phases,start] GC(325) Phase 3: Adjust pointers
[165.383s][info][gc,phases      ] GC(325) Phase 3: Adjust pointers 3.943ms
[165.383s][info][gc,phases,start] GC(325) Phase 4: Move objects
[165.384s][info][gc,phases      ] GC(325) Phase 4: Move objects 0.491ms
[165.387s][info][gc             ] GC(325) Pause Full (Allocation Failure) 424M->1M(494M) 2274.536ms
[165.387s][info][gc,heap        ] GC(324) ParNew: 123089K->0K(157248K)
[165.387s][info][gc,heap        ] GC(324) CMS: 311742K->1865K(349568K)
[165.387s][info][gc,metaspace   ] GC(324) Metaspace: 10508K->10508K(27648K)
[165.387s][info][gc             ] GC(324) Pause Young (Allocation Failure) 424M->1M(494M) 2275.010ms
[165.387s][info][gc,cpu         ] GC(324) User=3.30s Sys=0.31s Real=2.28s
[165.453s][info][gc,start       ] GC(326) Pause Young (Allocation Failure)
[165.453s][info][gc,task        ] GC(326) Using 8 workers of 8 for evacuation
[165.906s][info][gc,heap        ] GC(326) ParNew: 139776K->17471K(157248K)
[165.906s][info][gc,heap        ] GC(326) CMS: 1865K->147165K(349568K)
[165.906s][info][gc,metaspace   ] GC(326) Metaspace: 10508K->10508K(27648K)
[165.906s][info][gc             ] GC(326) Pause Young (Allocation Failure) 138M->160M(494M) 453.346ms
[165.906s][info][gc,cpu         ] GC(326) User=2.61s Sys=0.27s Real=0.45s
[165.985s][info][gc,start       ] GC(327) Pause Young (Allocation Failure)
[165.985s][info][gc,task        ] GC(327) Using 8 workers of 8 for evacuation
[166.501s][info][gc,heap        ] GC(327) ParNew: 157247K->17471K(157248K)
[166.501s][info][gc,heap        ] GC(327) CMS: 147165K->311743K(349568K)
[166.501s][info][gc,metaspace   ] GC(327) Metaspace: 10508K->10508K(27648K)
[166.501s][info][gc             ] GC(327) Pause Young (Allocation Failure) 297M->321M(494M) 515.864ms
[166.501s][info][gc,cpu         ] GC(327) User=3.50s Sys=0.08s Real=0.52s
[166.502s][info][gc,start       ] GC(328) Pause Initial Mark
[166.513s][info][gc             ] GC(328) Pause Initial Mark 324M->324M(494M) 10.996ms
[166.513s][info][gc,cpu         ] GC(328) User=0.06s Sys=0.00s Real=0.01s
[166.513s][info][gc             ] GC(328) Concurrent Mark
[166.513s][info][gc,task        ] GC(328) Using 2 workers of 2 for marking
[166.595s][info][gc,start       ] GC(329) Pause Young (Allocation Failure)
[166.595s][info][gc,task        ] GC(329) Using 8 workers of 8 for evacuation
[166.595s][info][gc,start       ] GC(330) Pause Full (Allocation Failure)
[168.184s][info][gc             ] GC(328) Concurrent Mark 1670.667ms
[168.184s][info][gc,cpu         ] GC(328) User=2.86s Sys=0.11s Real=1.66s
[168.185s][info][gc,phases,start] GC(330) Phase 1: Mark live objects
[168.202s][info][gc,phases      ] GC(330) Phase 1: Mark live objects 17.302ms
[168.202s][info][gc,phases,start] GC(330) Phase 2: Compute new object addresses
[168.464s][info][gc,phases      ] GC(330) Phase 2: Compute new object addresses 261.487ms
[168.464s][info][gc,phases,start] GC(330) Phase 3: Adjust pointers
[168.467s][info][gc,phases      ] GC(330) Phase 3: Adjust pointers 3.732ms
[168.467s][info][gc,phases,start] GC(330) Phase 4: Move objects
[168.468s][info][gc,phases      ] GC(330) Phase 4: Move objects 0.332ms
[168.480s][info][gc             ] GC(330) Pause Full (Allocation Failure) 427M->1M(494M) 1884.589ms
[168.480s][info][gc,heap        ] GC(329) ParNew: 125884K->0K(157248K)
[168.480s][info][gc,heap        ] GC(329) CMS: 311743K->1865K(349568K)
[168.480s][info][gc,metaspace   ] GC(329) Metaspace: 10508K->10508K(27648K)
[168.480s][info][gc             ] GC(329) Pause Young (Allocation Failure) 427M->1M(494M) 1885.128ms
[168.480s][info][gc,cpu         ] GC(329) User=2.94s Sys=0.09s Real=1.88s
[168.554s][info][gc,start       ] GC(331) Pause Young (Allocation Failure)
[168.554s][info][gc,task        ] GC(331) Using 8 workers of 8 for evacuation
[169.081s][info][gc,heap        ] GC(331) ParNew: 139776K->17470K(157248K)
[169.081s][info][gc,heap        ] GC(331) CMS: 1865K->147035K(349568K)
[169.081s][info][gc,metaspace   ] GC(331) Metaspace: 10508K->10508K(27648K)
[169.081s][info][gc             ] GC(331) Pause Young (Allocation Failure) 138M->160M(494M) 527.138ms
[169.081s][info][gc,cpu         ] GC(331) User=3.19s Sys=0.39s Real=0.54s
[169.159s][info][gc,start       ] GC(332) Pause Young (Allocation Failure)
[169.159s][info][gc,task        ] GC(332) Using 8 workers of 8 for evacuation
[169.691s][info][gc,heap        ] GC(332) ParNew: 157246K->17470K(157248K)
[169.692s][info][gc,heap        ] GC(332) CMS: 147035K->311747K(349568K)
[169.692s][info][gc,metaspace   ] GC(332) Metaspace: 10508K->10508K(27648K)
[169.692s][info][gc             ] GC(332) Pause Young (Allocation Failure) 297M->321M(494M) 533.110ms
[169.692s][info][gc,cpu         ] GC(332) User=3.48s Sys=0.00s Real=0.53s
[169.692s][info][gc,start       ] GC(333) Pause Initial Mark
[169.700s][info][gc             ] GC(333) Pause Initial Mark 324M->324M(494M) 7.170ms
[169.700s][info][gc,cpu         ] GC(333) User=0.00s Sys=0.00s Real=0.00s
[169.700s][info][gc             ] GC(333) Concurrent Mark
[169.700s][info][gc,task        ] GC(333) Using 2 workers of 2 for marking
[169.752s][info][gc,start       ] GC(334) Pause Young (Allocation Failure)
[169.752s][info][gc,task        ] GC(334) Using 8 workers of 8 for evacuation
[169.752s][info][gc,start       ] GC(335) Pause Full (Allocation Failure)
[171.596s][info][gc             ] GC(333) Concurrent Mark 1895.972ms
[171.596s][info][gc,cpu         ] GC(333) User=2.86s Sys=0.31s Real=1.90s
[171.597s][info][gc,phases,start] GC(335) Phase 1: Mark live objects
[171.609s][info][gc,phases      ] GC(335) Phase 1: Mark live objects 12.478ms
[171.609s][info][gc,phases,start] GC(335) Phase 2: Compute new object addresses
[171.872s][info][gc,phases      ] GC(335) Phase 2: Compute new object addresses 262.572ms
[171.872s][info][gc,phases,start] GC(335) Phase 3: Adjust pointers
[171.876s][info][gc,phases      ] GC(335) Phase 3: Adjust pointers 3.819ms
[171.876s][info][gc,phases,start] GC(335) Phase 4: Move objects
[171.876s][info][gc,phases      ] GC(335) Phase 4: Move objects 0.329ms
[171.879s][info][gc             ] GC(335) Pause Full (Allocation Failure) 430M->1M(494M) 2126.334ms
[171.879s][info][gc,heap        ] GC(334) ParNew: 128679K->0K(157248K)
[171.879s][info][gc,heap        ] GC(334) CMS: 311747K->1865K(349568K)
[171.879s][info][gc,metaspace   ] GC(334) Metaspace: 10508K->10508K(27648K)
[171.879s][info][gc             ] GC(334) Pause Young (Allocation Failure) 430M->1M(494M) 2126.734ms
[171.879s][info][gc,cpu         ] GC(334) User=2.95s Sys=0.31s Real=2.12s
[171.945s][info][gc,start       ] GC(336) Pause Young (Allocation Failure)
[171.945s][info][gc,task        ] GC(336) Using 8 workers of 8 for evacuation
[172.407s][info][gc,heap        ] GC(336) ParNew: 139776K->17470K(157248K)
[172.407s][info][gc,heap        ] GC(336) CMS: 1865K->146900K(349568K)
[172.407s][info][gc,metaspace   ] GC(336) Metaspace: 10508K->10508K(27648K)
[172.407s][info][gc             ] GC(336) Pause Young (Allocation Failure) 138M->160M(494M) 462.415ms
[172.407s][info][gc,cpu         ] GC(336) User=3.03s Sys=0.42s Real=0.47s
[172.479s][info][gc,start       ] GC(337) Pause Young (Allocation Failure)
[172.479s][info][gc,task        ] GC(337) Using 8 workers of 8 for evacuation
[173.017s][info][gc,heap        ] GC(337) ParNew: 157246K->17470K(157248K)
[173.017s][info][gc,heap        ] GC(337) CMS: 146900K->311741K(349568K)
[173.017s][info][gc,metaspace   ] GC(337) Metaspace: 10508K->10508K(27648K)
[173.018s][info][gc             ] GC(337) Pause Young (Allocation Failure) 297M->321M(494M) 538.831ms
[173.018s][info][gc,cpu         ] GC(337) User=3.64s Sys=0.16s Real=0.51s
[173.018s][info][gc,start       ] GC(338) Pause Initial Mark
[173.037s][info][gc             ] GC(338) Pause Initial Mark 324M->324M(494M) 18.846ms
[173.037s][info][gc,cpu         ] GC(338) User=0.27s Sys=0.00s Real=0.05s
[173.038s][info][gc             ] GC(338) Concurrent Mark
[173.038s][info][gc,task        ] GC(338) Using 2 workers of 2 for marking
[173.124s][info][gc,start       ] GC(339) Pause Young (Allocation Failure)
[173.124s][info][gc,task        ] GC(339) Using 8 workers of 8 for evacuation
[173.124s][info][gc,start       ] GC(340) Pause Full (Allocation Failure)
[174.735s][info][gc             ] GC(338) Concurrent Mark 1697.755ms
[174.736s][info][gc,cpu         ] GC(338) User=2.77s Sys=0.22s Real=1.69s
[174.736s][info][gc,phases,start] GC(340) Phase 1: Mark live objects
[174.750s][info][gc,phases      ] GC(340) Phase 1: Mark live objects 14.330ms
[174.750s][info][gc,phases,start] GC(340) Phase 2: Compute new object addresses
[174.988s][info][gc,phases      ] GC(340) Phase 2: Compute new object addresses 237.374ms
[174.988s][info][gc,phases,start] GC(340) Phase 3: Adjust pointers
[174.992s][info][gc,phases      ] GC(340) Phase 3: Adjust pointers 3.765ms
[174.992s][info][gc,phases,start] GC(340) Phase 4: Move objects
[174.992s][info][gc,phases      ] GC(340) Phase 4: Move objects 0.374ms
[174.995s][info][gc             ] GC(340) Pause Full (Allocation Failure) 432M->1M(494M) 1870.981ms
[174.995s][info][gc,heap        ] GC(339) ParNew: 131474K->0K(157248K)
[174.995s][info][gc,heap        ] GC(339) CMS: 311741K->1865K(349568K)
[174.995s][info][gc,metaspace   ] GC(339) Metaspace: 10508K->10508K(27648K)
[174.995s][info][gc             ] GC(339) Pause Young (Allocation Failure) 432M->1M(494M) 1871.465ms
[174.995s][info][gc,cpu         ] GC(339) User=2.78s Sys=0.22s Real=1.87s
[175.053s][info][gc,start       ] GC(341) Pause Young (Allocation Failure)
[175.053s][info][gc,task        ] GC(341) Using 8 workers of 8 for evacuation
[175.553s][info][gc,heap        ] GC(341) ParNew: 139776K->17470K(157248K)
[175.554s][info][gc,heap        ] GC(341) CMS: 1865K->146765K(349568K)
[175.554s][info][gc,metaspace   ] GC(341) Metaspace: 10508K->10508K(27648K)
[175.554s][info][gc             ] GC(341) Pause Young (Allocation Failure) 138M->160M(494M) 501.024ms
[175.554s][info][gc,cpu         ] GC(341) User=3.30s Sys=0.47s Real=0.51s
[175.624s][info][gc,start       ] GC(342) Pause Young (Allocation Failure)
[175.624s][info][gc,task        ] GC(342) Using 8 workers of 8 for evacuation
[176.169s][info][gc,heap        ] GC(342) ParNew: 157246K->17470K(157248K)
[176.172s][info][gc,heap        ] GC(342) CMS: 146765K->311745K(349568K)
[176.172s][info][gc,metaspace   ] GC(342) Metaspace: 10508K->10508K(27648K)
[176.173s][info][gc             ] GC(342) Pause Young (Allocation Failure) 296M->321M(494M) 549.026ms
[176.173s][info][gc,cpu         ] GC(342) User=3.78s Sys=0.08s Real=0.56s
[176.175s][info][gc,start       ] GC(343) Pause Initial Mark
[176.189s][info][gc             ] GC(343) Pause Initial Mark 324M->324M(494M) 14.227ms
[176.189s][info][gc,cpu         ] GC(343) User=0.02s Sys=0.00s Real=0.01s
[176.189s][info][gc             ] GC(343) Concurrent Mark
[176.189s][info][gc,task        ] GC(343) Using 2 workers of 2 for marking
[176.284s][info][gc,start       ] GC(344) Pause Young (Allocation Failure)
[176.284s][info][gc,task        ] GC(344) Using 8 workers of 8 for evacuation
[176.284s][info][gc,start       ] GC(345) Pause Full (Allocation Failure)
[178.539s][info][gc             ] GC(343) Concurrent Mark 2349.184ms
[178.539s][info][gc,cpu         ] GC(343) User=4.44s Sys=0.08s Real=2.35s
[178.539s][info][gc,phases,start] GC(345) Phase 1: Mark live objects
[178.564s][info][gc,phases      ] GC(345) Phase 1: Mark live objects 24.814ms
[178.564s][info][gc,phases,start] GC(345) Phase 2: Compute new object addresses
[178.944s][info][gc,phases      ] GC(345) Phase 2: Compute new object addresses 379.438ms
[178.944s][info][gc,phases,start] GC(345) Phase 3: Adjust pointers
[178.948s][info][gc,phases      ] GC(345) Phase 3: Adjust pointers 4.180ms
[178.948s][info][gc,phases,start] GC(345) Phase 4: Move objects
[178.949s][info][gc,phases      ] GC(345) Phase 4: Move objects 0.433ms
[178.952s][info][gc             ] GC(345) Pause Full (Allocation Failure) 435M->1M(494M) 2667.535ms
[178.952s][info][gc,heap        ] GC(344) ParNew: 134269K->0K(157248K)
[178.952s][info][gc,heap        ] GC(344) CMS: 311745K->1865K(349568K)
[178.952s][info][gc,metaspace   ] GC(344) Metaspace: 10508K->10508K(27648K)
[178.952s][info][gc             ] GC(344) Pause Young (Allocation Failure) 435M->1M(494M) 2668.026ms
[178.952s][info][gc,cpu         ] GC(344) User=4.56s Sys=0.08s Real=2.66s
[179.014s][info][gc,start       ] GC(346) Pause Young (Allocation Failure)
[179.014s][info][gc,task        ] GC(346) Using 8 workers of 8 for evacuation
[179.490s][info][gc,heap        ] GC(346) ParNew: 139776K->17472K(157248K)
[179.491s][info][gc,heap        ] GC(346) CMS: 1865K->146630K(349568K)
[179.491s][info][gc,metaspace   ] GC(346) Metaspace: 10508K->10508K(27648K)
[179.491s][info][gc             ] GC(346) Pause Young (Allocation Failure) 138M->160M(494M) 477.214ms
[179.491s][info][gc,cpu         ] GC(346) User=2.61s Sys=0.23s Real=0.48s
[179.568s][info][gc,start       ] GC(347) Pause Young (Allocation Failure)
[179.568s][info][gc,task        ] GC(347) Using 8 workers of 8 for evacuation
[180.131s][info][gc,heap        ] GC(347) ParNew: 157248K->17471K(157248K)
[180.131s][info][gc,heap        ] GC(347) CMS: 146630K->311744K(349568K)
[180.131s][info][gc,metaspace   ] GC(347) Metaspace: 10508K->10508K(27648K)
[180.131s][info][gc             ] GC(347) Pause Young (Allocation Failure) 296M->321M(494M) 563.574ms
[180.131s][info][gc,cpu         ] GC(347) User=3.81s Sys=0.19s Real=0.57s
[180.132s][info][gc,start       ] GC(348) Pause Initial Mark
[180.140s][info][gc             ] GC(348) Pause Initial Mark 324M->324M(494M) 7.597ms
[180.140s][info][gc,cpu         ] GC(348) User=0.11s Sys=0.00s Real=0.01s
[180.140s][info][gc             ] GC(348) Concurrent Mark
[180.140s][info][gc,task        ] GC(348) Using 2 workers of 2 for marking
[180.214s][info][gc,start       ] GC(349) Pause Young (Allocation Failure)
[180.214s][info][gc,task        ] GC(349) Using 8 workers of 8 for evacuation
[180.214s][info][gc,start       ] GC(350) Pause Full (Allocation Failure)
[181.798s][info][gc             ] GC(348) Concurrent Mark 1657.938ms
[181.798s][info][gc,cpu         ] GC(348) User=2.55s Sys=0.25s Real=1.65s
[181.799s][info][gc,phases,start] GC(350) Phase 1: Mark live objects
[181.816s][info][gc,phases      ] GC(350) Phase 1: Mark live objects 17.571ms
[181.816s][info][gc,phases,start] GC(350) Phase 2: Compute new object addresses
[182.087s][info][gc,phases      ] GC(350) Phase 2: Compute new object addresses 270.826ms
[182.087s][info][gc,phases,start] GC(350) Phase 3: Adjust pointers
[182.092s][info][gc,phases      ] GC(350) Phase 3: Adjust pointers 4.191ms
[182.092s][info][gc,phases,start] GC(350) Phase 4: Move objects
[182.092s][info][gc,phases      ] GC(350) Phase 4: Move objects 0.337ms
[182.095s][info][gc             ] GC(350) Pause Full (Allocation Failure) 438M->1M(494M) 1881.102ms
[182.095s][info][gc,heap        ] GC(349) ParNew: 137065K->0K(157248K)
[182.095s][info][gc,heap        ] GC(349) CMS: 311744K->1865K(349568K)
[182.095s][info][gc,metaspace   ] GC(349) Metaspace: 10508K->10508K(27648K)
[182.095s][info][gc             ] GC(349) Pause Young (Allocation Failure) 438M->1M(494M) 1881.575ms
[182.095s][info][gc,cpu         ] GC(349) User=2.69s Sys=0.25s Real=1.89s
[182.151s][info][gc,start       ] GC(351) Pause Young (Allocation Failure)
[182.151s][info][gc,task        ] GC(351) Using 8 workers of 8 for evacuation
[182.636s][info][gc,heap        ] GC(351) ParNew: 139776K->17471K(157248K)
[182.636s][info][gc,heap        ] GC(351) CMS: 1865K->146499K(349568K)
[182.636s][info][gc,metaspace   ] GC(351) Metaspace: 10508K->10508K(27648K)
[182.636s][info][gc             ] GC(351) Pause Young (Allocation Failure) 138M->160M(494M) 484.811ms
[182.636s][info][gc,cpu         ] GC(351) User=3.08s Sys=0.63s Real=0.47s
[182.723s][info][gc,start       ] GC(352) Pause Young (Allocation Failure)
[182.723s][info][gc,task        ] GC(352) Using 8 workers of 8 for evacuation
[183.325s][info][gc,heap        ] GC(352) ParNew: 157247K->17470K(157248K)
[183.325s][info][gc,heap        ] GC(352) CMS: 146499K->311745K(349568K)
[183.326s][info][gc,metaspace   ] GC(352) Metaspace: 10508K->10508K(27648K)
[183.326s][info][gc             ] GC(352) Pause Young (Allocation Failure) 296M->321M(494M) 602.413ms
[183.326s][info][gc,cpu         ] GC(352) User=3.52s Sys=0.23s Real=0.60s
[183.327s][info][gc,start       ] GC(353) Pause Initial Mark
[183.333s][info][gc             ] GC(353) Pause Initial Mark 324M->324M(494M) 6.634ms
[183.333s][info][gc,cpu         ] GC(353) User=0.02s Sys=0.00s Real=0.01s
[183.334s][info][gc             ] GC(353) Concurrent Mark
[183.334s][info][gc,task        ] GC(353) Using 2 workers of 2 for marking
[183.427s][info][gc,start       ] GC(354) Pause Young (Allocation Failure)
[183.427s][info][gc,task        ] GC(354) Using 8 workers of 8 for evacuation
[183.427s][info][gc,start       ] GC(355) Pause Full (Allocation Failure)
[185.382s][info][gc             ] GC(353) Concurrent Mark 2048.717ms
[185.383s][info][gc,cpu         ] GC(353) User=3.52s Sys=0.31s Real=2.04s
[185.383s][info][gc,phases,start] GC(355) Phase 1: Mark live objects
[185.399s][info][gc,phases      ] GC(355) Phase 1: Mark live objects 15.459ms
[185.399s][info][gc,phases,start] GC(355) Phase 2: Compute new object addresses
[185.700s][info][gc,phases      ] GC(355) Phase 2: Compute new object addresses 301.764ms
[185.701s][info][gc,phases,start] GC(355) Phase 3: Adjust pointers
[185.704s][info][gc,phases      ] GC(355) Phase 3: Adjust pointers 3.755ms
[185.704s][info][gc,phases,start] GC(355) Phase 4: Move objects
[185.705s][info][gc,phases      ] GC(355) Phase 4: Move objects 0.340ms
[185.708s][info][gc             ] GC(355) Pause Full (Allocation Failure) 441M->1M(494M) 2280.694ms
[185.708s][info][gc,heap        ] GC(354) ParNew: 139861K->0K(157248K)
[185.708s][info][gc,heap        ] GC(354) CMS: 311745K->1865K(349568K)
[185.708s][info][gc,metaspace   ] GC(354) Metaspace: 10508K->10508K(27648K)
[185.708s][info][gc             ] GC(354) Pause Young (Allocation Failure) 441M->1M(494M) 2281.253ms
[185.708s][info][gc,cpu         ] GC(354) User=3.56s Sys=0.31s Real=2.28s
[185.767s][info][gc,start       ] GC(356) Pause Young (Allocation Failure)
[185.767s][info][gc,task        ] GC(356) Using 8 workers of 8 for evacuation
[186.253s][info][gc,heap        ] GC(356) ParNew: 139776K->17470K(157248K)
[186.253s][info][gc,heap        ] GC(356) CMS: 1865K->146371K(349568K)
[186.253s][info][gc,metaspace   ] GC(356) Metaspace: 10508K->10508K(27648K)
[186.253s][info][gc             ] GC(356) Pause Young (Allocation Failure) 138M->160M(494M) 486.341ms
[186.253s][info][gc,cpu         ] GC(356) User=3.02s Sys=0.50s Real=0.49s
[186.317s][info][gc,start       ] GC(357) Pause Young (Allocation Failure)
[186.318s][info][gc,task        ] GC(357) Using 8 workers of 8 for evacuation
[186.870s][info][gc,heap        ] GC(357) ParNew: 157246K->17470K(157248K)
[186.871s][info][gc,heap        ] GC(357) CMS: 146371K->311746K(349568K)
[186.871s][info][gc,metaspace   ] GC(357) Metaspace: 10508K->10508K(27648K)
[186.871s][info][gc             ] GC(357) Pause Young (Allocation Failure) 296M->321M(494M) 553.733ms
[186.871s][info][gc,cpu         ] GC(357) User=3.58s Sys=0.11s Real=0.55s
[186.872s][info][gc,start       ] GC(358) Pause Initial Mark
[186.890s][info][gc             ] GC(358) Pause Initial Mark 324M->324M(494M) 18.191ms
[186.890s][info][gc,cpu         ] GC(358) User=0.00s Sys=0.00s Real=0.01s
[186.890s][info][gc             ] GC(358) Concurrent Mark
[186.890s][info][gc,task        ] GC(358) Using 2 workers of 2 for marking
[186.994s][info][gc,start       ] GC(359) Pause Young (Allocation Failure)
[186.994s][info][gc,task        ] GC(359) Using 8 workers of 8 for evacuation
[186.995s][info][gc,start       ] GC(360) Pause Full (Allocation Failure)
[188.767s][info][gc             ] GC(358) Concurrent Mark 1876.640ms
[188.768s][info][gc,cpu         ] GC(358) User=3.36s Sys=0.27s Real=1.88s
[188.768s][info][gc,phases,start] GC(360) Phase 1: Mark live objects
[188.786s][info][gc,phases      ] GC(360) Phase 1: Mark live objects 17.449ms
[188.786s][info][gc,phases,start] GC(360) Phase 2: Compute new object addresses
[189.078s][info][gc,phases      ] GC(360) Phase 2: Compute new object addresses 292.056ms
[189.078s][info][gc,phases,start] GC(360) Phase 3: Adjust pointers
[189.082s][info][gc,phases      ] GC(360) Phase 3: Adjust pointers 3.997ms
[189.082s][info][gc,phases,start] GC(360) Phase 4: Move objects
[189.082s][info][gc,phases      ] GC(360) Phase 4: Move objects 0.485ms
[189.085s][info][gc             ] GC(360) Pause Full (Allocation Failure) 443M->1M(494M) 2090.895ms
[189.086s][info][gc,heap        ] GC(359) ParNew: 142656K->0K(157248K)
[189.086s][info][gc,heap        ] GC(359) CMS: 311746K->1865K(349568K)
[189.086s][info][gc,metaspace   ] GC(359) Metaspace: 10508K->10508K(27648K)
[189.086s][info][gc             ] GC(359) Pause Young (Allocation Failure) 443M->1M(494M) 2091.638ms
[189.086s][info][gc,cpu         ] GC(359) User=3.34s Sys=0.27s Real=2.08s
[189.148s][info][gc,start       ] GC(361) Pause Young (Allocation Failure)
[189.148s][info][gc,task        ] GC(361) Using 8 workers of 8 for evacuation
[189.724s][info][gc,heap        ] GC(361) ParNew: 139776K->17470K(157248K)
[189.724s][info][gc,heap        ] GC(361) CMS: 1865K->146233K(349568K)
[189.724s][info][gc,metaspace   ] GC(361) Metaspace: 10508K->10508K(27648K)
[189.724s][info][gc             ] GC(361) Pause Young (Allocation Failure) 138M->159M(494M) 576.131ms
[189.724s][info][gc,cpu         ] GC(361) User=3.30s Sys=0.59s Real=0.59s
[189.806s][info][gc,start       ] GC(362) Pause Young (Allocation Failure)
[189.806s][info][gc,task        ] GC(362) Using 8 workers of 8 for evacuation
[190.398s][info][gc,heap        ] GC(362) ParNew: 157246K->17470K(157248K)
[190.398s][info][gc,heap        ] GC(362) CMS: 146233K->311751K(349568K)
[190.399s][info][gc,metaspace   ] GC(362) Metaspace: 10508K->10508K(27648K)
[190.399s][info][gc             ] GC(362) Pause Young (Allocation Failure) 296M->321M(494M) 592.522ms
[190.399s][info][gc,cpu         ] GC(362) User=3.58s Sys=0.27s Real=0.59s
[190.399s][info][gc,start       ] GC(363) Pause Initial Mark
[190.411s][info][gc             ] GC(363) Pause Initial Mark 324M->324M(494M) 11.590ms
[190.411s][info][gc,cpu         ] GC(363) User=0.00s Sys=0.00s Real=0.01s
[190.411s][info][gc             ] GC(363) Concurrent Mark
[190.411s][info][gc,task        ] GC(363) Using 2 workers of 2 for marking
[190.487s][info][gc,start       ] GC(364) Pause Young (Allocation Failure)
[190.488s][info][gc,task        ] GC(364) Using 8 workers of 8 for evacuation
[190.488s][info][gc,start       ] GC(365) Pause Full (Allocation Failure)
[192.709s][info][gc             ] GC(363) Concurrent Mark 2298.049ms
[192.709s][info][gc,cpu         ] GC(363) User=3.91s Sys=0.44s Real=2.29s
[192.710s][info][gc,phases,start] GC(365) Phase 1: Mark live objects
[192.730s][info][gc,phases      ] GC(365) Phase 1: Mark live objects 20.057ms
[192.730s][info][gc,phases,start] GC(365) Phase 2: Compute new object addresses
[193.021s][info][gc,phases      ] GC(365) Phase 2: Compute new object addresses 291.227ms
[193.021s][info][gc,phases,start] GC(365) Phase 3: Adjust pointers
[193.026s][info][gc,phases      ] GC(365) Phase 3: Adjust pointers 4.507ms
[193.026s][info][gc,phases,start] GC(365) Phase 4: Move objects
[193.026s][info][gc,phases      ] GC(365) Phase 4: Move objects 0.394ms
[193.030s][info][gc             ] GC(365) Pause Full (Allocation Failure) 446M->1M(494M) 2542.521ms
[193.030s][info][gc,heap        ] GC(364) ParNew: 145451K->0K(157248K)
[193.030s][info][gc,heap        ] GC(364) CMS: 311751K->1865K(349568K)
[193.030s][info][gc,metaspace   ] GC(364) Metaspace: 10508K->10508K(27648K)
[193.030s][info][gc             ] GC(364) Pause Young (Allocation Failure) 446M->1M(494M) 2543.006ms
[193.030s][info][gc,cpu         ] GC(364) User=4.02s Sys=0.44s Real=2.55s
[193.080s][info][gc,start       ] GC(366) Pause Young (Allocation Failure)
[193.080s][info][gc,task        ] GC(366) Using 8 workers of 8 for evacuation
[193.533s][info][gc,heap        ] GC(366) ParNew: 139776K->17470K(157248K)
[193.533s][info][gc,heap        ] GC(366) CMS: 1865K->146099K(349568K)
[193.533s][info][gc,metaspace   ] GC(366) Metaspace: 10508K->10508K(27648K)
[193.533s][info][gc             ] GC(366) Pause Young (Allocation Failure) 138M->159M(494M) 453.561ms
[193.533s][info][gc,cpu         ] GC(366) User=2.84s Sys=0.41s Real=0.46s
[193.621s][info][gc,start       ] GC(367) Pause Young (Allocation Failure)
[193.621s][info][gc,task        ] GC(367) Using 8 workers of 8 for evacuation
[194.192s][info][gc,heap        ] GC(367) ParNew: 157246K->17472K(157248K)
[194.193s][info][gc,heap        ] GC(367) CMS: 146099K->311741K(349568K)
[194.193s][info][gc,metaspace   ] GC(367) Metaspace: 10508K->10508K(27648K)
[194.193s][info][gc             ] GC(367) Pause Young (Allocation Failure) 296M->321M(494M) 571.903ms
[194.193s][info][gc,cpu         ] GC(367) User=3.84s Sys=0.14s Real=0.57s
[194.194s][info][gc,start       ] GC(368) Pause Initial Mark
[194.202s][info][gc             ] GC(368) Pause Initial Mark 324M->324M(494M) 8.132ms
[194.202s][info][gc,cpu         ] GC(368) User=0.08s Sys=0.00s Real=0.01s
[194.202s][info][gc             ] GC(368) Concurrent Mark
[194.202s][info][gc,task        ] GC(368) Using 2 workers of 2 for marking
[194.281s][info][gc,start       ] GC(369) Pause Young (Allocation Failure)
[194.281s][info][gc,task        ] GC(369) Using 8 workers of 8 for evacuation
[194.281s][info][gc,start       ] GC(370) Pause Full (Allocation Failure)
[196.082s][info][gc             ] GC(368) Concurrent Mark 1879.717ms
[196.082s][info][gc,cpu         ] GC(368) User=3.36s Sys=0.22s Real=1.87s
[196.083s][info][gc,phases,start] GC(370) Phase 1: Mark live objects
[196.101s][info][gc,phases      ] GC(370) Phase 1: Mark live objects 17.796ms
[196.101s][info][gc,phases,start] GC(370) Phase 2: Compute new object addresses
[196.380s][info][gc,phases      ] GC(370) Phase 2: Compute new object addresses 279.477ms
[196.380s][info][gc,phases,start] GC(370) Phase 3: Adjust pointers
[196.384s][info][gc,phases      ] GC(370) Phase 3: Adjust pointers 3.691ms
[196.384s][info][gc,phases,start] GC(370) Phase 4: Move objects
[196.385s][info][gc,phases      ] GC(370) Phase 4: Move objects 0.466ms
[196.387s][info][gc             ] GC(370) Pause Full (Allocation Failure) 446M->1M(494M) 2106.400ms
[196.388s][info][gc,heap        ] GC(369) ParNew: 145465K->0K(157248K)
[196.388s][info][gc,heap        ] GC(369) CMS: 311741K->1865K(349568K)
[196.388s][info][gc,metaspace   ] GC(369) Metaspace: 10508K->10508K(27648K)
[196.388s][info][gc             ] GC(369) Pause Young (Allocation Failure) 446M->1M(494M) 2106.941ms
[196.388s][info][gc,cpu         ] GC(369) User=3.48s Sys=0.22s Real=2.12s
[196.435s][info][gc,start       ] GC(371) Pause Young (Allocation Failure)
[196.436s][info][gc,task        ] GC(371) Using 8 workers of 8 for evacuation
[196.878s][info][gc,heap        ] GC(371) ParNew: 139776K->17471K(157248K)
[196.878s][info][gc,heap        ] GC(371) CMS: 1865K->145966K(349568K)
[196.878s][info][gc,metaspace   ] GC(371) Metaspace: 10508K->10508K(27648K)
[196.878s][info][gc             ] GC(371) Pause Young (Allocation Failure) 138M->159M(494M) 442.986ms
[196.878s][info][gc,cpu         ] GC(371) User=2.73s Sys=0.61s Real=0.44s
[196.932s][info][gc,start       ] GC(372) Pause Young (Allocation Failure)
[196.932s][info][gc,task        ] GC(372) Using 8 workers of 8 for evacuation
[197.379s][info][gc,heap        ] GC(372) ParNew: 157247K->17471K(157248K)
[197.379s][info][gc,heap        ] GC(372) CMS: 145966K->311743K(349568K)
[197.379s][info][gc,metaspace   ] GC(372) Metaspace: 10508K->10508K(27648K)
[197.379s][info][gc             ] GC(372) Pause Young (Allocation Failure) 296M->321M(494M) 446.984ms
[197.379s][info][gc,cpu         ] GC(372) User=3.14s Sys=0.14s Real=0.43s
[197.380s][info][gc,start       ] GC(373) Pause Initial Mark
[197.385s][info][gc             ] GC(373) Pause Initial Mark 324M->324M(494M) 5.761ms
[197.385s][info][gc,cpu         ] GC(373) User=0.13s Sys=0.00s Real=0.01s
[197.386s][info][gc             ] GC(373) Concurrent Mark
[197.386s][info][gc,task        ] GC(373) Using 2 workers of 2 for marking
[197.448s][info][gc,start       ] GC(374) Pause Young (Allocation Failure)
[197.448s][info][gc,task        ] GC(374) Using 8 workers of 8 for evacuation
[197.448s][info][gc,start       ] GC(375) Pause Full (Allocation Failure)
[199.047s][info][gc             ] GC(373) Concurrent Mark 1661.830ms
[199.048s][info][gc,cpu         ] GC(373) User=2.61s Sys=0.30s Real=1.65s
[199.048s][info][gc,phases,start] GC(375) Phase 1: Mark live objects
[199.062s][info][gc,phases      ] GC(375) Phase 1: Mark live objects 14.539ms
[199.063s][info][gc,phases,start] GC(375) Phase 2: Compute new object addresses
[199.410s][info][gc,phases      ] GC(375) Phase 2: Compute new object addresses 347.775ms
[199.411s][info][gc,phases,start] GC(375) Phase 3: Adjust pointers
[199.416s][info][gc,phases      ] GC(375) Phase 3: Adjust pointers 5.564ms
[199.416s][info][gc,phases,start] GC(375) Phase 4: Move objects
[199.417s][info][gc,phases      ] GC(375) Phase 4: Move objects 0.539ms
[199.420s][info][gc             ] GC(375) Pause Full (Allocation Failure) 449M->1M(494M) 1972.290ms
[199.420s][info][gc,heap        ] GC(374) ParNew: 148664K->0K(157248K)
[199.420s][info][gc,heap        ] GC(374) CMS: 311743K->1865K(349568K)
[199.420s][info][gc,metaspace   ] GC(374) Metaspace: 10508K->10508K(27648K)
[199.420s][info][gc             ] GC(374) Pause Young (Allocation Failure) 449M->1M(494M) 1972.884ms
[199.421s][info][gc,cpu         ] GC(374) User=2.80s Sys=0.30s Real=1.97s
[199.495s][info][gc,start       ] GC(376) Pause Young (Allocation Failure)
[199.495s][info][gc,task        ] GC(376) Using 8 workers of 8 for evacuation
[200.055s][info][gc,heap        ] GC(376) ParNew: 139776K->17470K(157248K)
[200.055s][info][gc,heap        ] GC(376) CMS: 1865K->145830K(349568K)
[200.055s][info][gc,metaspace   ] GC(376) Metaspace: 10508K->10508K(27648K)
[200.055s][info][gc             ] GC(376) Pause Young (Allocation Failure) 138M->159M(494M) 560.193ms
[200.055s][info][gc,cpu         ] GC(376) User=3.14s Sys=0.59s Real=0.56s
[200.136s][info][gc,start       ] GC(377) Pause Young (Allocation Failure)
[200.136s][info][gc,task        ] GC(377) Using 8 workers of 8 for evacuation
[200.712s][info][gc,heap        ] GC(377) ParNew: 157246K->17470K(157248K)
[200.712s][info][gc,heap        ] GC(377) CMS: 145830K->311746K(349568K)
[200.713s][info][gc,metaspace   ] GC(377) Metaspace: 10508K->10508K(27648K)
[200.713s][info][gc             ] GC(377) Pause Young (Allocation Failure) 295M->321M(494M) 576.679ms
[200.713s][info][gc,cpu         ] GC(377) User=3.97s Sys=0.17s Real=0.58s
[200.714s][info][gc,start       ] GC(378) Pause Initial Mark
[200.724s][info][gc             ] GC(378) Pause Initial Mark 324M->324M(494M) 10.407ms
[200.725s][info][gc,cpu         ] GC(378) User=0.09s Sys=0.00s Real=0.01s
[200.725s][info][gc             ] GC(378) Concurrent Mark
[200.725s][info][gc,task        ] GC(378) Using 2 workers of 2 for marking
[200.803s][info][gc,start       ] GC(379) Pause Young (Allocation Failure)
[200.803s][info][gc,task        ] GC(379) Using 8 workers of 8 for evacuation
[200.803s][info][gc,start       ] GC(380) Pause Full (Allocation Failure)
[202.436s][info][gc             ] GC(378) Concurrent Mark 1711.139ms
[202.436s][info][gc,cpu         ] GC(378) User=2.84s Sys=0.23s Real=1.71s
[202.436s][info][gc,phases,start] GC(380) Phase 1: Mark live objects
[202.449s][info][gc,phases      ] GC(380) Phase 1: Mark live objects 12.595ms
[202.449s][info][gc,phases,start] GC(380) Phase 2: Compute new object addresses
[202.703s][info][gc,phases      ] GC(380) Phase 2: Compute new object addresses 253.966ms
[202.703s][info][gc,phases,start] GC(380) Phase 3: Adjust pointers
[202.709s][info][gc,phases      ] GC(380) Phase 3: Adjust pointers 5.836ms
[202.709s][info][gc,phases,start] GC(380) Phase 4: Move objects
[202.709s][info][gc,phases      ] GC(380) Phase 4: Move objects 0.283ms
[202.712s][info][gc             ] GC(380) Pause Full (Allocation Failure) 452M->1M(494M) 1908.993ms
[202.712s][info][gc,heap        ] GC(379) ParNew: 151159K->0K(157248K)
[202.712s][info][gc,heap        ] GC(379) CMS: 311746K->1865K(349568K)
[202.712s][info][gc,metaspace   ] GC(379) Metaspace: 10508K->10508K(27648K)
[202.713s][info][gc             ] GC(379) Pause Young (Allocation Failure) 452M->1M(494M) 1909.606ms
[202.713s][info][gc,cpu         ] GC(379) User=2.91s Sys=0.23s Real=1.92s
[202.769s][info][gc,start       ] GC(381) Pause Young (Allocation Failure)
[202.769s][info][gc,task        ] GC(381) Using 8 workers of 8 for evacuation
[203.270s][info][gc,heap        ] GC(381) ParNew: 139776K->17470K(157248K)
[203.270s][info][gc,heap        ] GC(381) CMS: 1865K->145699K(349568K)
[203.270s][info][gc,metaspace   ] GC(381) Metaspace: 10508K->10508K(27648K)
[203.270s][info][gc             ] GC(381) Pause Young (Allocation Failure) 138M->159M(494M) 501.323ms
[203.270s][info][gc,cpu         ] GC(381) User=3.42s Sys=0.53s Real=0.51s
[203.341s][info][gc,start       ] GC(382) Pause Young (Allocation Failure)
[203.341s][info][gc,task        ] GC(382) Using 8 workers of 8 for evacuation
[204.053s][info][gc,heap        ] GC(382) ParNew: 157246K->17470K(157248K)
[204.053s][info][gc,heap        ] GC(382) CMS: 145699K->311745K(349568K)
[204.053s][info][gc,metaspace   ] GC(382) Metaspace: 10508K->10508K(27648K)
[204.054s][info][gc             ] GC(382) Pause Young (Allocation Failure) 295M->321M(494M) 712.548ms
[204.054s][info][gc,cpu         ] GC(382) User=4.23s Sys=0.06s Real=0.71s
[204.054s][info][gc,start       ] GC(383) Pause Initial Mark
[204.065s][info][gc             ] GC(383) Pause Initial Mark 324M->324M(494M) 10.710ms
[204.065s][info][gc,cpu         ] GC(383) User=0.02s Sys=0.00s Real=0.01s
[204.065s][info][gc             ] GC(383) Concurrent Mark
[204.065s][info][gc,task        ] GC(383) Using 2 workers of 2 for marking
[204.176s][info][gc,start       ] GC(384) Pause Young (Allocation Failure)
[204.176s][info][gc,task        ] GC(384) Using 8 workers of 8 for evacuation
[204.176s][info][gc,start       ] GC(385) Pause Full (Allocation Failure)
[205.218s][info][gc             ] GC(383) Concurrent Mark 1152.582ms
[205.218s][info][gc,cpu         ] GC(383) User=2.16s Sys=0.06s Real=1.14s
[205.218s][info][gc,phases,start] GC(385) Phase 1: Mark live objects
[205.237s][info][gc,phases      ] GC(385) Phase 1: Mark live objects 19.023ms
[205.238s][info][gc,phases,start] GC(385) Phase 2: Compute new object addresses
[205.516s][info][gc,phases      ] GC(385) Phase 2: Compute new object addresses 278.185ms
[205.516s][info][gc,phases,start] GC(385) Phase 3: Adjust pointers
[205.521s][info][gc,phases      ] GC(385) Phase 3: Adjust pointers 5.488ms
[205.521s][info][gc,phases,start] GC(385) Phase 4: Move objects
[205.522s][info][gc,phases      ] GC(385) Phase 4: Move objects 0.310ms
[205.526s][info][gc             ] GC(385) Pause Full (Allocation Failure) 454M->1M(494M) 1349.109ms
[205.526s][info][gc,heap        ] GC(384) ParNew: 153870K->0K(157248K)
[205.526s][info][gc,heap        ] GC(384) CMS: 311745K->1865K(349568K)
[205.526s][info][gc,metaspace   ] GC(384) Metaspace: 10508K->10508K(27648K)
[205.526s][info][gc             ] GC(384) Pause Young (Allocation Failure) 454M->1M(494M) 1349.879ms
[205.526s][info][gc,cpu         ] GC(384) User=2.19s Sys=0.05s Real=1.35s
[205.575s][info][gc,start       ] GC(386) Pause Young (Allocation Failure)
[205.575s][info][gc,task        ] GC(386) Using 8 workers of 8 for evacuation
[206.012s][info][gc,heap        ] GC(386) ParNew: 139776K->17470K(157248K)
[206.012s][info][gc,heap        ] GC(386) CMS: 1865K->145565K(349568K)
[206.012s][info][gc,metaspace   ] GC(386) Metaspace: 10508K->10508K(27648K)
[206.012s][info][gc             ] GC(386) Pause Young (Allocation Failure) 138M->159M(494M) 436.839ms
[206.012s][info][gc,cpu         ] GC(386) User=2.66s Sys=0.42s Real=0.42s
[206.102s][info][gc,start       ] GC(387) Pause Young (Allocation Failure)
[206.102s][info][gc,task        ] GC(387) Using 8 workers of 8 for evacuation
[206.601s][info][gc,heap        ] GC(387) ParNew: 157246K->17470K(157248K)
[206.601s][info][gc,heap        ] GC(387) CMS: 145565K->311745K(349568K)
[206.601s][info][gc,metaspace   ] GC(387) Metaspace: 10508K->10508K(27648K)
[206.602s][info][gc             ] GC(387) Pause Young (Allocation Failure) 295M->321M(494M) 499.781ms
[206.602s][info][gc,cpu         ] GC(387) User=2.97s Sys=0.20s Real=0.47s
[206.602s][info][gc,start       ] GC(388) Pause Initial Mark
[206.610s][info][gc             ] GC(388) Pause Initial Mark 324M->324M(494M) 7.583ms
[206.610s][info][gc,cpu         ] GC(388) User=0.22s Sys=0.00s Real=0.03s
[206.610s][info][gc             ] GC(388) Concurrent Mark
[206.610s][info][gc,task        ] GC(388) Using 2 workers of 2 for marking
[206.711s][info][gc,start       ] GC(389) Pause Young (Allocation Failure)
[206.711s][info][gc,task        ] GC(389) Using 8 workers of 8 for evacuation
[206.711s][info][gc,start       ] GC(390) Pause Full (Allocation Failure)
[208.486s][info][gc             ] GC(388) Concurrent Mark 1876.315ms
[208.487s][info][gc,cpu         ] GC(388) User=3.11s Sys=0.33s Real=1.88s
[208.487s][info][gc,phases,start] GC(390) Phase 1: Mark live objects
[208.500s][info][gc,phases      ] GC(390) Phase 1: Mark live objects 13.138ms
[208.501s][info][gc,phases,start] GC(390) Phase 2: Compute new object addresses
[208.710s][info][gc,phases      ] GC(390) Phase 2: Compute new object addresses 209.598ms
[208.710s][info][gc,phases,start] GC(390) Phase 3: Adjust pointers
[208.714s][info][gc,phases      ] GC(390) Phase 3: Adjust pointers 3.929ms
[208.714s][info][gc,phases,start] GC(390) Phase 4: Move objects
[208.715s][info][gc,phases      ] GC(390) Phase 4: Move objects 0.266ms
[208.717s][info][gc             ] GC(390) Pause Full (Allocation Failure) 457M->1M(494M) 2005.215ms
[208.717s][info][gc,heap        ] GC(389) ParNew: 156641K->0K(157248K)
[208.717s][info][gc,heap        ] GC(389) CMS: 311745K->1865K(349568K)
[208.717s][info][gc,metaspace   ] GC(389) Metaspace: 10508K->10508K(27648K)
[208.717s][info][gc             ] GC(389) Pause Young (Allocation Failure) 457M->1M(494M) 2005.707ms
[208.717s][info][gc,cpu         ] GC(389) User=3.03s Sys=0.30s Real=2.01s
[208.764s][info][gc,start       ] GC(391) Pause Young (Allocation Failure)
[208.764s][info][gc,task        ] GC(391) Using 8 workers of 8 for evacuation
[209.204s][info][gc,heap        ] GC(391) ParNew: 139776K->17472K(157248K)
[209.204s][info][gc,heap        ] GC(391) CMS: 1865K->145429K(349568K)
[209.204s][info][gc,metaspace   ] GC(391) Metaspace: 10508K->10508K(27648K)
[209.204s][info][gc             ] GC(391) Pause Young (Allocation Failure) 138M->159M(494M) 439.698ms
[209.204s][info][gc,cpu         ] GC(391) User=2.80s Sys=0.67s Real=0.44s
[209.260s][info][gc,start       ] GC(392) Pause Young (Allocation Failure)
[209.261s][info][gc,task        ] GC(392) Using 8 workers of 8 for evacuation
[209.789s][info][gc,heap        ] GC(392) ParNew: 157248K->17471K(157248K)
[209.789s][info][gc,heap        ] GC(392) CMS: 145429K->311745K(349568K)
[209.790s][info][gc,metaspace   ] GC(392) Metaspace: 10508K->10508K(27648K)
[209.790s][info][gc             ] GC(392) Pause Young (Allocation Failure) 295M->321M(494M) 529.221ms
[209.790s][info][gc,cpu         ] GC(392) User=3.94s Sys=0.02s Real=0.54s
[209.790s][info][gc,start       ] GC(393) Pause Initial Mark
[209.797s][info][gc             ] GC(393) Pause Initial Mark 324M->324M(494M) 6.473ms
[209.797s][info][gc,cpu         ] GC(393) User=0.00s Sys=0.00s Real=0.00s
[209.797s][info][gc             ] GC(393) Concurrent Mark
[209.797s][info][gc,task        ] GC(393) Using 2 workers of 2 for marking
[209.899s][info][gc,start       ] GC(394) Pause Young (Allocation Failure)
[209.899s][info][gc,task        ] GC(394) Using 8 workers of 8 for evacuation
[209.899s][info][gc,start       ] GC(395) Pause Full (Allocation Failure)
[211.643s][info][gc             ] GC(393) Concurrent Mark 1845.305ms
[211.643s][info][gc,cpu         ] GC(393) User=3.27s Sys=0.23s Real=1.85s
[211.643s][info][gc,phases,start] GC(395) Phase 1: Mark live objects
[212.380s][info][gc,phases      ] GC(395) Phase 1: Mark live objects 737.216ms
[212.381s][info][gc,phases,start] GC(395) Phase 2: Compute new object addresses
[212.867s][info][gc,phases      ] GC(395) Phase 2: Compute new object addresses 486.799ms
[212.868s][info][gc,phases,start] GC(395) Phase 3: Adjust pointers
[213.307s][info][gc,phases      ] GC(395) Phase 3: Adjust pointers 439.138ms
[213.307s][info][gc,phases,start] GC(395) Phase 4: Move objects
[213.692s][info][gc,phases      ] GC(395) Phase 4: Move objects 385.301ms
[213.699s][info][gc             ] GC(395) Pause Full (Allocation Failure) 458M->411M(494M) 3799.752ms
[213.699s][info][gc,heap        ] GC(394) ParNew: 157247K->71517K(157248K)
[213.699s][info][gc,heap        ] GC(394) CMS: 311745K->349568K(349568K)
[213.699s][info][gc,metaspace   ] GC(394) Metaspace: 10508K->10508K(27648K)
[213.699s][info][gc             ] GC(394) Pause Young (Allocation Failure) 458M->411M(494M) 3800.227ms
[213.699s][info][gc,cpu         ] GC(394) User=5.02s Sys=0.22s Real=3.80s
[213.981s][info][gc,start       ] GC(396) Pause Full (Allocation Failure)
[213.982s][info][gc,phases,start] GC(396) Phase 1: Mark live objects
[214.108s][info][gc,phases      ] GC(396) Phase 1: Mark live objects 125.961ms
[214.108s][info][gc,phases,start] GC(396) Phase 2: Compute new object addresses
[214.381s][info][gc,phases      ] GC(396) Phase 2: Compute new object addresses 273.274ms
[214.382s][info][gc,phases,start] GC(396) Phase 3: Adjust pointers
[214.434s][info][gc,phases      ] GC(396) Phase 3: Adjust pointers 52.148ms
[214.434s][info][gc,phases,start] GC(396) Phase 4: Move objects
[214.479s][info][gc,phases      ] GC(396) Phase 4: Move objects 45.399ms
[214.482s][info][gc,heap        ] GC(396) ParNew: 157248K->0K(157248K)
[214.482s][info][gc,heap        ] GC(396) CMS: 349568K->85521K(349568K)
[214.482s][info][gc,metaspace   ] GC(396) Metaspace: 10508K->10508K(27648K)
[214.482s][info][gc             ] GC(396) Pause Full (Allocation Failure) 494M->83M(494M) 500.823ms
[214.482s][info][gc,cpu         ] GC(396) User=0.50s Sys=0.00s Real=0.50s
[214.562s][info][gc,start       ] GC(397) Pause Young (Allocation Failure)
[214.562s][info][gc,task        ] GC(397) Using 8 workers of 8 for evacuation
[215.190s][info][gc,heap        ] GC(397) ParNew: 139776K->17471K(157248K)
[215.190s][info][gc,heap        ] GC(397) CMS: 85521K->249662K(349568K)
[215.190s][info][gc,metaspace   ] GC(397) Metaspace: 10345K->10345K(27648K)
[215.190s][info][gc             ] GC(397) Pause Young (Allocation Failure) 220M->260M(494M) 628.251ms
[215.190s][info][gc,cpu         ] GC(397) User=4.81s Sys=0.11s Real=0.63s
[215.191s][info][gc,start       ] GC(398) Pause Initial Mark
[215.224s][info][gc             ] GC(398) Pause Initial Mark 263M->263M(494M) 33.530ms
[215.224s][info][gc,cpu         ] GC(398) User=0.03s Sys=0.00s Real=0.03s
[215.225s][info][gc             ] GC(398) Concurrent Mark
[215.225s][info][gc,task        ] GC(398) Using 2 workers of 2 for marking
[215.412s][info][gc,start       ] GC(399) Pause Young (Allocation Failure)
[215.412s][info][gc,task        ] GC(399) Using 8 workers of 8 for evacuation
[215.413s][info][gc,start       ] GC(400) Pause Full (Allocation Failure)
[215.715s][info][gc             ] GC(398) Concurrent Mark 490.409ms
[215.715s][info][gc,cpu         ] GC(398) User=1.00s Sys=0.00s Real=0.48s
[215.715s][info][gc,phases,start] GC(400) Phase 1: Mark live objects
[216.211s][info][gc,phases      ] GC(400) Phase 1: Mark live objects 495.270ms
[216.211s][info][gc,phases,start] GC(400) Phase 2: Compute new object addresses
[216.574s][info][gc,phases      ] GC(400) Phase 2: Compute new object addresses 363.095ms
[216.574s][info][gc,phases,start] GC(400) Phase 3: Adjust pointers
[216.921s][info][gc,phases      ] GC(400) Phase 3: Adjust pointers 346.638ms
[216.921s][info][gc,phases,start] GC(400) Phase 4: Move objects
[217.188s][info][gc,phases      ] GC(400) Phase 4: Move objects 267.303ms
[217.193s][info][gc             ] GC(400) Pause Full (Allocation Failure) 397M->356M(494M) 1780.122ms
[217.193s][info][gc,heap        ] GC(399) ParNew: 157247K->15412K(157248K)
[217.193s][info][gc,heap        ] GC(399) CMS: 249662K->349567K(349568K)
[217.193s][info][gc,metaspace   ] GC(399) Metaspace: 10345K->10345K(27648K)
[217.193s][info][gc             ] GC(399) Pause Young (Allocation Failure) 397M->356M(494M) 1780.760ms
[217.193s][info][gc,cpu         ] GC(399) User=2.05s Sys=0.00s Real=1.77s
[217.497s][info][gc,start       ] GC(401) Pause Full (Allocation Failure)
[217.497s][info][gc,phases,start] GC(401) Phase 1: Mark live objects
[217.608s][info][gc,phases      ] GC(401) Phase 1: Mark live objects 110.564ms
[217.608s][info][gc,phases,start] GC(401) Phase 2: Compute new object addresses
[217.922s][info][gc,phases      ] GC(401) Phase 2: Compute new object addresses 314.078ms
[217.922s][info][gc,phases,start] GC(401) Phase 3: Adjust pointers
[217.966s][info][gc,phases      ] GC(401) Phase 3: Adjust pointers 43.245ms
[217.966s][info][gc,phases,start] GC(401) Phase 4: Move objects
[218.018s][info][gc,phases      ] GC(401) Phase 4: Move objects 52.576ms
[218.021s][info][gc,heap        ] GC(401) ParNew: 157248K->0K(157248K)
[218.021s][info][gc,heap        ] GC(401) CMS: 349567K->82944K(349568K)
[218.021s][info][gc,metaspace   ] GC(401) Metaspace: 10345K->10345K(27648K)
[218.021s][info][gc             ] GC(401) Pause Full (Allocation Failure) 494M->81M(494M) 524.617ms
[218.022s][info][gc,cpu         ] GC(401) User=0.53s Sys=0.00s Real=0.53s
[218.085s][info][gc,start       ] GC(402) Pause Young (Allocation Failure)
[218.085s][info][gc,task        ] GC(402) Using 8 workers of 8 for evacuation
[218.623s][info][gc,heap        ] GC(402) ParNew: 139776K->17470K(157248K)
[218.623s][info][gc,heap        ] GC(402) CMS: 82944K->247088K(349568K)
[218.623s][info][gc,metaspace   ] GC(402) Metaspace: 10345K->10345K(27648K)
[218.623s][info][gc             ] GC(402) Pause Young (Allocation Failure) 217M->258M(494M) 538.009ms
[218.623s][info][gc,cpu         ] GC(402) User=3.86s Sys=0.14s Real=0.52s
[218.624s][info][gc,start       ] GC(403) Pause Initial Mark
[218.633s][info][gc             ] GC(403) Pause Initial Mark 261M->261M(494M) 8.976ms
[218.633s][info][gc,cpu         ] GC(403) User=0.06s Sys=0.00s Real=0.02s
[218.633s][info][gc             ] GC(403) Concurrent Mark
[218.634s][info][gc,task        ] GC(403) Using 2 workers of 2 for marking
[218.751s][info][gc,start       ] GC(404) Pause Young (Allocation Failure)
[218.751s][info][gc,task        ] GC(404) Using 8 workers of 8 for evacuation
[218.751s][info][gc,start       ] GC(405) Pause Full (Allocation Failure)
[220.064s][info][gc             ] GC(403) Concurrent Mark 1430.386ms
[220.064s][info][gc,cpu         ] GC(403) User=2.59s Sys=0.11s Real=1.44s
[220.065s][info][gc,phases,start] GC(405) Phase 1: Mark live objects
[220.647s][info][gc,phases      ] GC(405) Phase 1: Mark live objects 582.063ms
[220.647s][info][gc,phases,start] GC(405) Phase 2: Compute new object addresses
[221.019s][info][gc,phases      ] GC(405) Phase 2: Compute new object addresses 371.960ms
[221.019s][info][gc,phases,start] GC(405) Phase 3: Adjust pointers
[221.325s][info][gc,phases      ] GC(405) Phase 3: Adjust pointers 306.134ms
[221.325s][info][gc,phases,start] GC(405) Phase 4: Move objects
[221.606s][info][gc,phases      ] GC(405) Phase 4: Move objects 280.525ms
[221.610s][info][gc             ] GC(405) Pause Full (Allocation Failure) 394M->353M(494M) 2858.597ms
[221.610s][info][gc,heap        ] GC(404) ParNew: 157246K->12842K(157248K)
[221.610s][info][gc,heap        ] GC(404) CMS: 247088K->349567K(349568K)
[221.610s][info][gc,metaspace   ] GC(404) Metaspace: 10345K->10345K(27648K)
[221.610s][info][gc             ] GC(404) Pause Young (Allocation Failure) 394M->353M(494M) 2859.076ms
[221.610s][info][gc,cpu         ] GC(404) User=3.78s Sys=0.11s Real=2.86s
[221.639s][info][gc,start       ] GC(406) Pause Full (Allocation Failure)
[221.639s][info][gc,phases,start] GC(406) Phase 1: Mark live objects
[221.647s][info][gc,phases      ] GC(406) Phase 1: Mark live objects 7.991ms
[221.647s][info][gc,phases,start] GC(406) Phase 2: Compute new object addresses
[221.879s][info][gc,phases      ] GC(406) Phase 2: Compute new object addresses 231.320ms
[221.879s][info][gc,phases,start] GC(406) Phase 3: Adjust pointers
[221.883s][info][gc,phases      ] GC(406) Phase 3: Adjust pointers 4.111ms
[221.883s][info][gc,phases,start] GC(406) Phase 4: Move objects
[221.883s][info][gc,phases      ] GC(406) Phase 4: Move objects 0.229ms
[221.885s][info][gc,heap        ] GC(406) ParNew: 78852K->0K(157248K)
[221.885s][info][gc,heap        ] GC(406) CMS: 349567K->1667K(349568K)
[221.885s][info][gc,metaspace   ] GC(406) Metaspace: 10345K->10345K(27648K)
[221.885s][info][gc             ] GC(406) Pause Full (Allocation Failure) 418M->1M(494M) 246.343ms
[221.885s][info][gc,cpu         ] GC(406) User=0.25s Sys=0.00s Real=0.25s
[221.953s][info][gc,start       ] GC(407) Pause Young (Allocation Failure)
[221.953s][info][gc,task        ] GC(407) Using 8 workers of 8 for evacuation
[222.502s][info][gc,heap        ] GC(407) ParNew: 139776K->17470K(157248K)
[222.502s][info][gc,heap        ] GC(407) CMS: 1667K->144830K(349568K)
[222.502s][info][gc,metaspace   ] GC(407) Metaspace: 10345K->10345K(27648K)
[222.502s][info][gc             ] GC(407) Pause Young (Allocation Failure) 138M->158M(494M) 549.122ms
[222.502s][info][gc,cpu         ] GC(407) User=3.13s Sys=0.56s Real=0.54s
[222.595s][info][gc,start       ] GC(408) Pause Young (Allocation Failure)
[222.595s][info][gc,task        ] GC(408) Using 8 workers of 8 for evacuation
[223.020s][info][gc,heap        ] GC(408) ParNew: 157246K->17470K(157248K)
[223.020s][info][gc,heap        ] GC(408) CMS: 144830K->311544K(349568K)
[223.020s][info][gc,metaspace   ] GC(408) Metaspace: 10345K->10345K(27648K)
[223.020s][info][gc             ] GC(408) Pause Young (Allocation Failure) 294M->321M(494M) 425.581ms
[223.021s][info][gc,cpu         ] GC(408) User=3.09s Sys=0.05s Real=0.43s
[223.021s][info][gc,start       ] GC(409) Pause Initial Mark
[223.046s][info][gc             ] GC(409) Pause Initial Mark 323M->323M(494M) 24.658ms
[223.046s][info][gc,cpu         ] GC(409) User=0.03s Sys=0.00s Real=0.03s
[223.046s][info][gc             ] GC(409) Concurrent Mark
[223.046s][info][gc,task        ] GC(409) Using 2 workers of 2 for marking
[223.130s][info][gc,start       ] GC(410) Pause Young (Allocation Failure)
[223.130s][info][gc,task        ] GC(410) Using 8 workers of 8 for evacuation
[223.130s][info][gc,start       ] GC(411) Pause Full (Allocation Failure)
[224.833s][info][gc             ] GC(409) Concurrent Mark 1787.387ms
[224.834s][info][gc,cpu         ] GC(409) User=3.27s Sys=0.08s Real=1.78s
[224.834s][info][gc,phases,start] GC(411) Phase 1: Mark live objects
[225.519s][info][gc,phases      ] GC(411) Phase 1: Mark live objects 684.602ms
[225.519s][info][gc,phases,start] GC(411) Phase 2: Compute new object addresses
[225.918s][info][gc,phases      ] GC(411) Phase 2: Compute new object addresses 398.986ms
[225.918s][info][gc,phases,start] GC(411) Phase 3: Adjust pointers
[226.268s][info][gc,phases      ] GC(411) Phase 3: Adjust pointers 350.365ms
[226.268s][info][gc,phases,start] GC(411) Phase 4: Move objects
[226.618s][info][gc,phases      ] GC(411) Phase 4: Move objects 349.613ms
[226.623s][info][gc             ] GC(411) Pause Full (Allocation Failure) 457M->411M(494M) 3492.854ms
[226.623s][info][gc,heap        ] GC(410) ParNew: 157246K->71315K(157248K)
[226.623s][info][gc,heap        ] GC(410) CMS: 311544K->349568K(349568K)
[226.623s][info][gc,metaspace   ] GC(410) Metaspace: 10345K->10345K(27648K)
[226.623s][info][gc             ] GC(410) Pause Young (Allocation Failure) 457M->411M(494M) 3493.302ms
[226.623s][info][gc,cpu         ] GC(410) User=4.84s Sys=0.08s Real=3.49s
[226.628s][info][gc,start       ] GC(412) Pause Full (Allocation Failure)
[226.628s][info][gc,phases,start] GC(412) Phase 1: Mark live objects
[226.636s][info][gc,phases      ] GC(412) Phase 1: Mark live objects 7.995ms
[226.636s][info][gc,phases,start] GC(412) Phase 2: Compute new object addresses
[226.910s][info][gc,phases      ] GC(412) Phase 2: Compute new object addresses 274.191ms
[226.910s][info][gc,phases,start] GC(412) Phase 3: Adjust pointers
[226.914s][info][gc,phases      ] GC(412) Phase 3: Adjust pointers 3.633ms
[226.914s][info][gc,phases,start] GC(412) Phase 4: Move objects
[226.914s][info][gc,phases      ] GC(412) Phase 4: Move objects 0.227ms
[226.916s][info][gc,heap        ] GC(412) ParNew: 82250K->0K(157248K)
[226.916s][info][gc,heap        ] GC(412) CMS: 349568K->1667K(349568K)
[226.916s][info][gc,metaspace   ] GC(412) Metaspace: 10345K->10345K(27648K)
[226.916s][info][gc             ] GC(412) Pause Full (Allocation Failure) 421M->1M(494M) 288.671ms
[226.916s][info][gc,cpu         ] GC(412) User=0.28s Sys=0.00s Real=0.28s
[226.987s][info][gc,start       ] GC(413) Pause Young (Allocation Failure)
[226.987s][info][gc,task        ] GC(413) Using 8 workers of 8 for evacuation
[227.496s][info][gc,heap        ] GC(413) ParNew: 139776K->17470K(157248K)
[227.497s][info][gc,heap        ] GC(413) CMS: 1667K->144685K(349568K)
[227.497s][info][gc,metaspace   ] GC(413) Metaspace: 10345K->10345K(27648K)
[227.497s][info][gc             ] GC(413) Pause Young (Allocation Failure) 138M->158M(494M) 509.440ms
[227.497s][info][gc,cpu         ] GC(413) User=3.13s Sys=0.48s Real=0.51s
[227.573s][info][gc,start       ] GC(414) Pause Young (Allocation Failure)
[227.573s][info][gc,task        ] GC(414) Using 8 workers of 8 for evacuation
[228.320s][info][gc,heap        ] GC(414) ParNew: 157246K->17470K(157248K)
[228.321s][info][gc,heap        ] GC(414) CMS: 144685K->311522K(349568K)
[228.321s][info][gc,metaspace   ] GC(414) Metaspace: 10345K->10345K(27648K)
[228.321s][info][gc             ] GC(414) Pause Young (Allocation Failure) 294M->321M(494M) 747.700ms
[228.321s][info][gc,cpu         ] GC(414) User=4.36s Sys=0.38s Real=0.74s
[228.322s][info][gc,start       ] GC(415) Pause Initial Mark
[228.331s][info][gc             ] GC(415) Pause Initial Mark 323M->323M(494M) 9.343ms
[228.331s][info][gc,cpu         ] GC(415) User=0.08s Sys=0.03s Real=0.03s
[228.331s][info][gc             ] GC(415) Concurrent Mark
[228.331s][info][gc,task        ] GC(415) Using 2 workers of 2 for marking
[228.438s][info][gc,start       ] GC(416) Pause Young (Allocation Failure)
[228.439s][info][gc,task        ] GC(416) Using 8 workers of 8 for evacuation
[228.439s][info][gc,start       ] GC(417) Pause Full (Allocation Failure)
[230.428s][info][gc             ] GC(415) Concurrent Mark 2096.844ms
[230.428s][info][gc,cpu         ] GC(415) User=3.70s Sys=0.20s Real=2.08s
[230.429s][info][gc,phases,start] GC(417) Phase 1: Mark live objects
[231.161s][info][gc,phases      ] GC(417) Phase 1: Mark live objects 731.991ms
[231.161s][info][gc,phases,start] GC(417) Phase 2: Compute new object addresses
[231.575s][info][gc,phases      ] GC(417) Phase 2: Compute new object addresses 413.863ms
[231.575s][info][gc,phases,start] GC(417) Phase 3: Adjust pointers
[231.951s][info][gc,phases      ] GC(417) Phase 3: Adjust pointers 375.847ms
[231.951s][info][gc,phases,start] GC(417) Phase 4: Move objects
[232.335s][info][gc,phases      ] GC(417) Phase 4: Move objects 383.903ms
[232.341s][info][gc             ] GC(417) Pause Full (Allocation Failure) 457M->410M(494M) 3902.598ms
[232.341s][info][gc,heap        ] GC(416) ParNew: 157246K->71291K(157248K)
[232.341s][info][gc,heap        ] GC(416) CMS: 311522K->349567K(349568K)
[232.341s][info][gc,metaspace   ] GC(416) Metaspace: 10345K->10345K(27648K)
[232.342s][info][gc             ] GC(416) Pause Young (Allocation Failure) 457M->410M(494M) 3903.183ms
[232.342s][info][gc,cpu         ] GC(416) User=5.38s Sys=0.20s Real=3.91s
[232.366s][info][gc,start       ] GC(418) Pause Full (Allocation Failure)
[232.366s][info][gc,phases,start] GC(418) Phase 1: Mark live objects
[232.375s][info][gc,phases      ] GC(418) Phase 1: Mark live objects 9.152ms
[232.376s][info][gc,phases,start] GC(418) Phase 2: Compute new object addresses
[232.615s][info][gc,phases      ] GC(418) Phase 2: Compute new object addresses 239.050ms
[232.615s][info][gc,phases,start] GC(418) Phase 3: Adjust pointers
[232.620s][info][gc,phases      ] GC(418) Phase 3: Adjust pointers 5.698ms
[232.621s][info][gc,phases,start] GC(418) Phase 4: Move objects
[232.621s][info][gc,phases      ] GC(418) Phase 4: Move objects 0.396ms
[232.624s][info][gc,heap        ] GC(418) ParNew: 86544K->0K(157248K)
[232.624s][info][gc,heap        ] GC(418) CMS: 349567K->1667K(349568K)
[232.624s][info][gc,metaspace   ] GC(418) Metaspace: 10345K->10345K(27648K)
[232.624s][info][gc             ] GC(418) Pause Full (Allocation Failure) 425M->1M(494M) 258.522ms
[232.624s][info][gc,cpu         ] GC(418) User=0.25s Sys=0.00s Real=0.26s
[232.680s][info][gc,start       ] GC(419) Pause Young (Allocation Failure)
[232.680s][info][gc,task        ] GC(419) Using 8 workers of 8 for evacuation
[233.208s][info][gc,heap        ] GC(419) ParNew: 139776K->17470K(157248K)
[233.208s][info][gc,heap        ] GC(419) CMS: 1667K->144551K(349568K)
[233.208s][info][gc,metaspace   ] GC(419) Metaspace: 10345K->10345K(27648K)
[233.208s][info][gc             ] GC(419) Pause Young (Allocation Failure) 138M->158M(494M) 527.936ms
[233.208s][info][gc,cpu         ] GC(419) User=3.45s Sys=0.67s Real=0.54s
[233.291s][info][gc,start       ] GC(420) Pause Young (Allocation Failure)
[233.291s][info][gc,task        ] GC(420) Using 8 workers of 8 for evacuation
[233.730s][info][gc,heap        ] GC(420) ParNew: 157246K->17472K(157248K)
[233.730s][info][gc,heap        ] GC(420) CMS: 144551K->311521K(349568K)
[233.730s][info][gc,metaspace   ] GC(420) Metaspace: 10345K->10345K(27648K)
[233.730s][info][gc             ] GC(420) Pause Young (Allocation Failure) 294M->321M(494M) 439.569ms
[233.730s][info][gc,cpu         ] GC(420) User=2.63s Sys=0.16s Real=0.44s
[233.731s][info][gc,start       ] GC(421) Pause Initial Mark
[233.738s][info][gc             ] GC(421) Pause Initial Mark 323M->323M(494M) 6.379ms
[233.738s][info][gc,cpu         ] GC(421) User=0.00s Sys=0.00s Real=0.00s
[233.738s][info][gc             ] GC(421) Concurrent Mark
[233.738s][info][gc,task        ] GC(421) Using 2 workers of 2 for marking
[233.831s][info][gc,start       ] GC(422) Pause Young (Allocation Failure)
[233.831s][info][gc,task        ] GC(422) Using 8 workers of 8 for evacuation
[233.831s][info][gc,start       ] GC(423) Pause Full (Allocation Failure)
[235.206s][info][gc             ] GC(421) Concurrent Mark 1468.346ms
[235.206s][info][gc,cpu         ] GC(421) User=2.58s Sys=0.11s Real=1.47s
[235.207s][info][gc,phases,start] GC(423) Phase 1: Mark live objects
[235.841s][info][gc,phases      ] GC(423) Phase 1: Mark live objects 634.301ms
[235.841s][info][gc,phases,start] GC(423) Phase 2: Compute new object addresses
[236.225s][info][gc,phases      ] GC(423) Phase 2: Compute new object addresses 384.378ms
[236.225s][info][gc,phases,start] GC(423) Phase 3: Adjust pointers
[236.567s][info][gc,phases      ] GC(423) Phase 3: Adjust pointers 341.891ms
[236.567s][info][gc,phases,start] GC(423) Phase 4: Move objects
[236.855s][info][gc,phases      ] GC(423) Phase 4: Move objects 287.923ms
[236.859s][info][gc             ] GC(423) Pause Full (Allocation Failure) 457M->410M(494M) 3027.757ms
[236.859s][info][gc,heap        ] GC(422) ParNew: 157248K->71288K(157248K)
[236.859s][info][gc,heap        ] GC(422) CMS: 311521K->349567K(349568K)
[236.859s][info][gc,metaspace   ] GC(422) Metaspace: 10345K->10345K(27648K)
[236.859s][info][gc             ] GC(422) Pause Young (Allocation Failure) 457M->410M(494M) 3028.161ms
[236.859s][info][gc,cpu         ] GC(422) User=3.97s Sys=0.11s Real=3.03s
[236.868s][info][gc,start       ] GC(424) Pause Full (Allocation Failure)
[236.869s][info][gc,phases,start] GC(424) Phase 1: Mark live objects
[236.876s][info][gc,phases      ] GC(424) Phase 1: Mark live objects 7.422ms
[236.876s][info][gc,phases,start] GC(424) Phase 2: Compute new object addresses
[237.110s][info][gc,phases      ] GC(424) Phase 2: Compute new object addresses 233.738ms
[237.110s][info][gc,phases,start] GC(424) Phase 3: Adjust pointers
[237.120s][info][gc,phases      ] GC(424) Phase 3: Adjust pointers 10.516ms
[237.121s][info][gc,phases,start] GC(424) Phase 4: Move objects
[237.121s][info][gc,phases      ] GC(424) Phase 4: Move objects 0.321ms
[237.124s][info][gc,heap        ] GC(424) ParNew: 88931K->0K(157248K)
[237.124s][info][gc,heap        ] GC(424) CMS: 349567K->1667K(349568K)
[237.124s][info][gc,metaspace   ] GC(424) Metaspace: 10345K->10345K(27648K)
[237.124s][info][gc             ] GC(424) Pause Full (Allocation Failure) 428M->1M(494M) 255.999ms
[237.124s][info][gc,cpu         ] GC(424) User=0.28s Sys=0.00s Real=0.27s
[237.174s][info][gc,start       ] GC(425) Pause Young (Allocation Failure)
[237.174s][info][gc,task        ] GC(425) Using 8 workers of 8 for evacuation
[237.654s][info][gc,heap        ] GC(425) ParNew: 139776K->17471K(157248K)
[237.654s][info][gc,heap        ] GC(425) CMS: 1667K->144413K(349568K)
[237.654s][info][gc,metaspace   ] GC(425) Metaspace: 10345K->10345K(27648K)
[237.654s][info][gc             ] GC(425) Pause Young (Allocation Failure) 138M->158M(494M) 479.825ms
[237.654s][info][gc,cpu         ] GC(425) User=2.92s Sys=0.63s Real=0.47s
[237.723s][info][gc,start       ] GC(426) Pause Young (Allocation Failure)
[237.724s][info][gc,task        ] GC(426) Using 8 workers of 8 for evacuation
[238.188s][info][gc,heap        ] GC(426) ParNew: 157247K->17471K(157248K)
[238.189s][info][gc,heap        ] GC(426) CMS: 144413K->311521K(349568K)
[238.189s][info][gc,metaspace   ] GC(426) Metaspace: 10345K->10345K(27648K)
[238.189s][info][gc             ] GC(426) Pause Young (Allocation Failure) 294M->321M(494M) 465.287ms
[238.189s][info][gc,cpu         ] GC(426) User=3.42s Sys=0.00s Real=0.46s
[238.189s][info][gc,start       ] GC(427) Pause Initial Mark
[238.197s][info][gc             ] GC(427) Pause Initial Mark 323M->323M(494M) 7.600ms
[238.197s][info][gc,cpu         ] GC(427) User=0.00s Sys=0.00s Real=0.00s
[238.197s][info][gc             ] GC(427) Concurrent Mark
[238.197s][info][gc,task        ] GC(427) Using 2 workers of 2 for marking
[238.272s][info][gc,start       ] GC(428) Pause Young (Allocation Failure)
[238.272s][info][gc,task        ] GC(428) Using 8 workers of 8 for evacuation
[238.272s][info][gc,start       ] GC(429) Pause Full (Allocation Failure)
[239.969s][info][gc             ] GC(427) Concurrent Mark 1771.347ms
[239.969s][info][gc,cpu         ] GC(427) User=3.30s Sys=0.14s Real=1.77s
[239.969s][info][gc,phases,start] GC(429) Phase 1: Mark live objects
[240.660s][info][gc,phases      ] GC(429) Phase 1: Mark live objects 691.183ms
[240.661s][info][gc,phases,start] GC(429) Phase 2: Compute new object addresses
[241.073s][info][gc,phases      ] GC(429) Phase 2: Compute new object addresses 412.165ms
[241.073s][info][gc,phases,start] GC(429) Phase 3: Adjust pointers
[241.497s][info][gc,phases      ] GC(429) Phase 3: Adjust pointers 423.680ms
[241.497s][info][gc,phases,start] GC(429) Phase 4: Move objects
[241.822s][info][gc,phases      ] GC(429) Phase 4: Move objects 324.719ms
[241.826s][info][gc             ] GC(429) Pause Full (Allocation Failure) 457M->410M(494M) 3553.737ms
[241.826s][info][gc,heap        ] GC(428) ParNew: 157247K->71289K(157248K)
[241.826s][info][gc,heap        ] GC(428) CMS: 311521K->349568K(349568K)
[241.826s][info][gc,metaspace   ] GC(428) Metaspace: 10345K->10345K(27648K)
[241.826s][info][gc             ] GC(428) Pause Young (Allocation Failure) 457M->410M(494M) 3554.222ms
[241.827s][info][gc,cpu         ] GC(428) User=4.94s Sys=0.13s Real=3.55s
[241.835s][info][gc,start       ] GC(430) Pause Full (Allocation Failure)
[241.836s][info][gc,phases,start] GC(430) Phase 1: Mark live objects
[241.844s][info][gc,phases      ] GC(430) Phase 1: Mark live objects 8.628ms
[241.845s][info][gc,phases,start] GC(430) Phase 2: Compute new object addresses
[242.041s][info][gc,phases      ] GC(430) Phase 2: Compute new object addresses 196.429ms
[242.041s][info][gc,phases,start] GC(430) Phase 3: Adjust pointers
[242.044s][info][gc,phases      ] GC(430) Phase 3: Adjust pointers 3.248ms
[242.044s][info][gc,phases,start] GC(430) Phase 4: Move objects
[242.045s][info][gc,phases      ] GC(430) Phase 4: Move objects 0.236ms
[242.046s][info][gc,heap        ] GC(430) ParNew: 91472K->0K(157248K)
[242.046s][info][gc,heap        ] GC(430) CMS: 349568K->1667K(349568K)
[242.047s][info][gc,metaspace   ] GC(430) Metaspace: 10345K->10345K(27648K)
[242.047s][info][gc             ] GC(430) Pause Full (Allocation Failure) 430M->1M(494M) 211.507ms
[242.047s][info][gc,cpu         ] GC(430) User=0.22s Sys=0.00s Real=0.22s
[242.094s][info][gc,start       ] GC(431) Pause Young (Allocation Failure)
[242.094s][info][gc,task        ] GC(431) Using 8 workers of 8 for evacuation
[242.577s][info][gc,heap        ] GC(431) ParNew: 139776K->17470K(157248K)
[242.578s][info][gc,heap        ] GC(431) CMS: 1667K->144283K(349568K)
[242.578s][info][gc,metaspace   ] GC(431) Metaspace: 10345K->10345K(27648K)
[242.578s][info][gc             ] GC(431) Pause Young (Allocation Failure) 138M->157M(494M) 483.736ms
[242.578s][info][gc,cpu         ] GC(431) User=2.94s Sys=0.52s Real=0.48s
[242.649s][info][gc,start       ] GC(432) Pause Young (Allocation Failure)
[242.649s][info][gc,task        ] GC(432) Using 8 workers of 8 for evacuation
[243.146s][info][gc,heap        ] GC(432) ParNew: 157246K->17470K(157248K)
[243.146s][info][gc,heap        ] GC(432) CMS: 144283K->311522K(349568K)
[243.147s][info][gc,metaspace   ] GC(432) Metaspace: 10345K->10345K(27648K)
[243.147s][info][gc             ] GC(432) Pause Young (Allocation Failure) 294M->321M(494M) 497.545ms
[243.147s][info][gc,cpu         ] GC(432) User=3.45s Sys=0.09s Real=0.51s
[243.148s][info][gc,start       ] GC(433) Pause Initial Mark
[243.163s][info][gc             ] GC(433) Pause Initial Mark 323M->323M(494M) 14.936ms
[243.163s][info][gc,cpu         ] GC(433) User=0.13s Sys=0.00s Real=0.01s
[243.163s][info][gc             ] GC(433) Concurrent Mark
[243.163s][info][gc,task        ] GC(433) Using 2 workers of 2 for marking
[243.242s][info][gc,start       ] GC(434) Pause Young (Allocation Failure)
[243.242s][info][gc,task        ] GC(434) Using 8 workers of 8 for evacuation
[243.242s][info][gc,start       ] GC(435) Pause Full (Allocation Failure)
[245.024s][info][gc             ] GC(433) Concurrent Mark 1860.558ms
[245.024s][info][gc,cpu         ] GC(433) User=3.39s Sys=0.13s Real=1.85s
[245.024s][info][gc,phases,start] GC(435) Phase 1: Mark live objects
[245.736s][info][gc,phases      ] GC(435) Phase 1: Mark live objects 712.173ms
[245.737s][info][gc,phases,start] GC(435) Phase 2: Compute new object addresses
[246.169s][info][gc,phases      ] GC(435) Phase 2: Compute new object addresses 432.822ms
[246.170s][info][gc,phases,start] GC(435) Phase 3: Adjust pointers
[246.546s][info][gc,phases      ] GC(435) Phase 3: Adjust pointers 376.169ms
[246.546s][info][gc,phases,start] GC(435) Phase 4: Move objects
[246.870s][info][gc,phases      ] GC(435) Phase 4: Move objects 324.072ms
[246.875s][info][gc             ] GC(435) Pause Full (Allocation Failure) 457M->410M(494M) 3632.700ms
[246.875s][info][gc,heap        ] GC(434) ParNew: 157246K->71290K(157248K)
[246.875s][info][gc,heap        ] GC(434) CMS: 311522K->349567K(349568K)
[246.875s][info][gc,metaspace   ] GC(434) Metaspace: 10345K->10345K(27648K)
[246.875s][info][gc             ] GC(434) Pause Young (Allocation Failure) 457M->410M(494M) 3633.114ms
[246.875s][info][gc,cpu         ] GC(434) User=5.02s Sys=0.13s Real=3.63s
[246.889s][info][gc,start       ] GC(436) Pause Full (Allocation Failure)
[246.889s][info][gc,phases,start] GC(436) Phase 1: Mark live objects
[246.900s][info][gc,phases      ] GC(436) Phase 1: Mark live objects 10.556ms
[246.900s][info][gc,phases,start] GC(436) Phase 2: Compute new object addresses
[247.125s][info][gc,phases      ] GC(436) Phase 2: Compute new object addresses 225.466ms
[247.125s][info][gc,phases,start] GC(436) Phase 3: Adjust pointers
[247.130s][info][gc,phases      ] GC(436) Phase 3: Adjust pointers 4.203ms
[247.130s][info][gc,phases,start] GC(436) Phase 4: Move objects
[247.130s][info][gc,phases      ] GC(436) Phase 4: Move objects 0.333ms
[247.132s][info][gc,heap        ] GC(436) ParNew: 94055K->0K(157248K)
[247.132s][info][gc,heap        ] GC(436) CMS: 349567K->1667K(349568K)
[247.132s][info][gc,metaspace   ] GC(436) Metaspace: 10345K->10345K(27648K)
[247.132s][info][gc             ] GC(436) Pause Full (Allocation Failure) 433M->1M(494M) 243.539ms
[247.132s][info][gc,cpu         ] GC(436) User=0.25s Sys=0.00s Real=0.25s
[247.180s][info][gc,start       ] GC(437) Pause Young (Allocation Failure)
[247.180s][info][gc,task        ] GC(437) Using 8 workers of 8 for evacuation
[247.686s][info][gc,heap        ] GC(437) ParNew: 139776K->17470K(157248K)
[247.686s][info][gc,heap        ] GC(437) CMS: 1667K->144149K(349568K)
[247.686s][info][gc,metaspace   ] GC(437) Metaspace: 10345K->10345K(27648K)
[247.686s][info][gc             ] GC(437) Pause Young (Allocation Failure) 138M->157M(494M) 506.243ms
[247.686s][info][gc,cpu         ] GC(437) User=3.19s Sys=0.69s Real=0.51s
[247.744s][info][gc,start       ] GC(438) Pause Young (Allocation Failure)
[247.744s][info][gc,task        ] GC(438) Using 8 workers of 8 for evacuation
[248.218s][info][gc,heap        ] GC(438) ParNew: 157246K->17470K(157248K)
[248.218s][info][gc,heap        ] GC(438) CMS: 144149K->311520K(349568K)
[248.218s][info][gc,metaspace   ] GC(438) Metaspace: 10345K->10345K(27648K)
[248.218s][info][gc             ] GC(438) Pause Young (Allocation Failure) 294M->321M(494M) 474.288ms
[248.218s][info][gc,cpu         ] GC(438) User=3.56s Sys=0.08s Real=0.48s
[248.219s][info][gc,start       ] GC(439) Pause Initial Mark
[248.241s][info][gc             ] GC(439) Pause Initial Mark 323M->323M(494M) 22.645ms
[248.242s][info][gc,cpu         ] GC(439) User=0.13s Sys=0.00s Real=0.03s
[248.242s][info][gc             ] GC(439) Concurrent Mark
[248.242s][info][gc,task        ] GC(439) Using 2 workers of 2 for marking
[248.314s][info][gc,start       ] GC(440) Pause Young (Allocation Failure)
[248.314s][info][gc,task        ] GC(440) Using 8 workers of 8 for evacuation
[248.314s][info][gc,start       ] GC(441) Pause Full (Allocation Failure)
[249.588s][info][gc             ] GC(439) Concurrent Mark 1346.661ms
[249.589s][info][gc,cpu         ] GC(439) User=2.02s Sys=0.27s Real=1.34s
[249.589s][info][gc,phases,start] GC(441) Phase 1: Mark live objects
[250.226s][info][gc,phases      ] GC(441) Phase 1: Mark live objects 637.296ms
[250.227s][info][gc,phases,start] GC(441) Phase 2: Compute new object addresses
[250.617s][info][gc,phases      ] GC(441) Phase 2: Compute new object addresses 390.089ms
[250.617s][info][gc,phases,start] GC(441) Phase 3: Adjust pointers
[251.006s][info][gc,phases      ] GC(441) Phase 3: Adjust pointers 389.301ms
[251.006s][info][gc,phases,start] GC(441) Phase 4: Move objects
[251.333s][info][gc,phases      ] GC(441) Phase 4: Move objects 326.359ms
[251.337s][info][gc             ] GC(441) Pause Full (Allocation Failure) 457M->410M(494M) 3022.558ms
[251.337s][info][gc,heap        ] GC(440) ParNew: 157246K->71290K(157248K)
[251.337s][info][gc,heap        ] GC(440) CMS: 311520K->349567K(349568K)
[251.337s][info][gc,metaspace   ] GC(440) Metaspace: 10345K->10345K(27648K)
[251.337s][info][gc             ] GC(440) Pause Young (Allocation Failure) 457M->410M(494M) 3023.139ms
[251.337s][info][gc,cpu         ] GC(440) User=3.61s Sys=0.25s Real=3.03s
[251.348s][info][gc,start       ] GC(442) Pause Full (Allocation Failure)
[251.349s][info][gc,phases,start] GC(442) Phase 1: Mark live objects
[251.356s][info][gc,phases      ] GC(442) Phase 1: Mark live objects 7.715ms
[251.356s][info][gc,phases,start] GC(442) Phase 2: Compute new object addresses
[251.615s][info][gc,phases      ] GC(442) Phase 2: Compute new object addresses 258.746ms
[251.615s][info][gc,phases,start] GC(442) Phase 3: Adjust pointers
[251.619s][info][gc,phases      ] GC(442) Phase 3: Adjust pointers 3.578ms
[251.619s][info][gc,phases,start] GC(442) Phase 4: Move objects
[251.619s][info][gc,phases      ] GC(442) Phase 4: Move objects 0.210ms
[251.621s][info][gc,heap        ] GC(442) ParNew: 96656K->0K(157248K)
[251.621s][info][gc,heap        ] GC(442) CMS: 349567K->1667K(349568K)
[251.621s][info][gc,metaspace   ] GC(442) Metaspace: 10345K->10345K(27648K)
[251.621s][info][gc             ] GC(442) Pause Full (Allocation Failure) 435M->1M(494M) 272.757ms
[251.621s][info][gc,cpu         ] GC(442) User=0.28s Sys=0.00s Real=0.27s
[251.684s][info][gc,start       ] GC(443) Pause Young (Allocation Failure)
[251.684s][info][gc,task        ] GC(443) Using 8 workers of 8 for evacuation
[252.264s][info][gc,heap        ] GC(443) ParNew: 139776K->17470K(157248K)
[252.264s][info][gc,heap        ] GC(443) CMS: 1667K->144015K(349568K)
[252.264s][info][gc,metaspace   ] GC(443) Metaspace: 10345K->10345K(27648K)
[252.264s][info][gc             ] GC(443) Pause Young (Allocation Failure) 138M->157M(494M) 580.193ms
[252.264s][info][gc,cpu         ] GC(443) User=3.41s Sys=0.73s Real=0.59s
[252.357s][info][gc,start       ] GC(444) Pause Young (Allocation Failure)
[252.357s][info][gc,task        ] GC(444) Using 8 workers of 8 for evacuation
[252.948s][info][gc,heap        ] GC(444) ParNew: 157246K->17470K(157248K)
[252.948s][info][gc,heap        ] GC(444) CMS: 144015K->311525K(349568K)
[252.948s][info][gc,metaspace   ] GC(444) Metaspace: 10345K->10345K(27648K)
[252.948s][info][gc             ] GC(444) Pause Young (Allocation Failure) 294M->321M(494M) 591.388ms
[252.948s][info][gc,cpu         ] GC(444) User=3.50s Sys=0.17s Real=0.58s
[252.949s][info][gc,start       ] GC(445) Pause Initial Mark
[252.955s][info][gc             ] GC(445) Pause Initial Mark 323M->323M(494M) 6.004ms
[252.955s][info][gc,cpu         ] GC(445) User=0.00s Sys=0.00s Real=0.00s
[252.955s][info][gc             ] GC(445) Concurrent Mark
[252.955s][info][gc,task        ] GC(445) Using 2 workers of 2 for marking
[253.046s][info][gc,start       ] GC(446) Pause Young (Allocation Failure)
[253.047s][info][gc,task        ] GC(446) Using 8 workers of 8 for evacuation
[253.047s][info][gc,start       ] GC(447) Pause Full (Allocation Failure)
[254.563s][info][gc             ] GC(445) Concurrent Mark 1608.186ms
[254.564s][info][gc,cpu         ] GC(445) User=2.58s Sys=0.28s Real=1.61s
[254.564s][info][gc,phases,start] GC(447) Phase 1: Mark live objects
[255.254s][info][gc,phases      ] GC(447) Phase 1: Mark live objects 690.407ms
[255.255s][info][gc,phases,start] GC(447) Phase 2: Compute new object addresses
[255.697s][info][gc,phases      ] GC(447) Phase 2: Compute new object addresses 442.606ms
[255.697s][info][gc,phases,start] GC(447) Phase 3: Adjust pointers
[256.157s][info][gc,phases      ] GC(447) Phase 3: Adjust pointers 459.707ms
[256.157s][info][gc,phases,start] GC(447) Phase 4: Move objects
[256.550s][info][gc,phases      ] GC(447) Phase 4: Move objects 393.049ms
[256.556s][info][gc             ] GC(447) Pause Full (Allocation Failure) 457M->410M(494M) 3509.116ms
[256.556s][info][gc,heap        ] GC(446) ParNew: 157246K->71292K(157248K)
[256.556s][info][gc,heap        ] GC(446) CMS: 311525K->349568K(349568K)
[256.556s][info][gc,metaspace   ] GC(446) Metaspace: 10345K->10345K(27648K)
[256.556s][info][gc             ] GC(446) Pause Young (Allocation Failure) 457M->410M(494M) 3509.666ms
[256.556s][info][gc,cpu         ] GC(446) User=4.31s Sys=0.28s Real=3.51s
[256.569s][info][gc,start       ] GC(448) Pause Full (Allocation Failure)
[256.569s][info][gc,phases,start] GC(448) Phase 1: Mark live objects
[256.579s][info][gc,phases      ] GC(448) Phase 1: Mark live objects 9.962ms
[256.579s][info][gc,phases,start] GC(448) Phase 2: Compute new object addresses
[256.839s][info][gc,phases      ] GC(448) Phase 2: Compute new object addresses 259.441ms
[256.839s][info][gc,phases,start] GC(448) Phase 3: Adjust pointers
[256.843s][info][gc,phases      ] GC(448) Phase 3: Adjust pointers 3.672ms
[256.843s][info][gc,phases,start] GC(448) Phase 4: Move objects
[256.843s][info][gc,phases      ] GC(448) Phase 4: Move objects 0.261ms
[256.845s][info][gc,heap        ] GC(448) ParNew: 99270K->0K(157248K)
[256.845s][info][gc,heap        ] GC(448) CMS: 349568K->1667K(349568K)
[256.845s][info][gc,metaspace   ] GC(448) Metaspace: 10345K->10345K(27648K)
[256.845s][info][gc             ] GC(448) Pause Full (Allocation Failure) 438M->1M(494M) 276.043ms
[256.845s][info][gc,cpu         ] GC(448) User=0.27s Sys=0.02s Real=0.28s
[256.902s][info][gc,start       ] GC(449) Pause Young (Allocation Failure)
[256.902s][info][gc,task        ] GC(449) Using 8 workers of 8 for evacuation
[257.464s][info][gc,heap        ] GC(449) ParNew: 139776K->17472K(157248K)
[257.464s][info][gc,heap        ] GC(449) CMS: 1667K->143881K(349568K)
[257.464s][info][gc,metaspace   ] GC(449) Metaspace: 10345K->10345K(27648K)
[257.464s][info][gc             ] GC(449) Pause Young (Allocation Failure) 138M->157M(494M) 562.567ms
[257.464s][info][gc,cpu         ] GC(449) User=2.69s Sys=0.69s Real=0.56s
[257.528s][info][gc,start       ] GC(450) Pause Young (Allocation Failure)
[257.528s][info][gc,task        ] GC(450) Using 8 workers of 8 for evacuation
[258.100s][info][gc,heap        ] GC(450) ParNew: 157248K->17471K(157248K)
[258.100s][info][gc,heap        ] GC(450) CMS: 143881K->311522K(349568K)
[258.100s][info][gc,metaspace   ] GC(450) Metaspace: 10345K->10345K(27648K)
[258.101s][info][gc             ] GC(450) Pause Young (Allocation Failure) 294M->321M(494M) 572.544ms
[258.101s][info][gc,cpu         ] GC(450) User=3.84s Sys=0.31s Real=0.58s
[258.101s][info][gc,start       ] GC(451) Pause Initial Mark
[258.111s][info][gc             ] GC(451) Pause Initial Mark 323M->323M(494M) 10.157ms
[258.112s][info][gc,cpu         ] GC(451) User=0.11s Sys=0.00s Real=0.01s
[258.112s][info][gc             ] GC(451) Concurrent Mark
[258.112s][info][gc,task        ] GC(451) Using 2 workers of 2 for marking
[258.171s][info][gc,start       ] GC(452) Pause Young (Allocation Failure)
[258.172s][info][gc,task        ] GC(452) Using 8 workers of 8 for evacuation
[258.172s][info][gc,start       ] GC(453) Pause Full (Allocation Failure)
[259.666s][info][gc             ] GC(451) Concurrent Mark 1553.837ms
[259.666s][info][gc,cpu         ] GC(451) User=2.58s Sys=0.11s Real=1.55s
[259.667s][info][gc,phases,start] GC(453) Phase 1: Mark live objects
[260.370s][info][gc,phases      ] GC(453) Phase 1: Mark live objects 703.511ms
[260.370s][info][gc,phases,start] GC(453) Phase 2: Compute new object addresses
[260.814s][info][gc,phases      ] GC(453) Phase 2: Compute new object addresses 443.632ms
[260.814s][info][gc,phases,start] GC(453) Phase 3: Adjust pointers
[261.245s][info][gc,phases      ] GC(453) Phase 3: Adjust pointers 430.706ms
[261.245s][info][gc,phases,start] GC(453) Phase 4: Move objects
[261.639s][info][gc,phases      ] GC(453) Phase 4: Move objects 394.223ms
[261.644s][info][gc             ] GC(453) Pause Full (Allocation Failure) 457M->410M(494M) 3472.605ms
[261.644s][info][gc,heap        ] GC(452) ParNew: 157247K->71294K(157248K)
[261.644s][info][gc,heap        ] GC(452) CMS: 311522K->349567K(349568K)
[261.644s][info][gc,metaspace   ] GC(452) Metaspace: 10345K->10345K(27648K)
[261.645s][info][gc             ] GC(452) Pause Young (Allocation Failure) 457M->410M(494M) 3473.049ms
[261.645s][info][gc,cpu         ] GC(452) User=4.41s Sys=0.09s Real=3.46s
[261.665s][info][gc,start       ] GC(454) Pause Full (Allocation Failure)
[261.665s][info][gc,phases,start] GC(454) Phase 1: Mark live objects
[261.675s][info][gc,phases      ] GC(454) Phase 1: Mark live objects 9.402ms
[261.675s][info][gc,phases,start] GC(454) Phase 2: Compute new object addresses
[261.911s][info][gc,phases      ] GC(454) Phase 2: Compute new object addresses 236.557ms
[261.911s][info][gc,phases,start] GC(454) Phase 3: Adjust pointers
[261.916s][info][gc,phases      ] GC(454) Phase 3: Adjust pointers 5.017ms
[261.916s][info][gc,phases,start] GC(454) Phase 4: Move objects
[261.917s][info][gc,phases      ] GC(454) Phase 4: Move objects 0.356ms
[261.919s][info][gc,heap        ] GC(454) ParNew: 101896K->0K(157248K)
[261.919s][info][gc,heap        ] GC(454) CMS: 349567K->1667K(349568K)
[261.919s][info][gc,metaspace   ] GC(454) Metaspace: 10345K->10345K(27648K)
[261.919s][info][gc             ] GC(454) Pause Full (Allocation Failure) 440M->1M(494M) 254.320ms
[261.919s][info][gc,cpu         ] GC(454) User=0.23s Sys=0.00s Real=0.25s
[261.971s][info][gc,start       ] GC(455) Pause Young (Allocation Failure)
[261.971s][info][gc,task        ] GC(455) Using 8 workers of 8 for evacuation
[262.446s][info][gc,heap        ] GC(455) ParNew: 139776K->17471K(157248K)
[262.446s][info][gc,heap        ] GC(455) CMS: 1667K->143753K(349568K)
[262.446s][info][gc,metaspace   ] GC(455) Metaspace: 10345K->10345K(27648K)
[262.446s][info][gc             ] GC(455) Pause Young (Allocation Failure) 138M->157M(494M) 475.141ms
[262.446s][info][gc,cpu         ] GC(455) User=2.91s Sys=0.47s Real=0.48s
[262.522s][info][gc,start       ] GC(456) Pause Young (Allocation Failure)
[262.523s][info][gc,task        ] GC(456) Using 8 workers of 8 for evacuation
[263.026s][info][gc,heap        ] GC(456) ParNew: 157247K->17470K(157248K)
[263.026s][info][gc,heap        ] GC(456) CMS: 143753K->311526K(349568K)
[263.026s][info][gc,metaspace   ] GC(456) Metaspace: 10345K->10345K(27648K)
[263.026s][info][gc             ] GC(456) Pause Young (Allocation Failure) 293M->321M(494M) 503.847ms
[263.026s][info][gc,cpu         ] GC(456) User=3.63s Sys=0.20s Real=0.51s
[263.027s][info][gc,start       ] GC(457) Pause Initial Mark
[263.035s][info][gc             ] GC(457) Pause Initial Mark 323M->323M(494M) 8.153ms
[263.035s][info][gc,cpu         ] GC(457) User=0.02s Sys=0.00s Real=0.01s
[263.036s][info][gc             ] GC(457) Concurrent Mark
[263.036s][info][gc,task        ] GC(457) Using 2 workers of 2 for marking
[263.116s][info][gc,start       ] GC(458) Pause Young (Allocation Failure)
[263.116s][info][gc,task        ] GC(458) Using 8 workers of 8 for evacuation
[263.116s][info][gc,start       ] GC(459) Pause Full (Allocation Failure)
[264.644s][info][gc             ] GC(457) Concurrent Mark 1608.838ms
[264.645s][info][gc,cpu         ] GC(457) User=2.52s Sys=0.22s Real=1.61s
[264.645s][info][gc,phases,start] GC(459) Phase 1: Mark live objects
[265.321s][info][gc,phases      ] GC(459) Phase 1: Mark live objects 676.412ms
[265.322s][info][gc,phases,start] GC(459) Phase 2: Compute new object addresses
[265.787s][info][gc,phases      ] GC(459) Phase 2: Compute new object addresses 465.289ms
[265.787s][info][gc,phases,start] GC(459) Phase 3: Adjust pointers
[266.263s][info][gc,phases      ] GC(459) Phase 3: Adjust pointers 475.414ms
[266.263s][info][gc,phases,start] GC(459) Phase 4: Move objects
[266.665s][info][gc,phases      ] GC(459) Phase 4: Move objects 402.548ms
[266.672s][info][gc             ] GC(459) Pause Full (Allocation Failure) 457M->410M(494M) 3555.815ms
[266.672s][info][gc,heap        ] GC(458) ParNew: 157246K->71295K(157248K)
[266.672s][info][gc,heap        ] GC(458) CMS: 311526K->349567K(349568K)
[266.672s][info][gc,metaspace   ] GC(458) Metaspace: 10345K->10345K(27648K)
[266.673s][info][gc             ] GC(458) Pause Young (Allocation Failure) 457M->410M(494M) 3556.429ms
[266.673s][info][gc,cpu         ] GC(458) User=4.34s Sys=0.22s Real=3.55s
[266.688s][info][gc,start       ] GC(460) Pause Full (Allocation Failure)
[266.688s][info][gc,phases,start] GC(460) Phase 1: Mark live objects
[266.700s][info][gc,phases      ] GC(460) Phase 1: Mark live objects 11.721ms
[266.700s][info][gc,phases,start] GC(460) Phase 2: Compute new object addresses
[266.911s][info][gc,phases      ] GC(460) Phase 2: Compute new object addresses 211.551ms
[266.912s][info][gc,phases,start] GC(460) Phase 3: Adjust pointers
[266.915s][info][gc,phases      ] GC(460) Phase 3: Adjust pointers 3.529ms
[266.915s][info][gc,phases,start] GC(460) Phase 4: Move objects
[266.915s][info][gc,phases      ] GC(460) Phase 4: Move objects 0.351ms
[266.917s][info][gc,heap        ] GC(460) ParNew: 104528K->0K(157248K)
[266.917s][info][gc,heap        ] GC(460) CMS: 349567K->1667K(349568K)
[266.917s][info][gc,metaspace   ] GC(460) Metaspace: 10345K->10345K(27648K)
[266.917s][info][gc             ] GC(460) Pause Full (Allocation Failure) 443M->1M(494M) 229.544ms
[266.917s][info][gc,cpu         ] GC(460) User=0.23s Sys=0.00s Real=0.23s
[266.967s][info][gc,start       ] GC(461) Pause Young (Allocation Failure)
[266.967s][info][gc,task        ] GC(461) Using 8 workers of 8 for evacuation
[267.432s][info][gc,heap        ] GC(461) ParNew: 139776K->17470K(157248K)
[267.432s][info][gc,heap        ] GC(461) CMS: 1667K->143617K(349568K)
[267.432s][info][gc,metaspace   ] GC(461) Metaspace: 10345K->10345K(27648K)
[267.432s][info][gc             ] GC(461) Pause Young (Allocation Failure) 138M->157M(494M) 465.447ms
[267.432s][info][gc,cpu         ] GC(461) User=3.13s Sys=0.48s Real=0.46s
[267.489s][info][gc,start       ] GC(462) Pause Young (Allocation Failure)
[267.489s][info][gc,task        ] GC(462) Using 8 workers of 8 for evacuation
[267.969s][info][gc,heap        ] GC(462) ParNew: 157246K->17470K(157248K)
[267.969s][info][gc,heap        ] GC(462) CMS: 143617K->311523K(349568K)
[267.969s][info][gc,metaspace   ] GC(462) Metaspace: 10345K->10345K(27648K)
[267.969s][info][gc             ] GC(462) Pause Young (Allocation Failure) 293M->321M(494M) 479.769ms
[267.969s][info][gc,cpu         ] GC(462) User=3.23s Sys=0.06s Real=0.47s
[267.970s][info][gc,start       ] GC(463) Pause Initial Mark
[267.976s][info][gc             ] GC(463) Pause Initial Mark 323M->323M(494M) 6.454ms
[267.976s][info][gc,cpu         ] GC(463) User=0.11s Sys=0.00s Real=0.01s
[267.976s][info][gc             ] GC(463) Concurrent Mark
[267.976s][info][gc,task        ] GC(463) Using 2 workers of 2 for marking
[268.037s][info][gc,start       ] GC(464) Pause Young (Allocation Failure)
[268.038s][info][gc,task        ] GC(464) Using 8 workers of 8 for evacuation
[268.038s][info][gc,start       ] GC(465) Pause Full (Allocation Failure)
[269.834s][info][gc             ] GC(463) Concurrent Mark 1857.749ms
[269.834s][info][gc,cpu         ] GC(463) User=3.36s Sys=0.16s Real=1.85s
[269.835s][info][gc,phases,start] GC(465) Phase 1: Mark live objects
[270.542s][info][gc,phases      ] GC(465) Phase 1: Mark live objects 707.547ms
[270.543s][info][gc,phases,start] GC(465) Phase 2: Compute new object addresses
[271.029s][info][gc,phases      ] GC(465) Phase 2: Compute new object addresses 486.015ms
[271.029s][info][gc,phases,start] GC(465) Phase 3: Adjust pointers
[271.525s][info][gc,phases      ] GC(465) Phase 3: Adjust pointers 496.063ms
[271.525s][info][gc,phases,start] GC(465) Phase 4: Move objects
[271.886s][info][gc,phases      ] GC(465) Phase 4: Move objects 361.138ms
[271.891s][info][gc             ] GC(465) Pause Full (Allocation Failure) 457M->410M(494M) 3853.756ms
[271.891s][info][gc,heap        ] GC(464) ParNew: 157246K->71295K(157248K)
[271.892s][info][gc,heap        ] GC(464) CMS: 311523K->349568K(349568K)
[271.892s][info][gc,metaspace   ] GC(464) Metaspace: 10345K->10345K(27648K)
[271.892s][info][gc             ] GC(464) Pause Young (Allocation Failure) 457M->410M(494M) 3854.317ms
[271.892s][info][gc,cpu         ] GC(464) User=5.23s Sys=0.16s Real=3.85s
[271.909s][info][gc,start       ] GC(466) Pause Full (Allocation Failure)
[271.910s][info][gc,phases,start] GC(466) Phase 1: Mark live objects
[271.920s][info][gc,phases      ] GC(466) Phase 1: Mark live objects 10.401ms
[271.920s][info][gc,phases,start] GC(466) Phase 2: Compute new object addresses
[272.146s][info][gc,phases      ] GC(466) Phase 2: Compute new object addresses 226.015ms
[272.146s][info][gc,phases,start] GC(466) Phase 3: Adjust pointers
[272.151s][info][gc,phases      ] GC(466) Phase 3: Adjust pointers 4.224ms
[272.151s][info][gc,phases,start] GC(466) Phase 4: Move objects
[272.151s][info][gc,phases      ] GC(466) Phase 4: Move objects 0.308ms
[272.153s][info][gc,heap        ] GC(466) ParNew: 107169K->0K(157248K)
[272.153s][info][gc,heap        ] GC(466) CMS: 349568K->1667K(349568K)
[272.153s][info][gc,metaspace   ] GC(466) Metaspace: 10345K->10345K(27648K)
[272.153s][info][gc             ] GC(466) Pause Full (Allocation Failure) 446M->1M(494M) 243.966ms
[272.153s][info][gc,cpu         ] GC(466) User=0.27s Sys=0.00s Real=0.25s
[272.207s][info][gc,start       ] GC(467) Pause Young (Allocation Failure)
[272.207s][info][gc,task        ] GC(467) Using 8 workers of 8 for evacuation
[272.679s][info][gc,heap        ] GC(467) ParNew: 139776K->17470K(157248K)
[272.679s][info][gc,heap        ] GC(467) CMS: 1667K->143485K(349568K)
[272.679s][info][gc,metaspace   ] GC(467) Metaspace: 10345K->10345K(27648K)
[272.679s][info][gc             ] GC(467) Pause Young (Allocation Failure) 138M->157M(494M) 472.782ms
[272.679s][info][gc,cpu         ] GC(467) User=3.08s Sys=0.63s Real=0.48s
[272.743s][info][gc,start       ] GC(468) Pause Young (Allocation Failure)
[272.743s][info][gc,task        ] GC(468) Using 8 workers of 8 for evacuation
[273.205s][info][gc,heap        ] GC(468) ParNew: 157246K->17470K(157248K)
[273.205s][info][gc,heap        ] GC(468) CMS: 143485K->311526K(349568K)
[273.205s][info][gc,metaspace   ] GC(468) Metaspace: 10345K->10345K(27648K)
[273.205s][info][gc             ] GC(468) Pause Young (Allocation Failure) 293M->321M(494M) 462.526ms
[273.205s][info][gc,cpu         ] GC(468) User=3.38s Sys=0.08s Real=0.46s
[273.206s][info][gc,start       ] GC(469) Pause Initial Mark
[273.217s][info][gc             ] GC(469) Pause Initial Mark 323M->323M(494M) 10.650ms
[273.217s][info][gc,cpu         ] GC(469) User=0.00s Sys=0.00s Real=0.01s
[273.217s][info][gc             ] GC(469) Concurrent Mark
[273.217s][info][gc,task        ] GC(469) Using 2 workers of 2 for marking
[273.299s][info][gc,start       ] GC(470) Pause Young (Allocation Failure)
[273.299s][info][gc,task        ] GC(470) Using 8 workers of 8 for evacuation
[273.299s][info][gc,start       ] GC(471) Pause Full (Allocation Failure)
[275.159s][info][gc             ] GC(469) Concurrent Mark 1942.396ms
[275.160s][info][gc,cpu         ] GC(469) User=3.53s Sys=0.16s Real=1.94s
[275.160s][info][gc,phases,start] GC(471) Phase 1: Mark live objects
[275.916s][info][gc,phases      ] GC(471) Phase 1: Mark live objects 755.669ms
[275.916s][info][gc,phases,start] GC(471) Phase 2: Compute new object addresses
[276.331s][info][gc,phases      ] GC(471) Phase 2: Compute new object addresses 414.697ms
[276.331s][info][gc,phases,start] GC(471) Phase 3: Adjust pointers
[276.747s][info][gc,phases      ] GC(471) Phase 3: Adjust pointers 416.387ms
[276.747s][info][gc,phases,start] GC(471) Phase 4: Move objects
[277.097s][info][gc,phases      ] GC(471) Phase 4: Move objects 349.291ms
[277.103s][info][gc             ] GC(471) Pause Full (Allocation Failure) 457M->411M(494M) 3803.555ms
[277.103s][info][gc,heap        ] GC(470) ParNew: 157246K->71297K(157248K)
[277.103s][info][gc,heap        ] GC(470) CMS: 311526K->349567K(349568K)
[277.103s][info][gc,metaspace   ] GC(470) Metaspace: 10345K->10345K(27648K)
[277.103s][info][gc             ] GC(470) Pause Young (Allocation Failure) 457M->411M(494M) 3804.063ms
[277.103s][info][gc,cpu         ] GC(470) User=5.28s Sys=0.16s Real=3.82s
[277.120s][info][gc,start       ] GC(472) Pause Full (Allocation Failure)
[277.120s][info][gc,phases,start] GC(472) Phase 1: Mark live objects
[277.137s][info][gc,phases      ] GC(472) Phase 1: Mark live objects 16.900ms
[277.137s][info][gc,phases,start] GC(472) Phase 2: Compute new object addresses
[277.380s][info][gc,phases      ] GC(472) Phase 2: Compute new object addresses 242.397ms
[277.380s][info][gc,phases,start] GC(472) Phase 3: Adjust pointers
[277.384s][info][gc,phases      ] GC(472) Phase 3: Adjust pointers 3.688ms
[277.384s][info][gc,phases,start] GC(472) Phase 4: Move objects
[277.384s][info][gc,phases      ] GC(472) Phase 4: Move objects 0.406ms
[277.386s][info][gc,heap        ] GC(472) ParNew: 109819K->0K(157248K)
[277.386s][info][gc,heap        ] GC(472) CMS: 349567K->1667K(349568K)
[277.386s][info][gc,metaspace   ] GC(472) Metaspace: 10345K->10345K(27648K)
[277.386s][info][gc             ] GC(472) Pause Full (Allocation Failure) 448M->1M(494M) 266.624ms
[277.387s][info][gc,cpu         ] GC(472) User=0.27s Sys=0.00s Real=0.26s
[277.453s][info][gc,start       ] GC(473) Pause Young (Allocation Failure)
[277.453s][info][gc,task        ] GC(473) Using 8 workers of 8 for evacuation
[278.048s][info][gc,heap        ] GC(473) ParNew: 139776K->17470K(157248K)
[278.048s][info][gc,heap        ] GC(473) CMS: 1667K->143351K(349568K)
[278.048s][info][gc,metaspace   ] GC(473) Metaspace: 10345K->10345K(27648K)
[278.048s][info][gc             ] GC(473) Pause Young (Allocation Failure) 138M->157M(494M) 595.320ms
[278.048s][info][gc,cpu         ] GC(473) User=3.39s Sys=0.77s Real=0.61s
[278.136s][info][gc,start       ] GC(474) Pause Young (Allocation Failure)
[278.136s][info][gc,task        ] GC(474) Using 8 workers of 8 for evacuation
[278.786s][info][gc,heap        ] GC(474) ParNew: 157246K->17472K(157248K)
[278.786s][info][gc,heap        ] GC(474) CMS: 143351K->311526K(349568K)
[278.786s][info][gc,metaspace   ] GC(474) Metaspace: 10345K->10345K(27648K)
[278.786s][info][gc             ] GC(474) Pause Young (Allocation Failure) 293M->321M(494M) 650.051ms
[278.786s][info][gc,cpu         ] GC(474) User=4.53s Sys=0.16s Real=0.65s
[278.787s][info][gc,start       ] GC(475) Pause Initial Mark
[278.794s][info][gc             ] GC(475) Pause Initial Mark 323M->323M(494M) 6.564ms
[278.794s][info][gc,cpu         ] GC(475) User=0.00s Sys=0.00s Real=0.01s
[278.794s][info][gc             ] GC(475) Concurrent Mark
[278.794s][info][gc,task        ] GC(475) Using 2 workers of 2 for marking
[278.898s][info][gc,start       ] GC(476) Pause Young (Allocation Failure)
[278.898s][info][gc,task        ] GC(476) Using 8 workers of 8 for evacuation
[278.898s][info][gc,start       ] GC(477) Pause Full (Allocation Failure)
[280.407s][info][gc             ] GC(475) Concurrent Mark 1612.574ms
[280.407s][info][gc,cpu         ] GC(475) User=3.09s Sys=0.08s Real=1.61s
[280.408s][info][gc,phases,start] GC(477) Phase 1: Mark live objects
[281.045s][info][gc,phases      ] GC(477) Phase 1: Mark live objects 637.384ms
[281.045s][info][gc,phases,start] GC(477) Phase 2: Compute new object addresses
[281.526s][info][gc,phases      ] GC(477) Phase 2: Compute new object addresses 481.389ms
[281.527s][info][gc,phases,start] GC(477) Phase 3: Adjust pointers
[281.919s][info][gc,phases      ] GC(477) Phase 3: Adjust pointers 392.748ms
[281.920s][info][gc,phases,start] GC(477) Phase 4: Move objects
[282.268s][info][gc,phases      ] GC(477) Phase 4: Move objects 348.492ms
[282.273s][info][gc             ] GC(477) Pause Full (Allocation Failure) 457M->411M(494M) 3374.493ms
[282.273s][info][gc,heap        ] GC(476) ParNew: 157248K->71299K(157248K)
[282.273s][info][gc,heap        ] GC(476) CMS: 311526K->349567K(349568K)
[282.273s][info][gc,metaspace   ] GC(476) Metaspace: 10345K->10345K(27648K)
[282.273s][info][gc             ] GC(476) Pause Young (Allocation Failure) 457M->411M(494M) 3374.931ms
[282.273s][info][gc,cpu         ] GC(476) User=4.67s Sys=0.08s Real=3.37s
[282.290s][info][gc,start       ] GC(478) Pause Full (Allocation Failure)
[282.291s][info][gc,phases,start] GC(478) Phase 1: Mark live objects
[282.299s][info][gc,phases      ] GC(478) Phase 1: Mark live objects 8.407ms
[282.299s][info][gc,phases,start] GC(478) Phase 2: Compute new object addresses
[282.500s][info][gc,phases      ] GC(478) Phase 2: Compute new object addresses 200.948ms
[282.500s][info][gc,phases,start] GC(478) Phase 3: Adjust pointers
[282.503s][info][gc,phases      ] GC(478) Phase 3: Adjust pointers 3.327ms
[282.504s][info][gc,phases,start] GC(478) Phase 4: Move objects
[282.504s][info][gc,phases      ] GC(478) Phase 4: Move objects 0.214ms
[282.505s][info][gc,heap        ] GC(478) ParNew: 112477K->0K(157248K)
[282.505s][info][gc,heap        ] GC(478) CMS: 349567K->1667K(349568K)
[282.505s][info][gc,metaspace   ] GC(478) Metaspace: 10345K->10345K(27648K)
[282.505s][info][gc             ] GC(478) Pause Full (Allocation Failure) 451M->1M(494M) 215.131ms
[282.505s][info][gc,cpu         ] GC(478) User=0.20s Sys=0.00s Real=0.20s
[282.551s][info][gc,start       ] GC(479) Pause Young (Allocation Failure)
[282.551s][info][gc,task        ] GC(479) Using 8 workers of 8 for evacuation
[283.052s][info][gc,heap        ] GC(479) ParNew: 139776K->17471K(157248K)
[283.052s][info][gc,heap        ] GC(479) CMS: 1667K->143217K(349568K)
[283.052s][info][gc,metaspace   ] GC(479) Metaspace: 10345K->10345K(27648K)
[283.052s][info][gc             ] GC(479) Pause Young (Allocation Failure) 138M->156M(494M) 501.113ms
[283.052s][info][gc,cpu         ] GC(479) User=3.20s Sys=0.80s Real=0.49s
[283.116s][info][gc,start       ] GC(480) Pause Young (Allocation Failure)
[283.116s][info][gc,task        ] GC(480) Using 8 workers of 8 for evacuation
[283.580s][info][gc,heap        ] GC(480) ParNew: 157247K->17471K(157248K)
[283.582s][info][gc,heap        ] GC(480) CMS: 143217K->311528K(349568K)
[283.582s][info][gc,metaspace   ] GC(480) Metaspace: 10345K->10345K(27648K)
[283.582s][info][gc             ] GC(480) Pause Young (Allocation Failure) 293M->321M(494M) 465.569ms
[283.582s][info][gc,cpu         ] GC(480) User=3.16s Sys=0.02s Real=0.46s
[283.582s][info][gc,start       ] GC(481) Pause Initial Mark
[283.591s][info][gc             ] GC(481) Pause Initial Mark 323M->323M(494M) 8.201ms
[283.591s][info][gc,cpu         ] GC(481) User=0.00s Sys=0.00s Real=0.00s
[283.591s][info][gc             ] GC(481) Concurrent Mark
[283.591s][info][gc,task        ] GC(481) Using 2 workers of 2 for marking
[283.665s][info][gc,start       ] GC(482) Pause Young (Allocation Failure)
[283.665s][info][gc,task        ] GC(482) Using 8 workers of 8 for evacuation
[283.665s][info][gc,start       ] GC(483) Pause Full (Allocation Failure)
[285.300s][info][gc             ] GC(481) Concurrent Mark 1708.862ms
[285.300s][info][gc,cpu         ] GC(481) User=3.14s Sys=0.14s Real=1.71s
[285.301s][info][gc,phases,start] GC(483) Phase 1: Mark live objects
[285.983s][info][gc,phases      ] GC(483) Phase 1: Mark live objects 682.813ms
[285.984s][info][gc,phases,start] GC(483) Phase 2: Compute new object addresses
[286.453s][info][gc,phases      ] GC(483) Phase 2: Compute new object addresses 469.828ms
[286.454s][info][gc,phases,start] GC(483) Phase 3: Adjust pointers
[286.920s][info][gc,phases      ] GC(483) Phase 3: Adjust pointers 466.354ms
[286.920s][info][gc,phases,start] GC(483) Phase 4: Move objects
[287.263s][info][gc,phases      ] GC(483) Phase 4: Move objects 343.060ms
[287.268s][info][gc             ] GC(483) Pause Full (Allocation Failure) 457M->411M(494M) 3602.886ms
[287.268s][info][gc,heap        ] GC(482) ParNew: 157247K->71299K(157248K)
[287.268s][info][gc,heap        ] GC(482) CMS: 311528K->349568K(349568K)
[287.268s][info][gc,metaspace   ] GC(482) Metaspace: 10345K->10345K(27648K)
[287.268s][info][gc             ] GC(482) Pause Young (Allocation Failure) 457M->411M(494M) 3603.405ms
[287.268s][info][gc,cpu         ] GC(482) User=4.91s Sys=0.13s Real=3.60s
[287.288s][info][gc,start       ] GC(484) Pause Full (Allocation Failure)
[287.288s][info][gc,phases,start] GC(484) Phase 1: Mark live objects
[287.298s][info][gc,phases      ] GC(484) Phase 1: Mark live objects 9.902ms
[287.298s][info][gc,phases,start] GC(484) Phase 2: Compute new object addresses
[287.545s][info][gc,phases      ] GC(484) Phase 2: Compute new object addresses 246.955ms
[287.545s][info][gc,phases,start] GC(484) Phase 3: Adjust pointers
[287.549s][info][gc,phases      ] GC(484) Phase 3: Adjust pointers 3.936ms
[287.549s][info][gc,phases,start] GC(484) Phase 4: Move objects
[287.550s][info][gc,phases      ] GC(484) Phase 4: Move objects 0.266ms
[287.551s][info][gc,heap        ] GC(484) ParNew: 115139K->0K(157248K)
[287.551s][info][gc,heap        ] GC(484) CMS: 349568K->1667K(349568K)
[287.551s][info][gc,metaspace   ] GC(484) Metaspace: 10345K->10345K(27648K)
[287.551s][info][gc             ] GC(484) Pause Full (Allocation Failure) 453M->1M(494M) 263.592ms
[287.552s][info][gc,cpu         ] GC(484) User=0.27s Sys=0.00s Real=0.27s
[287.600s][info][gc,start       ] GC(485) Pause Young (Allocation Failure)
[287.600s][info][gc,task        ] GC(485) Using 8 workers of 8 for evacuation
[288.039s][info][gc,heap        ] GC(485) ParNew: 139776K->17470K(157248K)
[288.039s][info][gc,heap        ] GC(485) CMS: 1667K->143084K(349568K)
[288.039s][info][gc,metaspace   ] GC(485) Metaspace: 10345K->10345K(27648K)
[288.039s][info][gc             ] GC(485) Pause Young (Allocation Failure) 138M->156M(494M) 439.413ms
[288.039s][info][gc,cpu         ] GC(485) User=2.84s Sys=0.58s Real=0.44s
[288.104s][info][gc,start       ] GC(486) Pause Young (Allocation Failure)
[288.105s][info][gc,task        ] GC(486) Using 8 workers of 8 for evacuation
[288.619s][info][gc,heap        ] GC(486) ParNew: 157246K->17470K(157248K)
[288.619s][info][gc,heap        ] GC(486) CMS: 143084K->311529K(349568K)
[288.619s][info][gc,metaspace   ] GC(486) Metaspace: 10345K->10345K(27648K)
[288.619s][info][gc             ] GC(486) Pause Young (Allocation Failure) 293M->321M(494M) 514.405ms
[288.619s][info][gc,cpu         ] GC(486) User=3.50s Sys=0.05s Real=0.50s
[288.620s][info][gc,start       ] GC(487) Pause Initial Mark
[288.627s][info][gc             ] GC(487) Pause Initial Mark 323M->323M(494M) 6.984ms
[288.627s][info][gc,cpu         ] GC(487) User=0.00s Sys=0.00s Real=0.00s
[288.627s][info][gc             ] GC(487) Concurrent Mark
[288.627s][info][gc,task        ] GC(487) Using 2 workers of 2 for marking
[288.707s][info][gc,start       ] GC(488) Pause Young (Allocation Failure)
[288.707s][info][gc,task        ] GC(488) Using 8 workers of 8 for evacuation
[288.707s][info][gc,start       ] GC(489) Pause Full (Allocation Failure)
[290.545s][info][gc             ] GC(487) Concurrent Mark 1917.432ms
[290.545s][info][gc,cpu         ] GC(487) User=3.48s Sys=0.14s Real=1.94s
[290.545s][info][gc,phases,start] GC(489) Phase 1: Mark live objects
[291.286s][info][gc,phases      ] GC(489) Phase 1: Mark live objects 740.437ms
[291.286s][info][gc,phases,start] GC(489) Phase 2: Compute new object addresses
[291.749s][info][gc,phases      ] GC(489) Phase 2: Compute new object addresses 463.088ms
[291.749s][info][gc,phases,start] GC(489) Phase 3: Adjust pointers
[292.180s][info][gc,phases      ] GC(489) Phase 3: Adjust pointers 430.982ms
[292.180s][info][gc,phases,start] GC(489) Phase 4: Move objects
[292.550s][info][gc,phases      ] GC(489) Phase 4: Move objects 370.118ms
[292.556s][info][gc             ] GC(489) Pause Full (Allocation Failure) 457M->411M(494M) 3848.351ms
[292.556s][info][gc,heap        ] GC(488) ParNew: 157246K->71299K(157248K)
[292.556s][info][gc,heap        ] GC(488) CMS: 311529K->349567K(349568K)
[292.556s][info][gc,metaspace   ] GC(488) Metaspace: 10345K->10345K(27648K)
[292.556s][info][gc             ] GC(488) Pause Young (Allocation Failure) 457M->411M(494M) 3848.949ms
[292.556s][info][gc,cpu         ] GC(488) User=5.16s Sys=0.14s Real=3.84s
[292.576s][info][gc,start       ] GC(490) Pause Full (Allocation Failure)
[292.577s][info][gc,phases,start] GC(490) Phase 1: Mark live objects
[292.586s][info][gc,phases      ] GC(490) Phase 1: Mark live objects 9.767ms
[292.586s][info][gc,phases,start] GC(490) Phase 2: Compute new object addresses
[292.812s][info][gc,phases      ] GC(490) Phase 2: Compute new object addresses 225.135ms
[292.812s][info][gc,phases,start] GC(490) Phase 3: Adjust pointers
[292.816s][info][gc,phases      ] GC(490) Phase 3: Adjust pointers 3.689ms
[292.816s][info][gc,phases,start] GC(490) Phase 4: Move objects
[292.816s][info][gc,phases      ] GC(490) Phase 4: Move objects 0.277ms
[292.818s][info][gc,heap        ] GC(490) ParNew: 117808K->0K(157248K)
[292.818s][info][gc,heap        ] GC(490) CMS: 349567K->1667K(349568K)
[292.818s][info][gc,metaspace   ] GC(490) Metaspace: 10345K->10345K(27648K)
[292.818s][info][gc             ] GC(490) Pause Full (Allocation Failure) 456M->1M(494M) 241.594ms
[292.818s][info][gc,cpu         ] GC(490) User=0.23s Sys=0.00s Real=0.23s
[292.878s][info][gc,start       ] GC(491) Pause Young (Allocation Failure)
[292.878s][info][gc,task        ] GC(491) Using 8 workers of 8 for evacuation
[293.368s][info][gc,heap        ] GC(491) ParNew: 139776K->17470K(157248K)
[293.368s][info][gc,heap        ] GC(491) CMS: 1667K->142952K(349568K)
[293.368s][info][gc,metaspace   ] GC(491) Metaspace: 10345K->10345K(27648K)
[293.368s][info][gc             ] GC(491) Pause Young (Allocation Failure) 138M->156M(494M) 490.485ms
[293.368s][info][gc,cpu         ] GC(491) User=3.00s Sys=0.52s Real=0.49s
[293.446s][info][gc,start       ] GC(492) Pause Young (Allocation Failure)
[293.446s][info][gc,task        ] GC(492) Using 8 workers of 8 for evacuation
[293.972s][info][gc,heap        ] GC(492) ParNew: 157246K->17470K(157248K)
[293.973s][info][gc,heap        ] GC(492) CMS: 142952K->311534K(349568K)
[293.973s][info][gc,metaspace   ] GC(492) Metaspace: 10345K->10345K(27648K)
[293.973s][info][gc             ] GC(492) Pause Young (Allocation Failure) 293M->321M(494M) 526.555ms
[293.973s][info][gc,cpu         ] GC(492) User=3.80s Sys=0.13s Real=0.53s
[293.974s][info][gc,start       ] GC(493) Pause Initial Mark
[293.979s][info][gc             ] GC(493) Pause Initial Mark 323M->323M(494M) 5.762ms
[293.980s][info][gc,cpu         ] GC(493) User=0.00s Sys=0.00s Real=0.00s
[293.980s][info][gc             ] GC(493) Concurrent Mark
[293.980s][info][gc,task        ] GC(493) Using 2 workers of 2 for marking
[294.083s][info][gc,start       ] GC(494) Pause Young (Allocation Failure)
[294.083s][info][gc,task        ] GC(494) Using 8 workers of 8 for evacuation
[294.083s][info][gc,start       ] GC(495) Pause Full (Allocation Failure)
[295.508s][info][gc             ] GC(493) Concurrent Mark 1527.994ms
[295.508s][info][gc,cpu         ] GC(493) User=2.70s Sys=0.13s Real=1.53s
[295.508s][info][gc,phases,start] GC(495) Phase 1: Mark live objects
[296.085s][info][gc,phases      ] GC(495) Phase 1: Mark live objects 576.260ms
[296.085s][info][gc,phases,start] GC(495) Phase 2: Compute new object addresses
[296.450s][info][gc,phases      ] GC(495) Phase 2: Compute new object addresses 364.997ms
[296.450s][info][gc,phases,start] GC(495) Phase 3: Adjust pointers
[296.791s][info][gc,phases      ] GC(495) Phase 3: Adjust pointers 341.267ms
[296.791s][info][gc,phases,start] GC(495) Phase 4: Move objects
[297.190s][info][gc,phases      ] GC(495) Phase 4: Move objects 398.987ms
[297.194s][info][gc             ] GC(495) Pause Full (Allocation Failure) 457M->411M(494M) 3110.800ms
[297.194s][info][gc,heap        ] GC(494) ParNew: 157246K->71302K(157248K)
[297.194s][info][gc,heap        ] GC(494) CMS: 311534K->349567K(349568K)
[297.194s][info][gc,metaspace   ] GC(494) Metaspace: 10345K->10345K(27648K)
[297.194s][info][gc             ] GC(494) Pause Young (Allocation Failure) 457M->411M(494M) 3111.411ms
[297.194s][info][gc,cpu         ] GC(494) User=4.11s Sys=0.13s Real=3.11s
[297.215s][info][gc,start       ] GC(496) Pause Full (Allocation Failure)
[297.215s][info][gc,phases,start] GC(496) Phase 1: Mark live objects
[297.223s][info][gc,phases      ] GC(496) Phase 1: Mark live objects 7.929ms
[297.223s][info][gc,phases,start] GC(496) Phase 2: Compute new object addresses
[297.450s][info][gc,phases      ] GC(496) Phase 2: Compute new object addresses 226.329ms
[297.450s][info][gc,phases,start] GC(496) Phase 3: Adjust pointers
[297.453s][info][gc,phases      ] GC(496) Phase 3: Adjust pointers 3.499ms
[297.453s][info][gc,phases,start] GC(496) Phase 4: Move objects
[297.453s][info][gc,phases      ] GC(496) Phase 4: Move objects 0.243ms
[297.455s][info][gc,heap        ] GC(496) ParNew: 120486K->0K(157248K)
[297.455s][info][gc,heap        ] GC(496) CMS: 349567K->1667K(349568K)
[297.455s][info][gc,metaspace   ] GC(496) Metaspace: 10345K->10345K(27648K)
[297.455s][info][gc             ] GC(496) Pause Full (Allocation Failure) 459M->1M(494M) 240.313ms
[297.455s][info][gc,cpu         ] GC(496) User=0.23s Sys=0.00s Real=0.24s
[297.510s][info][gc,start       ] GC(497) Pause Young (Allocation Failure)
[297.510s][info][gc,task        ] GC(497) Using 8 workers of 8 for evacuation
[297.984s][info][gc,heap        ] GC(497) ParNew: 139776K->17470K(157248K)
[297.984s][info][gc,heap        ] GC(497) CMS: 1667K->142820K(349568K)
[297.984s][info][gc,metaspace   ] GC(497) Metaspace: 10345K->10345K(27648K)
[297.984s][info][gc             ] GC(497) Pause Young (Allocation Failure) 138M->156M(494M) 473.937ms
[297.984s][info][gc,cpu         ] GC(497) User=2.67s Sys=0.52s Real=0.47s
[298.057s][info][gc,start       ] GC(498) Pause Young (Allocation Failure)
[298.058s][info][gc,task        ] GC(498) Using 8 workers of 8 for evacuation
[298.592s][info][gc,heap        ] GC(498) ParNew: 157246K->17470K(157248K)
[298.592s][info][gc,heap        ] GC(498) CMS: 142820K->311533K(349568K)
[298.592s][info][gc,metaspace   ] GC(498) Metaspace: 10345K->10345K(27648K)
[298.592s][info][gc             ] GC(498) Pause Young (Allocation Failure) 293M->321M(494M) 534.735ms
[298.592s][info][gc,cpu         ] GC(498) User=3.80s Sys=0.08s Real=0.52s
[298.593s][info][gc,start       ] GC(499) Pause Initial Mark
[298.609s][info][gc             ] GC(499) Pause Initial Mark 323M->323M(494M) 16.494ms
[298.610s][info][gc,cpu         ] GC(499) User=0.13s Sys=0.00s Real=0.02s
[298.610s][info][gc             ] GC(499) Concurrent Mark
[298.610s][info][gc,task        ] GC(499) Using 2 workers of 2 for marking
[298.694s][info][gc,start       ] GC(500) Pause Young (Allocation Failure)
[298.695s][info][gc,task        ] GC(500) Using 8 workers of 8 for evacuation
[298.695s][info][gc,start       ] GC(501) Pause Full (Allocation Failure)
[300.122s][info][gc             ] GC(499) Concurrent Mark 1512.212ms
[300.122s][info][gc,cpu         ] GC(499) User=2.47s Sys=0.22s Real=1.53s
[300.123s][info][gc,phases,start] GC(501) Phase 1: Mark live objects
[300.788s][info][gc,phases      ] GC(501) Phase 1: Mark live objects 665.659ms
[300.788s][info][gc,phases,start] GC(501) Phase 2: Compute new object addresses
[301.246s][info][gc,phases      ] GC(501) Phase 2: Compute new object addresses 457.607ms
[301.246s][info][gc,phases,start] GC(501) Phase 3: Adjust pointers
[301.624s][info][gc,phases      ] GC(501) Phase 3: Adjust pointers 377.382ms
[301.624s][info][gc,phases,start] GC(501) Phase 4: Move objects
[301.983s][info][gc,phases      ] GC(501) Phase 4: Move objects 358.737ms
[301.988s][info][gc             ] GC(501) Pause Full (Allocation Failure) 457M->411M(494M) 3293.134ms
[301.988s][info][gc,heap        ] GC(500) ParNew: 157246K->71300K(157248K)
[301.988s][info][gc,heap        ] GC(500) CMS: 311533K->349568K(349568K)
[301.988s][info][gc,metaspace   ] GC(500) Metaspace: 10345K->10345K(27648K)
[301.988s][info][gc             ] GC(500) Pause Young (Allocation Failure) 457M->411M(494M) 3293.725ms
[301.988s][info][gc,cpu         ] GC(500) User=4.03s Sys=0.22s Real=3.29s
[302.018s][info][gc,start       ] GC(502) Pause Full (Allocation Failure)
[302.018s][info][gc,phases,start] GC(502) Phase 1: Mark live objects
[302.028s][info][gc,phases      ] GC(502) Phase 1: Mark live objects 9.645ms
[302.028s][info][gc,phases,start] GC(502) Phase 2: Compute new object addresses
[302.264s][info][gc,phases      ] GC(502) Phase 2: Compute new object addresses 236.036ms
[302.264s][info][gc,phases,start] GC(502) Phase 3: Adjust pointers
[302.268s][info][gc,phases      ] GC(502) Phase 3: Adjust pointers 3.779ms
[302.268s][info][gc,phases,start] GC(502) Phase 4: Move objects
[302.268s][info][gc,phases      ] GC(502) Phase 4: Move objects 0.273ms
[302.270s][info][gc,heap        ] GC(502) ParNew: 123164K->0K(157248K)
[302.270s][info][gc,heap        ] GC(502) CMS: 349568K->1667K(349568K)
[302.270s][info][gc,metaspace   ] GC(502) Metaspace: 10345K->10345K(27648K)
[302.270s][info][gc             ] GC(502) Pause Full (Allocation Failure) 461M->1M(494M) 252.084ms
[302.270s][info][gc,cpu         ] GC(502) User=0.25s Sys=0.00s Real=0.25s
[302.332s][info][gc,start       ] GC(503) Pause Young (Allocation Failure)
[302.332s][info][gc,task        ] GC(503) Using 8 workers of 8 for evacuation
[302.848s][info][gc,heap        ] GC(503) ParNew: 139776K->17472K(157248K)
[302.848s][info][gc,heap        ] GC(503) CMS: 1667K->142681K(349568K)
[302.848s][info][gc,metaspace   ] GC(503) Metaspace: 10345K->10345K(27648K)
[302.848s][info][gc             ] GC(503) Pause Young (Allocation Failure) 138M->156M(494M) 516.425ms
[302.848s][info][gc,cpu         ] GC(503) User=3.27s Sys=0.64s Real=0.51s
[302.915s][info][gc,start       ] GC(504) Pause Young (Allocation Failure)
[302.916s][info][gc,task        ] GC(504) Using 8 workers of 8 for evacuation
[303.325s][info][gc,heap        ] GC(504) ParNew: 157248K->17471K(157248K)
[303.326s][info][gc,heap        ] GC(504) CMS: 142681K->311529K(349568K)
[303.326s][info][gc,metaspace   ] GC(504) Metaspace: 10345K->10345K(27648K)
[303.326s][info][gc             ] GC(504) Pause Young (Allocation Failure) 292M->321M(494M) 410.213ms
[303.326s][info][gc,cpu         ] GC(504) User=2.80s Sys=0.03s Real=0.40s
[303.327s][info][gc,start       ] GC(505) Pause Initial Mark
[303.333s][info][gc             ] GC(505) Pause Initial Mark 323M->323M(494M) 6.700ms
[303.333s][info][gc,cpu         ] GC(505) User=0.11s Sys=0.00s Real=0.01s
[303.334s][info][gc             ] GC(505) Concurrent Mark
[303.334s][info][gc,task        ] GC(505) Using 2 workers of 2 for marking
[303.396s][info][gc,start       ] GC(506) Pause Young (Allocation Failure)
[303.396s][info][gc,task        ] GC(506) Using 8 workers of 8 for evacuation
[303.397s][info][gc,start       ] GC(507) Pause Full (Allocation Failure)
[305.031s][info][gc             ] GC(505) Concurrent Mark 1696.955ms
[305.031s][info][gc,cpu         ] GC(505) User=2.59s Sys=0.27s Real=1.69s
[305.031s][info][gc,phases,start] GC(507) Phase 1: Mark live objects
[305.753s][info][gc,phases      ] GC(507) Phase 1: Mark live objects 721.839ms
[305.753s][info][gc,phases,start] GC(507) Phase 2: Compute new object addresses
[306.221s][info][gc,phases      ] GC(507) Phase 2: Compute new object addresses 467.531ms
[306.221s][info][gc,phases,start] GC(507) Phase 3: Adjust pointers
[306.606s][info][gc,phases      ] GC(507) Phase 3: Adjust pointers 384.283ms
[306.606s][info][gc,phases,start] GC(507) Phase 4: Move objects
[306.965s][info][gc,phases      ] GC(507) Phase 4: Move objects 359.186ms
[306.970s][info][gc             ] GC(507) Pause Full (Allocation Failure) 457M->411M(494M) 3573.101ms
[306.970s][info][gc,heap        ] GC(506) ParNew: 157247K->71302K(157248K)
[306.970s][info][gc,heap        ] GC(506) CMS: 311529K->349567K(349568K)
[306.970s][info][gc,metaspace   ] GC(506) Metaspace: 10345K->10345K(27648K)
[306.970s][info][gc             ] GC(506) Pause Young (Allocation Failure) 457M->411M(494M) 3573.586ms
[306.970s][info][gc,cpu         ] GC(506) User=4.34s Sys=0.27s Real=3.57s
[306.996s][info][gc,start       ] GC(508) Pause Full (Allocation Failure)
[306.996s][info][gc,phases,start] GC(508) Phase 1: Mark live objects
[307.005s][info][gc,phases      ] GC(508) Phase 1: Mark live objects 8.660ms
[307.005s][info][gc,phases,start] GC(508) Phase 2: Compute new object addresses
[307.223s][info][gc,phases      ] GC(508) Phase 2: Compute new object addresses 217.847ms
[307.223s][info][gc,phases,start] GC(508) Phase 3: Adjust pointers
[307.227s][info][gc,phases      ] GC(508) Phase 3: Adjust pointers 3.901ms
[307.227s][info][gc,phases,start] GC(508) Phase 4: Move objects
[307.227s][info][gc,phases      ] GC(508) Phase 4: Move objects 0.294ms
[307.229s][info][gc,heap        ] GC(508) ParNew: 125852K->0K(157248K)
[307.229s][info][gc,heap        ] GC(508) CMS: 349567K->1667K(349568K)
[307.229s][info][gc,metaspace   ] GC(508) Metaspace: 10345K->10345K(27648K)
[307.230s][info][gc             ] GC(508) Pause Full (Allocation Failure) 464M->1M(494M) 233.688ms
[307.230s][info][gc,cpu         ] GC(508) User=0.23s Sys=0.00s Real=0.23s
[307.283s][info][gc,start       ] GC(509) Pause Young (Allocation Failure)
[307.283s][info][gc,task        ] GC(509) Using 8 workers of 8 for evacuation
[307.727s][info][gc,heap        ] GC(509) ParNew: 139776K->17471K(157248K)
[307.727s][info][gc,heap        ] GC(509) CMS: 1667K->142554K(349568K)
[307.727s][info][gc,metaspace   ] GC(509) Metaspace: 10345K->10345K(27648K)
[307.727s][info][gc             ] GC(509) Pause Young (Allocation Failure) 138M->156M(494M) 444.615ms
[307.728s][info][gc,cpu         ] GC(509) User=2.86s Sys=0.61s Real=0.44s
[307.785s][info][gc,start       ] GC(510) Pause Young (Allocation Failure)
[307.785s][info][gc,task        ] GC(510) Using 8 workers of 8 for evacuation
[308.283s][info][gc,heap        ] GC(510) ParNew: 157247K->17470K(157248K)
[308.284s][info][gc,heap        ] GC(510) CMS: 142554K->311535K(349568K)
[308.284s][info][gc,metaspace   ] GC(510) Metaspace: 10345K->10345K(27648K)
[308.284s][info][gc             ] GC(510) Pause Young (Allocation Failure) 292M->321M(494M) 498.762ms
[308.284s][info][gc,cpu         ] GC(510) User=3.38s Sys=0.39s Real=0.51s
[308.285s][info][gc,start       ] GC(511) Pause Initial Mark
[308.296s][info][gc             ] GC(511) Pause Initial Mark 323M->323M(494M) 11.123ms
[308.296s][info][gc,cpu         ] GC(511) User=0.00s Sys=0.00s Real=0.01s
[308.296s][info][gc             ] GC(511) Concurrent Mark
[308.296s][info][gc,task        ] GC(511) Using 2 workers of 2 for marking
[308.359s][info][gc,start       ] GC(512) Pause Young (Allocation Failure)
[308.359s][info][gc,task        ] GC(512) Using 8 workers of 8 for evacuation
[308.359s][info][gc,start       ] GC(513) Pause Full (Allocation Failure)
[310.385s][info][gc             ] GC(511) Concurrent Mark 2088.326ms
[310.385s][info][gc,cpu         ] GC(511) User=3.55s Sys=0.31s Real=2.09s
[310.386s][info][gc,phases,start] GC(513) Phase 1: Mark live objects
[311.129s][info][gc,phases      ] GC(513) Phase 1: Mark live objects 743.100ms
[311.129s][info][gc,phases,start] GC(513) Phase 2: Compute new object addresses
[311.556s][info][gc,phases      ] GC(513) Phase 2: Compute new object addresses 427.371ms
[311.556s][info][gc,phases,start] GC(513) Phase 3: Adjust pointers
[311.945s][info][gc,phases      ] GC(513) Phase 3: Adjust pointers 388.358ms
[311.945s][info][gc,phases,start] GC(513) Phase 4: Move objects
[312.379s][info][gc,phases      ] GC(513) Phase 4: Move objects 434.083ms
[312.387s][info][gc             ] GC(513) Pause Full (Allocation Failure) 457M->411M(494M) 4027.659ms
[312.387s][info][gc,heap        ] GC(512) ParNew: 157246K->71304K(157248K)
[312.387s][info][gc,heap        ] GC(512) CMS: 311535K->349567K(349568K)
[312.387s][info][gc,metaspace   ] GC(512) Metaspace: 10345K->10345K(27648K)
[312.387s][info][gc             ] GC(512) Pause Young (Allocation Failure) 457M->411M(494M) 4028.244ms
[312.387s][info][gc,cpu         ] GC(512) User=5.36s Sys=0.31s Real=4.02s
[312.424s][info][gc,start       ] GC(514) Pause Full (Allocation Failure)
[312.425s][info][gc,phases,start] GC(514) Phase 1: Mark live objects
[312.443s][info][gc,phases      ] GC(514) Phase 1: Mark live objects 17.779ms
[312.443s][info][gc,phases,start] GC(514) Phase 2: Compute new object addresses
[312.707s][info][gc,phases      ] GC(514) Phase 2: Compute new object addresses 263.717ms
[312.707s][info][gc,phases,start] GC(514) Phase 3: Adjust pointers
[312.714s][info][gc,phases      ] GC(514) Phase 3: Adjust pointers 7.308ms
[312.715s][info][gc,phases,start] GC(514) Phase 4: Move objects
[312.715s][info][gc,phases      ] GC(514) Phase 4: Move objects 0.565ms
[312.718s][info][gc,heap        ] GC(514) ParNew: 128545K->0K(157248K)
[312.718s][info][gc,heap        ] GC(514) CMS: 349567K->1667K(349568K)
[312.718s][info][gc,metaspace   ] GC(514) Metaspace: 10345K->10345K(27648K)
[312.719s][info][gc             ] GC(514) Pause Full (Allocation Failure) 466M->1M(494M) 294.188ms
[312.719s][info][gc,cpu         ] GC(514) User=0.30s Sys=0.00s Real=0.29s
[312.763s][info][gc,start       ] GC(515) Pause Young (Allocation Failure)
[312.763s][info][gc,task        ] GC(515) Using 8 workers of 8 for evacuation
[313.298s][info][gc,heap        ] GC(515) ParNew: 139776K->17470K(157248K)
[313.298s][info][gc,heap        ] GC(515) CMS: 1667K->142419K(349568K)
[313.298s][info][gc,metaspace   ] GC(515) Metaspace: 10345K->10345K(27648K)
[313.298s][info][gc             ] GC(515) Pause Young (Allocation Failure) 138M->156M(494M) 535.268ms
[313.299s][info][gc,cpu         ] GC(515) User=3.17s Sys=0.72s Real=0.53s
[313.369s][info][gc,start       ] GC(516) Pause Young (Allocation Failure)
[313.369s][info][gc,task        ] GC(516) Using 8 workers of 8 for evacuation
[313.977s][info][gc,heap        ] GC(516) ParNew: 157246K->17470K(157248K)
[313.977s][info][gc,heap        ] GC(516) CMS: 142419K->311535K(349568K)
[313.977s][info][gc,metaspace   ] GC(516) Metaspace: 10345K->10345K(27648K)
[313.977s][info][gc             ] GC(516) Pause Young (Allocation Failure) 292M->321M(494M) 608.515ms
[313.977s][info][gc,cpu         ] GC(516) User=3.97s Sys=0.14s Real=0.62s
[313.978s][info][gc,start       ] GC(517) Pause Initial Mark
[313.990s][info][gc             ] GC(517) Pause Initial Mark 323M->323M(494M) 11.329ms
[313.990s][info][gc,cpu         ] GC(517) User=0.02s Sys=0.00s Real=0.01s
[313.990s][info][gc             ] GC(517) Concurrent Mark
[313.990s][info][gc,task        ] GC(517) Using 2 workers of 2 for marking
[314.110s][info][gc,start       ] GC(518) Pause Young (Allocation Failure)
[314.110s][info][gc,task        ] GC(518) Using 8 workers of 8 for evacuation
[314.110s][info][gc,start       ] GC(519) Pause Full (Allocation Failure)
[315.638s][info][gc             ] GC(517) Concurrent Mark 1648.380ms
[315.639s][info][gc,cpu         ] GC(517) User=3.02s Sys=0.22s Real=1.64s
[315.639s][info][gc,phases,start] GC(519) Phase 1: Mark live objects
[316.287s][info][gc,phases      ] GC(519) Phase 1: Mark live objects 648.066ms
[316.287s][info][gc,phases,start] GC(519) Phase 2: Compute new object addresses
[316.723s][info][gc,phases      ] GC(519) Phase 2: Compute new object addresses 436.063ms
[316.723s][info][gc,phases,start] GC(519) Phase 3: Adjust pointers
[317.093s][info][gc,phases      ] GC(519) Phase 3: Adjust pointers 369.749ms
[317.093s][info][gc,phases,start] GC(519) Phase 4: Move objects
[317.434s][info][gc,phases      ] GC(519) Phase 4: Move objects 340.681ms
[317.439s][info][gc             ] GC(519) Pause Full (Allocation Failure) 457M->411M(494M) 3328.882ms
[317.439s][info][gc,heap        ] GC(518) ParNew: 157246K->71304K(157248K)
[317.439s][info][gc,heap        ] GC(518) CMS: 311535K->349568K(349568K)
[317.439s][info][gc,metaspace   ] GC(518) Metaspace: 10345K->10345K(27648K)
[317.439s][info][gc             ] GC(518) Pause Young (Allocation Failure) 457M->411M(494M) 3329.330ms
[317.439s][info][gc,cpu         ] GC(518) User=4.44s Sys=0.22s Real=3.32s
[317.464s][info][gc,start       ] GC(520) Pause Full (Allocation Failure)
[317.465s][info][gc,phases,start] GC(520) Phase 1: Mark live objects
[317.474s][info][gc,phases      ] GC(520) Phase 1: Mark live objects 8.646ms
[317.474s][info][gc,phases,start] GC(520) Phase 2: Compute new object addresses
[317.724s][info][gc,phases      ] GC(520) Phase 2: Compute new object addresses 250.744ms
[317.725s][info][gc,phases,start] GC(520) Phase 3: Adjust pointers
[317.728s][info][gc,phases      ] GC(520) Phase 3: Adjust pointers 3.938ms
[317.729s][info][gc,phases,start] GC(520) Phase 4: Move objects
[317.729s][info][gc,phases      ] GC(520) Phase 4: Move objects 0.301ms
[317.731s][info][gc,heap        ] GC(520) ParNew: 131239K->0K(157248K)
[317.731s][info][gc,heap        ] GC(520) CMS: 349568K->1667K(349568K)
[317.731s][info][gc,metaspace   ] GC(520) Metaspace: 10345K->10345K(27648K)
[317.731s][info][gc             ] GC(520) Pause Full (Allocation Failure) 469M->1M(494M) 266.592ms
[317.731s][info][gc,cpu         ] GC(520) User=0.27s Sys=0.00s Real=0.27s
[317.782s][info][gc,start       ] GC(521) Pause Young (Allocation Failure)
[317.782s][info][gc,task        ] GC(521) Using 8 workers of 8 for evacuation
[318.343s][info][gc,heap        ] GC(521) ParNew: 139776K->17470K(157248K)
[318.344s][info][gc,heap        ] GC(521) CMS: 1667K->142287K(349568K)
[318.344s][info][gc,metaspace   ] GC(521) Metaspace: 10363K->10363K(27648K)
[318.344s][info][gc             ] GC(521) Pause Young (Allocation Failure) 138M->156M(494M) 561.624ms
[318.344s][info][gc,cpu         ] GC(521) User=3.38s Sys=0.84s Real=0.57s
[318.423s][info][gc,start       ] GC(522) Pause Young (Allocation Failure)
[318.423s][info][gc,task        ] GC(522) Using 8 workers of 8 for evacuation
[318.944s][info][gc,heap        ] GC(522) ParNew: 157246K->17470K(157248K)
[318.944s][info][gc,heap        ] GC(522) CMS: 142287K->311534K(349568K)
[318.944s][info][gc,metaspace   ] GC(522) Metaspace: 10363K->10363K(27648K)
[318.944s][info][gc             ] GC(522) Pause Young (Allocation Failure) 292M->321M(494M) 521.704ms
[318.944s][info][gc,cpu         ] GC(522) User=3.41s Sys=0.14s Real=0.53s
[318.945s][info][gc,start       ] GC(523) Pause Initial Mark
[318.956s][info][gc             ] GC(523) Pause Initial Mark 323M->323M(494M) 10.392ms
[318.956s][info][gc,cpu         ] GC(523) User=0.00s Sys=0.00s Real=0.00s
[318.956s][info][gc             ] GC(523) Concurrent Mark
[318.956s][info][gc,task        ] GC(523) Using 2 workers of 2 for marking
[319.055s][info][gc,start       ] GC(524) Pause Young (Allocation Failure)
[319.056s][info][gc,task        ] GC(524) Using 8 workers of 8 for evacuation
[319.056s][info][gc,start       ] GC(525) Pause Full (Allocation Failure)
[320.452s][info][gc             ] GC(523) Concurrent Mark 1496.082ms
[320.452s][info][gc,cpu         ] GC(523) User=2.39s Sys=0.22s Real=1.49s
[320.453s][info][gc,phases,start] GC(525) Phase 1: Mark live objects
[321.103s][info][gc,phases      ] GC(525) Phase 1: Mark live objects 650.042ms
[321.103s][info][gc,phases,start] GC(525) Phase 2: Compute new object addresses
[321.559s][info][gc,phases      ] GC(525) Phase 2: Compute new object addresses 456.163ms
[321.560s][info][gc,phases,start] GC(525) Phase 3: Adjust pointers
[321.942s][info][gc,phases      ] GC(525) Phase 3: Adjust pointers 382.128ms
[321.942s][info][gc,phases,start] GC(525) Phase 4: Move objects
[322.288s][info][gc,phases      ] GC(525) Phase 4: Move objects 345.821ms
[322.293s][info][gc             ] GC(525) Pause Full (Allocation Failure) 457M->411M(494M) 3236.957ms
[322.293s][info][gc,heap        ] GC(524) ParNew: 157246K->71304K(157248K)
[322.293s][info][gc,heap        ] GC(524) CMS: 311534K->349567K(349568K)
[322.293s][info][gc,metaspace   ] GC(524) Metaspace: 10363K->10363K(27648K)
[322.293s][info][gc             ] GC(524) Pause Young (Allocation Failure) 457M->411M(494M) 3237.509ms
[322.293s][info][gc,cpu         ] GC(524) User=3.94s Sys=0.23s Real=3.24s
[322.320s][info][gc,start       ] GC(526) Pause Full (Allocation Failure)
[322.321s][info][gc,phases,start] GC(526) Phase 1: Mark live objects
[322.333s][info][gc,phases      ] GC(526) Phase 1: Mark live objects 11.959ms
[322.333s][info][gc,phases,start] GC(526) Phase 2: Compute new object addresses
[322.564s][info][gc,phases      ] GC(526) Phase 2: Compute new object addresses 230.995ms
[322.564s][info][gc,phases,start] GC(526) Phase 3: Adjust pointers
[322.569s][info][gc,phases      ] GC(526) Phase 3: Adjust pointers 4.528ms
[322.569s][info][gc,phases,start] GC(526) Phase 4: Move objects
[322.569s][info][gc,phases      ] GC(526) Phase 4: Move objects 0.509ms
[322.572s][info][gc,heap        ] GC(526) ParNew: 133938K->0K(157248K)
[322.572s][info][gc,heap        ] GC(526) CMS: 349567K->1667K(349568K)
[322.572s][info][gc,metaspace   ] GC(526) Metaspace: 10363K->10363K(27648K)
[322.572s][info][gc             ] GC(526) Pause Full (Allocation Failure) 472M->1M(494M) 251.253ms
[322.572s][info][gc,cpu         ] GC(526) User=0.27s Sys=0.00s Real=0.27s
[322.623s][info][gc,start       ] GC(527) Pause Young (Allocation Failure)
[322.624s][info][gc,task        ] GC(527) Using 8 workers of 8 for evacuation
[323.042s][info][gc,heap        ] GC(527) ParNew: 139776K->17470K(157248K)
[323.042s][info][gc,heap        ] GC(527) CMS: 1667K->142152K(349568K)
[323.042s][info][gc,metaspace   ] GC(527) Metaspace: 10363K->10363K(27648K)
[323.042s][info][gc             ] GC(527) Pause Young (Allocation Failure) 138M->155M(494M) 418.893ms
[323.042s][info][gc,cpu         ] GC(527) User=2.28s Sys=0.58s Real=0.42s
[323.144s][info][gc,start       ] GC(528) Pause Young (Allocation Failure)
[323.144s][info][gc,task        ] GC(528) Using 8 workers of 8 for evacuation
[323.698s][info][gc,heap        ] GC(528) ParNew: 157246K->17472K(157248K)
[323.698s][info][gc,heap        ] GC(528) CMS: 142152K->311530K(349568K)
[323.699s][info][gc,metaspace   ] GC(528) Metaspace: 10363K->10363K(27648K)
[323.699s][info][gc             ] GC(528) Pause Young (Allocation Failure) 292M->321M(494M) 554.720ms
[323.699s][info][gc,cpu         ] GC(528) User=3.72s Sys=0.17s Real=0.56s
[323.699s][info][gc,start       ] GC(529) Pause Initial Mark
[323.709s][info][gc             ] GC(529) Pause Initial Mark 323M->323M(494M) 9.324ms
[323.709s][info][gc,cpu         ] GC(529) User=0.00s Sys=0.00s Real=0.00s
[323.709s][info][gc             ] GC(529) Concurrent Mark
[323.709s][info][gc,task        ] GC(529) Using 2 workers of 2 for marking
[323.820s][info][gc,start       ] GC(530) Pause Young (Allocation Failure)
[323.820s][info][gc,task        ] GC(530) Using 8 workers of 8 for evacuation
[323.821s][info][gc,start       ] GC(531) Pause Full (Allocation Failure)
[325.577s][info][gc             ] GC(529) Concurrent Mark 1868.196ms
[325.577s][info][gc,cpu         ] GC(529) User=3.30s Sys=0.20s Real=1.87s
[325.578s][info][gc,phases,start] GC(531) Phase 1: Mark live objects
[326.257s][info][gc,phases      ] GC(531) Phase 1: Mark live objects 678.964ms
[326.257s][info][gc,phases,start] GC(531) Phase 2: Compute new object addresses
[326.716s][info][gc,phases      ] GC(531) Phase 2: Compute new object addresses 458.755ms
[326.716s][info][gc,phases,start] GC(531) Phase 3: Adjust pointers
[327.171s][info][gc,phases      ] GC(531) Phase 3: Adjust pointers 455.316ms
[327.171s][info][gc,phases,start] GC(531) Phase 4: Move objects
[327.486s][info][gc,phases      ] GC(531) Phase 4: Move objects 314.615ms
[327.491s][info][gc             ] GC(531) Pause Full (Allocation Failure) 457M->411M(494M) 3670.310ms
[327.491s][info][gc,heap        ] GC(530) ParNew: 157248K->71304K(157248K)
[327.491s][info][gc,heap        ] GC(530) CMS: 311530K->349567K(349568K)
[327.491s][info][gc,metaspace   ] GC(530) Metaspace: 10363K->10363K(27648K)
[327.491s][info][gc             ] GC(530) Pause Young (Allocation Failure) 457M->411M(494M) 3670.931ms
[327.491s][info][gc,cpu         ] GC(530) User=4.88s Sys=0.20s Real=3.67s
[327.523s][info][gc,start       ] GC(532) Pause Full (Allocation Failure)
[327.523s][info][gc,phases,start] GC(532) Phase 1: Mark live objects
[327.535s][info][gc,phases      ] GC(532) Phase 1: Mark live objects 11.524ms
[327.535s][info][gc,phases,start] GC(532) Phase 2: Compute new object addresses
[327.785s][info][gc,phases      ] GC(532) Phase 2: Compute new object addresses 250.352ms
[327.785s][info][gc,phases,start] GC(532) Phase 3: Adjust pointers
[327.789s][info][gc,phases      ] GC(532) Phase 3: Adjust pointers 3.563ms
[327.789s][info][gc,phases,start] GC(532) Phase 4: Move objects
[327.789s][info][gc,phases      ] GC(532) Phase 4: Move objects 0.224ms
[327.791s][info][gc,heap        ] GC(532) ParNew: 136641K->0K(157248K)
[327.792s][info][gc,heap        ] GC(532) CMS: 349567K->1667K(349568K)
[327.792s][info][gc,metaspace   ] GC(532) Metaspace: 10363K->10363K(27648K)
[327.792s][info][gc             ] GC(532) Pause Full (Allocation Failure) 474M->1M(494M) 268.876ms
[327.792s][info][gc,cpu         ] GC(532) User=0.28s Sys=0.00s Real=0.28s
[327.848s][info][gc,start       ] GC(533) Pause Young (Allocation Failure)
[327.848s][info][gc,task        ] GC(533) Using 8 workers of 8 for evacuation
[328.297s][info][gc,heap        ] GC(533) ParNew: 139776K->17471K(157248K)
[328.297s][info][gc,heap        ] GC(533) CMS: 1667K->137555K(349568K)
[328.297s][info][gc,metaspace   ] GC(533) Metaspace: 10749K->10749K(27648K)
[328.298s][info][gc             ] GC(533) Pause Young (Allocation Failure) 138M->151M(494M) 449.240ms
[328.298s][info][gc,cpu         ] GC(533) User=2.75s Sys=0.75s Real=0.46s
[328.406s][info][gc,start       ] GC(534) Pause Young (Allocation Failure)
[328.406s][info][gc,task        ] GC(534) Using 8 workers of 8 for evacuation
[328.944s][info][gc,heap        ] GC(534) ParNew: 157247K->17471K(157248K)
[328.944s][info][gc,heap        ] GC(534) CMS: 137555K->306442K(349568K)
[328.944s][info][gc,metaspace   ] GC(534) Metaspace: 11144K->11144K(29696K)
[328.944s][info][gc             ] GC(534) Pause Young (Allocation Failure) 287M->316M(494M) 538.298ms
[328.944s][info][gc,cpu         ] GC(534) User=3.53s Sys=0.20s Real=0.54s
[328.945s][info][gc,start       ] GC(535) Pause Initial Mark
[328.951s][info][gc             ] GC(535) Pause Initial Mark 319M->319M(494M) 6.646ms
[328.952s][info][gc,cpu         ] GC(535) User=0.02s Sys=0.00s Real=0.02s
[328.952s][info][gc             ] GC(535) Concurrent Mark
[328.952s][info][gc,task        ] GC(535) Using 2 workers of 2 for marking
[329.073s][info][gc,start       ] GC(536) Pause Young (Allocation Failure)
[329.074s][info][gc,task        ] GC(536) Using 8 workers of 8 for evacuation
[329.074s][info][gc,start       ] GC(537) Pause Full (Allocation Failure)
[330.636s][info][gc             ] GC(535) Concurrent Mark 1684.521ms
[330.637s][info][gc,cpu         ] GC(535) User=3.11s Sys=0.27s Real=1.68s
[330.637s][info][gc,phases,start] GC(537) Phase 1: Mark live objects
[331.363s][info][gc,phases      ] GC(537) Phase 1: Mark live objects 726.248ms
[331.364s][info][gc,phases,start] GC(537) Phase 2: Compute new object addresses
[331.783s][info][gc,phases      ] GC(537) Phase 2: Compute new object addresses 419.932ms
[331.784s][info][gc,phases,start] GC(537) Phase 3: Adjust pointers
[332.196s][info][gc,phases      ] GC(537) Phase 3: Adjust pointers 412.535ms
[332.196s][info][gc,phases,start] GC(537) Phase 4: Move objects
[332.620s][info][gc,phases      ] GC(537) Phase 4: Move objects 423.108ms
[332.625s][info][gc             ] GC(537) Pause Full (Allocation Failure) 452M->403M(494M) 3551.550ms
[332.625s][info][gc,heap        ] GC(536) ParNew: 157247K->64077K(157248K)
[332.625s][info][gc,heap        ] GC(536) CMS: 306442K->349567K(349568K)
[332.625s][info][gc,metaspace   ] GC(536) Metaspace: 11936K->11936K(29696K)
[332.625s][info][gc             ] GC(536) Pause Young (Allocation Failure) 452M->403M(494M) 3551.997ms
[332.625s][info][gc,cpu         ] GC(536) User=4.58s Sys=0.22s Real=3.56s
[332.676s][info][gc,start       ] GC(538) Pause Full (Allocation Failure)
[332.677s][info][gc,phases,start] GC(538) Phase 1: Mark live objects
[332.692s][info][gc,phases      ] GC(538) Phase 1: Mark live objects 15.643ms
[332.692s][info][gc,phases,start] GC(538) Phase 2: Compute new object addresses
[332.989s][info][gc,phases      ] GC(538) Phase 2: Compute new object addresses 297.084ms
[332.990s][info][gc,phases,start] GC(538) Phase 3: Adjust pointers
[332.995s][info][gc,phases      ] GC(538) Phase 3: Adjust pointers 5.202ms
[332.995s][info][gc,phases,start] GC(538) Phase 4: Move objects
[332.996s][info][gc,phases      ] GC(538) Phase 4: Move objects 1.067ms
[332.998s][info][gc,heap        ] GC(538) ParNew: 139932K->0K(157248K)
[332.998s][info][gc,heap        ] GC(538) CMS: 349567K->2201K(349568K)
[332.998s][info][gc,metaspace   ] GC(538) Metaspace: 12313K->12313K(29696K)
[332.998s][info][gc             ] GC(538) Pause Full (Allocation Failure) 478M->2M(494M) 321.936ms
[332.998s][info][gc,cpu         ] GC(538) User=0.34s Sys=0.00s Real=0.33s
[333.045s][info][gc,start       ] GC(539) Pause Young (Allocation Failure)
[333.045s][info][gc,task        ] GC(539) Using 8 workers of 8 for evacuation
[333.561s][info][gc,heap        ] GC(539) ParNew: 139776K->17470K(157248K)
[333.561s][info][gc,heap        ] GC(539) CMS: 2201K->141113K(349568K)
[333.561s][info][gc,metaspace   ] GC(539) Metaspace: 12441K->12441K(29696K)
[333.561s][info][gc             ] GC(539) Pause Young (Allocation Failure) 138M->154M(494M) 516.182ms
[333.561s][info][gc,cpu         ] GC(539) User=3.14s Sys=0.52s Real=0.51s
[333.685s][info][gc,start       ] GC(540) Pause Young (Allocation Failure)
[333.685s][info][gc,task        ] GC(540) Using 8 workers of 8 for evacuation
[334.399s][info][gc,heap        ] GC(540) ParNew: 157246K->17470K(157248K)
[334.402s][info][gc,heap        ] GC(540) CMS: 141113K->305554K(349568K)
[334.402s][info][gc,metaspace   ] GC(540) Metaspace: 12565K->12565K(29696K)
[334.403s][info][gc             ] GC(540) Pause Young (Allocation Failure) 291M->315M(494M) 717.984ms
[334.403s][info][gc,cpu         ] GC(540) User=3.44s Sys=0.13s Real=0.74s
[334.405s][info][gc,start       ] GC(541) Pause Initial Mark
[334.430s][info][gc             ] GC(541) Pause Initial Mark 317M->317M(494M) 25.091ms
[334.430s][info][gc,cpu         ] GC(541) User=0.05s Sys=0.00s Real=0.01s
[334.430s][info][gc             ] GC(541) Concurrent Mark
[334.430s][info][gc,task        ] GC(541) Using 2 workers of 2 for marking
[334.713s][info][gc,start       ] GC(542) Pause Young (Allocation Failure)
[334.713s][info][gc,task        ] GC(542) Using 8 workers of 8 for evacuation
[334.714s][info][gc,start       ] GC(543) Pause Full (Allocation Failure)
[335.070s][info][gc             ] GC(541) Concurrent Mark 639.561ms
[335.070s][info][gc,cpu         ] GC(541) User=1.38s Sys=0.03s Real=0.64s
[335.070s][info][gc,phases,start] GC(543) Phase 1: Mark live objects
[335.716s][info][gc,phases      ] GC(543) Phase 1: Mark live objects 646.127ms
[335.717s][info][gc,phases,start] GC(543) Phase 2: Compute new object addresses
[336.179s][info][gc,phases      ] GC(543) Phase 2: Compute new object addresses 462.657ms
[336.180s][info][gc,phases,start] GC(543) Phase 3: Adjust pointers
[336.628s][info][gc,phases      ] GC(543) Phase 3: Adjust pointers 448.694ms
[336.629s][info][gc,phases,start] GC(543) Phase 4: Move objects
[337.005s][info][gc,phases      ] GC(543) Phase 4: Move objects 376.454ms
[337.010s][info][gc             ] GC(543) Pause Full (Allocation Failure) 451M->405M(494M) 2296.968ms
[337.011s][info][gc,heap        ] GC(542) ParNew: 157246K->65252K(157248K)
[337.011s][info][gc,heap        ] GC(542) CMS: 305554K->349567K(349568K)
[337.011s][info][gc,metaspace   ] GC(542) Metaspace: 12996K->12996K(29696K)
[337.011s][info][gc             ] GC(542) Pause Young (Allocation Failure) 451M->405M(494M) 2297.753ms
[337.011s][info][gc,cpu         ] GC(542) User=2.59s Sys=0.00s Real=2.30s
[337.142s][info][gc,start       ] GC(544) Pause Full (Allocation Failure)
[337.142s][info][gc,phases,start] GC(544) Phase 1: Mark live objects
[337.155s][info][gc,phases      ] GC(544) Phase 1: Mark live objects 12.936ms
[337.155s][info][gc,phases,start] GC(544) Phase 2: Compute new object addresses
[337.441s][info][gc,phases      ] GC(544) Phase 2: Compute new object addresses 285.763ms
[337.441s][info][gc,phases,start] GC(544) Phase 3: Adjust pointers
[337.451s][info][gc,phases      ] GC(544) Phase 3: Adjust pointers 10.204ms
[337.451s][info][gc,phases,start] GC(544) Phase 4: Move objects
[337.455s][info][gc,phases      ] GC(544) Phase 4: Move objects 3.136ms
[337.458s][info][gc,heap        ] GC(544) ParNew: 144102K->0K(157248K)
[337.458s][info][gc,heap        ] GC(544) CMS: 349567K->2656K(349568K)
[337.458s][info][gc,metaspace   ] GC(544) Metaspace: 13301K->13301K(29696K)
[337.458s][info][gc             ] GC(544) Pause Full (Allocation Failure) 482M->2M(494M) 316.070ms
[337.458s][info][gc,cpu         ] GC(544) User=0.33s Sys=0.00s Real=0.32s
[337.500s][info][gc,start       ] GC(545) Pause Young (Allocation Failure)
[337.500s][info][gc,task        ] GC(545) Using 8 workers of 8 for evacuation
[337.984s][info][gc,heap        ] GC(545) ParNew: 139776K->17470K(157248K)
[337.984s][info][gc,heap        ] GC(545) CMS: 2656K->141682K(349568K)
[337.984s][info][gc,metaspace   ] GC(545) Metaspace: 13340K->13340K(29696K)
[337.984s][info][gc             ] GC(545) Pause Young (Allocation Failure) 139M->155M(494M) 483.522ms
[337.984s][info][gc,cpu         ] GC(545) User=2.88s Sys=0.64s Real=0.49s
[338.155s][info][gc,start       ] GC(546) Pause Young (Allocation Failure)
[338.155s][info][gc,task        ] GC(546) Using 8 workers of 8 for evacuation
[338.907s][info][gc,heap        ] GC(546) ParNew: 157246K->17470K(157248K)
[338.907s][info][gc,heap        ] GC(546) CMS: 141682K->310755K(349568K)
[338.907s][info][gc,metaspace   ] GC(546) Metaspace: 13377K->13377K(31744K)
[338.907s][info][gc             ] GC(546) Pause Young (Allocation Failure) 291M->320M(494M) 752.496ms
[338.907s][info][gc,cpu         ] GC(546) User=3.41s Sys=0.09s Real=0.75s
[338.910s][info][gc,start       ] GC(547) Pause Initial Mark
[338.919s][info][gc             ] GC(547) Pause Initial Mark 323M->323M(494M) 9.606ms
[338.919s][info][gc,cpu         ] GC(547) User=0.09s Sys=0.00s Real=0.01s
[338.920s][info][gc             ] GC(547) Concurrent Mark
[338.920s][info][gc,task        ] GC(547) Using 2 workers of 2 for marking
[339.069s][info][gc,start       ] GC(548) Pause Young (Allocation Failure)
[339.069s][info][gc,task        ] GC(548) Using 8 workers of 8 for evacuation
[339.069s][info][gc,start       ] GC(549) Pause Full (Allocation Failure)
[340.736s][info][gc             ] GC(547) Concurrent Mark 1816.266ms
[340.736s][info][gc,cpu         ] GC(547) User=2.98s Sys=0.48s Real=1.82s
[340.737s][info][gc,phases,start] GC(549) Phase 1: Mark live objects
[341.530s][info][gc,phases      ] GC(549) Phase 1: Mark live objects 793.294ms
[341.530s][info][gc,phases,start] GC(549) Phase 2: Compute new object addresses
[341.983s][info][gc,phases      ] GC(549) Phase 2: Compute new object addresses 452.953ms
[341.983s][info][gc,phases,start] GC(549) Phase 3: Adjust pointers
[342.360s][info][gc,phases      ] GC(549) Phase 3: Adjust pointers 376.481ms
[342.360s][info][gc,phases,start] GC(549) Phase 4: Move objects
[342.704s][info][gc,phases      ] GC(549) Phase 4: Move objects 343.720ms
[342.709s][info][gc             ] GC(549) Pause Full (Allocation Failure) 457M->409M(494M) 3639.604ms
[342.709s][info][gc,heap        ] GC(548) ParNew: 157246K->70177K(157248K)
[342.709s][info][gc,heap        ] GC(548) CMS: 310755K->349567K(349568K)
[342.709s][info][gc,metaspace   ] GC(548) Metaspace: 13401K->13401K(31744K)
[342.709s][info][gc             ] GC(548) Pause Young (Allocation Failure) 457M->409M(494M) 3640.174ms
[342.709s][info][gc,cpu         ] GC(548) User=4.42s Sys=0.36s Real=3.63s
[342.900s][info][gc,start       ] GC(550) Pause Full (Allocation Failure)
[342.901s][info][gc,phases,start] GC(550) Phase 1: Mark live objects
[342.925s][info][gc,phases      ] GC(550) Phase 1: Mark live objects 24.083ms
[342.925s][info][gc,phases,start] GC(550) Phase 2: Compute new object addresses
[343.201s][info][gc,phases      ] GC(550) Phase 2: Compute new object addresses 276.387ms
[343.202s][info][gc,phases,start] GC(550) Phase 3: Adjust pointers
[343.207s][info][gc,phases      ] GC(550) Phase 3: Adjust pointers 5.851ms
[343.207s][info][gc,phases,start] GC(550) Phase 4: Move objects
[343.209s][info][gc,phases      ] GC(550) Phase 4: Move objects 1.431ms
[343.211s][info][gc,heap        ] GC(550) ParNew: 146894K->0K(157248K)
[343.211s][info][gc,heap        ] GC(550) CMS: 349567K->2769K(349568K)
[343.211s][info][gc,metaspace   ] GC(550) Metaspace: 13472K->13472K(31744K)
[343.211s][info][gc             ] GC(550) Pause Full (Allocation Failure) 484M->2M(494M) 310.497ms
[343.211s][info][gc,cpu         ] GC(550) User=0.44s Sys=0.03s Real=0.31s
[343.290s][info][gc,start       ] GC(551) Pause Young (Allocation Failure)
[343.291s][info][gc,task        ] GC(551) Using 8 workers of 8 for evacuation
[343.799s][info][gc,heap        ] GC(551) ParNew: 139776K->17470K(157248K)
[343.799s][info][gc,heap        ] GC(551) CMS: 2769K->141283K(349568K)
[343.799s][info][gc,metaspace   ] GC(551) Metaspace: 13607K->13607K(31744K)
[343.799s][info][gc             ] GC(551) Pause Young (Allocation Failure) 139M->155M(494M) 508.616ms
[343.799s][info][gc,cpu         ] GC(551) User=2.70s Sys=1.06s Real=0.51s
[343.916s][info][gc,start       ] GC(552) Pause Young (Allocation Failure)
[343.916s][info][gc,task        ] GC(552) Using 8 workers of 8 for evacuation
[344.420s][info][gc,heap        ] GC(552) ParNew: 157246K->17470K(157248K)
[344.420s][info][gc,heap        ] GC(552) CMS: 141283K->310723K(349568K)
[344.420s][info][gc,metaspace   ] GC(552) Metaspace: 13607K->13607K(31744K)
[344.421s][info][gc             ] GC(552) Pause Young (Allocation Failure) 291M->320M(494M) 504.277ms
[344.421s][info][gc,cpu         ] GC(552) User=3.52s Sys=0.03s Real=0.49s
[344.421s][info][gc,start       ] GC(553) Pause Initial Mark
[344.430s][info][gc             ] GC(553) Pause Initial Mark 323M->323M(494M) 8.629ms
[344.430s][info][gc,cpu         ] GC(553) User=0.09s Sys=0.00s Real=0.01s
[344.430s][info][gc             ] GC(553) Concurrent Mark
[344.430s][info][gc,task        ] GC(553) Using 2 workers of 2 for marking
[344.538s][info][gc,start       ] GC(554) Pause Young (Allocation Failure)
[344.538s][info][gc,task        ] GC(554) Using 8 workers of 8 for evacuation
[344.538s][info][gc,start       ] GC(555) Pause Full (Allocation Failure)
[346.180s][info][gc             ] GC(553) Concurrent Mark 1749.637ms
[346.180s][info][gc,cpu         ] GC(553) User=3.38s Sys=0.09s Real=1.76s
[346.181s][info][gc,phases,start] GC(555) Phase 1: Mark live objects
[347.019s][info][gc,phases      ] GC(555) Phase 1: Mark live objects 838.719ms
[347.019s][info][gc,phases,start] GC(555) Phase 2: Compute new object addresses
[347.470s][info][gc,phases      ] GC(555) Phase 2: Compute new object addresses 450.485ms
[347.470s][info][gc,phases,start] GC(555) Phase 3: Adjust pointers
[347.916s][info][gc,phases      ] GC(555) Phase 3: Adjust pointers 446.299ms
[347.917s][info][gc,phases,start] GC(555) Phase 4: Move objects
[348.239s][info][gc,phases      ] GC(555) Phase 4: Move objects 322.670ms
[348.245s][info][gc             ] GC(555) Pause Full (Allocation Failure) 457M->410M(494M) 3706.632ms
[348.245s][info][gc,heap        ] GC(554) ParNew: 157246K->70338K(157248K)
[348.245s][info][gc,heap        ] GC(554) CMS: 310723K->349567K(349568K)
[348.245s][info][gc,metaspace   ] GC(554) Metaspace: 13625K->13625K(31744K)
[348.245s][info][gc             ] GC(554) Pause Young (Allocation Failure) 457M->410M(494M) 3707.192ms
[348.245s][info][gc,cpu         ] GC(554) User=4.98s Sys=0.08s Real=3.71s
[348.628s][info][gc,start       ] GC(556) Pause Full (Allocation Failure)
[348.628s][info][gc,phases,start] GC(556) Phase 1: Mark live objects
[348.644s][info][gc,phases      ] GC(556) Phase 1: Mark live objects 15.624ms
[348.644s][info][gc,phases,start] GC(556) Phase 2: Compute new object addresses
[348.966s][info][gc,phases      ] GC(556) Phase 2: Compute new object addresses 321.918ms
[348.966s][info][gc,phases,start] GC(556) Phase 3: Adjust pointers
[348.973s][info][gc,phases      ] GC(556) Phase 3: Adjust pointers 6.741ms
[348.973s][info][gc,phases,start] GC(556) Phase 4: Move objects
[348.975s][info][gc,phases      ] GC(556) Phase 4: Move objects 1.925ms
[348.977s][info][gc,heap        ] GC(556) ParNew: 149938K->0K(157248K)
[348.977s][info][gc,heap        ] GC(556) CMS: 349567K->2906K(349568K)
[348.977s][info][gc,metaspace   ] GC(556) Metaspace: 14102K->14102K(31744K)
[348.977s][info][gc             ] GC(556) Pause Full (Allocation Failure) 487M->2M(494M) 349.630ms
[348.977s][info][gc,cpu         ] GC(556) User=0.36s Sys=0.03s Real=0.35s
[349.021s][info][gc,start       ] GC(557) Pause Young (Allocation Failure)
[349.021s][info][gc,task        ] GC(557) Using 8 workers of 8 for evacuation
[349.540s][info][gc,heap        ] GC(557) ParNew: 139776K->17472K(157248K)
[349.540s][info][gc,heap        ] GC(557) CMS: 2906K->137812K(349568K)
[349.540s][info][gc,metaspace   ] GC(557) Metaspace: 14253K->14253K(31744K)
[349.540s][info][gc             ] GC(557) Pause Young (Allocation Failure) 139M->151M(494M) 519.262ms
[349.541s][info][gc,cpu         ] GC(557) User=3.27s Sys=0.61s Real=0.52s
[349.713s][info][gc,start       ] GC(558) Pause Young (Allocation Failure)
[349.713s][info][gc,task        ] GC(558) Using 8 workers of 8 for evacuation
[350.301s][info][gc,heap        ] GC(558) ParNew: 157248K->17471K(157248K)
[350.301s][info][gc,heap        ] GC(558) CMS: 137812K->304220K(349568K)
[350.301s][info][gc,metaspace   ] GC(558) Metaspace: 14450K->14450K(31744K)
[350.301s][info][gc             ] GC(558) Pause Young (Allocation Failure) 288M->314M(494M) 588.240ms
[350.301s][info][gc,cpu         ] GC(558) User=2.92s Sys=0.25s Real=0.58s
[350.302s][info][gc,start       ] GC(559) Pause Initial Mark
[350.311s][info][gc             ] GC(559) Pause Initial Mark 317M->317M(494M) 8.770ms
[350.311s][info][gc,cpu         ] GC(559) User=0.11s Sys=0.00s Real=0.01s
[350.311s][info][gc             ] GC(559) Concurrent Mark
[350.311s][info][gc,task        ] GC(559) Using 2 workers of 2 for marking
[350.601s][info][gc,start       ] GC(560) Pause Young (Allocation Failure)
[350.602s][info][gc,task        ] GC(560) Using 8 workers of 8 for evacuation
[350.602s][info][gc,start       ] GC(561) Pause Full (Allocation Failure)
[352.421s][info][gc             ] GC(559) Concurrent Mark 2109.889ms
[352.422s][info][gc,cpu         ] GC(559) User=4.64s Sys=0.19s Real=2.11s
[352.425s][info][gc,phases,start] GC(561) Phase 1: Mark live objects
[353.261s][info][gc,phases      ] GC(561) Phase 1: Mark live objects 836.085ms
[353.261s][info][gc,phases,start] GC(561) Phase 2: Compute new object addresses
[353.641s][info][gc,phases      ] GC(561) Phase 2: Compute new object addresses 380.038ms
[353.641s][info][gc,phases,start] GC(561) Phase 3: Adjust pointers
[354.011s][info][gc,phases      ] GC(561) Phase 3: Adjust pointers 369.886ms
[354.011s][info][gc,phases,start] GC(561) Phase 4: Move objects
[354.355s][info][gc,phases      ] GC(561) Phase 4: Move objects 343.855ms
[354.359s][info][gc             ] GC(561) Pause Full (Allocation Failure) 450M->402M(494M) 3757.609ms
[354.359s][info][gc,heap        ] GC(560) ParNew: 157247K->62812K(157248K)
[354.360s][info][gc,heap        ] GC(560) CMS: 304220K->349567K(349568K)
[354.360s][info][gc,metaspace   ] GC(560) Metaspace: 14558K->14558K(31744K)
[354.360s][info][gc             ] GC(560) Pause Young (Allocation Failure) 450M->402M(494M) 3758.179ms
[354.360s][info][gc,cpu         ] GC(560) User=5.36s Sys=0.14s Real=3.77s
[354.659s][info][gc,start       ] GC(562) Pause Full (Allocation Failure)
[354.659s][info][gc,phases,start] GC(562) Phase 1: Mark live objects
[354.683s][info][gc,phases      ] GC(562) Phase 1: Mark live objects 23.430ms
[354.683s][info][gc,phases,start] GC(562) Phase 2: Compute new object addresses
[354.987s][info][gc,phases      ] GC(562) Phase 2: Compute new object addresses 303.609ms
[354.987s][info][gc,phases,start] GC(562) Phase 3: Adjust pointers
[354.995s][info][gc,phases      ] GC(562) Phase 3: Adjust pointers 7.856ms
[354.995s][info][gc,phases,start] GC(562) Phase 4: Move objects
[354.995s][info][gc,phases      ] GC(562) Phase 4: Move objects 0.699ms
[354.998s][info][gc,heap        ] GC(562) ParNew: 152603K->0K(157248K)
[354.998s][info][gc,heap        ] GC(562) CMS: 349567K->3168K(349568K)
[354.998s][info][gc,metaspace   ] GC(562) Metaspace: 14611K->14611K(31744K)
[354.998s][info][gc             ] GC(562) Pause Full (Allocation Failure) 490M->3M(494M) 339.327ms
[354.998s][info][gc,cpu         ] GC(562) User=0.34s Sys=0.00s Real=0.34s
[355.051s][info][gc,start       ] GC(563) Pause Young (Allocation Failure)
[355.051s][info][gc,task        ] GC(563) Using 8 workers of 8 for evacuation
[355.578s][info][gc,heap        ] GC(563) ParNew: 139776K->17471K(157248K)
[355.578s][info][gc,heap        ] GC(563) CMS: 3168K->142350K(349568K)
[355.578s][info][gc,metaspace   ] GC(563) Metaspace: 14611K->14611K(31744K)
[355.579s][info][gc             ] GC(563) Pause Young (Allocation Failure) 139M->156M(494M) 527.791ms
[355.579s][info][gc,cpu         ] GC(563) User=3.53s Sys=0.31s Real=0.52s
[355.672s][info][gc,start       ] GC(564) Pause Young (Allocation Failure)
[355.672s][info][gc,task        ] GC(564) Using 8 workers of 8 for evacuation
[356.205s][info][gc,heap        ] GC(564) ParNew: 157247K->17470K(157248K)
[356.205s][info][gc,heap        ] GC(564) CMS: 142350K->312113K(349568K)
[356.205s][info][gc,metaspace   ] GC(564) Metaspace: 14617K->14617K(31744K)
[356.205s][info][gc             ] GC(564) Pause Young (Allocation Failure) 292M->321M(494M) 533.513ms
[356.205s][info][gc,cpu         ] GC(564) User=3.77s Sys=0.14s Real=0.54s
[356.210s][info][gc,start       ] GC(565) Pause Initial Mark
[356.217s][info][gc             ] GC(565) Pause Initial Mark 324M->324M(494M) 7.499ms
[356.218s][info][gc,cpu         ] GC(565) User=0.00s Sys=0.00s Real=0.00s
[356.218s][info][gc             ] GC(565) Concurrent Mark
[356.218s][info][gc,task        ] GC(565) Using 2 workers of 2 for marking
[356.324s][info][gc,start       ] GC(566) Pause Young (Allocation Failure)
[356.324s][info][gc,task        ] GC(566) Using 8 workers of 8 for evacuation
[356.324s][info][gc,start       ] GC(567) Pause Full (Allocation Failure)
[358.310s][info][gc             ] GC(565) Concurrent Mark 2091.878ms
[358.310s][info][gc,cpu         ] GC(565) User=3.70s Sys=0.25s Real=2.09s
[358.311s][info][gc,phases,start] GC(567) Phase 1: Mark live objects
[359.446s][info][gc,phases      ] GC(567) Phase 1: Mark live objects 1134.750ms
[359.446s][info][gc,phases,start] GC(567) Phase 2: Compute new object addresses
[359.954s][info][gc,phases      ] GC(567) Phase 2: Compute new object addresses 508.427ms
[359.954s][info][gc,phases,start] GC(567) Phase 3: Adjust pointers
[360.407s][info][gc,phases      ] GC(567) Phase 3: Adjust pointers 452.763ms
[360.407s][info][gc,phases,start] GC(567) Phase 4: Move objects
[360.877s][info][gc,phases      ] GC(567) Phase 4: Move objects 470.036ms
[360.884s][info][gc             ] GC(567) Pause Full (Allocation Failure) 458M->411M(494M) 4559.478ms
[360.884s][info][gc,heap        ] GC(566) ParNew: 157246K->71756K(157248K)
[360.884s][info][gc,heap        ] GC(566) CMS: 312113K->349568K(349568K)
[360.884s][info][gc,metaspace   ] GC(566) Metaspace: 14618K->14618K(31744K)
[360.884s][info][gc             ] GC(566) Pause Young (Allocation Failure) 458M->411M(494M) 4560.010ms
[360.884s][info][gc,cpu         ] GC(566) User=5.88s Sys=0.23s Real=4.57s
[361.174s][info][gc,start       ] GC(568) Pause Full (Allocation Failure)
[361.176s][info][gc,phases,start] GC(568) Phase 1: Mark live objects
[361.197s][info][gc,phases      ] GC(568) Phase 1: Mark live objects 20.462ms
[361.197s][info][gc,phases,start] GC(568) Phase 2: Compute new object addresses
[361.513s][info][gc,phases      ] GC(568) Phase 2: Compute new object addresses 316.481ms
[361.514s][info][gc,phases,start] GC(568) Phase 3: Adjust pointers
[361.524s][info][gc,phases      ] GC(568) Phase 3: Adjust pointers 10.157ms
[361.524s][info][gc,phases,start] GC(568) Phase 4: Move objects
[361.526s][info][gc,phases      ] GC(568) Phase 4: Move objects 2.257ms
[361.530s][info][gc,heap        ] GC(568) ParNew: 154700K->0K(157248K)
[361.531s][info][gc,heap        ] GC(568) CMS: 349568K->3226K(349568K)
[361.531s][info][gc,metaspace   ] GC(568) Metaspace: 14650K->14650K(31744K)
[361.531s][info][gc             ] GC(568) Pause Full (Allocation Failure) 492M->3M(494M) 356.165ms
[361.531s][info][gc,cpu         ] GC(568) User=0.36s Sys=0.00s Real=0.36s
[361.584s][info][gc,start       ] GC(569) Pause Young (Allocation Failure)
[361.585s][info][gc,task        ] GC(569) Using 8 workers of 8 for evacuation
[362.132s][info][gc,heap        ] GC(569) ParNew: 139776K->17470K(157248K)
[362.133s][info][gc,heap        ] GC(569) CMS: 3226K->142512K(349568K)
[362.133s][info][gc,metaspace   ] GC(569) Metaspace: 14656K->14656K(31744K)
[362.133s][info][gc             ] GC(569) Pause Young (Allocation Failure) 139M->156M(494M) 548.594ms
[362.133s][info][gc,cpu         ] GC(569) User=3.20s Sys=0.78s Real=0.56s
[362.205s][info][gc,start       ] GC(570) Pause Young (Allocation Failure)
[362.205s][info][gc,task        ] GC(570) Using 8 workers of 8 for evacuation
[362.635s][info][gc,heap        ] GC(570) ParNew: 157246K->17470K(157248K)
[362.635s][info][gc,heap        ] GC(570) CMS: 142512K->312804K(349568K)
[362.635s][info][gc,metaspace   ] GC(570) Metaspace: 14657K->14657K(31744K)
[362.635s][info][gc             ] GC(570) Pause Young (Allocation Failure) 292M->322M(494M) 430.035ms
[362.635s][info][gc,cpu         ] GC(570) User=2.91s Sys=0.13s Real=0.44s
[362.636s][info][gc,start       ] GC(571) Pause Initial Mark
[362.642s][info][gc             ] GC(571) Pause Initial Mark 325M->325M(494M) 6.291ms
[362.642s][info][gc,cpu         ] GC(571) User=0.09s Sys=0.00s Real=0.01s
[362.642s][info][gc             ] GC(571) Concurrent Mark
[362.642s][info][gc,task        ] GC(571) Using 2 workers of 2 for marking
[362.703s][info][gc,start       ] GC(572) Pause Young (Allocation Failure)
[362.703s][info][gc,task        ] GC(572) Using 8 workers of 8 for evacuation
[362.703s][info][gc,start       ] GC(573) Pause Full (Allocation Failure)
[364.320s][info][gc             ] GC(571) Concurrent Mark 1677.521ms
[364.320s][info][gc,cpu         ] GC(571) User=3.16s Sys=0.00s Real=1.68s
[364.321s][info][gc,phases,start] GC(573) Phase 1: Mark live objects
[365.097s][info][gc,phases      ] GC(573) Phase 1: Mark live objects 776.172ms
[365.097s][info][gc,phases,start] GC(573) Phase 2: Compute new object addresses
[365.712s][info][gc,phases      ] GC(573) Phase 2: Compute new object addresses 614.763ms
[365.712s][info][gc,phases,start] GC(573) Phase 3: Adjust pointers
[366.186s][info][gc,phases      ] GC(573) Phase 3: Adjust pointers 474.280ms
[366.187s][info][gc,phases,start] GC(573) Phase 4: Move objects
[366.598s][info][gc,phases      ] GC(573) Phase 4: Move objects 411.377ms
[366.604s][info][gc             ] GC(573) Pause Full (Allocation Failure) 459M->412M(494M) 3901.091ms
[366.604s][info][gc,heap        ] GC(572) ParNew: 157246K->72444K(157248K)
[366.604s][info][gc,heap        ] GC(572) CMS: 312804K->349567K(349568K)
[366.605s][info][gc,metaspace   ] GC(572) Metaspace: 14661K->14661K(31744K)
[366.605s][info][gc             ] GC(572) Pause Young (Allocation Failure) 459M->412M(494M) 3901.614ms
[366.605s][info][gc,cpu         ] GC(572) User=5.27s Sys=0.00s Real=3.90s
[366.977s][info][gc,start       ] GC(574) Pause Full (Allocation Failure)
[366.978s][info][gc,phases,start] GC(574) Phase 1: Mark live objects
[367.665s][info][gc,phases      ] GC(574) Phase 1: Mark live objects 687.515ms
[367.665s][info][gc,phases,start] GC(574) Phase 2: Compute new object addresses
[368.082s][info][gc,phases      ] GC(574) Phase 2: Compute new object addresses 416.747ms
[368.082s][info][gc,phases,start] GC(574) Phase 3: Adjust pointers
[368.499s][info][gc,phases      ] GC(574) Phase 3: Adjust pointers 416.979ms
[368.499s][info][gc,phases,start] GC(574) Phase 4: Move objects
[368.918s][info][gc,phases      ] GC(574) Phase 4: Move objects 418.557ms
[368.921s][info][gc,heap        ] GC(574) ParNew: 157248K->156296K(157248K)
[368.921s][info][gc,heap        ] GC(574) CMS: 349567K->349567K(349568K)
[368.921s][info][gc,metaspace   ] GC(574) Metaspace: 14676K->14676K(31744K)
[368.921s][info][gc             ] GC(574) Pause Full (Allocation Failure) 494M->494M(494M) 1944.518ms
[368.921s][info][gc,cpu         ] GC(574) User=1.94s Sys=0.00s Real=1.95s
[368.922s][info][gc,start       ] GC(575) Pause Initial Mark
[369.173s][info][gc             ] GC(575) Pause Initial Mark 494M->494M(494M) 251.003ms
[369.174s][info][gc,cpu         ] GC(575) User=0.28s Sys=0.00s Real=0.25s
[369.174s][info][gc             ] GC(575) Concurrent Mark
[369.174s][info][gc,task        ] GC(575) Using 2 workers of 2 for marking
[369.519s][info][gc,start       ] GC(576) Pause Full (Allocation Failure)
[370.121s][info][gc             ] GC(575) Concurrent Mark 947.409ms
[370.121s][info][gc,cpu         ] GC(575) User=1.56s Sys=0.00s Real=0.95s
[370.122s][info][gc,phases,start] GC(576) Phase 1: Mark live objects
[370.142s][info][gc,phases      ] GC(576) Phase 1: Mark live objects 20.295ms
[370.142s][info][gc,phases,start] GC(576) Phase 2: Compute new object addresses
[370.468s][info][gc,phases      ] GC(576) Phase 2: Compute new object addresses 325.527ms
[370.468s][info][gc,phases,start] GC(576) Phase 3: Adjust pointers
[370.475s][info][gc,phases      ] GC(576) Phase 3: Adjust pointers 6.955ms
[370.475s][info][gc,phases,start] GC(576) Phase 4: Move objects
[370.476s][info][gc,phases      ] GC(576) Phase 4: Move objects 1.016ms
[370.481s][info][gc,heap        ] GC(576) ParNew: 157025K->0K(157248K)
[370.481s][info][gc,heap        ] GC(576) CMS: 349567K->2835K(349568K)
[370.481s][info][gc,metaspace   ] GC(576) Metaspace: 14691K->14691K(31744K)
[370.482s][info][gc             ] GC(576) Pause Full (Allocation Failure) 494M->2M(494M) 963.099ms
[370.482s][info][gc,cpu         ] GC(576) User=1.55s Sys=0.00s Real=0.97s
[370.554s][info][gc,start       ] GC(577) Pause Young (Allocation Failure)
[370.554s][info][gc,task        ] GC(577) Using 8 workers of 8 for evacuation
[371.146s][info][gc,heap        ] GC(577) ParNew: 139776K->17470K(157248K)
[371.146s][info][gc,heap        ] GC(577) CMS: 2835K->141904K(349568K)
[371.146s][info][gc,metaspace   ] GC(577) Metaspace: 14359K->14359K(31744K)
[371.146s][info][gc             ] GC(577) Pause Young (Allocation Failure) 139M->155M(494M) 592.354ms
[371.147s][info][gc,cpu         ] GC(577) User=3.61s Sys=0.63s Real=0.61s
[371.252s][info][gc,start       ] GC(578) Pause Young (Allocation Failure)
[371.252s][info][gc,task        ] GC(578) Using 8 workers of 8 for evacuation
[371.930s][info][gc,heap        ] GC(578) ParNew: 157246K->17470K(157248K)
[371.930s][info][gc,heap        ] GC(578) CMS: 141904K->312111K(349568K)
[371.930s][info][gc,metaspace   ] GC(578) Metaspace: 14360K->14360K(31744K)
[371.930s][info][gc             ] GC(578) Pause Young (Allocation Failure) 292M->321M(494M) 678.235ms
[371.930s][info][gc,cpu         ] GC(578) User=4.03s Sys=0.16s Real=0.67s
[371.931s][info][gc,start       ] GC(579) Pause Initial Mark
[371.938s][info][gc             ] GC(579) Pause Initial Mark 324M->324M(494M) 6.904ms
[371.938s][info][gc,cpu         ] GC(579) User=0.06s Sys=0.00s Real=0.02s
[371.938s][info][gc             ] GC(579) Concurrent Mark
[371.938s][info][gc,task        ] GC(579) Using 2 workers of 2 for marking
[372.108s][info][gc,start       ] GC(580) Pause Young (Allocation Failure)
[372.109s][info][gc,task        ] GC(580) Using 8 workers of 8 for evacuation
[372.109s][info][gc,start       ] GC(581) Pause Full (Allocation Failure)
[373.515s][info][gc             ] GC(579) Concurrent Mark 1576.851ms
[373.515s][info][gc,cpu         ] GC(579) User=2.64s Sys=0.17s Real=1.57s
[373.516s][info][gc,phases,start] GC(581) Phase 1: Mark live objects
[374.162s][info][gc,phases      ] GC(581) Phase 1: Mark live objects 646.005ms
[374.162s][info][gc,phases,start] GC(581) Phase 2: Compute new object addresses
[374.581s][info][gc,phases      ] GC(581) Phase 2: Compute new object addresses 419.706ms
[374.582s][info][gc,phases,start] GC(581) Phase 3: Adjust pointers
[374.975s][info][gc,phases      ] GC(581) Phase 3: Adjust pointers 393.444ms
[374.975s][info][gc,phases,start] GC(581) Phase 4: Move objects
[375.344s][info][gc,phases      ] GC(581) Phase 4: Move objects 368.278ms
[375.349s][info][gc             ] GC(581) Pause Full (Allocation Failure) 458M->411M(494M) 3239.930ms
[375.349s][info][gc,heap        ] GC(580) ParNew: 157246K->71794K(157248K)
[375.349s][info][gc,heap        ] GC(580) CMS: 312111K->349568K(349568K)
[375.349s][info][gc,metaspace   ] GC(580) Metaspace: 14367K->14367K(31744K)
[375.349s][info][gc             ] GC(580) Pause Young (Allocation Failure) 458M->411M(494M) 3240.597ms
[375.349s][info][gc,cpu         ] GC(580) User=4.17s Sys=0.17s Real=3.23s
[375.696s][info][gc,start       ] GC(582) Pause Full (Allocation Failure)
[375.697s][info][gc,phases,start] GC(582) Phase 1: Mark live objects
[376.441s][info][gc,phases      ] GC(582) Phase 1: Mark live objects 743.615ms
[376.441s][info][gc,phases,start] GC(582) Phase 2: Compute new object addresses
[376.933s][info][gc,phases      ] GC(582) Phase 2: Compute new object addresses 492.316ms
[376.933s][info][gc,phases,start] GC(582) Phase 3: Adjust pointers
[377.418s][info][gc,phases      ] GC(582) Phase 3: Adjust pointers 484.895ms
[377.419s][info][gc,phases,start] GC(582) Phase 4: Move objects
[377.766s][info][gc,phases      ] GC(582) Phase 4: Move objects 347.888ms
[377.771s][info][gc,heap        ] GC(582) ParNew: 157247K->156617K(157248K)
[377.771s][info][gc,heap        ] GC(582) CMS: 349568K->349567K(349568K)
[377.771s][info][gc,metaspace   ] GC(582) Metaspace: 14393K->14393K(31744K)
[377.771s][info][gc             ] GC(582) Pause Full (Allocation Failure) 494M->494M(494M) 2074.889ms
[377.771s][info][gc,cpu         ] GC(582) User=2.06s Sys=0.00s Real=2.06s
[377.772s][info][gc,start       ] GC(583) Pause Initial Mark
[377.996s][info][gc             ] GC(583) Pause Initial Mark 494M->494M(494M) 224.140ms
[377.996s][info][gc,cpu         ] GC(583) User=0.27s Sys=0.02s Real=0.23s
[377.997s][info][gc             ] GC(583) Concurrent Mark
[377.997s][info][gc,task        ] GC(583) Using 2 workers of 2 for marking
[378.022s][info][gc,start       ] GC(584) Pause Full (Allocation Failure)
[380.732s][info][gc             ] GC(583) Concurrent Mark 2735.111ms
[380.732s][info][gc,cpu         ] GC(583) User=4.91s Sys=0.22s Real=2.73s
[380.733s][info][gc,phases,start] GC(584) Phase 1: Mark live objects
[381.725s][info][gc,phases      ] GC(584) Phase 1: Mark live objects 992.219ms
[381.726s][info][gc,phases,start] GC(584) Phase 2: Compute new object addresses
[382.296s][info][gc,phases      ] GC(584) Phase 2: Compute new object addresses 570.197ms
[382.296s][info][gc,phases,start] GC(584) Phase 3: Adjust pointers
[382.857s][info][gc,phases      ] GC(584) Phase 3: Adjust pointers 560.757ms
[382.857s][info][gc,phases,start] GC(584) Phase 4: Move objects
[383.293s][info][gc,phases      ] GC(584) Phase 4: Move objects 435.645ms
[383.299s][info][gc,heap        ] GC(584) ParNew: 157248K->157043K(157248K)
[383.300s][info][gc,heap        ] GC(584) CMS: 349567K->349567K(349568K)
[383.300s][info][gc,metaspace   ] GC(584) Metaspace: 14399K->14399K(31744K)
[383.300s][info][gc             ] GC(584) Pause Full (Allocation Failure) 494M->494M(494M) 5277.185ms
[383.300s][info][gc,cpu         ] GC(584) User=7.38s Sys=0.22s Real=5.28s
[383.305s][info][gc,start       ] GC(585) Pause Full (Allocation Failure)
[383.308s][info][gc,phases,start] GC(585) Phase 1: Mark live objects
[384.012s][info][gc,phases      ] GC(585) Phase 1: Mark live objects 703.716ms
[384.012s][info][gc,phases,start] GC(585) Phase 2: Compute new object addresses
[384.508s][info][gc,phases      ] GC(585) Phase 2: Compute new object addresses 496.089ms
[384.508s][info][gc,phases,start] GC(585) Phase 3: Adjust pointers
[385.040s][info][gc,phases      ] GC(585) Phase 3: Adjust pointers 531.602ms
[385.040s][info][gc,phases,start] GC(585) Phase 4: Move objects
[385.463s][info][gc,phases      ] GC(585) Phase 4: Move objects 422.895ms
[385.467s][info][gc,heap        ] GC(585) ParNew: 157247K->157213K(157248K)
[385.467s][info][gc,heap        ] GC(585) CMS: 349567K->349567K(349568K)
[385.467s][info][gc,metaspace   ] GC(585) Metaspace: 14399K->14399K(31744K)
[385.468s][info][gc             ] GC(585) Pause Full (Allocation Failure) 494M->494M(494M) 2162.643ms
[385.468s][info][gc,cpu         ] GC(585) User=2.17s Sys=0.00s Real=2.17s
[385.469s][info][gc,start       ] GC(586) Pause Initial Mark
[385.682s][info][gc             ] GC(586) Pause Initial Mark 494M->494M(494M) 212.980ms
[385.682s][info][gc,cpu         ] GC(586) User=0.25s Sys=0.00s Real=0.22s
[385.682s][info][gc             ] GC(586) Concurrent Mark
[385.682s][info][gc,task        ] GC(586) Using 2 workers of 2 for marking
[385.684s][info][gc,start       ] GC(587) Pause Full (Allocation Failure)
[388.306s][info][gc             ] GC(586) Concurrent Mark 2624.300ms
[388.307s][info][gc,cpu         ] GC(586) User=4.59s Sys=0.28s Real=2.63s
[388.308s][info][gc,phases,start] GC(587) Phase 1: Mark live objects
[389.160s][info][gc,phases      ] GC(587) Phase 1: Mark live objects 852.353ms
[389.160s][info][gc,phases,start] GC(587) Phase 2: Compute new object addresses
[389.672s][info][gc,phases      ] GC(587) Phase 2: Compute new object addresses 511.836ms
[389.672s][info][gc,phases,start] GC(587) Phase 3: Adjust pointers
[390.132s][info][gc,phases      ] GC(587) Phase 3: Adjust pointers 459.380ms
[390.132s][info][gc,phases,start] GC(587) Phase 4: Move objects
[390.132s][info][gc,phases      ] GC(587) Phase 4: Move objects 0.108ms
[390.138s][info][gc,heap        ] GC(587) ParNew: 157248K->157246K(157248K)
[390.138s][info][gc,heap        ] GC(587) CMS: 349567K->349567K(349568K)
[390.138s][info][gc,metaspace   ] GC(587) Metaspace: 14400K->14400K(31744K)
[390.138s][info][gc             ] GC(587) Pause Full (Allocation Failure) 494M->494M(494M) 4454.751ms
[390.138s][info][gc,cpu         ] GC(587) User=6.44s Sys=0.28s Real=4.46s
[390.139s][info][gc,start       ] GC(588) Pause Full (Allocation Failure)
[390.141s][info][gc,phases,start] GC(588) Phase 1: Mark live objects
[390.836s][info][gc,phases      ] GC(588) Phase 1: Mark live objects 695.240ms
[390.836s][info][gc,phases,start] GC(588) Phase 2: Compute new object addresses
[391.332s][info][gc,phases      ] GC(588) Phase 2: Compute new object addresses 495.496ms
[391.332s][info][gc,phases,start] GC(588) Phase 3: Adjust pointers
[391.839s][info][gc,phases      ] GC(588) Phase 3: Adjust pointers 507.243ms
[391.839s][info][gc,phases,start] GC(588) Phase 4: Move objects
[391.839s][info][gc,phases      ] GC(588) Phase 4: Move objects 0.076ms
[391.850s][info][gc,heap        ] GC(588) ParNew: 157247K->157247K(157248K)
[391.850s][info][gc,heap        ] GC(588) CMS: 349567K->349567K(349568K)
[391.850s][info][gc,metaspace   ] GC(588) Metaspace: 14400K->14400K(31744K)
[391.850s][info][gc             ] GC(588) Pause Full (Allocation Failure) 494M->494M(494M) 1711.265ms
[391.851s][info][gc,cpu         ] GC(588) User=1.69s Sys=0.02s Real=1.70s
[391.851s][info][gc,start       ] GC(589) Pause Full (Allocation Failure)
[391.853s][info][gc,phases,start] GC(589) Phase 1: Mark live objects
[392.527s][info][gc,phases      ] GC(589) Phase 1: Mark live objects 674.875ms
[392.528s][info][gc,phases,start] GC(589) Phase 2: Compute new object addresses
[393.106s][info][gc,phases      ] GC(589) Phase 2: Compute new object addresses 578.385ms
[393.106s][info][gc,phases,start] GC(589) Phase 3: Adjust pointers
[393.686s][info][gc,phases      ] GC(589) Phase 3: Adjust pointers 579.317ms
[393.686s][info][gc,phases,start] GC(589) Phase 4: Move objects
[394.045s][info][gc,phases      ] GC(589) Phase 4: Move objects 359.398ms
[394.052s][info][gc,heap        ] GC(589) ParNew: 157247K->157210K(157248K)
[394.052s][info][gc,heap        ] GC(589) CMS: 349567K->349567K(349568K)
[394.052s][info][gc,metaspace   ] GC(589) Metaspace: 14400K->14400K(31744K)
[394.053s][info][gc             ] GC(589) Pause Full (Allocation Failure) 494M->494M(494M) 2201.938ms
[394.053s][info][gc,cpu         ] GC(589) User=2.19s Sys=0.02s Real=2.20s
[394.054s][info][gc,start       ] GC(590) Pause Initial Mark
[394.267s][info][gc             ] GC(590) Pause Initial Mark 494M->494M(494M) 212.668ms
[394.267s][info][gc,cpu         ] GC(590) User=0.23s Sys=0.00s Real=0.22s
[394.267s][info][gc             ] GC(590) Concurrent Mark
[394.267s][info][gc,task        ] GC(590) Using 2 workers of 2 for marking
[394.269s][info][gc,start       ] GC(591) Pause Full (Allocation Failure)
[396.311s][info][gc             ] GC(590) Concurrent Mark 2043.366ms
[396.311s][info][gc,cpu         ] GC(590) User=3.14s Sys=0.28s Real=2.04s
[396.311s][info][gc,phases,start] GC(591) Phase 1: Mark live objects
[397.248s][info][gc,phases      ] GC(591) Phase 1: Mark live objects 936.051ms
[397.248s][info][gc,phases,start] GC(591) Phase 2: Compute new object addresses
[397.730s][info][gc,phases      ] GC(591) Phase 2: Compute new object addresses 482.486ms
[397.730s][info][gc,phases,start] GC(591) Phase 3: Adjust pointers
[398.207s][info][gc,phases      ] GC(591) Phase 3: Adjust pointers 476.314ms
[398.207s][info][gc,phases,start] GC(591) Phase 4: Move objects
[398.555s][info][gc,phases      ] GC(591) Phase 4: Move objects 348.383ms
[398.563s][info][gc,heap        ] GC(591) ParNew: 157247K->157243K(157248K)
[398.563s][info][gc,heap        ] GC(591) CMS: 349567K->349567K(349568K)
[398.563s][info][gc,metaspace   ] GC(591) Metaspace: 14327K->14327K(31744K)
[398.563s][info][gc             ] GC(591) Pause Full (Allocation Failure) 494M->494M(494M) 4294.577ms
[398.563s][info][gc,cpu         ] GC(591) User=5.39s Sys=0.28s Real=4.29s
[398.565s][info][gc,start       ] GC(592) Pause Full (Allocation Failure)
[398.567s][info][gc,phases,start] GC(592) Phase 1: Mark live objects
[399.305s][info][gc,phases      ] GC(592) Phase 1: Mark live objects 738.010ms
[399.305s][info][gc,phases,start] GC(592) Phase 2: Compute new object addresses
[399.850s][info][gc,phases      ] GC(592) Phase 2: Compute new object addresses 545.421ms
[399.851s][info][gc,phases,start] GC(592) Phase 3: Adjust pointers
[400.457s][info][gc,phases      ] GC(592) Phase 3: Adjust pointers 606.383ms
[400.457s][info][gc,phases,start] GC(592) Phase 4: Move objects
[400.830s][info][gc,phases      ] GC(592) Phase 4: Move objects 373.102ms
[400.835s][info][gc,heap        ] GC(592) ParNew: 157248K->157225K(157248K)
[400.835s][info][gc,heap        ] GC(592) CMS: 349567K->349568K(349568K)
[400.835s][info][gc,metaspace   ] GC(592) Metaspace: 14327K->14327K(31744K)
[400.835s][info][gc             ] GC(592) Pause Full (Allocation Failure) 494M->494M(494M) 2270.261ms
[400.835s][info][gc,cpu         ] GC(592) User=2.30s Sys=0.03s Real=2.27s
[400.836s][info][gc,start       ] GC(593) Pause Initial Mark
[401.057s][info][gc             ] GC(593) Pause Initial Mark 494M->494M(494M) 220.840ms
[401.057s][info][gc,cpu         ] GC(593) User=0.28s Sys=0.02s Real=0.23s
[401.057s][info][gc             ] GC(593) Concurrent Mark
[401.058s][info][gc,task        ] GC(593) Using 2 workers of 2 for marking
[401.058s][info][gc,start       ] GC(594) Pause Full (Allocation Failure)
[403.576s][info][gc             ] GC(593) Concurrent Mark 2518.938ms
[403.577s][info][gc,cpu         ] GC(593) User=4.36s Sys=0.27s Real=2.52s
[403.577s][info][gc,phases,start] GC(594) Phase 1: Mark live objects
[404.334s][info][gc,phases      ] GC(594) Phase 1: Mark live objects 757.375ms
[404.334s][info][gc,phases,start] GC(594) Phase 2: Compute new object addresses
[404.905s][info][gc,phases      ] GC(594) Phase 2: Compute new object addresses 570.919ms
[404.906s][info][gc,phases,start] GC(594) Phase 3: Adjust pointers
[405.451s][info][gc,phases      ] GC(594) Phase 3: Adjust pointers 545.786ms
[405.451s][info][gc,phases,start] GC(594) Phase 4: Move objects
[405.899s][info][gc,phases      ] GC(594) Phase 4: Move objects 447.833ms
[405.906s][info][gc,heap        ] GC(594) ParNew: 157248K->157247K(157248K)
[405.906s][info][gc,heap        ] GC(594) CMS: 349568K->349568K(349568K)
[405.906s][info][gc,metaspace   ] GC(594) Metaspace: 14327K->14327K(31744K)
[405.906s][info][gc             ] GC(594) Pause Full (Allocation Failure) 494M->494M(494M) 4847.688ms
[405.906s][info][gc,cpu         ] GC(594) User=6.61s Sys=0.27s Real=4.84s
[405.907s][info][gc,start       ] GC(595) Pause Full (Allocation Failure)
[405.911s][info][gc,phases,start] GC(595) Phase 1: Mark live objects
[406.705s][info][gc,phases      ] GC(595) Phase 1: Mark live objects 793.764ms
[406.705s][info][gc,phases,start] GC(595) Phase 2: Compute new object addresses
[407.276s][info][gc,phases      ] GC(595) Phase 2: Compute new object addresses 570.970ms
[407.276s][info][gc,phases,start] GC(595) Phase 3: Adjust pointers
[407.757s][info][gc,phases      ] GC(595) Phase 3: Adjust pointers 481.185ms
[407.757s][info][gc,phases,start] GC(595) Phase 4: Move objects
[407.757s][info][gc,phases      ] GC(595) Phase 4: Move objects 0.072ms
[407.761s][info][gc,heap        ] GC(595) ParNew: 157247K->157247K(157248K)
[407.761s][info][gc,heap        ] GC(595) CMS: 349568K->349568K(349568K)
[407.761s][info][gc,metaspace   ] GC(595) Metaspace: 14327K->14327K(31744K)
[407.761s][info][gc             ] GC(595) Pause Full (Allocation Failure) 494M->494M(494M) 1854.325ms
[407.762s][info][gc,cpu         ] GC(595) User=1.86s Sys=0.00s Real=1.85s
[407.762s][info][gc,start       ] GC(596) Pause Full (Allocation Failure)
[407.763s][info][gc,phases,start] GC(596) Phase 1: Mark live objects
[408.475s][info][gc,phases      ] GC(596) Phase 1: Mark live objects 711.641ms
[408.475s][info][gc,phases,start] GC(596) Phase 2: Compute new object addresses
[408.978s][info][gc,phases      ] GC(596) Phase 2: Compute new object addresses 503.228ms
[408.978s][info][gc,phases,start] GC(596) Phase 3: Adjust pointers
[409.419s][info][gc,phases      ] GC(596) Phase 3: Adjust pointers 440.977ms
[409.420s][info][gc,phases,start] GC(596) Phase 4: Move objects
[409.420s][info][gc,phases      ] GC(596) Phase 4: Move objects 0.085ms
[409.424s][info][gc,heap        ] GC(596) ParNew: 157247K->157246K(157248K)
[409.424s][info][gc,heap        ] GC(596) CMS: 349568K->349568K(349568K)
[409.424s][info][gc,metaspace   ] GC(596) Metaspace: 14327K->14327K(31744K)
[409.424s][info][gc             ] GC(596) Pause Full (Allocation Failure) 494M->494M(494M) 1662.152ms
[409.424s][info][gc,cpu         ] GC(596) User=1.66s Sys=0.00s Real=1.66s
[409.425s][info][gc,start       ] GC(598) Pause Full (Allocation Failure)
[409.425s][info][gc,phases,start] GC(598) Phase 1: Mark live objects
[410.125s][info][gc,phases      ] GC(598) Phase 1: Mark live objects 699.764ms
[410.125s][info][gc,phases,start] GC(598) Phase 2: Compute new object addresses
[410.660s][info][gc,phases      ] GC(598) Phase 2: Compute new object addresses 534.561ms
[410.660s][info][gc,phases,start] GC(598) Phase 3: Adjust pointers
[411.123s][info][gc,phases      ] GC(598) Phase 3: Adjust pointers 463.256ms
[411.123s][info][gc,phases,start] GC(598) Phase 4: Move objects
[411.123s][info][gc,phases      ] GC(598) Phase 4: Move objects 0.065ms
[411.127s][info][gc,heap        ] GC(598) ParNew: 157247K->157247K(157248K)
[411.127s][info][gc,heap        ] GC(598) CMS: 349568K->349568K(349568K)
[411.127s][info][gc,metaspace   ] GC(598) Metaspace: 14327K->14327K(31744K)
[411.127s][info][gc             ] GC(598) Pause Full (Allocation Failure) 494M->494M(494M) 1702.532ms
[411.127s][info][gc,cpu         ] GC(598) User=1.70s Sys=0.00s Real=1.71s
[411.128s][info][gc,start       ] GC(599) Pause Full (Allocation Failure)
[411.130s][info][gc,phases,start] GC(599) Phase 1: Mark live objects
[411.821s][info][gc,phases      ] GC(599) Phase 1: Mark live objects 690.854ms
[411.821s][info][gc,phases,start] GC(599) Phase 2: Compute new object addresses
[412.310s][info][gc,phases      ] GC(599) Phase 2: Compute new object addresses 488.925ms
[412.310s][info][gc,phases,start] GC(599) Phase 3: Adjust pointers
[412.697s][info][gc,phases      ] GC(599) Phase 3: Adjust pointers 387.184ms
[412.697s][info][gc,phases,start] GC(599) Phase 4: Move objects
[412.697s][info][gc,phases      ] GC(599) Phase 4: Move objects 0.058ms
[412.700s][info][gc,heap        ] GC(599) ParNew: 157247K->157247K(157248K)
[412.700s][info][gc,heap        ] GC(599) CMS: 349568K->349568K(349568K)
[412.700s][info][gc,metaspace   ] GC(599) Metaspace: 14327K->14327K(31744K)
[412.700s][info][gc             ] GC(599) Pause Full (Allocation Failure) 494M->494M(494M) 1572.440ms
[412.701s][info][gc,cpu         ] GC(599) User=1.56s Sys=0.00s Real=1.56s
[412.701s][info][gc,start       ] GC(600) Pause Full (Allocation Failure)
[412.701s][info][gc,phases,start] GC(600) Phase 1: Mark live objects
[413.335s][info][gc,phases      ] GC(600) Phase 1: Mark live objects 633.318ms
[413.335s][info][gc,phases,start] GC(600) Phase 2: Compute new object addresses
[413.817s][info][gc,phases      ] GC(600) Phase 2: Compute new object addresses 482.567ms
[413.818s][info][gc,phases,start] GC(600) Phase 3: Adjust pointers
[414.273s][info][gc,phases      ] GC(600) Phase 3: Adjust pointers 455.537ms
[414.273s][info][gc,phases,start] GC(600) Phase 4: Move objects
[414.273s][info][gc,phases      ] GC(600) Phase 4: Move objects 0.060ms
[414.276s][info][gc,heap        ] GC(600) ParNew: 157247K->157247K(157248K)
[414.276s][info][gc,heap        ] GC(600) CMS: 349568K->349568K(349568K)
[414.276s][info][gc,metaspace   ] GC(600) Metaspace: 14327K->14327K(31744K)
[414.276s][info][gc             ] GC(600) Pause Full (Allocation Failure) 494M->494M(494M) 1575.798ms
[414.276s][info][gc,cpu         ] GC(600) User=1.58s Sys=0.00s Real=1.59s
[414.277s][info][gc,start       ] GC(601) Pause Full (Allocation Failure)
[414.278s][info][gc,phases,start] GC(601) Phase 1: Mark live objects
[415.065s][info][gc,phases      ] GC(601) Phase 1: Mark live objects 787.169ms
[415.066s][info][gc,phases,start] GC(601) Phase 2: Compute new object addresses
[415.579s][info][gc,phases      ] GC(601) Phase 2: Compute new object addresses 513.724ms
[415.579s][info][gc,phases,start] GC(601) Phase 3: Adjust pointers
[416.072s][info][gc,phases      ] GC(601) Phase 3: Adjust pointers 492.590ms
[416.072s][info][gc,phases,start] GC(601) Phase 4: Move objects
[416.450s][info][gc,phases      ] GC(601) Phase 4: Move objects 378.024ms
[416.455s][info][gc,heap        ] GC(601) ParNew: 157247K->157246K(157248K)
[416.455s][info][gc,heap        ] GC(601) CMS: 349568K->349568K(349568K)
[416.455s][info][gc,metaspace   ] GC(601) Metaspace: 14327K->14327K(31744K)
[416.455s][info][gc             ] GC(601) Pause Full (Allocation Failure) 494M->494M(494M) 2177.591ms
[416.455s][info][gc,cpu         ] GC(601) User=2.17s Sys=0.00s Real=2.17s
[416.456s][info][gc,start       ] GC(602) Pause Full (Allocation Failure)
[416.457s][info][gc,phases,start] GC(602) Phase 1: Mark live objects
[417.152s][info][gc,phases      ] GC(602) Phase 1: Mark live objects 694.674ms
[417.152s][info][gc,phases,start] GC(602) Phase 2: Compute new object addresses
[417.671s][info][gc,phases      ] GC(602) Phase 2: Compute new object addresses 518.816ms
[417.671s][info][gc,phases,start] GC(602) Phase 3: Adjust pointers
[418.187s][info][gc,phases      ] GC(602) Phase 3: Adjust pointers 515.539ms
[418.187s][info][gc,phases,start] GC(602) Phase 4: Move objects
[418.624s][info][gc,phases      ] GC(602) Phase 4: Move objects 437.293ms
[418.629s][info][gc,heap        ] GC(602) ParNew: 157247K->157247K(157248K)
[418.629s][info][gc,heap        ] GC(602) CMS: 349568K->349568K(349568K)
[418.629s][info][gc,metaspace   ] GC(602) Metaspace: 14327K->14327K(31744K)
[418.629s][info][gc             ] GC(602) Pause Full (Allocation Failure) 494M->494M(494M) 2173.481ms
[418.629s][info][gc,cpu         ] GC(602) User=2.17s Sys=0.00s Real=2.17s
[418.631s][info][gc,start       ] GC(603) Pause Full (Allocation Failure)
[418.632s][info][gc,phases,start] GC(603) Phase 1: Mark live objects
[419.371s][info][gc,phases      ] GC(603) Phase 1: Mark live objects 739.357ms
[419.372s][info][gc,phases,start] GC(603) Phase 2: Compute new object addresses
[419.896s][info][gc,phases      ] GC(603) Phase 2: Compute new object addresses 524.193ms
[419.896s][info][gc,phases,start] GC(603) Phase 3: Adjust pointers
[420.383s][info][gc,phases      ] GC(603) Phase 3: Adjust pointers 486.566ms
[420.383s][info][gc,phases,start] GC(603) Phase 4: Move objects
[420.383s][info][gc,phases      ] GC(603) Phase 4: Move objects 0.062ms
[420.386s][info][gc,heap        ] GC(603) ParNew: 157247K->157247K(157248K)
[420.386s][info][gc,heap        ] GC(603) CMS: 349568K->349568K(349568K)
[420.386s][info][gc,metaspace   ] GC(603) Metaspace: 14327K->14327K(31744K)
[420.387s][info][gc             ] GC(603) Pause Full (Allocation Failure) 494M->494M(494M) 1755.808ms
[420.387s][info][gc,cpu         ] GC(603) User=1.77s Sys=0.00s Real=1.77s
[420.387s][info][gc,start       ] GC(604) Pause Full (Allocation Failure)
[420.388s][info][gc,phases,start] GC(604) Phase 1: Mark live objects
[421.010s][info][gc,phases      ] GC(604) Phase 1: Mark live objects 622.674ms
[421.010s][info][gc,phases,start] GC(604) Phase 2: Compute new object addresses
[421.474s][info][gc,phases      ] GC(604) Phase 2: Compute new object addresses 463.207ms
[421.474s][info][gc,phases,start] GC(604) Phase 3: Adjust pointers
[421.880s][info][gc,phases      ] GC(604) Phase 3: Adjust pointers 406.406ms
[421.881s][info][gc,phases,start] GC(604) Phase 4: Move objects
[421.881s][info][gc,phases      ] GC(604) Phase 4: Move objects 0.072ms
[421.883s][info][gc,heap        ] GC(604) ParNew: 157247K->157247K(157248K)
[421.883s][info][gc,heap        ] GC(604) CMS: 349568K->349568K(349568K)
[421.883s][info][gc,metaspace   ] GC(604) Metaspace: 14327K->14327K(31744K)
[421.883s][info][gc             ] GC(604) Pause Full (Allocation Failure) 494M->494M(494M) 1496.584ms
[421.883s][info][gc,cpu         ] GC(604) User=1.48s Sys=0.00s Real=1.48s
[421.885s][info][gc,start       ] GC(597) Pause Initial Mark
[422.076s][info][gc             ] GC(597) Pause Initial Mark 494M->494M(494M) 191.783ms
[422.077s][info][gc,cpu         ] GC(597) User=0.20s Sys=0.00s Real=0.19s
[422.077s][info][gc             ] GC(597) Concurrent Mark
[422.077s][info][gc,task        ] GC(597) Using 2 workers of 2 for marking
[422.078s][info][gc,start       ] GC(605) Pause Full (Allocation Failure)
[424.425s][info][gc             ] GC(597) Concurrent Mark 2347.909ms
[424.425s][info][gc,cpu         ] GC(597) User=3.70s Sys=0.27s Real=2.34s
[424.425s][info][gc,phases,start] GC(605) Phase 1: Mark live objects
[424.451s][info][gc,phases      ] GC(605) Phase 1: Mark live objects 25.154ms
[424.451s][info][gc,phases,start] GC(605) Phase 2: Compute new object addresses
[424.838s][info][gc,phases      ] GC(605) Phase 2: Compute new object addresses 387.344ms
[424.838s][info][gc,phases,start] GC(605) Phase 3: Adjust pointers
[424.845s][info][gc,phases      ] GC(605) Phase 3: Adjust pointers 7.086ms
[424.845s][info][gc,phases,start] GC(605) Phase 4: Move objects
[424.846s][info][gc,phases      ] GC(605) Phase 4: Move objects 0.704ms
[424.849s][info][gc,heap        ] GC(605) ParNew: 157247K->0K(157248K)
[424.850s][info][gc,heap        ] GC(605) CMS: 349568K->2857K(349568K)
[424.850s][info][gc,metaspace   ] GC(605) Metaspace: 14327K->14327K(31744K)
[424.850s][info][gc             ] GC(605) Pause Full (Allocation Failure) 494M->2M(494M) 2772.098ms
[424.850s][info][gc,cpu         ] GC(605) User=4.11s Sys=0.27s Real=2.77s
[424.865s][info][gc,heap,exit   ] Heap
[424.866s][info][gc,heap,exit   ]  par new generation   total 157248K, used 4281K [0x00000000e0000000, 0x00000000eaaa0000, 0x00000000eaaa0000)
[424.866s][info][gc,heap,exit   ]   eden space 139776K,   3% used [0x00000000e0000000, 0x00000000e042f348, 0x00000000e8880000)
[424.866s][info][gc,heap,exit   ]   from space 17472K,   0% used [0x00000000e8880000, 0x00000000e8880000, 0x00000000e9990000)
[424.866s][info][gc,heap,exit   ]   to   space 17472K,   0% used [0x00000000e9990000, 0x00000000e9990000, 0x00000000eaaa0000)
[424.866s][info][gc,heap,exit   ]  concurrent mark-sweep generation total 349568K, used 2857K [0x00000000eaaa0000, 0x0000000100000000, 0x0000000100000000)
[424.866s][info][gc,heap,exit   ]  Metaspace       used 14426K, capacity 14878K, committed 15488K, reserved 31744K
[424.866s][info][gc,heap,exit   ]   class space    used 1378K, capacity 1498K, committed 1664K, reserved 17408K
