[0.032s][info][gc,heap] Heap region size: 1M
[0.085s][info][gc     ] Using G1
[0.085s][info][gc,heap,coops] Heap socket: 0x00000000e0000000, size: 512 MB, Compressed Oops mode: 32-bit
[1.209s][info][gc,start     ] GC(0) Pause Young (G1 Evacuation Pause)
[1.209s][info][gc,task      ] GC(0) Using 8 workers of 8 for evacuation
[1.305s][info][gc,phases    ] GC(0)   Pre Evacuate Collection Set: 0.1ms
[1.305s][info][gc,phases    ] GC(0)   Evacuate Collection Set: 92.8ms
[1.305s][info][gc,phases    ] GC(0)   Post Evacuate Collection Set: 1.7ms
[1.305s][info][gc,phases    ] GC(0)   Other: 1.3ms
[1.316s][info][gc,heap      ] GC(0) Eden regions: 25->0(21)
[1.316s][info][gc,heap      ] GC(0) Survivor regions: 0->4(4)
[1.316s][info][gc,heap      ] GC(0) Old regions: 0->13
[1.317s][info][gc,heap      ] GC(0) Humongous regions: 20->20
[1.317s][info][gc,metaspace ] GC(0) Metaspace: 10494K->10494K(27648K)
[1.317s][info][gc           ] GC(0) Pause Young (G1 Evacuation Pause) 45M->36M(512M) 107.728ms
[1.317s][info][gc,cpu       ] GC(0) User=0.47s Sys=0.25s Real=0.11s
[1.358s][info][gc,start     ] GC(1) Pause Young (G1 Evacuation Pause)
[1.358s][info][gc,task      ] GC(1) Using 8 workers of 8 for evacuation
[1.476s][info][gc,phases    ] GC(1)   Pre Evacuate Collection Set: 0.0ms
[1.476s][info][gc,phases    ] GC(1)   Evacuate Collection Set: 115.9ms
[1.476s][info][gc,phases    ] GC(1)   Post Evacuate Collection Set: 1.2ms
[1.476s][info][gc,phases    ] GC(1)   Other: 0.6ms
[1.476s][info][gc,heap      ] GC(1) Eden regions: 21->0(21)
[1.476s][info][gc,heap      ] GC(1) Survivor regions: 4->4(4)
[1.477s][info][gc,heap      ] GC(1) Old regions: 13->35
[1.477s][info][gc,heap      ] GC(1) Humongous regions: 20->20
[1.477s][info][gc,metaspace ] GC(1) Metaspace: 10494K->10494K(27648K)
[1.477s][info][gc           ] GC(1) Pause Young (G1 Evacuation Pause) 57M->58M(512M) 118.433ms
[1.477s][info][gc,cpu       ] GC(1) User=0.70s Sys=0.02s Real=0.11s
[1.538s][info][gc,start     ] GC(2) Pause Young (G1 Evacuation Pause)
[1.538s][info][gc,task      ] GC(2) Using 8 workers of 8 for evacuation
[1.650s][info][gc,phases    ] GC(2)   Pre Evacuate Collection Set: 0.1ms
[1.650s][info][gc,phases    ] GC(2)   Evacuate Collection Set: 110.6ms
[1.650s][info][gc,phases    ] GC(2)   Post Evacuate Collection Set: 0.8ms
[1.650s][info][gc,phases    ] GC(2)   Other: 0.7ms
[1.650s][info][gc,heap      ] GC(2) Eden regions: 21->0(21)
[1.650s][info][gc,heap      ] GC(2) Survivor regions: 4->4(4)
[1.650s][info][gc,heap      ] GC(2) Old regions: 35->57
[1.651s][info][gc,heap      ] GC(2) Humongous regions: 20->20
[1.651s][info][gc,metaspace ] GC(2) Metaspace: 10494K->10494K(27648K)
[1.651s][info][gc           ] GC(2) Pause Young (G1 Evacuation Pause) 79M->80M(512M) 113.050ms
[1.651s][info][gc,cpu       ] GC(2) User=0.42s Sys=0.06s Real=0.10s
[1.694s][info][gc,start     ] GC(3) Pause Young (G1 Evacuation Pause)
[1.695s][info][gc,task      ] GC(3) Using 8 workers of 8 for evacuation
[1.772s][info][gc,phases    ] GC(3)   Pre Evacuate Collection Set: 0.1ms
[1.772s][info][gc,phases    ] GC(3)   Evacuate Collection Set: 74.2ms
[1.772s][info][gc,phases    ] GC(3)   Post Evacuate Collection Set: 2.7ms
[1.772s][info][gc,phases    ] GC(3)   Other: 0.7ms
[1.772s][info][gc,heap      ] GC(3) Eden regions: 21->0(21)
[1.772s][info][gc,heap      ] GC(3) Survivor regions: 4->4(4)
[1.772s][info][gc,heap      ] GC(3) Old regions: 57->80
[1.772s][info][gc,heap      ] GC(3) Humongous regions: 20->20
[1.772s][info][gc,metaspace ] GC(3) Metaspace: 10494K->10494K(27648K)
[1.772s][info][gc           ] GC(3) Pause Young (G1 Evacuation Pause) 101M->103M(512M) 78.022ms
[1.773s][info][gc,cpu       ] GC(3) User=0.55s Sys=0.05s Real=0.09s
[1.799s][info][gc,start     ] GC(4) Pause Young (G1 Evacuation Pause)
[1.799s][info][gc,task      ] GC(4) Using 8 workers of 8 for evacuation
[1.836s][info][gc,phases    ] GC(4)   Pre Evacuate Collection Set: 0.0ms
[1.836s][info][gc,phases    ] GC(4)   Evacuate Collection Set: 35.1ms
[1.836s][info][gc,phases    ] GC(4)   Post Evacuate Collection Set: 0.6ms
[1.836s][info][gc,phases    ] GC(4)   Other: 0.5ms
[1.836s][info][gc,heap      ] GC(4) Eden regions: 21->0(27)
[1.836s][info][gc,heap      ] GC(4) Survivor regions: 4->4(4)
[1.836s][info][gc,heap      ] GC(4) Old regions: 80->104
[1.836s][info][gc,heap      ] GC(4) Humongous regions: 20->20
[1.836s][info][gc,metaspace ] GC(4) Metaspace: 10494K->10494K(27648K)
[1.836s][info][gc           ] GC(4) Pause Young (G1 Evacuation Pause) 124M->127M(512M) 36.735ms
[1.836s][info][gc,cpu       ] GC(4) User=0.25s Sys=0.00s Real=0.03s
[1.954s][info][gc,start     ] GC(5) Pause Young (G1 Evacuation Pause)
[1.954s][info][gc,task      ] GC(5) Using 8 workers of 8 for evacuation
[2.040s][info][gc,phases    ] GC(5)   Pre Evacuate Collection Set: 0.1ms
[2.040s][info][gc,phases    ] GC(5)   Evacuate Collection Set: 84.4ms
[2.040s][info][gc,phases    ] GC(5)   Post Evacuate Collection Set: 1.0ms
[2.040s][info][gc,phases    ] GC(5)   Other: 0.7ms
[2.040s][info][gc,heap      ] GC(5) Eden regions: 27->0(34)
[2.040s][info][gc,heap      ] GC(5) Survivor regions: 4->4(4)
[2.040s][info][gc,heap      ] GC(5) Old regions: 104->129
[2.040s][info][gc,heap      ] GC(5) Humongous regions: 40->40
[2.040s][info][gc,metaspace ] GC(5) Metaspace: 10494K->10494K(27648K)
[2.040s][info][gc           ] GC(5) Pause Young (G1 Evacuation Pause) 174M->172M(512M) 86.572ms
[2.040s][info][gc,cpu       ] GC(5) User=0.48s Sys=0.00s Real=0.09s
[2.095s][info][gc,start     ] GC(6) Pause Young (G1 Evacuation Pause)
[2.095s][info][gc,task      ] GC(6) Using 8 workers of 8 for evacuation
[2.236s][info][gc,phases    ] GC(6)   Pre Evacuate Collection Set: 0.0ms
[2.236s][info][gc,phases    ] GC(6)   Evacuate Collection Set: 138.6ms
[2.236s][info][gc,phases    ] GC(6)   Post Evacuate Collection Set: 1.4ms
[2.236s][info][gc,phases    ] GC(6)   Other: 0.6ms
[2.236s][info][gc,heap      ] GC(6) Eden regions: 34->0(37)
[2.236s][info][gc,heap      ] GC(6) Survivor regions: 4->5(5)
[2.236s][info][gc,heap      ] GC(6) Old regions: 129->164
[2.236s][info][gc,heap      ] GC(6) Humongous regions: 40->40
[2.236s][info][gc,metaspace ] GC(6) Metaspace: 10494K->10494K(27648K)
[2.236s][info][gc           ] GC(6) Pause Young (G1 Evacuation Pause) 206M->209M(512M) 140.995ms
[2.236s][info][gc,cpu       ] GC(6) User=0.47s Sys=0.38s Real=0.15s
[2.317s][info][gc,start     ] GC(7) Pause Young (G1 Evacuation Pause)
[2.317s][info][gc,task      ] GC(7) Using 8 workers of 8 for evacuation
[2.437s][info][gc,phases    ] GC(7)   Pre Evacuate Collection Set: 0.1ms
[2.437s][info][gc,phases    ] GC(7)   Evacuate Collection Set: 116.8ms
[2.437s][info][gc,phases    ] GC(7)   Post Evacuate Collection Set: 2.1ms
[2.437s][info][gc,phases    ] GC(7)   Other: 1.1ms
[2.437s][info][gc,heap      ] GC(7) Eden regions: 37->0(41)
[2.437s][info][gc,heap      ] GC(7) Survivor regions: 5->6(6)
[2.437s][info][gc,heap      ] GC(7) Old regions: 164->202
[2.437s][info][gc,heap      ] GC(7) Humongous regions: 40->40
[2.438s][info][gc,metaspace ] GC(7) Metaspace: 10494K->10494K(27648K)
[2.439s][info][gc           ] GC(7) Pause Young (G1 Evacuation Pause) 246M->248M(512M) 121.949ms
[2.439s][info][gc,cpu       ] GC(7) User=0.59s Sys=0.28s Real=0.12s
[2.522s][info][gc,start     ] GC(8) Pause Initial Mark (G1 Humongous Allocation)
[2.522s][info][gc,task      ] GC(8) Using 8 workers of 8 for evacuation
[2.636s][info][gc,phases    ] GC(8)   Pre Evacuate Collection Set: 0.0ms
[2.636s][info][gc,phases    ] GC(8)   Evacuate Collection Set: 112.2ms
[2.636s][info][gc,phases    ] GC(8)   Post Evacuate Collection Set: 1.2ms
[2.636s][info][gc,phases    ] GC(8)   Other: 0.7ms
[2.637s][info][gc,heap      ] GC(8) Eden regions: 40->0(45)
[2.637s][info][gc,heap      ] GC(8) Survivor regions: 6->6(6)
[2.637s][info][gc,heap      ] GC(8) Old regions: 202->244
[2.637s][info][gc,heap      ] GC(8) Humongous regions: 40->40
[2.637s][info][gc,metaspace ] GC(8) Metaspace: 10494K->10494K(27648K)
[2.637s][info][gc           ] GC(8) Pause Initial Mark (G1 Humongous Allocation) 288M->290M(512M) 114.790ms
[2.637s][info][gc,cpu       ] GC(8) User=0.78s Sys=0.06s Real=0.13s
[2.637s][info][gc           ] GC(9) Concurrent Cycle
[2.638s][info][gc,marking   ] GC(9) Concurrent Clear Claimed Marks
[2.638s][info][gc,marking   ] GC(9) Concurrent Clear Claimed Marks 0.075ms
[2.638s][info][gc,marking   ] GC(9) Concurrent Scan Root Regions
[2.686s][info][gc,marking   ] GC(9) Concurrent Scan Root Regions 48.728ms
[2.687s][info][gc,marking   ] GC(9) Concurrent Mark (2.687s)
[2.687s][info][gc,marking   ] GC(9) Concurrent Mark From Roots
[2.687s][info][gc,task      ] GC(9) Using 2 workers of 2 for marking
[2.697s][info][gc,marking   ] GC(9) Concurrent Mark From Roots 10.390ms
[2.697s][info][gc,marking   ] GC(9) Concurrent Mark (2.687s, 2.697s) 10.609ms
[2.698s][info][gc,start     ] GC(9) Pause Remark
[2.711s][info][gc,stringtable] GC(9) Cleaned string and symbol table, strings: 4602 processed, 4 removed, symbols: 38017 processed, 0 removed
[2.711s][info][gc            ] GC(9) Pause Remark 317M->317M(512M) 13.784ms
[2.711s][info][gc,cpu        ] GC(9) User=0.08s Sys=0.02s Real=0.01s
[2.712s][info][gc,marking    ] GC(9) Concurrent Create Live Data
[2.714s][info][gc,marking    ] GC(9) Concurrent Create Live Data 2.312ms
[2.714s][info][gc,start      ] GC(9) Pause Cleanup
[2.716s][info][gc            ] GC(9) Pause Cleanup 319M->49M(512M) 2.097ms
[2.716s][info][gc,cpu        ] GC(9) User=0.00s Sys=0.00s Real=0.02s
[2.717s][info][gc,marking    ] GC(9) Concurrent Complete Cleanup
[2.718s][info][gc,marking    ] GC(9) Concurrent Complete Cleanup 0.954ms
[2.718s][info][gc,marking    ] GC(9) Concurrent Cleanup for Next Mark
[2.722s][info][gc,marking    ] GC(9) Concurrent Cleanup for Next Mark 4.403ms
[2.722s][info][gc            ] GC(9) Concurrent Cycle 84.989ms
[2.761s][info][gc,start      ] GC(10) Pause Young (G1 Evacuation Pause)
[2.762s][info][gc,task       ] GC(10) Using 8 workers of 8 for evacuation
[2.859s][info][gc,phases     ] GC(10)   Pre Evacuate Collection Set: 0.0ms
[2.859s][info][gc,phases     ] GC(10)   Evacuate Collection Set: 95.0ms
[2.859s][info][gc,phases     ] GC(10)   Post Evacuate Collection Set: 1.8ms
[2.859s][info][gc,phases     ] GC(10)   Other: 0.7ms
[2.859s][info][gc,heap       ] GC(10) Eden regions: 45->0(282)
[2.859s][info][gc,heap       ] GC(10) Survivor regions: 6->7(7)
[2.859s][info][gc,heap       ] GC(10) Old regions: 14->54
[2.859s][info][gc,heap       ] GC(10) Humongous regions: 20->20
[2.860s][info][gc,metaspace  ] GC(10) Metaspace: 10494K->10494K(27648K)
[2.860s][info][gc            ] GC(10) Pause Young (G1 Evacuation Pause) 85M->81M(512M) 98.264ms
[2.860s][info][gc,cpu        ] GC(10) User=0.67s Sys=0.08s Real=0.09s
[3.381s][info][gc,start      ] GC(11) Pause Young (G1 Evacuation Pause)
[3.381s][info][gc,task       ] GC(11) Using 8 workers of 8 for evacuation
[3.808s][info][gc,mmu        ] GC(11) MMU target violated: 201.0ms (200.0ms/201.0ms)
[3.808s][info][gc,phases     ] GC(11)   Pre Evacuate Collection Set: 0.1ms
[3.808s][info][gc,phases     ] GC(11)   Evacuate Collection Set: 423.1ms
[3.808s][info][gc,phases     ] GC(11)   Post Evacuate Collection Set: 2.6ms
[3.808s][info][gc,phases     ] GC(11)   Other: 1.2ms
[3.808s][info][gc,heap       ] GC(11) Eden regions: 154->0(48)
[3.808s][info][gc,heap       ] GC(11) Survivor regions: 7->21(21)
[3.808s][info][gc,heap       ] GC(11) Old regions: 54->195
[3.808s][info][gc,heap       ] GC(11) Humongous regions: 41->41
[3.808s][info][gc,metaspace  ] GC(11) Metaspace: 10494K->10494K(27648K)
[3.808s][info][gc            ] GC(11) Pause Young (G1 Evacuation Pause) 256M->257M(512M) 427.167ms
[3.808s][info][gc,cpu        ] GC(11) User=2.70s Sys=0.20s Real=0.43s
[3.985s][info][gc,start      ] GC(12) Pause Initial Mark (G1 Humongous Allocation)
[3.985s][info][gc,task       ] GC(12) Using 8 workers of 8 for evacuation
[4.092s][info][gc,phases     ] GC(12)   Pre Evacuate Collection Set: 0.1ms
[4.092s][info][gc,phases     ] GC(12)   Evacuate Collection Set: 104.9ms
[4.092s][info][gc,phases     ] GC(12)   Post Evacuate Collection Set: 1.2ms
[4.092s][info][gc,phases     ] GC(12)   Other: 0.8ms
[4.092s][info][gc,heap       ] GC(12) Eden regions: 42->0(49)
[4.092s][info][gc,heap       ] GC(12) Survivor regions: 21->9(9)
[4.092s][info][gc,heap       ] GC(12) Old regions: 195->251
[4.092s][info][gc,heap       ] GC(12) Humongous regions: 41->41
[4.092s][info][gc,metaspace  ] GC(12) Metaspace: 10494K->10494K(27648K)
[4.092s][info][gc            ] GC(12) Pause Initial Mark (G1 Humongous Allocation) 299M->301M(512M) 107.524ms
[4.092s][info][gc,cpu        ] GC(12) User=0.81s Sys=0.03s Real=0.11s
[4.092s][info][gc            ] GC(13) Concurrent Cycle
[4.092s][info][gc,marking    ] GC(13) Concurrent Clear Claimed Marks
[4.093s][info][gc,marking    ] GC(13) Concurrent Clear Claimed Marks 0.095ms
[4.093s][info][gc,marking    ] GC(13) Concurrent Scan Root Regions
[4.122s][info][gc,marking    ] GC(13) Concurrent Scan Root Regions 29.452ms
[4.122s][info][gc,marking    ] GC(13) Concurrent Mark (4.122s)
[4.122s][info][gc,marking    ] GC(13) Concurrent Mark From Roots
[4.122s][info][gc,task       ] GC(13) Using 2 workers of 2 for marking
[4.144s][info][gc,marking    ] GC(13) Concurrent Mark From Roots 21.261ms
[4.144s][info][gc,marking    ] GC(13) Concurrent Mark (4.122s, 4.144s) 21.432ms
[4.175s][info][gc,start      ] GC(13) Pause Remark
[4.182s][info][gc,stringtable] GC(13) Cleaned string and symbol table, strings: 4598 processed, 0 removed, symbols: 38017 processed, 0 removed
[4.182s][info][gc            ] GC(13) Pause Remark 322M->322M(512M) 6.519ms
[4.182s][info][gc,cpu        ] GC(13) User=0.02s Sys=0.00s Real=0.01s
[4.182s][info][gc,marking    ] GC(13) Concurrent Create Live Data
[4.188s][info][gc,marking    ] GC(13) Concurrent Create Live Data 6.412ms
[4.189s][info][gc,start      ] GC(13) Pause Cleanup
[4.196s][info][gc            ] GC(13) Pause Cleanup 323M->45M(512M) 7.317ms
[4.196s][info][gc,cpu        ] GC(13) User=0.00s Sys=0.00s Real=0.01s
[4.196s][info][gc,marking    ] GC(13) Concurrent Complete Cleanup
[4.197s][info][gc,marking    ] GC(13) Concurrent Complete Cleanup 0.688ms
[4.197s][info][gc,marking    ] GC(13) Concurrent Cleanup for Next Mark
[4.202s][info][gc,marking    ] GC(13) Concurrent Cleanup for Next Mark 4.737ms
[4.202s][info][gc            ] GC(13) Concurrent Cycle 109.632ms
[4.254s][info][gc,start      ] GC(14) Pause Young (G1 Evacuation Pause)
[4.254s][info][gc,task       ] GC(14) Using 8 workers of 8 for evacuation
[4.429s][info][gc,phases     ] GC(14)   Pre Evacuate Collection Set: 0.1ms
[4.429s][info][gc,phases     ] GC(14)   Evacuate Collection Set: 173.0ms
[4.429s][info][gc,phases     ] GC(14)   Post Evacuate Collection Set: 1.3ms
[4.429s][info][gc,phases     ] GC(14)   Other: 0.8ms
[4.429s][info][gc,heap       ] GC(14) Eden regions: 49->0(52)
[4.429s][info][gc,heap       ] GC(14) Survivor regions: 9->8(8)
[4.429s][info][gc,heap       ] GC(14) Old regions: 14->57
[4.429s][info][gc,heap       ] GC(14) Humongous regions: 21->21
[4.429s][info][gc,metaspace  ] GC(14) Metaspace: 10494K->10494K(27648K)
[4.429s][info][gc            ] GC(14) Pause Young (G1 Evacuation Pause) 93M->85M(512M) 175.899ms
[4.429s][info][gc,cpu        ] GC(14) User=1.02s Sys=0.09s Real=0.18s
[4.548s][info][gc,start      ] GC(15) Pause Young (G1 Evacuation Pause)
[4.548s][info][gc,task       ] GC(15) Using 8 workers of 8 for evacuation
[4.710s][info][gc,phases     ] GC(15)   Pre Evacuate Collection Set: 0.0ms
[4.710s][info][gc,phases     ] GC(15)   Evacuate Collection Set: 145.9ms
[4.710s][info][gc,phases     ] GC(15)   Post Evacuate Collection Set: 15.3ms
[4.710s][info][gc,phases     ] GC(15)   Other: 0.7ms
[4.710s][info][gc,heap       ] GC(15) Eden regions: 52->0(56)
[4.710s][info][gc,heap       ] GC(15) Survivor regions: 8->8(8)
[4.710s][info][gc,heap       ] GC(15) Old regions: 57->111
[4.710s][info][gc,heap       ] GC(15) Humongous regions: 21->21
[4.710s][info][gc,metaspace  ] GC(15) Metaspace: 10494K->10494K(27648K)
[4.711s][info][gc            ] GC(15) Pause Young (G1 Evacuation Pause) 137M->139M(512M) 162.284ms
[4.711s][info][gc,cpu        ] GC(15) User=1.02s Sys=0.03s Real=0.16s
[4.844s][info][gc,start      ] GC(16) Pause Young (G1 Evacuation Pause)
[4.844s][info][gc,task       ] GC(16) Using 8 workers of 8 for evacuation
[4.993s][info][gc,phases     ] GC(16)   Pre Evacuate Collection Set: 0.1ms
[4.994s][info][gc,phases     ] GC(16)   Evacuate Collection Set: 145.7ms
[4.994s][info][gc,phases     ] GC(16)   Post Evacuate Collection Set: 2.4ms
[4.994s][info][gc,phases     ] GC(16)   Other: 1.0ms
[4.994s][info][gc,heap       ] GC(16) Eden regions: 56->0(59)
[4.994s][info][gc,heap       ] GC(16) Survivor regions: 8->8(8)
[4.994s][info][gc,heap       ] GC(16) Old regions: 111->169
[4.994s][info][gc,heap       ] GC(16) Humongous regions: 42->42
[4.994s][info][gc,metaspace  ] GC(16) Metaspace: 10494K->10494K(27648K)
[4.994s][info][gc            ] GC(16) Pause Young (G1 Evacuation Pause) 216M->218M(512M) 150.087ms
[4.994s][info][gc,cpu        ] GC(16) User=1.00s Sys=0.02s Real=0.15s
[5.110s][info][gc,start      ] GC(17) Pause Young (G1 Evacuation Pause)
[5.110s][info][gc,task       ] GC(17) Using 8 workers of 8 for evacuation
[5.272s][info][gc,phases     ] GC(17)   Pre Evacuate Collection Set: 0.0ms
[5.272s][info][gc,phases     ] GC(17)   Evacuate Collection Set: 159.5ms
[5.272s][info][gc,phases     ] GC(17)   Post Evacuate Collection Set: 1.1ms
[5.272s][info][gc,phases     ] GC(17)   Other: 0.6ms
[5.272s][info][gc,heap       ] GC(17) Eden regions: 59->0(56)
[5.272s][info][gc,heap       ] GC(17) Survivor regions: 8->9(9)
[5.272s][info][gc,heap       ] GC(17) Old regions: 169->228
[5.272s][info][gc,heap       ] GC(17) Humongous regions: 42->42
[5.272s][info][gc,metaspace  ] GC(17) Metaspace: 10494K->10494K(27648K)
[5.272s][info][gc            ] GC(17) Pause Young (G1 Evacuation Pause) 277M->279M(512M) 161.867ms
[5.272s][info][gc,cpu        ] GC(17) User=0.95s Sys=0.08s Real=0.17s
[5.370s][info][gc,start      ] GC(18) Pause Initial Mark (G1 Humongous Allocation)
[5.370s][info][gc,task       ] GC(18) Using 8 workers of 8 for evacuation
[5.444s][info][gc,phases     ] GC(18)   Pre Evacuate Collection Set: 0.1ms
[5.444s][info][gc,phases     ] GC(18)   Evacuate Collection Set: 70.8ms
[5.444s][info][gc,phases     ] GC(18)   Post Evacuate Collection Set: 1.7ms
[5.444s][info][gc,phases     ] GC(18)   Other: 1.2ms
[5.444s][info][gc,heap       ] GC(18) Eden regions: 35->0(45)
[5.444s][info][gc,heap       ] GC(18) Survivor regions: 9->9(9)
[5.444s][info][gc,heap       ] GC(18) Old regions: 228->264
[5.444s][info][gc,heap       ] GC(18) Humongous regions: 42->42
[5.444s][info][gc,metaspace  ] GC(18) Metaspace: 10494K->10494K(27648K)
[5.444s][info][gc            ] GC(18) Pause Initial Mark (G1 Humongous Allocation) 313M->315M(512M) 74.075ms
[5.444s][info][gc,cpu        ] GC(18) User=0.50s Sys=0.02s Real=0.08s
[5.444s][info][gc            ] GC(19) Concurrent Cycle
[5.444s][info][gc,marking    ] GC(19) Concurrent Clear Claimed Marks
[5.444s][info][gc,marking    ] GC(19) Concurrent Clear Claimed Marks 0.090ms
[5.444s][info][gc,marking    ] GC(19) Concurrent Scan Root Regions
[5.490s][info][gc,marking    ] GC(19) Concurrent Scan Root Regions 46.108ms
[5.491s][info][gc,marking    ] GC(19) Concurrent Mark (5.491s)
[5.491s][info][gc,marking    ] GC(19) Concurrent Mark From Roots
[5.491s][info][gc,task       ] GC(19) Using 2 workers of 2 for marking
[5.502s][info][gc,marking    ] GC(19) Concurrent Mark From Roots 11.410ms
[5.502s][info][gc,marking    ] GC(19) Concurrent Mark (5.491s, 5.502s) 11.582ms
[5.503s][info][gc,start      ] GC(19) Pause Remark
[5.542s][info][gc,stringtable] GC(19) Cleaned string and symbol table, strings: 4598 processed, 0 removed, symbols: 38017 processed, 0 removed
[5.543s][info][gc            ] GC(19) Pause Remark 376M->376M(512M) 39.999ms
[5.543s][info][gc,cpu        ] GC(19) User=0.19s Sys=0.02s Real=0.05s
[5.543s][info][gc,marking    ] GC(19) Concurrent Create Live Data
[5.545s][info][gc,marking    ] GC(19) Concurrent Create Live Data 2.539ms
[5.546s][info][gc,start      ] GC(19) Pause Cleanup
[5.561s][info][gc            ] GC(19) Pause Cleanup 376M->84M(512M) 14.971ms
[5.561s][info][gc,cpu        ] GC(19) User=0.00s Sys=0.00s Real=0.00s
[5.562s][info][gc,marking    ] GC(19) Concurrent Complete Cleanup
[5.563s][info][gc,marking    ] GC(19) Concurrent Complete Cleanup 1.378ms
[5.563s][info][gc,marking    ] GC(19) Concurrent Cleanup for Next Mark
[5.567s][info][gc,marking    ] GC(19) Concurrent Cleanup for Next Mark 4.258ms
[5.567s][info][gc            ] GC(19) Concurrent Cycle 123.251ms
[5.569s][info][gc,start      ] GC(20) Pause Young (G1 Evacuation Pause)
[5.569s][info][gc,task       ] GC(20) Using 8 workers of 8 for evacuation
[5.641s][info][gc,phases     ] GC(20)   Pre Evacuate Collection Set: 0.0ms
[5.641s][info][gc,phases     ] GC(20)   Evacuate Collection Set: 70.3ms
[5.641s][info][gc,phases     ] GC(20)   Post Evacuate Collection Set: 1.2ms
[5.641s][info][gc,phases     ] GC(20)   Other: 0.6ms
[5.641s][info][gc,heap       ] GC(20) Eden regions: 45->0(90)
[5.641s][info][gc,heap       ] GC(20) Survivor regions: 9->7(7)
[5.641s][info][gc,heap       ] GC(20) Old regions: 14->55
[5.641s][info][gc,heap       ] GC(20) Humongous regions: 22->22
[5.641s][info][gc,metaspace  ] GC(20) Metaspace: 10494K->10494K(27648K)
[5.641s][info][gc            ] GC(20) Pause Young (G1 Evacuation Pause) 90M->83M(512M) 72.535ms
[5.641s][info][gc,cpu        ] GC(20) User=0.44s Sys=0.00s Real=0.07s
[5.778s][info][gc,start      ] GC(21) Pause Young (G1 Evacuation Pause)
[5.778s][info][gc,task       ] GC(21) Using 8 workers of 8 for evacuation
[5.940s][info][gc,phases     ] GC(21)   Pre Evacuate Collection Set: 0.1ms
[5.940s][info][gc,phases     ] GC(21)   Evacuate Collection Set: 159.1ms
[5.940s][info][gc,phases     ] GC(21)   Post Evacuate Collection Set: 1.5ms
[5.940s][info][gc,phases     ] GC(21)   Other: 0.6ms
[5.940s][info][gc,heap       ] GC(21) Eden regions: 85->0(85)
[5.940s][info][gc,heap       ] GC(21) Survivor regions: 7->12(12)
[5.940s][info][gc,heap       ] GC(21) Old regions: 55->137
[5.940s][info][gc,heap       ] GC(21) Humongous regions: 44->44
[5.940s][info][gc,metaspace  ] GC(21) Metaspace: 10494K->10494K(27648K)
[5.940s][info][gc            ] GC(21) Pause Young (G1 Evacuation Pause) 190M->192M(512M) 161.569ms
[5.940s][info][gc,cpu        ] GC(21) User=1.13s Sys=0.16s Real=0.17s
[6.051s][info][gc,start      ] GC(22) Pause Young (G1 Evacuation Pause)
[6.051s][info][gc,task       ] GC(22) Using 8 workers of 8 for evacuation
[6.209s][info][gc,phases     ] GC(22)   Pre Evacuate Collection Set: 0.0ms
[6.209s][info][gc,phases     ] GC(22)   Evacuate Collection Set: 154.9ms
[6.209s][info][gc,phases     ] GC(22)   Post Evacuate Collection Set: 2.1ms
[6.209s][info][gc,phases     ] GC(22)   Other: 0.6ms
[6.209s][info][gc,heap       ] GC(22) Eden regions: 85->0(56)
[6.209s][info][gc,heap       ] GC(22) Survivor regions: 12->13(13)
[6.209s][info][gc,heap       ] GC(22) Old regions: 137->223
[6.209s][info][gc,heap       ] GC(22) Humongous regions: 44->44
[6.209s][info][gc,metaspace  ] GC(22) Metaspace: 10494K->10494K(27648K)
[6.209s][info][gc            ] GC(22) Pause Young (G1 Evacuation Pause) 277M->279M(512M) 158.306ms
[6.209s][info][gc,cpu        ] GC(22) User=1.16s Sys=0.09s Real=0.16s
[6.322s][info][gc,start      ] GC(23) Pause Initial Mark (G1 Humongous Allocation)
[6.322s][info][gc,task       ] GC(23) Using 8 workers of 8 for evacuation
[6.416s][info][gc,phases     ] GC(23)   Pre Evacuate Collection Set: 0.0ms
[6.416s][info][gc,phases     ] GC(23)   Evacuate Collection Set: 92.1ms
[6.416s][info][gc,phases     ] GC(23)   Post Evacuate Collection Set: 1.2ms
[6.416s][info][gc,phases     ] GC(23)   Other: 0.8ms
[6.416s][info][gc,heap       ] GC(23) Eden regions: 45->0(41)
[6.416s][info][gc,heap       ] GC(23) Survivor regions: 13->9(9)
[6.416s][info][gc,heap       ] GC(23) Old regions: 223->273
[6.416s][info][gc,heap       ] GC(23) Humongous regions: 44->44
[6.416s][info][gc,metaspace  ] GC(23) Metaspace: 10494K->10494K(27648K)
[6.416s][info][gc            ] GC(23) Pause Initial Mark (G1 Humongous Allocation) 324M->325M(512M) 94.531ms
[6.416s][info][gc,cpu        ] GC(23) User=0.61s Sys=0.03s Real=0.09s
[6.417s][info][gc            ] GC(24) Concurrent Cycle
[6.417s][info][gc,marking    ] GC(24) Concurrent Clear Claimed Marks
[6.417s][info][gc,marking    ] GC(24) Concurrent Clear Claimed Marks 0.072ms
[6.417s][info][gc,marking    ] GC(24) Concurrent Scan Root Regions
[6.424s][info][gc,marking    ] GC(24) Concurrent Scan Root Regions 7.429ms
[6.424s][info][gc,marking    ] GC(24) Concurrent Mark (6.424s)
[6.424s][info][gc,marking    ] GC(24) Concurrent Mark From Roots
[6.424s][info][gc,task       ] GC(24) Using 2 workers of 2 for marking
[6.462s][info][gc,marking    ] GC(24) Concurrent Mark From Roots 37.964ms
[6.462s][info][gc,marking    ] GC(24) Concurrent Mark (6.424s, 6.462s) 38.102ms
[6.478s][info][gc,start      ] GC(24) Pause Remark
[6.482s][info][gc,stringtable] GC(24) Cleaned string and symbol table, strings: 4598 processed, 0 removed, symbols: 38017 processed, 0 removed
[6.482s][info][gc            ] GC(24) Pause Remark 353M->353M(512M) 4.200ms
[6.482s][info][gc,cpu        ] GC(24) User=0.00s Sys=0.00s Real=0.00s
[6.482s][info][gc,marking    ] GC(24) Concurrent Create Live Data
[6.490s][info][gc,marking    ] GC(24) Concurrent Create Live Data 7.779ms
[6.495s][info][gc,start      ] GC(24) Pause Cleanup
[6.511s][info][gc            ] GC(24) Pause Cleanup 362M->60M(512M) 15.524ms
[6.511s][info][gc,cpu        ] GC(24) User=0.00s Sys=0.00s Real=0.02s
[6.516s][info][gc,marking    ] GC(24) Concurrent Complete Cleanup
[6.517s][info][gc,marking    ] GC(24) Concurrent Complete Cleanup 1.112ms
[6.517s][info][gc,marking    ] GC(24) Concurrent Cleanup for Next Mark
[6.519s][info][gc,marking    ] GC(24) Concurrent Cleanup for Next Mark 2.132ms
[6.519s][info][gc            ] GC(24) Concurrent Cycle 102.417ms
[6.559s][info][gc,start      ] GC(25) Pause Young (G1 Evacuation Pause)
[6.559s][info][gc,task       ] GC(25) Using 8 workers of 8 for evacuation
[6.639s][info][gc,phases     ] GC(25)   Pre Evacuate Collection Set: 0.0ms
[6.639s][info][gc,phases     ] GC(25)   Evacuate Collection Set: 78.2ms
[6.639s][info][gc,phases     ] GC(25)   Post Evacuate Collection Set: 1.3ms
[6.639s][info][gc,phases     ] GC(25)   Other: 0.7ms
[6.639s][info][gc,heap       ] GC(25) Eden regions: 41->0(110)
[6.639s][info][gc,heap       ] GC(25) Survivor regions: 9->7(7)
[6.639s][info][gc,heap       ] GC(25) Old regions: 14->50
[6.639s][info][gc,heap       ] GC(25) Humongous regions: 23->23
[6.639s][info][gc,metaspace  ] GC(25) Metaspace: 10494K->10494K(27648K)
[6.639s][info][gc            ] GC(25) Pause Young (G1 Evacuation Pause) 87M->80M(512M) 80.490ms
[6.639s][info][gc,cpu        ] GC(25) User=0.61s Sys=0.00s Real=0.08s
[6.774s][info][gc,start      ] GC(26) Pause Young (G1 Evacuation Pause)
[6.774s][info][gc,task       ] GC(26) Using 8 workers of 8 for evacuation
[7.010s][info][gc,mmu        ] GC(26) MMU target violated: 201.0ms (200.0ms/201.0ms)
[7.010s][info][gc,phases     ] GC(26)   Pre Evacuate Collection Set: 0.0ms
[7.010s][info][gc,phases     ] GC(26)   Evacuate Collection Set: 233.3ms
[7.010s][info][gc,phases     ] GC(26)   Post Evacuate Collection Set: 1.6ms
[7.010s][info][gc,phases     ] GC(26)   Other: 0.8ms
[7.010s][info][gc,heap       ] GC(26) Eden regions: 110->0(78)
[7.010s][info][gc,heap       ] GC(26) Survivor regions: 7->15(15)
[7.010s][info][gc,heap       ] GC(26) Old regions: 50->155
[7.011s][info][gc,heap       ] GC(26) Humongous regions: 46->46
[7.011s][info][gc,metaspace  ] GC(26) Metaspace: 10494K->10494K(27648K)
[7.011s][info][gc            ] GC(26) Pause Young (G1 Evacuation Pause) 213M->216M(512M) 236.362ms
[7.011s][info][gc,cpu        ] GC(26) User=1.34s Sys=0.16s Real=0.23s
[7.201s][info][gc,start      ] GC(27) Pause Young (G1 Evacuation Pause)
[7.201s][info][gc,task       ] GC(27) Using 8 workers of 8 for evacuation
[7.435s][info][gc,mmu        ] GC(27) MMU target violated: 201.0ms (200.0ms/201.0ms)
[7.435s][info][gc,phases     ] GC(27)   Pre Evacuate Collection Set: 0.1ms
[7.435s][info][gc,phases     ] GC(27)   Evacuate Collection Set: 230.8ms
[7.435s][info][gc,phases     ] GC(27)   Post Evacuate Collection Set: 2.5ms
[7.435s][info][gc,phases     ] GC(27)   Other: 0.8ms
[7.435s][info][gc,heap       ] GC(27) Eden regions: 78->0(51)
[7.435s][info][gc,heap       ] GC(27) Survivor regions: 15->12(12)
[7.435s][info][gc,heap       ] GC(27) Old regions: 155->238
[7.435s][info][gc,heap       ] GC(27) Humongous regions: 46->46
[7.435s][info][gc,metaspace  ] GC(27) Metaspace: 10494K->10494K(27648K)
[7.435s][info][gc            ] GC(27) Pause Young (G1 Evacuation Pause) 294M->296M(512M) 234.601ms
[7.436s][info][gc,cpu        ] GC(27) User=1.17s Sys=0.23s Real=0.24s
[7.571s][info][gc,start      ] GC(28) Pause Initial Mark (G1 Humongous Allocation)
[7.571s][info][gc,task       ] GC(28) Using 8 workers of 8 for evacuation
[7.732s][info][gc,phases     ] GC(28)   Pre Evacuate Collection Set: 0.1ms
[7.732s][info][gc,phases     ] GC(28)   Evacuate Collection Set: 141.9ms
[7.732s][info][gc,phases     ] GC(28)   Post Evacuate Collection Set: 18.5ms
[7.732s][info][gc,phases     ] GC(28)   Other: 0.8ms
[7.732s][info][gc,heap       ] GC(28) Eden regions: 40->0(38)
[7.733s][info][gc,heap       ] GC(28) Survivor regions: 12->8(8)
[7.733s][info][gc,heap       ] GC(28) Old regions: 238->284
[7.733s][info][gc,heap       ] GC(28) Humongous regions: 46->46
[7.733s][info][gc,metaspace  ] GC(28) Metaspace: 10494K->10494K(27648K)
[7.733s][info][gc            ] GC(28) Pause Initial Mark (G1 Humongous Allocation) 335M->337M(512M) 161.536ms
[7.733s][info][gc,cpu        ] GC(28) User=0.86s Sys=0.14s Real=0.14s
[7.733s][info][gc            ] GC(29) Concurrent Cycle
[7.733s][info][gc,marking    ] GC(29) Concurrent Clear Claimed Marks
[7.733s][info][gc,marking    ] GC(29) Concurrent Clear Claimed Marks 0.062ms
[7.733s][info][gc,marking    ] GC(29) Concurrent Scan Root Regions
[7.770s][info][gc,marking    ] GC(29) Concurrent Scan Root Regions 37.203ms
[7.770s][info][gc,marking    ] GC(29) Concurrent Mark (7.770s)
[7.770s][info][gc,marking    ] GC(29) Concurrent Mark From Roots
[7.771s][info][gc,task       ] GC(29) Using 2 workers of 2 for marking
[7.800s][info][gc,marking    ] GC(29) Concurrent Mark From Roots 29.230ms
[7.800s][info][gc,marking    ] GC(29) Concurrent Mark (7.770s, 7.800s) 29.410ms
[7.802s][info][gc,start      ] GC(29) Pause Remark
[7.826s][info][gc,stringtable] GC(29) Cleaned string and symbol table, strings: 4598 processed, 0 removed, symbols: 38017 processed, 0 removed
[7.826s][info][gc            ] GC(29) Pause Remark 361M->361M(512M) 24.247ms
[7.826s][info][gc,cpu        ] GC(29) User=0.22s Sys=0.00s Real=0.03s
[7.827s][info][gc,marking    ] GC(29) Concurrent Create Live Data
[7.835s][info][gc,marking    ] GC(29) Concurrent Create Live Data 8.052ms
[7.839s][info][gc,start      ] GC(29) Pause Cleanup
[7.840s][info][gc            ] GC(29) Pause Cleanup 362M->47M(512M) 1.599ms
[7.841s][info][gc,cpu        ] GC(29) User=0.00s Sys=0.00s Real=0.00s
[7.848s][info][gc,marking    ] GC(29) Concurrent Complete Cleanup
[7.848s][info][gc,marking    ] GC(29) Concurrent Complete Cleanup 0.735ms
[7.849s][info][gc,marking    ] GC(29) Concurrent Cleanup for Next Mark
[7.851s][info][gc,marking    ] GC(29) Concurrent Cleanup for Next Mark 2.413ms
[7.851s][info][gc            ] GC(29) Concurrent Cycle 118.227ms
[7.884s][info][gc,start      ] GC(30) Pause Young (G1 Evacuation Pause)
[7.884s][info][gc,task       ] GC(30) Using 8 workers of 8 for evacuation
[8.209s][info][gc,mmu        ] GC(30) MMU target violated: 201.0ms (200.0ms/201.0ms)
[8.209s][info][gc,phases     ] GC(30)   Pre Evacuate Collection Set: 0.0ms
[8.209s][info][gc,phases     ] GC(30)   Evacuate Collection Set: 322.7ms
[8.209s][info][gc,phases     ] GC(30)   Post Evacuate Collection Set: 1.2ms
[8.209s][info][gc,phases     ] GC(30)   Other: 0.8ms
[8.209s][info][gc,heap       ] GC(30) Eden regions: 38->0(35)
[8.209s][info][gc,heap       ] GC(30) Survivor regions: 8->6(6)
[8.209s][info][gc,heap       ] GC(30) Old regions: 14->48
[8.209s][info][gc,heap       ] GC(30) Humongous regions: 23->23
[8.209s][info][gc,metaspace  ] GC(30) Metaspace: 10494K->10494K(27648K)
[8.209s][info][gc            ] GC(30) Pause Young (G1 Evacuation Pause) 83M->76M(512M) 325.092ms
[8.209s][info][gc,cpu        ] GC(30) User=1.39s Sys=0.22s Real=0.32s
[8.272s][info][gc,start      ] GC(31) Pause Young (G1 Evacuation Pause)
[8.272s][info][gc,task       ] GC(31) Using 8 workers of 8 for evacuation
[8.430s][info][gc,phases     ] GC(31)   Pre Evacuate Collection Set: 0.0ms
[8.430s][info][gc,phases     ] GC(31)   Evacuate Collection Set: 144.1ms
[8.430s][info][gc,phases     ] GC(31)   Post Evacuate Collection Set: 13.0ms
[8.430s][info][gc,phases     ] GC(31)   Other: 0.6ms
[8.430s][info][gc,heap       ] GC(31) Eden regions: 35->0(38)
[8.430s][info][gc,heap       ] GC(31) Survivor regions: 6->6(6)
[8.430s][info][gc,heap       ] GC(31) Old regions: 48->84
[8.430s][info][gc,heap       ] GC(31) Humongous regions: 23->23
[8.430s][info][gc,metaspace  ] GC(31) Metaspace: 10494K->10494K(27648K)
[8.431s][info][gc            ] GC(31) Pause Young (G1 Evacuation Pause) 111M->112M(512M) 158.407ms
[8.431s][info][gc,cpu        ] GC(31) User=0.61s Sys=0.08s Real=0.16s
[8.500s][info][gc,start      ] GC(32) Pause Young (G1 Evacuation Pause)
[8.500s][info][gc,task       ] GC(32) Using 8 workers of 8 for evacuation
[8.651s][info][gc,phases     ] GC(32)   Pre Evacuate Collection Set: 0.1ms
[8.652s][info][gc,phases     ] GC(32)   Evacuate Collection Set: 145.2ms
[8.652s][info][gc,phases     ] GC(32)   Post Evacuate Collection Set: 5.3ms
[8.652s][info][gc,phases     ] GC(32)   Other: 0.8ms
[8.652s][info][gc,heap       ] GC(32) Eden regions: 38->0(41)
[8.652s][info][gc,heap       ] GC(32) Survivor regions: 6->6(6)
[8.652s][info][gc,heap       ] GC(32) Old regions: 84->124
[8.652s][info][gc,heap       ] GC(32) Humongous regions: 23->23
[8.652s][info][gc,metaspace  ] GC(32) Metaspace: 10494K->10494K(27648K)
[8.652s][info][gc            ] GC(32) Pause Young (G1 Evacuation Pause) 150M->153M(512M) 151.835ms
[8.652s][info][gc,cpu        ] GC(32) User=0.84s Sys=0.03s Real=0.14s
[8.779s][info][gc,start      ] GC(33) Pause Young (G1 Evacuation Pause)
[8.780s][info][gc,task       ] GC(33) Using 8 workers of 8 for evacuation
[8.981s][info][gc,mmu        ] GC(33) MMU target violated: 201.0ms (200.0ms/201.0ms)
[8.981s][info][gc,phases     ] GC(33)   Pre Evacuate Collection Set: 0.1ms
[8.981s][info][gc,phases     ] GC(33)   Evacuate Collection Set: 199.5ms
[8.981s][info][gc,phases     ] GC(33)   Post Evacuate Collection Set: 1.4ms
[8.981s][info][gc,phases     ] GC(33)   Other: 1.0ms
[8.981s][info][gc,heap       ] GC(33) Eden regions: 41->0(40)
[8.981s][info][gc,heap       ] GC(33) Survivor regions: 6->6(6)
[8.982s][info][gc,heap       ] GC(33) Old regions: 124->167
[8.982s][info][gc,heap       ] GC(33) Humongous regions: 47->47
[8.982s][info][gc,metaspace  ] GC(33) Metaspace: 10494K->10494K(27648K)
[8.982s][info][gc            ] GC(33) Pause Young (G1 Evacuation Pause) 218M->220M(512M) 202.377ms
[8.982s][info][gc,cpu        ] GC(33) User=1.34s Sys=0.03s Real=0.20s
[9.074s][info][gc,start      ] GC(34) Pause Young (G1 Evacuation Pause)
[9.075s][info][gc,task       ] GC(34) Using 8 workers of 8 for evacuation
[9.211s][info][gc,phases     ] GC(34)   Pre Evacuate Collection Set: 0.8ms
[9.211s][info][gc,phases     ] GC(34)   Evacuate Collection Set: 130.9ms
[9.211s][info][gc,phases     ] GC(34)   Post Evacuate Collection Set: 1.3ms
[9.211s][info][gc,phases     ] GC(34)   Other: 5.4ms
[9.211s][info][gc,heap       ] GC(34) Eden regions: 40->0(46)
[9.211s][info][gc,heap       ] GC(34) Survivor regions: 6->6(6)
[9.211s][info][gc,heap       ] GC(34) Old regions: 167->209
[9.211s][info][gc,heap       ] GC(34) Humongous regions: 47->47
[9.211s][info][gc,metaspace  ] GC(34) Metaspace: 10494K->10494K(27648K)
[9.211s][info][gc            ] GC(34) Pause Young (G1 Evacuation Pause) 260M->262M(512M) 137.690ms
[9.211s][info][gc,cpu        ] GC(34) User=0.88s Sys=0.00s Real=0.13s
[9.303s][info][gc,start      ] GC(35) Pause Initial Mark (G1 Evacuation Pause)
[9.303s][info][gc,task       ] GC(35) Using 8 workers of 8 for evacuation
[9.425s][info][gc,phases     ] GC(35)   Pre Evacuate Collection Set: 0.1ms
[9.425s][info][gc,phases     ] GC(35)   Evacuate Collection Set: 115.7ms
[9.425s][info][gc,phases     ] GC(35)   Post Evacuate Collection Set: 2.7ms
[9.425s][info][gc,phases     ] GC(35)   Other: 4.0ms
[9.426s][info][gc,heap       ] GC(35) Eden regions: 46->0(46)
[9.426s][info][gc,heap       ] GC(35) Survivor regions: 6->7(7)
[9.426s][info][gc,heap       ] GC(35) Old regions: 209->256
[9.426s][info][gc,heap       ] GC(35) Humongous regions: 47->47
[9.426s][info][gc,metaspace  ] GC(35) Metaspace: 10494K->10494K(27648K)
[9.426s][info][gc            ] GC(35) Pause Initial Mark (G1 Evacuation Pause) 308M->310M(512M) 123.165ms
[9.426s][info][gc,cpu        ] GC(35) User=0.83s Sys=0.02s Real=0.12s
[9.426s][info][gc            ] GC(36) Concurrent Cycle
[9.426s][info][gc,marking    ] GC(36) Concurrent Clear Claimed Marks
[9.426s][info][gc,marking    ] GC(36) Concurrent Clear Claimed Marks 0.092ms
[9.426s][info][gc,marking    ] GC(36) Concurrent Scan Root Regions
[9.446s][info][gc,marking    ] GC(36) Concurrent Scan Root Regions 19.236ms
[9.446s][info][gc,marking    ] GC(36) Concurrent Mark (9.446s)
[9.446s][info][gc,marking    ] GC(36) Concurrent Mark From Roots
[9.446s][info][gc,task       ] GC(36) Using 2 workers of 2 for marking
[9.563s][info][gc,start      ] GC(37) Pause Young (G1 Evacuation Pause)
[9.563s][info][gc,task       ] GC(37) Using 8 workers of 8 for evacuation
[9.711s][info][gc,phases     ] GC(37)   Pre Evacuate Collection Set: 0.1ms
[9.711s][info][gc,phases     ] GC(37)   Evacuate Collection Set: 145.7ms
[9.711s][info][gc,phases     ] GC(37)   Post Evacuate Collection Set: 1.5ms
[9.711s][info][gc,phases     ] GC(37)   Other: 0.8ms
[9.711s][info][gc,heap       ] GC(37) Eden regions: 46->0(24)
[9.711s][info][gc,heap       ] GC(37) Survivor regions: 7->7(7)
[9.711s][info][gc,heap       ] GC(37) Old regions: 256->304
[9.711s][info][gc,heap       ] GC(37) Humongous regions: 71->71
[9.711s][info][gc,metaspace  ] GC(37) Metaspace: 10494K->10494K(27648K)
[9.711s][info][gc            ] GC(37) Pause Young (G1 Evacuation Pause) 380M->382M(512M) 148.554ms
[9.711s][info][gc,cpu        ] GC(37) User=1.13s Sys=0.00s Real=0.14s
[9.750s][info][gc,start      ] GC(38) Pause Young (G1 Evacuation Pause)
[9.750s][info][gc,task       ] GC(38) Using 8 workers of 8 for evacuation
[9.855s][info][gc,phases     ] GC(38)   Pre Evacuate Collection Set: 0.1ms
[9.855s][info][gc,phases     ] GC(38)   Evacuate Collection Set: 103.1ms
[9.855s][info][gc,phases     ] GC(38)   Post Evacuate Collection Set: 1.7ms
[9.855s][info][gc,phases     ] GC(38)   Other: 0.7ms
[9.855s][info][gc,heap       ] GC(38) Eden regions: 24->0(21)
[9.855s][info][gc,heap       ] GC(38) Survivor regions: 7->4(4)
[9.856s][info][gc,heap       ] GC(38) Old regions: 304->334
[9.856s][info][gc,heap       ] GC(38) Humongous regions: 71->71
[9.856s][info][gc,metaspace  ] GC(38) Metaspace: 10494K->10494K(27648K)
[9.856s][info][gc            ] GC(38) Pause Young (G1 Evacuation Pause) 406M->408M(512M) 106.027ms
[9.856s][info][gc,cpu        ] GC(38) User=0.59s Sys=0.02s Real=0.10s
[9.890s][info][gc,start      ] GC(39) Pause Young (G1 Evacuation Pause)
[9.890s][info][gc,task       ] GC(39) Using 8 workers of 8 for evacuation
[9.947s][info][gc,phases     ] GC(39)   Pre Evacuate Collection Set: 0.0ms
[9.947s][info][gc,phases     ] GC(39)   Evacuate Collection Set: 54.2ms
[9.947s][info][gc,phases     ] GC(39)   Post Evacuate Collection Set: 2.0ms
[9.947s][info][gc,phases     ] GC(39)   Other: 0.7ms
[9.947s][info][gc,heap       ] GC(39) Eden regions: 21->0(21)
[9.947s][info][gc,heap       ] GC(39) Survivor regions: 4->4(4)
[9.947s][info][gc,heap       ] GC(39) Old regions: 334->357
[9.947s][info][gc,heap       ] GC(39) Humongous regions: 71->71
[9.947s][info][gc,metaspace  ] GC(39) Metaspace: 10494K->10494K(27648K)
[9.947s][info][gc            ] GC(39) Pause Young (G1 Evacuation Pause) 429M->431M(512M) 57.739ms
[9.947s][info][gc,cpu        ] GC(39) User=0.39s Sys=0.08s Real=0.06s
[9.989s][info][gc,start      ] GC(40) Pause Young (G1 Evacuation Pause)
[9.989s][info][gc,task       ] GC(40) Using 8 workers of 8 for evacuation
[10.060s][info][gc,phases     ] GC(40)   Pre Evacuate Collection Set: 0.0ms
[10.060s][info][gc,phases     ] GC(40)   Evacuate Collection Set: 68.9ms
[10.060s][info][gc,phases     ] GC(40)   Post Evacuate Collection Set: 1.0ms
[10.060s][info][gc,phases     ] GC(40)   Other: 0.6ms
[10.060s][info][gc,heap       ] GC(40) Eden regions: 21->0(21)
[10.060s][info][gc,heap       ] GC(40) Survivor regions: 4->4(4)
[10.060s][info][gc,heap       ] GC(40) Old regions: 357->379
[10.060s][info][gc,heap       ] GC(40) Humongous regions: 71->71
[10.060s][info][gc,metaspace  ] GC(40) Metaspace: 10494K->10494K(27648K)
[10.060s][info][gc            ] GC(40) Pause Young (G1 Evacuation Pause) 452M->454M(512M) 70.976ms
[10.060s][info][gc,cpu        ] GC(40) User=0.45s Sys=0.00s Real=0.06s
[10.102s][info][gc,start      ] GC(41) Pause Young (G1 Evacuation Pause)
[10.102s][info][gc,task       ] GC(41) Using 8 workers of 8 for evacuation
[10.187s][info][gc,phases     ] GC(41)   Pre Evacuate Collection Set: 0.1ms
[10.187s][info][gc,phases     ] GC(41)   Evacuate Collection Set: 82.7ms
[10.187s][info][gc,phases     ] GC(41)   Post Evacuate Collection Set: 1.4ms
[10.187s][info][gc,phases     ] GC(41)   Other: 0.8ms
[10.187s][info][gc,heap       ] GC(41) Eden regions: 21->0(21)
[10.187s][info][gc,heap       ] GC(41) Survivor regions: 4->4(4)
[10.187s][info][gc,heap       ] GC(41) Old regions: 379->402
[10.187s][info][gc,heap       ] GC(41) Humongous regions: 71->71
[10.187s][info][gc,metaspace  ] GC(41) Metaspace: 10494K->10494K(27648K)
[10.187s][info][gc            ] GC(41) Pause Young (G1 Evacuation Pause) 475M->477M(512M) 85.337ms
[10.187s][info][gc,cpu        ] GC(41) User=0.64s Sys=0.09s Real=0.09s
[10.209s][info][gc,start      ] GC(42) Pause Young (G1 Evacuation Pause)
[10.209s][info][gc,task       ] GC(42) Using 8 workers of 8 for evacuation
[10.314s][info][gc            ] GC(42) To-space exhausted
[10.314s][info][gc,phases     ] GC(42)   Pre Evacuate Collection Set: 0.1ms
[10.314s][info][gc,phases     ] GC(42)   Evacuate Collection Set: 85.7ms
[10.315s][info][gc,phases     ] GC(42)   Post Evacuate Collection Set: 19.3ms
[10.315s][info][gc,phases     ] GC(42)   Other: 0.8ms
[10.315s][info][gc,heap       ] GC(42) Eden regions: 21->0(21)
[10.315s][info][gc,heap       ] GC(42) Survivor regions: 4->4(4)
[10.315s][info][gc,heap       ] GC(42) Old regions: 402->428
[10.315s][info][gc,heap       ] GC(42) Humongous regions: 71->71
[10.315s][info][gc,metaspace  ] GC(42) Metaspace: 10494K->10494K(27648K)
[10.315s][info][gc            ] GC(42) Pause Young (G1 Evacuation Pause) 498M->503M(512M) 106.438ms
[10.315s][info][gc,cpu        ] GC(42) User=0.72s Sys=0.02s Real=0.09s
[10.327s][info][gc,start      ] GC(43) Pause Young (G1 Evacuation Pause)
[10.327s][info][gc,task       ] GC(43) Using 8 workers of 8 for evacuation
[10.416s][info][gc            ] GC(43) To-space exhausted
[10.416s][info][gc,phases     ] GC(43)   Pre Evacuate Collection Set: 0.1ms
[10.416s][info][gc,phases     ] GC(43)   Evacuate Collection Set: 63.4ms
[10.416s][info][gc,phases     ] GC(43)   Post Evacuate Collection Set: 25.4ms
[10.416s][info][gc,phases     ] GC(43)   Other: 0.8ms
[10.416s][info][gc,heap       ] GC(43) Eden regions: 9->0(25)
[10.416s][info][gc,heap       ] GC(43) Survivor regions: 4->0(4)
[10.417s][info][gc,heap       ] GC(43) Old regions: 428->441
[10.417s][info][gc,heap       ] GC(43) Humongous regions: 71->71
[10.417s][info][gc,metaspace  ] GC(43) Metaspace: 10494K->10494K(27648K)
[10.417s][info][gc            ] GC(43) Pause Young (G1 Evacuation Pause) 512M->512M(512M) 89.930ms
[10.417s][info][gc,cpu        ] GC(43) User=0.55s Sys=0.06s Real=0.08s
[10.418s][info][gc,start      ] GC(44) Pause Young (G1 Evacuation Pause)
[10.418s][info][gc,task       ] GC(44) Using 8 workers of 8 for evacuation
[10.436s][info][gc,phases     ] GC(44)   Pre Evacuate Collection Set: 0.1ms
[10.437s][info][gc,phases     ] GC(44)   Evacuate Collection Set: 16.0ms
[10.437s][info][gc,phases     ] GC(44)   Post Evacuate Collection Set: 2.2ms
[10.437s][info][gc,phases     ] GC(44)   Other: 0.6ms
[10.437s][info][gc,heap       ] GC(44) Eden regions: 0->0(25)
[10.437s][info][gc,heap       ] GC(44) Survivor regions: 0->0(4)
[10.437s][info][gc,heap       ] GC(44) Old regions: 441->441
[10.437s][info][gc,heap       ] GC(44) Humongous regions: 71->71
[10.437s][info][gc,metaspace  ] GC(44) Metaspace: 10494K->10494K(27648K)
[10.437s][info][gc            ] GC(44) Pause Young (G1 Evacuation Pause) 512M->512M(512M) 19.270ms
[10.437s][info][gc,cpu        ] GC(44) User=0.03s Sys=0.00s Real=0.04s
[10.438s][info][gc,start      ] GC(45) Pause Full (Allocation Failure)
[10.444s][info][gc,phases,start] GC(45) Phase 1: Mark live objects
[10.789s][info][gc,stringtable ] GC(45) Cleaned string and symbol table, strings: 4598 processed, 187 removed, symbols: 38017 processed, 0 removed
[10.789s][info][gc,phases      ] GC(45) Phase 1: Mark live objects 344.935ms
[10.789s][info][gc,phases,start] GC(45) Phase 2: Prepare for compaction
[10.822s][info][gc,phases      ] GC(45) Phase 2: Prepare for compaction 32.526ms
[10.822s][info][gc,phases,start] GC(45) Phase 3: Adjust pointers and remembered sets
[10.943s][info][gc,phases      ] GC(45) Phase 3: Adjust pointers and remembered sets 120.728ms
[10.943s][info][gc,phases,start] GC(45) Phase 4: Compact heap
[11.042s][info][gc,phases      ] GC(45) Phase 4: Compact heap 99.059ms
[11.045s][info][gc,heap        ] GC(45) Eden regions: 0->0(60)
[11.045s][info][gc,heap        ] GC(45) Survivor regions: 0->0(4)
[11.045s][info][gc,heap        ] GC(45) Old regions: 441->129
[11.045s][info][gc,heap        ] GC(45) Humongous regions: 71->24
[11.045s][info][gc,metaspace   ] GC(45) Metaspace: 10494K->10332K(27648K)
[11.045s][info][gc             ] GC(45) Pause Full (Allocation Failure) 512M->148M(512M) 606.695ms
[11.046s][info][gc,cpu         ] GC(45) User=4.22s Sys=0.05s Real=0.61s
[11.047s][info][gc,marking     ] GC(36) Concurrent Mark From Roots 1600.660ms
[11.047s][info][gc,marking     ] GC(36) Concurrent Mark Abort
[11.047s][info][gc             ] GC(36) Concurrent Cycle 1620.570ms
[11.238s][info][gc,start       ] GC(46) Pause Young (G1 Evacuation Pause)
[11.238s][info][gc,task        ] GC(46) Using 8 workers of 8 for evacuation
[11.449s][info][gc,mmu         ] GC(46) MMU target violated: 201.0ms (200.0ms/201.0ms)
[11.449s][info][gc,phases      ] GC(46)   Pre Evacuate Collection Set: 0.1ms
[11.449s][info][gc,phases      ] GC(46)   Evacuate Collection Set: 207.8ms
[11.449s][info][gc,phases      ] GC(46)   Post Evacuate Collection Set: 2.0ms
[11.449s][info][gc,phases      ] GC(46)   Other: 1.1ms
[11.449s][info][gc,heap        ] GC(46) Eden regions: 60->0(50)
[11.449s][info][gc,heap        ] GC(46) Survivor regions: 0->8(8)
[11.449s][info][gc,heap        ] GC(46) Old regions: 129->181
[11.449s][info][gc,heap        ] GC(46) Humongous regions: 49->49
[11.449s][info][gc,metaspace   ] GC(46) Metaspace: 10332K->10332K(27648K)
[11.449s][info][gc             ] GC(46) Pause Young (G1 Evacuation Pause) 233M->233M(512M) 211.355ms
[11.449s][info][gc,cpu         ] GC(46) User=1.38s Sys=0.02s Real=0.19s
[11.530s][info][gc,start       ] GC(47) Pause Young (G1 Evacuation Pause)
[11.530s][info][gc,task        ] GC(47) Using 8 workers of 8 for evacuation
[11.679s][info][gc,phases      ] GC(47)   Pre Evacuate Collection Set: 0.1ms
[11.679s][info][gc,phases      ] GC(47)   Evacuate Collection Set: 145.7ms
[11.679s][info][gc,phases      ] GC(47)   Post Evacuate Collection Set: 2.1ms
[11.679s][info][gc,phases      ] GC(47)   Other: 0.7ms
[11.679s][info][gc,heap        ] GC(47) Eden regions: 50->0(53)
[11.679s][info][gc,heap        ] GC(47) Survivor regions: 8->8(8)
[11.679s][info][gc,heap        ] GC(47) Old regions: 181->233
[11.679s][info][gc,heap        ] GC(47) Humongous regions: 49->49
[11.679s][info][gc,metaspace   ] GC(47) Metaspace: 10332K->10332K(27648K)
[11.679s][info][gc             ] GC(47) Pause Young (G1 Evacuation Pause) 283M->285M(512M) 149.055ms
[11.679s][info][gc,cpu         ] GC(47) User=1.06s Sys=0.06s Real=0.15s
[11.741s][info][gc,start       ] GC(48) Pause Initial Mark (G1 Evacuation Pause)
[11.741s][info][gc,task        ] GC(48) Using 8 workers of 8 for evacuation
[11.893s][info][gc,phases      ] GC(48)   Pre Evacuate Collection Set: 0.2ms
[11.893s][info][gc,phases      ] GC(48)   Evacuate Collection Set: 149.7ms
[11.893s][info][gc,phases      ] GC(48)   Post Evacuate Collection Set: 1.4ms
[11.893s][info][gc,phases      ] GC(48)   Other: 0.9ms
[11.893s][info][gc,heap        ] GC(48) Eden regions: 53->0(35)
[11.893s][info][gc,heap        ] GC(48) Survivor regions: 8->8(8)
[11.893s][info][gc,heap        ] GC(48) Old regions: 233->288
[11.893s][info][gc,heap        ] GC(48) Humongous regions: 49->49
[11.893s][info][gc,metaspace   ] GC(48) Metaspace: 10332K->10332K(27648K)
[11.893s][info][gc             ] GC(48) Pause Initial Mark (G1 Evacuation Pause) 338M->340M(512M) 152.655ms
[11.894s][info][gc,cpu         ] GC(48) User=0.83s Sys=0.09s Real=0.16s
[11.894s][info][gc             ] GC(49) Concurrent Cycle
[11.894s][info][gc,marking     ] GC(49) Concurrent Clear Claimed Marks
[11.894s][info][gc,marking     ] GC(49) Concurrent Clear Claimed Marks 0.076ms
[11.894s][info][gc,marking     ] GC(49) Concurrent Scan Root Regions
[11.923s][info][gc,marking     ] GC(49) Concurrent Scan Root Regions 29.146ms
[11.923s][info][gc,marking     ] GC(49) Concurrent Mark (11.923s)
[11.923s][info][gc,marking     ] GC(49) Concurrent Mark From Roots
[11.923s][info][gc,task        ] GC(49) Using 2 workers of 2 for marking
[11.996s][info][gc,start       ] GC(50) Pause Young (G1 Evacuation Pause)
[11.996s][info][gc,task        ] GC(50) Using 8 workers of 8 for evacuation
[12.068s][info][gc,phases      ] GC(50)   Pre Evacuate Collection Set: 0.0ms
[12.069s][info][gc,phases      ] GC(50)   Evacuate Collection Set: 70.7ms
[12.069s][info][gc,phases      ] GC(50)   Post Evacuate Collection Set: 1.1ms
[12.069s][info][gc,phases      ] GC(50)   Other: 0.6ms
[12.069s][info][gc,heap        ] GC(50) Eden regions: 35->0(19)
[12.069s][info][gc,heap        ] GC(50) Survivor regions: 8->6(6)
[12.069s][info][gc,heap        ] GC(50) Old regions: 288->327
[12.069s][info][gc,heap        ] GC(50) Humongous regions: 74->74
[12.069s][info][gc,metaspace   ] GC(50) Metaspace: 10332K->10332K(27648K)
[12.069s][info][gc             ] GC(50) Pause Young (G1 Evacuation Pause) 400M->402M(512M) 72.803ms
[12.069s][info][gc,cpu         ] GC(50) User=0.48s Sys=0.02s Real=0.07s
[12.101s][info][gc,start       ] GC(51) Pause Young (G1 Evacuation Pause)
[12.102s][info][gc,task        ] GC(51) Using 8 workers of 8 for evacuation
[12.184s][info][gc,phases      ] GC(51)   Pre Evacuate Collection Set: 0.0ms
[12.184s][info][gc,phases      ] GC(51)   Evacuate Collection Set: 80.5ms
[12.184s][info][gc,phases      ] GC(51)   Post Evacuate Collection Set: 0.9ms
[12.184s][info][gc,phases      ] GC(51)   Other: 0.7ms
[12.184s][info][gc,heap        ] GC(51) Eden regions: 19->0(21)
[12.184s][info][gc,heap        ] GC(51) Survivor regions: 6->4(4)
[12.184s][info][gc,heap        ] GC(51) Old regions: 327->350
[12.184s][info][gc,heap        ] GC(51) Humongous regions: 74->74
[12.184s][info][gc,metaspace   ] GC(51) Metaspace: 10332K->10332K(27648K)
[12.184s][info][gc             ] GC(51) Pause Young (G1 Evacuation Pause) 421M->423M(512M) 82.759ms
[12.184s][info][gc,cpu         ] GC(51) User=0.67s Sys=0.06s Real=0.09s
[12.225s][info][gc,start       ] GC(52) Pause Young (G1 Evacuation Pause)
[12.225s][info][gc,task        ] GC(52) Using 8 workers of 8 for evacuation
[12.280s][info][gc,phases      ] GC(52)   Pre Evacuate Collection Set: 0.1ms
[12.280s][info][gc,phases      ] GC(52)   Evacuate Collection Set: 52.3ms
[12.280s][info][gc,phases      ] GC(52)   Post Evacuate Collection Set: 1.9ms
[12.280s][info][gc,phases      ] GC(52)   Other: 0.9ms
[12.280s][info][gc,heap        ] GC(52) Eden regions: 21->0(21)
[12.280s][info][gc,heap        ] GC(52) Survivor regions: 4->4(4)
[12.280s][info][gc,heap        ] GC(52) Old regions: 350->372
[12.280s][info][gc,heap        ] GC(52) Humongous regions: 74->74
[12.280s][info][gc,metaspace   ] GC(52) Metaspace: 10332K->10332K(27648K)
[12.280s][info][gc             ] GC(52) Pause Young (G1 Evacuation Pause) 444M->445M(512M) 55.732ms
[12.281s][info][gc,cpu         ] GC(52) User=0.38s Sys=0.00s Real=0.05s
[12.307s][info][gc,start       ] GC(53) Pause Young (G1 Evacuation Pause)
[12.307s][info][gc,task        ] GC(53) Using 8 workers of 8 for evacuation
[12.387s][info][gc,phases      ] GC(53)   Pre Evacuate Collection Set: 0.1ms
[12.387s][info][gc,phases      ] GC(53)   Evacuate Collection Set: 77.5ms
[12.387s][info][gc,phases      ] GC(53)   Post Evacuate Collection Set: 2.0ms
[12.387s][info][gc,phases      ] GC(53)   Other: 0.6ms
[12.387s][info][gc,heap        ] GC(53) Eden regions: 21->0(21)
[12.387s][info][gc,heap        ] GC(53) Survivor regions: 4->4(4)
[12.387s][info][gc,heap        ] GC(53) Old regions: 372->396
[12.387s][info][gc,heap        ] GC(53) Humongous regions: 74->74
[12.387s][info][gc,metaspace   ] GC(53) Metaspace: 10332K->10332K(27648K)
[12.388s][info][gc             ] GC(53) Pause Young (G1 Evacuation Pause) 466M->469M(512M) 80.641ms
[12.388s][info][gc,cpu         ] GC(53) User=0.69s Sys=0.00s Real=0.09s
[12.411s][info][gc,start       ] GC(54) Pause Young (G1 Evacuation Pause)
[12.411s][info][gc,task        ] GC(54) Using 8 workers of 8 for evacuation
[12.512s][info][gc             ] GC(54) To-space exhausted
[12.512s][info][gc,phases      ] GC(54)   Pre Evacuate Collection Set: 0.1ms
[12.512s][info][gc,phases      ] GC(54)   Evacuate Collection Set: 78.1ms
[12.512s][info][gc,phases      ] GC(54)   Post Evacuate Collection Set: 21.8ms
[12.512s][info][gc,phases      ] GC(54)   Other: 0.8ms
[12.512s][info][gc,heap        ] GC(54) Eden regions: 21->0(21)
[12.512s][info][gc,heap        ] GC(54) Survivor regions: 4->4(4)
[12.512s][info][gc,heap        ] GC(54) Old regions: 396->423
[12.512s][info][gc,heap        ] GC(54) Humongous regions: 74->74
[12.512s][info][gc,metaspace   ] GC(54) Metaspace: 10332K->10332K(27648K)
[12.512s][info][gc             ] GC(54) Pause Young (G1 Evacuation Pause) 490M->496M(512M) 101.083ms
[12.512s][info][gc,cpu         ] GC(54) User=0.61s Sys=0.00s Real=0.10s
[12.525s][info][gc,start       ] GC(55) Pause Young (G1 Evacuation Pause)
[12.525s][info][gc,task        ] GC(55) Using 8 workers of 8 for evacuation
[12.627s][info][gc             ] GC(55) To-space exhausted
[12.627s][info][gc,phases      ] GC(55)   Pre Evacuate Collection Set: 0.0ms
[12.627s][info][gc,phases      ] GC(55)   Evacuate Collection Set: 66.5ms
[12.627s][info][gc,phases      ] GC(55)   Post Evacuate Collection Set: 34.6ms
[12.627s][info][gc,phases      ] GC(55)   Other: 0.8ms
[12.627s][info][gc,heap        ] GC(55) Eden regions: 11->0(25)
[12.627s][info][gc,heap        ] GC(55) Survivor regions: 4->0(4)
[12.627s][info][gc,heap        ] GC(55) Old regions: 423->438
[12.627s][info][gc,heap        ] GC(55) Humongous regions: 74->74
[12.627s][info][gc,metaspace   ] GC(55) Metaspace: 10332K->10332K(27648K)
[12.627s][info][gc             ] GC(55) Pause Young (G1 Evacuation Pause) 507M->507M(512M) 102.233ms
[12.627s][info][gc,cpu         ] GC(55) User=0.47s Sys=0.06s Real=0.11s
[12.628s][info][gc,start       ] GC(56) Pause Young (G1 Evacuation Pause)
[12.628s][info][gc,task        ] GC(56) Using 8 workers of 8 for evacuation
[12.658s][info][gc,phases      ] GC(56)   Pre Evacuate Collection Set: 0.0ms
[12.658s][info][gc,phases      ] GC(56)   Evacuate Collection Set: 20.3ms
[12.658s][info][gc,phases      ] GC(56)   Post Evacuate Collection Set: 9.3ms
[12.658s][info][gc,phases      ] GC(56)   Other: 0.5ms
[12.658s][info][gc,heap        ] GC(56) Eden regions: 0->0(25)
[12.658s][info][gc,heap        ] GC(56) Survivor regions: 0->0(4)
[12.658s][info][gc,heap        ] GC(56) Old regions: 438->438
[12.658s][info][gc,heap        ] GC(56) Humongous regions: 74->74
[12.658s][info][gc,metaspace   ] GC(56) Metaspace: 10332K->10332K(27648K)
[12.658s][info][gc             ] GC(56) Pause Young (G1 Evacuation Pause) 507M->507M(512M) 30.762ms
[12.658s][info][gc,cpu         ] GC(56) User=0.13s Sys=0.02s Real=0.03s
[12.659s][info][gc,start       ] GC(57) Pause Full (Allocation Failure)
[12.663s][info][gc,phases,start] GC(57) Phase 1: Mark live objects
[13.003s][info][gc,stringtable ] GC(57) Cleaned string and symbol table, strings: 4411 processed, 0 removed, symbols: 38017 processed, 13 removed
[13.003s][info][gc,phases      ] GC(57) Phase 1: Mark live objects 340.563ms
[13.003s][info][gc,phases,start] GC(57) Phase 2: Prepare for compaction
[13.037s][info][gc,phases      ] GC(57) Phase 2: Prepare for compaction 34.149ms
[13.038s][info][gc,phases,start] GC(57) Phase 3: Adjust pointers and remembered sets
[13.146s][info][gc,phases      ] GC(57) Phase 3: Adjust pointers and remembered sets 108.309ms
[13.146s][info][gc,phases,start] GC(57) Phase 4: Compact heap
[13.207s][info][gc,phases      ] GC(57) Phase 4: Compact heap 60.671ms
[13.208s][info][gc,heap        ] GC(57) Eden regions: 0->0(69)
[13.208s][info][gc,heap        ] GC(57) Survivor regions: 0->0(4)
[13.208s][info][gc,heap        ] GC(57) Old regions: 438->133
[13.208s][info][gc,heap        ] GC(57) Humongous regions: 74->25
[13.208s][info][gc,metaspace   ] GC(57) Metaspace: 10332K->10332K(27648K)
[13.208s][info][gc             ] GC(57) Pause Full (Allocation Failure) 507M->153M(512M) 548.624ms
[13.209s][info][gc,cpu         ] GC(57) User=4.16s Sys=0.00s Real=0.54s
[13.209s][info][gc,marking     ] GC(49) Concurrent Mark From Roots 1285.860ms
[13.209s][info][gc,marking     ] GC(49) Concurrent Mark Abort
[13.209s][info][gc             ] GC(49) Concurrent Cycle 1315.538ms
[13.282s][info][gc,start       ] GC(58) Pause Young (G1 Evacuation Pause)
[13.282s][info][gc,task        ] GC(58) Using 8 workers of 8 for evacuation
[13.402s][info][gc,phases      ] GC(58)   Pre Evacuate Collection Set: 0.0ms
[13.402s][info][gc,phases      ] GC(58)   Evacuate Collection Set: 118.4ms
[13.402s][info][gc,phases      ] GC(58)   Post Evacuate Collection Set: 1.2ms
[13.402s][info][gc,phases      ] GC(58)   Other: 0.8ms
[13.402s][info][gc,heap        ] GC(58) Eden regions: 69->0(65)
[13.403s][info][gc,heap        ] GC(58) Survivor regions: 0->9(9)
[13.403s][info][gc,heap        ] GC(58) Old regions: 133->193
[13.403s][info][gc,heap        ] GC(58) Humongous regions: 50->50
[13.403s][info][gc,metaspace   ] GC(58) Metaspace: 10332K->10332K(27648K)
[13.403s][info][gc             ] GC(58) Pause Young (G1 Evacuation Pause) 247M->247M(512M) 120.918ms
[13.403s][info][gc,cpu         ] GC(58) User=0.83s Sys=0.08s Real=0.12s
[13.490s][info][gc,start       ] GC(59) Pause Initial Mark (G1 Evacuation Pause)
[13.490s][info][gc,task        ] GC(59) Using 8 workers of 8 for evacuation
[13.680s][info][gc,phases      ] GC(59)   Pre Evacuate Collection Set: 0.1ms
[13.680s][info][gc,phases      ] GC(59)   Evacuate Collection Set: 188.0ms
[13.680s][info][gc,phases      ] GC(59)   Post Evacuate Collection Set: 1.0ms
[13.680s][info][gc,phases      ] GC(59)   Other: 1.0ms
[13.680s][info][gc,heap        ] GC(59) Eden regions: 65->0(44)
[13.680s][info][gc,heap        ] GC(59) Survivor regions: 9->10(10)
[13.680s][info][gc,heap        ] GC(59) Old regions: 193->259
[13.680s][info][gc,heap        ] GC(59) Humongous regions: 50->50
[13.680s][info][gc,metaspace   ] GC(59) Metaspace: 10332K->10332K(27648K)
[13.680s][info][gc             ] GC(59) Pause Initial Mark (G1 Evacuation Pause) 312M->314M(512M) 190.568ms
[13.680s][info][gc,cpu         ] GC(59) User=1.11s Sys=0.05s Real=0.19s
[13.680s][info][gc             ] GC(60) Concurrent Cycle
[13.680s][info][gc,marking     ] GC(60) Concurrent Clear Claimed Marks
[13.680s][info][gc,marking     ] GC(60) Concurrent Clear Claimed Marks 0.075ms
[13.681s][info][gc,marking     ] GC(60) Concurrent Scan Root Regions
[13.714s][info][gc,marking     ] GC(60) Concurrent Scan Root Regions 33.064ms
[13.714s][info][gc,marking     ] GC(60) Concurrent Mark (13.714s)
[13.714s][info][gc,marking     ] GC(60) Concurrent Mark From Roots
[13.714s][info][gc,task        ] GC(60) Using 2 workers of 2 for marking
[13.785s][info][gc,start       ] GC(61) Pause Young (G1 Evacuation Pause)
[13.785s][info][gc,task        ] GC(61) Using 8 workers of 8 for evacuation
[13.884s][info][gc,phases      ] GC(61)   Pre Evacuate Collection Set: 0.0ms
[13.884s][info][gc,phases      ] GC(61)   Evacuate Collection Set: 97.2ms
[13.884s][info][gc,phases      ] GC(61)   Post Evacuate Collection Set: 1.4ms
[13.884s][info][gc,phases      ] GC(61)   Other: 0.6ms
[13.884s][info][gc,heap        ] GC(61) Eden regions: 44->0(21)
[13.884s][info][gc,heap        ] GC(61) Survivor regions: 10->7(7)
[13.885s][info][gc,heap        ] GC(61) Old regions: 259->308
[13.885s][info][gc,heap        ] GC(61) Humongous regions: 76->76
[13.885s][info][gc,metaspace   ] GC(61) Metaspace: 10332K->10332K(27648K)
[13.885s][info][gc             ] GC(61) Pause Young (G1 Evacuation Pause) 384M->386M(512M) 99.522ms
[13.885s][info][gc,cpu         ] GC(61) User=0.80s Sys=0.08s Real=0.11s
[13.918s][info][gc,start       ] GC(62) Pause Young (G1 Evacuation Pause)
[13.919s][info][gc,task        ] GC(62) Using 8 workers of 8 for evacuation
[13.988s][info][gc,phases      ] GC(62)   Pre Evacuate Collection Set: 0.0ms
[13.988s][info][gc,phases      ] GC(62)   Evacuate Collection Set: 67.3ms
[13.988s][info][gc,phases      ] GC(62)   Post Evacuate Collection Set: 1.4ms
[13.988s][info][gc,phases      ] GC(62)   Other: 0.6ms
[13.988s][info][gc,heap        ] GC(62) Eden regions: 21->0(21)
[13.988s][info][gc,heap        ] GC(62) Survivor regions: 7->4(4)
[13.988s][info][gc,heap        ] GC(62) Old regions: 308->334
[13.988s][info][gc,heap        ] GC(62) Humongous regions: 76->76
[13.988s][info][gc,metaspace   ] GC(62) Metaspace: 10332K->10332K(27648K)
[13.988s][info][gc             ] GC(62) Pause Young (G1 Evacuation Pause) 407M->409M(512M) 69.773ms
[13.988s][info][gc,cpu         ] GC(62) User=0.50s Sys=0.00s Real=0.06s
[14.007s][info][gc,start       ] GC(63) Pause Young (G1 Evacuation Pause)
[14.007s][info][gc,task        ] GC(63) Using 8 workers of 8 for evacuation
[14.081s][info][gc,phases      ] GC(63)   Pre Evacuate Collection Set: 0.0ms
[14.081s][info][gc,phases      ] GC(63)   Evacuate Collection Set: 72.6ms
[14.081s][info][gc,phases      ] GC(63)   Post Evacuate Collection Set: 1.0ms
[14.081s][info][gc,phases      ] GC(63)   Other: 0.5ms
[14.081s][info][gc,heap        ] GC(63) Eden regions: 21->0(21)
[14.081s][info][gc,heap        ] GC(63) Survivor regions: 4->4(4)
[14.081s][info][gc,heap        ] GC(63) Old regions: 334->357
[14.081s][info][gc,heap        ] GC(63) Humongous regions: 76->76
[14.081s][info][gc,metaspace   ] GC(63) Metaspace: 10332K->10332K(27648K)
[14.081s][info][gc             ] GC(63) Pause Young (G1 Evacuation Pause) 430M->432M(512M) 74.526ms
[14.081s][info][gc,cpu         ] GC(63) User=0.47s Sys=0.00s Real=0.06s
[14.103s][info][gc,start       ] GC(64) Pause Young (G1 Evacuation Pause)
[14.103s][info][gc,task        ] GC(64) Using 8 workers of 8 for evacuation
[14.141s][info][gc,phases      ] GC(64)   Pre Evacuate Collection Set: 0.1ms
[14.141s][info][gc,phases      ] GC(64)   Evacuate Collection Set: 36.8ms
[14.141s][info][gc,phases      ] GC(64)   Post Evacuate Collection Set: 0.8ms
[14.141s][info][gc,phases      ] GC(64)   Other: 0.6ms
[14.141s][info][gc,heap        ] GC(64) Eden regions: 21->0(21)
[14.141s][info][gc,heap        ] GC(64) Survivor regions: 4->4(4)
[14.141s][info][gc,heap        ] GC(64) Old regions: 357->380
[14.141s][info][gc,heap        ] GC(64) Humongous regions: 76->76
[14.142s][info][gc,metaspace   ] GC(64) Metaspace: 10332K->10332K(27648K)
[14.142s][info][gc             ] GC(64) Pause Young (G1 Evacuation Pause) 453M->455M(512M) 39.212ms
[14.142s][info][gc,cpu         ] GC(64) User=0.25s Sys=0.00s Real=0.04s
[14.159s][info][gc,start       ] GC(65) Pause Young (G1 Evacuation Pause)
[14.159s][info][gc,task        ] GC(65) Using 8 workers of 8 for evacuation
[14.210s][info][gc,phases      ] GC(65)   Pre Evacuate Collection Set: 0.1ms
[14.210s][info][gc,phases      ] GC(65)   Evacuate Collection Set: 49.1ms
[14.210s][info][gc,phases      ] GC(65)   Post Evacuate Collection Set: 1.3ms
[14.210s][info][gc,phases      ] GC(65)   Other: 0.5ms
[14.210s][info][gc,heap        ] GC(65) Eden regions: 21->0(21)
[14.210s][info][gc,heap        ] GC(65) Survivor regions: 4->4(4)
[14.210s][info][gc,heap        ] GC(65) Old regions: 380->403
[14.210s][info][gc,heap        ] GC(65) Humongous regions: 76->76
[14.210s][info][gc,metaspace   ] GC(65) Metaspace: 10332K->10332K(27648K)
[14.211s][info][gc             ] GC(65) Pause Young (G1 Evacuation Pause) 476M->478M(512M) 51.348ms
[14.211s][info][gc,cpu         ] GC(65) User=0.36s Sys=0.02s Real=0.05s
[14.246s][info][gc,start       ] GC(66) Pause Young (G1 Evacuation Pause)
[14.246s][info][gc,task        ] GC(66) Using 8 workers of 8 for evacuation
[14.337s][info][gc             ] GC(66) To-space exhausted
[14.337s][info][gc,phases      ] GC(66)   Pre Evacuate Collection Set: 0.0ms
[14.337s][info][gc,phases      ] GC(66)   Evacuate Collection Set: 71.6ms
[14.337s][info][gc,phases      ] GC(66)   Post Evacuate Collection Set: 19.0ms
[14.337s][info][gc,phases      ] GC(66)   Other: 0.7ms
[14.337s][info][gc,heap        ] GC(66) Eden regions: 21->0(22)
[14.337s][info][gc,heap        ] GC(66) Survivor regions: 4->3(4)
[14.337s][info][gc,heap        ] GC(66) Old regions: 403->429
[14.337s][info][gc,heap        ] GC(66) Humongous regions: 76->76
[14.337s][info][gc,metaspace   ] GC(66) Metaspace: 10332K->10332K(27648K)
[14.337s][info][gc             ] GC(66) Pause Young (G1 Evacuation Pause) 499M->503M(512M) 91.733ms
[14.337s][info][gc,cpu         ] GC(66) User=0.66s Sys=0.03s Real=0.10s
[14.343s][info][gc,start       ] GC(67) Pause Young (G1 Evacuation Pause)
[14.343s][info][gc,task        ] GC(67) Using 8 workers of 8 for evacuation
[14.414s][info][gc             ] GC(67) To-space exhausted
[14.414s][info][gc,phases      ] GC(67)   Pre Evacuate Collection Set: 0.0ms
[14.414s][info][gc,phases      ] GC(67)   Evacuate Collection Set: 59.3ms
[14.414s][info][gc,phases      ] GC(67)   Post Evacuate Collection Set: 11.5ms
[14.414s][info][gc,phases      ] GC(67)   Other: 0.6ms
[14.414s][info][gc,heap        ] GC(67) Eden regions: 4->0(25)
[14.414s][info][gc,heap        ] GC(67) Survivor regions: 3->0(4)
[14.414s][info][gc,heap        ] GC(67) Old regions: 429->436
[14.414s][info][gc,heap        ] GC(67) Humongous regions: 76->76
[14.414s][info][gc,metaspace   ] GC(67) Metaspace: 10332K->10332K(27648K)
[14.415s][info][gc             ] GC(67) Pause Young (G1 Evacuation Pause) 507M->507M(512M) 71.705ms
[14.415s][info][gc,cpu         ] GC(67) User=0.50s Sys=0.00s Real=0.08s
[14.415s][info][gc,start       ] GC(68) Pause Young (G1 Evacuation Pause)
[14.415s][info][gc,task        ] GC(68) Using 8 workers of 8 for evacuation
[14.439s][info][gc,phases      ] GC(68)   Pre Evacuate Collection Set: 0.0ms
[14.439s][info][gc,phases      ] GC(68)   Evacuate Collection Set: 22.3ms
[14.439s][info][gc,phases      ] GC(68)   Post Evacuate Collection Set: 0.7ms
[14.439s][info][gc,phases      ] GC(68)   Other: 0.5ms
[14.439s][info][gc,heap        ] GC(68) Eden regions: 0->0(25)
[14.439s][info][gc,heap        ] GC(68) Survivor regions: 0->0(4)
[14.439s][info][gc,heap        ] GC(68) Old regions: 436->436
[14.439s][info][gc,heap        ] GC(68) Humongous regions: 76->76
[14.439s][info][gc,metaspace   ] GC(68) Metaspace: 10332K->10332K(27648K)
[14.439s][info][gc             ] GC(68) Pause Young (G1 Evacuation Pause) 507M->507M(512M) 23.981ms
[14.439s][info][gc,cpu         ] GC(68) User=0.09s Sys=0.00s Real=0.02s
[14.440s][info][gc,start       ] GC(69) Pause Full (Allocation Failure)
[14.441s][info][gc,phases,start] GC(69) Phase 1: Mark live objects
[14.702s][info][gc,stringtable ] GC(69) Cleaned string and symbol table, strings: 4411 processed, 0 removed, symbols: 38004 processed, 0 removed
[14.702s][info][gc,phases      ] GC(69) Phase 1: Mark live objects 260.568ms
[14.702s][info][gc,phases,start] GC(69) Phase 2: Prepare for compaction
[14.734s][info][gc,phases      ] GC(69) Phase 2: Prepare for compaction 32.455ms
[14.734s][info][gc,phases,start] GC(69) Phase 3: Adjust pointers and remembered sets
[14.836s][info][gc,phases      ] GC(69) Phase 3: Adjust pointers and remembered sets 101.146ms
[14.836s][info][gc,phases,start] GC(69) Phase 4: Compact heap
[14.882s][info][gc,phases      ] GC(69) Phase 4: Compact heap 46.460ms
[14.883s][info][gc,heap        ] GC(69) Eden regions: 0->0(82)
[14.884s][info][gc,heap        ] GC(69) Survivor regions: 0->0(4)
[14.884s][info][gc,heap        ] GC(69) Old regions: 436->123
[14.884s][info][gc,heap        ] GC(69) Humongous regions: 76->26
[14.884s][info][gc,metaspace   ] GC(69) Metaspace: 10332K->10332K(27648K)
[14.884s][info][gc             ] GC(69) Pause Full (Allocation Failure) 507M->145M(512M) 443.748ms
[14.884s][info][gc,cpu         ] GC(69) User=3.13s Sys=0.05s Real=0.45s
[14.885s][info][gc,marking     ] GC(60) Concurrent Mark From Roots 1170.894ms
[14.885s][info][gc,marking     ] GC(60) Concurrent Mark Abort
[14.885s][info][gc             ] GC(60) Concurrent Cycle 1204.439ms
[14.973s][info][gc,start       ] GC(70) Pause Young (G1 Evacuation Pause)
[14.973s][info][gc,task        ] GC(70) Using 8 workers of 8 for evacuation
[15.110s][info][gc,phases      ] GC(70)   Pre Evacuate Collection Set: 0.1ms
[15.110s][info][gc,phases      ] GC(70)   Evacuate Collection Set: 135.0ms
[15.110s][info][gc,phases      ] GC(70)   Post Evacuate Collection Set: 1.3ms
[15.110s][info][gc,phases      ] GC(70)   Other: 0.6ms
[15.110s][info][gc,heap        ] GC(70) Eden regions: 82->0(63)
[15.110s][info][gc,heap        ] GC(70) Survivor regions: 0->11(11)
[15.110s][info][gc,heap        ] GC(70) Old regions: 123->195
[15.110s][info][gc,heap        ] GC(70) Humongous regions: 52->52
[15.110s][info][gc,metaspace   ] GC(70) Metaspace: 10332K->10332K(27648K)
[15.110s][info][gc             ] GC(70) Pause Young (G1 Evacuation Pause) 253M->253M(512M) 137.390ms
[15.110s][info][gc,cpu         ] GC(70) User=1.05s Sys=0.05s Real=0.14s
[15.192s][info][gc,start       ] GC(71) Pause Initial Mark (G1 Evacuation Pause)
[15.192s][info][gc,task        ] GC(71) Using 8 workers of 8 for evacuation
[15.346s][info][gc,phases      ] GC(71)   Pre Evacuate Collection Set: 0.0ms
[15.346s][info][gc,phases      ] GC(71)   Evacuate Collection Set: 151.9ms
[15.346s][info][gc,phases      ] GC(71)   Post Evacuate Collection Set: 1.4ms
[15.346s][info][gc,phases      ] GC(71)   Other: 0.6ms
[15.346s][info][gc,heap        ] GC(71) Eden regions: 63->0(43)
[15.346s][info][gc,heap        ] GC(71) Survivor regions: 11->10(10)
[15.346s][info][gc,heap        ] GC(71) Old regions: 195->260
[15.346s][info][gc,heap        ] GC(71) Humongous regions: 52->52
[15.346s][info][gc,metaspace   ] GC(71) Metaspace: 10332K->10332K(27648K)
[15.347s][info][gc             ] GC(71) Pause Initial Mark (G1 Evacuation Pause) 316M->318M(512M) 154.199ms
[15.347s][info][gc,cpu         ] GC(71) User=1.06s Sys=0.06s Real=0.15s
[15.347s][info][gc             ] GC(72) Concurrent Cycle
[15.347s][info][gc,marking     ] GC(72) Concurrent Clear Claimed Marks
[15.347s][info][gc,marking     ] GC(72) Concurrent Clear Claimed Marks 0.073ms
[15.347s][info][gc,marking     ] GC(72) Concurrent Scan Root Regions
[15.381s][info][gc,marking     ] GC(72) Concurrent Scan Root Regions 33.903ms
[15.381s][info][gc,marking     ] GC(72) Concurrent Mark (15.381s)
[15.381s][info][gc,marking     ] GC(72) Concurrent Mark From Roots
[15.381s][info][gc,task        ] GC(72) Using 2 workers of 2 for marking
[15.426s][info][gc,start       ] GC(73) Pause Young (G1 Evacuation Pause)
[15.426s][info][gc,task        ] GC(73) Using 8 workers of 8 for evacuation
[15.524s][info][gc,phases      ] GC(73)   Pre Evacuate Collection Set: 0.0ms
[15.524s][info][gc,phases      ] GC(73)   Evacuate Collection Set: 96.3ms
[15.524s][info][gc,phases      ] GC(73)   Post Evacuate Collection Set: 1.1ms
[15.524s][info][gc,phases      ] GC(73)   Other: 0.6ms
[15.524s][info][gc,heap        ] GC(73) Eden regions: 43->0(20)
[15.524s][info][gc,heap        ] GC(73) Survivor regions: 10->7(7)
[15.524s][info][gc,heap        ] GC(73) Old regions: 260->308
[15.524s][info][gc,heap        ] GC(73) Humongous regions: 78->78
[15.524s][info][gc,metaspace   ] GC(73) Metaspace: 10332K->10332K(27648K)
[15.524s][info][gc             ] GC(73) Pause Young (G1 Evacuation Pause) 387M->389M(512M) 98.321ms
[15.524s][info][gc,cpu         ] GC(73) User=0.69s Sys=0.02s Real=0.09s
[15.570s][info][gc,start       ] GC(74) Pause Young (G1 Evacuation Pause)
[15.570s][info][gc,task        ] GC(74) Using 8 workers of 8 for evacuation
[15.618s][info][gc,phases      ] GC(74)   Pre Evacuate Collection Set: 0.0ms
[15.618s][info][gc,phases      ] GC(74)   Evacuate Collection Set: 46.8ms
[15.618s][info][gc,phases      ] GC(74)   Post Evacuate Collection Set: 0.8ms
[15.618s][info][gc,phases      ] GC(74)   Other: 0.5ms
[15.618s][info][gc,heap        ] GC(74) Eden regions: 20->0(21)
[15.618s][info][gc,heap        ] GC(74) Survivor regions: 7->4(4)
[15.618s][info][gc,heap        ] GC(74) Old regions: 308->334
[15.618s][info][gc,heap        ] GC(74) Humongous regions: 78->78
[15.618s][info][gc,metaspace   ] GC(74) Metaspace: 10332K->10332K(27648K)
[15.618s][info][gc             ] GC(74) Pause Young (G1 Evacuation Pause) 409M->412M(512M) 48.514ms
[15.618s][info][gc,cpu         ] GC(74) User=0.38s Sys=0.00s Real=0.05s
[15.637s][info][gc,start       ] GC(75) Pause Young (G1 Evacuation Pause)
[15.637s][info][gc,task        ] GC(75) Using 8 workers of 8 for evacuation
[15.687s][info][gc,phases      ] GC(75)   Pre Evacuate Collection Set: 0.0ms
[15.687s][info][gc,phases      ] GC(75)   Evacuate Collection Set: 48.8ms
[15.687s][info][gc,phases      ] GC(75)   Post Evacuate Collection Set: 0.9ms
[15.687s][info][gc,phases      ] GC(75)   Other: 0.5ms
[15.687s][info][gc,heap        ] GC(75) Eden regions: 21->0(21)
[15.687s][info][gc,heap        ] GC(75) Survivor regions: 4->4(4)
[15.687s][info][gc,heap        ] GC(75) Old regions: 334->356
[15.687s][info][gc,heap        ] GC(75) Humongous regions: 78->78
[15.687s][info][gc,metaspace   ] GC(75) Metaspace: 10332K->10332K(27648K)
[15.687s][info][gc             ] GC(75) Pause Young (G1 Evacuation Pause) 433M->434M(512M) 50.494ms
[15.687s][info][gc,cpu         ] GC(75) User=0.38s Sys=0.00s Real=0.05s
[15.702s][info][gc,start       ] GC(76) Pause Young (G1 Evacuation Pause)
[15.702s][info][gc,task        ] GC(76) Using 8 workers of 8 for evacuation
[15.752s][info][gc,phases      ] GC(76)   Pre Evacuate Collection Set: 0.0ms
[15.752s][info][gc,phases      ] GC(76)   Evacuate Collection Set: 47.8ms
[15.752s][info][gc,phases      ] GC(76)   Post Evacuate Collection Set: 0.9ms
[15.752s][info][gc,phases      ] GC(76)   Other: 0.6ms
[15.752s][info][gc,heap        ] GC(76) Eden regions: 21->0(21)
[15.752s][info][gc,heap        ] GC(76) Survivor regions: 4->4(4)
[15.752s][info][gc,heap        ] GC(76) Old regions: 356->379
[15.752s][info][gc,heap        ] GC(76) Humongous regions: 78->78
[15.752s][info][gc,metaspace   ] GC(76) Metaspace: 10332K->10332K(27648K)
[15.752s][info][gc             ] GC(76) Pause Young (G1 Evacuation Pause) 455M->457M(512M) 49.628ms
[15.752s][info][gc,cpu         ] GC(76) User=0.45s Sys=0.00s Real=0.06s
[15.769s][info][gc,start       ] GC(77) Pause Young (G1 Evacuation Pause)
[15.769s][info][gc,task        ] GC(77) Using 8 workers of 8 for evacuation
[15.816s][info][gc,phases      ] GC(77)   Pre Evacuate Collection Set: 0.0ms
[15.816s][info][gc,phases      ] GC(77)   Evacuate Collection Set: 45.5ms
[15.816s][info][gc,phases      ] GC(77)   Post Evacuate Collection Set: 0.9ms
[15.816s][info][gc,phases      ] GC(77)   Other: 0.5ms
[15.816s][info][gc,heap        ] GC(77) Eden regions: 21->0(21)
[15.816s][info][gc,heap        ] GC(77) Survivor regions: 4->4(4)
[15.816s][info][gc,heap        ] GC(77) Old regions: 379->402
[15.816s][info][gc,heap        ] GC(77) Humongous regions: 78->78
[15.816s][info][gc,metaspace   ] GC(77) Metaspace: 10332K->10332K(27648K)
[15.816s][info][gc             ] GC(77) Pause Young (G1 Evacuation Pause) 478M->480M(512M) 47.512ms
[15.816s][info][gc,cpu         ] GC(77) User=0.38s Sys=0.00s Real=0.05s
[15.831s][info][gc,start       ] GC(78) Pause Young (G1 Evacuation Pause)
[15.831s][info][gc,task        ] GC(78) Using 8 workers of 8 for evacuation
[15.921s][info][gc             ] GC(78) To-space exhausted
[15.921s][info][gc,phases      ] GC(78)   Pre Evacuate Collection Set: 0.0ms
[15.921s][info][gc,phases      ] GC(78)   Evacuate Collection Set: 68.3ms
[15.921s][info][gc,phases      ] GC(78)   Post Evacuate Collection Set: 21.1ms
[15.921s][info][gc,phases      ] GC(78)   Other: 0.6ms
[15.921s][info][gc,heap        ] GC(78) Eden regions: 21->0(21)
[15.921s][info][gc,heap        ] GC(78) Survivor regions: 4->4(4)
[15.921s][info][gc,heap        ] GC(78) Old regions: 402->429
[15.921s][info][gc,heap        ] GC(78) Humongous regions: 78->78
[15.921s][info][gc,metaspace   ] GC(78) Metaspace: 10332K->10332K(27648K)
[15.921s][info][gc             ] GC(78) Pause Young (G1 Evacuation Pause) 501M->507M(512M) 90.285ms
[15.921s][info][gc,cpu         ] GC(78) User=0.63s Sys=0.00s Real=0.08s
[15.923s][info][gc,start       ] GC(79) Pause Young (G1 Evacuation Pause)
[15.923s][info][gc,task        ] GC(79) Using 8 workers of 8 for evacuation
[15.975s][info][gc             ] GC(79) To-space exhausted
[15.975s][info][gc,phases      ] GC(79)   Pre Evacuate Collection Set: 0.0ms
[15.975s][info][gc,phases      ] GC(79)   Evacuate Collection Set: 44.5ms
[15.975s][info][gc,phases      ] GC(79)   Post Evacuate Collection Set: 6.7ms
[15.975s][info][gc,phases      ] GC(79)   Other: 0.5ms
[15.975s][info][gc,heap        ] GC(79) Eden regions: 1->0(25)
[15.975s][info][gc,heap        ] GC(79) Survivor regions: 4->0(4)
[15.975s][info][gc,heap        ] GC(79) Old regions: 429->434
[15.975s][info][gc,heap        ] GC(79) Humongous regions: 78->78
[15.975s][info][gc,metaspace   ] GC(79) Metaspace: 10332K->10332K(27648K)
[15.975s][info][gc             ] GC(79) Pause Young (G1 Evacuation Pause) 508M->508M(512M) 51.919ms
[15.975s][info][gc,cpu         ] GC(79) User=0.33s Sys=0.00s Real=0.05s
[15.975s][info][gc,start       ] GC(80) Pause Young (G1 Evacuation Pause)
[15.975s][info][gc,task        ] GC(80) Using 8 workers of 8 for evacuation
[15.983s][info][gc,phases      ] GC(80)   Pre Evacuate Collection Set: 0.0ms
[15.983s][info][gc,phases      ] GC(80)   Evacuate Collection Set: 5.9ms
[15.983s][info][gc,phases      ] GC(80)   Post Evacuate Collection Set: 1.2ms
[15.983s][info][gc,phases      ] GC(80)   Other: 0.4ms
[15.983s][info][gc,heap        ] GC(80) Eden regions: 0->0(25)
[15.983s][info][gc,heap        ] GC(80) Survivor regions: 0->0(4)
[15.983s][info][gc,heap        ] GC(80) Old regions: 434->434
[15.983s][info][gc,heap        ] GC(80) Humongous regions: 78->78
[15.983s][info][gc,metaspace   ] GC(80) Metaspace: 10332K->10332K(27648K)
[15.983s][info][gc             ] GC(80) Pause Young (G1 Evacuation Pause) 508M->508M(512M) 7.678ms
[15.983s][info][gc,cpu         ] GC(80) User=0.00s Sys=0.00s Real=0.00s
[15.984s][info][gc,start       ] GC(81) Pause Full (Allocation Failure)
[15.985s][info][gc,phases,start] GC(81) Phase 1: Mark live objects
[16.169s][info][gc,stringtable ] GC(81) Cleaned string and symbol table, strings: 4411 processed, 0 removed, symbols: 38004 processed, 0 removed
[16.169s][info][gc,phases      ] GC(81) Phase 1: Mark live objects 184.018ms
[16.169s][info][gc,phases,start] GC(81) Phase 2: Prepare for compaction
[16.192s][info][gc,phases      ] GC(81) Phase 2: Prepare for compaction 23.269ms
[16.192s][info][gc,phases,start] GC(81) Phase 3: Adjust pointers and remembered sets
[16.278s][info][gc,phases      ] GC(81) Phase 3: Adjust pointers and remembered sets 85.641ms
[16.278s][info][gc,phases,start] GC(81) Phase 4: Compact heap
[16.316s][info][gc,phases      ] GC(81) Phase 4: Compact heap 37.610ms
[16.317s][info][gc,heap        ] GC(81) Eden regions: 0->0(95)
[16.317s][info][gc,heap        ] GC(81) Survivor regions: 0->0(4)
[16.317s][info][gc,heap        ] GC(81) Old regions: 434->112
[16.317s][info][gc,heap        ] GC(81) Humongous regions: 78->26
[16.317s][info][gc,metaspace   ] GC(81) Metaspace: 10332K->10332K(27648K)
[16.317s][info][gc             ] GC(81) Pause Full (Allocation Failure) 508M->133M(512M) 333.562ms
[16.318s][info][gc,cpu         ] GC(81) User=2.67s Sys=0.00s Real=0.35s
[16.318s][info][gc,marking     ] GC(72) Concurrent Mark From Roots 937.103ms
[16.318s][info][gc,marking     ] GC(72) Concurrent Mark Abort
[16.318s][info][gc             ] GC(72) Concurrent Cycle 971.537ms
[16.401s][info][gc,start       ] GC(82) Pause Young (G1 Evacuation Pause)
[16.402s][info][gc,task        ] GC(82) Using 8 workers of 8 for evacuation
[16.556s][info][gc,phases      ] GC(82)   Pre Evacuate Collection Set: 0.0ms
[16.556s][info][gc,phases      ] GC(82)   Evacuate Collection Set: 151.4ms
[16.556s][info][gc,phases      ] GC(82)   Post Evacuate Collection Set: 2.1ms
[16.556s][info][gc,phases      ] GC(82)   Other: 0.6ms
[16.556s][info][gc,heap        ] GC(82) Eden regions: 95->0(62)
[16.556s][info][gc,heap        ] GC(82) Survivor regions: 0->12(12)
[16.556s][info][gc,heap        ] GC(82) Old regions: 112->196
[16.556s][info][gc,heap        ] GC(82) Humongous regions: 53->53
[16.556s][info][gc,metaspace   ] GC(82) Metaspace: 10332K->10332K(27648K)
[16.556s][info][gc             ] GC(82) Pause Young (G1 Evacuation Pause) 255M->255M(512M) 154.556ms
[16.556s][info][gc,cpu         ] GC(82) User=1.02s Sys=0.09s Real=0.16s
[16.641s][info][gc,start       ] GC(83) Pause Initial Mark (G1 Evacuation Pause)
[16.641s][info][gc,task        ] GC(83) Using 8 workers of 8 for evacuation
[16.766s][info][gc,phases      ] GC(83)   Pre Evacuate Collection Set: 0.1ms
[16.767s][info][gc,phases      ] GC(83)   Evacuate Collection Set: 123.1ms
[16.767s][info][gc,phases      ] GC(83)   Post Evacuate Collection Set: 1.6ms
[16.767s][info][gc,phases      ] GC(83)   Other: 0.7ms
[16.767s][info][gc,heap        ] GC(83) Eden regions: 62->0(42)
[16.767s][info][gc,heap        ] GC(83) Survivor regions: 12->10(10)
[16.767s][info][gc,heap        ] GC(83) Old regions: 196->262
[16.767s][info][gc,heap        ] GC(83) Humongous regions: 53->53
[16.767s][info][gc,metaspace   ] GC(83) Metaspace: 10332K->10332K(27648K)
[16.767s][info][gc             ] GC(83) Pause Initial Mark (G1 Evacuation Pause) 317M->319M(512M) 125.937ms
[16.767s][info][gc,cpu         ] GC(83) User=1.00s Sys=0.00s Real=0.13s
[16.767s][info][gc             ] GC(84) Concurrent Cycle
[16.767s][info][gc,marking     ] GC(84) Concurrent Clear Claimed Marks
[16.767s][info][gc,marking     ] GC(84) Concurrent Clear Claimed Marks 0.076ms
[16.767s][info][gc,marking     ] GC(84) Concurrent Scan Root Regions
[16.776s][info][gc,marking     ] GC(84) Concurrent Scan Root Regions 8.428ms
[16.776s][info][gc,marking     ] GC(84) Concurrent Mark (16.776s)
[16.776s][info][gc,marking     ] GC(84) Concurrent Mark From Roots
[16.776s][info][gc,task        ] GC(84) Using 2 workers of 2 for marking
[16.835s][info][gc,start       ] GC(85) Pause Young (G1 Evacuation Pause)
[16.835s][info][gc,task        ] GC(85) Using 8 workers of 8 for evacuation
[16.983s][info][gc,phases      ] GC(85)   Pre Evacuate Collection Set: 0.0ms
[16.983s][info][gc,phases      ] GC(85)   Evacuate Collection Set: 146.1ms
[16.983s][info][gc,phases      ] GC(85)   Post Evacuate Collection Set: 1.8ms
[16.984s][info][gc,phases      ] GC(85)   Other: 0.5ms
[16.984s][info][gc,heap        ] GC(85) Eden regions: 42->0(28)
[16.984s][info][gc,heap        ] GC(85) Survivor regions: 10->7(7)
[16.984s][info][gc,heap        ] GC(85) Old regions: 262->309
[16.984s][info][gc,heap        ] GC(85) Humongous regions: 53->53
[16.984s][info][gc,metaspace   ] GC(85) Metaspace: 10332K->10332K(27648K)
[16.984s][info][gc             ] GC(85) Pause Young (G1 Evacuation Pause) 361M->363M(512M) 148.738ms
[16.984s][info][gc,cpu         ] GC(85) User=1.05s Sys=0.03s Real=0.16s
[17.029s][info][gc,start       ] GC(86) Pause Young (G1 Evacuation Pause)
[17.029s][info][gc,task        ] GC(86) Using 8 workers of 8 for evacuation
[17.091s][info][gc,phases      ] GC(86)   Pre Evacuate Collection Set: 0.0ms
[17.092s][info][gc,phases      ] GC(86)   Evacuate Collection Set: 61.2ms
[17.092s][info][gc,phases      ] GC(86)   Post Evacuate Collection Set: 0.9ms
[17.092s][info][gc,phases      ] GC(86)   Other: 0.5ms
[17.092s][info][gc,heap        ] GC(86) Eden regions: 28->0(20)
[17.092s][info][gc,heap        ] GC(86) Survivor regions: 7->5(5)
[17.092s][info][gc,heap        ] GC(86) Old regions: 309->341
[17.092s][info][gc,heap        ] GC(86) Humongous regions: 80->80
[17.092s][info][gc,metaspace   ] GC(86) Metaspace: 10332K->10332K(27648K)
[17.092s][info][gc             ] GC(86) Pause Young (G1 Evacuation Pause) 418M->421M(512M) 63.066ms
[17.092s][info][gc,cpu         ] GC(86) User=0.50s Sys=0.00s Real=0.06s
[17.108s][info][gc,start       ] GC(87) Pause Young (G1 Evacuation Pause)
[17.108s][info][gc,task        ] GC(87) Using 8 workers of 8 for evacuation
[17.163s][info][gc,phases      ] GC(87)   Pre Evacuate Collection Set: 0.0ms
[17.163s][info][gc,phases      ] GC(87)   Evacuate Collection Set: 53.4ms
[17.163s][info][gc,phases      ] GC(87)   Post Evacuate Collection Set: 0.8ms
[17.163s][info][gc,phases      ] GC(87)   Other: 0.6ms
[17.163s][info][gc,heap        ] GC(87) Eden regions: 20->0(21)
[17.163s][info][gc,heap        ] GC(87) Survivor regions: 5->4(4)
[17.163s][info][gc,heap        ] GC(87) Old regions: 341->364
[17.163s][info][gc,heap        ] GC(87) Humongous regions: 80->80
[17.163s][info][gc,metaspace   ] GC(87) Metaspace: 10332K->10332K(27648K)
[17.164s][info][gc             ] GC(87) Pause Young (G1 Evacuation Pause) 441M->443M(512M) 55.434ms
[17.164s][info][gc,cpu         ] GC(87) User=0.39s Sys=0.00s Real=0.06s
[17.193s][info][gc,start       ] GC(88) Pause Young (G1 Evacuation Pause)
[17.193s][info][gc,task        ] GC(88) Using 8 workers of 8 for evacuation
[17.229s][info][gc,phases      ] GC(88)   Pre Evacuate Collection Set: 0.0ms
[17.229s][info][gc,phases      ] GC(88)   Evacuate Collection Set: 34.9ms
[17.229s][info][gc,phases      ] GC(88)   Post Evacuate Collection Set: 0.8ms
[17.229s][info][gc,phases      ] GC(88)   Other: 0.5ms
[17.230s][info][gc,heap        ] GC(88) Eden regions: 21->0(21)
[17.230s][info][gc,heap        ] GC(88) Survivor regions: 4->4(4)
[17.230s][info][gc,heap        ] GC(88) Old regions: 364->387
[17.230s][info][gc,heap        ] GC(88) Humongous regions: 80->80
[17.230s][info][gc,metaspace   ] GC(88) Metaspace: 10332K->10332K(27648K)
[17.230s][info][gc             ] GC(88) Pause Young (G1 Evacuation Pause) 464M->465M(512M) 36.567ms
[17.230s][info][gc,cpu         ] GC(88) User=0.23s Sys=0.02s Real=0.04s
[17.245s][info][gc,start       ] GC(89) Pause Young (G1 Evacuation Pause)
[17.245s][info][gc,task        ] GC(89) Using 8 workers of 8 for evacuation
[17.321s][info][gc             ] GC(89) To-space exhausted
[17.321s][info][gc,phases      ] GC(89)   Pre Evacuate Collection Set: 0.0ms
[17.321s][info][gc,phases      ] GC(89)   Evacuate Collection Set: 64.0ms
[17.321s][info][gc,phases      ] GC(89)   Post Evacuate Collection Set: 11.7ms
[17.321s][info][gc,phases      ] GC(89)   Other: 0.7ms
[17.321s][info][gc,heap        ] GC(89) Eden regions: 21->0(21)
[17.321s][info][gc,heap        ] GC(89) Survivor regions: 4->4(4)
[17.322s][info][gc,heap        ] GC(89) Old regions: 387->415
[17.322s][info][gc,heap        ] GC(89) Humongous regions: 80->80
[17.322s][info][gc,metaspace   ] GC(89) Metaspace: 10332K->10332K(27648K)
[17.322s][info][gc             ] GC(89) Pause Young (G1 Evacuation Pause) 486M->494M(512M) 76.983ms
[17.322s][info][gc,cpu         ] GC(89) User=0.66s Sys=0.00s Real=0.09s
[17.336s][info][gc,start       ] GC(90) Pause Young (G1 Evacuation Pause)
[17.337s][info][gc,task        ] GC(90) Using 8 workers of 8 for evacuation
[17.413s][info][gc             ] GC(90) To-space exhausted
[17.414s][info][gc,phases      ] GC(90)   Pre Evacuate Collection Set: 0.0ms
[17.414s][info][gc,phases      ] GC(90)   Evacuate Collection Set: 56.3ms
[17.414s][info][gc,phases      ] GC(90)   Post Evacuate Collection Set: 20.1ms
[17.414s][info][gc,phases      ] GC(90)   Other: 0.6ms
[17.414s][info][gc,heap        ] GC(90) Eden regions: 13->0(25)
[17.414s][info][gc,heap        ] GC(90) Survivor regions: 4->0(4)
[17.414s][info][gc,heap        ] GC(90) Old regions: 415->432
[17.414s][info][gc,heap        ] GC(90) Humongous regions: 80->80
[17.414s][info][gc,metaspace   ] GC(90) Metaspace: 10332K->10332K(27648K)
[17.414s][info][gc             ] GC(90) Pause Young (G1 Evacuation Pause) 507M->507M(512M) 77.336ms
[17.414s][info][gc,cpu         ] GC(90) User=0.50s Sys=0.02s Real=0.08s
[17.414s][info][gc,start       ] GC(91) Pause Young (G1 Evacuation Pause)
[17.414s][info][gc,task        ] GC(91) Using 8 workers of 8 for evacuation
[17.434s][info][gc,phases      ] GC(91)   Pre Evacuate Collection Set: 0.0ms
[17.434s][info][gc,phases      ] GC(91)   Evacuate Collection Set: 18.3ms
[17.434s][info][gc,phases      ] GC(91)   Post Evacuate Collection Set: 0.7ms
[17.434s][info][gc,phases      ] GC(91)   Other: 0.4ms
[17.434s][info][gc,heap        ] GC(91) Eden regions: 0->0(25)
[17.434s][info][gc,heap        ] GC(91) Survivor regions: 0->0(4)
[17.434s][info][gc,heap        ] GC(91) Old regions: 432->432
[17.434s][info][gc,heap        ] GC(91) Humongous regions: 80->80
[17.434s][info][gc,metaspace   ] GC(91) Metaspace: 10332K->10332K(27648K)
[17.434s][info][gc             ] GC(91) Pause Young (G1 Evacuation Pause) 507M->507M(512M) 19.699ms
[17.434s][info][gc,cpu         ] GC(91) User=0.13s Sys=0.00s Real=0.02s
[17.442s][info][gc,start       ] GC(92) Pause Full (Allocation Failure)
[17.443s][info][gc,phases,start] GC(92) Phase 1: Mark live objects
[17.649s][info][gc,stringtable ] GC(92) Cleaned string and symbol table, strings: 4411 processed, 0 removed, symbols: 38004 processed, 0 removed
[17.649s][info][gc,phases      ] GC(92) Phase 1: Mark live objects 205.911ms
[17.649s][info][gc,phases,start] GC(92) Phase 2: Prepare for compaction
[17.677s][info][gc,phases      ] GC(92) Phase 2: Prepare for compaction 27.706ms
[17.677s][info][gc,phases,start] GC(92) Phase 3: Adjust pointers and remembered sets
[17.752s][info][gc,phases      ] GC(92) Phase 3: Adjust pointers and remembered sets 75.121ms
[17.752s][info][gc,phases,start] GC(92) Phase 4: Compact heap
[17.797s][info][gc,phases      ] GC(92) Phase 4: Compact heap 44.463ms
[17.799s][info][gc,heap        ] GC(92) Eden regions: 0->0(107)
[17.799s][info][gc,heap        ] GC(92) Survivor regions: 0->0(4)
[17.799s][info][gc,heap        ] GC(92) Old regions: 432->99
[17.799s][info][gc,heap        ] GC(92) Humongous regions: 80->27
[17.799s][info][gc,metaspace   ] GC(92) Metaspace: 10332K->10332K(27648K)
[17.799s][info][gc             ] GC(92) Pause Full (Allocation Failure) 507M->122M(512M) 357.253ms
[17.800s][info][gc,cpu         ] GC(92) User=2.75s Sys=0.02s Real=0.36s
[17.800s][info][gc,marking     ] GC(84) Concurrent Mark From Roots 1024.267ms
[17.800s][info][gc,marking     ] GC(84) Concurrent Mark Abort
[17.800s][info][gc             ] GC(84) Concurrent Cycle 1033.167ms
[17.887s][info][gc,start       ] GC(93) Pause Young (G1 Evacuation Pause)
[17.887s][info][gc,task        ] GC(93) Using 8 workers of 8 for evacuation
[18.053s][info][gc,phases      ] GC(93)   Pre Evacuate Collection Set: 0.0ms
[18.053s][info][gc,phases      ] GC(93)   Evacuate Collection Set: 163.5ms
[18.053s][info][gc,phases      ] GC(93)   Post Evacuate Collection Set: 1.7ms
[18.053s][info][gc,phases      ] GC(93)   Other: 0.6ms
[18.053s][info][gc,heap        ] GC(93) Eden regions: 107->0(62)
[18.053s][info][gc,heap        ] GC(93) Survivor regions: 0->14(14)
[18.053s][info][gc,heap        ] GC(93) Old regions: 99->192
[18.053s][info][gc,heap        ] GC(93) Humongous regions: 55->55
[18.053s][info][gc,metaspace   ] GC(93) Metaspace: 10332K->10332K(27648K)
[18.054s][info][gc             ] GC(93) Pause Young (G1 Evacuation Pause) 257M->257M(512M) 166.324ms
[18.054s][info][gc,cpu         ] GC(93) User=1.17s Sys=0.05s Real=0.17s
[18.132s][info][gc,start       ] GC(94) Pause Initial Mark (G1 Evacuation Pause)
[18.132s][info][gc,task        ] GC(94) Using 8 workers of 8 for evacuation
[18.262s][info][gc,phases      ] GC(94)   Pre Evacuate Collection Set: 0.0ms
[18.263s][info][gc,phases      ] GC(94)   Evacuate Collection Set: 128.7ms
[18.263s][info][gc,phases      ] GC(94)   Post Evacuate Collection Set: 1.2ms
[18.263s][info][gc,phases      ] GC(94)   Other: 0.7ms
[18.263s][info][gc,heap        ] GC(94) Eden regions: 62->0(42)
[18.263s][info][gc,heap        ] GC(94) Survivor regions: 14->10(10)
[18.263s][info][gc,heap        ] GC(94) Old regions: 192->260
[18.263s][info][gc,heap        ] GC(94) Humongous regions: 55->55
[18.263s][info][gc,metaspace   ] GC(94) Metaspace: 10332K->10332K(27648K)
[18.263s][info][gc             ] GC(94) Pause Initial Mark (G1 Evacuation Pause) 319M->320M(512M) 131.077ms
[18.263s][info][gc,cpu         ] GC(94) User=1.00s Sys=0.00s Real=0.13s
[18.263s][info][gc             ] GC(95) Concurrent Cycle
[18.263s][info][gc,marking     ] GC(95) Concurrent Clear Claimed Marks
[18.263s][info][gc,marking     ] GC(95) Concurrent Clear Claimed Marks 0.060ms
[18.263s][info][gc,marking     ] GC(95) Concurrent Scan Root Regions
[18.280s][info][gc,marking     ] GC(95) Concurrent Scan Root Regions 16.551ms
[18.280s][info][gc,marking     ] GC(95) Concurrent Mark (18.280s)
[18.280s][info][gc,marking     ] GC(95) Concurrent Mark From Roots
[18.280s][info][gc,task        ] GC(95) Using 2 workers of 2 for marking
[18.339s][info][gc,start       ] GC(96) Pause Young (G1 Evacuation Pause)
[18.339s][info][gc,task        ] GC(96) Using 8 workers of 8 for evacuation
[18.433s][info][gc,phases      ] GC(96)   Pre Evacuate Collection Set: 0.0ms
[18.433s][info][gc,phases      ] GC(96)   Evacuate Collection Set: 91.5ms
[18.433s][info][gc,phases      ] GC(96)   Post Evacuate Collection Set: 1.7ms
[18.433s][info][gc,phases      ] GC(96)   Other: 0.5ms
[18.433s][info][gc,heap        ] GC(96) Eden regions: 42->0(28)
[18.433s][info][gc,heap        ] GC(96) Survivor regions: 10->7(7)
[18.433s][info][gc,heap        ] GC(96) Old regions: 260->307
[18.433s][info][gc,heap        ] GC(96) Humongous regions: 55->55
[18.433s][info][gc,metaspace   ] GC(96) Metaspace: 10332K->10332K(27648K)
[18.433s][info][gc             ] GC(96) Pause Young (G1 Evacuation Pause) 362M->365M(512M) 94.103ms
[18.433s][info][gc,cpu         ] GC(96) User=0.72s Sys=0.03s Real=0.09s
[18.500s][info][gc,start       ] GC(97) Pause Young (G1 Evacuation Pause)
[18.500s][info][gc,task        ] GC(97) Using 8 workers of 8 for evacuation
[18.591s][info][gc,phases      ] GC(97)   Pre Evacuate Collection Set: 0.0ms
[18.591s][info][gc,phases      ] GC(97)   Evacuate Collection Set: 89.6ms
[18.591s][info][gc,phases      ] GC(97)   Post Evacuate Collection Set: 1.0ms
[18.591s][info][gc,phases      ] GC(97)   Other: 0.6ms
[18.591s][info][gc,heap        ] GC(97) Eden regions: 28->0(20)
[18.591s][info][gc,heap        ] GC(97) Survivor regions: 7->5(5)
[18.591s][info][gc,heap        ] GC(97) Old regions: 307->339
[18.591s][info][gc,heap        ] GC(97) Humongous regions: 83->83
[18.591s][info][gc,metaspace   ] GC(97) Metaspace: 10332K->10332K(27648K)
[18.591s][info][gc             ] GC(97) Pause Young (G1 Evacuation Pause) 421M->423M(512M) 91.609ms
[18.592s][info][gc,cpu         ] GC(97) User=0.70s Sys=0.02s Real=0.09s
[18.608s][info][gc,start       ] GC(98) Pause Young (G1 Evacuation Pause)
[18.608s][info][gc,task        ] GC(98) Using 8 workers of 8 for evacuation
[18.683s][info][gc,phases      ] GC(98)   Pre Evacuate Collection Set: 0.0ms
[18.683s][info][gc,phases      ] GC(98)   Evacuate Collection Set: 74.1ms
[18.683s][info][gc,phases      ] GC(98)   Post Evacuate Collection Set: 1.0ms
[18.683s][info][gc,phases      ] GC(98)   Other: 0.6ms
[18.683s][info][gc,heap        ] GC(98) Eden regions: 20->0(21)
[18.683s][info][gc,heap        ] GC(98) Survivor regions: 5->4(4)
[18.683s][info][gc,heap        ] GC(98) Old regions: 339->362
[18.683s][info][gc,heap        ] GC(98) Humongous regions: 83->83
[18.683s][info][gc,metaspace   ] GC(98) Metaspace: 10332K->10332K(27648K)
[18.684s][info][gc             ] GC(98) Pause Young (G1 Evacuation Pause) 443M->444M(512M) 76.012ms
[18.684s][info][gc,cpu         ] GC(98) User=0.59s Sys=0.03s Real=0.08s
[18.700s][info][gc,start       ] GC(99) Pause Young (G1 Evacuation Pause)
[18.700s][info][gc,task        ] GC(99) Using 8 workers of 8 for evacuation
[18.764s][info][gc,phases      ] GC(99)   Pre Evacuate Collection Set: 0.0ms
[18.764s][info][gc,phases      ] GC(99)   Evacuate Collection Set: 54.4ms
[18.764s][info][gc,phases      ] GC(99)   Post Evacuate Collection Set: 8.4ms
[18.764s][info][gc,phases      ] GC(99)   Other: 0.5ms
[18.764s][info][gc,heap        ] GC(99) Eden regions: 21->0(21)
[18.764s][info][gc,heap        ] GC(99) Survivor regions: 4->4(4)
[18.764s][info][gc,heap        ] GC(99) Old regions: 362->384
[18.764s][info][gc,heap        ] GC(99) Humongous regions: 83->83
[18.764s][info][gc,metaspace   ] GC(99) Metaspace: 10332K->10332K(27648K)
[18.764s][info][gc             ] GC(99) Pause Young (G1 Evacuation Pause) 465M->466M(512M) 63.626ms
[18.764s][info][gc,cpu         ] GC(99) User=0.28s Sys=0.00s Real=0.06s
[18.803s][info][gc,start       ] GC(100) Pause Young (G1 Evacuation Pause)
[18.803s][info][gc,task        ] GC(100) Using 8 workers of 8 for evacuation
[18.860s][info][gc             ] GC(100) To-space exhausted
[18.860s][info][gc,phases      ] GC(100)   Pre Evacuate Collection Set: 0.1ms
[18.860s][info][gc,phases      ] GC(100)   Evacuate Collection Set: 48.3ms
[18.860s][info][gc,phases      ] GC(100)   Post Evacuate Collection Set: 7.6ms
[18.860s][info][gc,phases      ] GC(100)   Other: 0.7ms
[18.860s][info][gc,heap        ] GC(100) Eden regions: 21->0(21)
[18.860s][info][gc,heap        ] GC(100) Survivor regions: 4->4(4)
[18.860s][info][gc,heap        ] GC(100) Old regions: 384->410
[18.860s][info][gc,heap        ] GC(100) Humongous regions: 83->83
[18.860s][info][gc,metaspace   ] GC(100) Metaspace: 10332K->10332K(27648K)
[18.860s][info][gc             ] GC(100) Pause Young (G1 Evacuation Pause) 487M->493M(512M) 56.837ms
[18.860s][info][gc,cpu         ] GC(100) User=0.34s Sys=0.02s Real=0.05s
[18.872s][info][gc,start       ] GC(101) Pause Young (G1 Evacuation Pause)
[18.873s][info][gc,task        ] GC(101) Using 8 workers of 8 for evacuation
[18.968s][info][gc             ] GC(101) To-space exhausted
[18.968s][info][gc,phases      ] GC(101)   Pre Evacuate Collection Set: 0.0ms
[18.968s][info][gc,phases      ] GC(101)   Evacuate Collection Set: 74.3ms
[18.968s][info][gc,phases      ] GC(101)   Post Evacuate Collection Set: 20.7ms
[18.968s][info][gc,phases      ] GC(101)   Other: 0.6ms
[18.968s][info][gc,heap        ] GC(101) Eden regions: 15->0(25)
[18.968s][info][gc,heap        ] GC(101) Survivor regions: 4->0(4)
[18.968s][info][gc,heap        ] GC(101) Old regions: 410->429
[18.968s][info][gc,heap        ] GC(101) Humongous regions: 83->83
[18.968s][info][gc,metaspace   ] GC(101) Metaspace: 10332K->10332K(27648K)
[18.969s][info][gc             ] GC(101) Pause Young (G1 Evacuation Pause) 508M->508M(512M) 96.038ms
[18.969s][info][gc,cpu         ] GC(101) User=0.72s Sys=0.02s Real=0.09s
[18.969s][info][gc,start       ] GC(102) Pause Young (G1 Evacuation Pause)
[18.969s][info][gc,task        ] GC(102) Using 8 workers of 8 for evacuation
[18.991s][info][gc,phases      ] GC(102)   Pre Evacuate Collection Set: 0.0ms
[18.992s][info][gc,phases      ] GC(102)   Evacuate Collection Set: 21.0ms
[18.992s][info][gc,phases      ] GC(102)   Post Evacuate Collection Set: 0.8ms
[18.992s][info][gc,phases      ] GC(102)   Other: 0.5ms
[18.992s][info][gc,heap        ] GC(102) Eden regions: 0->0(25)
[18.992s][info][gc,heap        ] GC(102) Survivor regions: 0->0(4)
[18.992s][info][gc,heap        ] GC(102) Old regions: 429->429
[18.992s][info][gc,heap        ] GC(102) Humongous regions: 83->83
[18.992s][info][gc,metaspace   ] GC(102) Metaspace: 10332K->10332K(27648K)
[18.992s][info][gc             ] GC(102) Pause Young (G1 Evacuation Pause) 508M->508M(512M) 22.963ms
[18.992s][info][gc,cpu         ] GC(102) User=0.13s Sys=0.00s Real=0.02s
[18.993s][info][gc,start       ] GC(103) Pause Full (Allocation Failure)
[18.996s][info][gc,phases,start] GC(103) Phase 1: Mark live objects
[19.217s][info][gc,stringtable ] GC(103) Cleaned string and symbol table, strings: 4411 processed, 0 removed, symbols: 38004 processed, 0 removed
[19.217s][info][gc,phases      ] GC(103) Phase 1: Mark live objects 221.635ms
[19.217s][info][gc,phases,start] GC(103) Phase 2: Prepare for compaction
[19.244s][info][gc,phases      ] GC(103) Phase 2: Prepare for compaction 26.727ms
[19.244s][info][gc,phases,start] GC(103) Phase 3: Adjust pointers and remembered sets
[19.326s][info][gc,phases      ] GC(103) Phase 3: Adjust pointers and remembered sets 82.354ms
[19.327s][info][gc,phases,start] GC(103) Phase 4: Compact heap
[19.362s][info][gc,phases      ] GC(103) Phase 4: Compact heap 35.910ms
[19.364s][info][gc,heap        ] GC(103) Eden regions: 0->0(108)
[19.364s][info][gc,heap        ] GC(103) Survivor regions: 0->0(4)
[19.364s][info][gc,heap        ] GC(103) Old regions: 429->91
[19.364s][info][gc,heap        ] GC(103) Humongous regions: 83->28
[19.364s][info][gc,metaspace   ] GC(103) Metaspace: 10332K->10332K(27648K)
[19.364s][info][gc             ] GC(103) Pause Full (Allocation Failure) 508M->115M(512M) 370.672ms
[19.365s][info][gc,cpu         ] GC(103) User=2.52s Sys=0.00s Real=0.37s
[19.365s][info][gc,marking     ] GC(95) Concurrent Mark From Roots 1085.174ms
[19.365s][info][gc,marking     ] GC(95) Concurrent Mark Abort
[19.365s][info][gc             ] GC(95) Concurrent Cycle 1102.228ms
[19.494s][info][gc,start       ] GC(104) Pause Young (G1 Evacuation Pause)
[19.494s][info][gc,task        ] GC(104) Using 8 workers of 8 for evacuation
[19.684s][info][gc,phases      ] GC(104)   Pre Evacuate Collection Set: 0.0ms
[19.685s][info][gc,phases      ] GC(104)   Evacuate Collection Set: 185.0ms
[19.685s][info][gc,phases      ] GC(104)   Post Evacuate Collection Set: 4.4ms
[19.685s][info][gc,phases      ] GC(104)   Other: 0.9ms
[19.685s][info][gc,heap        ] GC(104) Eden regions: 108->0(64)
[19.685s][info][gc,heap        ] GC(104) Survivor regions: 0->14(14)
[19.685s][info][gc,heap        ] GC(104) Old regions: 91->185
[19.685s][info][gc,heap        ] GC(104) Humongous regions: 56->56
[19.685s][info][gc,metaspace   ] GC(104) Metaspace: 10332K->10332K(27648K)
[19.685s][info][gc             ] GC(104) Pause Young (G1 Evacuation Pause) 251M->251M(512M) 190.884ms
[19.685s][info][gc,cpu         ] GC(104) User=1.39s Sys=0.06s Real=0.19s
[19.755s][info][gc,start       ] GC(105) Pause Initial Mark (G1 Evacuation Pause)
[19.755s][info][gc,task        ] GC(105) Using 8 workers of 8 for evacuation
[19.905s][info][gc,phases      ] GC(105)   Pre Evacuate Collection Set: 0.0ms
[19.905s][info][gc,phases      ] GC(105)   Evacuate Collection Set: 148.8ms
[19.905s][info][gc,phases      ] GC(105)   Post Evacuate Collection Set: 1.1ms
[19.905s][info][gc,phases      ] GC(105)   Other: 0.6ms
[19.905s][info][gc,heap        ] GC(105) Eden regions: 64->0(43)
[19.905s][info][gc,heap        ] GC(105) Survivor regions: 14->10(10)
[19.905s][info][gc,heap        ] GC(105) Old regions: 185->254
[19.906s][info][gc,heap        ] GC(105) Humongous regions: 56->56
[19.906s][info][gc,metaspace   ] GC(105) Metaspace: 10332K->10332K(27648K)
[19.906s][info][gc             ] GC(105) Pause Initial Mark (G1 Evacuation Pause) 315M->316M(512M) 151.028ms
[19.906s][info][gc,cpu         ] GC(105) User=1.11s Sys=0.11s Real=0.16s
[19.906s][info][gc             ] GC(106) Concurrent Cycle
[19.906s][info][gc,marking     ] GC(106) Concurrent Clear Claimed Marks
[19.906s][info][gc,marking     ] GC(106) Concurrent Clear Claimed Marks 0.076ms
[19.906s][info][gc,marking     ] GC(106) Concurrent Scan Root Regions
[19.932s][info][gc,marking     ] GC(106) Concurrent Scan Root Regions 26.295ms
[19.932s][info][gc,marking     ] GC(106) Concurrent Mark (19.932s)
[19.933s][info][gc,marking     ] GC(106) Concurrent Mark From Roots
[19.933s][info][gc,task        ] GC(106) Using 2 workers of 2 for marking
[19.966s][info][gc,start       ] GC(107) Pause Young (G1 Evacuation Pause)
[19.966s][info][gc,task        ] GC(107) Using 8 workers of 8 for evacuation
[20.079s][info][gc,phases      ] GC(107)   Pre Evacuate Collection Set: 0.0ms
[20.079s][info][gc,phases      ] GC(107)   Evacuate Collection Set: 110.8ms
[20.079s][info][gc,phases      ] GC(107)   Post Evacuate Collection Set: 1.3ms
[20.079s][info][gc,phases      ] GC(107)   Other: 0.5ms
[20.079s][info][gc,heap        ] GC(107) Eden regions: 43->0(29)
[20.079s][info][gc,heap        ] GC(107) Survivor regions: 10->7(7)
[20.079s][info][gc,heap        ] GC(107) Old regions: 254->302
[20.079s][info][gc,heap        ] GC(107) Humongous regions: 56->56
[20.079s][info][gc,metaspace   ] GC(107) Metaspace: 10332K->10332K(27648K)
[20.079s][info][gc             ] GC(107) Pause Young (G1 Evacuation Pause) 359M->361M(512M) 113.077ms
[20.079s][info][gc,cpu         ] GC(107) User=0.78s Sys=0.02s Real=0.11s
[20.110s][info][gc,start       ] GC(108) Pause Young (G1 Evacuation Pause)
[20.110s][info][gc,task        ] GC(108) Using 8 workers of 8 for evacuation
[20.187s][info][gc,phases      ] GC(108)   Pre Evacuate Collection Set: 0.0ms
[20.187s][info][gc,phases      ] GC(108)   Evacuate Collection Set: 75.0ms
[20.187s][info][gc,phases      ] GC(108)   Post Evacuate Collection Set: 1.0ms
[20.187s][info][gc,phases      ] GC(108)   Other: 0.6ms
[20.187s][info][gc,heap        ] GC(108) Eden regions: 29->0(20)
[20.187s][info][gc,heap        ] GC(108) Survivor regions: 7->5(5)
[20.187s][info][gc,heap        ] GC(108) Old regions: 302->334
[20.187s][info][gc,heap        ] GC(108) Humongous regions: 56->56
[20.187s][info][gc,metaspace   ] GC(108) Metaspace: 10332K->10332K(27648K)
[20.188s][info][gc             ] GC(108) Pause Young (G1 Evacuation Pause) 390M->391M(512M) 77.129ms
[20.188s][info][gc,cpu         ] GC(108) User=0.61s Sys=0.02s Real=0.09s
[20.242s][info][gc,start       ] GC(109) Pause Young (G1 Evacuation Pause)
[20.242s][info][gc,task        ] GC(109) Using 8 workers of 8 for evacuation
[20.277s][info][gc,phases      ] GC(109)   Pre Evacuate Collection Set: 0.0ms
[20.278s][info][gc,phases      ] GC(109)   Evacuate Collection Set: 33.8ms
[20.278s][info][gc,phases      ] GC(109)   Post Evacuate Collection Set: 0.9ms
[20.278s][info][gc,phases      ] GC(109)   Other: 0.9ms
[20.278s][info][gc,heap        ] GC(109) Eden regions: 20->0(21)
[20.278s][info][gc,heap        ] GC(109) Survivor regions: 5->4(4)
[20.278s][info][gc,heap        ] GC(109) Old regions: 334->357
[20.278s][info][gc,heap        ] GC(109) Humongous regions: 85->85
[20.278s][info][gc,metaspace   ] GC(109) Metaspace: 10332K->10332K(27648K)
[20.278s][info][gc             ] GC(109) Pause Young (G1 Evacuation Pause) 440M->442M(512M) 35.831ms
[20.278s][info][gc,cpu         ] GC(109) User=0.25s Sys=0.00s Real=0.03s
[20.293s][info][gc,start       ] GC(110) Pause Young (G1 Evacuation Pause)
[20.293s][info][gc,task        ] GC(110) Using 8 workers of 8 for evacuation
[20.340s][info][gc,phases      ] GC(110)   Pre Evacuate Collection Set: 0.0ms
[20.340s][info][gc,phases      ] GC(110)   Evacuate Collection Set: 44.9ms
[20.340s][info][gc,phases      ] GC(110)   Post Evacuate Collection Set: 1.3ms
[20.340s][info][gc,phases      ] GC(110)   Other: 0.5ms
[20.340s][info][gc,heap        ] GC(110) Eden regions: 21->0(21)
[20.340s][info][gc,heap        ] GC(110) Survivor regions: 4->4(4)
[20.340s][info][gc,heap        ] GC(110) Old regions: 357->380
[20.340s][info][gc,heap        ] GC(110) Humongous regions: 85->85
[20.340s][info][gc,metaspace   ] GC(110) Metaspace: 10332K->10332K(27648K)
[20.340s][info][gc             ] GC(110) Pause Young (G1 Evacuation Pause) 463M->465M(512M) 47.061ms
[20.340s][info][gc,cpu         ] GC(110) User=0.38s Sys=0.00s Real=0.06s
[20.357s][info][gc,start       ] GC(111) Pause Young (G1 Evacuation Pause)
[20.357s][info][gc,task        ] GC(111) Using 8 workers of 8 for evacuation
[20.408s][info][gc             ] GC(111) To-space exhausted
[20.408s][info][gc,phases      ] GC(111)   Pre Evacuate Collection Set: 0.0ms
[20.408s][info][gc,phases      ] GC(111)   Evacuate Collection Set: 44.1ms
[20.408s][info][gc,phases      ] GC(111)   Post Evacuate Collection Set: 6.2ms
[20.408s][info][gc,phases      ] GC(111)   Other: 0.6ms
[20.408s][info][gc,heap        ] GC(111) Eden regions: 21->0(21)
[20.408s][info][gc,heap        ] GC(111) Survivor regions: 4->4(4)
[20.408s][info][gc,heap        ] GC(111) Old regions: 380->406
[20.408s][info][gc,heap        ] GC(111) Humongous regions: 85->85
[20.408s][info][gc,metaspace   ] GC(111) Metaspace: 10332K->10332K(27648K)
[20.409s][info][gc             ] GC(111) Pause Young (G1 Evacuation Pause) 486M->491M(512M) 51.221ms
[20.409s][info][gc,cpu         ] GC(111) User=0.38s Sys=0.00s Real=0.05s
[20.424s][info][gc,start       ] GC(112) Pause Young (G1 Evacuation Pause)
[20.424s][info][gc,task        ] GC(112) Using 8 workers of 8 for evacuation
[20.523s][info][gc             ] GC(112) To-space exhausted
[20.523s][info][gc,phases      ] GC(112)   Pre Evacuate Collection Set: 0.0ms
[20.523s][info][gc,phases      ] GC(112)   Evacuate Collection Set: 75.4ms
[20.523s][info][gc,phases      ] GC(112)   Post Evacuate Collection Set: 22.9ms
[20.523s][info][gc,phases      ] GC(112)   Other: 0.7ms
[20.523s][info][gc,heap        ] GC(112) Eden regions: 17->0(25)
[20.523s][info][gc,heap        ] GC(112) Survivor regions: 4->0(4)
[20.523s][info][gc,heap        ] GC(112) Old regions: 406->427
[20.524s][info][gc,heap        ] GC(112) Humongous regions: 85->85
[20.524s][info][gc,metaspace   ] GC(112) Metaspace: 10332K->10332K(27648K)
[20.524s][info][gc             ] GC(112) Pause Young (G1 Evacuation Pause) 508M->508M(512M) 99.385ms
[20.524s][info][gc,cpu         ] GC(112) User=0.75s Sys=0.00s Real=0.09s
[20.524s][info][gc,start       ] GC(113) Pause Young (G1 Evacuation Pause)
[20.524s][info][gc,task        ] GC(113) Using 8 workers of 8 for evacuation
[20.550s][info][gc,phases      ] GC(113)   Pre Evacuate Collection Set: 0.0ms
[20.550s][info][gc,phases      ] GC(113)   Evacuate Collection Set: 24.2ms
[20.550s][info][gc,phases      ] GC(113)   Post Evacuate Collection Set: 0.6ms
[20.550s][info][gc,phases      ] GC(113)   Other: 0.5ms
[20.550s][info][gc,heap        ] GC(113) Eden regions: 0->0(25)
[20.550s][info][gc,heap        ] GC(113) Survivor regions: 0->0(4)
[20.550s][info][gc,heap        ] GC(113) Old regions: 427->427
[20.550s][info][gc,heap        ] GC(113) Humongous regions: 85->85
[20.550s][info][gc,metaspace   ] GC(113) Metaspace: 10332K->10332K(27648K)
[20.550s][info][gc             ] GC(113) Pause Young (G1 Evacuation Pause) 508M->508M(512M) 25.865ms
[20.550s][info][gc,cpu         ] GC(113) User=0.22s Sys=0.00s Real=0.03s
[20.551s][info][gc,start       ] GC(114) Pause Full (Allocation Failure)
[20.552s][info][gc,phases,start] GC(114) Phase 1: Mark live objects
[20.723s][info][gc,stringtable ] GC(114) Cleaned string and symbol table, strings: 4412 processed, 0 removed, symbols: 38004 processed, 0 removed
[20.723s][info][gc,phases      ] GC(114) Phase 1: Mark live objects 170.808ms
[20.723s][info][gc,phases,start] GC(114) Phase 2: Prepare for compaction
[20.746s][info][gc,phases      ] GC(114) Phase 2: Prepare for compaction 22.442ms
[20.746s][info][gc,phases,start] GC(114) Phase 3: Adjust pointers and remembered sets
[20.807s][info][gc,phases      ] GC(114) Phase 3: Adjust pointers and remembered sets 61.661ms
[20.808s][info][gc,phases,start] GC(114) Phase 4: Compact heap
[20.841s][info][gc,phases      ] GC(114) Phase 4: Compact heap 33.809ms
[20.843s][info][gc,heap        ] GC(114) Eden regions: 0->0(111)
[20.843s][info][gc,heap        ] GC(114) Survivor regions: 0->0(4)
[20.843s][info][gc,heap        ] GC(114) Old regions: 427->81
[20.843s][info][gc,heap        ] GC(114) Humongous regions: 85->29
[20.843s][info][gc,metaspace   ] GC(114) Metaspace: 10332K->10332K(27648K)
[20.843s][info][gc             ] GC(114) Pause Full (Allocation Failure) 508M->106M(512M) 291.928ms
[20.844s][info][gc,cpu         ] GC(114) User=2.13s Sys=0.00s Real=0.30s
[20.844s][info][gc,marking     ] GC(106) Concurrent Mark From Roots 911.468ms
[20.844s][info][gc,marking     ] GC(106) Concurrent Mark Abort
[20.844s][info][gc             ] GC(106) Concurrent Cycle 938.298ms
[20.974s][info][gc,start       ] GC(115) Pause Young (G1 Evacuation Pause)
[20.974s][info][gc,task        ] GC(115) Using 8 workers of 8 for evacuation
[21.169s][info][gc,phases      ] GC(115)   Pre Evacuate Collection Set: 0.0ms
[21.170s][info][gc,phases      ] GC(115)   Evacuate Collection Set: 192.8ms
[21.170s][info][gc,phases      ] GC(115)   Post Evacuate Collection Set: 1.8ms
[21.170s][info][gc,phases      ] GC(115)   Other: 0.9ms
[21.170s][info][gc,heap        ] GC(115) Eden regions: 111->0(66)
[21.170s][info][gc,heap        ] GC(115) Survivor regions: 0->14(14)
[21.170s][info][gc,heap        ] GC(115) Old regions: 81->178
[21.170s][info][gc,heap        ] GC(115) Humongous regions: 58->58
[21.170s][info][gc,metaspace   ] GC(115) Metaspace: 10332K->10332K(27648K)
[21.170s][info][gc             ] GC(115) Pause Young (G1 Evacuation Pause) 246M->246M(512M) 196.141ms
[21.170s][info][gc,cpu         ] GC(115) User=1.50s Sys=0.09s Real=0.21s
[21.295s][info][gc,start       ] GC(116) Pause Initial Mark (G1 Evacuation Pause)
[21.295s][info][gc,task        ] GC(116) Using 8 workers of 8 for evacuation
[21.409s][info][gc,phases      ] GC(116)   Pre Evacuate Collection Set: 0.1ms
[21.409s][info][gc,phases      ] GC(116)   Evacuate Collection Set: 112.2ms
[21.409s][info][gc,phases      ] GC(116)   Post Evacuate Collection Set: 1.2ms
[21.409s][info][gc,phases      ] GC(116)   Other: 0.7ms
[21.409s][info][gc,heap        ] GC(116) Eden regions: 66->0(44)
[21.409s][info][gc,heap        ] GC(116) Survivor regions: 14->10(10)
[21.409s][info][gc,heap        ] GC(116) Old regions: 178->250
[21.409s][info][gc,heap        ] GC(116) Humongous regions: 58->58
[21.409s][info][gc,metaspace   ] GC(116) Metaspace: 10332K->10332K(27648K)
[21.409s][info][gc             ] GC(116) Pause Initial Mark (G1 Evacuation Pause) 312M->313M(512M) 114.500ms
[21.409s][info][gc,cpu         ] GC(116) User=0.81s Sys=0.06s Real=0.11s
[21.409s][info][gc             ] GC(117) Concurrent Cycle
[21.410s][info][gc,marking     ] GC(117) Concurrent Clear Claimed Marks
[21.410s][info][gc,marking     ] GC(117) Concurrent Clear Claimed Marks 0.052ms
[21.410s][info][gc,marking     ] GC(117) Concurrent Scan Root Regions
[21.434s][info][gc,marking     ] GC(117) Concurrent Scan Root Regions 24.239ms
[21.434s][info][gc,marking     ] GC(117) Concurrent Mark (21.434s)
[21.434s][info][gc,marking     ] GC(117) Concurrent Mark From Roots
[21.434s][info][gc,task        ] GC(117) Using 2 workers of 2 for marking
[21.466s][info][gc,start       ] GC(118) Pause Young (G1 Evacuation Pause)
[21.466s][info][gc,task        ] GC(118) Using 8 workers of 8 for evacuation
[21.583s][info][gc,phases      ] GC(118)   Pre Evacuate Collection Set: 0.0ms
[21.583s][info][gc,phases      ] GC(118)   Evacuate Collection Set: 114.1ms
[21.583s][info][gc,phases      ] GC(118)   Post Evacuate Collection Set: 2.0ms
[21.583s][info][gc,phases      ] GC(118)   Other: 0.5ms
[21.583s][info][gc,heap        ] GC(118) Eden regions: 44->0(30)
[21.583s][info][gc,heap        ] GC(118) Survivor regions: 10->7(7)
[21.583s][info][gc,heap        ] GC(118) Old regions: 250->299
[21.583s][info][gc,heap        ] GC(118) Humongous regions: 58->58
[21.583s][info][gc,metaspace   ] GC(118) Metaspace: 10332K->10332K(27648K)
[21.583s][info][gc             ] GC(118) Pause Young (G1 Evacuation Pause) 357M->360M(512M) 116.965ms
[21.583s][info][gc,cpu         ] GC(118) User=0.78s Sys=0.00s Real=0.11s
[21.625s][info][gc,start       ] GC(119) Pause Young (G1 Evacuation Pause)
[21.625s][info][gc,task        ] GC(119) Using 8 workers of 8 for evacuation
[21.702s][info][gc,phases      ] GC(119)   Pre Evacuate Collection Set: 0.0ms
[21.702s][info][gc,phases      ] GC(119)   Evacuate Collection Set: 75.8ms
[21.702s][info][gc,phases      ] GC(119)   Post Evacuate Collection Set: 0.9ms
[21.702s][info][gc,phases      ] GC(119)   Other: 0.5ms
[21.702s][info][gc,heap        ] GC(119) Eden regions: 30->0(20)
[21.702s][info][gc,heap        ] GC(119) Survivor regions: 7->5(5)
[21.703s][info][gc,heap        ] GC(119) Old regions: 299->334
[21.703s][info][gc,heap        ] GC(119) Humongous regions: 58->58
[21.703s][info][gc,metaspace   ] GC(119) Metaspace: 10332K->10332K(27648K)
[21.703s][info][gc             ] GC(119) Pause Young (G1 Evacuation Pause) 390M->392M(512M) 77.599ms
[21.703s][info][gc,cpu         ] GC(119) User=0.63s Sys=0.00s Real=0.08s
[21.738s][info][gc,start       ] GC(120) Pause Young (G1 Evacuation Pause)
[21.738s][info][gc,task        ] GC(120) Using 8 workers of 8 for evacuation
[21.809s][info][gc,phases      ] GC(120)   Pre Evacuate Collection Set: 0.0ms
[21.809s][info][gc,phases      ] GC(120)   Evacuate Collection Set: 70.0ms
[21.809s][info][gc,phases      ] GC(120)   Post Evacuate Collection Set: 1.0ms
[21.809s][info][gc,phases      ] GC(120)   Other: 0.5ms
[21.809s][info][gc,heap        ] GC(120) Eden regions: 20->0(21)
[21.809s][info][gc,heap        ] GC(120) Survivor regions: 5->4(4)
[21.809s][info][gc,heap        ] GC(120) Old regions: 334->357
[21.809s][info][gc,heap        ] GC(120) Humongous regions: 87->87
[21.809s][info][gc,metaspace   ] GC(120) Metaspace: 10332K->10332K(27648K)
[21.809s][info][gc             ] GC(120) Pause Young (G1 Evacuation Pause) 441M->443M(512M) 71.806ms
[21.809s][info][gc,cpu         ] GC(120) User=0.50s Sys=0.02s Real=0.08s
[21.825s][info][gc,start       ] GC(121) Pause Young (G1 Evacuation Pause)
[21.825s][info][gc,task        ] GC(121) Using 8 workers of 8 for evacuation
[21.883s][info][gc,phases      ] GC(121)   Pre Evacuate Collection Set: 0.1ms
[21.883s][info][gc,phases      ] GC(121)   Evacuate Collection Set: 56.0ms
[21.883s][info][gc,phases      ] GC(121)   Post Evacuate Collection Set: 0.9ms
[21.883s][info][gc,phases      ] GC(121)   Other: 0.6ms
[21.883s][info][gc,heap        ] GC(121) Eden regions: 21->0(21)
[21.883s][info][gc,heap        ] GC(121) Survivor regions: 4->4(4)
[21.883s][info][gc,heap        ] GC(121) Old regions: 357->380
[21.883s][info][gc,heap        ] GC(121) Humongous regions: 87->87
[21.883s][info][gc,metaspace   ] GC(121) Metaspace: 10332K->10332K(27648K)
[21.883s][info][gc             ] GC(121) Pause Young (G1 Evacuation Pause) 464M->466M(512M) 57.964ms
[21.883s][info][gc,cpu         ] GC(121) User=0.47s Sys=0.02s Real=0.06s
[21.900s][info][gc,start       ] GC(122) Pause Young (G1 Evacuation Pause)
[21.900s][info][gc,task        ] GC(122) Using 8 workers of 8 for evacuation
[21.959s][info][gc             ] GC(122) To-space exhausted
[21.959s][info][gc,phases      ] GC(122)   Pre Evacuate Collection Set: 0.0ms
[21.959s][info][gc,phases      ] GC(122)   Evacuate Collection Set: 50.3ms
[21.959s][info][gc,phases      ] GC(122)   Post Evacuate Collection Set: 8.3ms
[21.960s][info][gc,phases      ] GC(122)   Other: 0.6ms
[21.960s][info][gc,heap        ] GC(122) Eden regions: 21->0(21)
[21.960s][info][gc,heap        ] GC(122) Survivor regions: 4->4(4)
[21.960s][info][gc,heap        ] GC(122) Old regions: 380->405
[21.960s][info][gc,heap        ] GC(122) Humongous regions: 87->87
[21.960s][info][gc,metaspace   ] GC(122) Metaspace: 10332K->10332K(27648K)
[21.960s][info][gc             ] GC(122) Pause Young (G1 Evacuation Pause) 487M->492M(512M) 59.522ms
[21.960s][info][gc,cpu         ] GC(122) User=0.38s Sys=0.00s Real=0.05s
[21.980s][info][gc,start       ] GC(123) Pause Young (G1 Evacuation Pause)
[21.981s][info][gc,task        ] GC(123) Using 8 workers of 8 for evacuation
[22.071s][info][gc             ] GC(123) To-space exhausted
[22.071s][info][gc,phases      ] GC(123)   Pre Evacuate Collection Set: 0.1ms
[22.071s][info][gc,phases      ] GC(123)   Evacuate Collection Set: 69.6ms
[22.071s][info][gc,phases      ] GC(123)   Post Evacuate Collection Set: 20.0ms
[22.071s][info][gc,phases      ] GC(123)   Other: 1.0ms
[22.071s][info][gc,heap        ] GC(123) Eden regions: 16->0(25)
[22.071s][info][gc,heap        ] GC(123) Survivor regions: 4->0(4)
[22.071s][info][gc,heap        ] GC(123) Old regions: 405->425
[22.071s][info][gc,heap        ] GC(123) Humongous regions: 87->87
[22.071s][info][gc,metaspace   ] GC(123) Metaspace: 10332K->10332K(27648K)
[22.071s][info][gc             ] GC(123) Pause Young (G1 Evacuation Pause) 508M->508M(512M) 91.234ms
[22.072s][info][gc,cpu         ] GC(123) User=0.75s Sys=0.00s Real=0.09s
[22.072s][info][gc,start       ] GC(124) Pause Young (G1 Evacuation Pause)
[22.072s][info][gc,task        ] GC(124) Using 8 workers of 8 for evacuation
[22.100s][info][gc,phases      ] GC(124)   Pre Evacuate Collection Set: 0.0ms
[22.100s][info][gc,phases      ] GC(124)   Evacuate Collection Set: 26.7ms
[22.100s][info][gc,phases      ] GC(124)   Post Evacuate Collection Set: 0.5ms
[22.100s][info][gc,phases      ] GC(124)   Other: 0.5ms
[22.100s][info][gc,heap        ] GC(124) Eden regions: 0->0(25)
[22.100s][info][gc,heap        ] GC(124) Survivor regions: 0->0(4)
[22.100s][info][gc,heap        ] GC(124) Old regions: 425->425
[22.100s][info][gc,heap        ] GC(124) Humongous regions: 87->87
[22.100s][info][gc,metaspace   ] GC(124) Metaspace: 10332K->10332K(27648K)
[22.101s][info][gc             ] GC(124) Pause Young (G1 Evacuation Pause) 508M->508M(512M) 28.134ms
[22.101s][info][gc,cpu         ] GC(124) User=0.13s Sys=0.00s Real=0.02s
[22.102s][info][gc,start       ] GC(125) Pause Full (Allocation Failure)
[22.103s][info][gc,phases,start] GC(125) Phase 1: Mark live objects
[22.248s][info][gc,stringtable ] GC(125) Cleaned string and symbol table, strings: 4412 processed, 0 removed, symbols: 38004 processed, 0 removed
[22.249s][info][gc,phases      ] GC(125) Phase 1: Mark live objects 145.196ms
[22.249s][info][gc,phases,start] GC(125) Phase 2: Prepare for compaction
[22.261s][info][gc,phases      ] GC(125) Phase 2: Prepare for compaction 12.738ms
[22.261s][info][gc,phases,start] GC(125) Phase 3: Adjust pointers and remembered sets
[22.321s][info][gc,phases      ] GC(125) Phase 3: Adjust pointers and remembered sets 58.995ms
[22.321s][info][gc,phases,start] GC(125) Phase 4: Compact heap
[22.344s][info][gc,phases      ] GC(125) Phase 4: Compact heap 23.340ms
[22.345s][info][gc,heap        ] GC(125) Eden regions: 0->0(116)
[22.345s][info][gc,heap        ] GC(125) Survivor regions: 0->0(4)
[22.346s][info][gc,heap        ] GC(125) Old regions: 425->68
[22.346s][info][gc,heap        ] GC(125) Humongous regions: 87->29
[22.346s][info][gc,metaspace   ] GC(125) Metaspace: 10332K->10332K(27648K)
[22.346s][info][gc             ] GC(125) Pause Full (Allocation Failure) 508M->93M(512M) 244.094ms
[22.347s][info][gc,cpu         ] GC(125) User=1.84s Sys=0.02s Real=0.25s
[22.347s][info][gc,marking     ] GC(117) Concurrent Mark From Roots 912.976ms
[22.347s][info][gc,marking     ] GC(117) Concurrent Mark Abort
[22.347s][info][gc             ] GC(117) Concurrent Cycle 937.698ms
[22.460s][info][gc,start       ] GC(126) Pause Young (G1 Evacuation Pause)
[22.461s][info][gc,task        ] GC(126) Using 8 workers of 8 for evacuation
[22.662s][info][gc,mmu         ] GC(126) MMU target violated: 201.0ms (200.0ms/201.0ms)
[22.662s][info][gc,phases      ] GC(126)   Pre Evacuate Collection Set: 0.1ms
[22.662s][info][gc,phases      ] GC(126)   Evacuate Collection Set: 198.8ms
[22.663s][info][gc,phases      ] GC(126)   Post Evacuate Collection Set: 1.9ms
[22.663s][info][gc,phases      ] GC(126)   Other: 1.2ms
[22.663s][info][gc,heap        ] GC(126) Eden regions: 116->0(68)
[22.663s][info][gc,heap        ] GC(126) Survivor regions: 0->15(15)
[22.663s][info][gc,heap        ] GC(126) Old regions: 68->169
[22.663s][info][gc,heap        ] GC(126) Humongous regions: 59->59
[22.663s][info][gc,metaspace   ] GC(126) Metaspace: 10332K->10332K(27648K)
[22.663s][info][gc             ] GC(126) Pause Young (G1 Evacuation Pause) 239M->239M(512M) 202.588ms
[22.663s][info][gc,cpu         ] GC(126) User=1.48s Sys=0.08s Real=0.20s
[22.787s][info][gc,start       ] GC(127) Pause Young (G1 Evacuation Pause)
[22.787s][info][gc,task        ] GC(127) Using 8 workers of 8 for evacuation
[22.977s][info][gc,phases      ] GC(127)   Pre Evacuate Collection Set: 0.0ms
[22.977s][info][gc,phases      ] GC(127)   Evacuate Collection Set: 187.1ms
[22.977s][info][gc,phases      ] GC(127)   Post Evacuate Collection Set: 1.9ms
[22.977s][info][gc,phases      ] GC(127)   Other: 0.6ms
[22.977s][info][gc,heap        ] GC(127) Eden regions: 68->0(46)
[22.977s][info][gc,heap        ] GC(127) Survivor regions: 15->11(11)
[22.977s][info][gc,heap        ] GC(127) Old regions: 169->243
[22.977s][info][gc,heap        ] GC(127) Humongous regions: 59->59
[22.977s][info][gc,metaspace   ] GC(127) Metaspace: 10332K->10332K(27648K)
[22.977s][info][gc             ] GC(127) Pause Young (G1 Evacuation Pause) 307M->308M(512M) 190.055ms
[22.977s][info][gc,cpu         ] GC(127) User=1.36s Sys=0.14s Real=0.19s
[23.045s][info][gc,start       ] GC(128) Pause Initial Mark (G1 Evacuation Pause)
[23.045s][info][gc,task        ] GC(128) Using 8 workers of 8 for evacuation
[23.164s][info][gc,phases      ] GC(128)   Pre Evacuate Collection Set: 0.0ms
[23.165s][info][gc,phases      ] GC(128)   Evacuate Collection Set: 117.9ms
[23.165s][info][gc,phases      ] GC(128)   Post Evacuate Collection Set: 1.3ms
[23.165s][info][gc,phases      ] GC(128)   Other: 0.6ms
[23.165s][info][gc,heap        ] GC(128) Eden regions: 46->0(30)
[23.165s][info][gc,heap        ] GC(128) Survivor regions: 11->8(8)
[23.165s][info][gc,heap        ] GC(128) Old regions: 243->294
[23.165s][info][gc,heap        ] GC(128) Humongous regions: 59->59
[23.165s][info][gc,metaspace   ] GC(128) Metaspace: 10332K->10332K(27648K)
[23.165s][info][gc             ] GC(128) Pause Initial Mark (G1 Evacuation Pause) 354M->356M(512M) 120.103ms
[23.165s][info][gc,cpu         ] GC(128) User=0.86s Sys=0.06s Real=0.13s
[23.165s][info][gc             ] GC(129) Concurrent Cycle
[23.165s][info][gc,marking     ] GC(129) Concurrent Clear Claimed Marks
[23.165s][info][gc,marking     ] GC(129) Concurrent Clear Claimed Marks 0.066ms
[23.165s][info][gc,marking     ] GC(129) Concurrent Scan Root Regions
[23.182s][info][gc,marking     ] GC(129) Concurrent Scan Root Regions 16.793ms
[23.182s][info][gc,marking     ] GC(129) Concurrent Mark (23.182s)
[23.182s][info][gc,marking     ] GC(129) Concurrent Mark From Roots
[23.182s][info][gc,task        ] GC(129) Using 2 workers of 2 for marking
[23.222s][info][gc,start       ] GC(130) Pause Young (G1 Evacuation Pause)
[23.222s][info][gc,task        ] GC(130) Using 8 workers of 8 for evacuation
[23.292s][info][gc,phases      ] GC(130)   Pre Evacuate Collection Set: 0.0ms
[23.292s][info][gc,phases      ] GC(130)   Evacuate Collection Set: 68.7ms
[23.292s][info][gc,phases      ] GC(130)   Post Evacuate Collection Set: 1.2ms
[23.292s][info][gc,phases      ] GC(130)   Other: 0.6ms
[23.292s][info][gc,heap        ] GC(130) Eden regions: 30->0(21)
[23.292s][info][gc,heap        ] GC(130) Survivor regions: 8->5(5)
[23.292s][info][gc,heap        ] GC(130) Old regions: 294->328
[23.293s][info][gc,heap        ] GC(130) Humongous regions: 59->59
[23.293s][info][gc,metaspace   ] GC(130) Metaspace: 10332K->10332K(27648K)
[23.293s][info][gc             ] GC(130) Pause Young (G1 Evacuation Pause) 386M->388M(512M) 70.917ms
[23.293s][info][gc,cpu         ] GC(130) User=0.59s Sys=0.02s Real=0.07s
[23.312s][info][gc,start       ] GC(131) Pause Young (G1 Evacuation Pause)
[23.312s][info][gc,task        ] GC(131) Using 8 workers of 8 for evacuation
[23.376s][info][gc,phases      ] GC(131)   Pre Evacuate Collection Set: 0.0ms
[23.376s][info][gc,phases      ] GC(131)   Evacuate Collection Set: 61.4ms
[23.376s][info][gc,phases      ] GC(131)   Post Evacuate Collection Set: 1.2ms
[23.376s][info][gc,phases      ] GC(131)   Other: 0.8ms
[23.376s][info][gc,heap        ] GC(131) Eden regions: 21->0(21)
[23.376s][info][gc,heap        ] GC(131) Survivor regions: 5->4(4)
[23.376s][info][gc,heap        ] GC(131) Old regions: 328->352
[23.376s][info][gc,heap        ] GC(131) Humongous regions: 59->59
[23.376s][info][gc,metaspace   ] GC(131) Metaspace: 10332K->10332K(27648K)
[23.376s][info][gc             ] GC(131) Pause Young (G1 Evacuation Pause) 409M->411M(512M) 63.931ms
[23.376s][info][gc,cpu         ] GC(131) User=0.50s Sys=0.00s Real=0.07s
[23.421s][info][gc,start       ] GC(132) Pause Young (G1 Evacuation Pause)
[23.421s][info][gc,task        ] GC(132) Using 8 workers of 8 for evacuation
[23.470s][info][gc,phases      ] GC(132)   Pre Evacuate Collection Set: 0.0ms
[23.471s][info][gc,phases      ] GC(132)   Evacuate Collection Set: 48.1ms
[23.471s][info][gc,phases      ] GC(132)   Post Evacuate Collection Set: 1.2ms
[23.471s][info][gc,phases      ] GC(132)   Other: 0.7ms
[23.471s][info][gc,heap        ] GC(132) Eden regions: 21->0(21)
[23.471s][info][gc,heap        ] GC(132) Survivor regions: 4->4(4)
[23.471s][info][gc,heap        ] GC(132) Old regions: 352->375
[23.471s][info][gc,heap        ] GC(132) Humongous regions: 89->89
[23.471s][info][gc,metaspace   ] GC(132) Metaspace: 10332K->10332K(27648K)
[23.471s][info][gc             ] GC(132) Pause Young (G1 Evacuation Pause) 462M->463M(512M) 50.282ms
[23.471s][info][gc,cpu         ] GC(132) User=0.45s Sys=0.03s Real=0.06s
[23.489s][info][gc,start       ] GC(133) Pause Young (G1 Evacuation Pause)
[23.489s][info][gc,task        ] GC(133) Using 8 workers of 8 for evacuation
[23.581s][info][gc             ] GC(133) To-space exhausted
[23.581s][info][gc,phases      ] GC(133)   Pre Evacuate Collection Set: 0.0ms
[23.581s][info][gc,phases      ] GC(133)   Evacuate Collection Set: 74.3ms
[23.582s][info][gc,phases      ] GC(133)   Post Evacuate Collection Set: 17.4ms
[23.582s][info][gc,phases      ] GC(133)   Other: 0.7ms
[23.582s][info][gc,heap        ] GC(133) Eden regions: 21->0(21)
[23.582s][info][gc,heap        ] GC(133) Survivor regions: 4->4(4)
[23.582s][info][gc,heap        ] GC(133) Old regions: 375->403
[23.582s][info][gc,heap        ] GC(133) Humongous regions: 89->89
[23.582s][info][gc,metaspace   ] GC(133) Metaspace: 10332K->10332K(27648K)
[23.582s][info][gc             ] GC(133) Pause Young (G1 Evacuation Pause) 484M->492M(512M) 92.580ms
[23.582s][info][gc,cpu         ] GC(133) User=0.61s Sys=0.03s Real=0.10s
[23.604s][info][gc,start       ] GC(134) Pause Young (G1 Evacuation Pause)
[23.604s][info][gc,task        ] GC(134) Using 8 workers of 8 for evacuation
[23.707s][info][gc             ] GC(134) To-space exhausted
[23.708s][info][gc,phases      ] GC(134)   Pre Evacuate Collection Set: 0.1ms
[23.708s][info][gc,phases      ] GC(134)   Evacuate Collection Set: 66.7ms
[23.708s][info][gc,phases      ] GC(134)   Post Evacuate Collection Set: 35.6ms
[23.708s][info][gc,phases      ] GC(134)   Other: 0.8ms
[23.708s][info][gc,heap        ] GC(134) Eden regions: 16->0(25)
[23.708s][info][gc,heap        ] GC(134) Survivor regions: 4->0(4)
[23.708s][info][gc,heap        ] GC(134) Old regions: 403->423
[23.708s][info][gc,heap        ] GC(134) Humongous regions: 89->89
[23.708s][info][gc,metaspace   ] GC(134) Metaspace: 10332K->10332K(27648K)
[23.708s][info][gc             ] GC(134) Pause Young (G1 Evacuation Pause) 508M->508M(512M) 103.450ms
[23.708s][info][gc,cpu         ] GC(134) User=0.70s Sys=0.03s Real=0.11s
[23.708s][info][gc,start       ] GC(135) Pause Young (G1 Evacuation Pause)
[23.708s][info][gc,task        ] GC(135) Using 8 workers of 8 for evacuation
[23.732s][info][gc,phases      ] GC(135)   Pre Evacuate Collection Set: 0.0ms
[23.732s][info][gc,phases      ] GC(135)   Evacuate Collection Set: 22.2ms
[23.732s][info][gc,phases      ] GC(135)   Post Evacuate Collection Set: 1.0ms
[23.732s][info][gc,phases      ] GC(135)   Other: 0.4ms
[23.732s][info][gc,heap        ] GC(135) Eden regions: 0->0(25)
[23.732s][info][gc,heap        ] GC(135) Survivor regions: 0->0(4)
[23.732s][info][gc,heap        ] GC(135) Old regions: 423->423
[23.732s][info][gc,heap        ] GC(135) Humongous regions: 89->89
[23.732s][info][gc,metaspace   ] GC(135) Metaspace: 10332K->10332K(27648K)
[23.732s][info][gc             ] GC(135) Pause Young (G1 Evacuation Pause) 508M->508M(512M) 23.990ms
[23.732s][info][gc,cpu         ] GC(135) User=0.25s Sys=0.00s Real=0.02s
[23.733s][info][gc,start       ] GC(136) Pause Full (Allocation Failure)
[23.735s][info][gc,phases,start] GC(136) Phase 1: Mark live objects
[23.861s][info][gc,stringtable ] GC(136) Cleaned string and symbol table, strings: 4412 processed, 0 removed, symbols: 38004 processed, 0 removed
[23.861s][info][gc,phases      ] GC(136) Phase 1: Mark live objects 126.786ms
[23.861s][info][gc,phases,start] GC(136) Phase 2: Prepare for compaction
[23.873s][info][gc,phases      ] GC(136) Phase 2: Prepare for compaction 11.470ms
[23.873s][info][gc,phases,start] GC(136) Phase 3: Adjust pointers and remembered sets
[23.924s][info][gc,phases      ] GC(136) Phase 3: Adjust pointers and remembered sets 51.207ms
[23.924s][info][gc,phases,start] GC(136) Phase 4: Compact heap
[23.951s][info][gc,phases      ] GC(136) Phase 4: Compact heap 26.194ms
[23.952s][info][gc,heap        ] GC(136) Eden regions: 0->0(109)
[23.952s][info][gc,heap        ] GC(136) Survivor regions: 0->0(4)
[23.952s][info][gc,heap        ] GC(136) Old regions: 423->56
[23.952s][info][gc,heap        ] GC(136) Humongous regions: 89->30
[23.952s][info][gc,metaspace   ] GC(136) Metaspace: 10332K->10332K(27648K)
[23.952s][info][gc             ] GC(136) Pause Full (Allocation Failure) 508M->82M(512M) 219.067ms
[23.953s][info][gc,cpu         ] GC(136) User=1.53s Sys=0.00s Real=0.23s
[23.953s][info][gc,marking     ] GC(129) Concurrent Mark From Roots 771.272ms
[23.954s][info][gc,marking     ] GC(129) Concurrent Mark Abort
[23.954s][info][gc             ] GC(129) Concurrent Cycle 788.516ms
[24.047s][info][gc,start       ] GC(137) Pause Young (G1 Evacuation Pause)
[24.047s][info][gc,task        ] GC(137) Using 8 workers of 8 for evacuation
[24.248s][info][gc,mmu         ] GC(137) MMU target violated: 200.9ms (200.0ms/201.0ms)
[24.248s][info][gc,phases      ] GC(137)   Pre Evacuate Collection Set: 0.0ms
[24.248s][info][gc,phases      ] GC(137)   Evacuate Collection Set: 198.8ms
[24.248s][info][gc,phases      ] GC(137)   Post Evacuate Collection Set: 1.7ms
[24.249s][info][gc,phases      ] GC(137)   Other: 0.9ms
[24.249s][info][gc,heap        ] GC(137) Eden regions: 109->0(83)
[24.249s][info][gc,heap        ] GC(137) Survivor regions: 0->14(14)
[24.249s][info][gc,heap        ] GC(137) Old regions: 56->151
[24.249s][info][gc,heap        ] GC(137) Humongous regions: 30->30
[24.249s][info][gc,metaspace   ] GC(137) Metaspace: 10332K->10332K(27648K)
[24.249s][info][gc             ] GC(137) Pause Young (G1 Evacuation Pause) 191M->191M(512M) 201.758ms
[24.249s][info][gc,cpu         ] GC(137) User=1.47s Sys=0.00s Real=0.20s
[24.377s][info][gc,start       ] GC(138) Pause Young (G1 Evacuation Pause)
[24.377s][info][gc,task        ] GC(138) Using 8 workers of 8 for evacuation
[24.536s][info][gc,phases      ] GC(138)   Pre Evacuate Collection Set: 0.0ms
[24.536s][info][gc,phases      ] GC(138)   Evacuate Collection Set: 157.5ms
[24.536s][info][gc,phases      ] GC(138)   Post Evacuate Collection Set: 1.6ms
[24.537s][info][gc,phases      ] GC(138)   Other: 0.7ms
[24.537s][info][gc,heap        ] GC(138) Eden regions: 83->0(46)
[24.537s][info][gc,heap        ] GC(138) Survivor regions: 14->13(13)
[24.537s][info][gc,heap        ] GC(138) Old regions: 151->237
[24.537s][info][gc,heap        ] GC(138) Humongous regions: 61->61
[24.537s][info][gc,metaspace   ] GC(138) Metaspace: 10332K->10332K(27648K)
[24.537s][info][gc             ] GC(138) Pause Young (G1 Evacuation Pause) 305M->307M(512M) 160.104ms
[24.537s][info][gc,cpu         ] GC(138) User=1.27s Sys=0.08s Real=0.17s
[24.614s][info][gc,start       ] GC(139) Pause Initial Mark (G1 Evacuation Pause)
[24.614s][info][gc,task        ] GC(139) Using 8 workers of 8 for evacuation
[24.740s][info][gc,phases      ] GC(139)   Pre Evacuate Collection Set: 0.1ms
[24.740s][info][gc,phases      ] GC(139)   Evacuate Collection Set: 123.9ms
[24.740s][info][gc,phases      ] GC(139)   Post Evacuate Collection Set: 1.3ms
[24.740s][info][gc,phases      ] GC(139)   Other: 0.8ms
[24.740s][info][gc,heap        ] GC(139) Eden regions: 46->0(31)
[24.740s][info][gc,heap        ] GC(139) Survivor regions: 13->8(8)
[24.740s][info][gc,heap        ] GC(139) Old regions: 237->290
[24.740s][info][gc,heap        ] GC(139) Humongous regions: 61->61
[24.740s][info][gc,metaspace   ] GC(139) Metaspace: 10332K->10332K(27648K)
[24.740s][info][gc             ] GC(139) Pause Initial Mark (G1 Evacuation Pause) 353M->354M(512M) 126.619ms
[24.740s][info][gc,cpu         ] GC(139) User=0.92s Sys=0.03s Real=0.14s
[24.740s][info][gc             ] GC(140) Concurrent Cycle
[24.740s][info][gc,marking     ] GC(140) Concurrent Clear Claimed Marks
[24.741s][info][gc,marking     ] GC(140) Concurrent Clear Claimed Marks 0.075ms
[24.741s][info][gc,marking     ] GC(140) Concurrent Scan Root Regions
[24.760s][info][gc,marking     ] GC(140) Concurrent Scan Root Regions 18.898ms
[24.760s][info][gc,marking     ] GC(140) Concurrent Mark (24.760s)
[24.760s][info][gc,marking     ] GC(140) Concurrent Mark From Roots
[24.760s][info][gc,task        ] GC(140) Using 2 workers of 2 for marking
[24.801s][info][gc,start       ] GC(141) Pause Young (G1 Evacuation Pause)
[24.801s][info][gc,task        ] GC(141) Using 8 workers of 8 for evacuation
[24.887s][info][gc,phases      ] GC(141)   Pre Evacuate Collection Set: 0.0ms
[24.887s][info][gc,phases      ] GC(141)   Evacuate Collection Set: 84.4ms
[24.887s][info][gc,phases      ] GC(141)   Post Evacuate Collection Set: 1.4ms
[24.887s][info][gc,phases      ] GC(141)   Other: 0.5ms
[24.887s][info][gc,heap        ] GC(141) Eden regions: 31->0(21)
[24.887s][info][gc,heap        ] GC(141) Survivor regions: 8->5(5)
[24.887s][info][gc,heap        ] GC(141) Old regions: 290->325
[24.887s][info][gc,heap        ] GC(141) Humongous regions: 61->61
[24.887s][info][gc,metaspace   ] GC(141) Metaspace: 10332K->10332K(27648K)
[24.888s][info][gc             ] GC(141) Pause Young (G1 Evacuation Pause) 385M->386M(512M) 86.643ms
[24.888s][info][gc,cpu         ] GC(141) User=0.59s Sys=0.05s Real=0.10s
[24.906s][info][gc,start       ] GC(142) Pause Young (G1 Evacuation Pause)
[24.906s][info][gc,task        ] GC(142) Using 8 workers of 8 for evacuation
[24.954s][info][gc,phases      ] GC(142)   Pre Evacuate Collection Set: 0.0ms
[24.954s][info][gc,phases      ] GC(142)   Evacuate Collection Set: 46.7ms
[24.954s][info][gc,phases      ] GC(142)   Post Evacuate Collection Set: 1.1ms
[24.954s][info][gc,phases      ] GC(142)   Other: 0.5ms
[24.954s][info][gc,heap        ] GC(142) Eden regions: 21->0(21)
[24.954s][info][gc,heap        ] GC(142) Survivor regions: 5->4(4)
[24.954s][info][gc,heap        ] GC(142) Old regions: 325->348
[24.954s][info][gc,heap        ] GC(142) Humongous regions: 61->61
[24.954s][info][gc,metaspace   ] GC(142) Metaspace: 10332K->10332K(27648K)
[24.954s][info][gc             ] GC(142) Pause Young (G1 Evacuation Pause) 407M->409M(512M) 48.668ms
[24.954s][info][gc,cpu         ] GC(142) User=0.38s Sys=0.00s Real=0.05s
[24.998s][info][gc,start       ] GC(143) Pause Young (G1 Evacuation Pause)
[24.998s][info][gc,task        ] GC(143) Using 8 workers of 8 for evacuation
[25.041s][info][gc,phases      ] GC(143)   Pre Evacuate Collection Set: 0.0ms
[25.041s][info][gc,phases      ] GC(143)   Evacuate Collection Set: 41.2ms
[25.041s][info][gc,phases      ] GC(143)   Post Evacuate Collection Set: 1.0ms
[25.041s][info][gc,phases      ] GC(143)   Other: 0.6ms
[25.041s][info][gc,heap        ] GC(143) Eden regions: 21->0(21)
[25.041s][info][gc,heap        ] GC(143) Survivor regions: 4->4(4)
[25.041s][info][gc,heap        ] GC(143) Old regions: 348->371
[25.041s][info][gc,heap        ] GC(143) Humongous regions: 92->92
[25.041s][info][gc,metaspace   ] GC(143) Metaspace: 10332K->10332K(27648K)
[25.041s][info][gc             ] GC(143) Pause Young (G1 Evacuation Pause) 461M->463M(512M) 43.244ms
[25.042s][info][gc,cpu         ] GC(143) User=0.38s Sys=0.00s Real=0.04s
[25.059s][info][gc,start       ] GC(144) Pause Young (G1 Evacuation Pause)
[25.059s][info][gc,task        ] GC(144) Using 8 workers of 8 for evacuation
[25.123s][info][gc             ] GC(144) To-space exhausted
[25.123s][info][gc,phases      ] GC(144)   Pre Evacuate Collection Set: 0.0ms
[25.123s][info][gc,phases      ] GC(144)   Evacuate Collection Set: 51.9ms
[25.123s][info][gc,phases      ] GC(144)   Post Evacuate Collection Set: 12.0ms
[25.123s][info][gc,phases      ] GC(144)   Other: 0.6ms
[25.123s][info][gc,heap        ] GC(144) Eden regions: 21->0(21)
[25.123s][info][gc,heap        ] GC(144) Survivor regions: 4->4(4)
[25.123s][info][gc,heap        ] GC(144) Old regions: 371->399
[25.123s][info][gc,heap        ] GC(144) Humongous regions: 92->92
[25.123s][info][gc,metaspace   ] GC(144) Metaspace: 10332K->10332K(27648K)
[25.123s][info][gc             ] GC(144) Pause Young (G1 Evacuation Pause) 484M->491M(512M) 64.858ms
[25.123s][info][gc,cpu         ] GC(144) User=0.39s Sys=0.00s Real=0.07s
[25.139s][info][gc,start       ] GC(145) Pause Young (G1 Evacuation Pause)
[25.139s][info][gc,task        ] GC(145) Using 8 workers of 8 for evacuation
[25.248s][info][gc             ] GC(145) To-space exhausted
[25.248s][info][gc,phases      ] GC(145)   Pre Evacuate Collection Set: 0.0ms
[25.248s][info][gc,phases      ] GC(145)   Evacuate Collection Set: 83.1ms
[25.248s][info][gc,phases      ] GC(145)   Post Evacuate Collection Set: 25.1ms
[25.248s][info][gc,phases      ] GC(145)   Other: 0.7ms
[25.248s][info][gc,heap        ] GC(145) Eden regions: 17->0(25)
[25.248s][info][gc,heap        ] GC(145) Survivor regions: 4->0(4)
[25.248s][info][gc,heap        ] GC(145) Old regions: 399->420
[25.248s][info][gc,heap        ] GC(145) Humongous regions: 92->92
[25.248s][info][gc,metaspace   ] GC(145) Metaspace: 10332K->10332K(27648K)
[25.248s][info][gc             ] GC(145) Pause Young (G1 Evacuation Pause) 508M->508M(512M) 109.106ms
[25.248s][info][gc,cpu         ] GC(145) User=0.72s Sys=0.00s Real=0.10s
[25.248s][info][gc,start       ] GC(146) Pause Young (G1 Evacuation Pause)
[25.249s][info][gc,task        ] GC(146) Using 8 workers of 8 for evacuation
[25.272s][info][gc,phases      ] GC(146)   Pre Evacuate Collection Set: 0.0ms
[25.272s][info][gc,phases      ] GC(146)   Evacuate Collection Set: 22.7ms
[25.272s][info][gc,phases      ] GC(146)   Post Evacuate Collection Set: 0.8ms
[25.273s][info][gc,phases      ] GC(146)   Other: 0.4ms
[25.273s][info][gc,heap        ] GC(146) Eden regions: 0->0(25)
[25.273s][info][gc,heap        ] GC(146) Survivor regions: 0->0(4)
[25.273s][info][gc,heap        ] GC(146) Old regions: 420->420
[25.273s][info][gc,heap        ] GC(146) Humongous regions: 92->92
[25.273s][info][gc,metaspace   ] GC(146) Metaspace: 10332K->10332K(27648K)
[25.273s][info][gc             ] GC(146) Pause Young (G1 Evacuation Pause) 508M->508M(512M) 24.291ms
[25.273s][info][gc,cpu         ] GC(146) User=0.25s Sys=0.00s Real=0.03s
[25.274s][info][gc,start       ] GC(147) Pause Full (Allocation Failure)
[25.275s][info][gc,phases,start] GC(147) Phase 1: Mark live objects
[25.369s][info][gc,stringtable ] GC(147) Cleaned string and symbol table, strings: 4413 processed, 0 removed, symbols: 38004 processed, 0 removed
[25.369s][info][gc,phases      ] GC(147) Phase 1: Mark live objects 93.621ms
[25.369s][info][gc,phases,start] GC(147) Phase 2: Prepare for compaction
[25.378s][info][gc,phases      ] GC(147) Phase 2: Prepare for compaction 8.783ms
[25.378s][info][gc,phases,start] GC(147) Phase 3: Adjust pointers and remembered sets
[25.415s][info][gc,phases      ] GC(147) Phase 3: Adjust pointers and remembered sets 37.318ms
[25.415s][info][gc,phases,start] GC(147) Phase 4: Compact heap
[25.433s][info][gc,phases      ] GC(147) Phase 4: Compact heap 17.474ms
[25.434s][info][gc,heap        ] GC(147) Eden regions: 0->0(110)
[25.434s][info][gc,heap        ] GC(147) Survivor regions: 0->0(4)
[25.434s][info][gc,heap        ] GC(147) Old regions: 420->45
[25.434s][info][gc,heap        ] GC(147) Humongous regions: 92->31
[25.434s][info][gc,metaspace   ] GC(147) Metaspace: 10332K->10332K(27648K)
[25.434s][info][gc             ] GC(147) Pause Full (Allocation Failure) 508M->71M(512M) 160.399ms
[25.435s][info][gc,cpu         ] GC(147) User=1.28s Sys=0.00s Real=0.16s
[25.436s][info][gc,marking     ] GC(140) Concurrent Mark From Roots 675.956ms
[25.436s][info][gc,marking     ] GC(140) Concurrent Mark Abort
[25.436s][info][gc             ] GC(140) Concurrent Cycle 695.346ms
[25.547s][info][gc,start       ] GC(148) Pause Young (G1 Evacuation Pause)
[25.548s][info][gc,task        ] GC(148) Using 8 workers of 8 for evacuation
[25.827s][info][gc,mmu         ] GC(148) MMU target violated: 201.0ms (200.0ms/201.0ms)
[25.828s][info][gc,phases      ] GC(148)   Pre Evacuate Collection Set: 0.1ms
[25.828s][info][gc,phases      ] GC(148)   Evacuate Collection Set: 277.9ms
[25.828s][info][gc,phases      ] GC(148)   Post Evacuate Collection Set: 1.3ms
[25.828s][info][gc,phases      ] GC(148)   Other: 0.9ms
[25.828s][info][gc,heap        ] GC(148) Eden regions: 110->0(80)
[25.828s][info][gc,heap        ] GC(148) Survivor regions: 0->14(14)
[25.828s][info][gc,heap        ] GC(148) Old regions: 45->141
[25.828s][info][gc,heap        ] GC(148) Humongous regions: 31->31
[25.828s][info][gc,metaspace   ] GC(148) Metaspace: 10332K->10332K(27648K)
[25.828s][info][gc             ] GC(148) Pause Young (G1 Evacuation Pause) 181M->181M(512M) 280.432ms
[25.828s][info][gc,cpu         ] GC(148) User=1.98s Sys=0.23s Real=0.28s
[25.949s][info][gc,start       ] GC(149) Pause Young (G1 Evacuation Pause)
[25.949s][info][gc,task        ] GC(149) Using 8 workers of 8 for evacuation
[26.078s][info][gc,phases      ] GC(149)   Pre Evacuate Collection Set: 0.0ms
[26.078s][info][gc,phases      ] GC(149)   Evacuate Collection Set: 127.3ms
[26.078s][info][gc,phases      ] GC(149)   Post Evacuate Collection Set: 1.2ms
[26.078s][info][gc,phases      ] GC(149)   Other: 0.5ms
[26.078s][info][gc,heap        ] GC(149) Eden regions: 80->0(50)
[26.078s][info][gc,heap        ] GC(149) Survivor regions: 14->12(12)
[26.078s][info][gc,heap        ] GC(149) Old regions: 141->225
[26.078s][info][gc,heap        ] GC(149) Humongous regions: 62->62
[26.078s][info][gc,metaspace   ] GC(149) Metaspace: 10332K->10332K(27648K)
[26.078s][info][gc             ] GC(149) Pause Young (G1 Evacuation Pause) 292M->294M(512M) 129.402ms
[26.078s][info][gc,cpu         ] GC(149) User=0.94s Sys=0.03s Real=0.13s
[26.137s][info][gc,start       ] GC(150) Pause Initial Mark (G1 Evacuation Pause)
[26.137s][info][gc,task        ] GC(150) Using 8 workers of 8 for evacuation
[26.253s][info][gc,phases      ] GC(150)   Pre Evacuate Collection Set: 0.0ms
[26.253s][info][gc,phases      ] GC(150)   Evacuate Collection Set: 114.5ms
[26.253s][info][gc,phases      ] GC(150)   Post Evacuate Collection Set: 1.2ms
[26.253s][info][gc,phases      ] GC(150)   Other: 0.7ms
[26.254s][info][gc,heap        ] GC(150) Eden regions: 50->0(34)
[26.254s][info][gc,heap        ] GC(150) Survivor regions: 12->8(8)
[26.254s][info][gc,heap        ] GC(150) Old regions: 225->281
[26.254s][info][gc,heap        ] GC(150) Humongous regions: 62->62
[26.254s][info][gc,metaspace   ] GC(150) Metaspace: 10332K->10332K(27648K)
[26.254s][info][gc             ] GC(150) Pause Initial Mark (G1 Evacuation Pause) 344M->346M(512M) 116.677ms
[26.254s][info][gc,cpu         ] GC(150) User=0.81s Sys=0.03s Real=0.12s
[26.254s][info][gc             ] GC(151) Concurrent Cycle
[26.254s][info][gc,marking     ] GC(151) Concurrent Clear Claimed Marks
[26.254s][info][gc,marking     ] GC(151) Concurrent Clear Claimed Marks 0.057ms
[26.254s][info][gc,marking     ] GC(151) Concurrent Scan Root Regions
[26.270s][info][gc,marking     ] GC(151) Concurrent Scan Root Regions 15.681ms
[26.270s][info][gc,marking     ] GC(151) Concurrent Mark (26.270s)
[26.271s][info][gc,marking     ] GC(151) Concurrent Mark From Roots
[26.271s][info][gc,task        ] GC(151) Using 2 workers of 2 for marking
[26.307s][info][gc,start       ] GC(152) Pause Young (G1 Evacuation Pause)
[26.307s][info][gc,task        ] GC(152) Using 8 workers of 8 for evacuation
[26.406s][info][gc,phases      ] GC(152)   Pre Evacuate Collection Set: 0.0ms
[26.406s][info][gc,phases      ] GC(152)   Evacuate Collection Set: 98.0ms
[26.407s][info][gc,phases      ] GC(152)   Post Evacuate Collection Set: 1.3ms
[26.407s][info][gc,phases      ] GC(152)   Other: 0.5ms
[26.407s][info][gc,heap        ] GC(152) Eden regions: 34->0(23)
[26.407s][info][gc,heap        ] GC(152) Survivor regions: 8->6(6)
[26.407s][info][gc,heap        ] GC(152) Old regions: 281->318
[26.407s][info][gc,heap        ] GC(152) Humongous regions: 62->62
[26.407s][info][gc,metaspace   ] GC(152) Metaspace: 10332K->10332K(27648K)
[26.407s][info][gc             ] GC(152) Pause Young (G1 Evacuation Pause) 380M->381M(512M) 100.383ms
[26.407s][info][gc,cpu         ] GC(152) User=0.42s Sys=0.06s Real=0.11s
[26.436s][info][gc,start       ] GC(153) Pause Young (G1 Evacuation Pause)
[26.436s][info][gc,task        ] GC(153) Using 8 workers of 8 for evacuation
[26.499s][info][gc,phases      ] GC(153)   Pre Evacuate Collection Set: 0.0ms
[26.499s][info][gc,phases      ] GC(153)   Evacuate Collection Set: 62.1ms
[26.500s][info][gc,phases      ] GC(153)   Post Evacuate Collection Set: 1.0ms
[26.500s][info][gc,phases      ] GC(153)   Other: 0.6ms
[26.500s][info][gc,heap        ] GC(153) Eden regions: 23->0(21)
[26.500s][info][gc,heap        ] GC(153) Survivor regions: 6->4(4)
[26.500s][info][gc,heap        ] GC(153) Old regions: 318->345
[26.500s][info][gc,heap        ] GC(153) Humongous regions: 62->62
[26.500s][info][gc,metaspace   ] GC(153) Metaspace: 10332K->10332K(27648K)
[26.500s][info][gc             ] GC(153) Pause Young (G1 Evacuation Pause) 404M->406M(512M) 64.272ms
[26.500s][info][gc,cpu         ] GC(153) User=0.50s Sys=0.00s Real=0.06s
[26.519s][info][gc,start       ] GC(154) Pause Young (G1 Evacuation Pause)
[26.519s][info][gc,task        ] GC(154) Using 8 workers of 8 for evacuation
[26.578s][info][gc,phases      ] GC(154)   Pre Evacuate Collection Set: 0.0ms
[26.578s][info][gc,phases      ] GC(154)   Evacuate Collection Set: 58.1ms
[26.579s][info][gc,phases      ] GC(154)   Post Evacuate Collection Set: 1.0ms
[26.579s][info][gc,phases      ] GC(154)   Other: 0.6ms
[26.579s][info][gc,heap        ] GC(154) Eden regions: 21->0(21)
[26.579s][info][gc,heap        ] GC(154) Survivor regions: 4->4(4)
[26.579s][info][gc,heap        ] GC(154) Old regions: 345->368
[26.579s][info][gc,heap        ] GC(154) Humongous regions: 62->62
[26.579s][info][gc,metaspace   ] GC(154) Metaspace: 10332K->10332K(27648K)
[26.579s][info][gc             ] GC(154) Pause Young (G1 Evacuation Pause) 427M->429M(512M) 60.274ms
[26.579s][info][gc,cpu         ] GC(154) User=0.39s Sys=0.00s Real=0.06s
[26.623s][info][gc,start       ] GC(155) Pause Young (G1 Evacuation Pause)
[26.623s][info][gc,task        ] GC(155) Using 8 workers of 8 for evacuation
[26.660s][info][gc             ] GC(155) To-space exhausted
[26.660s][info][gc,phases      ] GC(155)   Pre Evacuate Collection Set: 0.1ms
[26.660s][info][gc,phases      ] GC(155)   Evacuate Collection Set: 32.1ms
[26.660s][info][gc,phases      ] GC(155)   Post Evacuate Collection Set: 3.6ms
[26.660s][info][gc,phases      ] GC(155)   Other: 0.7ms
[26.660s][info][gc,heap        ] GC(155) Eden regions: 21->0(21)
[26.660s][info][gc,heap        ] GC(155) Survivor regions: 4->4(4)
[26.660s][info][gc,heap        ] GC(155) Old regions: 368->394
[26.660s][info][gc,heap        ] GC(155) Humongous regions: 94->94
[26.660s][info][gc,metaspace   ] GC(155) Metaspace: 10332K->10332K(27648K)
[26.660s][info][gc             ] GC(155) Pause Young (G1 Evacuation Pause) 482M->487M(512M) 36.748ms
[26.660s][info][gc,cpu         ] GC(155) User=0.28s Sys=0.00s Real=0.05s
[26.677s][info][gc,start       ] GC(156) Pause Young (G1 Evacuation Pause)
[26.677s][info][gc,task        ] GC(156) Using 8 workers of 8 for evacuation
[26.783s][info][gc             ] GC(156) To-space exhausted
[26.783s][info][gc,phases      ] GC(156)   Pre Evacuate Collection Set: 0.0ms
[26.783s][info][gc,phases      ] GC(156)   Evacuate Collection Set: 73.0ms
[26.783s][info][gc,phases      ] GC(156)   Post Evacuate Collection Set: 31.9ms
[26.783s][info][gc,phases      ] GC(156)   Other: 0.7ms
[26.783s][info][gc,heap        ] GC(156) Eden regions: 20->0(25)
[26.783s][info][gc,heap        ] GC(156) Survivor regions: 4->0(4)
[26.784s][info][gc,heap        ] GC(156) Old regions: 394->418
[26.784s][info][gc,heap        ] GC(156) Humongous regions: 94->94
[26.784s][info][gc,metaspace   ] GC(156) Metaspace: 10332K->10332K(27648K)
[26.784s][info][gc             ] GC(156) Pause Young (G1 Evacuation Pause) 507M->507M(512M) 106.678ms
[26.784s][info][gc,cpu         ] GC(156) User=0.56s Sys=0.02s Real=0.11s
[26.784s][info][gc,start       ] GC(157) Pause Young (G1 Evacuation Pause)
[26.784s][info][gc,task        ] GC(157) Using 8 workers of 8 for evacuation
[26.812s][info][gc,phases      ] GC(157)   Pre Evacuate Collection Set: 0.0ms
[26.812s][info][gc,phases      ] GC(157)   Evacuate Collection Set: 25.9ms
[26.812s][info][gc,phases      ] GC(157)   Post Evacuate Collection Set: 0.7ms
[26.812s][info][gc,phases      ] GC(157)   Other: 0.5ms
[26.812s][info][gc,heap        ] GC(157) Eden regions: 0->0(25)
[26.812s][info][gc,heap        ] GC(157) Survivor regions: 0->0(4)
[26.812s][info][gc,heap        ] GC(157) Old regions: 418->418
[26.812s][info][gc,heap        ] GC(157) Humongous regions: 94->94
[26.812s][info][gc,metaspace   ] GC(157) Metaspace: 10332K->10332K(27648K)
[26.812s][info][gc             ] GC(157) Pause Young (G1 Evacuation Pause) 507M->507M(512M) 27.564ms
[26.812s][info][gc,cpu         ] GC(157) User=0.13s Sys=0.00s Real=0.01s
[26.813s][info][gc,start       ] GC(158) Pause Full (Allocation Failure)
[26.814s][info][gc,phases,start] GC(158) Phase 1: Mark live objects
[26.886s][info][gc,stringtable ] GC(158) Cleaned string and symbol table, strings: 4413 processed, 0 removed, symbols: 38004 processed, 0 removed
[26.887s][info][gc,phases      ] GC(158) Phase 1: Mark live objects 72.640ms
[26.887s][info][gc,phases,start] GC(158) Phase 2: Prepare for compaction
[26.892s][info][gc,phases      ] GC(158) Phase 2: Prepare for compaction 5.853ms
[26.893s][info][gc,phases,start] GC(158) Phase 3: Adjust pointers and remembered sets
[26.922s][info][gc,phases      ] GC(158) Phase 3: Adjust pointers and remembered sets 29.911ms
[26.923s][info][gc,phases,start] GC(158) Phase 4: Compact heap
[26.940s][info][gc,phases      ] GC(158) Phase 4: Compact heap 17.122ms
[26.942s][info][gc,heap        ] GC(158) Eden regions: 0->0(108)
[26.942s][info][gc,heap        ] GC(158) Survivor regions: 0->0(4)
[26.942s][info][gc,heap        ] GC(158) Old regions: 418->35
[26.942s][info][gc,heap        ] GC(158) Humongous regions: 94->32
[26.942s][info][gc,metaspace   ] GC(158) Metaspace: 10332K->10332K(27648K)
[26.942s][info][gc             ] GC(158) Pause Full (Allocation Failure) 507M->62M(512M) 129.208ms
[26.943s][info][gc,cpu         ] GC(158) User=0.77s Sys=0.02s Real=0.14s
[26.943s][info][gc,marking     ] GC(151) Concurrent Mark From Roots 672.282ms
[26.943s][info][gc,marking     ] GC(151) Concurrent Mark Abort
[26.943s][info][gc             ] GC(151) Concurrent Cycle 689.591ms
[27.020s][info][gc,start       ] GC(159) Pause Young (G1 Evacuation Pause)
[27.020s][info][gc,task        ] GC(159) Using 8 workers of 8 for evacuation
[27.173s][info][gc,phases      ] GC(159)   Pre Evacuate Collection Set: 0.0ms
[27.173s][info][gc,phases      ] GC(159)   Evacuate Collection Set: 150.7ms
[27.173s][info][gc,phases      ] GC(159)   Post Evacuate Collection Set: 1.7ms
[27.173s][info][gc,phases      ] GC(159)   Other: 0.6ms
[27.173s][info][gc,heap        ] GC(159) Eden regions: 108->0(89)
[27.173s][info][gc,heap        ] GC(159) Survivor regions: 0->14(14)
[27.173s][info][gc,heap        ] GC(159) Old regions: 35->129
[27.173s][info][gc,heap        ] GC(159) Humongous regions: 32->32
[27.173s][info][gc,metaspace   ] GC(159) Metaspace: 10332K->10332K(27648K)
[27.173s][info][gc             ] GC(159) Pause Young (G1 Evacuation Pause) 170M->170M(512M) 153.591ms
[27.173s][info][gc,cpu         ] GC(159) User=0.97s Sys=0.14s Real=0.16s
[27.310s][info][gc,start       ] GC(160) Pause Young (G1 Evacuation Pause)
[27.310s][info][gc,task        ] GC(160) Using 8 workers of 8 for evacuation
[27.473s][info][gc,phases      ] GC(160)   Pre Evacuate Collection Set: 0.1ms
[27.473s][info][gc,phases      ] GC(160)   Evacuate Collection Set: 161.0ms
[27.473s][info][gc,phases      ] GC(160)   Post Evacuate Collection Set: 1.6ms
[27.473s][info][gc,phases      ] GC(160)   Other: 0.6ms
[27.473s][info][gc,heap        ] GC(160) Eden regions: 89->0(50)
[27.473s][info][gc,heap        ] GC(160) Survivor regions: 14->13(13)
[27.473s][info][gc,heap        ] GC(160) Old regions: 129->221
[27.473s][info][gc,heap        ] GC(160) Humongous regions: 64->64
[27.473s][info][gc,metaspace   ] GC(160) Metaspace: 10332K->10332K(27648K)
[27.473s][info][gc             ] GC(160) Pause Young (G1 Evacuation Pause) 291M->293M(512M) 163.468ms
[27.473s][info][gc,cpu         ] GC(160) User=1.06s Sys=0.02s Real=0.16s
[27.529s][info][gc,start       ] GC(161) Pause Initial Mark (G1 Evacuation Pause)
[27.529s][info][gc,task        ] GC(161) Using 8 workers of 8 for evacuation
[27.655s][info][gc,phases      ] GC(161)   Pre Evacuate Collection Set: 0.0ms
[27.655s][info][gc,phases      ] GC(161)   Evacuate Collection Set: 124.1ms
[27.655s][info][gc,phases      ] GC(161)   Post Evacuate Collection Set: 1.3ms
[27.655s][info][gc,phases      ] GC(161)   Other: 0.6ms
[27.655s][info][gc,heap        ] GC(161) Eden regions: 50->0(34)
[27.655s][info][gc,heap        ] GC(161) Survivor regions: 13->8(8)
[27.655s][info][gc,heap        ] GC(161) Old regions: 221->278
[27.655s][info][gc,heap        ] GC(161) Humongous regions: 64->64
[27.656s][info][gc,metaspace   ] GC(161) Metaspace: 10332K->10332K(27648K)
[27.656s][info][gc             ] GC(161) Pause Initial Mark (G1 Evacuation Pause) 343M->345M(512M) 126.731ms
[27.656s][info][gc,cpu         ] GC(161) User=0.88s Sys=0.08s Real=0.13s
[27.656s][info][gc             ] GC(162) Concurrent Cycle
[27.656s][info][gc,marking     ] GC(162) Concurrent Clear Claimed Marks
[27.656s][info][gc,marking     ] GC(162) Concurrent Clear Claimed Marks 0.057ms
[27.656s][info][gc,marking     ] GC(162) Concurrent Scan Root Regions
[27.682s][info][gc,marking     ] GC(162) Concurrent Scan Root Regions 26.255ms
[27.682s][info][gc,marking     ] GC(162) Concurrent Mark (27.682s)
[27.682s][info][gc,marking     ] GC(162) Concurrent Mark From Roots
[27.682s][info][gc,task        ] GC(162) Using 2 workers of 2 for marking
[27.704s][info][gc,start       ] GC(163) Pause Young (G1 Evacuation Pause)
[27.704s][info][gc,task        ] GC(163) Using 8 workers of 8 for evacuation
[27.782s][info][gc,phases      ] GC(163)   Pre Evacuate Collection Set: 0.0ms
[27.783s][info][gc,phases      ] GC(163)   Evacuate Collection Set: 76.7ms
[27.783s][info][gc,phases      ] GC(163)   Post Evacuate Collection Set: 1.2ms
[27.783s][info][gc,phases      ] GC(163)   Other: 0.6ms
[27.783s][info][gc,heap        ] GC(163) Eden regions: 34->0(23)
[27.783s][info][gc,heap        ] GC(163) Survivor regions: 8->6(6)
[27.783s][info][gc,heap        ] GC(163) Old regions: 278->315
[27.783s][info][gc,heap        ] GC(163) Humongous regions: 64->64
[27.783s][info][gc,metaspace   ] GC(163) Metaspace: 10332K->10332K(27648K)
[27.783s][info][gc             ] GC(163) Pause Young (G1 Evacuation Pause) 379M->380M(512M) 79.108ms
[27.783s][info][gc,cpu         ] GC(163) User=0.58s Sys=0.00s Real=0.08s
[27.819s][info][gc,start       ] GC(164) Pause Young (G1 Evacuation Pause)
[27.819s][info][gc,task        ] GC(164) Using 8 workers of 8 for evacuation
[27.887s][info][gc,phases      ] GC(164)   Pre Evacuate Collection Set: 0.0ms
[27.887s][info][gc,phases      ] GC(164)   Evacuate Collection Set: 66.6ms
[27.887s][info][gc,phases      ] GC(164)   Post Evacuate Collection Set: 0.8ms
[27.887s][info][gc,phases      ] GC(164)   Other: 0.5ms
[27.887s][info][gc,heap        ] GC(164) Eden regions: 23->0(21)
[27.887s][info][gc,heap        ] GC(164) Survivor regions: 6->4(4)
[27.887s][info][gc,heap        ] GC(164) Old regions: 315->343
[27.887s][info][gc,heap        ] GC(164) Humongous regions: 64->64
[27.887s][info][gc,metaspace   ] GC(164) Metaspace: 10332K->10332K(27648K)
[27.887s][info][gc             ] GC(164) Pause Young (G1 Evacuation Pause) 403M->406M(512M) 68.240ms
[27.887s][info][gc,cpu         ] GC(164) User=0.38s Sys=0.00s Real=0.06s
[27.903s][info][gc,start       ] GC(165) Pause Young (G1 Evacuation Pause)
[27.903s][info][gc,task        ] GC(165) Using 8 workers of 8 for evacuation
[27.952s][info][gc,phases      ] GC(165)   Pre Evacuate Collection Set: 0.0ms
[27.952s][info][gc,phases      ] GC(165)   Evacuate Collection Set: 47.4ms
[27.952s][info][gc,phases      ] GC(165)   Post Evacuate Collection Set: 0.9ms
[27.952s][info][gc,phases      ] GC(165)   Other: 0.6ms
[27.952s][info][gc,heap        ] GC(165) Eden regions: 21->0(21)
[27.952s][info][gc,heap        ] GC(165) Survivor regions: 4->4(4)
[27.952s][info][gc,heap        ] GC(165) Old regions: 343->366
[27.952s][info][gc,heap        ] GC(165) Humongous regions: 64->64
[27.952s][info][gc,metaspace   ] GC(165) Metaspace: 10332K->10332K(27648K)
[27.952s][info][gc             ] GC(165) Pause Young (G1 Evacuation Pause) 427M->429M(512M) 49.157ms
[27.952s][info][gc,cpu         ] GC(165) User=0.38s Sys=0.00s Real=0.05s
[27.967s][info][gc,start       ] GC(166) Pause Young (G1 Evacuation Pause)
[27.967s][info][gc,task        ] GC(166) Using 8 workers of 8 for evacuation
[28.021s][info][gc,phases      ] GC(166)   Pre Evacuate Collection Set: 0.0ms
[28.021s][info][gc,phases      ] GC(166)   Evacuate Collection Set: 51.8ms
[28.021s][info][gc,phases      ] GC(166)   Post Evacuate Collection Set: 1.0ms
[28.021s][info][gc,phases      ] GC(166)   Other: 0.5ms
[28.021s][info][gc,heap        ] GC(166) Eden regions: 21->0(21)
[28.021s][info][gc,heap        ] GC(166) Survivor regions: 4->4(4)
[28.021s][info][gc,heap        ] GC(166) Old regions: 366->387
[28.021s][info][gc,heap        ] GC(166) Humongous regions: 64->64
[28.021s][info][gc,metaspace   ] GC(166) Metaspace: 10332K->10332K(27648K)
[28.021s][info][gc             ] GC(166) Pause Young (G1 Evacuation Pause) 450M->450M(512M) 53.734ms
[28.021s][info][gc,cpu         ] GC(166) User=0.50s Sys=0.00s Real=0.06s
[28.026s][info][gc,start       ] GC(167) Pause Young (G1 Humongous Allocation)
[28.026s][info][gc,task        ] GC(167) Using 8 workers of 8 for evacuation
[28.063s][info][gc,phases      ] GC(167)   Pre Evacuate Collection Set: 0.0ms
[28.063s][info][gc,phases      ] GC(167)   Evacuate Collection Set: 35.4ms
[28.063s][info][gc,phases      ] GC(167)   Post Evacuate Collection Set: 1.0ms
[28.063s][info][gc,phases      ] GC(167)   Other: 0.4ms
[28.063s][info][gc,heap        ] GC(167) Eden regions: 4->0(21)
[28.063s][info][gc,heap        ] GC(167) Survivor regions: 4->4(4)
[28.063s][info][gc,heap        ] GC(167) Old regions: 387->393
[28.063s][info][gc,heap        ] GC(167) Humongous regions: 64->64
[28.063s][info][gc,metaspace   ] GC(167) Metaspace: 10332K->10332K(27648K)
[28.063s][info][gc             ] GC(167) Pause Young (G1 Humongous Allocation) 454M->455M(512M) 37.247ms
[28.063s][info][gc,cpu         ] GC(167) User=0.25s Sys=0.00s Real=0.03s
[28.085s][info][gc,start       ] GC(168) Pause Young (G1 Evacuation Pause)
[28.085s][info][gc,task        ] GC(168) Using 8 workers of 8 for evacuation
[28.170s][info][gc             ] GC(168) To-space exhausted
[28.170s][info][gc,phases      ] GC(168)   Pre Evacuate Collection Set: 0.0ms
[28.170s][info][gc,phases      ] GC(168)   Evacuate Collection Set: 59.5ms
[28.170s][info][gc,phases      ] GC(168)   Post Evacuate Collection Set: 24.4ms
[28.170s][info][gc,phases      ] GC(168)   Other: 0.7ms
[28.170s][info][gc,heap        ] GC(168) Eden regions: 18->0(25)
[28.170s][info][gc,heap        ] GC(168) Survivor regions: 4->0(4)
[28.170s][info][gc,heap        ] GC(168) Old regions: 393->415
[28.170s][info][gc,heap        ] GC(168) Humongous regions: 97->97
[28.170s][info][gc,metaspace   ] GC(168) Metaspace: 10332K->10332K(27648K)
[28.170s][info][gc             ] GC(168) Pause Young (G1 Evacuation Pause) 506M->507M(512M) 84.939ms
[28.170s][info][gc,cpu         ] GC(168) User=0.50s Sys=0.02s Real=0.09s
[28.171s][info][gc,start       ] GC(169) Pause Young (G1 Evacuation Pause)
[28.171s][info][gc,task        ] GC(169) Using 8 workers of 8 for evacuation
[28.195s][info][gc,phases      ] GC(169)   Pre Evacuate Collection Set: 0.0ms
[28.195s][info][gc,phases      ] GC(169)   Evacuate Collection Set: 23.1ms
[28.195s][info][gc,phases      ] GC(169)   Post Evacuate Collection Set: 0.7ms
[28.195s][info][gc,phases      ] GC(169)   Other: 0.4ms
[28.195s][info][gc,heap        ] GC(169) Eden regions: 0->0(25)
[28.195s][info][gc,heap        ] GC(169) Survivor regions: 0->0(4)
[28.195s][info][gc,heap        ] GC(169) Old regions: 415->415
[28.195s][info][gc,heap        ] GC(169) Humongous regions: 97->97
[28.195s][info][gc,metaspace   ] GC(169) Metaspace: 10332K->10332K(27648K)
[28.195s][info][gc             ] GC(169) Pause Young (G1 Evacuation Pause) 507M->507M(512M) 24.598ms
[28.196s][info][gc,cpu         ] GC(169) User=0.25s Sys=0.00s Real=0.02s
[28.196s][info][gc,start       ] GC(170) Pause Full (Allocation Failure)
[28.197s][info][gc,phases,start] GC(170) Phase 1: Mark live objects
[28.247s][info][gc,stringtable ] GC(170) Cleaned string and symbol table, strings: 4413 processed, 0 removed, symbols: 38004 processed, 0 removed
[28.247s][info][gc,phases      ] GC(170) Phase 1: Mark live objects 49.768ms
[28.247s][info][gc,phases,start] GC(170) Phase 2: Prepare for compaction
[28.251s][info][gc,phases      ] GC(170) Phase 2: Prepare for compaction 4.288ms
[28.252s][info][gc,phases,start] GC(170) Phase 3: Adjust pointers and remembered sets
[28.273s][info][gc,phases      ] GC(170) Phase 3: Adjust pointers and remembered sets 21.248ms
[28.273s][info][gc,phases,start] GC(170) Phase 4: Compact heap
[28.280s][info][gc,phases      ] GC(170) Phase 4: Compact heap 7.182ms
[28.281s][info][gc,heap        ] GC(170) Eden regions: 0->0(127)
[28.281s][info][gc,heap        ] GC(170) Survivor regions: 0->0(4)
[28.281s][info][gc,heap        ] GC(170) Old regions: 415->23
[28.281s][info][gc,heap        ] GC(170) Humongous regions: 97->33
[28.281s][info][gc,metaspace   ] GC(170) Metaspace: 10332K->10332K(27648K)
[28.281s][info][gc             ] GC(170) Pause Full (Allocation Failure) 507M->52M(512M) 85.085ms
[28.282s][info][gc,cpu         ] GC(170) User=0.47s Sys=0.00s Real=0.09s
[28.283s][info][gc,marking     ] GC(162) Concurrent Mark From Roots 600.061ms
[28.283s][info][gc,marking     ] GC(162) Concurrent Mark Abort
[28.283s][info][gc             ] GC(162) Concurrent Cycle 626.739ms
[28.374s][info][gc,start       ] GC(171) Pause Young (G1 Evacuation Pause)
[28.374s][info][gc,task        ] GC(171) Using 8 workers of 8 for evacuation
[28.565s][info][gc,phases      ] GC(171)   Pre Evacuate Collection Set: 0.1ms
[28.565s][info][gc,phases      ] GC(171)   Evacuate Collection Set: 188.5ms
[28.565s][info][gc,phases      ] GC(171)   Post Evacuate Collection Set: 1.8ms
[28.565s][info][gc,phases      ] GC(171)   Other: 0.6ms
[28.565s][info][gc,heap        ] GC(171) Eden regions: 127->0(86)
[28.565s][info][gc,heap        ] GC(171) Survivor regions: 0->16(16)
[28.565s][info][gc,heap        ] GC(171) Old regions: 23->135
[28.565s][info][gc,heap        ] GC(171) Humongous regions: 33->33
[28.565s][info][gc,metaspace   ] GC(171) Metaspace: 10332K->10332K(27648K)
[28.565s][info][gc             ] GC(171) Pause Young (G1 Evacuation Pause) 179M->179M(512M) 191.453ms
[28.565s][info][gc,cpu         ] GC(171) User=1.45s Sys=0.05s Real=0.19s
[28.710s][info][gc,start       ] GC(172) Pause Young (G1 Evacuation Pause)
[28.710s][info][gc,task        ] GC(172) Using 8 workers of 8 for evacuation
[28.858s][info][gc,phases      ] GC(172)   Pre Evacuate Collection Set: 0.0ms
[28.858s][info][gc,phases      ] GC(172)   Evacuate Collection Set: 146.6ms
[28.858s][info][gc,phases      ] GC(172)   Post Evacuate Collection Set: 1.3ms
[28.858s][info][gc,phases      ] GC(172)   Other: 0.6ms
[28.858s][info][gc,heap        ] GC(172) Eden regions: 86->0(48)
[28.859s][info][gc,heap        ] GC(172) Survivor regions: 16->13(13)
[28.859s][info][gc,heap        ] GC(172) Old regions: 135->225
[28.859s][info][gc,heap        ] GC(172) Humongous regions: 66->66
[28.859s][info][gc,metaspace   ] GC(172) Metaspace: 10332K->10332K(27648K)
[28.859s][info][gc             ] GC(172) Pause Young (G1 Evacuation Pause) 298M->300M(512M) 149.001ms
[28.859s][info][gc,cpu         ] GC(172) User=1.03s Sys=0.13s Real=0.16s
[28.938s][info][gc,start       ] GC(173) Pause Initial Mark (G1 Evacuation Pause)
[28.938s][info][gc,task        ] GC(173) Using 8 workers of 8 for evacuation
[29.095s][info][gc,phases      ] GC(173)   Pre Evacuate Collection Set: 0.0ms
[29.095s][info][gc,phases      ] GC(173)   Evacuate Collection Set: 154.9ms
[29.095s][info][gc,phases      ] GC(173)   Post Evacuate Collection Set: 1.4ms
[29.095s][info][gc,phases      ] GC(173)   Other: 0.6ms
[29.095s][info][gc,heap        ] GC(173) Eden regions: 48->0(33)
[29.095s][info][gc,heap        ] GC(173) Survivor regions: 13->8(8)
[29.095s][info][gc,heap        ] GC(173) Old regions: 225->280
[29.095s][info][gc,heap        ] GC(173) Humongous regions: 66->66
[29.095s][info][gc,metaspace   ] GC(173) Metaspace: 10332K->10332K(27648K)
[29.095s][info][gc             ] GC(173) Pause Initial Mark (G1 Evacuation Pause) 348M->350M(512M) 157.322ms
[29.096s][info][gc,cpu         ] GC(173) User=1.14s Sys=0.05s Real=0.16s
[29.096s][info][gc             ] GC(174) Concurrent Cycle
[29.096s][info][gc,marking     ] GC(174) Concurrent Clear Claimed Marks
[29.096s][info][gc,marking     ] GC(174) Concurrent Clear Claimed Marks 0.054ms
[29.096s][info][gc,marking     ] GC(174) Concurrent Scan Root Regions
[29.102s][info][gc,marking     ] GC(174) Concurrent Scan Root Regions 6.306ms
[29.102s][info][gc,marking     ] GC(174) Concurrent Mark (29.102s)
[29.102s][info][gc,marking     ] GC(174) Concurrent Mark From Roots
[29.102s][info][gc,task        ] GC(174) Using 2 workers of 2 for marking
[29.138s][info][gc,start       ] GC(175) Pause Young (G1 Evacuation Pause)
[29.138s][info][gc,task        ] GC(175) Using 8 workers of 8 for evacuation
[29.201s][info][gc,phases      ] GC(175)   Pre Evacuate Collection Set: 0.1ms
[29.201s][info][gc,phases      ] GC(175)   Evacuate Collection Set: 61.2ms
[29.201s][info][gc,phases      ] GC(175)   Post Evacuate Collection Set: 1.3ms
[29.201s][info][gc,phases      ] GC(175)   Other: 0.6ms
[29.201s][info][gc,heap        ] GC(175) Eden regions: 33->0(22)
[29.201s][info][gc,heap        ] GC(175) Survivor regions: 8->6(6)
[29.201s][info][gc,heap        ] GC(175) Old regions: 280->317
[29.201s][info][gc,heap        ] GC(175) Humongous regions: 66->66
[29.201s][info][gc,metaspace   ] GC(175) Metaspace: 10332K->10332K(27648K)
[29.202s][info][gc             ] GC(175) Pause Young (G1 Evacuation Pause) 383M->385M(512M) 63.436ms
[29.202s][info][gc,cpu         ] GC(175) User=0.50s Sys=0.00s Real=0.06s
[29.220s][info][gc,start       ] GC(176) Pause Young (G1 Evacuation Pause)
[29.220s][info][gc,task        ] GC(176) Using 8 workers of 8 for evacuation
[29.273s][info][gc,phases      ] GC(176)   Pre Evacuate Collection Set: 0.0ms
[29.273s][info][gc,phases      ] GC(176)   Evacuate Collection Set: 51.9ms
[29.273s][info][gc,phases      ] GC(176)   Post Evacuate Collection Set: 0.9ms
[29.273s][info][gc,phases      ] GC(176)   Other: 0.5ms
[29.273s][info][gc,heap        ] GC(176) Eden regions: 22->0(21)
[29.273s][info][gc,heap        ] GC(176) Survivor regions: 6->4(4)
[29.273s][info][gc,heap        ] GC(176) Old regions: 317->343
[29.273s][info][gc,heap        ] GC(176) Humongous regions: 66->66
[29.274s][info][gc,metaspace   ] GC(176) Metaspace: 10332K->10332K(27648K)
[29.274s][info][gc             ] GC(176) Pause Young (G1 Evacuation Pause) 407M->409M(512M) 53.625ms
[29.274s][info][gc,cpu         ] GC(176) User=0.50s Sys=0.00s Real=0.05s
[29.290s][info][gc,start       ] GC(177) Pause Young (G1 Evacuation Pause)
[29.290s][info][gc,task        ] GC(177) Using 8 workers of 8 for evacuation
[29.342s][info][gc,phases      ] GC(177)   Pre Evacuate Collection Set: 0.0ms
[29.342s][info][gc,phases      ] GC(177)   Evacuate Collection Set: 50.8ms
[29.342s][info][gc,phases      ] GC(177)   Post Evacuate Collection Set: 1.0ms
[29.342s][info][gc,phases      ] GC(177)   Other: 0.5ms
[29.342s][info][gc,heap        ] GC(177) Eden regions: 21->0(21)
[29.342s][info][gc,heap        ] GC(177) Survivor regions: 4->4(4)
[29.342s][info][gc,heap        ] GC(177) Old regions: 343->365
[29.342s][info][gc,heap        ] GC(177) Humongous regions: 66->66
[29.343s][info][gc,metaspace   ] GC(177) Metaspace: 10332K->10332K(27648K)
[29.343s][info][gc             ] GC(177) Pause Young (G1 Evacuation Pause) 430M->431M(512M) 52.707ms
[29.343s][info][gc,cpu         ] GC(177) User=0.31s Sys=0.00s Real=0.05s
[29.363s][info][gc,start       ] GC(178) Pause Young (G1 Evacuation Pause)
[29.363s][info][gc,task        ] GC(178) Using 8 workers of 8 for evacuation
[29.448s][info][gc,phases      ] GC(178)   Pre Evacuate Collection Set: 0.0ms
[29.449s][info][gc,phases      ] GC(178)   Evacuate Collection Set: 82.6ms
[29.449s][info][gc,phases      ] GC(178)   Post Evacuate Collection Set: 2.0ms
[29.449s][info][gc,phases      ] GC(178)   Other: 0.5ms
[29.449s][info][gc,heap        ] GC(178) Eden regions: 21->0(21)
[29.449s][info][gc,heap        ] GC(178) Survivor regions: 4->4(4)
[29.449s][info][gc,heap        ] GC(178) Old regions: 365->388
[29.449s][info][gc,heap        ] GC(178) Humongous regions: 66->66
[29.449s][info][gc,metaspace   ] GC(178) Metaspace: 10332K->10332K(27648K)
[29.449s][info][gc             ] GC(178) Pause Young (G1 Evacuation Pause) 452M->454M(512M) 85.712ms
[29.449s][info][gc,cpu         ] GC(178) User=0.58s Sys=0.02s Real=0.09s
[29.461s][info][gc,start       ] GC(179) Pause Young (G1 Humongous Allocation)
[29.461s][info][gc,task        ] GC(179) Using 8 workers of 8 for evacuation
[29.503s][info][gc,phases      ] GC(179)   Pre Evacuate Collection Set: 0.0ms
[29.503s][info][gc,phases      ] GC(179)   Evacuate Collection Set: 41.0ms
[29.504s][info][gc,phases      ] GC(179)   Post Evacuate Collection Set: 0.8ms
[29.504s][info][gc,phases      ] GC(179)   Other: 0.5ms
[29.504s][info][gc,heap        ] GC(179) Eden regions: 12->0(21)
[29.504s][info][gc,heap        ] GC(179) Survivor regions: 4->4(4)
[29.504s][info][gc,heap        ] GC(179) Old regions: 388->402
[29.504s][info][gc,heap        ] GC(179) Humongous regions: 66->66
[29.504s][info][gc,metaspace   ] GC(179) Metaspace: 10332K->10332K(27648K)
[29.504s][info][gc             ] GC(179) Pause Young (G1 Humongous Allocation) 466M->468M(512M) 42.712ms
[29.504s][info][gc,cpu         ] GC(179) User=0.25s Sys=0.00s Real=0.03s
[29.504s][info][gc,start       ] GC(180) Pause Full (Allocation Failure)
[29.506s][info][gc,phases,start] GC(180) Phase 1: Mark live objects
[29.510s][info][gc,stringtable ] GC(180) Cleaned string and symbol table, strings: 4413 processed, 0 removed, symbols: 38004 processed, 0 removed
[29.510s][info][gc,phases      ] GC(180) Phase 1: Mark live objects 4.489ms
[29.510s][info][gc,phases,start] GC(180) Phase 2: Prepare for compaction
[29.512s][info][gc,phases      ] GC(180) Phase 2: Prepare for compaction 1.547ms
[29.512s][info][gc,phases,start] GC(180) Phase 3: Adjust pointers and remembered sets
[29.514s][info][gc,phases      ] GC(180) Phase 3: Adjust pointers and remembered sets 2.178ms
[29.514s][info][gc,phases,start] GC(180) Phase 4: Compact heap
[29.515s][info][gc,phases      ] GC(180) Phase 4: Compact heap 0.887ms
[29.516s][info][gc,heap        ] GC(180) Eden regions: 0->0(108)
[29.516s][info][gc,heap        ] GC(180) Survivor regions: 4->0(4)
[29.516s][info][gc,heap        ] GC(180) Old regions: 402->6
[29.516s][info][gc,heap        ] GC(180) Humongous regions: 66->0
[29.516s][info][gc,metaspace   ] GC(180) Metaspace: 10332K->10332K(27648K)
[29.516s][info][gc             ] GC(180) Pause Full (Allocation Failure) 468M->1M(512M) 12.014ms
[29.517s][info][gc,cpu         ] GC(180) User=0.13s Sys=0.00s Real=0.02s
[29.518s][info][gc,marking     ] GC(174) Concurrent Mark From Roots 415.272ms
[29.518s][info][gc,marking     ] GC(174) Concurrent Mark Abort
[29.518s][info][gc             ] GC(174) Concurrent Cycle 422.196ms
[29.613s][info][gc,start       ] GC(181) Pause Young (G1 Evacuation Pause)
[29.613s][info][gc,task        ] GC(181) Using 8 workers of 8 for evacuation
[29.794s][info][gc,phases      ] GC(181)   Pre Evacuate Collection Set: 0.0ms
[29.794s][info][gc,phases      ] GC(181)   Evacuate Collection Set: 178.4ms
[29.794s][info][gc,phases      ] GC(181)   Post Evacuate Collection Set: 2.1ms
[29.794s][info][gc,phases      ] GC(181)   Other: 0.9ms
[29.794s][info][gc,heap        ] GC(181) Eden regions: 108->0(97)
[29.794s][info][gc,heap        ] GC(181) Survivor regions: 0->14(14)
[29.794s][info][gc,heap        ] GC(181) Old regions: 6->102
[29.794s][info][gc,heap        ] GC(181) Humongous regions: 33->33
[29.795s][info][gc,metaspace   ] GC(181) Metaspace: 10332K->10332K(27648K)
[29.795s][info][gc             ] GC(181) Pause Young (G1 Evacuation Pause) 142M->143M(512M) 181.966ms
[29.795s][info][gc,cpu         ] GC(181) User=1.25s Sys=0.08s Real=0.19s
[29.928s][info][gc,start       ] GC(182) Pause Young (G1 Evacuation Pause)
[29.928s][info][gc,task        ] GC(182) Using 8 workers of 8 for evacuation
[30.108s][info][gc,phases      ] GC(182)   Pre Evacuate Collection Set: 0.1ms
[30.108s][info][gc,phases      ] GC(182)   Evacuate Collection Set: 177.1ms
[30.108s][info][gc,phases      ] GC(182)   Post Evacuate Collection Set: 1.6ms
[30.108s][info][gc,phases      ] GC(182)   Other: 1.1ms
[30.108s][info][gc,heap        ] GC(182) Eden regions: 97->0(55)
[30.108s][info][gc,heap        ] GC(182) Survivor regions: 14->14(14)
[30.108s][info][gc,heap        ] GC(182) Old regions: 102->201
[30.108s][info][gc,heap        ] GC(182) Humongous regions: 67->67
[30.108s][info][gc,metaspace   ] GC(182) Metaspace: 10332K->10332K(27648K)
[30.108s][info][gc             ] GC(182) Pause Young (G1 Evacuation Pause) 274M->277M(512M) 180.124ms
[30.108s][info][gc,cpu         ] GC(182) User=1.33s Sys=0.06s Real=0.19s
[30.178s][info][gc,start       ] GC(183) Pause Initial Mark (G1 Evacuation Pause)
[30.179s][info][gc,task        ] GC(183) Using 8 workers of 8 for evacuation
[30.312s][info][gc,phases      ] GC(183)   Pre Evacuate Collection Set: 0.0ms
[30.313s][info][gc,phases      ] GC(183)   Evacuate Collection Set: 132.1ms
[30.313s][info][gc,phases      ] GC(183)   Post Evacuate Collection Set: 1.2ms
[30.313s][info][gc,phases      ] GC(183)   Other: 0.8ms
[30.313s][info][gc,heap        ] GC(183) Eden regions: 55->0(37)
[30.313s][info][gc,heap        ] GC(183) Survivor regions: 14->9(9)
[30.313s][info][gc,heap        ] GC(183) Old regions: 201->264
[30.313s][info][gc,heap        ] GC(183) Humongous regions: 67->67
[30.313s][info][gc,metaspace   ] GC(183) Metaspace: 10332K->10332K(27648K)
[30.313s][info][gc             ] GC(183) Pause Initial Mark (G1 Evacuation Pause) 332M->335M(512M) 134.386ms
[30.313s][info][gc,cpu         ] GC(183) User=0.81s Sys=0.02s Real=0.13s
[30.313s][info][gc             ] GC(184) Concurrent Cycle
[30.313s][info][gc,marking     ] GC(184) Concurrent Clear Claimed Marks
[30.313s][info][gc,marking     ] GC(184) Concurrent Clear Claimed Marks 0.063ms
[30.313s][info][gc,marking     ] GC(184) Concurrent Scan Root Regions
[30.335s][info][gc,marking     ] GC(184) Concurrent Scan Root Regions 21.688ms
[30.335s][info][gc,marking     ] GC(184) Concurrent Mark (30.335s)
[30.335s][info][gc,marking     ] GC(184) Concurrent Mark From Roots
[30.335s][info][gc,task        ] GC(184) Using 2 workers of 2 for marking
[30.369s][info][gc,start       ] GC(185) Pause Young (G1 Evacuation Pause)
[30.369s][info][gc,task        ] GC(185) Using 8 workers of 8 for evacuation
[30.472s][info][gc,phases      ] GC(185)   Pre Evacuate Collection Set: 0.0ms
[30.472s][info][gc,phases      ] GC(185)   Evacuate Collection Set: 100.7ms
[30.472s][info][gc,phases      ] GC(185)   Post Evacuate Collection Set: 1.0ms
[30.472s][info][gc,phases      ] GC(185)   Other: 0.5ms
[30.472s][info][gc,heap        ] GC(185) Eden regions: 37->0(25)
[30.472s][info][gc,heap        ] GC(185) Survivor regions: 9->6(6)
[30.472s][info][gc,heap        ] GC(185) Old regions: 264->306
[30.472s][info][gc,heap        ] GC(185) Humongous regions: 67->67
[30.472s][info][gc,metaspace   ] GC(185) Metaspace: 10332K->10332K(27648K)
[30.472s][info][gc             ] GC(185) Pause Young (G1 Evacuation Pause) 372M->374M(512M) 102.567ms
[30.472s][info][gc,cpu         ] GC(185) User=0.69s Sys=0.00s Real=0.09s
[30.502s][info][gc,start       ] GC(186) Pause Young (G1 Evacuation Pause)
[30.502s][info][gc,task        ] GC(186) Using 8 workers of 8 for evacuation
[30.564s][info][gc,phases      ] GC(186)   Pre Evacuate Collection Set: 0.0ms
[30.564s][info][gc,phases      ] GC(186)   Evacuate Collection Set: 60.9ms
[30.564s][info][gc,phases      ] GC(186)   Post Evacuate Collection Set: 0.9ms
[30.564s][info][gc,phases      ] GC(186)   Other: 0.5ms
[30.564s][info][gc,heap        ] GC(186) Eden regions: 25->0(21)
[30.564s][info][gc,heap        ] GC(186) Survivor regions: 6->4(4)
[30.564s][info][gc,heap        ] GC(186) Old regions: 306->335
[30.564s][info][gc,heap        ] GC(186) Humongous regions: 67->67
[30.565s][info][gc,metaspace   ] GC(186) Metaspace: 10332K->10332K(27648K)
[30.565s][info][gc             ] GC(186) Pause Young (G1 Evacuation Pause) 399M->401M(512M) 62.843ms
[30.565s][info][gc,cpu         ] GC(186) User=0.48s Sys=0.00s Real=0.06s
[30.586s][info][gc,start       ] GC(187) Pause Young (G1 Evacuation Pause)
[30.586s][info][gc,task        ] GC(187) Using 8 workers of 8 for evacuation
[30.643s][info][gc,phases      ] GC(187)   Pre Evacuate Collection Set: 0.0ms
[30.643s][info][gc,phases      ] GC(187)   Evacuate Collection Set: 55.3ms
[30.643s][info][gc,phases      ] GC(187)   Post Evacuate Collection Set: 0.8ms
[30.643s][info][gc,phases      ] GC(187)   Other: 0.6ms
[30.643s][info][gc,heap        ] GC(187) Eden regions: 21->0(21)
[30.643s][info][gc,heap        ] GC(187) Survivor regions: 4->4(4)
[30.643s][info][gc,heap        ] GC(187) Old regions: 335->358
[30.643s][info][gc,heap        ] GC(187) Humongous regions: 67->67
[30.643s][info][gc,metaspace   ] GC(187) Metaspace: 10332K->10332K(27648K)
[30.643s][info][gc             ] GC(187) Pause Young (G1 Evacuation Pause) 422M->424M(512M) 57.184ms
[30.644s][info][gc,cpu         ] GC(187) User=0.38s Sys=0.00s Real=0.05s
[30.659s][info][gc,start       ] GC(188) Pause Young (G1 Evacuation Pause)
[30.659s][info][gc,task        ] GC(188) Using 8 workers of 8 for evacuation
[30.705s][info][gc,phases      ] GC(188)   Pre Evacuate Collection Set: 0.0ms
[30.705s][info][gc,phases      ] GC(188)   Evacuate Collection Set: 44.3ms
[30.705s][info][gc,phases      ] GC(188)   Post Evacuate Collection Set: 1.1ms
[30.705s][info][gc,phases      ] GC(188)   Other: 0.5ms
[30.705s][info][gc,heap        ] GC(188) Eden regions: 21->0(21)
[30.705s][info][gc,heap        ] GC(188) Survivor regions: 4->4(4)
[30.705s][info][gc,heap        ] GC(188) Old regions: 358->381
[30.705s][info][gc,heap        ] GC(188) Humongous regions: 67->67
[30.705s][info][gc,metaspace   ] GC(188) Metaspace: 10332K->10332K(27648K)
[30.705s][info][gc             ] GC(188) Pause Young (G1 Evacuation Pause) 445M->447M(512M) 46.169ms
[30.705s][info][gc,cpu         ] GC(188) User=0.30s Sys=0.06s Real=0.05s
[30.721s][info][gc,start       ] GC(189) Pause Young (G1 Evacuation Pause)
[30.721s][info][gc,task        ] GC(189) Using 8 workers of 8 for evacuation
[30.764s][info][gc,phases      ] GC(189)   Pre Evacuate Collection Set: 0.0ms
[30.764s][info][gc,phases      ] GC(189)   Evacuate Collection Set: 41.9ms
[30.764s][info][gc,phases      ] GC(189)   Post Evacuate Collection Set: 0.9ms
[30.764s][info][gc,phases      ] GC(189)   Other: 0.5ms
[30.764s][info][gc,heap        ] GC(189) Eden regions: 21->0(21)
[30.764s][info][gc,heap        ] GC(189) Survivor regions: 4->4(4)
[30.764s][info][gc,heap        ] GC(189) Old regions: 381->403
[30.764s][info][gc,heap        ] GC(189) Humongous regions: 67->67
[30.764s][info][gc,metaspace   ] GC(189) Metaspace: 10332K->10332K(27648K)
[30.765s][info][gc             ] GC(189) Pause Young (G1 Evacuation Pause) 468M->469M(512M) 43.711ms
[30.765s][info][gc,cpu         ] GC(189) User=0.38s Sys=0.00s Real=0.05s
[30.774s][info][gc,start       ] GC(190) Pause Young (G1 Humongous Allocation)
[30.774s][info][gc,task        ] GC(190) Using 8 workers of 8 for evacuation
[30.813s][info][gc,phases      ] GC(190)   Pre Evacuate Collection Set: 0.0ms
[30.814s][info][gc,phases      ] GC(190)   Evacuate Collection Set: 38.4ms
[30.814s][info][gc,phases      ] GC(190)   Post Evacuate Collection Set: 0.8ms
[30.814s][info][gc,phases      ] GC(190)   Other: 0.5ms
[30.814s][info][gc,heap        ] GC(190) Eden regions: 13->0(21)
[30.814s][info][gc,heap        ] GC(190) Survivor regions: 4->4(4)
[30.814s][info][gc,heap        ] GC(190) Old regions: 403->417
[30.814s][info][gc,heap        ] GC(190) Humongous regions: 67->67
[30.814s][info][gc,metaspace   ] GC(190) Metaspace: 10332K->10332K(27648K)
[30.814s][info][gc             ] GC(190) Pause Young (G1 Humongous Allocation) 482M->483M(512M) 40.139ms
[30.814s][info][gc,cpu         ] GC(190) User=0.25s Sys=0.00s Real=0.03s
[30.815s][info][gc,start       ] GC(191) Pause Full (Allocation Failure)
[30.816s][info][gc,phases,start] GC(191) Phase 1: Mark live objects
[30.820s][info][gc,stringtable ] GC(191) Cleaned string and symbol table, strings: 4413 processed, 0 removed, symbols: 38004 processed, 0 removed
[30.820s][info][gc,phases      ] GC(191) Phase 1: Mark live objects 4.358ms
[30.820s][info][gc,phases,start] GC(191) Phase 2: Prepare for compaction
[30.822s][info][gc,phases      ] GC(191) Phase 2: Prepare for compaction 1.504ms
[30.822s][info][gc,phases,start] GC(191) Phase 3: Adjust pointers and remembered sets
[30.824s][info][gc,phases      ] GC(191) Phase 3: Adjust pointers and remembered sets 2.217ms
[30.824s][info][gc,phases,start] GC(191) Phase 4: Compact heap
[30.825s][info][gc,phases      ] GC(191) Phase 4: Compact heap 1.146ms
[30.826s][info][gc,heap        ] GC(191) Eden regions: 0->0(122)
[30.826s][info][gc,heap        ] GC(191) Survivor regions: 4->0(4)
[30.826s][info][gc,heap        ] GC(191) Old regions: 417->6
[30.826s][info][gc,heap        ] GC(191) Humongous regions: 67->0
[30.826s][info][gc,metaspace   ] GC(191) Metaspace: 10332K->10332K(27648K)
[30.827s][info][gc             ] GC(191) Pause Full (Allocation Failure) 483M->1M(512M) 11.774ms
[30.827s][info][gc,cpu         ] GC(191) User=0.00s Sys=0.02s Real=0.02s
[30.828s][info][gc,marking     ] GC(184) Concurrent Mark From Roots 492.512ms
[30.828s][info][gc,marking     ] GC(184) Concurrent Mark Abort
[30.828s][info][gc             ] GC(184) Concurrent Cycle 514.657ms
[30.918s][info][gc,start       ] GC(192) Pause Young (G1 Evacuation Pause)
[30.919s][info][gc,task        ] GC(192) Using 8 workers of 8 for evacuation
[31.106s][info][gc,phases      ] GC(192)   Pre Evacuate Collection Set: 0.1ms
[31.106s][info][gc,phases      ] GC(192)   Evacuate Collection Set: 185.1ms
[31.106s][info][gc,phases      ] GC(192)   Post Evacuate Collection Set: 1.9ms
[31.106s][info][gc,phases      ] GC(192)   Other: 0.8ms
[31.106s][info][gc,heap        ] GC(192) Eden regions: 122->0(92)
[31.106s][info][gc,heap        ] GC(192) Survivor regions: 0->16(16)
[31.106s][info][gc,heap        ] GC(192) Old regions: 6->113
[31.106s][info][gc,heap        ] GC(192) Humongous regions: 34->34
[31.106s][info][gc,metaspace   ] GC(192) Metaspace: 10332K->10332K(27648K)
[31.107s][info][gc             ] GC(192) Pause Young (G1 Evacuation Pause) 157M->158M(512M) 188.111ms
[31.107s][info][gc,cpu         ] GC(192) User=1.38s Sys=0.08s Real=0.19s
[31.256s][info][gc,start       ] GC(193) Pause Young (G1 Evacuation Pause)
[31.256s][info][gc,task        ] GC(193) Using 8 workers of 8 for evacuation
[31.416s][info][gc,phases      ] GC(193)   Pre Evacuate Collection Set: 0.0ms
[31.416s][info][gc,phases      ] GC(193)   Evacuate Collection Set: 157.4ms
[31.416s][info][gc,phases      ] GC(193)   Post Evacuate Collection Set: 1.2ms
[31.416s][info][gc,phases      ] GC(193)   Other: 0.6ms
[31.416s][info][gc,heap        ] GC(193) Eden regions: 92->0(52)
[31.416s][info][gc,heap        ] GC(193) Survivor regions: 16->14(14)
[31.416s][info][gc,heap        ] GC(193) Old regions: 113->209
[31.416s][info][gc,heap        ] GC(193) Humongous regions: 68->68
[31.416s][info][gc,metaspace   ] GC(193) Metaspace: 10332K->10332K(27648K)
[31.416s][info][gc             ] GC(193) Pause Young (G1 Evacuation Pause) 284M->286M(512M) 159.822ms
[31.416s][info][gc,cpu         ] GC(193) User=1.17s Sys=0.06s Real=0.17s
[31.495s][info][gc,start       ] GC(194) Pause Initial Mark (G1 Evacuation Pause)
[31.495s][info][gc,task        ] GC(194) Using 8 workers of 8 for evacuation
[31.631s][info][gc,phases      ] GC(194)   Pre Evacuate Collection Set: 0.0ms
[31.631s][info][gc,phases      ] GC(194)   Evacuate Collection Set: 133.7ms
[31.631s][info][gc,phases      ] GC(194)   Post Evacuate Collection Set: 1.2ms
[31.631s][info][gc,phases      ] GC(194)   Other: 0.6ms
[31.631s][info][gc,heap        ] GC(194) Eden regions: 52->0(36)
[31.631s][info][gc,heap        ] GC(194) Survivor regions: 14->9(9)
[31.631s][info][gc,heap        ] GC(194) Old regions: 209->267
[31.631s][info][gc,heap        ] GC(194) Humongous regions: 68->68
[31.631s][info][gc,metaspace   ] GC(194) Metaspace: 10332K->10332K(27648K)
[31.631s][info][gc             ] GC(194) Pause Initial Mark (G1 Evacuation Pause) 338M->339M(512M) 135.879ms
[31.631s][info][gc,cpu         ] GC(194) User=1.00s Sys=0.00s Real=0.13s
[31.631s][info][gc             ] GC(195) Concurrent Cycle
[31.631s][info][gc,marking     ] GC(195) Concurrent Clear Claimed Marks
[31.632s][info][gc,marking     ] GC(195) Concurrent Clear Claimed Marks 0.076ms
[31.632s][info][gc,marking     ] GC(195) Concurrent Scan Root Regions
[31.641s][info][gc,marking     ] GC(195) Concurrent Scan Root Regions 9.521ms
[31.641s][info][gc,marking     ] GC(195) Concurrent Mark (31.641s)
[31.641s][info][gc,marking     ] GC(195) Concurrent Mark From Roots
[31.641s][info][gc,task        ] GC(195) Using 2 workers of 2 for marking
[31.697s][info][gc,start       ] GC(196) Pause Young (G1 Evacuation Pause)
[31.697s][info][gc,task        ] GC(196) Using 8 workers of 8 for evacuation
[31.796s][info][gc,phases      ] GC(196)   Pre Evacuate Collection Set: 0.0ms
[31.796s][info][gc,phases      ] GC(196)   Evacuate Collection Set: 97.4ms
[31.796s][info][gc,phases      ] GC(196)   Post Evacuate Collection Set: 1.3ms
[31.796s][info][gc,phases      ] GC(196)   Other: 0.6ms
[31.796s][info][gc,heap        ] GC(196) Eden regions: 36->0(24)
[31.796s][info][gc,heap        ] GC(196) Survivor regions: 9->6(6)
[31.796s][info][gc,heap        ] GC(196) Old regions: 267->308
[31.797s][info][gc,heap        ] GC(196) Humongous regions: 68->68
[31.797s][info][gc,metaspace   ] GC(196) Metaspace: 10332K->10332K(27648K)
[31.797s][info][gc             ] GC(196) Pause Young (G1 Evacuation Pause) 375M->377M(512M) 99.866ms
[31.797s][info][gc,cpu         ] GC(196) User=0.70s Sys=0.03s Real=0.09s
[31.825s][info][gc,start       ] GC(197) Pause Young (G1 Evacuation Pause)
[31.825s][info][gc,task        ] GC(197) Using 8 workers of 8 for evacuation
[31.895s][info][gc,phases      ] GC(197)   Pre Evacuate Collection Set: 0.0ms
[31.895s][info][gc,phases      ] GC(197)   Evacuate Collection Set: 67.2ms
[31.896s][info][gc,phases      ] GC(197)   Post Evacuate Collection Set: 3.0ms
[31.896s][info][gc,phases      ] GC(197)   Other: 0.5ms
[31.896s][info][gc,heap        ] GC(197) Eden regions: 24->0(21)
[31.896s][info][gc,heap        ] GC(197) Survivor regions: 6->4(4)
[31.896s][info][gc,heap        ] GC(197) Old regions: 308->336
[31.896s][info][gc,heap        ] GC(197) Humongous regions: 68->68
[31.896s][info][gc,metaspace   ] GC(197) Metaspace: 10332K->10332K(27648K)
[31.896s][info][gc             ] GC(197) Pause Young (G1 Evacuation Pause) 401M->403M(512M) 71.188ms
[31.896s][info][gc,cpu         ] GC(197) User=0.47s Sys=0.00s Real=0.07s
[31.916s][info][gc,start       ] GC(198) Pause Young (G1 Evacuation Pause)
[31.916s][info][gc,task        ] GC(198) Using 8 workers of 8 for evacuation
[31.966s][info][gc,phases      ] GC(198)   Pre Evacuate Collection Set: 0.0ms
[31.966s][info][gc,phases      ] GC(198)   Evacuate Collection Set: 48.4ms
[31.966s][info][gc,phases      ] GC(198)   Post Evacuate Collection Set: 1.0ms
[31.966s][info][gc,phases      ] GC(198)   Other: 0.5ms
[31.966s][info][gc,heap        ] GC(198) Eden regions: 21->0(21)
[31.966s][info][gc,heap        ] GC(198) Survivor regions: 4->4(4)
[31.966s][info][gc,heap        ] GC(198) Old regions: 336->359
[31.966s][info][gc,heap        ] GC(198) Humongous regions: 68->68
[31.966s][info][gc,metaspace   ] GC(198) Metaspace: 10332K->10332K(27648K)
[31.966s][info][gc             ] GC(198) Pause Young (G1 Evacuation Pause) 424M->426M(512M) 50.315ms
[31.966s][info][gc,cpu         ] GC(198) User=0.38s Sys=0.00s Real=0.05s
[31.983s][info][gc,start       ] GC(199) Pause Young (G1 Evacuation Pause)
[31.983s][info][gc,task        ] GC(199) Using 8 workers of 8 for evacuation
[32.037s][info][gc,phases      ] GC(199)   Pre Evacuate Collection Set: 0.0ms
[32.037s][info][gc,phases      ] GC(199)   Evacuate Collection Set: 52.4ms
[32.037s][info][gc,phases      ] GC(199)   Post Evacuate Collection Set: 1.1ms
[32.037s][info][gc,phases      ] GC(199)   Other: 0.5ms
[32.037s][info][gc,heap        ] GC(199) Eden regions: 21->0(21)
[32.037s][info][gc,heap        ] GC(199) Survivor regions: 4->4(4)
[32.037s][info][gc,heap        ] GC(199) Old regions: 359->383
[32.037s][info][gc,heap        ] GC(199) Humongous regions: 68->68
[32.037s][info][gc,metaspace   ] GC(199) Metaspace: 10332K->10332K(27648K)
[32.037s][info][gc             ] GC(199) Pause Young (G1 Evacuation Pause) 447M->450M(512M) 54.489ms
[32.037s][info][gc,cpu         ] GC(199) User=0.38s Sys=0.00s Real=0.05s
[32.053s][info][gc,start       ] GC(200) Pause Young (G1 Evacuation Pause)
[32.053s][info][gc,task        ] GC(200) Using 8 workers of 8 for evacuation
[32.104s][info][gc,phases      ] GC(200)   Pre Evacuate Collection Set: 0.1ms
[32.104s][info][gc,phases      ] GC(200)   Evacuate Collection Set: 50.1ms
[32.104s][info][gc,phases      ] GC(200)   Post Evacuate Collection Set: 0.8ms
[32.104s][info][gc,phases      ] GC(200)   Other: 0.6ms
[32.104s][info][gc,heap        ] GC(200) Eden regions: 21->0(21)
[32.104s][info][gc,heap        ] GC(200) Survivor regions: 4->4(4)
[32.104s][info][gc,heap        ] GC(200) Old regions: 383->405
[32.104s][info][gc,heap        ] GC(200) Humongous regions: 68->68
[32.104s][info][gc,metaspace   ] GC(200) Metaspace: 10332K->10332K(27648K)
[32.104s][info][gc             ] GC(200) Pause Young (G1 Evacuation Pause) 471M->472M(512M) 51.918ms
[32.105s][info][gc,cpu         ] GC(200) User=0.47s Sys=0.02s Real=0.06s
[32.119s][info][gc,start       ] GC(201) Pause Young (G1 Humongous Allocation)
[32.119s][info][gc,task        ] GC(201) Using 8 workers of 8 for evacuation
[32.178s][info][gc             ] GC(201) To-space exhausted
[32.178s][info][gc,phases      ] GC(201)   Pre Evacuate Collection Set: 0.0ms
[32.178s][info][gc,phases      ] GC(201)   Evacuate Collection Set: 52.0ms
[32.178s][info][gc,phases      ] GC(201)   Post Evacuate Collection Set: 6.9ms
[32.178s][info][gc,phases      ] GC(201)   Other: 0.6ms
[32.178s][info][gc,heap        ] GC(201) Eden regions: 18->0(21)
[32.178s][info][gc,heap        ] GC(201) Survivor regions: 4->4(4)
[32.178s][info][gc,heap        ] GC(201) Old regions: 405->428
[32.178s][info][gc,heap        ] GC(201) Humongous regions: 68->68
[32.178s][info][gc,metaspace   ] GC(201) Metaspace: 10332K->10332K(27648K)
[32.179s][info][gc             ] GC(201) Pause Young (G1 Humongous Allocation) 490M->495M(512M) 59.793ms
[32.179s][info][gc,cpu         ] GC(201) User=0.39s Sys=0.00s Real=0.06s
[32.179s][info][gc,start       ] GC(202) Pause Full (Allocation Failure)
[32.181s][info][gc,phases,start] GC(202) Phase 1: Mark live objects
[32.185s][info][gc,stringtable ] GC(202) Cleaned string and symbol table, strings: 4413 processed, 0 removed, symbols: 38004 processed, 0 removed
[32.185s][info][gc,phases      ] GC(202) Phase 1: Mark live objects 4.444ms
[32.185s][info][gc,phases,start] GC(202) Phase 2: Prepare for compaction
[32.187s][info][gc,phases      ] GC(202) Phase 2: Prepare for compaction 1.537ms
[32.187s][info][gc,phases,start] GC(202) Phase 3: Adjust pointers and remembered sets
[32.189s][info][gc,phases      ] GC(202) Phase 3: Adjust pointers and remembered sets 2.175ms
[32.189s][info][gc,phases,start] GC(202) Phase 4: Compact heap
[32.190s][info][gc,phases      ] GC(202) Phase 4: Compact heap 0.953ms
[32.191s][info][gc,heap        ] GC(202) Eden regions: 0->0(125)
[32.191s][info][gc,heap        ] GC(202) Survivor regions: 4->0(4)
[32.191s][info][gc,heap        ] GC(202) Old regions: 428->6
[32.191s][info][gc,heap        ] GC(202) Humongous regions: 68->0
[32.191s][info][gc,metaspace   ] GC(202) Metaspace: 10332K->10332K(27648K)
[32.192s][info][gc             ] GC(202) Pause Full (Allocation Failure) 495M->1M(512M) 12.061ms
[32.192s][info][gc,cpu         ] GC(202) User=0.02s Sys=0.00s Real=0.01s
[32.193s][info][gc,marking     ] GC(195) Concurrent Mark From Roots 551.370ms
[32.193s][info][gc,marking     ] GC(195) Concurrent Mark Abort
[32.193s][info][gc             ] GC(195) Concurrent Cycle 561.421ms
[32.302s][info][gc,start       ] GC(203) Pause Young (G1 Evacuation Pause)
[32.302s][info][gc,task        ] GC(203) Using 8 workers of 8 for evacuation
[32.517s][info][gc,mmu         ] GC(203) MMU target violated: 201.0ms (200.0ms/201.0ms)
[32.517s][info][gc,phases      ] GC(203)   Pre Evacuate Collection Set: 0.0ms
[32.517s][info][gc,phases      ] GC(203)   Evacuate Collection Set: 212.0ms
[32.517s][info][gc,phases      ] GC(203)   Post Evacuate Collection Set: 1.7ms
[32.517s][info][gc,phases      ] GC(203)   Other: 1.0ms
[32.517s][info][gc,heap        ] GC(203) Eden regions: 125->0(91)
[32.517s][info][gc,heap        ] GC(203) Survivor regions: 0->16(16)
[32.517s][info][gc,heap        ] GC(203) Old regions: 6->117
[32.517s][info][gc,heap        ] GC(203) Humongous regions: 35->35
[32.517s][info][gc,metaspace   ] GC(203) Metaspace: 10332K->10332K(27648K)
[32.517s][info][gc             ] GC(203) Pause Young (G1 Evacuation Pause) 161M->162M(512M) 215.019ms
[32.517s][info][gc,cpu         ] GC(203) User=1.58s Sys=0.03s Real=0.22s
[32.668s][info][gc,start       ] GC(204) Pause Young (G1 Evacuation Pause)
[32.668s][info][gc,task        ] GC(204) Using 8 workers of 8 for evacuation
[32.823s][info][gc,phases      ] GC(204)   Pre Evacuate Collection Set: 0.1ms
[32.823s][info][gc,phases      ] GC(204)   Evacuate Collection Set: 141.1ms
[32.824s][info][gc,phases      ] GC(204)   Post Evacuate Collection Set: 13.2ms
[32.824s][info][gc,phases      ] GC(204)   Other: 0.7ms
[32.824s][info][gc,heap        ] GC(204) Eden regions: 91->0(51)
[32.824s][info][gc,heap        ] GC(204) Survivor regions: 16->14(14)
[32.824s][info][gc,heap        ] GC(204) Old regions: 117->211
[32.824s][info][gc,heap        ] GC(204) Humongous regions: 70->70
[32.824s][info][gc,metaspace   ] GC(204) Metaspace: 10332K->10332K(27648K)
[32.824s][info][gc             ] GC(204) Pause Young (G1 Evacuation Pause) 288M->290M(512M) 155.687ms
[32.824s][info][gc,cpu         ] GC(204) User=1.05s Sys=0.11s Real=0.16s
[32.916s][info][gc,start       ] GC(205) Pause Initial Mark (G1 Evacuation Pause)
[32.916s][info][gc,task        ] GC(205) Using 8 workers of 8 for evacuation
[33.069s][info][gc,phases      ] GC(205)   Pre Evacuate Collection Set: 0.0ms
[33.069s][info][gc,phases      ] GC(205)   Evacuate Collection Set: 151.4ms
[33.069s][info][gc,phases      ] GC(205)   Post Evacuate Collection Set: 1.1ms
[33.069s][info][gc,phases      ] GC(205)   Other: 0.6ms
[33.069s][info][gc,heap        ] GC(205) Eden regions: 51->0(35)
[33.069s][info][gc,heap        ] GC(205) Survivor regions: 14->9(9)
[33.069s][info][gc,heap        ] GC(205) Old regions: 211->268
[33.069s][info][gc,heap        ] GC(205) Humongous regions: 70->70
[33.069s][info][gc,metaspace   ] GC(205) Metaspace: 10332K->10332K(27648K)
[33.070s][info][gc             ] GC(205) Pause Initial Mark (G1 Evacuation Pause) 341M->342M(512M) 153.473ms
[33.070s][info][gc,cpu         ] GC(205) User=1.22s Sys=0.00s Real=0.16s
[33.070s][info][gc             ] GC(206) Concurrent Cycle
[33.070s][info][gc,marking     ] GC(206) Concurrent Clear Claimed Marks
[33.070s][info][gc,marking     ] GC(206) Concurrent Clear Claimed Marks 0.078ms
[33.070s][info][gc,marking     ] GC(206) Concurrent Scan Root Regions
[33.087s][info][gc,marking     ] GC(206) Concurrent Scan Root Regions 17.222ms
[33.087s][info][gc,marking     ] GC(206) Concurrent Mark (33.087s)
[33.087s][info][gc,marking     ] GC(206) Concurrent Mark From Roots
[33.087s][info][gc,task        ] GC(206) Using 2 workers of 2 for marking
[33.126s][info][gc,start       ] GC(207) Pause Young (G1 Evacuation Pause)
[33.127s][info][gc,task        ] GC(207) Using 8 workers of 8 for evacuation
[33.230s][info][gc,phases      ] GC(207)   Pre Evacuate Collection Set: 0.0ms
[33.230s][info][gc,phases      ] GC(207)   Evacuate Collection Set: 101.7ms
[33.230s][info][gc,phases      ] GC(207)   Post Evacuate Collection Set: 1.4ms
[33.230s][info][gc,phases      ] GC(207)   Other: 0.5ms
[33.230s][info][gc,heap        ] GC(207) Eden regions: 35->0(23)
[33.230s][info][gc,heap        ] GC(207) Survivor regions: 9->6(6)
[33.230s][info][gc,heap        ] GC(207) Old regions: 268->308
[33.230s][info][gc,heap        ] GC(207) Humongous regions: 70->70
[33.230s][info][gc,metaspace   ] GC(207) Metaspace: 10332K->10332K(27648K)
[33.231s][info][gc             ] GC(207) Pause Young (G1 Evacuation Pause) 377M->379M(512M) 104.055ms
[33.231s][info][gc,cpu         ] GC(207) User=0.75s Sys=0.00s Real=0.09s
[33.261s][info][gc,start       ] GC(208) Pause Young (G1 Evacuation Pause)
[33.261s][info][gc,task        ] GC(208) Using 8 workers of 8 for evacuation
[33.333s][info][gc,phases      ] GC(208)   Pre Evacuate Collection Set: 0.0ms
[33.334s][info][gc,phases      ] GC(208)   Evacuate Collection Set: 70.9ms
[33.334s][info][gc,phases      ] GC(208)   Post Evacuate Collection Set: 1.0ms
[33.334s][info][gc,phases      ] GC(208)   Other: 0.6ms
[33.334s][info][gc,heap        ] GC(208) Eden regions: 23->0(21)
[33.334s][info][gc,heap        ] GC(208) Survivor regions: 6->4(4)
[33.334s][info][gc,heap        ] GC(208) Old regions: 308->335
[33.334s][info][gc,heap        ] GC(208) Humongous regions: 70->70
[33.334s][info][gc,metaspace   ] GC(208) Metaspace: 10332K->10332K(27648K)
[33.334s][info][gc             ] GC(208) Pause Young (G1 Evacuation Pause) 402M->404M(512M) 72.855ms
[33.334s][info][gc,cpu         ] GC(208) User=0.53s Sys=0.05s Real=0.07s
[33.357s][info][gc,start       ] GC(209) Pause Young (G1 Evacuation Pause)
[33.358s][info][gc,task        ] GC(209) Using 8 workers of 8 for evacuation
[33.431s][info][gc,phases      ] GC(209)   Pre Evacuate Collection Set: 0.0ms
[33.431s][info][gc,phases      ] GC(209)   Evacuate Collection Set: 72.2ms
[33.431s][info][gc,phases      ] GC(209)   Post Evacuate Collection Set: 0.9ms
[33.431s][info][gc,phases      ] GC(209)   Other: 0.6ms
[33.431s][info][gc,heap        ] GC(209) Eden regions: 21->0(21)
[33.431s][info][gc,heap        ] GC(209) Survivor regions: 4->4(4)
[33.431s][info][gc,heap        ] GC(209) Old regions: 335->357
[33.431s][info][gc,heap        ] GC(209) Humongous regions: 70->70
[33.431s][info][gc,metaspace   ] GC(209) Metaspace: 10332K->10332K(27648K)
[33.432s][info][gc             ] GC(209) Pause Young (G1 Evacuation Pause) 425M->426M(512M) 74.064ms
[33.432s][info][gc,cpu         ] GC(209) User=0.53s Sys=0.06s Real=0.08s
[33.452s][info][gc,start       ] GC(210) Pause Young (G1 Evacuation Pause)
[33.452s][info][gc,task        ] GC(210) Using 8 workers of 8 for evacuation
[33.512s][info][gc,phases      ] GC(210)   Pre Evacuate Collection Set: 0.0ms
[33.512s][info][gc,phases      ] GC(210)   Evacuate Collection Set: 58.9ms
[33.512s][info][gc,phases      ] GC(210)   Post Evacuate Collection Set: 1.3ms
[33.512s][info][gc,phases      ] GC(210)   Other: 0.6ms
[33.512s][info][gc,heap        ] GC(210) Eden regions: 21->0(21)
[33.512s][info][gc,heap        ] GC(210) Survivor regions: 4->4(4)
[33.513s][info][gc,heap        ] GC(210) Old regions: 357->380
[33.513s][info][gc,heap        ] GC(210) Humongous regions: 70->70
[33.513s][info][gc,metaspace   ] GC(210) Metaspace: 10332K->10332K(27648K)
[33.513s][info][gc             ] GC(210) Pause Young (G1 Evacuation Pause) 447M->449M(512M) 61.121ms
[33.513s][info][gc,cpu         ] GC(210) User=0.45s Sys=0.00s Real=0.06s
[33.530s][info][gc,start       ] GC(211) Pause Young (G1 Evacuation Pause)
[33.530s][info][gc,task        ] GC(211) Using 8 workers of 8 for evacuation
[33.583s][info][gc,phases      ] GC(211)   Pre Evacuate Collection Set: 0.0ms
[33.583s][info][gc,phases      ] GC(211)   Evacuate Collection Set: 50.9ms
[33.583s][info][gc,phases      ] GC(211)   Post Evacuate Collection Set: 0.8ms
[33.583s][info][gc,phases      ] GC(211)   Other: 0.7ms
[33.583s][info][gc,heap        ] GC(211) Eden regions: 21->0(21)
[33.583s][info][gc,heap        ] GC(211) Survivor regions: 4->4(4)
[33.583s][info][gc,heap        ] GC(211) Old regions: 380->403
[33.583s][info][gc,heap        ] GC(211) Humongous regions: 70->70
[33.583s][info][gc,metaspace   ] GC(211) Metaspace: 10332K->10332K(27648K)
[33.583s][info][gc             ] GC(211) Pause Young (G1 Evacuation Pause) 470M->472M(512M) 52.952ms
[33.583s][info][gc,cpu         ] GC(211) User=0.38s Sys=0.00s Real=0.05s
[33.601s][info][gc,start       ] GC(212) Pause Young (G1 Evacuation Pause)
[33.601s][info][gc,task        ] GC(212) Using 8 workers of 8 for evacuation
[33.685s][info][gc             ] GC(212) To-space exhausted
[33.685s][info][gc,phases      ] GC(212)   Pre Evacuate Collection Set: 0.0ms
[33.685s][info][gc,phases      ] GC(212)   Evacuate Collection Set: 67.8ms
[33.685s][info][gc,phases      ] GC(212)   Post Evacuate Collection Set: 15.4ms
[33.685s][info][gc,phases      ] GC(212)   Other: 0.7ms
[33.685s][info][gc,heap        ] GC(212) Eden regions: 21->0(21)
[33.685s][info][gc,heap        ] GC(212) Survivor regions: 4->4(4)
[33.685s][info][gc,heap        ] GC(212) Old regions: 403->428
[33.685s][info][gc,heap        ] GC(212) Humongous regions: 70->70
[33.685s][info][gc,metaspace   ] GC(212) Metaspace: 10332K->10332K(27648K)
[33.685s][info][gc             ] GC(212) Pause Young (G1 Evacuation Pause) 493M->497M(512M) 84.249ms
[33.685s][info][gc,cpu         ] GC(212) User=0.67s Sys=0.02s Real=0.09s
[33.692s][info][gc,start       ] GC(213) Pause Young (G1 Humongous Allocation)
[33.692s][info][gc,task        ] GC(213) Using 8 workers of 8 for evacuation
[33.745s][info][gc             ] GC(213) To-space exhausted
[33.745s][info][gc,phases      ] GC(213)   Pre Evacuate Collection Set: 0.0ms
[33.745s][info][gc,phases      ] GC(213)   Evacuate Collection Set: 41.7ms
[33.745s][info][gc,phases      ] GC(213)   Post Evacuate Collection Set: 10.1ms
[33.745s][info][gc,phases      ] GC(213)   Other: 0.8ms
[33.745s][info][gc,heap        ] GC(213) Eden regions: 7->0(24)
[33.745s][info][gc,heap        ] GC(213) Survivor regions: 4->1(4)
[33.745s][info][gc,heap        ] GC(213) Old regions: 428->441
[33.745s][info][gc,heap        ] GC(213) Humongous regions: 70->70
[33.745s][info][gc,metaspace   ] GC(213) Metaspace: 10332K->10332K(27648K)
[33.745s][info][gc             ] GC(213) Pause Young (G1 Humongous Allocation) 504M->507M(512M) 52.906ms
[33.745s][info][gc,cpu         ] GC(213) User=0.47s Sys=0.00s Real=0.06s
[33.746s][info][gc,start       ] GC(214) Pause Full (Allocation Failure)
[33.748s][info][gc,phases,start] GC(214) Phase 1: Mark live objects
[33.754s][info][gc,stringtable ] GC(214) Cleaned string and symbol table, strings: 4413 processed, 0 removed, symbols: 38004 processed, 0 removed
[33.754s][info][gc,phases      ] GC(214) Phase 1: Mark live objects 5.853ms
[33.754s][info][gc,phases,start] GC(214) Phase 2: Prepare for compaction
[33.755s][info][gc,phases      ] GC(214) Phase 2: Prepare for compaction 1.635ms
[33.755s][info][gc,phases,start] GC(214) Phase 3: Adjust pointers and remembered sets
[33.757s][info][gc,phases      ] GC(214) Phase 3: Adjust pointers and remembered sets 2.130ms
[33.758s][info][gc,phases,start] GC(214) Phase 4: Compact heap
[33.759s][info][gc,phases      ] GC(214) Phase 4: Compact heap 1.549ms
[33.760s][info][gc,heap        ] GC(214) Eden regions: 0->0(115)
[33.760s][info][gc,heap        ] GC(214) Survivor regions: 1->0(4)
[33.760s][info][gc,heap        ] GC(214) Old regions: 441->6
[33.760s][info][gc,heap        ] GC(214) Humongous regions: 70->0
[33.760s][info][gc,metaspace   ] GC(214) Metaspace: 10332K->10332K(27648K)
[33.760s][info][gc             ] GC(214) Pause Full (Allocation Failure) 507M->1M(512M) 14.246ms
[33.761s][info][gc,cpu         ] GC(214) User=0.13s Sys=0.00s Real=0.02s
[33.761s][info][gc,marking     ] GC(206) Concurrent Mark From Roots 674.203ms
[33.762s][info][gc,marking     ] GC(206) Concurrent Mark Abort
[33.762s][info][gc             ] GC(206) Concurrent Cycle 691.904ms
[33.868s][info][gc,start       ] GC(215) Pause Young (G1 Evacuation Pause)
[33.868s][info][gc,task        ] GC(215) Using 8 workers of 8 for evacuation
[34.048s][info][gc,phases      ] GC(215)   Pre Evacuate Collection Set: 0.0ms
[34.048s][info][gc,phases      ] GC(215)   Evacuate Collection Set: 177.3ms
[34.048s][info][gc,phases      ] GC(215)   Post Evacuate Collection Set: 2.1ms
[34.049s][info][gc,phases      ] GC(215)   Other: 0.6ms
[34.049s][info][gc,heap        ] GC(215) Eden regions: 115->0(94)
[34.049s][info][gc,heap        ] GC(215) Survivor regions: 0->15(15)
[34.049s][info][gc,heap        ] GC(215) Old regions: 6->107
[34.049s][info][gc,heap        ] GC(215) Humongous regions: 36->36
[34.049s][info][gc,metaspace   ] GC(215) Metaspace: 10332K->10332K(27648K)
[34.049s][info][gc             ] GC(215) Pause Young (G1 Evacuation Pause) 152M->152M(512M) 180.774ms
[34.049s][info][gc,cpu         ] GC(215) User=1.30s Sys=0.02s Real=0.17s
[34.226s][info][gc,start       ] GC(216) Pause Young (G1 Evacuation Pause)
[34.226s][info][gc,task        ] GC(216) Using 8 workers of 8 for evacuation
[34.389s][info][gc,phases      ] GC(216)   Pre Evacuate Collection Set: 0.1ms
[34.389s][info][gc,phases      ] GC(216)   Evacuate Collection Set: 160.1ms
[34.389s][info][gc,phases      ] GC(216)   Post Evacuate Collection Set: 1.7ms
[34.389s][info][gc,phases      ] GC(216)   Other: 1.0ms
[34.389s][info][gc,heap        ] GC(216) Eden regions: 94->0(64)
[34.389s][info][gc,heap        ] GC(216) Survivor regions: 15->14(14)
[34.389s][info][gc,heap        ] GC(216) Old regions: 107->204
[34.389s][info][gc,heap        ] GC(216) Humongous regions: 36->36
[34.389s][info][gc,metaspace   ] GC(216) Metaspace: 10332K->10332K(27648K)
[34.390s][info][gc             ] GC(216) Pause Young (G1 Evacuation Pause) 246M->249M(512M) 163.441ms
[34.390s][info][gc,cpu         ] GC(216) User=1.23s Sys=0.05s Real=0.17s
[34.393s][info][gc,start       ] GC(217) Pause Initial Mark (G1 Humongous Allocation)
[34.393s][info][gc,task        ] GC(217) Using 8 workers of 8 for evacuation
[34.521s][info][gc,phases      ] GC(217)   Pre Evacuate Collection Set: 0.0ms
[34.521s][info][gc,phases      ] GC(217)   Evacuate Collection Set: 127.0ms
[34.521s][info][gc,phases      ] GC(217)   Post Evacuate Collection Set: 0.7ms
[34.521s][info][gc,phases      ] GC(217)   Other: 0.7ms
[34.521s][info][gc,heap        ] GC(217) Eden regions: 3->0(62)
[34.521s][info][gc,heap        ] GC(217) Survivor regions: 14->3(10)
[34.522s][info][gc,heap        ] GC(217) Old regions: 204->221
[34.522s][info][gc,heap        ] GC(217) Humongous regions: 36->36
[34.522s][info][gc,metaspace   ] GC(217) Metaspace: 10332K->10332K(27648K)
[34.522s][info][gc             ] GC(217) Pause Initial Mark (G1 Humongous Allocation) 251M->255M(512M) 129.233ms
[34.522s][info][gc,cpu         ] GC(217) User=0.98s Sys=0.00s Real=0.13s
[34.522s][info][gc             ] GC(218) Concurrent Cycle
[34.522s][info][gc,marking     ] GC(218) Concurrent Clear Claimed Marks
[34.522s][info][gc,marking     ] GC(218) Concurrent Clear Claimed Marks 0.084ms
[34.522s][info][gc,marking     ] GC(218) Concurrent Scan Root Regions
[34.526s][info][gc,marking     ] GC(218) Concurrent Scan Root Regions 3.077ms
[34.526s][info][gc,marking     ] GC(218) Concurrent Mark (34.526s)
[34.526s][info][gc,marking     ] GC(218) Concurrent Mark From Roots
[34.526s][info][gc,task        ] GC(218) Using 2 workers of 2 for marking
[34.534s][info][gc,marking     ] GC(218) Concurrent Mark From Roots 8.549ms
[34.534s][info][gc,marking     ] GC(218) Concurrent Mark (34.526s, 34.534s) 8.729ms
[34.550s][info][gc,start       ] GC(218) Pause Remark
[34.554s][info][gc,stringtable ] GC(218) Cleaned string and symbol table, strings: 4413 processed, 0 removed, symbols: 38004 processed, 0 removed
[34.554s][info][gc             ] GC(218) Pause Remark 291M->291M(512M) 4.393ms
[34.554s][info][gc,cpu         ] GC(218) User=0.00s Sys=0.00s Real=0.00s
[34.554s][info][gc,marking     ] GC(218) Concurrent Create Live Data
[34.556s][info][gc,marking     ] GC(218) Concurrent Create Live Data 1.495ms
[34.556s][info][gc,start       ] GC(218) Pause Cleanup
[34.558s][info][gc             ] GC(218) Pause Cleanup 291M->41M(512M) 1.126ms
[34.558s][info][gc,cpu         ] GC(218) User=0.00s Sys=0.00s Real=0.00s
[34.558s][info][gc,marking     ] GC(218) Concurrent Complete Cleanup
[34.558s][info][gc,marking     ] GC(218) Concurrent Complete Cleanup 0.446ms
[34.558s][info][gc,marking     ] GC(218) Concurrent Cleanup for Next Mark
[34.565s][info][gc,marking     ] GC(218) Concurrent Cleanup for Next Mark 6.680ms
[34.565s][info][gc             ] GC(218) Concurrent Cycle 42.842ms
[34.635s][info][gc,start       ] GC(219) Pause Young (G1 Evacuation Pause)
[34.635s][info][gc,task        ] GC(219) Using 8 workers of 8 for evacuation
[34.749s][info][gc,phases      ] GC(219)   Pre Evacuate Collection Set: 0.0ms
[34.749s][info][gc,phases      ] GC(219)   Evacuate Collection Set: 112.0ms
[34.750s][info][gc,phases      ] GC(219)   Post Evacuate Collection Set: 1.2ms
[34.750s][info][gc,phases      ] GC(219)   Other: 0.7ms
[34.750s][info][gc,heap        ] GC(219) Eden regions: 62->0(92)
[34.750s][info][gc,heap        ] GC(219) Survivor regions: 3->9(9)
[34.750s][info][gc,heap        ] GC(219) Old regions: 6->61
[34.750s][info][gc,heap        ] GC(219) Humongous regions: 36->36
[34.750s][info][gc,metaspace   ] GC(219) Metaspace: 10332K->10332K(27648K)
[34.750s][info][gc             ] GC(219) Pause Young (G1 Evacuation Pause) 102M->101M(512M) 114.474ms
[34.750s][info][gc,cpu         ] GC(219) User=0.83s Sys=0.03s Real=0.13s
[34.848s][info][gc,start       ] GC(220) Pause Young (G1 Evacuation Pause)
[34.848s][info][gc,task        ] GC(220) Using 8 workers of 8 for evacuation
[35.077s][info][gc,mmu         ] GC(220) MMU target violated: 201.0ms (200.0ms/201.0ms)
[35.078s][info][gc,phases      ] GC(220)   Pre Evacuate Collection Set: 0.0ms
[35.078s][info][gc,phases      ] GC(220)   Evacuate Collection Set: 226.8ms
[35.078s][info][gc,phases      ] GC(220)   Post Evacuate Collection Set: 1.8ms
[35.078s][info][gc,phases      ] GC(220)   Other: 1.5ms
[35.078s][info][gc,heap        ] GC(220) Eden regions: 90->0(74)
[35.078s][info][gc,heap        ] GC(220) Survivor regions: 9->13(13)
[35.078s][info][gc,heap        ] GC(220) Old regions: 61->148
[35.078s][info][gc,heap        ] GC(220) Humongous regions: 36->36
[35.078s][info][gc,metaspace   ] GC(220) Metaspace: 10332K->10332K(27648K)
[35.078s][info][gc             ] GC(220) Pause Young (G1 Evacuation Pause) 191M->192M(512M) 230.430ms
[35.078s][info][gc,cpu         ] GC(220) User=1.59s Sys=0.09s Real=0.23s
[35.237s][info][gc,start       ] GC(221) Pause Young (G1 Evacuation Pause)
[35.238s][info][gc,task        ] GC(221) Using 8 workers of 8 for evacuation
[35.397s][info][gc,phases      ] GC(221)   Pre Evacuate Collection Set: 0.0ms
[35.397s][info][gc,phases      ] GC(221)   Evacuate Collection Set: 157.6ms
[35.397s][info][gc,phases      ] GC(221)   Post Evacuate Collection Set: 1.3ms
[35.397s][info][gc,phases      ] GC(221)   Other: 0.6ms
[35.397s][info][gc,heap        ] GC(221) Eden regions: 71->0(48)
[35.397s][info][gc,heap        ] GC(221) Survivor regions: 13->11(11)
[35.397s][info][gc,heap        ] GC(221) Old regions: 148->223
[35.397s][info][gc,heap        ] GC(221) Humongous regions: 72->72
[35.397s][info][gc,metaspace   ] GC(221) Metaspace: 10332K->10332K(27648K)
[35.397s][info][gc             ] GC(221) Pause Young (G1 Evacuation Pause) 299M->301M(512M) 159.869ms
[35.397s][info][gc,cpu         ] GC(221) User=1.02s Sys=0.08s Real=0.16s
[35.496s][info][gc,start       ] GC(222) Pause Initial Mark (G1 Evacuation Pause)
[35.496s][info][gc,task        ] GC(222) Using 8 workers of 8 for evacuation
[35.605s][info][gc,phases      ] GC(222)   Pre Evacuate Collection Set: 0.0ms
[35.606s][info][gc,phases      ] GC(222)   Evacuate Collection Set: 107.2ms
[35.606s][info][gc,phases      ] GC(222)   Post Evacuate Collection Set: 1.4ms
[35.606s][info][gc,phases      ] GC(222)   Other: 0.6ms
[35.606s][info][gc,heap        ] GC(222) Eden regions: 48->0(32)
[35.606s][info][gc,heap        ] GC(222) Survivor regions: 11->8(8)
[35.606s][info][gc,heap        ] GC(222) Old regions: 223->275
[35.606s][info][gc,heap        ] GC(222) Humongous regions: 72->72
[35.606s][info][gc,metaspace   ] GC(222) Metaspace: 10332K->10332K(27648K)
[35.606s][info][gc             ] GC(222) Pause Initial Mark (G1 Evacuation Pause) 349M->350M(512M) 109.585ms
[35.606s][info][gc,cpu         ] GC(222) User=0.73s Sys=0.00s Real=0.11s
[35.606s][info][gc             ] GC(223) Concurrent Cycle
[35.606s][info][gc,marking     ] GC(223) Concurrent Clear Claimed Marks
[35.606s][info][gc,marking     ] GC(223) Concurrent Clear Claimed Marks 0.086ms
[35.606s][info][gc,marking     ] GC(223) Concurrent Scan Root Regions
[35.618s][info][gc,marking     ] GC(223) Concurrent Scan Root Regions 11.990ms
[35.618s][info][gc,marking     ] GC(223) Concurrent Mark (35.618s)
[35.618s][info][gc,marking     ] GC(223) Concurrent Mark From Roots
[35.618s][info][gc,task        ] GC(223) Using 2 workers of 2 for marking
[35.679s][info][gc,start       ] GC(224) Pause Young (G1 Evacuation Pause)
[35.679s][info][gc,task        ] GC(224) Using 8 workers of 8 for evacuation
[35.764s][info][gc,phases      ] GC(224)   Pre Evacuate Collection Set: 0.0ms
[35.764s][info][gc,phases      ] GC(224)   Evacuate Collection Set: 78.0ms
[35.764s][info][gc,phases      ] GC(224)   Post Evacuate Collection Set: 7.1ms
[35.764s][info][gc,phases      ] GC(224)   Other: 0.6ms
[35.764s][info][gc,heap        ] GC(224) Eden regions: 32->0(22)
[35.764s][info][gc,heap        ] GC(224) Survivor regions: 8->5(5)
[35.765s][info][gc,heap        ] GC(224) Old regions: 275->312
[35.765s][info][gc,heap        ] GC(224) Humongous regions: 72->72
[35.765s][info][gc,metaspace   ] GC(224) Metaspace: 10332K->10332K(27648K)
[35.765s][info][gc             ] GC(224) Pause Young (G1 Evacuation Pause) 382M->384M(512M) 86.252ms
[35.765s][info][gc,cpu         ] GC(224) User=0.45s Sys=0.02s Real=0.09s
[35.835s][info][gc,start       ] GC(225) Pause Young (G1 Evacuation Pause)
[35.835s][info][gc,task        ] GC(225) Using 8 workers of 8 for evacuation
[35.925s][info][gc,phases      ] GC(225)   Pre Evacuate Collection Set: 0.1ms
[35.925s][info][gc,phases      ] GC(225)   Evacuate Collection Set: 88.6ms
[35.925s][info][gc,phases      ] GC(225)   Post Evacuate Collection Set: 0.9ms
[35.925s][info][gc,phases      ] GC(225)   Other: 0.7ms
[35.925s][info][gc,heap        ] GC(225) Eden regions: 22->0(21)
[35.925s][info][gc,heap        ] GC(225) Survivor regions: 5->4(4)
[35.925s][info][gc,heap        ] GC(225) Old regions: 312->337
[35.925s][info][gc,heap        ] GC(225) Humongous regions: 72->72
[35.925s][info][gc,metaspace   ] GC(225) Metaspace: 10332K->10332K(27648K)
[35.925s][info][gc             ] GC(225) Pause Young (G1 Evacuation Pause) 406M->408M(512M) 90.655ms
[35.925s][info][gc,cpu         ] GC(225) User=0.56s Sys=0.02s Real=0.09s
[35.961s][info][gc,start       ] GC(226) Pause Young (G1 Evacuation Pause)
[35.961s][info][gc,task        ] GC(226) Using 8 workers of 8 for evacuation
[36.030s][info][gc,phases      ] GC(226)   Pre Evacuate Collection Set: 0.1ms
[36.030s][info][gc,phases      ] GC(226)   Evacuate Collection Set: 65.6ms
[36.030s][info][gc,phases      ] GC(226)   Post Evacuate Collection Set: 2.4ms
[36.030s][info][gc,phases      ] GC(226)   Other: 0.6ms
[36.030s][info][gc,heap        ] GC(226) Eden regions: 21->0(21)
[36.030s][info][gc,heap        ] GC(226) Survivor regions: 4->4(4)
[36.030s][info][gc,heap        ] GC(226) Old regions: 337->360
[36.030s][info][gc,heap        ] GC(226) Humongous regions: 72->72
[36.030s][info][gc,metaspace   ] GC(226) Metaspace: 10332K->10332K(27648K)
[36.030s][info][gc             ] GC(226) Pause Young (G1 Evacuation Pause) 429M->431M(512M) 69.106ms
[36.031s][info][gc,cpu         ] GC(226) User=0.47s Sys=0.02s Real=0.08s
[36.052s][info][gc,start       ] GC(227) Pause Young (G1 Evacuation Pause)
[36.052s][info][gc,task        ] GC(227) Using 8 workers of 8 for evacuation
[36.135s][info][gc,phases      ] GC(227)   Pre Evacuate Collection Set: 0.0ms
[36.135s][info][gc,phases      ] GC(227)   Evacuate Collection Set: 78.5ms
[36.135s][info][gc,phases      ] GC(227)   Post Evacuate Collection Set: 3.6ms
[36.135s][info][gc,phases      ] GC(227)   Other: 0.5ms
[36.135s][info][gc,heap        ] GC(227) Eden regions: 21->0(21)
[36.135s][info][gc,heap        ] GC(227) Survivor regions: 4->4(4)
[36.135s][info][gc,heap        ] GC(227) Old regions: 360->382
[36.135s][info][gc,heap        ] GC(227) Humongous regions: 72->72
[36.135s][info][gc,metaspace   ] GC(227) Metaspace: 10332K->10332K(27648K)
[36.135s][info][gc             ] GC(227) Pause Young (G1 Evacuation Pause) 452M->453M(512M) 82.929ms
[36.135s][info][gc,cpu         ] GC(227) User=0.48s Sys=0.00s Real=0.08s
[36.159s][info][gc,start       ] GC(228) Pause Young (G1 Evacuation Pause)
[36.159s][info][gc,task        ] GC(228) Using 8 workers of 8 for evacuation
[36.218s][info][gc,phases      ] GC(228)   Pre Evacuate Collection Set: 0.0ms
[36.218s][info][gc,phases      ] GC(228)   Evacuate Collection Set: 58.0ms
[36.218s][info][gc,phases      ] GC(228)   Post Evacuate Collection Set: 0.7ms
[36.218s][info][gc,phases      ] GC(228)   Other: 0.6ms
[36.218s][info][gc,heap        ] GC(228) Eden regions: 21->0(21)
[36.218s][info][gc,heap        ] GC(228) Survivor regions: 4->4(4)
[36.218s][info][gc,heap        ] GC(228) Old regions: 382->405
[36.218s][info][gc,heap        ] GC(228) Humongous regions: 72->72
[36.218s][info][gc,metaspace   ] GC(228) Metaspace: 10332K->10332K(27648K)
[36.219s][info][gc             ] GC(228) Pause Young (G1 Evacuation Pause) 474M->476M(512M) 59.937ms
[36.219s][info][gc,cpu         ] GC(228) User=0.42s Sys=0.02s Real=0.06s
[36.225s][info][gc,marking     ] GC(223) Concurrent Mark From Roots 606.504ms
[36.225s][info][gc,marking     ] GC(223) Concurrent Mark (35.618s, 36.225s) 606.672ms
[36.226s][info][gc,start       ] GC(223) Pause Remark
[36.242s][info][gc,stringtable ] GC(223) Cleaned string and symbol table, strings: 4413 processed, 0 removed, symbols: 38004 processed, 0 removed
[36.242s][info][gc             ] GC(223) Pause Remark 481M->481M(512M) 16.807ms
[36.243s][info][gc,cpu         ] GC(223) User=0.11s Sys=0.00s Real=0.02s
[36.243s][info][gc,marking     ] GC(223) Concurrent Create Live Data
[36.254s][info][gc,start       ] GC(229) Pause Young (G1 Evacuation Pause)
[36.254s][info][gc,task        ] GC(229) Using 8 workers of 8 for evacuation
[36.350s][info][gc             ] GC(229) To-space exhausted
[36.350s][info][gc,phases      ] GC(229)   Pre Evacuate Collection Set: 0.1ms
[36.350s][info][gc,phases      ] GC(229)   Evacuate Collection Set: 63.1ms
[36.350s][info][gc,phases      ] GC(229)   Post Evacuate Collection Set: 32.3ms
[36.350s][info][gc,phases      ] GC(229)   Other: 0.6ms
[36.350s][info][gc,heap        ] GC(229) Eden regions: 21->0(21)
[36.350s][info][gc,heap        ] GC(229) Survivor regions: 4->4(4)
[36.350s][info][gc,heap        ] GC(229) Old regions: 405->432
[36.350s][info][gc,heap        ] GC(229) Humongous regions: 72->72
[36.351s][info][gc,metaspace   ] GC(229) Metaspace: 10332K->10332K(27648K)
[36.351s][info][gc             ] GC(229) Pause Young (G1 Evacuation Pause) 497M->503M(512M) 96.426ms
[36.351s][info][gc,cpu         ] GC(229) User=0.66s Sys=0.00s Real=0.09s
[36.358s][info][gc,start       ] GC(230) Pause Young (G1 Evacuation Pause)
[36.358s][info][gc,task        ] GC(230) Using 8 workers of 8 for evacuation
[36.447s][info][gc             ] GC(230) To-space exhausted
[36.447s][info][gc,phases      ] GC(230)   Pre Evacuate Collection Set: 0.1ms
[36.447s][info][gc,phases      ] GC(230)   Evacuate Collection Set: 78.3ms
[36.447s][info][gc,phases      ] GC(230)   Post Evacuate Collection Set: 10.1ms
[36.447s][info][gc,phases      ] GC(230)   Other: 0.7ms
[36.447s][info][gc,heap        ] GC(230) Eden regions: 4->0(25)
[36.447s][info][gc,heap        ] GC(230) Survivor regions: 4->0(4)
[36.447s][info][gc,heap        ] GC(230) Old regions: 432->440
[36.447s][info][gc,heap        ] GC(230) Humongous regions: 72->72
[36.447s][info][gc,metaspace   ] GC(230) Metaspace: 10332K->10332K(27648K)
[36.448s][info][gc             ] GC(230) Pause Young (G1 Evacuation Pause) 507M->507M(512M) 89.444ms
[36.448s][info][gc,cpu         ] GC(230) User=0.30s Sys=0.03s Real=0.09s
[36.449s][info][gc,start       ] GC(231) Pause Young (G1 Evacuation Pause)
[36.449s][info][gc,task        ] GC(231) Using 8 workers of 8 for evacuation
[36.473s][info][gc,phases      ] GC(231)   Pre Evacuate Collection Set: 0.0ms
[36.473s][info][gc,phases      ] GC(231)   Evacuate Collection Set: 22.6ms
[36.473s][info][gc,phases      ] GC(231)   Post Evacuate Collection Set: 0.6ms
[36.473s][info][gc,phases      ] GC(231)   Other: 0.4ms
[36.473s][info][gc,heap        ] GC(231) Eden regions: 0->0(25)
[36.473s][info][gc,heap        ] GC(231) Survivor regions: 0->0(4)
[36.473s][info][gc,heap        ] GC(231) Old regions: 440->440
[36.473s][info][gc,heap        ] GC(231) Humongous regions: 72->72
[36.473s][info][gc,metaspace   ] GC(231) Metaspace: 10332K->10332K(27648K)
[36.473s][info][gc             ] GC(231) Pause Young (G1 Evacuation Pause) 507M->507M(512M) 23.916ms
[36.473s][info][gc,cpu         ] GC(231) User=0.09s Sys=0.00s Real=0.02s
[36.475s][info][gc,start       ] GC(232) Pause Full (Allocation Failure)
[36.477s][info][gc,phases,start] GC(232) Phase 1: Mark live objects
[36.983s][info][gc,stringtable ] GC(232) Cleaned string and symbol table, strings: 4413 processed, 0 removed, symbols: 38004 processed, 0 removed
[36.983s][info][gc,phases      ] GC(232) Phase 1: Mark live objects 506.058ms
[36.983s][info][gc,phases,start] GC(232) Phase 2: Prepare for compaction
[37.043s][info][gc,phases      ] GC(232) Phase 2: Prepare for compaction 60.072ms
[37.043s][info][gc,phases,start] GC(232) Phase 3: Adjust pointers and remembered sets
[37.202s][info][gc,phases      ] GC(232) Phase 3: Adjust pointers and remembered sets 159.014ms
[37.202s][info][gc,phases,start] GC(232) Phase 4: Compact heap
[37.310s][info][gc,phases      ] GC(232) Phase 4: Compact heap 108.029ms
[37.314s][info][gc,heap        ] GC(232) Eden regions: 0->0(69)
[37.314s][info][gc,heap        ] GC(232) Survivor regions: 0->0(4)
[37.314s][info][gc,heap        ] GC(232) Old regions: 440->206
[37.314s][info][gc,heap        ] GC(232) Humongous regions: 72->36
[37.314s][info][gc,metaspace   ] GC(232) Metaspace: 10332K->10332K(27648K)
[37.314s][info][gc             ] GC(232) Pause Full (Allocation Failure) 507M->236M(512M) 839.150ms
[37.316s][info][gc,cpu         ] GC(232) User=6.00s Sys=0.06s Real=0.85s
[37.316s][info][gc,marking     ] GC(223) Concurrent Create Live Data 1073.149ms
[37.316s][info][gc,marking     ] GC(223) Concurrent Mark Abort
[37.316s][info][gc             ] GC(223) Concurrent Cycle 1710.049ms
[37.332s][info][gc,start       ] GC(233) Pause Initial Mark (G1 Humongous Allocation)
[37.332s][info][gc,task        ] GC(233) Using 8 workers of 8 for evacuation
[37.377s][info][gc,phases      ] GC(233)   Pre Evacuate Collection Set: 0.0ms
[37.378s][info][gc,phases      ] GC(233)   Evacuate Collection Set: 43.4ms
[37.378s][info][gc,phases      ] GC(233)   Post Evacuate Collection Set: 1.5ms
[37.378s][info][gc,phases      ] GC(233)   Other: 0.9ms
[37.378s][info][gc,heap        ] GC(233) Eden regions: 17->0(68)
[37.378s][info][gc,heap        ] GC(233) Survivor regions: 0->9(9)
[37.378s][info][gc,heap        ] GC(233) Old regions: 206->214
[37.378s][info][gc,heap        ] GC(233) Humongous regions: 36->36
[37.378s][info][gc,metaspace   ] GC(233) Metaspace: 10332K->10332K(27648K)
[37.378s][info][gc             ] GC(233) Pause Initial Mark (G1 Humongous Allocation) 253M->252M(512M) 46.293ms
[37.378s][info][gc,cpu         ] GC(233) User=0.16s Sys=0.05s Real=0.05s
[37.378s][info][gc             ] GC(234) Concurrent Cycle
[37.378s][info][gc,marking     ] GC(234) Concurrent Clear Claimed Marks
[37.378s][info][gc,marking     ] GC(234) Concurrent Clear Claimed Marks 0.049ms
[37.378s][info][gc,marking     ] GC(234) Concurrent Scan Root Regions
[37.384s][info][gc,marking     ] GC(234) Concurrent Scan Root Regions 5.998ms
[37.384s][info][gc,marking     ] GC(234) Concurrent Mark (37.384s)
[37.384s][info][gc,start       ] GC(235) Pause Young (G1 Humongous Allocation)
[37.384s][info][gc,marking     ] GC(234) Concurrent Mark From Roots
[37.384s][info][gc,task        ] GC(235) Using 8 workers of 8 for evacuation
[37.385s][info][gc,task        ] GC(234) Using 2 workers of 2 for marking
[37.411s][info][gc,phases      ] GC(235)   Pre Evacuate Collection Set: 6.0ms
[37.411s][info][gc,phases      ] GC(235)   Evacuate Collection Set: 25.4ms
[37.411s][info][gc,phases      ] GC(235)   Post Evacuate Collection Set: 0.6ms
[37.411s][info][gc,phases      ] GC(235)   Other: 0.7ms
[37.411s][info][gc,heap        ] GC(235) Eden regions: 0->0(68)
[37.411s][info][gc,heap        ] GC(235) Survivor regions: 9->0(10)
[37.411s][info][gc,heap        ] GC(235) Old regions: 214->223
[37.412s][info][gc,heap        ] GC(235) Humongous regions: 36->36
[37.412s][info][gc,metaspace   ] GC(235) Metaspace: 10332K->10332K(27648K)
[37.412s][info][gc             ] GC(235) Pause Young (G1 Humongous Allocation) 252M->253M(512M) 27.269ms
[37.412s][info][gc,cpu         ] GC(235) User=0.22s Sys=0.00s Real=0.03s
[37.413s][info][gc,start       ] GC(236) Pause Full (Allocation Failure)
[37.415s][info][gc,phases,start] GC(236) Phase 1: Mark live objects
[37.419s][info][gc,stringtable ] GC(236) Cleaned string and symbol table, strings: 4413 processed, 0 removed, symbols: 38004 processed, 0 removed
[37.419s][info][gc,phases      ] GC(236) Phase 1: Mark live objects 4.749ms
[37.419s][info][gc,phases,start] GC(236) Phase 2: Prepare for compaction
[37.421s][info][gc,phases      ] GC(236) Phase 2: Prepare for compaction 1.187ms
[37.421s][info][gc,phases,start] GC(236) Phase 3: Adjust pointers and remembered sets
[37.422s][info][gc,phases      ] GC(236) Phase 3: Adjust pointers and remembered sets 1.799ms
[37.422s][info][gc,phases,start] GC(236) Phase 4: Compact heap
[37.423s][info][gc,phases      ] GC(236) Phase 4: Compact heap 0.749ms
[37.424s][info][gc,heap        ] GC(236) Eden regions: 0->0(100)
[37.424s][info][gc,heap        ] GC(236) Survivor regions: 0->0(10)
[37.424s][info][gc,heap        ] GC(236) Old regions: 223->6
[37.424s][info][gc,heap        ] GC(236) Humongous regions: 36->0
[37.424s][info][gc,metaspace   ] GC(236) Metaspace: 10332K->10332K(27648K)
[37.424s][info][gc             ] GC(236) Pause Full (Allocation Failure) 253M->1M(512M) 11.584ms
[37.425s][info][gc,cpu         ] GC(236) User=0.00s Sys=0.00s Real=0.01s
[37.425s][info][gc,marking     ] GC(234) Concurrent Mark From Roots 40.816ms
[37.425s][info][gc,marking     ] GC(234) Concurrent Mark Abort
[37.425s][info][gc             ] GC(234) Concurrent Cycle 47.220ms
[37.517s][info][gc,start       ] GC(237) Pause Young (G1 Evacuation Pause)
[37.517s][info][gc,task        ] GC(237) Using 8 workers of 8 for evacuation
[37.663s][info][gc,phases      ] GC(237)   Pre Evacuate Collection Set: 0.0ms
[37.663s][info][gc,phases      ] GC(237)   Evacuate Collection Set: 143.4ms
[37.663s][info][gc,phases      ] GC(237)   Post Evacuate Collection Set: 1.6ms
[37.663s][info][gc,phases      ] GC(237)   Other: 0.7ms
[37.663s][info][gc,heap        ] GC(237) Eden regions: 100->0(89)
[37.663s][info][gc,heap        ] GC(237) Survivor regions: 0->13(13)
[37.663s][info][gc,heap        ] GC(237) Old regions: 6->94
[37.663s][info][gc,heap        ] GC(237) Humongous regions: 37->37
[37.663s][info][gc,metaspace   ] GC(237) Metaspace: 10332K->10332K(27648K)
[37.664s][info][gc             ] GC(237) Pause Young (G1 Evacuation Pause) 138M->139M(512M) 146.221ms
[37.664s][info][gc,cpu         ] GC(237) User=1.08s Sys=0.03s Real=0.14s
[37.812s][info][gc,start       ] GC(238) Pause Young (G1 Evacuation Pause)
[37.812s][info][gc,task        ] GC(238) Using 8 workers of 8 for evacuation
[37.972s][info][gc,phases      ] GC(238)   Pre Evacuate Collection Set: 0.0ms
[37.972s][info][gc,phases      ] GC(238)   Evacuate Collection Set: 157.7ms
[37.972s][info][gc,phases      ] GC(238)   Post Evacuate Collection Set: 1.5ms
[37.972s][info][gc,phases      ] GC(238)   Other: 0.6ms
[37.972s][info][gc,heap        ] GC(238) Eden regions: 89->0(71)
[37.972s][info][gc,heap        ] GC(238) Survivor regions: 13->13(13)
[37.972s][info][gc,heap        ] GC(238) Old regions: 94->184
[37.972s][info][gc,heap        ] GC(238) Humongous regions: 37->37
[37.972s][info][gc,metaspace   ] GC(238) Metaspace: 10332K->10332K(27648K)
[37.972s][info][gc             ] GC(238) Pause Young (G1 Evacuation Pause) 228M->229M(512M) 160.398ms
[37.973s][info][gc,cpu         ] GC(238) User=1.16s Sys=0.09s Real=0.16s
[38.043s][info][gc,start       ] GC(239) Pause Initial Mark (G1 Humongous Allocation)
[38.043s][info][gc,task        ] GC(239) Using 8 workers of 8 for evacuation
[38.153s][info][gc,phases      ] GC(239)   Pre Evacuate Collection Set: 0.0ms
[38.153s][info][gc,phases      ] GC(239)   Evacuate Collection Set: 107.9ms
[38.153s][info][gc,phases      ] GC(239)   Post Evacuate Collection Set: 1.4ms
[38.153s][info][gc,phases      ] GC(239)   Other: 0.7ms
[38.153s][info][gc,heap        ] GC(239) Eden regions: 29->0(60)
[38.153s][info][gc,heap        ] GC(239) Survivor regions: 13->11(11)
[38.153s][info][gc,heap        ] GC(239) Old regions: 184->217
[38.153s][info][gc,heap        ] GC(239) Humongous regions: 37->37
[38.153s][info][gc,metaspace   ] GC(239) Metaspace: 10332K->10332K(27648K)
[38.154s][info][gc             ] GC(239) Pause Initial Mark (G1 Humongous Allocation) 258M->260M(512M) 110.741ms
[38.154s][info][gc,cpu         ] GC(239) User=0.88s Sys=0.00s Real=0.12s
[38.154s][info][gc             ] GC(240) Concurrent Cycle
[38.154s][info][gc,marking     ] GC(240) Concurrent Clear Claimed Marks
[38.154s][info][gc,marking     ] GC(240) Concurrent Clear Claimed Marks 0.092ms
[38.154s][info][gc,marking     ] GC(240) Concurrent Scan Root Regions
[38.164s][info][gc,marking     ] GC(240) Concurrent Scan Root Regions 9.508ms
[38.164s][info][gc,marking     ] GC(240) Concurrent Mark (38.164s)
[38.164s][info][gc,marking     ] GC(240) Concurrent Mark From Roots
[38.164s][info][gc,task        ] GC(240) Using 2 workers of 2 for marking
[38.171s][info][gc,marking     ] GC(240) Concurrent Mark From Roots 7.192ms
[38.171s][info][gc,marking     ] GC(240) Concurrent Mark (38.164s, 38.171s) 7.403ms
[38.188s][info][gc,start       ] GC(240) Pause Remark
[38.191s][info][gc,stringtable ] GC(240) Cleaned string and symbol table, strings: 4413 processed, 0 removed, symbols: 38004 processed, 0 removed
[38.192s][info][gc             ] GC(240) Pause Remark 297M->297M(512M) 3.152ms
[38.192s][info][gc,cpu         ] GC(240) User=0.06s Sys=0.00s Real=0.00s
[38.192s][info][gc,marking     ] GC(240) Concurrent Create Live Data
[38.193s][info][gc,marking     ] GC(240) Concurrent Create Live Data 1.449ms
[38.212s][info][gc,start       ] GC(240) Pause Cleanup
[38.213s][info][gc             ] GC(240) Pause Cleanup 297M->50M(512M) 1.279ms
[38.213s][info][gc,cpu         ] GC(240) User=0.00s Sys=0.00s Real=0.00s
[38.213s][info][gc,marking     ] GC(240) Concurrent Complete Cleanup
[38.213s][info][gc,marking     ] GC(240) Concurrent Complete Cleanup 0.440ms
[38.213s][info][gc,marking     ] GC(240) Concurrent Cleanup for Next Mark
[38.220s][info][gc,marking     ] GC(240) Concurrent Cleanup for Next Mark 6.878ms
[38.220s][info][gc             ] GC(240) Concurrent Cycle 66.745ms
[38.262s][info][gc,start       ] GC(241) Pause Young (G1 Evacuation Pause)
[38.262s][info][gc,task        ] GC(241) Using 8 workers of 8 for evacuation
[38.364s][info][gc,phases      ] GC(241)   Pre Evacuate Collection Set: 0.0ms
[38.364s][info][gc,phases      ] GC(241)   Evacuate Collection Set: 100.3ms
[38.364s][info][gc,phases      ] GC(241)   Post Evacuate Collection Set: 1.2ms
[38.364s][info][gc,phases      ] GC(241)   Other: 0.6ms
[38.364s][info][gc,heap        ] GC(241) Eden regions: 60->0(101)
[38.364s][info][gc,heap        ] GC(241) Survivor regions: 11->9(9)
[38.364s][info][gc,heap        ] GC(241) Old regions: 6->59
[38.364s][info][gc,heap        ] GC(241) Humongous regions: 37->37
[38.364s][info][gc,metaspace   ] GC(241) Metaspace: 10332K->10332K(27648K)
[38.365s][info][gc             ] GC(241) Pause Young (G1 Evacuation Pause) 109M->100M(512M) 102.692ms
[38.365s][info][gc,cpu         ] GC(241) User=0.84s Sys=0.02s Real=0.11s
[38.466s][info][gc,start       ] GC(242) Pause Young (G1 Evacuation Pause)
[38.466s][info][gc,task        ] GC(242) Using 8 workers of 8 for evacuation
[38.756s][info][gc,mmu         ] GC(242) MMU target violated: 201.0ms (200.0ms/201.0ms)
[38.758s][info][gc,phases      ] GC(242)   Pre Evacuate Collection Set: 0.0ms
[38.758s][info][gc,phases      ] GC(242)   Evacuate Collection Set: 287.2ms
[38.758s][info][gc,phases      ] GC(242)   Post Evacuate Collection Set: 1.7ms
[38.758s][info][gc,phases      ] GC(242)   Other: 2.7ms
[38.758s][info][gc,heap        ] GC(242) Eden regions: 101->0(79)
[38.758s][info][gc,heap        ] GC(242) Survivor regions: 9->14(14)
[38.758s][info][gc,heap        ] GC(242) Old regions: 59->156
[38.758s][info][gc,heap        ] GC(242) Humongous regions: 37->37
[38.758s][info][gc,metaspace   ] GC(242) Metaspace: 10332K->10332K(27648K)
[38.758s][info][gc             ] GC(242) Pause Young (G1 Evacuation Pause) 201M->202M(512M) 292.236ms
[38.758s][info][gc,cpu         ] GC(242) User=2.22s Sys=0.16s Real=0.30s
[38.922s][info][gc,start       ] GC(243) Pause Young (G1 Evacuation Pause)
[38.922s][info][gc,task        ] GC(243) Using 8 workers of 8 for evacuation
[39.081s][info][gc,phases      ] GC(243)   Pre Evacuate Collection Set: 0.1ms
[39.081s][info][gc,phases      ] GC(243)   Evacuate Collection Set: 155.5ms
[39.081s][info][gc,phases      ] GC(243)   Post Evacuate Collection Set: 1.9ms
[39.081s][info][gc,phases      ] GC(243)   Other: 0.9ms
[39.081s][info][gc,heap        ] GC(243) Eden regions: 79->0(41)
[39.081s][info][gc,heap        ] GC(243) Survivor regions: 14->12(12)
[39.081s][info][gc,heap        ] GC(243) Old regions: 156->239
[39.081s][info][gc,heap        ] GC(243) Humongous regions: 75->75
[39.081s][info][gc,metaspace   ] GC(243) Metaspace: 10332K->10332K(27648K)
[39.081s][info][gc             ] GC(243) Pause Young (G1 Evacuation Pause) 319M->321M(512M) 159.032ms
[39.081s][info][gc,cpu         ] GC(243) User=1.17s Sys=0.05s Real=0.16s
[39.153s][info][gc,start       ] GC(244) Pause Initial Mark (G1 Evacuation Pause)
[39.153s][info][gc,task        ] GC(244) Using 8 workers of 8 for evacuation
[39.260s][info][gc,phases      ] GC(244)   Pre Evacuate Collection Set: 0.1ms
[39.260s][info][gc,phases      ] GC(244)   Evacuate Collection Set: 104.5ms
[39.260s][info][gc,phases      ] GC(244)   Post Evacuate Collection Set: 1.8ms
[39.260s][info][gc,phases      ] GC(244)   Other: 0.6ms
[39.260s][info][gc,heap        ] GC(244) Eden regions: 41->0(28)
[39.260s][info][gc,heap        ] GC(244) Survivor regions: 12->7(7)
[39.260s][info][gc,heap        ] GC(244) Old regions: 239->286
[39.260s][info][gc,heap        ] GC(244) Humongous regions: 75->75
[39.260s][info][gc,metaspace   ] GC(244) Metaspace: 10332K->10332K(27648K)
[39.260s][info][gc             ] GC(244) Pause Initial Mark (G1 Evacuation Pause) 362M->363M(512M) 107.309ms
[39.260s][info][gc,cpu         ] GC(244) User=0.81s Sys=0.00s Real=0.11s
[39.260s][info][gc             ] GC(245) Concurrent Cycle
[39.260s][info][gc,marking     ] GC(245) Concurrent Clear Claimed Marks
[39.260s][info][gc,marking     ] GC(245) Concurrent Clear Claimed Marks 0.055ms
[39.260s][info][gc,marking     ] GC(245) Concurrent Scan Root Regions
[39.268s][info][gc,marking     ] GC(245) Concurrent Scan Root Regions 7.497ms
[39.268s][info][gc,marking     ] GC(245) Concurrent Mark (39.268s)
[39.268s][info][gc,marking     ] GC(245) Concurrent Mark From Roots
[39.268s][info][gc,task        ] GC(245) Using 2 workers of 2 for marking
[39.295s][info][gc,start       ] GC(246) Pause Young (G1 Evacuation Pause)
[39.295s][info][gc,task        ] GC(246) Using 8 workers of 8 for evacuation
[39.364s][info][gc,phases      ] GC(246)   Pre Evacuate Collection Set: 0.0ms
[39.364s][info][gc,phases      ] GC(246)   Evacuate Collection Set: 68.1ms
[39.364s][info][gc,phases      ] GC(246)   Post Evacuate Collection Set: 0.9ms
[39.364s][info][gc,phases      ] GC(246)   Other: 0.5ms
[39.364s][info][gc,heap        ] GC(246) Eden regions: 28->0(20)
[39.364s][info][gc,heap        ] GC(246) Survivor regions: 7->5(5)
[39.365s][info][gc,heap        ] GC(246) Old regions: 286->319
[39.365s][info][gc,heap        ] GC(246) Humongous regions: 75->75
[39.365s][info][gc,metaspace   ] GC(246) Metaspace: 10332K->10332K(27648K)
[39.365s][info][gc             ] GC(246) Pause Young (G1 Evacuation Pause) 391M->394M(512M) 69.915ms
[39.365s][info][gc,cpu         ] GC(246) User=0.50s Sys=0.00s Real=0.06s
[39.379s][info][gc,start       ] GC(247) Pause Young (G1 Evacuation Pause)
[39.379s][info][gc,task        ] GC(247) Using 8 workers of 8 for evacuation
[39.428s][info][gc,phases      ] GC(247)   Pre Evacuate Collection Set: 0.0ms
[39.428s][info][gc,phases      ] GC(247)   Evacuate Collection Set: 46.9ms
[39.428s][info][gc,phases      ] GC(247)   Post Evacuate Collection Set: 0.9ms
[39.428s][info][gc,phases      ] GC(247)   Other: 0.5ms
[39.428s][info][gc,heap        ] GC(247) Eden regions: 20->0(21)
[39.428s][info][gc,heap        ] GC(247) Survivor regions: 5->4(4)
[39.428s][info][gc,heap        ] GC(247) Old regions: 319->342
[39.428s][info][gc,heap        ] GC(247) Humongous regions: 75->75
[39.428s][info][gc,metaspace   ] GC(247) Metaspace: 10332K->10332K(27648K)
[39.428s][info][gc             ] GC(247) Pause Young (G1 Evacuation Pause) 414M->416M(512M) 48.752ms
[39.428s][info][gc,cpu         ] GC(247) User=0.38s Sys=0.00s Real=0.05s
[39.452s][info][gc,start       ] GC(248) Pause Young (G1 Evacuation Pause)
[39.452s][info][gc,task        ] GC(248) Using 8 workers of 8 for evacuation
[39.496s][info][gc,phases      ] GC(248)   Pre Evacuate Collection Set: 0.0ms
[39.497s][info][gc,phases      ] GC(248)   Evacuate Collection Set: 43.2ms
[39.497s][info][gc,phases      ] GC(248)   Post Evacuate Collection Set: 0.8ms
[39.497s][info][gc,phases      ] GC(248)   Other: 0.8ms
[39.497s][info][gc,heap        ] GC(248) Eden regions: 21->0(21)
[39.497s][info][gc,heap        ] GC(248) Survivor regions: 4->4(4)
[39.497s][info][gc,heap        ] GC(248) Old regions: 342->365
[39.497s][info][gc,heap        ] GC(248) Humongous regions: 75->75
[39.497s][info][gc,metaspace   ] GC(248) Metaspace: 10332K->10332K(27648K)
[39.497s][info][gc             ] GC(248) Pause Young (G1 Evacuation Pause) 437M->439M(512M) 45.298ms
[39.497s][info][gc,cpu         ] GC(248) User=0.36s Sys=0.02s Real=0.04s
[39.517s][info][gc,start       ] GC(249) Pause Young (G1 Evacuation Pause)
[39.517s][info][gc,task        ] GC(249) Using 8 workers of 8 for evacuation
[39.581s][info][gc,phases      ] GC(249)   Pre Evacuate Collection Set: 0.0ms
[39.581s][info][gc,phases      ] GC(249)   Evacuate Collection Set: 61.7ms
[39.581s][info][gc,phases      ] GC(249)   Post Evacuate Collection Set: 1.7ms
[39.581s][info][gc,phases      ] GC(249)   Other: 0.6ms
[39.581s][info][gc,heap        ] GC(249) Eden regions: 21->0(21)
[39.581s][info][gc,heap        ] GC(249) Survivor regions: 4->4(4)
[39.581s][info][gc,heap        ] GC(249) Old regions: 365->387
[39.581s][info][gc,heap        ] GC(249) Humongous regions: 75->75
[39.581s][info][gc,metaspace   ] GC(249) Metaspace: 10332K->10332K(27648K)
[39.581s][info][gc             ] GC(249) Pause Young (G1 Evacuation Pause) 460M->461M(512M) 64.577ms
[39.581s][info][gc,cpu         ] GC(249) User=0.42s Sys=0.00s Real=0.06s
[39.608s][info][gc,start       ] GC(250) Pause Young (G1 Evacuation Pause)
[39.608s][info][gc,task        ] GC(250) Using 8 workers of 8 for evacuation
[39.685s][info][gc             ] GC(250) To-space exhausted
[39.685s][info][gc,phases      ] GC(250)   Pre Evacuate Collection Set: 0.1ms
[39.686s][info][gc,phases      ] GC(250)   Evacuate Collection Set: 72.5ms
[39.686s][info][gc,phases      ] GC(250)   Post Evacuate Collection Set: 4.6ms
[39.686s][info][gc,phases      ] GC(250)   Other: 0.7ms
[39.686s][info][gc,heap        ] GC(250) Eden regions: 21->0(21)
[39.686s][info][gc,heap        ] GC(250) Survivor regions: 4->4(4)
[39.686s][info][gc,heap        ] GC(250) Old regions: 387->413
[39.686s][info][gc,heap        ] GC(250) Humongous regions: 75->75
[39.686s][info][gc,metaspace   ] GC(250) Metaspace: 10332K->10332K(27648K)
[39.686s][info][gc             ] GC(250) Pause Young (G1 Evacuation Pause) 482M->487M(512M) 78.142ms
[39.686s][info][gc,cpu         ] GC(250) User=0.55s Sys=0.02s Real=0.08s
[39.716s][info][gc,start       ] GC(251) Pause Young (G1 Evacuation Pause)
[39.716s][info][gc,task        ] GC(251) Using 8 workers of 8 for evacuation
[39.829s][info][gc             ] GC(251) To-space exhausted
[39.829s][info][gc,phases      ] GC(251)   Pre Evacuate Collection Set: 0.1ms
[39.829s][info][gc,phases      ] GC(251)   Evacuate Collection Set: 83.2ms
[39.829s][info][gc,phases      ] GC(251)   Post Evacuate Collection Set: 29.7ms
[39.829s][info][gc,phases      ] GC(251)   Other: 0.7ms
[39.829s][info][gc,heap        ] GC(251) Eden regions: 20->0(25)
[39.829s][info][gc,heap        ] GC(251) Survivor regions: 4->0(4)
[39.830s][info][gc,heap        ] GC(251) Old regions: 413->437
[39.830s][info][gc,heap        ] GC(251) Humongous regions: 75->75
[39.830s][info][gc,metaspace   ] GC(251) Metaspace: 10332K->10332K(27648K)
[39.830s][info][gc             ] GC(251) Pause Young (G1 Evacuation Pause) 507M->507M(512M) 113.960ms
[39.830s][info][gc,cpu         ] GC(251) User=0.73s Sys=0.03s Real=0.12s
[39.830s][info][gc,start       ] GC(252) Pause Young (G1 Evacuation Pause)
[39.830s][info][gc,task        ] GC(252) Using 8 workers of 8 for evacuation
[39.856s][info][gc,phases      ] GC(252)   Pre Evacuate Collection Set: 0.0ms
[39.856s][info][gc,phases      ] GC(252)   Evacuate Collection Set: 25.0ms
[39.856s][info][gc,phases      ] GC(252)   Post Evacuate Collection Set: 0.7ms
[39.856s][info][gc,phases      ] GC(252)   Other: 0.4ms
[39.856s][info][gc,heap        ] GC(252) Eden regions: 0->0(25)
[39.856s][info][gc,heap        ] GC(252) Survivor regions: 0->0(4)
[39.856s][info][gc,heap        ] GC(252) Old regions: 437->437
[39.856s][info][gc,heap        ] GC(252) Humongous regions: 75->75
[39.856s][info][gc,metaspace   ] GC(252) Metaspace: 10332K->10332K(27648K)
[39.857s][info][gc             ] GC(252) Pause Young (G1 Evacuation Pause) 507M->507M(512M) 26.463ms
[39.857s][info][gc,cpu         ] GC(252) User=0.25s Sys=0.00s Real=0.03s
[39.857s][info][gc,start       ] GC(253) Pause Full (Allocation Failure)
[39.859s][info][gc,phases,start] GC(253) Phase 1: Mark live objects
[40.258s][info][gc,stringtable ] GC(253) Cleaned string and symbol table, strings: 4413 processed, 0 removed, symbols: 38004 processed, 0 removed
[40.258s][info][gc,phases      ] GC(253) Phase 1: Mark live objects 399.002ms
[40.258s][info][gc,phases,start] GC(253) Phase 2: Prepare for compaction
[40.305s][info][gc,phases      ] GC(253) Phase 2: Prepare for compaction 47.308ms
[40.305s][info][gc,phases,start] GC(253) Phase 3: Adjust pointers and remembered sets
[40.457s][info][gc,phases      ] GC(253) Phase 3: Adjust pointers and remembered sets 151.802ms
[40.457s][info][gc,phases,start] GC(253) Phase 4: Compact heap
[40.549s][info][gc,phases      ] GC(253) Phase 4: Compact heap 91.451ms
[40.550s][info][gc,heap        ] GC(253) Eden regions: 0->0(71)
[40.550s][info][gc,heap        ] GC(253) Survivor regions: 0->0(4)
[40.550s][info][gc,heap        ] GC(253) Old regions: 437->197
[40.550s][info][gc,heap        ] GC(253) Humongous regions: 75->38
[40.550s][info][gc,metaspace   ] GC(253) Metaspace: 10332K->10332K(27648K)
[40.550s][info][gc             ] GC(253) Pause Full (Allocation Failure) 507M->230M(512M) 692.936ms
[40.551s][info][gc,cpu         ] GC(253) User=5.00s Sys=0.08s Real=0.69s
[40.552s][info][gc,marking     ] GC(245) Concurrent Mark From Roots 1283.659ms
[40.552s][info][gc,marking     ] GC(245) Concurrent Mark Abort
[40.552s][info][gc             ] GC(245) Concurrent Cycle 1291.562ms
[40.582s][info][gc,start       ] GC(254) Pause Initial Mark (G1 Humongous Allocation)
[40.582s][info][gc,task        ] GC(254) Using 8 workers of 8 for evacuation
[40.633s][info][gc,phases      ] GC(254)   Pre Evacuate Collection Set: 0.0ms
[40.633s][info][gc,phases      ] GC(254)   Evacuate Collection Set: 49.3ms
[40.633s][info][gc,phases      ] GC(254)   Post Evacuate Collection Set: 0.9ms
[40.633s][info][gc,phases      ] GC(254)   Other: 0.7ms
[40.633s][info][gc,heap        ] GC(254) Eden regions: 31->0(64)
[40.633s][info][gc,heap        ] GC(254) Survivor regions: 0->9(9)
[40.633s][info][gc,heap        ] GC(254) Old regions: 197->220
[40.633s][info][gc,heap        ] GC(254) Humongous regions: 38->38
[40.633s][info][gc,metaspace   ] GC(254) Metaspace: 10332K->10332K(27648K)
[40.633s][info][gc             ] GC(254) Pause Initial Mark (G1 Humongous Allocation) 261M->261M(512M) 51.449ms
[40.633s][info][gc,cpu         ] GC(254) User=0.36s Sys=0.02s Real=0.05s
[40.633s][info][gc             ] GC(255) Concurrent Cycle
[40.634s][info][gc,marking     ] GC(255) Concurrent Clear Claimed Marks
[40.634s][info][gc,marking     ] GC(255) Concurrent Clear Claimed Marks 0.051ms
[40.634s][info][gc,marking     ] GC(255) Concurrent Scan Root Regions
[40.639s][info][gc,marking     ] GC(255) Concurrent Scan Root Regions 5.752ms
[40.640s][info][gc,marking     ] GC(255) Concurrent Mark (40.640s)
[40.640s][info][gc,marking     ] GC(255) Concurrent Mark From Roots
[40.640s][info][gc,task        ] GC(255) Using 2 workers of 2 for marking
[40.644s][info][gc,marking     ] GC(255) Concurrent Mark From Roots 4.572ms
[40.644s][info][gc,marking     ] GC(255) Concurrent Mark (40.640s, 40.644s) 4.732ms
[40.645s][info][gc,start       ] GC(255) Pause Remark
[40.649s][info][gc,stringtable ] GC(255) Cleaned string and symbol table, strings: 4413 processed, 0 removed, symbols: 38004 processed, 0 removed
[40.649s][info][gc             ] GC(255) Pause Remark 300M->300M(512M) 4.644ms
[40.649s][info][gc,cpu         ] GC(255) User=0.00s Sys=0.00s Real=0.00s
[40.650s][info][gc,marking     ] GC(255) Concurrent Create Live Data
[40.651s][info][gc,marking     ] GC(255) Concurrent Create Live Data 1.320ms
[40.656s][info][gc,start       ] GC(255) Pause Cleanup
[40.657s][info][gc             ] GC(255) Pause Cleanup 302M->55M(512M) 1.338ms
[40.657s][info][gc,cpu         ] GC(255) User=0.02s Sys=0.00s Real=0.02s
[40.657s][info][gc,marking     ] GC(255) Concurrent Complete Cleanup
[40.658s][info][gc,marking     ] GC(255) Concurrent Complete Cleanup 0.426ms
[40.658s][info][gc,marking     ] GC(255) Concurrent Cleanup for Next Mark
[40.662s][info][gc,marking     ] GC(255) Concurrent Cleanup for Next Mark 4.005ms
[40.662s][info][gc             ] GC(255) Concurrent Cycle 28.369ms
[40.701s][info][gc,start       ] GC(256) Pause Young (G1 Evacuation Pause)
[40.701s][info][gc,task        ] GC(256) Using 8 workers of 8 for evacuation
[40.812s][info][gc,phases      ] GC(256)   Pre Evacuate Collection Set: 0.0ms
[40.812s][info][gc,phases      ] GC(256)   Evacuate Collection Set: 109.3ms
[40.812s][info][gc,phases      ] GC(256)   Post Evacuate Collection Set: 1.1ms
[40.812s][info][gc,phases      ] GC(256)   Other: 0.7ms
[40.812s][info][gc,heap        ] GC(256) Eden regions: 64->0(127)
[40.812s][info][gc,heap        ] GC(256) Survivor regions: 9->10(10)
[40.812s][info][gc,heap        ] GC(256) Old regions: 6->62
[40.812s][info][gc,heap        ] GC(256) Humongous regions: 38->38
[40.812s][info][gc,metaspace   ] GC(256) Metaspace: 10332K->10332K(27648K)
[40.812s][info][gc             ] GC(256) Pause Young (G1 Evacuation Pause) 116M->109M(512M) 111.471ms
[40.812s][info][gc,cpu         ] GC(256) User=0.81s Sys=0.00s Real=0.11s
[40.913s][info][gc,start       ] GC(257) Pause Young (G1 Evacuation Pause)
[40.913s][info][gc,task        ] GC(257) Using 8 workers of 8 for evacuation
[41.150s][info][gc,mmu         ] GC(257) MMU target violated: 201.0ms (200.0ms/201.0ms)
[41.150s][info][gc,phases      ] GC(257)   Pre Evacuate Collection Set: 0.0ms
[41.150s][info][gc,phases      ] GC(257)   Evacuate Collection Set: 234.4ms
[41.150s][info][gc,phases      ] GC(257)   Post Evacuate Collection Set: 1.5ms
[41.150s][info][gc,phases      ] GC(257)   Other: 1.0ms
[41.150s][info][gc,heap        ] GC(257) Eden regions: 127->0(70)
[41.150s][info][gc,heap        ] GC(257) Survivor regions: 10->18(18)
[41.150s][info][gc,heap        ] GC(257) Old regions: 62->182
[41.150s][info][gc,heap        ] GC(257) Humongous regions: 38->38
[41.151s][info][gc,metaspace   ] GC(257) Metaspace: 10332K->10332K(27648K)
[41.151s][info][gc             ] GC(257) Pause Young (G1 Evacuation Pause) 236M->237M(512M) 237.558ms
[41.151s][info][gc,cpu         ] GC(257) User=1.77s Sys=0.06s Real=0.23s
[41.256s][info][gc,start       ] GC(258) Pause Initial Mark (G1 Humongous Allocation)
[41.257s][info][gc,task        ] GC(258) Using 8 workers of 8 for evacuation
[41.395s][info][gc,phases      ] GC(258)   Pre Evacuate Collection Set: 0.0ms
[41.396s][info][gc,phases      ] GC(258)   Evacuate Collection Set: 137.1ms
[41.396s][info][gc,phases      ] GC(258)   Post Evacuate Collection Set: 1.3ms
[41.396s][info][gc,phases      ] GC(258)   Other: 0.7ms
[41.396s][info][gc,heap        ] GC(258) Eden regions: 34->0(58)
[41.396s][info][gc,heap        ] GC(258) Survivor regions: 18->11(11)
[41.396s][info][gc,heap        ] GC(258) Old regions: 182->225
[41.396s][info][gc,heap        ] GC(258) Humongous regions: 38->38
[41.396s][info][gc,metaspace   ] GC(258) Metaspace: 10332K->10332K(27648K)
[41.396s][info][gc             ] GC(258) Pause Initial Mark (G1 Humongous Allocation) 271M->273M(512M) 139.803ms
[41.396s][info][gc,cpu         ] GC(258) User=0.77s Sys=0.13s Real=0.14s
[41.396s][info][gc             ] GC(259) Concurrent Cycle
[41.397s][info][gc,marking     ] GC(259) Concurrent Clear Claimed Marks
[41.397s][info][gc,marking     ] GC(259) Concurrent Clear Claimed Marks 0.066ms
[41.397s][info][gc,marking     ] GC(259) Concurrent Scan Root Regions
[41.414s][info][gc,marking     ] GC(259) Concurrent Scan Root Regions 17.407ms
[41.414s][info][gc,marking     ] GC(259) Concurrent Mark (41.414s)
[41.414s][info][gc,marking     ] GC(259) Concurrent Mark From Roots
[41.414s][info][gc,task        ] GC(259) Using 2 workers of 2 for marking
[41.419s][info][gc,marking     ] GC(259) Concurrent Mark From Roots 4.302ms
[41.419s][info][gc,marking     ] GC(259) Concurrent Mark (41.414s, 41.419s) 4.448ms
[41.431s][info][gc,start       ] GC(259) Pause Remark
[41.434s][info][gc,stringtable ] GC(259) Cleaned string and symbol table, strings: 4413 processed, 0 removed, symbols: 38004 processed, 0 removed
[41.434s][info][gc             ] GC(259) Pause Remark 311M->311M(512M) 3.213ms
[41.434s][info][gc,cpu         ] GC(259) User=0.00s Sys=0.00s Real=0.00s
[41.434s][info][gc,marking     ] GC(259) Concurrent Create Live Data
[41.436s][info][gc,marking     ] GC(259) Concurrent Create Live Data 1.636ms
[41.438s][info][gc,start       ] GC(259) Pause Cleanup
[41.439s][info][gc             ] GC(259) Pause Cleanup 312M->55M(512M) 1.299ms
[41.439s][info][gc,cpu         ] GC(259) User=0.00s Sys=0.00s Real=0.00s
[41.439s][info][gc,marking     ] GC(259) Concurrent Complete Cleanup
[41.440s][info][gc,marking     ] GC(259) Concurrent Complete Cleanup 0.463ms
[41.440s][info][gc,marking     ] GC(259) Concurrent Cleanup for Next Mark
[41.443s][info][gc,marking     ] GC(259) Concurrent Cleanup for Next Mark 3.560ms
[41.443s][info][gc             ] GC(259) Concurrent Cycle 46.845ms
[41.485s][info][gc,start       ] GC(260) Pause Young (G1 Evacuation Pause)
[41.485s][info][gc,task        ] GC(260) Using 8 workers of 8 for evacuation
[41.588s][info][gc,phases      ] GC(260)   Pre Evacuate Collection Set: 0.0ms
[41.588s][info][gc,phases      ] GC(260)   Evacuate Collection Set: 101.0ms
[41.588s][info][gc,phases      ] GC(260)   Post Evacuate Collection Set: 1.1ms
[41.588s][info][gc,phases      ] GC(260)   Other: 0.6ms
[41.588s][info][gc,heap        ] GC(260) Eden regions: 58->0(112)
[41.588s][info][gc,heap        ] GC(260) Survivor regions: 11->9(9)
[41.588s][info][gc,heap        ] GC(260) Old regions: 6->57
[41.588s][info][gc,heap        ] GC(260) Humongous regions: 38->38
[41.588s][info][gc,metaspace   ] GC(260) Metaspace: 10763K->10763K(27648K)
[41.588s][info][gc             ] GC(260) Pause Young (G1 Evacuation Pause) 112M->103M(512M) 103.176ms
[41.588s][info][gc,cpu         ] GC(260) User=0.81s Sys=0.05s Real=0.11s
[41.690s][info][gc,start       ] GC(261) Pause Young (G1 Evacuation Pause)
[41.690s][info][gc,task        ] GC(261) Using 8 workers of 8 for evacuation
[41.854s][info][gc,phases      ] GC(261)   Pre Evacuate Collection Set: 0.1ms
[41.854s][info][gc,phases      ] GC(261)   Evacuate Collection Set: 160.6ms
[41.854s][info][gc,phases      ] GC(261)   Post Evacuate Collection Set: 2.6ms
[41.854s][info][gc,phases      ] GC(261)   Other: 0.6ms
[41.854s][info][gc,heap        ] GC(261) Eden regions: 112->0(77)
[41.854s][info][gc,heap        ] GC(261) Survivor regions: 9->16(16)
[41.854s][info][gc,heap        ] GC(261) Old regions: 57->163
[41.854s][info][gc,heap        ] GC(261) Humongous regions: 38->38
[41.854s][info][gc,metaspace   ] GC(261) Metaspace: 11111K->11111K(29696K)
[41.855s][info][gc             ] GC(261) Pause Young (G1 Evacuation Pause) 215M->216M(512M) 164.299ms
[41.855s][info][gc,cpu         ] GC(261) User=1.19s Sys=0.09s Real=0.17s
[41.986s][info][gc,start       ] GC(262) Pause Initial Mark (G1 Humongous Allocation)
[41.987s][info][gc,task        ] GC(262) Using 8 workers of 8 for evacuation
[42.109s][info][gc,phases      ] GC(262)   Pre Evacuate Collection Set: 0.0ms
[42.109s][info][gc,phases      ] GC(262)   Evacuate Collection Set: 121.0ms
[42.109s][info][gc,phases      ] GC(262)   Post Evacuate Collection Set: 1.3ms
[42.109s][info][gc,phases      ] GC(262)   Other: 0.6ms
[42.109s][info][gc,heap        ] GC(262) Eden regions: 61->0(57)
[42.110s][info][gc,heap        ] GC(262) Survivor regions: 16->12(12)
[42.110s][info][gc,heap        ] GC(262) Old regions: 163->228
[42.110s][info][gc,heap        ] GC(262) Humongous regions: 38->38
[42.110s][info][gc,metaspace   ] GC(262) Metaspace: 12162K->12162K(29696K)
[42.110s][info][gc             ] GC(262) Pause Initial Mark (G1 Humongous Allocation) 277M->277M(512M) 123.235ms
[42.110s][info][gc,cpu         ] GC(262) User=1.00s Sys=0.13s Real=0.14s
[42.110s][info][gc             ] GC(263) Concurrent Cycle
[42.110s][info][gc,marking     ] GC(263) Concurrent Clear Claimed Marks
[42.110s][info][gc,marking     ] GC(263) Concurrent Clear Claimed Marks 0.072ms
[42.110s][info][gc,marking     ] GC(263) Concurrent Scan Root Regions
[42.131s][info][gc,marking     ] GC(263) Concurrent Scan Root Regions 20.808ms
[42.131s][info][gc,marking     ] GC(263) Concurrent Mark (42.131s)
[42.131s][info][gc,marking     ] GC(263) Concurrent Mark From Roots
[42.131s][info][gc,task        ] GC(263) Using 2 workers of 2 for marking
[42.138s][info][gc,marking     ] GC(263) Concurrent Mark From Roots 7.308ms
[42.139s][info][gc,marking     ] GC(263) Concurrent Mark (42.131s, 42.139s) 7.451ms
[42.158s][info][gc,start       ] GC(263) Pause Remark
[42.162s][info][gc,stringtable ] GC(263) Cleaned string and symbol table, strings: 5074 processed, 5 removed, symbols: 43627 processed, 1 removed
[42.162s][info][gc             ] GC(263) Pause Remark 316M->316M(512M) 4.421ms
[42.162s][info][gc,cpu         ] GC(263) User=0.13s Sys=0.00s Real=0.00s
[42.162s][info][gc,marking     ] GC(263) Concurrent Create Live Data
[42.164s][info][gc,marking     ] GC(263) Concurrent Create Live Data 1.627ms
[42.165s][info][gc,start       ] GC(263) Pause Cleanup
[42.166s][info][gc             ] GC(263) Pause Cleanup 317M->72M(512M) 0.948ms
[42.166s][info][gc,cpu         ] GC(263) User=0.00s Sys=0.00s Real=0.00s
[42.167s][info][gc,marking     ] GC(263) Concurrent Complete Cleanup
[42.167s][info][gc,marking     ] GC(263) Concurrent Complete Cleanup 0.408ms
[42.167s][info][gc,marking     ] GC(263) Concurrent Cleanup for Next Mark
[42.170s][info][gc,marking     ] GC(263) Concurrent Cleanup for Next Mark 2.397ms
[42.170s][info][gc             ] GC(263) Concurrent Cycle 59.918ms
[42.212s][info][gc,start       ] GC(264) Pause Young (G1 Evacuation Pause)
[42.212s][info][gc,task        ] GC(264) Using 8 workers of 8 for evacuation
[42.304s][info][gc,phases      ] GC(264)   Pre Evacuate Collection Set: 0.0ms
[42.304s][info][gc,phases      ] GC(264)   Evacuate Collection Set: 90.0ms
[42.304s][info][gc,phases      ] GC(264)   Post Evacuate Collection Set: 1.0ms
[42.304s][info][gc,phases      ] GC(264)   Other: 0.6ms
[42.304s][info][gc,heap        ] GC(264) Eden regions: 57->0(117)
[42.304s][info][gc,heap        ] GC(264) Survivor regions: 12->9(9)
[42.304s][info][gc,heap        ] GC(264) Old regions: 21->71
[42.304s][info][gc,heap        ] GC(264) Humongous regions: 39->39
[42.304s][info][gc,metaspace   ] GC(264) Metaspace: 12419K->12419K(29696K)
[42.304s][info][gc             ] GC(264) Pause Young (G1 Evacuation Pause) 128M->118M(512M) 92.092ms
[42.304s][info][gc,cpu         ] GC(264) User=0.59s Sys=0.14s Real=0.09s
[42.397s][info][gc,start       ] GC(265) Pause Young (G1 Evacuation Pause)
[42.397s][info][gc,task        ] GC(265) Using 8 workers of 8 for evacuation
[42.578s][info][gc,phases      ] GC(265)   Pre Evacuate Collection Set: 0.0ms
[42.578s][info][gc,phases      ] GC(265)   Evacuate Collection Set: 170.7ms
[42.578s][info][gc,phases      ] GC(265)   Post Evacuate Collection Set: 9.5ms
[42.578s][info][gc,phases      ] GC(265)   Other: 0.6ms
[42.578s][info][gc,heap        ] GC(265) Eden regions: 117->0(71)
[42.578s][info][gc,heap        ] GC(265) Survivor regions: 9->16(16)
[42.578s][info][gc,heap        ] GC(265) Old regions: 71->182
[42.579s][info][gc,heap        ] GC(265) Humongous regions: 39->39
[42.579s][info][gc,metaspace   ] GC(265) Metaspace: 12465K->12465K(29696K)
[42.579s][info][gc             ] GC(265) Pause Young (G1 Evacuation Pause) 235M->236M(512M) 181.268ms
[42.579s][info][gc,cpu         ] GC(265) User=1.27s Sys=0.11s Real=0.19s
[42.734s][info][gc,start       ] GC(266) Pause Initial Mark (G1 Humongous Allocation)
[42.734s][info][gc,task        ] GC(266) Using 8 workers of 8 for evacuation
[42.869s][info][gc,phases      ] GC(266)   Pre Evacuate Collection Set: 0.1ms
[42.869s][info][gc,phases      ] GC(266)   Evacuate Collection Set: 132.5ms
[42.869s][info][gc,phases      ] GC(266)   Post Evacuate Collection Set: 2.1ms
[42.869s][info][gc,phases      ] GC(266)   Other: 0.7ms
[42.869s][info][gc,heap        ] GC(266) Eden regions: 58->0(51)
[42.869s][info][gc,heap        ] GC(266) Survivor regions: 16->11(11)
[42.869s][info][gc,heap        ] GC(266) Old regions: 182->246
[42.869s][info][gc,heap        ] GC(266) Humongous regions: 39->39
[42.869s][info][gc,metaspace   ] GC(266) Metaspace: 12816K->12816K(29696K)
[42.869s][info][gc             ] GC(266) Pause Initial Mark (G1 Humongous Allocation) 294M->295M(512M) 135.636ms
[42.870s][info][gc,cpu         ] GC(266) User=0.95s Sys=0.06s Real=0.14s
[42.871s][info][gc             ] GC(267) Concurrent Cycle
[42.871s][info][gc,marking     ] GC(267) Concurrent Clear Claimed Marks
[42.871s][info][gc,marking     ] GC(267) Concurrent Clear Claimed Marks 0.070ms
[42.871s][info][gc,marking     ] GC(267) Concurrent Scan Root Regions
[42.885s][info][gc,marking     ] GC(267) Concurrent Scan Root Regions 14.415ms
[42.886s][info][gc,marking     ] GC(267) Concurrent Mark (42.886s)
[42.886s][info][gc,marking     ] GC(267) Concurrent Mark From Roots
[42.886s][info][gc,task        ] GC(267) Using 2 workers of 2 for marking
[42.893s][info][gc,marking     ] GC(267) Concurrent Mark From Roots 7.273ms
[42.893s][info][gc,marking     ] GC(267) Concurrent Mark (42.886s, 42.893s) 7.399ms
[42.907s][info][gc,start       ] GC(267) Pause Remark
[42.910s][info][gc,stringtable ] GC(267) Cleaned string and symbol table, strings: 6686 processed, 3 removed, symbols: 46294 processed, 1 removed
[42.910s][info][gc             ] GC(267) Pause Remark 334M->334M(512M) 3.563ms
[42.910s][info][gc,cpu         ] GC(267) User=0.00s Sys=0.00s Real=0.00s
[42.910s][info][gc,marking     ] GC(267) Concurrent Create Live Data
[42.913s][info][gc,marking     ] GC(267) Concurrent Create Live Data 2.932ms
[42.924s][info][gc,start       ] GC(267) Pause Cleanup
[42.926s][info][gc             ] GC(267) Pause Cleanup 336M->90M(512M) 2.045ms
[42.926s][info][gc,cpu         ] GC(267) User=0.00s Sys=0.00s Real=0.00s
[42.926s][info][gc,marking     ] GC(267) Concurrent Complete Cleanup
[42.926s][info][gc,marking     ] GC(267) Concurrent Complete Cleanup 0.467ms
[42.926s][info][gc,marking     ] GC(267) Concurrent Cleanup for Next Mark
[42.929s][info][gc,marking     ] GC(267) Concurrent Cleanup for Next Mark 2.377ms
[42.929s][info][gc             ] GC(267) Concurrent Cycle 57.953ms
[42.979s][info][gc,start       ] GC(268) Pause Young (G1 Evacuation Pause)
[42.979s][info][gc,task        ] GC(268) Using 8 workers of 8 for evacuation
[43.080s][info][gc,phases      ] GC(268)   Pre Evacuate Collection Set: 0.0ms
[43.080s][info][gc,phases      ] GC(268)   Evacuate Collection Set: 99.1ms
[43.080s][info][gc,phases      ] GC(268)   Post Evacuate Collection Set: 1.4ms
[43.081s][info][gc,phases      ] GC(268)   Other: 1.0ms
[43.081s][info][gc,heap        ] GC(268) Eden regions: 51->0(17)
[43.081s][info][gc,heap        ] GC(268) Survivor regions: 11->8(8)
[43.081s][info][gc,heap        ] GC(268) Old regions: 39->82
[43.081s][info][gc,heap        ] GC(268) Humongous regions: 39->39
[43.081s][info][gc,metaspace   ] GC(268) Metaspace: 13144K->13144K(29696K)
[43.081s][info][gc             ] GC(268) Pause Young (G1 Evacuation Pause) 139M->128M(512M) 102.041ms
[43.081s][info][gc,cpu         ] GC(268) User=0.75s Sys=0.00s Real=0.09s
[43.101s][info][gc,start       ] GC(269) Pause Mixed (G1 Evacuation Pause)
[43.101s][info][gc,task        ] GC(269) Using 8 workers of 8 for evacuation
[43.172s][info][gc,phases      ] GC(269)   Pre Evacuate Collection Set: 0.1ms
[43.173s][info][gc,phases      ] GC(269)   Evacuate Collection Set: 68.9ms
[43.173s][info][gc,phases      ] GC(269)   Post Evacuate Collection Set: 1.1ms
[43.173s][info][gc,phases      ] GC(269)   Other: 1.2ms
[43.173s][info][gc,heap        ] GC(269) Eden regions: 17->0(111)
[43.173s][info][gc,heap        ] GC(269) Survivor regions: 8->4(4)
[43.173s][info][gc,heap        ] GC(269) Old regions: 82->93
[43.173s][info][gc,heap        ] GC(269) Humongous regions: 39->39
[43.173s][info][gc,metaspace   ] GC(269) Metaspace: 13159K->13159K(29696K)
[43.173s][info][gc             ] GC(269) Pause Mixed (G1 Evacuation Pause) 145M->135M(512M) 71.828ms
[43.173s][info][gc,cpu         ] GC(269) User=0.63s Sys=0.00s Real=0.09s
[43.277s][info][gc,start       ] GC(270) Pause Young (G1 Evacuation Pause)
[43.277s][info][gc,task        ] GC(270) Using 8 workers of 8 for evacuation
[43.471s][info][gc,phases      ] GC(270)   Pre Evacuate Collection Set: 0.0ms
[43.471s][info][gc,phases      ] GC(270)   Evacuate Collection Set: 190.6ms
[43.471s][info][gc,phases      ] GC(270)   Post Evacuate Collection Set: 2.2ms
[43.471s][info][gc,phases      ] GC(270)   Other: 0.7ms
[43.471s][info][gc,heap        ] GC(270) Eden regions: 111->0(67)
[43.471s][info][gc,heap        ] GC(270) Survivor regions: 4->15(15)
[43.471s][info][gc,heap        ] GC(270) Old regions: 93->194
[43.471s][info][gc,heap        ] GC(270) Humongous regions: 39->39
[43.471s][info][gc,metaspace   ] GC(270) Metaspace: 13350K->13350K(29696K)
[43.471s][info][gc             ] GC(270) Pause Young (G1 Evacuation Pause) 246M->247M(512M) 193.916ms
[43.471s][info][gc,cpu         ] GC(270) User=1.50s Sys=0.03s Real=0.20s
[43.595s][info][gc,start       ] GC(271) Pause Initial Mark (G1 Humongous Allocation)
[43.595s][info][gc,task        ] GC(271) Using 8 workers of 8 for evacuation
[43.763s][info][gc,phases      ] GC(271)   Pre Evacuate Collection Set: 0.1ms
[43.763s][info][gc,phases      ] GC(271)   Evacuate Collection Set: 165.6ms
[43.763s][info][gc,phases      ] GC(271)   Post Evacuate Collection Set: 1.6ms
[43.763s][info][gc,phases      ] GC(271)   Other: 0.8ms
[43.763s][info][gc,heap        ] GC(271) Eden regions: 56->0(48)
[43.763s][info][gc,heap        ] GC(271) Survivor regions: 15->11(11)
[43.763s][info][gc,heap        ] GC(271) Old regions: 194->255
[43.764s][info][gc,heap        ] GC(271) Humongous regions: 39->39
[43.764s][info][gc,metaspace   ] GC(271) Metaspace: 13354K->13354K(29696K)
[43.764s][info][gc             ] GC(271) Pause Initial Mark (G1 Humongous Allocation) 303M->304M(512M) 168.591ms
[43.764s][info][gc,cpu         ] GC(271) User=0.97s Sys=0.02s Real=0.17s
[43.764s][info][gc             ] GC(272) Concurrent Cycle
[43.764s][info][gc,marking     ] GC(272) Concurrent Clear Claimed Marks
[43.764s][info][gc,marking     ] GC(272) Concurrent Clear Claimed Marks 0.091ms
[43.764s][info][gc,marking     ] GC(272) Concurrent Scan Root Regions
[43.785s][info][gc,marking     ] GC(272) Concurrent Scan Root Regions 20.396ms
[43.785s][info][gc,marking     ] GC(272) Concurrent Mark (43.785s)
[43.785s][info][gc,marking     ] GC(272) Concurrent Mark From Roots
[43.785s][info][gc,task        ] GC(272) Using 2 workers of 2 for marking
[43.794s][info][gc,marking     ] GC(272) Concurrent Mark From Roots 8.858ms
[43.794s][info][gc,marking     ] GC(272) Concurrent Mark (43.785s, 43.794s) 8.994ms
[43.813s][info][gc,start       ] GC(272) Pause Remark
[43.819s][info][gc,stringtable ] GC(272) Cleaned string and symbol table, strings: 7274 processed, 3 removed, symbols: 47092 processed, 1 removed
[43.819s][info][gc             ] GC(272) Pause Remark 344M->344M(512M) 6.030ms
[43.819s][info][gc,cpu         ] GC(272) User=0.02s Sys=0.08s Real=0.02s
[43.820s][info][gc,marking     ] GC(272) Concurrent Create Live Data
[43.822s][info][gc,marking     ] GC(272) Concurrent Create Live Data 2.347ms
[43.824s][info][gc,start       ] GC(272) Pause Cleanup
[43.827s][info][gc             ] GC(272) Pause Cleanup 344M->104M(512M) 3.032ms
[43.827s][info][gc,cpu         ] GC(272) User=0.00s Sys=0.00s Real=0.00s
[43.827s][info][gc,marking     ] GC(272) Concurrent Complete Cleanup
[43.827s][info][gc,marking     ] GC(272) Concurrent Complete Cleanup 0.423ms
[43.827s][info][gc,marking     ] GC(272) Concurrent Cleanup for Next Mark
[43.832s][info][gc,marking     ] GC(272) Concurrent Cleanup for Next Mark 4.172ms
[43.832s][info][gc             ] GC(272) Concurrent Cycle 67.786ms
[43.886s][info][gc,start       ] GC(273) Pause Young (G1 Evacuation Pause)
[43.886s][info][gc,task        ] GC(273) Using 8 workers of 8 for evacuation
[43.984s][info][gc,phases      ] GC(273)   Pre Evacuate Collection Set: 0.0ms
[43.985s][info][gc,phases      ] GC(273)   Evacuate Collection Set: 87.2ms
[43.985s][info][gc,phases      ] GC(273)   Post Evacuate Collection Set: 10.4ms
[43.985s][info][gc,phases      ] GC(273)   Other: 0.8ms
[43.985s][info][gc,heap        ] GC(273) Eden regions: 48->0(17)
[43.985s][info][gc,heap        ] GC(273) Survivor regions: 11->8(8)
[43.985s][info][gc,heap        ] GC(273) Old regions: 54->96
[43.985s][info][gc,heap        ] GC(273) Humongous regions: 39->39
[43.985s][info][gc,metaspace   ] GC(273) Metaspace: 13377K->13377K(31744K)
[43.985s][info][gc             ] GC(273) Pause Young (G1 Evacuation Pause) 151M->142M(512M) 98.919ms
[43.985s][info][gc,cpu         ] GC(273) User=0.66s Sys=0.05s Real=0.09s
[44.005s][info][gc,start       ] GC(274) Pause Mixed (G1 Evacuation Pause)
[44.005s][info][gc,task        ] GC(274) Using 8 workers of 8 for evacuation
[44.090s][info][gc,phases      ] GC(274)   Pre Evacuate Collection Set: 0.1ms
[44.090s][info][gc,phases      ] GC(274)   Evacuate Collection Set: 84.1ms
[44.090s][info][gc,phases      ] GC(274)   Post Evacuate Collection Set: 1.0ms
[44.091s][info][gc,phases      ] GC(274)   Other: 0.6ms
[44.091s][info][gc,heap        ] GC(274) Eden regions: 17->0(107)
[44.091s][info][gc,heap        ] GC(274) Survivor regions: 8->4(4)
[44.091s][info][gc,heap        ] GC(274) Old regions: 96->94
[44.091s][info][gc,heap        ] GC(274) Humongous regions: 39->39
[44.091s][info][gc,metaspace   ] GC(274) Metaspace: 13380K->13380K(31744K)
[44.091s][info][gc             ] GC(274) Pause Mixed (G1 Evacuation Pause) 159M->136M(512M) 86.124ms
[44.091s][info][gc,cpu         ] GC(274) User=0.42s Sys=0.03s Real=0.08s
[44.209s][info][gc,start       ] GC(275) Pause Young (G1 Evacuation Pause)
[44.209s][info][gc,task        ] GC(275) Using 8 workers of 8 for evacuation
[44.610s][info][gc,mmu         ] GC(275) MMU target violated: 201.0ms (200.0ms/201.0ms)
[44.611s][info][gc,phases      ] GC(275)   Pre Evacuate Collection Set: 0.0ms
[44.611s][info][gc,phases      ] GC(275)   Evacuate Collection Set: 398.0ms
[44.611s][info][gc,phases      ] GC(275)   Post Evacuate Collection Set: 2.3ms
[44.611s][info][gc,phases      ] GC(275)   Other: 1.4ms
[44.611s][info][gc,heap        ] GC(275) Eden regions: 107->0(59)
[44.611s][info][gc,heap        ] GC(275) Survivor regions: 4->14(14)
[44.611s][info][gc,heap        ] GC(275) Old regions: 94->192
[44.611s][info][gc,heap        ] GC(275) Humongous regions: 39->39
[44.611s][info][gc,metaspace   ] GC(275) Metaspace: 13380K->13380K(31744K)
[44.611s][info][gc             ] GC(275) Pause Young (G1 Evacuation Pause) 243M->244M(512M) 402.336ms
[44.611s][info][gc,cpu         ] GC(275) User=2.33s Sys=0.05s Real=0.42s
[44.758s][info][gc,start       ] GC(276) Pause Initial Mark (G1 Evacuation Pause)
[44.758s][info][gc,task        ] GC(276) Using 8 workers of 8 for evacuation
[44.891s][info][gc,phases      ] GC(276)   Pre Evacuate Collection Set: 0.1ms
[44.891s][info][gc,phases      ] GC(276)   Evacuate Collection Set: 131.0ms
[44.891s][info][gc,phases      ] GC(276)   Post Evacuate Collection Set: 1.1ms
[44.891s][info][gc,phases      ] GC(276)   Other: 0.8ms
[44.891s][info][gc,heap        ] GC(276) Eden regions: 59->0(48)
[44.891s][info][gc,heap        ] GC(276) Survivor regions: 14->10(10)
[44.891s][info][gc,heap        ] GC(276) Old regions: 192->257
[44.892s][info][gc,heap        ] GC(276) Humongous regions: 39->39
[44.892s][info][gc,metaspace   ] GC(276) Metaspace: 13492K->13492K(31744K)
[44.892s][info][gc             ] GC(276) Pause Initial Mark (G1 Evacuation Pause) 303M->305M(512M) 133.601ms
[44.892s][info][gc,cpu         ] GC(276) User=1.03s Sys=0.06s Real=0.14s
[44.892s][info][gc             ] GC(277) Concurrent Cycle
[44.892s][info][gc,marking     ] GC(277) Concurrent Clear Claimed Marks
[44.892s][info][gc,marking     ] GC(277) Concurrent Clear Claimed Marks 0.098ms
[44.893s][info][gc,marking     ] GC(277) Concurrent Scan Root Regions
[44.938s][info][gc,marking     ] GC(277) Concurrent Scan Root Regions 45.004ms
[44.938s][info][gc,marking     ] GC(277) Concurrent Mark (44.938s)
[44.938s][info][gc,marking     ] GC(277) Concurrent Mark From Roots
[44.938s][info][gc,task        ] GC(277) Using 2 workers of 2 for marking
[45.052s][info][gc,start       ] GC(278) Pause Young (G1 Evacuation Pause)
[45.052s][info][gc,task        ] GC(278) Using 8 workers of 8 for evacuation
[45.153s][info][gc,phases      ] GC(278)   Pre Evacuate Collection Set: 0.1ms
[45.153s][info][gc,phases      ] GC(278)   Evacuate Collection Set: 98.7ms
[45.153s][info][gc,phases      ] GC(278)   Post Evacuate Collection Set: 1.6ms
[45.153s][info][gc,phases      ] GC(278)   Other: 1.2ms
[45.153s][info][gc,heap        ] GC(278) Eden regions: 48->0(20)
[45.154s][info][gc,heap        ] GC(278) Survivor regions: 10->8(8)
[45.154s][info][gc,heap        ] GC(278) Old regions: 257->308
[45.154s][info][gc,heap        ] GC(278) Humongous regions: 79->79
[45.154s][info][gc,metaspace   ] GC(278) Metaspace: 13492K->13492K(31744K)
[45.154s][info][gc             ] GC(278) Pause Young (G1 Evacuation Pause) 393M->394M(512M) 102.296ms
[45.154s][info][gc,cpu         ] GC(278) User=0.72s Sys=0.05s Real=0.11s
[45.203s][info][gc,start       ] GC(279) Pause Young (G1 Evacuation Pause)
[45.203s][info][gc,task        ] GC(279) Using 8 workers of 8 for evacuation
[45.271s][info][gc,phases      ] GC(279)   Pre Evacuate Collection Set: 0.0ms
[45.271s][info][gc,phases      ] GC(279)   Evacuate Collection Set: 65.5ms
[45.271s][info][gc,phases      ] GC(279)   Post Evacuate Collection Set: 1.7ms
[45.271s][info][gc,phases      ] GC(279)   Other: 0.6ms
[45.271s][info][gc,heap        ] GC(279) Eden regions: 20->0(21)
[45.272s][info][gc,heap        ] GC(279) Survivor regions: 8->4(4)
[45.272s][info][gc,heap        ] GC(279) Old regions: 308->334
[45.272s][info][gc,heap        ] GC(279) Humongous regions: 79->79
[45.272s][info][gc,metaspace   ] GC(279) Metaspace: 13492K->13492K(31744K)
[45.272s][info][gc             ] GC(279) Pause Young (G1 Evacuation Pause) 414M->416M(512M) 68.643ms
[45.272s][info][gc,cpu         ] GC(279) User=0.52s Sys=0.00s Real=0.07s
[45.291s][info][gc,start       ] GC(280) Pause Young (G1 Evacuation Pause)
[45.291s][info][gc,task        ] GC(280) Using 8 workers of 8 for evacuation
[45.339s][info][gc,phases      ] GC(280)   Pre Evacuate Collection Set: 0.0ms
[45.339s][info][gc,phases      ] GC(280)   Evacuate Collection Set: 46.3ms
[45.339s][info][gc,phases      ] GC(280)   Post Evacuate Collection Set: 0.7ms
[45.339s][info][gc,phases      ] GC(280)   Other: 0.5ms
[45.339s][info][gc,heap        ] GC(280) Eden regions: 21->0(21)
[45.339s][info][gc,heap        ] GC(280) Survivor regions: 4->4(4)
[45.339s][info][gc,heap        ] GC(280) Old regions: 334->357
[45.339s][info][gc,heap        ] GC(280) Humongous regions: 79->79
[45.339s][info][gc,metaspace   ] GC(280) Metaspace: 13493K->13493K(31744K)
[45.339s][info][gc             ] GC(280) Pause Young (G1 Evacuation Pause) 437M->439M(512M) 48.113ms
[45.339s][info][gc,cpu         ] GC(280) User=0.39s Sys=0.02s Real=0.06s
[45.357s][info][gc,start       ] GC(281) Pause Young (G1 Evacuation Pause)
[45.357s][info][gc,task        ] GC(281) Using 8 workers of 8 for evacuation
[45.416s][info][gc,phases      ] GC(281)   Pre Evacuate Collection Set: 0.1ms
[45.416s][info][gc,phases      ] GC(281)   Evacuate Collection Set: 57.4ms
[45.416s][info][gc,phases      ] GC(281)   Post Evacuate Collection Set: 1.1ms
[45.416s][info][gc,phases      ] GC(281)   Other: 0.6ms
[45.416s][info][gc,heap        ] GC(281) Eden regions: 21->0(21)
[45.416s][info][gc,heap        ] GC(281) Survivor regions: 4->4(4)
[45.417s][info][gc,heap        ] GC(281) Old regions: 357->380
[45.417s][info][gc,heap        ] GC(281) Humongous regions: 79->79
[45.417s][info][gc,metaspace   ] GC(281) Metaspace: 13598K->13598K(31744K)
[45.417s][info][gc             ] GC(281) Pause Young (G1 Evacuation Pause) 460M->462M(512M) 59.519ms
[45.417s][info][gc,cpu         ] GC(281) User=0.38s Sys=0.00s Real=0.05s
[45.441s][info][gc,start       ] GC(282) Pause Young (G1 Evacuation Pause)
[45.441s][info][gc,task        ] GC(282) Using 8 workers of 8 for evacuation
[45.505s][info][gc,phases      ] GC(282)   Pre Evacuate Collection Set: 0.0ms
[45.505s][info][gc,phases      ] GC(282)   Evacuate Collection Set: 62.5ms
[45.505s][info][gc,phases      ] GC(282)   Post Evacuate Collection Set: 0.7ms
[45.505s][info][gc,phases      ] GC(282)   Other: 0.6ms
[45.505s][info][gc,heap        ] GC(282) Eden regions: 21->0(21)
[45.505s][info][gc,heap        ] GC(282) Survivor regions: 4->4(4)
[45.505s][info][gc,heap        ] GC(282) Old regions: 380->403
[45.505s][info][gc,heap        ] GC(282) Humongous regions: 79->79
[45.505s][info][gc,metaspace   ] GC(282) Metaspace: 13604K->13604K(31744K)
[45.505s][info][gc             ] GC(282) Pause Young (G1 Evacuation Pause) 483M->485M(512M) 64.107ms
[45.506s][info][gc,cpu         ] GC(282) User=0.48s Sys=0.00s Real=0.06s
[45.528s][info][gc,start       ] GC(283) Pause Young (G1 Evacuation Pause)
[45.529s][info][gc,task        ] GC(283) Using 8 workers of 8 for evacuation
[45.636s][info][gc             ] GC(283) To-space exhausted
[45.636s][info][gc,phases      ] GC(283)   Pre Evacuate Collection Set: 0.0ms
[45.636s][info][gc,phases      ] GC(283)   Evacuate Collection Set: 80.6ms
[45.636s][info][gc,phases      ] GC(283)   Post Evacuate Collection Set: 26.3ms
[45.636s][info][gc,phases      ] GC(283)   Other: 1.0ms
[45.637s][info][gc,heap        ] GC(283) Eden regions: 21->0(22)
[45.637s][info][gc,heap        ] GC(283) Survivor regions: 4->3(4)
[45.637s][info][gc,heap        ] GC(283) Old regions: 403->429
[45.637s][info][gc,heap        ] GC(283) Humongous regions: 79->79
[45.637s][info][gc,metaspace   ] GC(283) Metaspace: 13604K->13604K(31744K)
[45.637s][info][gc             ] GC(283) Pause Young (G1 Evacuation Pause) 506M->510M(512M) 108.458ms
[45.637s][info][gc,cpu         ] GC(283) User=0.58s Sys=0.00s Real=0.11s
[45.640s][info][gc,start       ] GC(284) Pause Young (G1 Evacuation Pause)
[45.640s][info][gc,task        ] GC(284) Using 8 workers of 8 for evacuation
[45.682s][info][gc             ] GC(284) To-space exhausted
[45.682s][info][gc,phases      ] GC(284)   Pre Evacuate Collection Set: 0.0ms
[45.682s][info][gc,phases      ] GC(284)   Evacuate Collection Set: 36.6ms
[45.682s][info][gc,phases      ] GC(284)   Post Evacuate Collection Set: 5.4ms
[45.682s][info][gc,phases      ] GC(284)   Other: 0.5ms
[45.682s][info][gc,heap        ] GC(284) Eden regions: 1->0(25)
[45.682s][info][gc,heap        ] GC(284) Survivor regions: 3->0(4)
[45.682s][info][gc,heap        ] GC(284) Old regions: 429->433
[45.682s][info][gc,heap        ] GC(284) Humongous regions: 79->79
[45.682s][info][gc,metaspace   ] GC(284) Metaspace: 13604K->13604K(31744K)
[45.683s][info][gc             ] GC(284) Pause Young (G1 Evacuation Pause) 511M->511M(512M) 42.786ms
[45.683s][info][gc,cpu         ] GC(284) User=0.25s Sys=0.00s Real=0.05s
[45.683s][info][gc,start       ] GC(285) Pause Young (G1 Evacuation Pause)
[45.683s][info][gc,task        ] GC(285) Using 8 workers of 8 for evacuation
[45.689s][info][gc,phases      ] GC(285)   Pre Evacuate Collection Set: 0.0ms
[45.689s][info][gc,phases      ] GC(285)   Evacuate Collection Set: 5.2ms
[45.689s][info][gc,phases      ] GC(285)   Post Evacuate Collection Set: 0.5ms
[45.689s][info][gc,phases      ] GC(285)   Other: 0.3ms
[45.689s][info][gc,heap        ] GC(285) Eden regions: 0->0(25)
[45.689s][info][gc,heap        ] GC(285) Survivor regions: 0->0(4)
[45.689s][info][gc,heap        ] GC(285) Old regions: 433->433
[45.689s][info][gc,heap        ] GC(285) Humongous regions: 79->79
[45.689s][info][gc,metaspace   ] GC(285) Metaspace: 13604K->13604K(31744K)
[45.689s][info][gc             ] GC(285) Pause Young (G1 Evacuation Pause) 511M->511M(512M) 6.284ms
[45.689s][info][gc,cpu         ] GC(285) User=0.00s Sys=0.00s Real=0.00s
[45.690s][info][gc,start       ] GC(286) Pause Full (Allocation Failure)
[45.692s][info][gc,phases,start] GC(286) Phase 1: Mark live objects
[46.042s][info][gc,stringtable ] GC(286) Cleaned string and symbol table, strings: 7307 processed, 475 removed, symbols: 47124 processed, 0 removed
[46.042s][info][gc,phases      ] GC(286) Phase 1: Mark live objects 350.609ms
[46.042s][info][gc,phases,start] GC(286) Phase 2: Prepare for compaction
[46.087s][info][gc,phases      ] GC(286) Phase 2: Prepare for compaction 45.012ms
[46.087s][info][gc,phases,start] GC(286) Phase 3: Adjust pointers and remembered sets
[46.211s][info][gc,phases      ] GC(286) Phase 3: Adjust pointers and remembered sets 123.418ms
[46.211s][info][gc,phases,start] GC(286) Phase 4: Compact heap
[46.274s][info][gc,phases      ] GC(286) Phase 4: Compact heap 62.694ms
[46.276s][info][gc,heap        ] GC(286) Eden regions: 0->0(86)
[46.276s][info][gc,heap        ] GC(286) Survivor regions: 0->0(4)
[46.276s][info][gc,heap        ] GC(286) Old regions: 433->153
[46.276s][info][gc,heap        ] GC(286) Humongous regions: 79->40
[46.276s][info][gc,metaspace   ] GC(286) Metaspace: 13604K->13280K(31744K)
[46.276s][info][gc             ] GC(286) Pause Full (Allocation Failure) 511M->190M(512M) 586.519ms
[46.277s][info][gc,cpu         ] GC(286) User=4.41s Sys=0.00s Real=0.59s
[46.278s][info][gc,marking     ] GC(277) Concurrent Mark From Roots 1339.224ms
[46.278s][info][gc,marking     ] GC(277) Concurrent Mark Abort
[46.278s][info][gc             ] GC(277) Concurrent Cycle 1385.731ms
[46.340s][info][gc,start       ] GC(287) Pause Young (G1 Evacuation Pause)
[46.341s][info][gc,task        ] GC(287) Using 8 workers of 8 for evacuation
[46.575s][info][gc,mmu         ] GC(287) MMU target violated: 201.0ms (200.0ms/201.0ms)
[46.575s][info][gc,phases      ] GC(287)   Pre Evacuate Collection Set: 0.0ms
[46.575s][info][gc,phases      ] GC(287)   Evacuate Collection Set: 232.3ms
[46.575s][info][gc,phases      ] GC(287)   Post Evacuate Collection Set: 1.8ms
[46.575s][info][gc,phases      ] GC(287)   Other: 0.8ms
[46.575s][info][gc,heap        ] GC(287) Eden regions: 86->0(57)
[46.576s][info][gc,heap        ] GC(287) Survivor regions: 0->11(11)
[46.576s][info][gc,heap        ] GC(287) Old regions: 153->228
[46.576s][info][gc,heap        ] GC(287) Humongous regions: 40->40
[46.576s][info][gc,metaspace   ] GC(287) Metaspace: 13303K->13303K(31744K)
[46.576s][info][gc             ] GC(287) Pause Young (G1 Evacuation Pause) 276M->276M(512M) 235.408ms
[46.576s][info][gc,cpu         ] GC(287) User=1.41s Sys=0.11s Real=0.23s
[46.621s][info][gc,start       ] GC(288) Pause Initial Mark (G1 Humongous Allocation)
[46.621s][info][gc,task        ] GC(288) Using 8 workers of 8 for evacuation
[46.684s][info][gc,phases      ] GC(288)   Pre Evacuate Collection Set: 0.1ms
[46.684s][info][gc,phases      ] GC(288)   Evacuate Collection Set: 62.2ms
[46.684s][info][gc,phases      ] GC(288)   Post Evacuate Collection Set: 0.8ms
[46.684s][info][gc,phases      ] GC(288)   Other: 0.7ms
[46.684s][info][gc,heap        ] GC(288) Eden regions: 3->0(55)
[46.685s][info][gc,heap        ] GC(288) Survivor regions: 11->3(9)
[46.685s][info][gc,heap        ] GC(288) Old regions: 228->241
[46.685s][info][gc,heap        ] GC(288) Humongous regions: 40->40
[46.685s][info][gc,metaspace   ] GC(288) Metaspace: 13344K->13344K(31744K)
[46.685s][info][gc             ] GC(288) Pause Initial Mark (G1 Humongous Allocation) 278M->280M(512M) 64.123ms
[46.685s][info][gc,cpu         ] GC(288) User=0.45s Sys=0.00s Real=0.06s
[46.685s][info][gc             ] GC(289) Concurrent Cycle
[46.685s][info][gc,marking     ] GC(289) Concurrent Clear Claimed Marks
[46.685s][info][gc,marking     ] GC(289) Concurrent Clear Claimed Marks 0.058ms
[46.685s][info][gc,marking     ] GC(289) Concurrent Scan Root Regions
[46.687s][info][gc,marking     ] GC(289) Concurrent Scan Root Regions 1.886ms
[46.687s][info][gc,marking     ] GC(289) Concurrent Mark (46.687s)
[46.687s][info][gc,marking     ] GC(289) Concurrent Mark From Roots
[46.687s][info][gc,task        ] GC(289) Using 2 workers of 2 for marking
[46.693s][info][gc,marking     ] GC(289) Concurrent Mark From Roots 5.736ms
[46.693s][info][gc,marking     ] GC(289) Concurrent Mark (46.687s, 46.693s) 5.861ms
[46.711s][info][gc,start       ] GC(289) Pause Remark
[46.715s][info][gc,stringtable ] GC(289) Cleaned string and symbol table, strings: 7179 processed, 0 removed, symbols: 47141 processed, 54 removed
[46.715s][info][gc             ] GC(289) Pause Remark 321M->321M(512M) 3.861ms
[46.715s][info][gc,cpu         ] GC(289) User=0.00s Sys=0.00s Real=0.00s
[46.715s][info][gc,marking     ] GC(289) Concurrent Create Live Data
[46.717s][info][gc,marking     ] GC(289) Concurrent Create Live Data 1.900ms
[46.718s][info][gc,start       ] GC(289) Pause Cleanup
[46.719s][info][gc             ] GC(289) Pause Cleanup 321M->64M(512M) 1.158ms
[46.719s][info][gc,cpu         ] GC(289) User=0.00s Sys=0.00s Real=0.00s
[46.719s][info][gc,marking     ] GC(289) Concurrent Complete Cleanup
[46.720s][info][gc,marking     ] GC(289) Concurrent Complete Cleanup 0.335ms
[46.720s][info][gc,marking     ] GC(289) Concurrent Cleanup for Next Mark
[46.725s][info][gc,marking     ] GC(289) Concurrent Cleanup for Next Mark 5.461ms
[46.725s][info][gc             ] GC(289) Concurrent Cycle 40.407ms
[46.768s][info][gc,start       ] GC(290) Pause Young (G1 Evacuation Pause)
[46.768s][info][gc,task        ] GC(290) Using 8 workers of 8 for evacuation
[46.887s][info][gc,phases      ] GC(290)   Pre Evacuate Collection Set: 0.0ms
[46.887s][info][gc,phases      ] GC(290)   Evacuate Collection Set: 117.3ms
[46.887s][info][gc,phases      ] GC(290)   Post Evacuate Collection Set: 1.1ms
[46.887s][info][gc,phases      ] GC(290)   Other: 0.7ms
[46.887s][info][gc,heap        ] GC(290) Eden regions: 55->0(80)
[46.887s][info][gc,heap        ] GC(290) Survivor regions: 3->8(8)
[46.887s][info][gc,heap        ] GC(290) Old regions: 21->71
[46.887s][info][gc,heap        ] GC(290) Humongous regions: 40->40
[46.887s][info][gc,metaspace   ] GC(290) Metaspace: 13366K->13366K(31744K)
[46.888s][info][gc             ] GC(290) Pause Young (G1 Evacuation Pause) 118M->118M(512M) 119.561ms
[46.888s][info][gc,cpu         ] GC(290) User=0.92s Sys=0.02s Real=0.13s
[46.950s][info][gc,start       ] GC(291) Pause Young (G1 Evacuation Pause)
[46.950s][info][gc,task        ] GC(291) Using 8 workers of 8 for evacuation
[47.118s][info][gc,phases      ] GC(291)   Pre Evacuate Collection Set: 0.0ms
[47.118s][info][gc,phases      ] GC(291)   Evacuate Collection Set: 166.1ms
[47.118s][info][gc,phases      ] GC(291)   Post Evacuate Collection Set: 1.4ms
[47.118s][info][gc,phases      ] GC(291)   Other: 0.6ms
[47.118s][info][gc,heap        ] GC(291) Eden regions: 79->0(81)
[47.118s][info][gc,heap        ] GC(291) Survivor regions: 8->11(11)
[47.118s][info][gc,heap        ] GC(291) Old regions: 71->149
[47.118s][info][gc,heap        ] GC(291) Humongous regions: 40->40
[47.118s][info][gc,metaspace   ] GC(291) Metaspace: 13366K->13366K(31744K)
[47.118s][info][gc             ] GC(291) Pause Young (G1 Evacuation Pause) 197M->199M(512M) 168.523ms
[47.118s][info][gc,cpu         ] GC(291) User=1.14s Sys=0.22s Real=0.17s
[47.174s][info][gc,start       ] GC(292) Pause Young (G1 Evacuation Pause)
[47.174s][info][gc,task        ] GC(292) Using 8 workers of 8 for evacuation
[47.318s][info][gc,phases      ] GC(292)   Pre Evacuate Collection Set: 0.1ms
[47.318s][info][gc,phases      ] GC(292)   Evacuate Collection Set: 142.1ms
[47.318s][info][gc,phases      ] GC(292)   Post Evacuate Collection Set: 1.7ms
[47.318s][info][gc,phases      ] GC(292)   Other: 0.7ms
[47.318s][info][gc,heap        ] GC(292) Eden regions: 81->0(55)
[47.318s][info][gc,heap        ] GC(292) Survivor regions: 11->12(12)
[47.318s][info][gc,heap        ] GC(292) Old regions: 149->231
[47.318s][info][gc,heap        ] GC(292) Humongous regions: 40->40
[47.319s][info][gc,metaspace   ] GC(292) Metaspace: 13366K->13366K(31744K)
[47.319s][info][gc             ] GC(292) Pause Young (G1 Evacuation Pause) 280M->282M(512M) 144.907ms
[47.319s][info][gc,cpu         ] GC(292) User=1.23s Sys=0.02s Real=0.14s
[47.392s][info][gc,start       ] GC(293) Pause Initial Mark (G1 Humongous Allocation)
[47.392s][info][gc,task        ] GC(293) Using 8 workers of 8 for evacuation
[47.476s][info][gc,phases      ] GC(293)   Pre Evacuate Collection Set: 0.0ms
[47.476s][info][gc,phases      ] GC(293)   Evacuate Collection Set: 78.4ms
[47.476s][info][gc,phases      ] GC(293)   Post Evacuate Collection Set: 4.7ms
[47.476s][info][gc,phases      ] GC(293)   Other: 0.6ms
[47.476s][info][gc,heap        ] GC(293) Eden regions: 24->0(47)
[47.476s][info][gc,heap        ] GC(293) Survivor regions: 12->9(9)
[47.476s][info][gc,heap        ] GC(293) Old regions: 231->259
[47.476s][info][gc,heap        ] GC(293) Humongous regions: 40->40
[47.476s][info][gc,metaspace   ] GC(293) Metaspace: 13379K->13379K(31744K)
[47.476s][info][gc             ] GC(293) Pause Initial Mark (G1 Humongous Allocation) 306M->307M(512M) 84.108ms
[47.476s][info][gc,cpu         ] GC(293) User=0.48s Sys=0.00s Real=0.06s
[47.476s][info][gc             ] GC(294) Concurrent Cycle
[47.476s][info][gc,marking     ] GC(294) Concurrent Clear Claimed Marks
[47.476s][info][gc,marking     ] GC(294) Concurrent Clear Claimed Marks 0.077ms
[47.476s][info][gc,marking     ] GC(294) Concurrent Scan Root Regions
[47.514s][info][gc,marking     ] GC(294) Concurrent Scan Root Regions 37.584ms
[47.514s][info][gc,marking     ] GC(294) Concurrent Mark (47.514s)
[47.514s][info][gc,marking     ] GC(294) Concurrent Mark From Roots
[47.514s][info][gc,task        ] GC(294) Using 2 workers of 2 for marking
[47.525s][info][gc,marking     ] GC(294) Concurrent Mark From Roots 11.086ms
[47.525s][info][gc,marking     ] GC(294) Concurrent Mark (47.514s, 47.525s) 11.253ms
[47.526s][info][gc,start       ] GC(294) Pause Remark
[47.541s][info][gc,stringtable ] GC(294) Cleaned string and symbol table, strings: 7179 processed, 18 removed, symbols: 47089 processed, 0 removed
[47.541s][info][gc             ] GC(294) Pause Remark 357M->357M(512M) 15.707ms
[47.541s][info][gc,cpu         ] GC(294) User=0.11s Sys=0.00s Real=0.02s
[47.541s][info][gc,marking     ] GC(294) Concurrent Create Live Data
[47.544s][info][gc,marking     ] GC(294) Concurrent Create Live Data 2.078ms
[47.544s][info][gc,start       ] GC(294) Pause Cleanup
[47.546s][info][gc             ] GC(294) Pause Cleanup 357M->91M(512M) 1.885ms
[47.546s][info][gc,cpu         ] GC(294) User=0.00s Sys=0.00s Real=0.00s
[47.546s][info][gc,marking     ] GC(294) Concurrent Complete Cleanup
[47.546s][info][gc,marking     ] GC(294) Concurrent Complete Cleanup 0.308ms
[47.546s][info][gc,marking     ] GC(294) Concurrent Cleanup for Next Mark
[47.548s][info][gc,marking     ] GC(294) Concurrent Cleanup for Next Mark 1.332ms
[47.548s][info][gc             ] GC(294) Concurrent Cycle 71.659ms
[47.577s][info][gc,start       ] GC(295) Pause Young (G1 Evacuation Pause)
[47.577s][info][gc,task        ] GC(295) Using 8 workers of 8 for evacuation
[47.670s][info][gc,phases      ] GC(295)   Pre Evacuate Collection Set: 0.0ms
[47.670s][info][gc,phases      ] GC(295)   Evacuate Collection Set: 91.2ms
[47.670s][info][gc,phases      ] GC(295)   Post Evacuate Collection Set: 1.2ms
[47.670s][info][gc,phases      ] GC(295)   Other: 0.6ms
[47.671s][info][gc,heap        ] GC(295) Eden regions: 47->0(18)
[47.671s][info][gc,heap        ] GC(295) Survivor regions: 9->7(7)
[47.671s][info][gc,heap        ] GC(295) Old regions: 33->76
[47.671s][info][gc,heap        ] GC(295) Humongous regions: 41->41
[47.671s][info][gc,metaspace   ] GC(295) Metaspace: 13380K->13380K(31744K)
[47.671s][info][gc             ] GC(295) Pause Young (G1 Evacuation Pause) 129M->123M(512M) 93.309ms
[47.671s][info][gc,cpu         ] GC(295) User=0.70s Sys=0.02s Real=0.09s
[47.689s][info][gc,start       ] GC(296) Pause Mixed (G1 Evacuation Pause)
[47.689s][info][gc,task        ] GC(296) Using 8 workers of 8 for evacuation
[47.757s][info][gc,phases      ] GC(296)   Pre Evacuate Collection Set: 0.0ms
[47.757s][info][gc,phases      ] GC(296)   Evacuate Collection Set: 65.9ms
[47.757s][info][gc,phases      ] GC(296)   Post Evacuate Collection Set: 0.8ms
[47.757s][info][gc,phases      ] GC(296)   Other: 0.6ms
[47.757s][info][gc,heap        ] GC(296) Eden regions: 18->0(108)
[47.757s][info][gc,heap        ] GC(296) Survivor regions: 7->4(4)
[47.757s][info][gc,heap        ] GC(296) Old regions: 76->94
[47.757s][info][gc,heap        ] GC(296) Humongous regions: 41->41
[47.757s][info][gc,metaspace   ] GC(296) Metaspace: 13380K->13380K(31744K)
[47.757s][info][gc             ] GC(296) Pause Mixed (G1 Evacuation Pause) 141M->138M(512M) 67.948ms
[47.757s][info][gc,cpu         ] GC(296) User=0.59s Sys=0.03s Real=0.08s
[47.849s][info][gc,start       ] GC(297) Pause Young (G1 Evacuation Pause)
[47.849s][info][gc,task        ] GC(297) Using 8 workers of 8 for evacuation
[48.101s][info][gc,mmu         ] GC(297) MMU target violated: 201.0ms (200.0ms/201.0ms)
[48.102s][info][gc,phases      ] GC(297)   Pre Evacuate Collection Set: 0.1ms
[48.102s][info][gc,phases      ] GC(297)   Evacuate Collection Set: 249.8ms
[48.102s][info][gc,phases      ] GC(297)   Post Evacuate Collection Set: 1.7ms
[48.102s][info][gc,phases      ] GC(297)   Other: 1.0ms
[48.102s][info][gc,heap        ] GC(297) Eden regions: 108->0(67)
[48.102s][info][gc,heap        ] GC(297) Survivor regions: 4->14(14)
[48.102s][info][gc,heap        ] GC(297) Old regions: 94->194
[48.102s][info][gc,heap        ] GC(297) Humongous regions: 41->41
[48.102s][info][gc,metaspace   ] GC(297) Metaspace: 13386K->13386K(31744K)
[48.102s][info][gc             ] GC(297) Pause Young (G1 Evacuation Pause) 246M->248M(512M) 253.001ms
[48.102s][info][gc,cpu         ] GC(297) User=1.63s Sys=0.23s Real=0.25s
[48.243s][info][gc,start       ] GC(298) Pause Young (G1 Evacuation Pause)
[48.243s][info][gc,task        ] GC(298) Using 8 workers of 8 for evacuation
[48.348s][info][gc,phases      ] GC(298)   Pre Evacuate Collection Set: 0.1ms
[48.348s][info][gc,phases      ] GC(298)   Evacuate Collection Set: 102.9ms
[48.348s][info][gc,phases      ] GC(298)   Post Evacuate Collection Set: 1.3ms
[48.348s][info][gc,phases      ] GC(298)   Other: 0.6ms
[48.348s][info][gc,heap        ] GC(298) Eden regions: 67->0(44)
[48.348s][info][gc,heap        ] GC(298) Survivor regions: 14->11(11)
[48.348s][info][gc,heap        ] GC(298) Old regions: 194->265
[48.348s][info][gc,heap        ] GC(298) Humongous regions: 41->41
[48.348s][info][gc,metaspace   ] GC(298) Metaspace: 13386K->13386K(31744K)
[48.349s][info][gc             ] GC(298) Pause Young (G1 Evacuation Pause) 315M->316M(512M) 105.428ms
[48.349s][info][gc,cpu         ] GC(298) User=0.72s Sys=0.03s Real=0.11s
[48.361s][info][gc,start       ] GC(299) Pause Initial Mark (G1 Humongous Allocation)
[48.361s][info][gc,task        ] GC(299) Using 8 workers of 8 for evacuation
[48.465s][info][gc,phases      ] GC(299)   Pre Evacuate Collection Set: 0.1ms
[48.466s][info][gc,phases      ] GC(299)   Evacuate Collection Set: 103.1ms
[48.466s][info][gc,phases      ] GC(299)   Post Evacuate Collection Set: 0.6ms
[48.466s][info][gc,phases      ] GC(299)   Other: 1.1ms
[48.466s][info][gc,heap        ] GC(299) Eden regions: 1->0(43)
[48.466s][info][gc,heap        ] GC(299) Survivor regions: 11->2(7)
[48.466s][info][gc,heap        ] GC(299) Old regions: 265->278
[48.466s][info][gc,heap        ] GC(299) Humongous regions: 41->41
[48.466s][info][gc,metaspace   ] GC(299) Metaspace: 13386K->13386K(31744K)
[48.466s][info][gc             ] GC(299) Pause Initial Mark (G1 Humongous Allocation) 317M->320M(512M) 105.212ms
[48.466s][info][gc,cpu         ] GC(299) User=0.88s Sys=0.00s Real=0.11s
[48.466s][info][gc             ] GC(300) Concurrent Cycle
[48.466s][info][gc,marking     ] GC(300) Concurrent Clear Claimed Marks
[48.466s][info][gc,marking     ] GC(300) Concurrent Clear Claimed Marks 0.089ms
[48.466s][info][gc,marking     ] GC(300) Concurrent Scan Root Regions
[48.468s][info][gc,marking     ] GC(300) Concurrent Scan Root Regions 1.967ms
[48.468s][info][gc,marking     ] GC(300) Concurrent Mark (48.468s)
[48.468s][info][gc,marking     ] GC(300) Concurrent Mark From Roots
[48.468s][info][gc,task        ] GC(300) Using 2 workers of 2 for marking
[48.486s][info][gc,marking     ] GC(300) Concurrent Mark From Roots 17.257ms
[48.486s][info][gc,marking     ] GC(300) Concurrent Mark (48.468s, 48.486s) 17.406ms
[48.486s][info][gc,start       ] GC(300) Pause Remark
[48.501s][info][gc,stringtable ] GC(300) Cleaned string and symbol table, strings: 7202 processed, 0 removed, symbols: 47090 processed, 0 removed
[48.501s][info][gc             ] GC(300) Pause Remark 362M->362M(512M) 14.862ms
[48.501s][info][gc,cpu         ] GC(300) User=0.13s Sys=0.00s Real=0.02s
[48.501s][info][gc,marking     ] GC(300) Concurrent Create Live Data
[48.519s][info][gc,marking     ] GC(300) Concurrent Create Live Data 17.223ms
[48.519s][info][gc,start       ] GC(300) Pause Cleanup
[48.521s][info][gc             ] GC(300) Pause Cleanup 362M->79M(512M) 1.323ms
[48.521s][info][gc,cpu         ] GC(300) User=0.00s Sys=0.00s Real=0.00s
[48.521s][info][gc,marking     ] GC(300) Concurrent Complete Cleanup
[48.521s][info][gc,marking     ] GC(300) Concurrent Complete Cleanup 0.563ms
[48.521s][info][gc,marking     ] GC(300) Concurrent Cleanup for Next Mark
[48.523s][info][gc,marking     ] GC(300) Concurrent Cleanup for Next Mark 2.000ms
[48.524s][info][gc             ] GC(300) Concurrent Cycle 57.575ms
[48.559s][info][gc,start       ] GC(301) Pause Young (G1 Evacuation Pause)
[48.559s][info][gc,task        ] GC(301) Using 8 workers of 8 for evacuation
[48.655s][info][gc,phases      ] GC(301)   Pre Evacuate Collection Set: 0.0ms
[48.655s][info][gc,phases      ] GC(301)   Evacuate Collection Set: 93.9ms
[48.655s][info][gc,phases      ] GC(301)   Post Evacuate Collection Set: 1.0ms
[48.655s][info][gc,phases      ] GC(301)   Other: 0.8ms
[48.655s][info][gc,heap        ] GC(301) Eden regions: 43->0(19)
[48.655s][info][gc,heap        ] GC(301) Survivor regions: 2->6(6)
[48.655s][info][gc,heap        ] GC(301) Old regions: 36->75
[48.655s][info][gc,heap        ] GC(301) Humongous regions: 41->41
[48.655s][info][gc,metaspace   ] GC(301) Metaspace: 13389K->13389K(31744K)
[48.655s][info][gc             ] GC(301) Pause Young (G1 Evacuation Pause) 121M->121M(512M) 96.288ms
[48.656s][info][gc,cpu         ] GC(301) User=0.67s Sys=0.00s Real=0.10s
[48.695s][info][gc,start       ] GC(302) Pause Mixed (G1 Evacuation Pause)
[48.695s][info][gc,task        ] GC(302) Using 8 workers of 8 for evacuation
[48.795s][info][gc,phases      ] GC(302)   Pre Evacuate Collection Set: 0.1ms
[48.795s][info][gc,phases      ] GC(302)   Evacuate Collection Set: 98.3ms
[48.795s][info][gc,phases      ] GC(302)   Post Evacuate Collection Set: 0.9ms
[48.795s][info][gc,phases      ] GC(302)   Other: 0.6ms
[48.795s][info][gc,heap        ] GC(302) Eden regions: 19->0(75)
[48.795s][info][gc,heap        ] GC(302) Survivor regions: 6->4(4)
[48.795s][info][gc,heap        ] GC(302) Old regions: 75->91
[48.795s][info][gc,heap        ] GC(302) Humongous regions: 41->41
[48.795s][info][gc,metaspace   ] GC(302) Metaspace: 13389K->13389K(31744K)
[48.795s][info][gc             ] GC(302) Pause Mixed (G1 Evacuation Pause) 140M->135M(512M) 100.417ms
[48.795s][info][gc,cpu         ] GC(302) User=0.64s Sys=0.03s Real=0.10s
[48.872s][info][gc,start       ] GC(303) Pause Young (G1 Evacuation Pause)
[48.872s][info][gc,task        ] GC(303) Using 8 workers of 8 for evacuation
[49.113s][info][gc,mmu         ] GC(303) MMU target violated: 201.0ms (200.0ms/201.0ms)
[49.113s][info][gc,phases      ] GC(303)   Pre Evacuate Collection Set: 0.1ms
[49.113s][info][gc,phases      ] GC(303)   Evacuate Collection Set: 238.8ms
[49.113s][info][gc,phases      ] GC(303)   Post Evacuate Collection Set: 1.5ms
[49.113s][info][gc,phases      ] GC(303)   Other: 1.0ms
[49.113s][info][gc,heap        ] GC(303) Eden regions: 75->0(59)
[49.113s][info][gc,heap        ] GC(303) Survivor regions: 4->10(10)
[49.113s][info][gc,heap        ] GC(303) Old regions: 91->162
[49.113s][info][gc,heap        ] GC(303) Humongous regions: 41->41
[49.113s][info][gc,metaspace   ] GC(303) Metaspace: 13393K->13393K(31744K)
[49.114s][info][gc             ] GC(303) Pause Young (G1 Evacuation Pause) 210M->212M(512M) 241.571ms
[49.114s][info][gc,cpu         ] GC(303) User=1.30s Sys=0.00s Real=0.25s
[49.213s][info][gc,start       ] GC(304) Pause Young (G1 Evacuation Pause)
[49.213s][info][gc,task        ] GC(304) Using 8 workers of 8 for evacuation
[49.366s][info][gc,phases      ] GC(304)   Pre Evacuate Collection Set: 0.0ms
[49.366s][info][gc,phases      ] GC(304)   Evacuate Collection Set: 150.9ms
[49.366s][info][gc,phases      ] GC(304)   Post Evacuate Collection Set: 1.4ms
[49.366s][info][gc,phases      ] GC(304)   Other: 0.7ms
[49.366s][info][gc,heap        ] GC(304) Eden regions: 59->0(58)
[49.366s][info][gc,heap        ] GC(304) Survivor regions: 10->9(9)
[49.366s][info][gc,heap        ] GC(304) Old regions: 162->223
[49.366s][info][gc,heap        ] GC(304) Humongous regions: 41->41
[49.366s][info][gc,metaspace   ] GC(304) Metaspace: 13393K->13393K(31744K)
[49.366s][info][gc             ] GC(304) Pause Young (G1 Evacuation Pause) 271M->272M(512M) 153.378ms
[49.366s][info][gc,cpu         ] GC(304) User=0.95s Sys=0.13s Real=0.16s
[49.416s][info][gc,start       ] GC(305) Pause Initial Mark (G1 Humongous Allocation)
[49.416s][info][gc,task        ] GC(305) Using 8 workers of 8 for evacuation
[49.533s][info][gc,phases      ] GC(305)   Pre Evacuate Collection Set: 0.1ms
[49.533s][info][gc,phases      ] GC(305)   Evacuate Collection Set: 115.0ms
[49.533s][info][gc,phases      ] GC(305)   Post Evacuate Collection Set: 1.7ms
[49.533s][info][gc,phases      ] GC(305)   Other: 0.7ms
[49.533s][info][gc,heap        ] GC(305) Eden regions: 48->0(43)
[49.533s][info][gc,heap        ] GC(305) Survivor regions: 9->9(9)
[49.533s][info][gc,heap        ] GC(305) Old regions: 223->272
[49.533s][info][gc,heap        ] GC(305) Humongous regions: 41->41
[49.533s][info][gc,metaspace   ] GC(305) Metaspace: 13394K->13394K(31744K)
[49.534s][info][gc             ] GC(305) Pause Initial Mark (G1 Humongous Allocation) 320M->321M(512M) 117.961ms
[49.534s][info][gc,cpu         ] GC(305) User=0.86s Sys=0.05s Real=0.13s
[49.534s][info][gc             ] GC(306) Concurrent Cycle
[49.534s][info][gc,marking     ] GC(306) Concurrent Clear Claimed Marks
[49.534s][info][gc,marking     ] GC(306) Concurrent Clear Claimed Marks 0.059ms
[49.534s][info][gc,marking     ] GC(306) Concurrent Scan Root Regions
[49.540s][info][gc,marking     ] GC(306) Concurrent Scan Root Regions 6.347ms
[49.540s][info][gc,marking     ] GC(306) Concurrent Mark (49.540s)
[49.540s][info][gc,marking     ] GC(306) Concurrent Mark From Roots
[49.540s][info][gc,task        ] GC(306) Using 2 workers of 2 for marking
[49.576s][info][gc,marking     ] GC(306) Concurrent Mark From Roots 35.834ms
[49.576s][info][gc,marking     ] GC(306) Concurrent Mark (49.540s, 49.576s) 36.007ms
[49.591s][info][gc,start       ] GC(306) Pause Remark
[49.596s][info][gc,stringtable ] GC(306) Cleaned string and symbol table, strings: 7203 processed, 0 removed, symbols: 47091 processed, 0 removed
[49.596s][info][gc             ] GC(306) Pause Remark 363M->363M(512M) 5.499ms
[49.596s][info][gc,cpu         ] GC(306) User=0.00s Sys=0.00s Real=0.00s
[49.597s][info][gc,marking     ] GC(306) Concurrent Create Live Data
[49.614s][info][gc,marking     ] GC(306) Concurrent Create Live Data 17.709ms
[49.615s][info][gc,start       ] GC(306) Pause Cleanup
[49.616s][info][gc             ] GC(306) Pause Cleanup 381M->106M(512M) 1.272ms
[49.616s][info][gc,cpu         ] GC(306) User=0.00s Sys=0.00s Real=0.00s
[49.616s][info][gc,marking     ] GC(306) Concurrent Complete Cleanup
[49.617s][info][gc,marking     ] GC(306) Concurrent Complete Cleanup 0.807ms
[49.617s][info][gc,marking     ] GC(306) Concurrent Cleanup for Next Mark
[49.635s][info][gc,marking     ] GC(306) Concurrent Cleanup for Next Mark 17.811ms
[49.635s][info][gc             ] GC(306) Concurrent Cycle 101.503ms
[49.660s][info][gc,start       ] GC(307) Pause Young (G1 Evacuation Pause)
[49.660s][info][gc,task        ] GC(307) Using 8 workers of 8 for evacuation
[49.790s][info][gc,phases      ] GC(307)   Pre Evacuate Collection Set: 0.0ms
[49.790s][info][gc,phases      ] GC(307)   Evacuate Collection Set: 127.7ms
[49.790s][info][gc,phases      ] GC(307)   Post Evacuate Collection Set: 1.2ms
[49.790s][info][gc,phases      ] GC(307)   Other: 0.7ms
[49.790s][info][gc,heap        ] GC(307) Eden regions: 43->0(18)
[49.790s][info][gc,heap        ] GC(307) Survivor regions: 9->7(7)
[49.790s][info][gc,heap        ] GC(307) Old regions: 38->76
[49.790s][info][gc,heap        ] GC(307) Humongous regions: 41->41
[49.790s][info][gc,metaspace   ] GC(307) Metaspace: 13395K->13395K(31744K)
[49.790s][info][gc             ] GC(307) Pause Young (G1 Evacuation Pause) 130M->123M(512M) 130.019ms
[49.790s][info][gc,cpu         ] GC(307) User=0.94s Sys=0.02s Real=0.14s
[49.825s][info][gc,start       ] GC(308) Pause Mixed (G1 Evacuation Pause)
[49.825s][info][gc,task        ] GC(308) Using 8 workers of 8 for evacuation
[49.899s][info][gc,phases      ] GC(308)   Pre Evacuate Collection Set: 0.0ms
[49.899s][info][gc,phases      ] GC(308)   Evacuate Collection Set: 72.3ms
[49.899s][info][gc,phases      ] GC(308)   Post Evacuate Collection Set: 0.8ms
[49.899s][info][gc,phases      ] GC(308)   Other: 0.5ms
[49.899s][info][gc,heap        ] GC(308) Eden regions: 18->0(77)
[49.899s][info][gc,heap        ] GC(308) Survivor regions: 7->4(4)
[49.899s][info][gc,heap        ] GC(308) Old regions: 76->89
[49.899s][info][gc,heap        ] GC(308) Humongous regions: 41->41
[49.899s][info][gc,metaspace   ] GC(308) Metaspace: 13395K->13395K(31744K)
[49.899s][info][gc             ] GC(308) Pause Mixed (G1 Evacuation Pause) 141M->133M(512M) 74.176ms
[49.899s][info][gc,cpu         ] GC(308) User=0.48s Sys=0.02s Real=0.08s
[49.978s][info][gc,start       ] GC(309) Pause Young (G1 Evacuation Pause)
[49.978s][info][gc,task        ] GC(309) Using 8 workers of 8 for evacuation
[50.201s][info][gc,mmu         ] GC(309) MMU target violated: 201.0ms (200.0ms/201.0ms)
[50.201s][info][gc,phases      ] GC(309)   Pre Evacuate Collection Set: 0.1ms
[50.201s][info][gc,phases      ] GC(309)   Evacuate Collection Set: 220.8ms
[50.201s][info][gc,phases      ] GC(309)   Post Evacuate Collection Set: 1.3ms
[50.201s][info][gc,phases      ] GC(309)   Other: 1.0ms
[50.201s][info][gc,heap        ] GC(309) Eden regions: 77->0(64)
[50.201s][info][gc,heap        ] GC(309) Survivor regions: 4->11(11)
[50.201s][info][gc,heap        ] GC(309) Old regions: 89->161
[50.202s][info][gc,heap        ] GC(309) Humongous regions: 41->41
[50.202s][info][gc,metaspace   ] GC(309) Metaspace: 13395K->13395K(31744K)
[50.202s][info][gc             ] GC(309) Pause Young (G1 Evacuation Pause) 210M->212M(512M) 223.444ms
[50.202s][info][gc,cpu         ] GC(309) User=1.25s Sys=0.13s Real=0.22s
[50.310s][info][gc,start       ] GC(310) Pause Young (G1 Evacuation Pause)
[50.311s][info][gc,task        ] GC(310) Using 8 workers of 8 for evacuation
[50.442s][info][gc,phases      ] GC(310)   Pre Evacuate Collection Set: 0.0ms
[50.442s][info][gc,phases      ] GC(310)   Evacuate Collection Set: 130.0ms
[50.442s][info][gc,phases      ] GC(310)   Post Evacuate Collection Set: 1.1ms
[50.442s][info][gc,phases      ] GC(310)   Other: 0.6ms
[50.442s][info][gc,heap        ] GC(310) Eden regions: 61->0(57)
[50.442s][info][gc,heap        ] GC(310) Survivor regions: 11->9(9)
[50.442s][info][gc,heap        ] GC(310) Old regions: 161->226
[50.443s][info][gc,heap        ] GC(310) Humongous regions: 41->41
[50.443s][info][gc,metaspace   ] GC(310) Metaspace: 13395K->13395K(31744K)
[50.443s][info][gc             ] GC(310) Pause Young (G1 Evacuation Pause) 273M->275M(512M) 132.235ms
[50.443s][info][gc,cpu         ] GC(310) User=0.89s Sys=0.02s Real=0.13s
[50.522s][info][gc,start       ] GC(311) Pause Initial Mark (G1 Humongous Allocation)
[50.522s][info][gc,task        ] GC(311) Using 8 workers of 8 for evacuation
[50.652s][info][gc,phases      ] GC(311)   Pre Evacuate Collection Set: 0.1ms
[50.652s][info][gc,phases      ] GC(311)   Evacuate Collection Set: 126.9ms
[50.652s][info][gc,phases      ] GC(311)   Post Evacuate Collection Set: 1.9ms
[50.652s][info][gc,phases      ] GC(311)   Other: 0.8ms
[50.652s][info][gc,heap        ] GC(311) Eden regions: 48->0(42)
[50.652s][info][gc,heap        ] GC(311) Survivor regions: 9->9(9)
[50.652s][info][gc,heap        ] GC(311) Old regions: 226->275
[50.652s][info][gc,heap        ] GC(311) Humongous regions: 41->41
[50.652s][info][gc,metaspace   ] GC(311) Metaspace: 13403K->13403K(31744K)
[50.652s][info][gc             ] GC(311) Pause Initial Mark (G1 Humongous Allocation) 323M->324M(512M) 130.157ms
[50.652s][info][gc,cpu         ] GC(311) User=0.97s Sys=0.02s Real=0.14s
[50.652s][info][gc             ] GC(312) Concurrent Cycle
[50.652s][info][gc,marking     ] GC(312) Concurrent Clear Claimed Marks
[50.652s][info][gc,marking     ] GC(312) Concurrent Clear Claimed Marks 0.101ms
[50.653s][info][gc,marking     ] GC(312) Concurrent Scan Root Regions
[50.662s][info][gc,marking     ] GC(312) Concurrent Scan Root Regions 9.366ms
[50.662s][info][gc,marking     ] GC(312) Concurrent Mark (50.662s)
[50.662s][info][gc,marking     ] GC(312) Concurrent Mark From Roots
[50.662s][info][gc,task        ] GC(312) Using 2 workers of 2 for marking
[50.687s][info][gc,marking     ] GC(312) Concurrent Mark From Roots 24.448ms
[50.687s][info][gc,marking     ] GC(312) Concurrent Mark (50.662s, 50.687s) 24.651ms
[50.716s][info][gc,start       ] GC(312) Pause Remark
[50.724s][info][gc,stringtable ] GC(312) Cleaned string and symbol table, strings: 7203 processed, 0 removed, symbols: 47091 processed, 0 removed
[50.725s][info][gc             ] GC(312) Pause Remark 366M->366M(512M) 8.161ms
[50.725s][info][gc,cpu         ] GC(312) User=0.00s Sys=0.00s Real=0.01s
[50.725s][info][gc,marking     ] GC(312) Concurrent Create Live Data
[50.727s][info][gc,marking     ] GC(312) Concurrent Create Live Data 2.560ms
[50.733s][info][gc,start       ] GC(312) Pause Cleanup
[50.736s][info][gc             ] GC(312) Pause Cleanup 367M->87M(512M) 3.739ms
[50.736s][info][gc,cpu         ] GC(312) User=0.00s Sys=0.00s Real=0.00s
[50.737s][info][gc,marking     ] GC(312) Concurrent Complete Cleanup
[50.738s][info][gc,marking     ] GC(312) Concurrent Complete Cleanup 1.322ms
[50.738s][info][gc,marking     ] GC(312) Concurrent Cleanup for Next Mark
[50.742s][info][gc,marking     ] GC(312) Concurrent Cleanup for Next Mark 3.640ms
[50.742s][info][gc             ] GC(312) Concurrent Cycle 89.483ms
[50.789s][info][gc,start       ] GC(313) Pause Young (G1 Evacuation Pause)
[50.789s][info][gc,task        ] GC(313) Using 8 workers of 8 for evacuation
[50.932s][info][gc,phases      ] GC(313)   Pre Evacuate Collection Set: 0.0ms
[50.932s][info][gc,phases      ] GC(313)   Evacuate Collection Set: 140.6ms
[50.932s][info][gc,phases      ] GC(313)   Post Evacuate Collection Set: 1.5ms
[50.932s][info][gc,phases      ] GC(313)   Other: 0.7ms
[50.932s][info][gc,heap        ] GC(313) Eden regions: 42->0(18)
[50.932s][info][gc,heap        ] GC(313) Survivor regions: 9->7(7)
[50.932s][info][gc,heap        ] GC(313) Old regions: 36->72
[50.932s][info][gc,heap        ] GC(313) Humongous regions: 42->42
[50.932s][info][gc,metaspace   ] GC(313) Metaspace: 13415K->13415K(31744K)
[50.932s][info][gc             ] GC(313) Pause Young (G1 Evacuation Pause) 128M->120M(512M) 143.491ms
[50.932s][info][gc,cpu         ] GC(313) User=0.72s Sys=0.09s Real=0.14s
[50.982s][info][gc,start       ] GC(314) Pause Mixed (G1 Evacuation Pause)
[50.982s][info][gc,task        ] GC(314) Using 8 workers of 8 for evacuation
[51.077s][info][gc,phases      ] GC(314)   Pre Evacuate Collection Set: 0.0ms
[51.077s][info][gc,phases      ] GC(314)   Evacuate Collection Set: 93.1ms
[51.077s][info][gc,phases      ] GC(314)   Post Evacuate Collection Set: 1.0ms
[51.077s][info][gc,phases      ] GC(314)   Other: 0.6ms
[51.077s][info][gc,heap        ] GC(314) Eden regions: 18->0(81)
[51.077s][info][gc,heap        ] GC(314) Survivor regions: 7->4(4)
[51.077s][info][gc,heap        ] GC(314) Old regions: 72->87
[51.077s][info][gc,heap        ] GC(314) Humongous regions: 42->42
[51.077s][info][gc,metaspace   ] GC(314) Metaspace: 13423K->13423K(31744K)
[51.077s][info][gc             ] GC(314) Pause Mixed (G1 Evacuation Pause) 138M->132M(512M) 95.433ms
[51.077s][info][gc,cpu         ] GC(314) User=0.75s Sys=0.00s Real=0.10s
[51.186s][info][gc,start       ] GC(315) Pause Young (G1 Evacuation Pause)
[51.186s][info][gc,task        ] GC(315) Using 8 workers of 8 for evacuation
[51.385s][info][gc,phases      ] GC(315)   Pre Evacuate Collection Set: 0.0ms
[51.385s][info][gc,phases      ] GC(315)   Evacuate Collection Set: 194.6ms
[51.385s][info][gc,phases      ] GC(315)   Post Evacuate Collection Set: 3.1ms
[51.385s][info][gc,phases      ] GC(315)   Other: 0.8ms
[51.386s][info][gc,heap        ] GC(315) Eden regions: 81->0(74)
[51.386s][info][gc,heap        ] GC(315) Survivor regions: 4->11(11)
[51.386s][info][gc,heap        ] GC(315) Old regions: 87->163
[51.386s][info][gc,heap        ] GC(315) Humongous regions: 42->42
[51.386s][info][gc,metaspace   ] GC(315) Metaspace: 13423K->13423K(31744K)
[51.386s][info][gc             ] GC(315) Pause Young (G1 Evacuation Pause) 213M->215M(512M) 199.891ms
[51.386s][info][gc,cpu         ] GC(315) User=1.47s Sys=0.00s Real=0.19s
[51.602s][info][gc,start       ] GC(316) Pause Young (G1 Evacuation Pause)
[51.602s][info][gc,task        ] GC(316) Using 8 workers of 8 for evacuation
[51.864s][info][gc,mmu         ] GC(316) MMU target violated: 201.0ms (200.0ms/201.0ms)
[51.864s][info][gc,phases      ] GC(316)   Pre Evacuate Collection Set: 0.0ms
[51.864s][info][gc,phases      ] GC(316)   Evacuate Collection Set: 257.7ms
[51.864s][info][gc,phases      ] GC(316)   Post Evacuate Collection Set: 3.1ms
[51.864s][info][gc,phases      ] GC(316)   Other: 1.1ms
[51.864s][info][gc,heap        ] GC(316) Eden regions: 74->0(52)
[51.864s][info][gc,heap        ] GC(316) Survivor regions: 11->11(11)
[51.864s][info][gc,heap        ] GC(316) Old regions: 163->239
[51.864s][info][gc,heap        ] GC(316) Humongous regions: 42->42
[51.865s][info][gc,metaspace   ] GC(316) Metaspace: 13431K->13431K(31744K)
[51.865s][info][gc             ] GC(316) Pause Young (G1 Evacuation Pause) 289M->291M(512M) 262.457ms
[51.865s][info][gc,cpu         ] GC(316) User=1.83s Sys=0.14s Real=0.25s
[51.971s][info][gc,start       ] GC(317) Pause Initial Mark (G1 Humongous Allocation)
[51.971s][info][gc,task        ] GC(317) Using 8 workers of 8 for evacuation
[52.181s][info][gc,mmu         ] GC(317) MMU target violated: 201.0ms (200.0ms/201.0ms)
[52.182s][info][gc,phases      ] GC(317)   Pre Evacuate Collection Set: 0.1ms
[52.182s][info][gc,phases      ] GC(317)   Evacuate Collection Set: 206.5ms
[52.182s][info][gc,phases      ] GC(317)   Post Evacuate Collection Set: 3.0ms
[52.182s][info][gc,phases      ] GC(317)   Other: 0.8ms
[52.182s][info][gc,heap        ] GC(317) Eden regions: 34->0(41)
[52.182s][info][gc,heap        ] GC(317) Survivor regions: 11->8(8)
[52.182s][info][gc,heap        ] GC(317) Old regions: 239->277
[52.182s][info][gc,heap        ] GC(317) Humongous regions: 42->42
[52.182s][info][gc,metaspace   ] GC(317) Metaspace: 13439K->13439K(31744K)
[52.182s][info][gc             ] GC(317) Pause Initial Mark (G1 Humongous Allocation) 325M->326M(512M) 211.188ms
[52.183s][info][gc,cpu         ] GC(317) User=1.45s Sys=0.11s Real=0.22s
[52.183s][info][gc             ] GC(318) Concurrent Cycle
[52.183s][info][gc,marking     ] GC(318) Concurrent Clear Claimed Marks
[52.183s][info][gc,marking     ] GC(318) Concurrent Clear Claimed Marks 0.099ms
[52.183s][info][gc,marking     ] GC(318) Concurrent Scan Root Regions
[52.201s][info][gc,marking     ] GC(318) Concurrent Scan Root Regions 17.808ms
[52.201s][info][gc,marking     ] GC(318) Concurrent Mark (52.201s)
[52.201s][info][gc,marking     ] GC(318) Concurrent Mark From Roots
[52.201s][info][gc,task        ] GC(318) Using 2 workers of 2 for marking
[52.218s][info][gc,marking     ] GC(318) Concurrent Mark From Roots 17.579ms
[52.221s][info][gc,marking     ] GC(318) Concurrent Mark (52.201s, 52.221s) 20.021ms
[52.328s][info][gc,start       ] GC(318) Pause Remark
[52.339s][info][gc,stringtable ] GC(318) Cleaned string and symbol table, strings: 7235 processed, 18 removed, symbols: 47093 processed, 0 removed
[52.339s][info][gc             ] GC(318) Pause Remark 368M->368M(512M) 11.114ms
[52.339s][info][gc,cpu         ] GC(318) User=0.02s Sys=0.00s Real=0.01s
[52.340s][info][gc,marking     ] GC(318) Concurrent Create Live Data
[52.347s][info][gc,marking     ] GC(318) Concurrent Create Live Data 6.786ms
[52.376s][info][gc,start       ] GC(318) Pause Cleanup
[52.381s][info][gc             ] GC(318) Pause Cleanup 369M->91M(512M) 5.203ms
[52.381s][info][gc,cpu         ] GC(318) User=0.00s Sys=0.00s Real=0.02s
[52.382s][info][gc,marking     ] GC(318) Concurrent Complete Cleanup
[52.382s][info][gc,marking     ] GC(318) Concurrent Complete Cleanup 0.571ms
[52.382s][info][gc,marking     ] GC(318) Concurrent Cleanup for Next Mark
[52.390s][info][gc,marking     ] GC(318) Concurrent Cleanup for Next Mark 7.260ms
[52.390s][info][gc             ] GC(318) Concurrent Cycle 207.030ms
[52.449s][info][gc,start       ] GC(319) Pause Young (G1 Evacuation Pause)
[52.449s][info][gc,task        ] GC(319) Using 8 workers of 8 for evacuation
[52.553s][info][gc,phases      ] GC(319)   Pre Evacuate Collection Set: 0.0ms
[52.553s][info][gc,phases      ] GC(319)   Evacuate Collection Set: 101.4ms
[52.553s][info][gc,phases      ] GC(319)   Post Evacuate Collection Set: 1.8ms
[52.553s][info][gc,phases      ] GC(319)   Other: 0.7ms
[52.553s][info][gc,heap        ] GC(319) Eden regions: 41->0(18)
[52.553s][info][gc,heap        ] GC(319) Survivor regions: 8->7(7)
[52.553s][info][gc,heap        ] GC(319) Old regions: 41->77
[52.553s][info][gc,heap        ] GC(319) Humongous regions: 42->42
[52.553s][info][gc,metaspace   ] GC(319) Metaspace: 13443K->13443K(31744K)
[52.553s][info][gc             ] GC(319) Pause Young (G1 Evacuation Pause) 131M->125M(512M) 104.482ms
[52.554s][info][gc,cpu         ] GC(319) User=0.69s Sys=0.00s Real=0.09s
[52.580s][info][gc,start       ] GC(320) Pause Mixed (G1 Evacuation Pause)
[52.580s][info][gc,task        ] GC(320) Using 8 workers of 8 for evacuation
[52.662s][info][gc,phases      ] GC(320)   Pre Evacuate Collection Set: 0.1ms
[52.662s][info][gc,phases      ] GC(320)   Evacuate Collection Set: 80.4ms
[52.662s][info][gc,phases      ] GC(320)   Post Evacuate Collection Set: 0.9ms
[52.662s][info][gc,phases      ] GC(320)   Other: 0.6ms
[52.662s][info][gc,heap        ] GC(320) Eden regions: 18->0(70)
[52.662s][info][gc,heap        ] GC(320) Survivor regions: 7->4(4)
[52.663s][info][gc,heap        ] GC(320) Old regions: 77->87
[52.663s][info][gc,heap        ] GC(320) Humongous regions: 42->42
[52.663s][info][gc,metaspace   ] GC(320) Metaspace: 13443K->13443K(31744K)
[52.663s][info][gc             ] GC(320) Pause Mixed (G1 Evacuation Pause) 143M->132M(512M) 82.649ms
[52.663s][info][gc,cpu         ] GC(320) User=0.58s Sys=0.00s Real=0.08s
[52.745s][info][gc,start       ] GC(321) Pause Young (G1 Evacuation Pause)
[52.745s][info][gc,task        ] GC(321) Using 8 workers of 8 for evacuation
[52.944s][info][gc,phases      ] GC(321)   Pre Evacuate Collection Set: 0.1ms
[52.944s][info][gc,phases      ] GC(321)   Evacuate Collection Set: 197.0ms
[52.944s][info][gc,phases      ] GC(321)   Post Evacuate Collection Set: 1.9ms
[52.944s][info][gc,phases      ] GC(321)   Other: 0.7ms
[52.945s][info][gc,heap        ] GC(321) Eden regions: 70->0(66)
[52.945s][info][gc,heap        ] GC(321) Survivor regions: 4->10(10)
[52.945s][info][gc,heap        ] GC(321) Old regions: 87->154
[52.945s][info][gc,heap        ] GC(321) Humongous regions: 42->42
[52.945s][info][gc,metaspace   ] GC(321) Metaspace: 13443K->13443K(31744K)
[52.945s][info][gc             ] GC(321) Pause Young (G1 Evacuation Pause) 202M->205M(512M) 199.997ms
[52.945s][info][gc,cpu         ] GC(321) User=1.33s Sys=0.08s Real=0.20s
[53.059s][info][gc,start       ] GC(322) Pause Young (G1 Evacuation Pause)
[53.059s][info][gc,task        ] GC(322) Using 8 workers of 8 for evacuation
[53.280s][info][gc,mmu         ] GC(322) MMU target violated: 201.0ms (200.0ms/201.0ms)
[53.281s][info][gc,phases      ] GC(322)   Pre Evacuate Collection Set: 0.0ms
[53.281s][info][gc,phases      ] GC(322)   Evacuate Collection Set: 210.6ms
[53.281s][info][gc,phases      ] GC(322)   Post Evacuate Collection Set: 10.3ms
[53.281s][info][gc,phases      ] GC(322)   Other: 0.8ms
[53.281s][info][gc,heap        ] GC(322) Eden regions: 66->0(58)
[53.281s][info][gc,heap        ] GC(322) Survivor regions: 10->10(10)
[53.281s][info][gc,heap        ] GC(322) Old regions: 154->222
[53.281s][info][gc,heap        ] GC(322) Humongous regions: 42->42
[53.281s][info][gc,metaspace   ] GC(322) Metaspace: 13444K->13444K(31744K)
[53.281s][info][gc             ] GC(322) Pause Young (G1 Evacuation Pause) 271M->273M(512M) 222.086ms
[53.281s][info][gc,cpu         ] GC(322) User=1.31s Sys=0.08s Real=0.23s
[53.391s][info][gc,start       ] GC(323) Pause Initial Mark (G1 Humongous Allocation)
[53.391s][info][gc,task        ] GC(323) Using 8 workers of 8 for evacuation
[53.609s][info][gc,mmu         ] GC(323) MMU target violated: 201.0ms (200.0ms/201.0ms)
[53.609s][info][gc,phases      ] GC(323)   Pre Evacuate Collection Set: 0.1ms
[53.609s][info][gc,phases      ] GC(323)   Evacuate Collection Set: 215.2ms
[53.609s][info][gc,phases      ] GC(323)   Post Evacuate Collection Set: 2.3ms
[53.609s][info][gc,phases      ] GC(323)   Other: 0.7ms
[53.609s][info][gc,heap        ] GC(323) Eden regions: 56->0(40)
[53.609s][info][gc,heap        ] GC(323) Survivor regions: 10->9(9)
[53.609s][info][gc,heap        ] GC(323) Old regions: 222->280
[53.610s][info][gc,heap        ] GC(323) Humongous regions: 42->42
[53.610s][info][gc,metaspace   ] GC(323) Metaspace: 13460K->13460K(31744K)
[53.610s][info][gc             ] GC(323) Pause Initial Mark (G1 Humongous Allocation) 329M->330M(512M) 218.774ms
[53.610s][info][gc,cpu         ] GC(323) User=1.48s Sys=0.09s Real=0.21s
[53.610s][info][gc             ] GC(324) Concurrent Cycle
[53.610s][info][gc,marking     ] GC(324) Concurrent Clear Claimed Marks
[53.610s][info][gc,marking     ] GC(324) Concurrent Clear Claimed Marks 0.092ms
[53.610s][info][gc,marking     ] GC(324) Concurrent Scan Root Regions
[53.618s][info][gc,marking     ] GC(324) Concurrent Scan Root Regions 8.217ms
[53.619s][info][gc,marking     ] GC(324) Concurrent Mark (53.619s)
[53.619s][info][gc,marking     ] GC(324) Concurrent Mark From Roots
[53.619s][info][gc,task        ] GC(324) Using 2 workers of 2 for marking
[53.638s][info][gc,marking     ] GC(324) Concurrent Mark From Roots 18.888ms
[53.638s][info][gc,marking     ] GC(324) Concurrent Mark (53.619s, 53.638s) 19.062ms
[53.681s][info][gc,start       ] GC(324) Pause Remark
[53.699s][info][gc,stringtable ] GC(324) Cleaned string and symbol table, strings: 7237 processed, 18 removed, symbols: 47093 processed, 0 removed
[53.699s][info][gc             ] GC(324) Pause Remark 372M->372M(512M) 18.552ms
[53.699s][info][gc,cpu         ] GC(324) User=0.11s Sys=0.00s Real=0.03s
[53.699s][info][gc,marking     ] GC(324) Concurrent Create Live Data
[53.704s][info][gc,marking     ] GC(324) Concurrent Create Live Data 4.444ms
[53.705s][info][gc,start       ] GC(324) Pause Cleanup
[53.708s][info][gc             ] GC(324) Pause Cleanup 372M->88M(512M) 2.566ms
[53.708s][info][gc,cpu         ] GC(324) User=0.02s Sys=0.00s Real=0.01s
[53.708s][info][gc,marking     ] GC(324) Concurrent Complete Cleanup
[53.708s][info][gc,marking     ] GC(324) Concurrent Complete Cleanup 0.486ms
[53.708s][info][gc,marking     ] GC(324) Concurrent Cleanup for Next Mark
[53.719s][info][gc,marking     ] GC(324) Concurrent Cleanup for Next Mark 10.388ms
[53.719s][info][gc             ] GC(324) Concurrent Cycle 108.968ms
[53.772s][info][gc,start       ] GC(325) Pause Young (G1 Evacuation Pause)
[53.772s][info][gc,task        ] GC(325) Using 8 workers of 8 for evacuation
[53.875s][info][gc,phases      ] GC(325)   Pre Evacuate Collection Set: 0.0ms
[53.875s][info][gc,phases      ] GC(325)   Evacuate Collection Set: 101.2ms
[53.875s][info][gc,phases      ] GC(325)   Post Evacuate Collection Set: 1.3ms
[53.875s][info][gc,phases      ] GC(325)   Other: 0.7ms
[53.875s][info][gc,heap        ] GC(325) Eden regions: 40->0(18)
[53.875s][info][gc,heap        ] GC(325) Survivor regions: 9->7(7)
[53.875s][info][gc,heap        ] GC(325) Old regions: 38->73
[53.875s][info][gc,heap        ] GC(325) Humongous regions: 42->42
[53.875s][info][gc,metaspace   ] GC(325) Metaspace: 13461K->13461K(31744K)
[53.875s][info][gc             ] GC(325) Pause Young (G1 Evacuation Pause) 128M->121M(512M) 103.761ms
[53.875s][info][gc,cpu         ] GC(325) User=0.72s Sys=0.11s Real=0.11s
[53.898s][info][gc,start       ] GC(326) Pause Mixed (G1 Evacuation Pause)
[53.898s][info][gc,task        ] GC(326) Using 8 workers of 8 for evacuation
[53.990s][info][gc,phases      ] GC(326)   Pre Evacuate Collection Set: 0.1ms
[53.990s][info][gc,phases      ] GC(326)   Evacuate Collection Set: 90.2ms
[53.990s][info][gc,phases      ] GC(326)   Post Evacuate Collection Set: 1.2ms
[53.990s][info][gc,phases      ] GC(326)   Other: 0.6ms
[53.990s][info][gc,heap        ] GC(326) Eden regions: 18->0(76)
[53.990s][info][gc,heap        ] GC(326) Survivor regions: 7->4(4)
[53.990s][info][gc,heap        ] GC(326) Old regions: 73->87
[53.990s][info][gc,heap        ] GC(326) Humongous regions: 42->42
[53.990s][info][gc,metaspace   ] GC(326) Metaspace: 13462K->13462K(31744K)
[53.991s][info][gc             ] GC(326) Pause Mixed (G1 Evacuation Pause) 139M->132M(512M) 92.615ms
[53.991s][info][gc,cpu         ] GC(326) User=0.61s Sys=0.03s Real=0.10s
[54.056s][info][gc,start       ] GC(327) Pause Young (G1 Evacuation Pause)
[54.057s][info][gc,task        ] GC(327) Using 8 workers of 8 for evacuation
[54.241s][info][gc,phases      ] GC(327)   Pre Evacuate Collection Set: 0.0ms
[54.241s][info][gc,phases      ] GC(327)   Evacuate Collection Set: 179.0ms
[54.241s][info][gc,phases      ] GC(327)   Post Evacuate Collection Set: 1.4ms
[54.241s][info][gc,phases      ] GC(327)   Other: 3.8ms
[54.242s][info][gc,heap        ] GC(327) Eden regions: 76->0(70)
[54.242s][info][gc,heap        ] GC(327) Survivor regions: 4->10(10)
[54.242s][info][gc,heap        ] GC(327) Old regions: 87->159
[54.242s][info][gc,heap        ] GC(327) Humongous regions: 42->42
[54.242s][info][gc,metaspace   ] GC(327) Metaspace: 13463K->13463K(31744K)
[54.243s][info][gc             ] GC(327) Pause Young (G1 Evacuation Pause) 208M->210M(512M) 186.097ms
[54.243s][info][gc,cpu         ] GC(327) User=1.16s Sys=0.14s Real=0.19s
[54.377s][info][gc,start       ] GC(328) Pause Young (G1 Evacuation Pause)
[54.377s][info][gc,task        ] GC(328) Using 8 workers of 8 for evacuation
[54.511s][info][gc,phases      ] GC(328)   Pre Evacuate Collection Set: 0.0ms
[54.511s][info][gc,phases      ] GC(328)   Evacuate Collection Set: 130.7ms
[54.511s][info][gc,phases      ] GC(328)   Post Evacuate Collection Set: 2.5ms
[54.511s][info][gc,phases      ] GC(328)   Other: 0.8ms
[54.511s][info][gc,heap        ] GC(328) Eden regions: 68->0(56)
[54.511s][info][gc,heap        ] GC(328) Survivor regions: 10->10(10)
[54.511s][info][gc,heap        ] GC(328) Old regions: 159->228
[54.511s][info][gc,heap        ] GC(328) Humongous regions: 42->42
[54.511s][info][gc,metaspace   ] GC(328) Metaspace: 13471K->13471K(31744K)
[54.511s][info][gc             ] GC(328) Pause Young (G1 Evacuation Pause) 278M->279M(512M) 134.377ms
[54.511s][info][gc,cpu         ] GC(328) User=1.03s Sys=0.03s Real=0.14s
[54.621s][info][gc,start       ] GC(329) Pause Initial Mark (G1 Humongous Allocation)
[54.621s][info][gc,task        ] GC(329) Using 8 workers of 8 for evacuation
[54.806s][info][gc,phases      ] GC(329)   Pre Evacuate Collection Set: 0.0ms
[54.807s][info][gc,phases      ] GC(329)   Evacuate Collection Set: 174.4ms
[54.807s][info][gc,phases      ] GC(329)   Post Evacuate Collection Set: 10.5ms
[54.807s][info][gc,phases      ] GC(329)   Other: 0.7ms
[54.807s][info][gc,heap        ] GC(329) Eden regions: 51->0(40)
[54.807s][info][gc,heap        ] GC(329) Survivor regions: 10->9(9)
[54.807s][info][gc,heap        ] GC(329) Old regions: 228->281
[54.807s][info][gc,heap        ] GC(329) Humongous regions: 42->42
[54.807s][info][gc,metaspace   ] GC(329) Metaspace: 13471K->13471K(31744K)
[54.807s][info][gc             ] GC(329) Pause Initial Mark (G1 Humongous Allocation) 330M->331M(512M) 186.386ms
[54.807s][info][gc,cpu         ] GC(329) User=1.22s Sys=0.00s Real=0.18s
[54.807s][info][gc             ] GC(330) Concurrent Cycle
[54.808s][info][gc,marking     ] GC(330) Concurrent Clear Claimed Marks
[54.808s][info][gc,marking     ] GC(330) Concurrent Clear Claimed Marks 0.097ms
[54.808s][info][gc,marking     ] GC(330) Concurrent Scan Root Regions
[54.817s][info][gc,marking     ] GC(330) Concurrent Scan Root Regions 9.515ms
[54.817s][info][gc,marking     ] GC(330) Concurrent Mark (54.817s)
[54.817s][info][gc,marking     ] GC(330) Concurrent Mark From Roots
[54.817s][info][gc,task        ] GC(330) Using 2 workers of 2 for marking
[54.844s][info][gc,marking     ] GC(330) Concurrent Mark From Roots 26.534ms
[54.844s][info][gc,marking     ] GC(330) Concurrent Mark (54.817s, 54.844s) 26.740ms
[54.873s][info][gc,start       ] GC(330) Pause Remark
[54.892s][info][gc,stringtable ] GC(330) Cleaned string and symbol table, strings: 7239 processed, 0 removed, symbols: 47093 processed, 0 removed
[54.892s][info][gc             ] GC(330) Pause Remark 374M->374M(512M) 18.760ms
[54.892s][info][gc,cpu         ] GC(330) User=0.00s Sys=0.00s Real=0.01s
[54.892s][info][gc,marking     ] GC(330) Concurrent Create Live Data
[54.894s][info][gc,marking     ] GC(330) Concurrent Create Live Data 2.202ms
[54.896s][info][gc,start       ] GC(330) Pause Cleanup
[54.897s][info][gc             ] GC(330) Pause Cleanup 375M->95M(512M) 0.957ms
[54.897s][info][gc,cpu         ] GC(330) User=0.00s Sys=0.00s Real=0.00s
[54.897s][info][gc,marking     ] GC(330) Concurrent Complete Cleanup
[54.897s][info][gc,marking     ] GC(330) Concurrent Complete Cleanup 0.557ms
[54.898s][info][gc,marking     ] GC(330) Concurrent Cleanup for Next Mark
[54.906s][info][gc,marking     ] GC(330) Concurrent Cleanup for Next Mark 8.869ms
[54.907s][info][gc             ] GC(330) Concurrent Cycle 99.086ms
[54.951s][info][gc,start       ] GC(331) Pause Young (G1 Evacuation Pause)
[54.952s][info][gc,task        ] GC(331) Using 8 workers of 8 for evacuation
[55.030s][info][gc,phases      ] GC(331)   Pre Evacuate Collection Set: 0.0ms
[55.030s][info][gc,phases      ] GC(331)   Evacuate Collection Set: 75.2ms
[55.030s][info][gc,phases      ] GC(331)   Post Evacuate Collection Set: 2.6ms
[55.030s][info][gc,phases      ] GC(331)   Other: 0.7ms
[55.030s][info][gc,heap        ] GC(331) Eden regions: 40->0(18)
[55.030s][info][gc,heap        ] GC(331) Survivor regions: 9->7(7)
[55.030s][info][gc,heap        ] GC(331) Old regions: 43->78
[55.031s][info][gc,heap        ] GC(331) Humongous regions: 43->43
[55.031s][info][gc,metaspace   ] GC(331) Metaspace: 13473K->13473K(31744K)
[55.031s][info][gc             ] GC(331) Pause Young (G1 Evacuation Pause) 134M->127M(512M) 79.251ms
[55.031s][info][gc,cpu         ] GC(331) User=0.61s Sys=0.00s Real=0.08s
[55.121s][info][gc,start       ] GC(332) Pause Mixed (G1 Evacuation Pause)
[55.122s][info][gc,task        ] GC(332) Using 8 workers of 8 for evacuation
[55.199s][info][gc,phases      ] GC(332)   Pre Evacuate Collection Set: 0.1ms
[55.199s][info][gc,phases      ] GC(332)   Evacuate Collection Set: 65.3ms
[55.199s][info][gc,phases      ] GC(332)   Post Evacuate Collection Set: 11.7ms
[55.199s][info][gc,phases      ] GC(332)   Other: 0.9ms
[55.200s][info][gc,heap        ] GC(332) Eden regions: 18->0(96)
[55.200s][info][gc,heap        ] GC(332) Survivor regions: 7->4(4)
[55.200s][info][gc,heap        ] GC(332) Old regions: 78->85
[55.200s][info][gc,heap        ] GC(332) Humongous regions: 43->43
[55.200s][info][gc,metaspace   ] GC(332) Metaspace: 13473K->13473K(31744K)
[55.200s][info][gc             ] GC(332) Pause Mixed (G1 Evacuation Pause) 145M->131M(512M) 78.510ms
[55.200s][info][gc,cpu         ] GC(332) User=0.48s Sys=0.02s Real=0.08s
[55.311s][info][gc,start       ] GC(333) Pause Young (G1 Evacuation Pause)
[55.311s][info][gc,task        ] GC(333) Using 8 workers of 8 for evacuation
[55.491s][info][gc,phases      ] GC(333)   Pre Evacuate Collection Set: 0.0ms
[55.491s][info][gc,phases      ] GC(333)   Evacuate Collection Set: 176.4ms
[55.491s][info][gc,phases      ] GC(333)   Post Evacuate Collection Set: 2.6ms
[55.491s][info][gc,phases      ] GC(333)   Other: 0.7ms
[55.491s][info][gc,heap        ] GC(333) Eden regions: 96->0(74)
[55.491s][info][gc,heap        ] GC(333) Survivor regions: 4->13(13)
[55.491s][info][gc,heap        ] GC(333) Old regions: 85->174
[55.491s][info][gc,heap        ] GC(333) Humongous regions: 43->43
[55.491s][info][gc,metaspace   ] GC(333) Metaspace: 13473K->13473K(31744K)
[55.491s][info][gc             ] GC(333) Pause Young (G1 Evacuation Pause) 227M->229M(512M) 180.488ms
[55.492s][info][gc,cpu         ] GC(333) User=1.36s Sys=0.11s Real=0.19s
[55.653s][info][gc,start       ] GC(334) Pause Young (G1 Evacuation Pause)
[55.653s][info][gc,task        ] GC(334) Using 8 workers of 8 for evacuation
[55.880s][info][gc,mmu         ] GC(334) MMU target violated: 201.0ms (200.0ms/201.0ms)
[55.881s][info][gc,phases      ] GC(334)   Pre Evacuate Collection Set: 0.0ms
[55.881s][info][gc,phases      ] GC(334)   Evacuate Collection Set: 225.4ms
[55.881s][info][gc,phases      ] GC(334)   Post Evacuate Collection Set: 1.4ms
[55.881s][info][gc,phases      ] GC(334)   Other: 0.8ms
[55.881s][info][gc,heap        ] GC(334) Eden regions: 74->0(48)
[55.881s][info][gc,heap        ] GC(334) Survivor regions: 13->11(11)
[55.881s][info][gc,heap        ] GC(334) Old regions: 174->252
[55.881s][info][gc,heap        ] GC(334) Humongous regions: 43->43
[55.881s][info][gc,metaspace   ] GC(334) Metaspace: 13481K->13481K(31744K)
[55.881s][info][gc             ] GC(334) Pause Young (G1 Evacuation Pause) 303M->305M(512M) 228.249ms
[55.881s][info][gc,cpu         ] GC(334) User=1.48s Sys=0.14s Real=0.22s
[55.972s][info][gc,start       ] GC(335) Pause Initial Mark (G1 Humongous Allocation)
[55.972s][info][gc,task        ] GC(335) Using 8 workers of 8 for evacuation
[56.058s][info][gc,phases      ] GC(335)   Pre Evacuate Collection Set: 0.1ms
[56.058s][info][gc,phases      ] GC(335)   Evacuate Collection Set: 85.1ms
[56.058s][info][gc,phases      ] GC(335)   Post Evacuate Collection Set: 1.0ms
[56.059s][info][gc,phases      ] GC(335)   Other: 0.6ms
[56.059s][info][gc,heap        ] GC(335) Eden regions: 27->0(39)
[56.059s][info][gc,heap        ] GC(335) Survivor regions: 11->8(8)
[56.059s][info][gc,heap        ] GC(335) Old regions: 252->284
[56.059s][info][gc,heap        ] GC(335) Humongous regions: 43->43
[56.059s][info][gc,metaspace   ] GC(335) Metaspace: 13483K->13483K(31744K)
[56.059s][info][gc             ] GC(335) Pause Initial Mark (G1 Humongous Allocation) 332M->334M(512M) 87.292ms
[56.059s][info][gc,cpu         ] GC(335) User=0.63s Sys=0.03s Real=0.09s
[56.059s][info][gc             ] GC(336) Concurrent Cycle
[56.059s][info][gc,marking     ] GC(336) Concurrent Clear Claimed Marks
[56.059s][info][gc,marking     ] GC(336) Concurrent Clear Claimed Marks 0.083ms
[56.059s][info][gc,marking     ] GC(336) Concurrent Scan Root Regions
[56.066s][info][gc,marking     ] GC(336) Concurrent Scan Root Regions 6.888ms
[56.066s][info][gc,marking     ] GC(336) Concurrent Mark (56.066s)
[56.066s][info][gc,marking     ] GC(336) Concurrent Mark From Roots
[56.066s][info][gc,task        ] GC(336) Using 2 workers of 2 for marking
[56.079s][info][gc,marking     ] GC(336) Concurrent Mark From Roots 12.190ms
[56.079s][info][gc,marking     ] GC(336) Concurrent Mark (56.066s, 56.079s) 12.369ms
[56.083s][info][gc,start       ] GC(336) Pause Remark
[56.089s][info][gc,stringtable ] GC(336) Cleaned string and symbol table, strings: 7239 processed, 18 removed, symbols: 47093 processed, 0 removed
[56.089s][info][gc             ] GC(336) Pause Remark 377M->377M(512M) 6.429ms
[56.089s][info][gc,cpu         ] GC(336) User=0.05s Sys=0.00s Real=0.01s
[56.090s][info][gc,marking     ] GC(336) Concurrent Create Live Data
[56.092s][info][gc,marking     ] GC(336) Concurrent Create Live Data 2.160ms
[56.092s][info][gc,start       ] GC(336) Pause Cleanup
[56.094s][info][gc             ] GC(336) Pause Cleanup 378M->88M(512M) 1.859ms
[56.094s][info][gc,cpu         ] GC(336) User=0.00s Sys=0.00s Real=0.00s
[56.094s][info][gc,marking     ] GC(336) Concurrent Complete Cleanup
[56.095s][info][gc,marking     ] GC(336) Concurrent Complete Cleanup 0.567ms
[56.095s][info][gc,marking     ] GC(336) Concurrent Cleanup for Next Mark
[56.098s][info][gc,marking     ] GC(336) Concurrent Cleanup for Next Mark 3.230ms
[56.098s][info][gc             ] GC(336) Concurrent Cycle 38.990ms
[56.134s][info][gc,start       ] GC(337) Pause Young (G1 Evacuation Pause)
[56.135s][info][gc,task        ] GC(337) Using 8 workers of 8 for evacuation
[56.219s][info][gc,phases      ] GC(337)   Pre Evacuate Collection Set: 0.0ms
[56.219s][info][gc,phases      ] GC(337)   Evacuate Collection Set: 82.8ms
[56.219s][info][gc,phases      ] GC(337)   Post Evacuate Collection Set: 0.9ms
[56.219s][info][gc,phases      ] GC(337)   Other: 0.7ms
[56.219s][info][gc,heap        ] GC(337) Eden regions: 39->0(19)
[56.219s][info][gc,heap        ] GC(337) Survivor regions: 8->6(6)
[56.219s][info][gc,heap        ] GC(337) Old regions: 37->72
[56.219s][info][gc,heap        ] GC(337) Humongous regions: 43->43
[56.219s][info][gc,metaspace   ] GC(337) Metaspace: 13489K->13489K(31744K)
[56.219s][info][gc             ] GC(337) Pause Young (G1 Evacuation Pause) 126M->120M(512M) 84.948ms
[56.220s][info][gc,cpu         ] GC(337) User=0.59s Sys=0.02s Real=0.09s
[56.236s][info][gc,start       ] GC(338) Pause Mixed (G1 Evacuation Pause)
[56.236s][info][gc,task        ] GC(338) Using 8 workers of 8 for evacuation
[56.318s][info][gc,phases      ] GC(338)   Pre Evacuate Collection Set: 0.0ms
[56.319s][info][gc,phases      ] GC(338)   Evacuate Collection Set: 81.0ms
[56.319s][info][gc,phases      ] GC(338)   Post Evacuate Collection Set: 0.9ms
[56.319s][info][gc,phases      ] GC(338)   Other: 0.5ms
[56.319s][info][gc,heap        ] GC(338) Eden regions: 19->0(98)
[56.319s][info][gc,heap        ] GC(338) Survivor regions: 6->4(4)
[56.319s][info][gc,heap        ] GC(338) Old regions: 72->86
[56.319s][info][gc,heap        ] GC(338) Humongous regions: 43->43
[56.319s][info][gc,metaspace   ] GC(338) Metaspace: 13489K->13489K(31744K)
[56.319s][info][gc             ] GC(338) Pause Mixed (G1 Evacuation Pause) 139M->132M(512M) 82.730ms
[56.319s][info][gc,cpu         ] GC(338) User=0.56s Sys=0.00s Real=0.08s
[56.410s][info][gc,start       ] GC(339) Pause Young (G1 Evacuation Pause)
[56.410s][info][gc,task        ] GC(339) Using 8 workers of 8 for evacuation
[56.576s][info][gc,phases      ] GC(339)   Pre Evacuate Collection Set: 0.0ms
[56.576s][info][gc,phases      ] GC(339)   Evacuate Collection Set: 154.7ms
[56.576s][info][gc,phases      ] GC(339)   Post Evacuate Collection Set: 10.4ms
[56.576s][info][gc,phases      ] GC(339)   Other: 0.7ms
[56.576s][info][gc,heap        ] GC(339) Eden regions: 98->0(73)
[56.576s][info][gc,heap        ] GC(339) Survivor regions: 4->13(13)
[56.576s][info][gc,heap        ] GC(339) Old regions: 86->177
[56.576s][info][gc,heap        ] GC(339) Humongous regions: 43->43
[56.576s][info][gc,metaspace   ] GC(339) Metaspace: 13489K->13489K(31744K)
[56.577s][info][gc             ] GC(339) Pause Young (G1 Evacuation Pause) 230M->232M(512M) 166.192ms
[56.577s][info][gc,cpu         ] GC(339) User=1.17s Sys=0.03s Real=0.17s
[56.748s][info][gc,start       ] GC(340) Pause Young (G1 Evacuation Pause)
[56.748s][info][gc,task        ] GC(340) Using 8 workers of 8 for evacuation
[56.889s][info][gc,phases      ] GC(340)   Pre Evacuate Collection Set: 0.1ms
[56.889s][info][gc,phases      ] GC(340)   Evacuate Collection Set: 138.3ms
[56.889s][info][gc,phases      ] GC(340)   Post Evacuate Collection Set: 1.9ms
[56.889s][info][gc,phases      ] GC(340)   Other: 0.7ms
[56.889s][info][gc,heap        ] GC(340) Eden regions: 73->0(47)
[56.889s][info][gc,heap        ] GC(340) Survivor regions: 13->11(11)
[56.889s][info][gc,heap        ] GC(340) Old regions: 177->254
[56.889s][info][gc,heap        ] GC(340) Humongous regions: 43->43
[56.889s][info][gc,metaspace   ] GC(340) Metaspace: 13502K->13502K(31744K)
[56.889s][info][gc             ] GC(340) Pause Young (G1 Evacuation Pause) 305M->307M(512M) 141.368ms
[56.889s][info][gc,cpu         ] GC(340) User=0.98s Sys=0.06s Real=0.14s
[56.957s][info][gc,start       ] GC(341) Pause Initial Mark (G1 Humongous Allocation)
[56.957s][info][gc,task        ] GC(341) Using 8 workers of 8 for evacuation
[57.053s][info][gc,phases      ] GC(341)   Pre Evacuate Collection Set: 0.1ms
[57.053s][info][gc,phases      ] GC(341)   Evacuate Collection Set: 93.9ms
[57.053s][info][gc,phases      ] GC(341)   Post Evacuate Collection Set: 1.3ms
[57.053s][info][gc,phases      ] GC(341)   Other: 0.6ms
[57.053s][info][gc,heap        ] GC(341) Eden regions: 29->0(38)
[57.053s][info][gc,heap        ] GC(341) Survivor regions: 11->8(8)
[57.053s][info][gc,heap        ] GC(341) Old regions: 254->287
[57.053s][info][gc,heap        ] GC(341) Humongous regions: 43->43
[57.053s][info][gc,metaspace   ] GC(341) Metaspace: 13502K->13502K(31744K)
[57.054s][info][gc             ] GC(341) Pause Initial Mark (G1 Humongous Allocation) 336M->337M(512M) 96.179ms
[57.054s][info][gc,cpu         ] GC(341) User=0.75s Sys=0.00s Real=0.09s
[57.054s][info][gc             ] GC(342) Concurrent Cycle
[57.054s][info][gc,marking     ] GC(342) Concurrent Clear Claimed Marks
[57.054s][info][gc,marking     ] GC(342) Concurrent Clear Claimed Marks 0.071ms
[57.054s][info][gc,marking     ] GC(342) Concurrent Scan Root Regions
[57.072s][info][gc,marking     ] GC(342) Concurrent Scan Root Regions 18.279ms
[57.072s][info][gc,marking     ] GC(342) Concurrent Mark (57.072s)
[57.072s][info][gc,marking     ] GC(342) Concurrent Mark From Roots
[57.072s][info][gc,task        ] GC(342) Using 2 workers of 2 for marking
[57.080s][info][gc,marking     ] GC(342) Concurrent Mark From Roots 7.861ms
[57.080s][info][gc,marking     ] GC(342) Concurrent Mark (57.072s, 57.080s) 8.026ms
[57.090s][info][gc,start       ] GC(342) Pause Remark
[57.095s][info][gc,stringtable ] GC(342) Cleaned string and symbol table, strings: 7240 processed, 0 removed, symbols: 47096 processed, 0 removed
[57.096s][info][gc             ] GC(342) Pause Remark 382M->382M(512M) 5.659ms
[57.096s][info][gc,cpu         ] GC(342) User=0.00s Sys=0.00s Real=0.00s
[57.096s][info][gc,marking     ] GC(342) Concurrent Create Live Data
[57.109s][info][gc,marking     ] GC(342) Concurrent Create Live Data 12.942ms
[57.110s][info][gc,start       ] GC(342) Pause Cleanup
[57.111s][info][gc             ] GC(342) Pause Cleanup 382M->90M(512M) 1.058ms
[57.111s][info][gc,cpu         ] GC(342) User=0.00s Sys=0.00s Real=0.00s
[57.111s][info][gc,marking     ] GC(342) Concurrent Complete Cleanup
[57.111s][info][gc,marking     ] GC(342) Concurrent Complete Cleanup 0.501ms
[57.111s][info][gc,marking     ] GC(342) Concurrent Cleanup for Next Mark
[57.115s][info][gc,marking     ] GC(342) Concurrent Cleanup for Next Mark 3.379ms
[57.115s][info][gc             ] GC(342) Concurrent Cycle 61.190ms
[57.156s][info][gc,start       ] GC(343) Pause Young (G1 Evacuation Pause)
[57.156s][info][gc,task        ] GC(343) Using 8 workers of 8 for evacuation
[57.233s][info][gc,phases      ] GC(343)   Pre Evacuate Collection Set: 0.0ms
[57.233s][info][gc,phases      ] GC(343)   Evacuate Collection Set: 75.2ms
[57.233s][info][gc,phases      ] GC(343)   Post Evacuate Collection Set: 1.1ms
[57.233s][info][gc,phases      ] GC(343)   Other: 0.7ms
[57.233s][info][gc,heap        ] GC(343) Eden regions: 38->0(19)
[57.233s][info][gc,heap        ] GC(343) Survivor regions: 8->6(6)
[57.233s][info][gc,heap        ] GC(343) Old regions: 38->72
[57.233s][info][gc,heap        ] GC(343) Humongous regions: 44->44
[57.233s][info][gc,metaspace   ] GC(343) Metaspace: 13505K->13505K(31744K)
[57.234s][info][gc             ] GC(343) Pause Young (G1 Evacuation Pause) 127M->121M(512M) 77.600ms
[57.234s][info][gc,cpu         ] GC(343) User=0.44s Sys=0.00s Real=0.08s
[57.251s][info][gc,start       ] GC(344) Pause Mixed (G1 Evacuation Pause)
[57.251s][info][gc,task        ] GC(344) Using 8 workers of 8 for evacuation
[57.335s][info][gc,phases      ] GC(344)   Pre Evacuate Collection Set: 0.1ms
[57.335s][info][gc,phases      ] GC(344)   Evacuate Collection Set: 82.0ms
[57.335s][info][gc,phases      ] GC(344)   Post Evacuate Collection Set: 0.9ms
[57.335s][info][gc,phases      ] GC(344)   Other: 0.6ms
[57.335s][info][gc,heap        ] GC(344) Eden regions: 19->0(112)
[57.335s][info][gc,heap        ] GC(344) Survivor regions: 6->4(4)
[57.335s][info][gc,heap        ] GC(344) Old regions: 72->85
[57.335s][info][gc,heap        ] GC(344) Humongous regions: 44->44
[57.335s][info][gc,metaspace   ] GC(344) Metaspace: 13505K->13505K(31744K)
[57.335s][info][gc             ] GC(344) Pause Mixed (G1 Evacuation Pause) 140M->132M(512M) 84.025ms
[57.335s][info][gc,cpu         ] GC(344) User=0.55s Sys=0.02s Real=0.08s
[57.453s][info][gc,start       ] GC(345) Pause Young (G1 Evacuation Pause)
[57.453s][info][gc,task        ] GC(345) Using 8 workers of 8 for evacuation
[57.675s][info][gc,mmu         ] GC(345) MMU target violated: 201.0ms (200.0ms/201.0ms)
[57.675s][info][gc,phases      ] GC(345)   Pre Evacuate Collection Set: 0.0ms
[57.675s][info][gc,phases      ] GC(345)   Evacuate Collection Set: 218.7ms
[57.675s][info][gc,phases      ] GC(345)   Post Evacuate Collection Set: 2.5ms
[57.675s][info][gc,phases      ] GC(345)   Other: 0.8ms
[57.675s][info][gc,heap        ] GC(345) Eden regions: 112->0(68)
[57.675s][info][gc,heap        ] GC(345) Survivor regions: 4->15(15)
[57.675s][info][gc,heap        ] GC(345) Old regions: 85->188
[57.675s][info][gc,heap        ] GC(345) Humongous regions: 44->44
[57.676s][info][gc,metaspace   ] GC(345) Metaspace: 13509K->13509K(31744K)
[57.676s][info][gc             ] GC(345) Pause Young (G1 Evacuation Pause) 244M->246M(512M) 222.357ms
[57.676s][info][gc,cpu         ] GC(345) User=1.47s Sys=0.14s Real=0.23s
[57.809s][info][gc,start       ] GC(346) Pause Young (G1 Evacuation Pause)
[57.810s][info][gc,task        ] GC(346) Using 8 workers of 8 for evacuation
[57.956s][info][gc,phases      ] GC(346)   Pre Evacuate Collection Set: 0.0ms
[57.957s][info][gc,phases      ] GC(346)   Evacuate Collection Set: 144.9ms
[57.957s][info][gc,phases      ] GC(346)   Post Evacuate Collection Set: 1.4ms
[57.957s][info][gc,phases      ] GC(346)   Other: 0.6ms
[57.957s][info][gc,heap        ] GC(346) Eden regions: 68->0(44)
[57.957s][info][gc,heap        ] GC(346) Survivor regions: 15->11(11)
[57.957s][info][gc,heap        ] GC(346) Old regions: 188->262
[57.957s][info][gc,heap        ] GC(346) Humongous regions: 44->44
[57.957s][info][gc,metaspace   ] GC(346) Metaspace: 13515K->13515K(31744K)
[57.957s][info][gc             ] GC(346) Pause Young (G1 Evacuation Pause) 314M->316M(512M) 147.818ms
[57.957s][info][gc,cpu         ] GC(346) User=1.00s Sys=0.13s Real=0.16s
[58.023s][info][gc,start       ] GC(347) Pause Initial Mark (G1 Humongous Allocation)
[58.023s][info][gc,task        ] GC(347) Using 8 workers of 8 for evacuation
[58.110s][info][gc,phases      ] GC(347)   Pre Evacuate Collection Set: 0.1ms
[58.110s][info][gc,phases      ] GC(347)   Evacuate Collection Set: 84.8ms
[58.111s][info][gc,phases      ] GC(347)   Post Evacuate Collection Set: 1.5ms
[58.111s][info][gc,phases      ] GC(347)   Other: 0.7ms
[58.111s][info][gc,heap        ] GC(347) Eden regions: 23->0(37)
[58.111s][info][gc,heap        ] GC(347) Survivor regions: 11->7(7)
[58.111s][info][gc,heap        ] GC(347) Old regions: 262->290
[58.111s][info][gc,heap        ] GC(347) Humongous regions: 44->44
[58.111s][info][gc,metaspace   ] GC(347) Metaspace: 13515K->13515K(31744K)
[58.111s][info][gc             ] GC(347) Pause Initial Mark (G1 Humongous Allocation) 339M->340M(512M) 88.223ms
[58.111s][info][gc,cpu         ] GC(347) User=0.66s Sys=0.03s Real=0.09s
[58.111s][info][gc             ] GC(348) Concurrent Cycle
[58.111s][info][gc,marking     ] GC(348) Concurrent Clear Claimed Marks
[58.111s][info][gc,marking     ] GC(348) Concurrent Clear Claimed Marks 0.078ms
[58.111s][info][gc,marking     ] GC(348) Concurrent Scan Root Regions
[58.122s][info][gc,marking     ] GC(348) Concurrent Scan Root Regions 10.563ms
[58.122s][info][gc,marking     ] GC(348) Concurrent Mark (58.122s)
[58.122s][info][gc,marking     ] GC(348) Concurrent Mark From Roots
[58.122s][info][gc,task        ] GC(348) Using 2 workers of 2 for marking
[58.131s][info][gc,marking     ] GC(348) Concurrent Mark From Roots 9.317ms
[58.131s][info][gc,marking     ] GC(348) Concurrent Mark (58.122s, 58.131s) 9.500ms
[58.148s][info][gc,start       ] GC(348) Pause Remark
[58.171s][info][gc,stringtable ] GC(348) Cleaned string and symbol table, strings: 7240 processed, 18 removed, symbols: 47097 processed, 0 removed
[58.172s][info][gc             ] GC(348) Pause Remark 384M->384M(512M) 23.575ms
[58.172s][info][gc,cpu         ] GC(348) User=0.08s Sys=0.00s Real=0.02s
[58.172s][info][gc,marking     ] GC(348) Concurrent Create Live Data
[58.176s][info][gc,marking     ] GC(348) Concurrent Create Live Data 3.879ms
[58.177s][info][gc,start       ] GC(348) Pause Cleanup
[58.178s][info][gc             ] GC(348) Pause Cleanup 384M->89M(512M) 1.175ms
[58.178s][info][gc,cpu         ] GC(348) User=0.00s Sys=0.00s Real=0.00s
[58.178s][info][gc,marking     ] GC(348) Concurrent Complete Cleanup
[58.179s][info][gc,marking     ] GC(348) Concurrent Complete Cleanup 1.026ms
[58.179s][info][gc,marking     ] GC(348) Concurrent Cleanup for Next Mark
[58.183s][info][gc,marking     ] GC(348) Concurrent Cleanup for Next Mark 4.123ms
[58.184s][info][gc             ] GC(348) Concurrent Cycle 72.695ms
[58.217s][info][gc,start       ] GC(349) Pause Young (G1 Evacuation Pause)
[58.217s][info][gc,task        ] GC(349) Using 8 workers of 8 for evacuation
[58.301s][info][gc,phases      ] GC(349)   Pre Evacuate Collection Set: 0.0ms
[58.301s][info][gc,phases      ] GC(349)   Evacuate Collection Set: 80.6ms
[58.302s][info][gc,phases      ] GC(349)   Post Evacuate Collection Set: 3.5ms
[58.302s][info][gc,phases      ] GC(349)   Other: 0.7ms
[58.302s][info][gc,heap        ] GC(349) Eden regions: 37->0(19)
[58.302s][info][gc,heap        ] GC(349) Survivor regions: 7->6(6)
[58.302s][info][gc,heap        ] GC(349) Old regions: 38->71
[58.302s][info][gc,heap        ] GC(349) Humongous regions: 44->44
[58.302s][info][gc,metaspace   ] GC(349) Metaspace: 13515K->13515K(31744K)
[58.302s][info][gc             ] GC(349) Pause Young (G1 Evacuation Pause) 125M->120M(512M) 85.287ms
[58.302s][info][gc,cpu         ] GC(349) User=0.56s Sys=0.05s Real=0.08s
[58.321s][info][gc,start       ] GC(350) Pause Mixed (G1 Evacuation Pause)
[58.321s][info][gc,task        ] GC(350) Using 8 workers of 8 for evacuation
[58.409s][info][gc,phases      ] GC(350)   Pre Evacuate Collection Set: 0.1ms
[58.409s][info][gc,phases      ] GC(350)   Evacuate Collection Set: 86.4ms
[58.409s][info][gc,phases      ] GC(350)   Post Evacuate Collection Set: 1.0ms
[58.409s][info][gc,phases      ] GC(350)   Other: 0.7ms
[58.409s][info][gc,heap        ] GC(350) Eden regions: 19->0(105)
[58.409s][info][gc,heap        ] GC(350) Survivor regions: 6->4(4)
[58.409s][info][gc,heap        ] GC(350) Old regions: 71->84
[58.409s][info][gc,heap        ] GC(350) Humongous regions: 44->44
[58.409s][info][gc,metaspace   ] GC(350) Metaspace: 13515K->13515K(31744K)
[58.409s][info][gc             ] GC(350) Pause Mixed (G1 Evacuation Pause) 139M->131M(512M) 88.580ms
[58.409s][info][gc,cpu         ] GC(350) User=0.52s Sys=0.00s Real=0.09s
[58.509s][info][gc,start       ] GC(351) Pause Young (G1 Evacuation Pause)
[58.509s][info][gc,task        ] GC(351) Using 8 workers of 8 for evacuation
[58.736s][info][gc,mmu         ] GC(351) MMU target violated: 201.0ms (200.0ms/201.0ms)
[58.737s][info][gc,phases      ] GC(351)   Pre Evacuate Collection Set: 0.0ms
[58.738s][info][gc,phases      ] GC(351)   Evacuate Collection Set: 220.2ms
[58.738s][info][gc,phases      ] GC(351)   Post Evacuate Collection Set: 3.6ms
[58.740s][info][gc,phases      ] GC(351)   Other: 3.7ms
[58.740s][info][gc,heap        ] GC(351) Eden regions: 105->0(71)
[58.742s][info][gc,heap        ] GC(351) Survivor regions: 4->14(14)
[58.743s][info][gc,heap        ] GC(351) Old regions: 84->181
[58.745s][info][gc,heap        ] GC(351) Humongous regions: 44->44
[58.746s][info][gc,metaspace   ] GC(351) Metaspace: 13522K->13522K(31744K)
[58.747s][info][gc             ] GC(351) Pause Young (G1 Evacuation Pause) 236M->238M(512M) 237.642ms
[58.747s][info][gc,cpu         ] GC(351) User=1.64s Sys=0.09s Real=0.24s
[58.904s][info][gc,start       ] GC(352) Pause Young (G1 Evacuation Pause)
[58.904s][info][gc,task        ] GC(352) Using 8 workers of 8 for evacuation
[59.132s][info][gc,mmu         ] GC(352) MMU target violated: 201.0ms (200.0ms/201.0ms)
[59.132s][info][gc,phases      ] GC(352)   Pre Evacuate Collection Set: 0.1ms
[59.132s][info][gc,phases      ] GC(352)   Evacuate Collection Set: 225.2ms
[59.132s][info][gc,phases      ] GC(352)   Post Evacuate Collection Set: 1.8ms
[59.132s][info][gc,phases      ] GC(352)   Other: 0.8ms
[59.132s][info][gc,heap        ] GC(352) Eden regions: 71->0(46)
[59.132s][info][gc,heap        ] GC(352) Survivor regions: 14->11(11)
[59.132s][info][gc,heap        ] GC(352) Old regions: 181->256
[59.132s][info][gc,heap        ] GC(352) Humongous regions: 44->44
[59.132s][info][gc,metaspace   ] GC(352) Metaspace: 13522K->13522K(31744K)
[59.133s][info][gc             ] GC(352) Pause Young (G1 Evacuation Pause) 309M->310M(512M) 228.298ms
[59.133s][info][gc,cpu         ] GC(352) User=1.47s Sys=0.08s Real=0.23s
[59.222s][info][gc,start       ] GC(353) Pause Initial Mark (G1 Humongous Allocation)
[59.222s][info][gc,task        ] GC(353) Using 8 workers of 8 for evacuation
[59.301s][info][gc,phases      ] GC(353)   Pre Evacuate Collection Set: 0.1ms
[59.301s][info][gc,phases      ] GC(353)   Evacuate Collection Set: 75.1ms
[59.301s][info][gc,phases      ] GC(353)   Post Evacuate Collection Set: 2.6ms
[59.301s][info][gc,phases      ] GC(353)   Other: 0.8ms
[59.301s][info][gc,heap        ] GC(353) Eden regions: 30->0(36)
[59.301s][info][gc,heap        ] GC(353) Survivor regions: 11->8(8)
[59.301s][info][gc,heap        ] GC(353) Old regions: 256->291
[59.301s][info][gc,heap        ] GC(353) Humongous regions: 44->44
[59.301s][info][gc,metaspace   ] GC(353) Metaspace: 13528K->13528K(31744K)
[59.301s][info][gc             ] GC(353) Pause Initial Mark (G1 Humongous Allocation) 340M->342M(512M) 78.967ms
[59.301s][info][gc,cpu         ] GC(353) User=0.50s Sys=0.02s Real=0.08s
[59.301s][info][gc             ] GC(354) Concurrent Cycle
[59.301s][info][gc,marking     ] GC(354) Concurrent Clear Claimed Marks
[59.301s][info][gc,marking     ] GC(354) Concurrent Clear Claimed Marks 0.103ms
[59.302s][info][gc,marking     ] GC(354) Concurrent Scan Root Regions
[59.319s][info][gc,marking     ] GC(354) Concurrent Scan Root Regions 17.639ms
[59.319s][info][gc,marking     ] GC(354) Concurrent Mark (59.319s)
[59.319s][info][gc,marking     ] GC(354) Concurrent Mark From Roots
[59.319s][info][gc,task        ] GC(354) Using 2 workers of 2 for marking
[59.334s][info][gc,marking     ] GC(354) Concurrent Mark From Roots 15.075ms
[59.335s][info][gc,marking     ] GC(354) Concurrent Mark (59.319s, 59.335s) 15.245ms
[59.335s][info][gc,start       ] GC(354) Pause Remark
[59.340s][info][gc,stringtable ] GC(354) Cleaned string and symbol table, strings: 7240 processed, 18 removed, symbols: 47098 processed, 0 removed
[59.341s][info][gc             ] GC(354) Pause Remark 387M->387M(512M) 5.090ms
[59.341s][info][gc,cpu         ] GC(354) User=0.00s Sys=0.00s Real=0.00s
[59.341s][info][gc,marking     ] GC(354) Concurrent Create Live Data
[59.357s][info][gc,marking     ] GC(354) Concurrent Create Live Data 16.746ms
[59.358s][info][gc,start       ] GC(354) Pause Cleanup
[59.359s][info][gc             ] GC(354) Pause Cleanup 387M->88M(512M) 1.115ms
[59.359s][info][gc,cpu         ] GC(354) User=0.00s Sys=0.00s Real=0.00s
[59.359s][info][gc,marking     ] GC(354) Concurrent Complete Cleanup
[59.360s][info][gc,marking     ] GC(354) Concurrent Complete Cleanup 0.673ms
[59.360s][info][gc,marking     ] GC(354) Concurrent Cleanup for Next Mark
[59.364s][info][gc,marking     ] GC(354) Concurrent Cleanup for Next Mark 3.548ms
[59.364s][info][gc             ] GC(354) Concurrent Cycle 62.350ms
[59.392s][info][gc,start       ] GC(355) Pause Young (G1 Evacuation Pause)
[59.393s][info][gc,task        ] GC(355) Using 8 workers of 8 for evacuation
[59.459s][info][gc,phases      ] GC(355)   Pre Evacuate Collection Set: 0.0ms
[59.459s][info][gc,phases      ] GC(355)   Evacuate Collection Set: 64.8ms
[59.459s][info][gc,phases      ] GC(355)   Post Evacuate Collection Set: 0.9ms
[59.459s][info][gc,phases      ] GC(355)   Other: 0.6ms
[59.459s][info][gc,heap        ] GC(355) Eden regions: 36->0(19)
[59.459s][info][gc,heap        ] GC(355) Survivor regions: 8->6(6)
[59.459s][info][gc,heap        ] GC(355) Old regions: 36->68
[59.459s][info][gc,heap        ] GC(355) Humongous regions: 44->44
[59.459s][info][gc,metaspace   ] GC(355) Metaspace: 13528K->13528K(31744K)
[59.459s][info][gc             ] GC(355) Pause Young (G1 Evacuation Pause) 123M->117M(512M) 66.898ms
[59.459s][info][gc,cpu         ] GC(355) User=0.48s Sys=0.00s Real=0.06s
[59.480s][info][gc,start       ] GC(356) Pause Mixed (G1 Evacuation Pause)
[59.480s][info][gc,task        ] GC(356) Using 8 workers of 8 for evacuation
[59.546s][info][gc,phases      ] GC(356)   Pre Evacuate Collection Set: 0.1ms
[59.546s][info][gc,phases      ] GC(356)   Evacuate Collection Set: 63.6ms
[59.546s][info][gc,phases      ] GC(356)   Post Evacuate Collection Set: 1.4ms
[59.546s][info][gc,phases      ] GC(356)   Other: 0.6ms
[59.546s][info][gc,heap        ] GC(356) Eden regions: 19->0(110)
[59.546s][info][gc,heap        ] GC(356) Survivor regions: 6->4(4)
[59.546s][info][gc,heap        ] GC(356) Old regions: 68->83
[59.546s][info][gc,heap        ] GC(356) Humongous regions: 44->44
[59.546s][info][gc,metaspace   ] GC(356) Metaspace: 13544K->13544K(31744K)
[59.546s][info][gc             ] GC(356) Pause Mixed (G1 Evacuation Pause) 136M->130M(512M) 66.077ms
[59.546s][info][gc,cpu         ] GC(356) User=0.50s Sys=0.00s Real=0.06s
[59.651s][info][gc,start       ] GC(357) Pause Young (G1 Evacuation Pause)
[59.651s][info][gc,task        ] GC(357) Using 8 workers of 8 for evacuation
[59.853s][info][gc,mmu         ] GC(357) MMU target violated: 201.0ms (200.0ms/201.0ms)
[59.853s][info][gc,phases      ] GC(357)   Pre Evacuate Collection Set: 0.0ms
[59.853s][info][gc,phases      ] GC(357)   Evacuate Collection Set: 199.4ms
[59.853s][info][gc,phases      ] GC(357)   Post Evacuate Collection Set: 2.0ms
[59.853s][info][gc,phases      ] GC(357)   Other: 0.7ms
[59.853s][info][gc,heap        ] GC(357) Eden regions: 110->0(70)
[59.853s][info][gc,heap        ] GC(357) Survivor regions: 4->15(15)
[59.853s][info][gc,heap        ] GC(357) Old regions: 83->184
[59.853s][info][gc,heap        ] GC(357) Humongous regions: 44->44
[59.853s][info][gc,metaspace   ] GC(357) Metaspace: 13544K->13544K(31744K)
[59.853s][info][gc             ] GC(357) Pause Young (G1 Evacuation Pause) 240M->242M(512M) 202.388ms
[59.853s][info][gc,cpu         ] GC(357) User=1.34s Sys=0.06s Real=0.20s
[59.983s][info][gc,start       ] GC(358) Pause Young (G1 Evacuation Pause)
[59.983s][info][gc,task        ] GC(358) Using 8 workers of 8 for evacuation
[60.201s][info][gc,mmu         ] GC(358) MMU target violated: 201.0ms (200.0ms/201.0ms)
[60.201s][info][gc,phases      ] GC(358)   Pre Evacuate Collection Set: 0.1ms
[60.201s][info][gc,phases      ] GC(358)   Evacuate Collection Set: 215.5ms
[60.201s][info][gc,phases      ] GC(358)   Post Evacuate Collection Set: 1.3ms
[60.201s][info][gc,phases      ] GC(358)   Other: 0.8ms
[60.201s][info][gc,heap        ] GC(358) Eden regions: 70->0(45)
[60.201s][info][gc,heap        ] GC(358) Survivor regions: 15->11(11)
[60.201s][info][gc,heap        ] GC(358) Old regions: 184->260
[60.201s][info][gc,heap        ] GC(358) Humongous regions: 44->44
[60.201s][info][gc,metaspace   ] GC(358) Metaspace: 13544K->13544K(31744K)
[60.202s][info][gc             ] GC(358) Pause Young (G1 Evacuation Pause) 312M->314M(512M) 218.409ms
[60.202s][info][gc,cpu         ] GC(358) User=1.59s Sys=0.16s Real=0.22s
[60.285s][info][gc,start       ] GC(359) Pause Initial Mark (G1 Humongous Allocation)
[60.285s][info][gc,task        ] GC(359) Using 8 workers of 8 for evacuation
[60.375s][info][gc,phases      ] GC(359)   Pre Evacuate Collection Set: 0.1ms
[60.375s][info][gc,phases      ] GC(359)   Evacuate Collection Set: 88.3ms
[60.375s][info][gc,phases      ] GC(359)   Post Evacuate Collection Set: 1.1ms
[60.375s][info][gc,phases      ] GC(359)   Other: 1.0ms
[60.375s][info][gc,heap        ] GC(359) Eden regions: 30->0(35)
[60.375s][info][gc,heap        ] GC(359) Survivor regions: 11->7(7)
[60.375s][info][gc,heap        ] GC(359) Old regions: 260->295
[60.375s][info][gc,heap        ] GC(359) Humongous regions: 44->44
[60.375s][info][gc,metaspace   ] GC(359) Metaspace: 13550K->13550K(31744K)
[60.376s][info][gc             ] GC(359) Pause Initial Mark (G1 Humongous Allocation) 344M->345M(512M) 90.670ms
[60.376s][info][gc,cpu         ] GC(359) User=0.53s Sys=0.00s Real=0.09s
[60.376s][info][gc             ] GC(360) Concurrent Cycle
[60.376s][info][gc,marking     ] GC(360) Concurrent Clear Claimed Marks
[60.376s][info][gc,marking     ] GC(360) Concurrent Clear Claimed Marks 0.085ms
[60.376s][info][gc,marking     ] GC(360) Concurrent Scan Root Regions
[60.388s][info][gc,marking     ] GC(360) Concurrent Scan Root Regions 11.904ms
[60.388s][info][gc,marking     ] GC(360) Concurrent Mark (60.388s)
[60.388s][info][gc,marking     ] GC(360) Concurrent Mark From Roots
[60.388s][info][gc,task        ] GC(360) Using 2 workers of 2 for marking
[60.397s][info][gc,marking     ] GC(360) Concurrent Mark From Roots 8.510ms
[60.397s][info][gc,marking     ] GC(360) Concurrent Mark (60.388s, 60.397s) 8.687ms
[60.443s][info][gc,start       ] GC(360) Pause Remark
[60.451s][info][gc,stringtable ] GC(360) Cleaned string and symbol table, strings: 7240 processed, 18 removed, symbols: 47101 processed, 0 removed
[60.452s][info][gc             ] GC(360) Pause Remark 390M->390M(512M) 8.568ms
[60.452s][info][gc,cpu         ] GC(360) User=0.08s Sys=0.00s Real=0.02s
[60.452s][info][gc,marking     ] GC(360) Concurrent Create Live Data
[60.456s][info][gc,marking     ] GC(360) Concurrent Create Live Data 3.660ms
[60.457s][info][gc,start       ] GC(360) Pause Cleanup
[60.458s][info][gc             ] GC(360) Pause Cleanup 391M->91M(512M) 1.408ms
[60.458s][info][gc,cpu         ] GC(360) User=0.00s Sys=0.00s Real=0.00s
[60.458s][info][gc,marking     ] GC(360) Concurrent Complete Cleanup
[60.459s][info][gc,marking     ] GC(360) Concurrent Complete Cleanup 0.676ms
[60.459s][info][gc,marking     ] GC(360) Concurrent Cleanup for Next Mark
[60.464s][info][gc,marking     ] GC(360) Concurrent Cleanup for Next Mark 4.409ms
[60.464s][info][gc             ] GC(360) Concurrent Cycle 87.806ms
[60.495s][info][gc,start       ] GC(361) Pause Young (G1 Evacuation Pause)
[60.495s][info][gc,task        ] GC(361) Using 8 workers of 8 for evacuation
[60.553s][info][gc,phases      ] GC(361)   Pre Evacuate Collection Set: 0.0ms
[60.553s][info][gc,phases      ] GC(361)   Evacuate Collection Set: 56.0ms
[60.553s][info][gc,phases      ] GC(361)   Post Evacuate Collection Set: 1.6ms
[60.553s][info][gc,phases      ] GC(361)   Other: 0.7ms
[60.553s][info][gc,heap        ] GC(361) Eden regions: 35->0(19)
[60.553s][info][gc,heap        ] GC(361) Survivor regions: 7->6(6)
[60.553s][info][gc,heap        ] GC(361) Old regions: 39->70
[60.553s][info][gc,heap        ] GC(361) Humongous regions: 45->45
[60.553s][info][gc,metaspace   ] GC(361) Metaspace: 13556K->13556K(31744K)
[60.553s][info][gc             ] GC(361) Pause Young (G1 Evacuation Pause) 125M->120M(512M) 58.668ms
[60.553s][info][gc,cpu         ] GC(361) User=0.38s Sys=0.00s Real=0.05s
[60.568s][info][gc,start       ] GC(362) Pause Mixed (G1 Evacuation Pause)
[60.568s][info][gc,task        ] GC(362) Using 8 workers of 8 for evacuation
[60.658s][info][gc,phases      ] GC(362)   Pre Evacuate Collection Set: 0.2ms
[60.658s][info][gc,phases      ] GC(362)   Evacuate Collection Set: 88.2ms
[60.659s][info][gc,phases      ] GC(362)   Post Evacuate Collection Set: 1.2ms
[60.659s][info][gc,phases      ] GC(362)   Other: 1.0ms
[60.659s][info][gc,heap        ] GC(362) Eden regions: 19->0(101)
[60.659s][info][gc,heap        ] GC(362) Survivor regions: 6->4(4)
[60.659s][info][gc,heap        ] GC(362) Old regions: 70->82
[60.659s][info][gc,heap        ] GC(362) Humongous regions: 45->45
[60.659s][info][gc,metaspace   ] GC(362) Metaspace: 13561K->13561K(31744K)
[60.659s][info][gc             ] GC(362) Pause Mixed (G1 Evacuation Pause) 139M->130M(512M) 90.842ms
[60.659s][info][gc,cpu         ] GC(362) User=0.66s Sys=0.02s Real=0.09s
[60.759s][info][gc,start       ] GC(363) Pause Young (G1 Evacuation Pause)
[60.759s][info][gc,task        ] GC(363) Using 8 workers of 8 for evacuation
[60.934s][info][gc,phases      ] GC(363)   Pre Evacuate Collection Set: 0.0ms
[60.934s][info][gc,phases      ] GC(363)   Evacuate Collection Set: 172.4ms
[60.934s][info][gc,phases      ] GC(363)   Post Evacuate Collection Set: 2.1ms
[60.934s][info][gc,phases      ] GC(363)   Other: 0.6ms
[60.934s][info][gc,heap        ] GC(363) Eden regions: 101->0(73)
[60.934s][info][gc,heap        ] GC(363) Survivor regions: 4->14(14)
[60.934s][info][gc,heap        ] GC(363) Old regions: 82->174
[60.934s][info][gc,heap        ] GC(363) Humongous regions: 45->45
[60.935s][info][gc,metaspace   ] GC(363) Metaspace: 13561K->13561K(31744K)
[60.935s][info][gc             ] GC(363) Pause Young (G1 Evacuation Pause) 231M->232M(512M) 175.598ms
[60.935s][info][gc,cpu         ] GC(363) User=1.03s Sys=0.14s Real=0.17s
[61.085s][info][gc,start       ] GC(364) Pause Young (G1 Evacuation Pause)
[61.085s][info][gc,task        ] GC(364) Using 8 workers of 8 for evacuation
[61.231s][info][gc,phases      ] GC(364)   Pre Evacuate Collection Set: 0.1ms
[61.231s][info][gc,phases      ] GC(364)   Evacuate Collection Set: 141.2ms
[61.231s][info][gc,phases      ] GC(364)   Post Evacuate Collection Set: 3.5ms
[61.231s][info][gc,phases      ] GC(364)   Other: 0.7ms
[61.231s][info][gc,heap        ] GC(364) Eden regions: 73->0(47)
[61.231s][info][gc,heap        ] GC(364) Survivor regions: 14->11(11)
[61.231s][info][gc,heap        ] GC(364) Old regions: 174->252
[61.231s][info][gc,heap        ] GC(364) Humongous regions: 45->45
[61.231s][info][gc,metaspace   ] GC(364) Metaspace: 13561K->13561K(31744K)
[61.231s][info][gc             ] GC(364) Pause Young (G1 Evacuation Pause) 305M->307M(512M) 145.960ms
[61.231s][info][gc,cpu         ] GC(364) User=0.92s Sys=0.09s Real=0.16s
[61.333s][info][gc,start       ] GC(365) Pause Initial Mark (G1 Humongous Allocation)
[61.333s][info][gc,task        ] GC(365) Using 8 workers of 8 for evacuation
[61.439s][info][gc,phases      ] GC(365)   Pre Evacuate Collection Set: 0.1ms
[61.439s][info][gc,phases      ] GC(365)   Evacuate Collection Set: 104.4ms
[61.439s][info][gc,phases      ] GC(365)   Post Evacuate Collection Set: 1.4ms
[61.440s][info][gc,phases      ] GC(365)   Other: 0.8ms
[61.440s][info][gc,heap        ] GC(365) Eden regions: 39->0(35)
[61.440s][info][gc,heap        ] GC(365) Survivor regions: 11->8(8)
[61.440s][info][gc,heap        ] GC(365) Old regions: 252->295
[61.440s][info][gc,heap        ] GC(365) Humongous regions: 45->45
[61.440s][info][gc,metaspace   ] GC(365) Metaspace: 13569K->13569K(31744K)
[61.440s][info][gc             ] GC(365) Pause Initial Mark (G1 Humongous Allocation) 346M->347M(512M) 107.054ms
[61.440s][info][gc,cpu         ] GC(365) User=0.69s Sys=0.03s Real=0.10s
[61.440s][info][gc             ] GC(366) Concurrent Cycle
[61.440s][info][gc,marking     ] GC(366) Concurrent Clear Claimed Marks
[61.440s][info][gc,marking     ] GC(366) Concurrent Clear Claimed Marks 0.110ms
[61.440s][info][gc,marking     ] GC(366) Concurrent Scan Root Regions
[61.445s][info][gc,marking     ] GC(366) Concurrent Scan Root Regions 5.291ms
[61.446s][info][gc,marking     ] GC(366) Concurrent Mark (61.446s)
[61.446s][info][gc,marking     ] GC(366) Concurrent Mark From Roots
[61.446s][info][gc,task        ] GC(366) Using 2 workers of 2 for marking
[61.454s][info][gc,marking     ] GC(366) Concurrent Mark From Roots 8.358ms
[61.454s][info][gc,marking     ] GC(366) Concurrent Mark (61.446s, 61.454s) 8.555ms
[61.481s][info][gc,start       ] GC(366) Pause Remark
[61.487s][info][gc,stringtable ] GC(366) Cleaned string and symbol table, strings: 7259 processed, 18 removed, symbols: 47102 processed, 0 removed
[61.487s][info][gc             ] GC(366) Pause Remark 392M->392M(512M) 5.689ms
[61.487s][info][gc,cpu         ] GC(366) User=0.00s Sys=0.00s Real=0.01s
[61.487s][info][gc,marking     ] GC(366) Concurrent Create Live Data
[61.490s][info][gc,marking     ] GC(366) Concurrent Create Live Data 3.506ms
[61.491s][info][gc,start       ] GC(366) Pause Cleanup
[61.492s][info][gc             ] GC(366) Pause Cleanup 393M->93M(512M) 1.479ms
[61.492s][info][gc,cpu         ] GC(366) User=0.00s Sys=0.00s Real=0.00s
[61.493s][info][gc,marking     ] GC(366) Concurrent Complete Cleanup
[61.493s][info][gc,marking     ] GC(366) Concurrent Complete Cleanup 0.659ms
[61.493s][info][gc,marking     ] GC(366) Concurrent Cleanup for Next Mark
[61.506s][info][gc,marking     ] GC(366) Concurrent Cleanup for Next Mark 12.500ms
[61.506s][info][gc             ] GC(366) Concurrent Cycle 66.250ms
[61.550s][info][gc,start       ] GC(367) Pause Young (G1 Evacuation Pause)
[61.550s][info][gc,task        ] GC(367) Using 8 workers of 8 for evacuation
[61.618s][info][gc,phases      ] GC(367)   Pre Evacuate Collection Set: 0.0ms
[61.618s][info][gc,phases      ] GC(367)   Evacuate Collection Set: 66.5ms
[61.618s][info][gc,phases      ] GC(367)   Post Evacuate Collection Set: 1.0ms
[61.618s][info][gc,phases      ] GC(367)   Other: 0.6ms
[61.618s][info][gc,heap        ] GC(367) Eden regions: 35->0(19)
[61.618s][info][gc,heap        ] GC(367) Survivor regions: 8->6(6)
[61.618s][info][gc,heap        ] GC(367) Old regions: 40->71
[61.618s][info][gc,heap        ] GC(367) Humongous regions: 45->45
[61.618s][info][gc,metaspace   ] GC(367) Metaspace: 13573K->13573K(31744K)
[61.618s][info][gc             ] GC(367) Pause Young (G1 Evacuation Pause) 127M->121M(512M) 68.436ms
[61.618s][info][gc,cpu         ] GC(367) User=0.50s Sys=0.00s Real=0.07s
[61.648s][info][gc,start       ] GC(368) Pause Mixed (G1 Evacuation Pause)
[61.648s][info][gc,task        ] GC(368) Using 8 workers of 8 for evacuation
[61.755s][info][gc,phases      ] GC(368)   Pre Evacuate Collection Set: 0.1ms
[61.755s][info][gc,phases      ] GC(368)   Evacuate Collection Set: 104.6ms
[61.755s][info][gc,phases      ] GC(368)   Post Evacuate Collection Set: 1.4ms
[61.755s][info][gc,phases      ] GC(368)   Other: 0.6ms
[61.755s][info][gc,heap        ] GC(368) Eden regions: 19->0(91)
[61.755s][info][gc,heap        ] GC(368) Survivor regions: 6->4(4)
[61.755s][info][gc,heap        ] GC(368) Old regions: 71->82
[61.755s][info][gc,heap        ] GC(368) Humongous regions: 45->45
[61.755s][info][gc,metaspace   ] GC(368) Metaspace: 13573K->13573K(31744K)
[61.756s][info][gc             ] GC(368) Pause Mixed (G1 Evacuation Pause) 140M->130M(512M) 107.281ms
[61.756s][info][gc,cpu         ] GC(368) User=0.81s Sys=0.00s Real=0.12s
[61.835s][info][gc,start       ] GC(369) Pause Young (G1 Evacuation Pause)
[61.835s][info][gc,task        ] GC(369) Using 8 workers of 8 for evacuation
[62.006s][info][gc,phases      ] GC(369)   Pre Evacuate Collection Set: 0.1ms
[62.006s][info][gc,phases      ] GC(369)   Evacuate Collection Set: 166.7ms
[62.006s][info][gc,phases      ] GC(369)   Post Evacuate Collection Set: 2.9ms
[62.006s][info][gc,phases      ] GC(369)   Other: 1.0ms
[62.006s][info][gc,heap        ] GC(369) Eden regions: 91->0(76)
[62.006s][info][gc,heap        ] GC(369) Survivor regions: 4->12(12)
[62.006s][info][gc,heap        ] GC(369) Old regions: 82->167
[62.006s][info][gc,heap        ] GC(369) Humongous regions: 45->45
[62.006s][info][gc,metaspace   ] GC(369) Metaspace: 13573K->13573K(31744K)
[62.006s][info][gc             ] GC(369) Pause Young (G1 Evacuation Pause) 221M->223M(512M) 171.159ms
[62.006s][info][gc,cpu         ] GC(369) User=1.20s Sys=0.06s Real=0.17s
[62.136s][info][gc,start       ] GC(370) Pause Young (G1 Evacuation Pause)
[62.136s][info][gc,task        ] GC(370) Using 8 workers of 8 for evacuation
[62.302s][info][gc,phases      ] GC(370)   Pre Evacuate Collection Set: 0.1ms
[62.304s][info][gc,phases      ] GC(370)   Evacuate Collection Set: 164.1ms
[62.304s][info][gc,phases      ] GC(370)   Post Evacuate Collection Set: 1.1ms
[62.304s][info][gc,phases      ] GC(370)   Other: 0.8ms
[62.304s][info][gc,heap        ] GC(370) Eden regions: 76->0(49)
[62.304s][info][gc,heap        ] GC(370) Survivor regions: 12->11(11)
[62.304s][info][gc,heap        ] GC(370) Old regions: 167->246
[62.304s][info][gc,heap        ] GC(370) Humongous regions: 45->45
[62.304s][info][gc,metaspace   ] GC(370) Metaspace: 13573K->13573K(31744K)
[62.304s][info][gc             ] GC(370) Pause Young (G1 Evacuation Pause) 299M->301M(512M) 168.155ms
[62.304s][info][gc,cpu         ] GC(370) User=1.09s Sys=0.11s Real=0.17s
[62.384s][info][gc,start       ] GC(371) Pause Initial Mark (G1 Humongous Allocation)
[62.384s][info][gc,task        ] GC(371) Using 8 workers of 8 for evacuation
[62.497s][info][gc,phases      ] GC(371)   Pre Evacuate Collection Set: 0.2ms
[62.497s][info][gc,phases      ] GC(371)   Evacuate Collection Set: 107.7ms
[62.497s][info][gc,phases      ] GC(371)   Post Evacuate Collection Set: 4.2ms
[62.497s][info][gc,phases      ] GC(371)   Other: 0.7ms
[62.497s][info][gc,heap        ] GC(371) Eden regions: 48->0(34)
[62.497s][info][gc,heap        ] GC(371) Survivor regions: 11->8(8)
[62.497s][info][gc,heap        ] GC(371) Old regions: 246->298
[62.497s][info][gc,heap        ] GC(371) Humongous regions: 45->45
[62.497s][info][gc,metaspace   ] GC(371) Metaspace: 13574K->13574K(31744K)
[62.498s][info][gc             ] GC(371) Pause Initial Mark (G1 Humongous Allocation) 349M->350M(512M) 113.281ms
[62.498s][info][gc,cpu         ] GC(371) User=0.77s Sys=0.08s Real=0.12s
[62.498s][info][gc             ] GC(372) Concurrent Cycle
[62.498s][info][gc,marking     ] GC(372) Concurrent Clear Claimed Marks
[62.498s][info][gc,marking     ] GC(372) Concurrent Clear Claimed Marks 0.083ms
[62.498s][info][gc,marking     ] GC(372) Concurrent Scan Root Regions
[62.509s][info][gc,marking     ] GC(372) Concurrent Scan Root Regions 11.391ms
[62.509s][info][gc,marking     ] GC(372) Concurrent Mark (62.509s)
[62.510s][info][gc,marking     ] GC(372) Concurrent Mark From Roots
[62.510s][info][gc,task        ] GC(372) Using 2 workers of 2 for marking
[62.519s][info][gc,marking     ] GC(372) Concurrent Mark From Roots 9.189ms
[62.519s][info][gc,marking     ] GC(372) Concurrent Mark (62.509s, 62.519s) 9.385ms
[62.535s][info][gc,start       ] GC(372) Pause Remark
[62.541s][info][gc,stringtable ] GC(372) Cleaned string and symbol table, strings: 7262 processed, 18 removed, symbols: 47103 processed, 0 removed
[62.541s][info][gc             ] GC(372) Pause Remark 397M->397M(512M) 6.213ms
[62.541s][info][gc,cpu         ] GC(372) User=0.00s Sys=0.02s Real=0.02s
[62.541s][info][gc,marking     ] GC(372) Concurrent Create Live Data
[62.544s][info][gc,marking     ] GC(372) Concurrent Create Live Data 2.069ms
[62.545s][info][gc,start       ] GC(372) Pause Cleanup
[62.546s][info][gc             ] GC(372) Pause Cleanup 397M->92M(512M) 1.156ms
[62.546s][info][gc,cpu         ] GC(372) User=0.00s Sys=0.00s Real=0.00s
[62.546s][info][gc,marking     ] GC(372) Concurrent Complete Cleanup
[62.547s][info][gc,marking     ] GC(372) Concurrent Complete Cleanup 0.602ms
[62.547s][info][gc,marking     ] GC(372) Concurrent Cleanup for Next Mark
[62.550s][info][gc,marking     ] GC(372) Concurrent Cleanup for Next Mark 3.275ms
[62.550s][info][gc             ] GC(372) Concurrent Cycle 52.546ms
[62.576s][info][gc,start       ] GC(373) Pause Young (G1 Evacuation Pause)
[62.576s][info][gc,task        ] GC(373) Using 8 workers of 8 for evacuation
[62.653s][info][gc,phases      ] GC(373)   Pre Evacuate Collection Set: 0.0ms
[62.653s][info][gc,phases      ] GC(373)   Evacuate Collection Set: 75.1ms
[62.653s][info][gc,phases      ] GC(373)   Post Evacuate Collection Set: 1.0ms
[62.653s][info][gc,phases      ] GC(373)   Other: 0.6ms
[62.653s][info][gc,heap        ] GC(373) Eden regions: 34->0(19)
[62.653s][info][gc,heap        ] GC(373) Survivor regions: 8->6(6)
[62.653s][info][gc,heap        ] GC(373) Old regions: 38->68
[62.653s][info][gc,heap        ] GC(373) Humongous regions: 46->46
[62.653s][info][gc,metaspace   ] GC(373) Metaspace: 13575K->13575K(31744K)
[62.653s][info][gc             ] GC(373) Pause Young (G1 Evacuation Pause) 125M->119M(512M) 77.133ms
[62.653s][info][gc,cpu         ] GC(373) User=0.58s Sys=0.00s Real=0.08s
[62.672s][info][gc,start       ] GC(374) Pause Mixed (G1 Evacuation Pause)
[62.672s][info][gc,task        ] GC(374) Using 8 workers of 8 for evacuation
[62.773s][info][gc,phases      ] GC(374)   Pre Evacuate Collection Set: 0.0ms
[62.773s][info][gc,phases      ] GC(374)   Evacuate Collection Set: 99.1ms
[62.773s][info][gc,phases      ] GC(374)   Post Evacuate Collection Set: 1.2ms
[62.774s][info][gc,phases      ] GC(374)   Other: 0.6ms
[62.774s][info][gc,heap        ] GC(374) Eden regions: 19->0(86)
[62.774s][info][gc,heap        ] GC(374) Survivor regions: 6->4(4)
[62.774s][info][gc,heap        ] GC(374) Old regions: 68->81
[62.774s][info][gc,heap        ] GC(374) Humongous regions: 46->46
[62.774s][info][gc,metaspace   ] GC(374) Metaspace: 13575K->13575K(31744K)
[62.774s][info][gc             ] GC(374) Pause Mixed (G1 Evacuation Pause) 138M->130M(512M) 101.520ms
[62.774s][info][gc,cpu         ] GC(374) User=0.80s Sys=0.00s Real=0.11s
[62.862s][info][gc,start       ] GC(375) Pause Young (G1 Evacuation Pause)
[62.862s][info][gc,task        ] GC(375) Using 8 workers of 8 for evacuation
[63.049s][info][gc,phases      ] GC(375)   Pre Evacuate Collection Set: 0.1ms
[63.049s][info][gc,phases      ] GC(375)   Evacuate Collection Set: 183.8ms
[63.049s][info][gc,phases      ] GC(375)   Post Evacuate Collection Set: 2.5ms
[63.049s][info][gc,phases      ] GC(375)   Other: 0.6ms
[63.049s][info][gc,heap        ] GC(375) Eden regions: 86->0(78)
[63.049s][info][gc,heap        ] GC(375) Survivor regions: 4->12(12)
[63.049s][info][gc,heap        ] GC(375) Old regions: 81->161
[63.049s][info][gc,heap        ] GC(375) Humongous regions: 46->46
[63.049s][info][gc,metaspace   ] GC(375) Metaspace: 13575K->13575K(31744K)
[63.049s][info][gc             ] GC(375) Pause Young (G1 Evacuation Pause) 216M->218M(512M) 187.248ms
[63.049s][info][gc,cpu         ] GC(375) User=1.45s Sys=0.03s Real=0.19s
[63.142s][info][gc,start       ] GC(376) Pause Young (G1 Evacuation Pause)
[63.142s][info][gc,task        ] GC(376) Using 8 workers of 8 for evacuation
[63.287s][info][gc,phases      ] GC(376)   Pre Evacuate Collection Set: 0.1ms
[63.287s][info][gc,phases      ] GC(376)   Evacuate Collection Set: 142.7ms
[63.287s][info][gc,phases      ] GC(376)   Post Evacuate Collection Set: 1.7ms
[63.287s][info][gc,phases      ] GC(376)   Other: 0.6ms
[63.287s][info][gc,heap        ] GC(376) Eden regions: 78->0(50)
[63.287s][info][gc,heap        ] GC(376) Survivor regions: 12->12(12)
[63.288s][info][gc,heap        ] GC(376) Old regions: 161->241
[63.288s][info][gc,heap        ] GC(376) Humongous regions: 46->46
[63.288s][info][gc,metaspace   ] GC(376) Metaspace: 13575K->13575K(31744K)
[63.288s][info][gc             ] GC(376) Pause Young (G1 Evacuation Pause) 296M->298M(512M) 145.484ms
[63.288s][info][gc,cpu         ] GC(376) User=1.05s Sys=0.08s Real=0.14s
[63.370s][info][gc,start       ] GC(377) Pause Initial Mark (G1 Evacuation Pause)
[63.370s][info][gc,task        ] GC(377) Using 8 workers of 8 for evacuation
[63.502s][info][gc,phases      ] GC(377)   Pre Evacuate Collection Set: 0.1ms
[63.502s][info][gc,phases      ] GC(377)   Evacuate Collection Set: 130.5ms
[63.502s][info][gc,phases      ] GC(377)   Post Evacuate Collection Set: 1.1ms
[63.502s][info][gc,phases      ] GC(377)   Other: 0.6ms
[63.502s][info][gc,heap        ] GC(377) Eden regions: 50->0(33)
[63.502s][info][gc,heap        ] GC(377) Survivor regions: 12->8(8)
[63.502s][info][gc,heap        ] GC(377) Old regions: 241->298
[63.502s][info][gc,heap        ] GC(377) Humongous regions: 46->46
[63.502s][info][gc,metaspace   ] GC(377) Metaspace: 13575K->13575K(31744K)
[63.502s][info][gc             ] GC(377) Pause Initial Mark (G1 Evacuation Pause) 348M->351M(512M) 132.881ms
[63.503s][info][gc,cpu         ] GC(377) User=0.95s Sys=0.02s Real=0.14s
[63.503s][info][gc             ] GC(378) Concurrent Cycle
[63.503s][info][gc,marking     ] GC(378) Concurrent Clear Claimed Marks
[63.503s][info][gc,marking     ] GC(378) Concurrent Clear Claimed Marks 0.072ms
[63.503s][info][gc,marking     ] GC(378) Concurrent Scan Root Regions
[63.513s][info][gc,marking     ] GC(378) Concurrent Scan Root Regions 9.813ms
[63.513s][info][gc,marking     ] GC(378) Concurrent Mark (63.513s)
[63.513s][info][gc,marking     ] GC(378) Concurrent Mark From Roots
[63.513s][info][gc,task        ] GC(378) Using 2 workers of 2 for marking
[63.606s][info][gc,start       ] GC(379) Pause Young (G1 Evacuation Pause)
[63.606s][info][gc,task        ] GC(379) Using 8 workers of 8 for evacuation
[63.685s][info][gc,phases      ] GC(379)   Pre Evacuate Collection Set: 0.0ms
[63.685s][info][gc,phases      ] GC(379)   Evacuate Collection Set: 77.8ms
[63.685s][info][gc,phases      ] GC(379)   Post Evacuate Collection Set: 1.2ms
[63.685s][info][gc,phases      ] GC(379)   Other: 0.6ms
[63.685s][info][gc,heap        ] GC(379) Eden regions: 33->0(19)
[63.686s][info][gc,heap        ] GC(379) Survivor regions: 8->6(6)
[63.686s][info][gc,heap        ] GC(379) Old regions: 298->334
[63.686s][info][gc,heap        ] GC(379) Humongous regions: 92->92
[63.686s][info][gc,metaspace   ] GC(379) Metaspace: 13577K->13577K(31744K)
[63.687s][info][gc             ] GC(379) Pause Young (G1 Evacuation Pause) 430M->431M(512M) 81.339ms
[63.687s][info][gc,cpu         ] GC(379) User=0.75s Sys=0.00s Real=0.08s
[63.703s][info][gc,start       ] GC(380) Pause Young (G1 Evacuation Pause)
[63.703s][info][gc,task        ] GC(380) Using 8 workers of 8 for evacuation
[63.773s][info][gc,phases      ] GC(380)   Pre Evacuate Collection Set: 0.1ms
[63.774s][info][gc,phases      ] GC(380)   Evacuate Collection Set: 68.9ms
[63.774s][info][gc,phases      ] GC(380)   Post Evacuate Collection Set: 0.9ms
[63.774s][info][gc,phases      ] GC(380)   Other: 0.7ms
[63.774s][info][gc,heap        ] GC(380) Eden regions: 19->0(21)
[63.774s][info][gc,heap        ] GC(380) Survivor regions: 6->4(4)
[63.774s][info][gc,heap        ] GC(380) Old regions: 334->357
[63.774s][info][gc,heap        ] GC(380) Humongous regions: 92->92
[63.774s][info][gc,metaspace   ] GC(380) Metaspace: 13577K->13577K(31744K)
[63.774s][info][gc             ] GC(380) Pause Young (G1 Evacuation Pause) 450M->452M(512M) 71.079ms
[63.774s][info][gc,cpu         ] GC(380) User=0.48s Sys=0.00s Real=0.06s
[63.809s][info][gc,start       ] GC(381) Pause Young (G1 Evacuation Pause)
[63.809s][info][gc,task        ] GC(381) Using 8 workers of 8 for evacuation
[63.875s][info][gc,phases      ] GC(381)   Pre Evacuate Collection Set: 0.1ms
[63.875s][info][gc,phases      ] GC(381)   Evacuate Collection Set: 63.0ms
[63.875s][info][gc,phases      ] GC(381)   Post Evacuate Collection Set: 3.0ms
[63.875s][info][gc,phases      ] GC(381)   Other: 0.6ms
[63.875s][info][gc,heap        ] GC(381) Eden regions: 21->0(21)
[63.875s][info][gc,heap        ] GC(381) Survivor regions: 4->4(4)
[63.876s][info][gc,heap        ] GC(381) Old regions: 357->380
[63.876s][info][gc,heap        ] GC(381) Humongous regions: 92->92
[63.876s][info][gc,metaspace   ] GC(381) Metaspace: 13577K->13577K(31744K)
[63.876s][info][gc             ] GC(381) Pause Young (G1 Evacuation Pause) 473M->475M(512M) 67.069ms
[63.876s][info][gc,cpu         ] GC(381) User=0.38s Sys=0.00s Real=0.05s
[63.912s][info][gc,start       ] GC(382) Pause Young (G1 Evacuation Pause)
[63.912s][info][gc,task        ] GC(382) Using 8 workers of 8 for evacuation
[64.000s][info][gc             ] GC(382) To-space exhausted
[64.000s][info][gc,phases      ] GC(382)   Pre Evacuate Collection Set: 0.0ms
[64.000s][info][gc,phases      ] GC(382)   Evacuate Collection Set: 75.0ms
[64.000s][info][gc,phases      ] GC(382)   Post Evacuate Collection Set: 12.6ms
[64.001s][info][gc,phases      ] GC(382)   Other: 0.7ms
[64.001s][info][gc,heap        ] GC(382) Eden regions: 21->0(21)
[64.001s][info][gc,heap        ] GC(382) Survivor regions: 4->4(4)
[64.001s][info][gc,heap        ] GC(382) Old regions: 380->406
[64.001s][info][gc,heap        ] GC(382) Humongous regions: 92->92
[64.001s][info][gc,metaspace   ] GC(382) Metaspace: 13577K->13577K(31744K)
[64.001s][info][gc             ] GC(382) Pause Young (G1 Evacuation Pause) 496M->501M(512M) 88.580ms
[64.001s][info][gc,cpu         ] GC(382) User=0.78s Sys=0.00s Real=0.11s
[64.013s][info][gc,start       ] GC(383) Pause Young (G1 Evacuation Pause)
[64.013s][info][gc,task        ] GC(383) Using 8 workers of 8 for evacuation
[64.106s][info][gc             ] GC(383) To-space exhausted
[64.106s][info][gc,phases      ] GC(383)   Pre Evacuate Collection Set: 0.0ms
[64.106s][info][gc,phases      ] GC(383)   Evacuate Collection Set: 72.5ms
[64.106s][info][gc,phases      ] GC(383)   Post Evacuate Collection Set: 20.1ms
[64.106s][info][gc,phases      ] GC(383)   Other: 0.6ms
[64.106s][info][gc,heap        ] GC(383) Eden regions: 10->0(25)
[64.107s][info][gc,heap        ] GC(383) Survivor regions: 4->0(4)
[64.107s][info][gc,heap        ] GC(383) Old regions: 406->420
[64.107s][info][gc,heap        ] GC(383) Humongous regions: 92->92
[64.107s][info][gc,metaspace   ] GC(383) Metaspace: 13577K->13577K(31744K)
[64.107s][info][gc             ] GC(383) Pause Young (G1 Evacuation Pause) 511M->511M(512M) 93.681ms
[64.107s][info][gc,cpu         ] GC(383) User=0.67s Sys=0.00s Real=0.10s
[64.107s][info][gc,start       ] GC(384) Pause Young (G1 Evacuation Pause)
[64.107s][info][gc,task        ] GC(384) Using 8 workers of 8 for evacuation
[64.132s][info][gc,phases      ] GC(384)   Pre Evacuate Collection Set: 0.0ms
[64.132s][info][gc,phases      ] GC(384)   Evacuate Collection Set: 19.7ms
[64.132s][info][gc,phases      ] GC(384)   Post Evacuate Collection Set: 4.5ms
[64.132s][info][gc,phases      ] GC(384)   Other: 0.5ms
[64.132s][info][gc,heap        ] GC(384) Eden regions: 0->0(25)
[64.132s][info][gc,heap        ] GC(384) Survivor regions: 0->0(4)
[64.132s][info][gc,heap        ] GC(384) Old regions: 420->420
[64.132s][info][gc,heap        ] GC(384) Humongous regions: 92->92
[64.132s][info][gc,metaspace   ] GC(384) Metaspace: 13577K->13577K(31744K)
[64.133s][info][gc             ] GC(384) Pause Young (G1 Evacuation Pause) 511M->511M(512M) 25.442ms
[64.133s][info][gc,cpu         ] GC(384) User=0.00s Sys=0.02s Real=0.03s
[64.134s][info][gc,start       ] GC(385) Pause Full (Allocation Failure)
[64.136s][info][gc,phases,start] GC(385) Phase 1: Mark live objects
[64.461s][info][gc,stringtable ] GC(385) Cleaned string and symbol table, strings: 7262 processed, 347 removed, symbols: 47103 processed, 0 removed
[64.461s][info][gc,phases      ] GC(385) Phase 1: Mark live objects 325.058ms
[64.461s][info][gc,phases,start] GC(385) Phase 2: Prepare for compaction
[64.501s][info][gc,phases      ] GC(385) Phase 2: Prepare for compaction 40.013ms
[64.501s][info][gc,phases,start] GC(385) Phase 3: Adjust pointers and remembered sets
[64.620s][info][gc,phases      ] GC(385) Phase 3: Adjust pointers and remembered sets 119.048ms
[64.620s][info][gc,phases,start] GC(385) Phase 4: Compact heap
[64.680s][info][gc,phases      ] GC(385) Phase 4: Compact heap 59.559ms
[64.682s][info][gc,heap        ] GC(385) Eden regions: 0->0(94)
[64.683s][info][gc,heap        ] GC(385) Survivor regions: 0->0(4)
[64.683s][info][gc,heap        ] GC(385) Old regions: 420->106
[64.683s][info][gc,heap        ] GC(385) Humongous regions: 92->46
[64.683s][info][gc,metaspace   ] GC(385) Metaspace: 13577K->13495K(31744K)
[64.683s][info][gc             ] GC(385) Pause Full (Allocation Failure) 511M->148M(512M) 548.880ms
[64.683s][info][gc,cpu         ] GC(385) User=3.22s Sys=0.08s Real=0.54s
[64.684s][info][gc,marking     ] GC(378) Concurrent Mark From Roots 1171.098ms
[64.684s][info][gc,marking     ] GC(378) Concurrent Mark Abort
[64.684s][info][gc             ] GC(378) Concurrent Cycle 1181.388ms
[64.778s][info][gc,start       ] GC(386) Pause Young (G1 Evacuation Pause)
[64.778s][info][gc,task        ] GC(386) Using 8 workers of 8 for evacuation
[64.984s][info][gc,mmu         ] GC(386) MMU target violated: 201.0ms (200.0ms/201.0ms)
[64.985s][info][gc,phases      ] GC(386)   Pre Evacuate Collection Set: 0.1ms
[64.985s][info][gc,phases      ] GC(386)   Evacuate Collection Set: 203.7ms
[64.985s][info][gc,phases      ] GC(386)   Post Evacuate Collection Set: 1.6ms
[64.985s][info][gc,phases      ] GC(386)   Other: 1.4ms
[64.985s][info][gc,heap        ] GC(386) Eden regions: 94->0(67)
[64.985s][info][gc,heap        ] GC(386) Survivor regions: 0->12(12)
[64.985s][info][gc,heap        ] GC(386) Old regions: 106->188
[64.985s][info][gc,heap        ] GC(386) Humongous regions: 46->46
[64.985s][info][gc,metaspace   ] GC(386) Metaspace: 13575K->13575K(31744K)
[64.985s][info][gc             ] GC(386) Pause Young (G1 Evacuation Pause) 242M->241M(512M) 207.158ms
[64.985s][info][gc,cpu         ] GC(386) User=1.53s Sys=0.05s Real=0.22s
[65.123s][info][gc,start       ] GC(387) Pause Young (G1 Evacuation Pause)
[65.123s][info][gc,task        ] GC(387) Using 8 workers of 8 for evacuation
[65.258s][info][gc,phases      ] GC(387)   Pre Evacuate Collection Set: 0.1ms
[65.258s][info][gc,phases      ] GC(387)   Evacuate Collection Set: 132.1ms
[65.258s][info][gc,phases      ] GC(387)   Post Evacuate Collection Set: 1.8ms
[65.258s][info][gc,phases      ] GC(387)   Other: 0.9ms
[65.258s][info][gc,heap        ] GC(387) Eden regions: 67->0(45)
[65.258s][info][gc,heap        ] GC(387) Survivor regions: 12->10(10)
[65.258s][info][gc,heap        ] GC(387) Old regions: 188->259
[65.258s][info][gc,heap        ] GC(387) Humongous regions: 46->46
[65.258s][info][gc,metaspace   ] GC(387) Metaspace: 13575K->13575K(31744K)
[65.258s][info][gc             ] GC(387) Pause Young (G1 Evacuation Pause) 308M->310M(512M) 135.536ms
[65.258s][info][gc,cpu         ] GC(387) User=1.08s Sys=0.02s Real=0.14s
[65.319s][info][gc,start       ] GC(388) Pause Initial Mark (G1 Humongous Allocation)
[65.319s][info][gc,task        ] GC(388) Using 8 workers of 8 for evacuation
[65.370s][info][gc,phases      ] GC(388)   Pre Evacuate Collection Set: 0.1ms
[65.370s][info][gc,phases      ] GC(388)   Evacuate Collection Set: 49.8ms
[65.370s][info][gc,phases      ] GC(388)   Post Evacuate Collection Set: 0.8ms
[65.370s][info][gc,phases      ] GC(388)   Other: 0.6ms
[65.370s][info][gc,heap        ] GC(388) Eden regions: 13->0(40)
[65.370s][info][gc,heap        ] GC(388) Survivor regions: 10->7(7)
[65.371s][info][gc,heap        ] GC(388) Old regions: 259->276
[65.371s][info][gc,heap        ] GC(388) Humongous regions: 46->46
[65.371s][info][gc,metaspace   ] GC(388) Metaspace: 13575K->13575K(31744K)
[65.371s][info][gc             ] GC(388) Pause Initial Mark (G1 Humongous Allocation) 323M->324M(512M) 51.593ms
[65.371s][info][gc,cpu         ] GC(388) User=0.38s Sys=0.00s Real=0.05s
[65.371s][info][gc             ] GC(389) Concurrent Cycle
[65.371s][info][gc,marking     ] GC(389) Concurrent Clear Claimed Marks
[65.371s][info][gc,marking     ] GC(389) Concurrent Clear Claimed Marks 0.079ms
[65.371s][info][gc,marking     ] GC(389) Concurrent Scan Root Regions
[65.376s][info][gc,marking     ] GC(389) Concurrent Scan Root Regions 5.307ms
[65.377s][info][gc,marking     ] GC(389) Concurrent Mark (65.377s)
[65.377s][info][gc,marking     ] GC(389) Concurrent Mark From Roots
[65.377s][info][gc,task        ] GC(389) Using 2 workers of 2 for marking
[65.386s][info][gc,marking     ] GC(389) Concurrent Mark From Roots 9.353ms
[65.386s][info][gc,marking     ] GC(389) Concurrent Mark (65.377s, 65.386s) 9.529ms
[65.387s][info][gc,start       ] GC(389) Pause Remark
[65.392s][info][gc,stringtable ] GC(389) Cleaned string and symbol table, strings: 7275 processed, 18 removed, symbols: 47120 processed, 21 removed
[65.392s][info][gc             ] GC(389) Pause Remark 370M->370M(512M) 5.169ms
[65.392s][info][gc,cpu         ] GC(389) User=0.00s Sys=0.00s Real=0.00s
[65.392s][info][gc,marking     ] GC(389) Concurrent Create Live Data
[65.394s][info][gc,marking     ] GC(389) Concurrent Create Live Data 1.977ms
[65.403s][info][gc,start       ] GC(389) Pause Cleanup
[65.406s][info][gc             ] GC(389) Pause Cleanup 371M->67M(512M) 2.576ms
[65.406s][info][gc,cpu         ] GC(389) User=0.11s Sys=0.00s Real=0.02s
[65.406s][info][gc,marking     ] GC(389) Concurrent Complete Cleanup
[65.407s][info][gc,marking     ] GC(389) Concurrent Complete Cleanup 0.814ms
[65.407s][info][gc,marking     ] GC(389) Concurrent Cleanup for Next Mark
[65.412s][info][gc,marking     ] GC(389) Concurrent Cleanup for Next Mark 5.260ms
[65.412s][info][gc             ] GC(389) Concurrent Cycle 41.212ms
[65.442s][info][gc,start       ] GC(390) Pause Young (G1 Evacuation Pause)
[65.442s][info][gc,task        ] GC(390) Using 8 workers of 8 for evacuation
[65.502s][info][gc,phases      ] GC(390)   Pre Evacuate Collection Set: 0.0ms
[65.502s][info][gc,phases      ] GC(390)   Evacuate Collection Set: 57.2ms
[65.502s][info][gc,phases      ] GC(390)   Post Evacuate Collection Set: 1.2ms
[65.502s][info][gc,phases      ] GC(390)   Other: 0.9ms
[65.502s][info][gc,heap        ] GC(390) Eden regions: 40->0(121)
[65.502s][info][gc,heap        ] GC(390) Survivor regions: 7->6(6)
[65.502s][info][gc,heap        ] GC(390) Old regions: 14->50
[65.502s][info][gc,heap        ] GC(390) Humongous regions: 46->46
[65.502s][info][gc,metaspace   ] GC(390) Metaspace: 13575K->13575K(31744K)
[65.502s][info][gc             ] GC(390) Pause Young (G1 Evacuation Pause) 106M->101M(512M) 59.860ms
[65.502s][info][gc,cpu         ] GC(390) User=0.47s Sys=0.03s Real=0.06s
[65.644s][info][gc,start       ] GC(391) Pause Young (G1 Evacuation Pause)
[65.644s][info][gc,task        ] GC(391) Using 8 workers of 8 for evacuation
[65.841s][info][gc,phases      ] GC(391)   Pre Evacuate Collection Set: 0.1ms
[65.842s][info][gc,phases      ] GC(391)   Evacuate Collection Set: 194.6ms
[65.842s][info][gc,phases      ] GC(391)   Post Evacuate Collection Set: 2.1ms
[65.842s][info][gc,phases      ] GC(391)   Other: 0.7ms
[65.842s][info][gc,heap        ] GC(391) Eden regions: 120->0(75)
[65.842s][info][gc,heap        ] GC(391) Survivor regions: 6->16(16)
[65.842s][info][gc,heap        ] GC(391) Old regions: 50->161
[65.842s][info][gc,heap        ] GC(391) Humongous regions: 46->46
[65.842s][info][gc,metaspace   ] GC(391) Metaspace: 13585K->13585K(31744K)
[65.842s][info][gc             ] GC(391) Pause Young (G1 Evacuation Pause) 221M->222M(512M) 197.800ms
[65.842s][info][gc,cpu         ] GC(391) User=1.45s Sys=0.14s Real=0.20s
[65.998s][info][gc,start       ] GC(392) Pause Initial Mark (G1 Evacuation Pause)
[65.998s][info][gc,task        ] GC(392) Using 8 workers of 8 for evacuation
[66.211s][info][gc,mmu         ] GC(392) MMU target violated: 201.0ms (200.0ms/201.0ms)
[66.212s][info][gc,phases      ] GC(392)   Pre Evacuate Collection Set: 0.1ms
[66.212s][info][gc,phases      ] GC(392)   Evacuate Collection Set: 210.6ms
[66.212s][info][gc,phases      ] GC(392)   Post Evacuate Collection Set: 1.7ms
[66.212s][info][gc,phases      ] GC(392)   Other: 1.2ms
[66.212s][info][gc,heap        ] GC(392) Eden regions: 75->0(50)
[66.212s][info][gc,heap        ] GC(392) Survivor regions: 16->12(12)
[66.212s][info][gc,heap        ] GC(392) Old regions: 161->242
[66.212s][info][gc,heap        ] GC(392) Humongous regions: 46->46
[66.212s][info][gc,metaspace   ] GC(392) Metaspace: 13585K->13585K(31744K)
[66.212s][info][gc             ] GC(392) Pause Initial Mark (G1 Evacuation Pause) 297M->299M(512M) 214.088ms
[66.212s][info][gc,cpu         ] GC(392) User=1.42s Sys=0.16s Real=0.21s
[66.212s][info][gc             ] GC(393) Concurrent Cycle
[66.213s][info][gc,marking     ] GC(393) Concurrent Clear Claimed Marks
[66.213s][info][gc,marking     ] GC(393) Concurrent Clear Claimed Marks 0.104ms
[66.213s][info][gc,marking     ] GC(393) Concurrent Scan Root Regions
[66.222s][info][gc,marking     ] GC(393) Concurrent Scan Root Regions 9.006ms
[66.222s][info][gc,marking     ] GC(393) Concurrent Mark (66.222s)
[66.222s][info][gc,marking     ] GC(393) Concurrent Mark From Roots
[66.222s][info][gc,task        ] GC(393) Using 2 workers of 2 for marking
[66.399s][info][gc,start       ] GC(394) Pause Young (G1 Evacuation Pause)
[66.399s][info][gc,task        ] GC(394) Using 8 workers of 8 for evacuation
[66.523s][info][gc,phases      ] GC(394)   Pre Evacuate Collection Set: 0.0ms
[66.523s][info][gc,phases      ] GC(394)   Evacuate Collection Set: 121.8ms
[66.523s][info][gc,phases      ] GC(394)   Post Evacuate Collection Set: 1.6ms
[66.523s][info][gc,phases      ] GC(394)   Other: 0.6ms
[66.523s][info][gc,heap        ] GC(394) Eden regions: 50->0(19)
[66.523s][info][gc,heap        ] GC(394) Survivor regions: 12->8(8)
[66.523s][info][gc,heap        ] GC(394) Old regions: 242->298
[66.523s][info][gc,heap        ] GC(394) Humongous regions: 93->93
[66.523s][info][gc,metaspace   ] GC(394) Metaspace: 13585K->13585K(31744K)
[66.523s][info][gc             ] GC(394) Pause Young (G1 Evacuation Pause) 396M->398M(512M) 124.419ms
[66.523s][info][gc,cpu         ] GC(394) User=0.94s Sys=0.09s Real=0.14s
[66.586s][info][gc,start       ] GC(395) Pause Young (G1 Evacuation Pause)
[66.586s][info][gc,task        ] GC(395) Using 8 workers of 8 for evacuation
[66.702s][info][gc,phases      ] GC(395)   Pre Evacuate Collection Set: 0.1ms
[66.702s][info][gc,phases      ] GC(395)   Evacuate Collection Set: 113.8ms
[66.702s][info][gc,phases      ] GC(395)   Post Evacuate Collection Set: 0.9ms
[66.702s][info][gc,phases      ] GC(395)   Other: 0.8ms
[66.702s][info][gc,heap        ] GC(395) Eden regions: 19->0(21)
[66.702s][info][gc,heap        ] GC(395) Survivor regions: 8->4(4)
[66.702s][info][gc,heap        ] GC(395) Old regions: 298->322
[66.702s][info][gc,heap        ] GC(395) Humongous regions: 93->93
[66.702s][info][gc,metaspace   ] GC(395) Metaspace: 13587K->13587K(31744K)
[66.702s][info][gc             ] GC(395) Pause Young (G1 Evacuation Pause) 417M->418M(512M) 116.135ms
[66.702s][info][gc,cpu         ] GC(395) User=0.55s Sys=0.05s Real=0.13s
[66.749s][info][gc,start       ] GC(396) Pause Young (G1 Evacuation Pause)
[66.749s][info][gc,task        ] GC(396) Using 8 workers of 8 for evacuation
[66.808s][info][gc,phases      ] GC(396)   Pre Evacuate Collection Set: 0.1ms
[66.808s][info][gc,phases      ] GC(396)   Evacuate Collection Set: 54.7ms
[66.808s][info][gc,phases      ] GC(396)   Post Evacuate Collection Set: 3.5ms
[66.808s][info][gc,phases      ] GC(396)   Other: 0.7ms
[66.808s][info][gc,heap        ] GC(396) Eden regions: 21->0(21)
[66.808s][info][gc,heap        ] GC(396) Survivor regions: 4->4(4)
[66.808s][info][gc,heap        ] GC(396) Old regions: 322->345
[66.808s][info][gc,heap        ] GC(396) Humongous regions: 93->93
[66.808s][info][gc,metaspace   ] GC(396) Metaspace: 13587K->13587K(31744K)
[66.808s][info][gc             ] GC(396) Pause Young (G1 Evacuation Pause) 439M->441M(512M) 59.337ms
[66.808s][info][gc,cpu         ] GC(396) User=0.34s Sys=0.00s Real=0.07s
[66.857s][info][gc,start       ] GC(397) Pause Young (G1 Evacuation Pause)
[66.857s][info][gc,task        ] GC(397) Using 8 workers of 8 for evacuation
[66.929s][info][gc,phases      ] GC(397)   Pre Evacuate Collection Set: 0.0ms
[66.929s][info][gc,phases      ] GC(397)   Evacuate Collection Set: 70.8ms
[66.929s][info][gc,phases      ] GC(397)   Post Evacuate Collection Set: 0.9ms
[66.929s][info][gc,phases      ] GC(397)   Other: 0.5ms
[66.929s][info][gc,heap        ] GC(397) Eden regions: 21->0(21)
[66.930s][info][gc,heap        ] GC(397) Survivor regions: 4->4(4)
[66.930s][info][gc,heap        ] GC(397) Old regions: 345->368
[66.930s][info][gc,heap        ] GC(397) Humongous regions: 93->93
[66.930s][info][gc,metaspace   ] GC(397) Metaspace: 13592K->13592K(31744K)
[66.930s][info][gc             ] GC(397) Pause Young (G1 Evacuation Pause) 462M->464M(512M) 72.740ms
[66.930s][info][gc,cpu         ] GC(397) User=0.47s Sys=0.02s Real=0.08s
[66.971s][info][gc,start       ] GC(398) Pause Young (G1 Evacuation Pause)
[66.971s][info][gc,task        ] GC(398) Using 8 workers of 8 for evacuation
[67.082s][info][gc             ] GC(398) To-space exhausted
[67.082s][info][gc,phases      ] GC(398)   Pre Evacuate Collection Set: 0.1ms
[67.082s][info][gc,phases      ] GC(398)   Evacuate Collection Set: 106.8ms
[67.082s][info][gc,phases      ] GC(398)   Post Evacuate Collection Set: 2.6ms
[67.082s][info][gc,phases      ] GC(398)   Other: 1.1ms
[67.082s][info][gc,heap        ] GC(398) Eden regions: 21->0(21)
[67.082s][info][gc,heap        ] GC(398) Survivor regions: 4->4(4)
[67.082s][info][gc,heap        ] GC(398) Old regions: 368->391
[67.082s][info][gc,heap        ] GC(398) Humongous regions: 93->93
[67.082s][info][gc,metaspace   ] GC(398) Metaspace: 13593K->13593K(31744K)
[67.082s][info][gc             ] GC(398) Pause Young (G1 Evacuation Pause) 485M->487M(512M) 110.859ms
[67.082s][info][gc,cpu         ] GC(398) User=0.61s Sys=0.03s Real=0.11s
[67.119s][info][gc,start       ] GC(399) Pause Young (G1 Evacuation Pause)
[67.120s][info][gc,task        ] GC(399) Using 8 workers of 8 for evacuation
[67.223s][info][gc             ] GC(399) To-space exhausted
[67.223s][info][gc,phases      ] GC(399)   Pre Evacuate Collection Set: 0.0ms
[67.223s][info][gc,phases      ] GC(399)   Evacuate Collection Set: 72.8ms
[67.223s][info][gc,phases      ] GC(399)   Post Evacuate Collection Set: 30.1ms
[67.223s][info][gc,phases      ] GC(399)   Other: 0.7ms
[67.223s][info][gc,heap        ] GC(399) Eden regions: 21->0(24)
[67.223s][info][gc,heap        ] GC(399) Survivor regions: 4->1(4)
[67.223s][info][gc,heap        ] GC(399) Old regions: 391->418
[67.223s][info][gc,heap        ] GC(399) Humongous regions: 93->93
[67.223s][info][gc,metaspace   ] GC(399) Metaspace: 13605K->13605K(31744K)
[67.224s][info][gc             ] GC(399) Pause Young (G1 Evacuation Pause) 508M->511M(512M) 104.111ms
[67.224s][info][gc,cpu         ] GC(399) User=0.56s Sys=0.03s Real=0.10s
[67.224s][info][gc,start       ] GC(400) Pause Young (G1 Evacuation Pause)
[67.224s][info][gc,task        ] GC(400) Using 8 workers of 8 for evacuation
[67.258s][info][gc             ] GC(400) To-space exhausted
[67.258s][info][gc,phases      ] GC(400)   Pre Evacuate Collection Set: 0.0ms
[67.258s][info][gc,phases      ] GC(400)   Evacuate Collection Set: 29.2ms
[67.258s][info][gc,phases      ] GC(400)   Post Evacuate Collection Set: 4.0ms
[67.258s][info][gc,phases      ] GC(400)   Other: 0.6ms
[67.258s][info][gc,heap        ] GC(400) Eden regions: 0->0(25)
[67.258s][info][gc,heap        ] GC(400) Survivor regions: 1->0(4)
[67.258s][info][gc,heap        ] GC(400) Old regions: 418->419
[67.258s][info][gc,heap        ] GC(400) Humongous regions: 93->93
[67.258s][info][gc,metaspace   ] GC(400) Metaspace: 13605K->13605K(31744K)
[67.258s][info][gc             ] GC(400) Pause Young (G1 Evacuation Pause) 511M->511M(512M) 34.110ms
[67.258s][info][gc,cpu         ] GC(400) User=0.14s Sys=0.00s Real=0.03s
[67.259s][info][gc,start       ] GC(401) Pause Full (Allocation Failure)
[67.261s][info][gc,phases,start] GC(401) Phase 1: Mark live objects
[67.557s][info][gc,stringtable ] GC(401) Cleaned string and symbol table, strings: 7297 processed, 361 removed, symbols: 47103 processed, 0 removed
[67.557s][info][gc,phases      ] GC(401) Phase 1: Mark live objects 296.160ms
[67.557s][info][gc,phases,start] GC(401) Phase 2: Prepare for compaction
[67.583s][info][gc,phases      ] GC(401) Phase 2: Prepare for compaction 25.927ms
[67.583s][info][gc,phases,start] GC(401) Phase 3: Adjust pointers and remembered sets
[67.685s][info][gc,phases      ] GC(401) Phase 3: Adjust pointers and remembered sets 102.124ms
[67.685s][info][gc,phases,start] GC(401) Phase 4: Compact heap
[67.801s][info][gc,phases      ] GC(401) Phase 4: Compact heap 115.214ms
[67.803s][info][gc,heap        ] GC(401) Eden regions: 0->0(94)
[67.803s][info][gc,heap        ] GC(401) Survivor regions: 0->0(4)
[67.803s][info][gc,heap        ] GC(401) Old regions: 419->118
[67.803s][info][gc,heap        ] GC(401) Humongous regions: 93->47
[67.803s][info][gc,metaspace   ] GC(401) Metaspace: 13605K->13534K(31744K)
[67.803s][info][gc             ] GC(401) Pause Full (Allocation Failure) 511M->161M(512M) 544.415ms
[67.804s][info][gc,cpu         ] GC(401) User=3.27s Sys=0.02s Real=0.55s
[67.805s][info][gc,marking     ] GC(393) Concurrent Mark From Roots 1582.402ms
[67.805s][info][gc,marking     ] GC(393) Concurrent Mark Abort
[67.805s][info][gc             ] GC(393) Concurrent Cycle 1592.353ms
[67.912s][info][gc,start       ] GC(402) Pause Young (G1 Evacuation Pause)
[67.913s][info][gc,task        ] GC(402) Using 8 workers of 8 for evacuation
[68.075s][info][gc,phases      ] GC(402)   Pre Evacuate Collection Set: 0.0ms
[68.075s][info][gc,phases      ] GC(402)   Evacuate Collection Set: 159.4ms
[68.075s][info][gc,phases      ] GC(402)   Post Evacuate Collection Set: 2.8ms
[68.075s][info][gc,phases      ] GC(402)   Other: 0.6ms
[68.075s][info][gc,heap        ] GC(402) Eden regions: 94->0(63)
[68.076s][info][gc,heap        ] GC(402) Survivor regions: 0->12(12)
[68.076s][info][gc,heap        ] GC(402) Old regions: 118->199
[68.076s][info][gc,heap        ] GC(402) Humongous regions: 47->47
[68.076s][info][gc,metaspace   ] GC(402) Metaspace: 13617K->13617K(31744K)
[68.076s][info][gc             ] GC(402) Pause Young (G1 Evacuation Pause) 255M->254M(512M) 163.303ms
[68.076s][info][gc,cpu         ] GC(402) User=1.11s Sys=0.13s Real=0.16s
[68.182s][info][gc,start       ] GC(403) Pause Young (G1 Evacuation Pause)
[68.182s][info][gc,task        ] GC(403) Using 8 workers of 8 for evacuation
[68.379s][info][gc,phases      ] GC(403)   Pre Evacuate Collection Set: 0.1ms
[68.379s][info][gc,phases      ] GC(403)   Evacuate Collection Set: 194.7ms
[68.379s][info][gc,phases      ] GC(403)   Post Evacuate Collection Set: 1.2ms
[68.379s][info][gc,phases      ] GC(403)   Other: 0.7ms
[68.379s][info][gc,heap        ] GC(403) Eden regions: 63->0(42)
[68.379s][info][gc,heap        ] GC(403) Survivor regions: 12->10(10)
[68.379s][info][gc,heap        ] GC(403) Old regions: 199->266
[68.379s][info][gc,heap        ] GC(403) Humongous regions: 47->47
[68.379s][info][gc,metaspace   ] GC(403) Metaspace: 13617K->13617K(31744K)
[68.379s][info][gc             ] GC(403) Pause Young (G1 Evacuation Pause) 317M->319M(512M) 196.976ms
[68.379s][info][gc,cpu         ] GC(403) User=1.09s Sys=0.06s Real=0.20s
[68.417s][info][gc,start       ] GC(404) Pause Initial Mark (G1 Humongous Allocation)
[68.417s][info][gc,task        ] GC(404) Using 8 workers of 8 for evacuation
[68.489s][info][gc,phases      ] GC(404)   Pre Evacuate Collection Set: 0.1ms
[68.489s][info][gc,phases      ] GC(404)   Evacuate Collection Set: 69.8ms
[68.489s][info][gc,phases      ] GC(404)   Post Evacuate Collection Set: 0.8ms
[68.489s][info][gc,phases      ] GC(404)   Other: 0.7ms
[68.489s][info][gc,heap        ] GC(404) Eden regions: 10->0(39)
[68.489s][info][gc,heap        ] GC(404) Survivor regions: 10->7(7)
[68.489s][info][gc,heap        ] GC(404) Old regions: 266->281
[68.489s][info][gc,heap        ] GC(404) Humongous regions: 47->47
[68.489s][info][gc,metaspace   ] GC(404) Metaspace: 13617K->13617K(31744K)
[68.489s][info][gc             ] GC(404) Pause Initial Mark (G1 Humongous Allocation) 329M->330M(512M) 71.994ms
[68.489s][info][gc,cpu         ] GC(404) User=0.47s Sys=0.00s Real=0.07s
[68.490s][info][gc             ] GC(405) Concurrent Cycle
[68.490s][info][gc,marking     ] GC(405) Concurrent Clear Claimed Marks
[68.490s][info][gc,marking     ] GC(405) Concurrent Clear Claimed Marks 0.097ms
[68.490s][info][gc,marking     ] GC(405) Concurrent Scan Root Regions
[68.495s][info][gc,marking     ] GC(405) Concurrent Scan Root Regions 4.754ms
[68.495s][info][gc,marking     ] GC(405) Concurrent Mark (68.495s)
[68.495s][info][gc,marking     ] GC(405) Concurrent Mark From Roots
[68.495s][info][gc,task        ] GC(405) Using 2 workers of 2 for marking
[68.504s][info][gc,marking     ] GC(405) Concurrent Mark From Roots 9.101ms
[68.504s][info][gc,marking     ] GC(405) Concurrent Mark (68.495s, 68.504s) 9.262ms
[68.510s][info][gc,start       ] GC(405) Pause Remark
[68.515s][info][gc,stringtable ] GC(405) Cleaned string and symbol table, strings: 7289 processed, 18 removed, symbols: 47121 processed, 18 removed
[68.515s][info][gc             ] GC(405) Pause Remark 377M->377M(512M) 4.840ms
[68.515s][info][gc,cpu         ] GC(405) User=0.00s Sys=0.00s Real=0.00s
[68.515s][info][gc,marking     ] GC(405) Concurrent Create Live Data
[68.531s][info][gc,marking     ] GC(405) Concurrent Create Live Data 16.205ms
[68.532s][info][gc,start       ] GC(405) Pause Cleanup
[68.533s][info][gc             ] GC(405) Pause Cleanup 394M->92M(512M) 1.761ms
[68.533s][info][gc,cpu         ] GC(405) User=0.00s Sys=0.00s Real=0.00s
[68.533s][info][gc,marking     ] GC(405) Concurrent Complete Cleanup
[68.534s][info][gc,marking     ] GC(405) Concurrent Complete Cleanup 0.502ms
[68.534s][info][gc,marking     ] GC(405) Concurrent Cleanup for Next Mark
[68.539s][info][gc,marking     ] GC(405) Concurrent Cleanup for Next Mark 4.753ms
[68.539s][info][gc             ] GC(405) Concurrent Cycle 49.384ms
[68.552s][info][gc,start       ] GC(406) Pause Young (G1 Evacuation Pause)
[68.552s][info][gc,task        ] GC(406) Using 8 workers of 8 for evacuation
[68.640s][info][gc,phases      ] GC(406)   Pre Evacuate Collection Set: 0.0ms
[68.640s][info][gc,phases      ] GC(406)   Evacuate Collection Set: 86.1ms
[68.640s][info][gc,phases      ] GC(406)   Post Evacuate Collection Set: 1.0ms
[68.640s][info][gc,phases      ] GC(406)   Other: 0.6ms
[68.640s][info][gc,heap        ] GC(406) Eden regions: 39->0(94)
[68.640s][info][gc,heap        ] GC(406) Survivor regions: 7->6(6)
[68.640s][info][gc,heap        ] GC(406) Old regions: 22->58
[68.640s][info][gc,heap        ] GC(406) Humongous regions: 47->47
[68.640s][info][gc,metaspace   ] GC(406) Metaspace: 13617K->13617K(31744K)
[68.640s][info][gc             ] GC(406) Pause Young (G1 Evacuation Pause) 114M->110M(512M) 88.156ms
[68.640s][info][gc,cpu         ] GC(406) User=0.59s Sys=0.03s Real=0.09s
[68.718s][info][gc,start       ] GC(407) Pause Young (G1 Evacuation Pause)
[68.718s][info][gc,task        ] GC(407) Using 8 workers of 8 for evacuation
[68.918s][info][gc,phases      ] GC(407)   Pre Evacuate Collection Set: 0.0ms
[68.918s][info][gc,phases      ] GC(407)   Evacuate Collection Set: 197.8ms
[68.918s][info][gc,phases      ] GC(407)   Post Evacuate Collection Set: 1.6ms
[68.918s][info][gc,phases      ] GC(407)   Other: 0.5ms
[68.918s][info][gc,heap        ] GC(407) Eden regions: 94->0(80)
[68.918s][info][gc,heap        ] GC(407) Survivor regions: 6->13(13)
[68.918s][info][gc,heap        ] GC(407) Old regions: 58->147
[68.918s][info][gc,heap        ] GC(407) Humongous regions: 47->47
[68.918s][info][gc,metaspace   ] GC(407) Metaspace: 13622K->13622K(31744K)
[68.918s][info][gc             ] GC(407) Pause Young (G1 Evacuation Pause) 204M->206M(512M) 200.286ms
[68.918s][info][gc,cpu         ] GC(407) User=1.50s Sys=0.11s Real=0.20s
[69.057s][info][gc,start       ] GC(408) Pause Young (G1 Evacuation Pause)
[69.057s][info][gc,task        ] GC(408) Using 8 workers of 8 for evacuation
[69.216s][info][gc,phases      ] GC(408)   Pre Evacuate Collection Set: 0.1ms
[69.216s][info][gc,phases      ] GC(408)   Evacuate Collection Set: 156.2ms
[69.216s][info][gc,phases      ] GC(408)   Post Evacuate Collection Set: 1.8ms
[69.216s][info][gc,phases      ] GC(408)   Other: 0.9ms
[69.216s][info][gc,heap        ] GC(408) Eden regions: 80->0(53)
[69.216s][info][gc,heap        ] GC(408) Survivor regions: 13->12(12)
[69.217s][info][gc,heap        ] GC(408) Old regions: 147->229
[69.217s][info][gc,heap        ] GC(408) Humongous regions: 47->47
[69.217s][info][gc,metaspace   ] GC(408) Metaspace: 13632K->13632K(31744K)
[69.217s][info][gc             ] GC(408) Pause Young (G1 Evacuation Pause) 286M->287M(512M) 159.424ms
[69.217s][info][gc,cpu         ] GC(408) User=1.22s Sys=0.14s Real=0.16s
[69.306s][info][gc,start       ] GC(409) Pause Initial Mark (G1 Evacuation Pause)
[69.306s][info][gc,task        ] GC(409) Using 8 workers of 8 for evacuation
[69.404s][info][gc,phases      ] GC(409)   Pre Evacuate Collection Set: 0.1ms
[69.404s][info][gc,phases      ] GC(409)   Evacuate Collection Set: 96.2ms
[69.404s][info][gc,phases      ] GC(409)   Post Evacuate Collection Set: 1.1ms
[69.404s][info][gc,phases      ] GC(409)   Other: 0.6ms
[69.404s][info][gc,heap        ] GC(409) Eden regions: 53->0(36)
[69.404s][info][gc,heap        ] GC(409) Survivor regions: 12->9(9)
[69.404s][info][gc,heap        ] GC(409) Old regions: 229->287
[69.404s][info][gc,heap        ] GC(409) Humongous regions: 47->47
[69.405s][info][gc,metaspace   ] GC(409) Metaspace: 13632K->13632K(31744K)
[69.405s][info][gc             ] GC(409) Pause Initial Mark (G1 Evacuation Pause) 340M->342M(512M) 98.374ms
[69.405s][info][gc,cpu         ] GC(409) User=0.69s Sys=0.03s Real=0.10s
[69.405s][info][gc             ] GC(410) Concurrent Cycle
[69.405s][info][gc,marking     ] GC(410) Concurrent Clear Claimed Marks
[69.405s][info][gc,marking     ] GC(410) Concurrent Clear Claimed Marks 0.215ms
[69.405s][info][gc,marking     ] GC(410) Concurrent Scan Root Regions
[69.431s][info][gc,marking     ] GC(410) Concurrent Scan Root Regions 26.034ms
[69.431s][info][gc,marking     ] GC(410) Concurrent Mark (69.431s)
[69.431s][info][gc,marking     ] GC(410) Concurrent Mark From Roots
[69.431s][info][gc,task        ] GC(410) Using 2 workers of 2 for marking
[69.534s][info][gc,start       ] GC(411) Pause Young (G1 Evacuation Pause)
[69.534s][info][gc,task        ] GC(411) Using 8 workers of 8 for evacuation
[69.645s][info][gc,phases      ] GC(411)   Pre Evacuate Collection Set: 0.1ms
[69.645s][info][gc,phases      ] GC(411)   Evacuate Collection Set: 108.0ms
[69.645s][info][gc,phases      ] GC(411)   Post Evacuate Collection Set: 1.9ms
[69.645s][info][gc,phases      ] GC(411)   Other: 0.6ms
[69.645s][info][gc,heap        ] GC(411) Eden regions: 36->0(19)
[69.645s][info][gc,heap        ] GC(411) Survivor regions: 9->6(6)
[69.645s][info][gc,heap        ] GC(411) Old regions: 287->327
[69.645s][info][gc,heap        ] GC(411) Humongous regions: 94->94
[69.645s][info][gc,metaspace   ] GC(411) Metaspace: 13632K->13632K(31744K)
[69.645s][info][gc             ] GC(411) Pause Young (G1 Evacuation Pause) 425M->426M(512M) 111.129ms
[69.646s][info][gc,cpu         ] GC(411) User=0.77s Sys=0.00s Real=0.11s
[69.684s][info][gc,start       ] GC(412) Pause Young (G1 Evacuation Pause)
[69.684s][info][gc,task        ] GC(412) Using 8 workers of 8 for evacuation
[69.770s][info][gc,phases      ] GC(412)   Pre Evacuate Collection Set: 0.0ms
[69.770s][info][gc,phases      ] GC(412)   Evacuate Collection Set: 84.5ms
[69.770s][info][gc,phases      ] GC(412)   Post Evacuate Collection Set: 0.7ms
[69.770s][info][gc,phases      ] GC(412)   Other: 0.5ms
[69.770s][info][gc,heap        ] GC(412) Eden regions: 19->0(21)
[69.770s][info][gc,heap        ] GC(412) Survivor regions: 6->4(4)
[69.770s][info][gc,heap        ] GC(412) Old regions: 327->349
[69.770s][info][gc,heap        ] GC(412) Humongous regions: 94->94
[69.770s][info][gc,metaspace   ] GC(412) Metaspace: 13632K->13632K(31744K)
[69.771s][info][gc             ] GC(412) Pause Young (G1 Evacuation Pause) 445M->446M(512M) 86.121ms
[69.771s][info][gc,cpu         ] GC(412) User=0.52s Sys=0.03s Real=0.08s
[69.789s][info][gc,start       ] GC(413) Pause Young (G1 Evacuation Pause)
[69.789s][info][gc,task        ] GC(413) Using 8 workers of 8 for evacuation
[69.847s][info][gc,phases      ] GC(413)   Pre Evacuate Collection Set: 0.0ms
[69.847s][info][gc,phases      ] GC(413)   Evacuate Collection Set: 56.7ms
[69.847s][info][gc,phases      ] GC(413)   Post Evacuate Collection Set: 1.1ms
[69.847s][info][gc,phases      ] GC(413)   Other: 0.6ms
[69.847s][info][gc,heap        ] GC(413) Eden regions: 21->0(21)
[69.847s][info][gc,heap        ] GC(413) Survivor regions: 4->4(4)
[69.847s][info][gc,heap        ] GC(413) Old regions: 349->372
[69.847s][info][gc,heap        ] GC(413) Humongous regions: 94->94
[69.847s][info][gc,metaspace   ] GC(413) Metaspace: 13632K->13632K(31744K)
[69.847s][info][gc             ] GC(413) Pause Young (G1 Evacuation Pause) 467M->469M(512M) 58.695ms
[69.847s][info][gc,cpu         ] GC(413) User=0.48s Sys=0.02s Real=0.06s
[69.868s][info][gc,start       ] GC(414) Pause Young (G1 Evacuation Pause)
[69.868s][info][gc,task        ] GC(414) Using 8 workers of 8 for evacuation
[69.925s][info][gc             ] GC(414) To-space exhausted
[69.925s][info][gc,phases      ] GC(414)   Pre Evacuate Collection Set: 0.0ms
[69.925s][info][gc,phases      ] GC(414)   Evacuate Collection Set: 48.3ms
[69.925s][info][gc,phases      ] GC(414)   Post Evacuate Collection Set: 8.6ms
[69.926s][info][gc,phases      ] GC(414)   Other: 0.8ms
[69.926s][info][gc,heap        ] GC(414) Eden regions: 21->0(21)
[69.926s][info][gc,heap        ] GC(414) Survivor regions: 4->4(4)
[69.926s][info][gc,heap        ] GC(414) Old regions: 372->396
[69.926s][info][gc,heap        ] GC(414) Humongous regions: 94->94
[69.926s][info][gc,metaspace   ] GC(414) Metaspace: 13635K->13635K(31744K)
[69.926s][info][gc             ] GC(414) Pause Young (G1 Evacuation Pause) 490M->493M(512M) 57.937ms
[69.926s][info][gc,cpu         ] GC(414) User=0.41s Sys=0.00s Real=0.07s
[69.942s][info][gc,start       ] GC(415) Pause Young (G1 Evacuation Pause)
[69.942s][info][gc,task        ] GC(415) Using 8 workers of 8 for evacuation
[70.045s][info][gc             ] GC(415) To-space exhausted
[70.045s][info][gc,phases      ] GC(415)   Pre Evacuate Collection Set: 0.0ms
[70.045s][info][gc,phases      ] GC(415)   Evacuate Collection Set: 69.2ms
[70.046s][info][gc,phases      ] GC(415)   Post Evacuate Collection Set: 34.0ms
[70.046s][info][gc,phases      ] GC(415)   Other: 0.6ms
[70.046s][info][gc,heap        ] GC(415) Eden regions: 18->0(25)
[70.046s][info][gc,heap        ] GC(415) Survivor regions: 4->0(4)
[70.046s][info][gc,heap        ] GC(415) Old regions: 396->418
[70.046s][info][gc,heap        ] GC(415) Humongous regions: 94->94
[70.046s][info][gc,metaspace   ] GC(415) Metaspace: 13635K->13635K(31744K)
[70.046s][info][gc             ] GC(415) Pause Young (G1 Evacuation Pause) 511M->511M(512M) 104.282ms
[70.046s][info][gc,cpu         ] GC(415) User=0.69s Sys=0.00s Real=0.11s
[70.046s][info][gc,start       ] GC(416) Pause Young (G1 Evacuation Pause)
[70.046s][info][gc,task        ] GC(416) Using 8 workers of 8 for evacuation
[70.073s][info][gc,phases      ] GC(416)   Pre Evacuate Collection Set: 0.0ms
[70.073s][info][gc,phases      ] GC(416)   Evacuate Collection Set: 25.0ms
[70.073s][info][gc,phases      ] GC(416)   Post Evacuate Collection Set: 0.8ms
[70.073s][info][gc,phases      ] GC(416)   Other: 0.5ms
[70.073s][info][gc,heap        ] GC(416) Eden regions: 0->0(25)
[70.073s][info][gc,heap        ] GC(416) Survivor regions: 0->0(4)
[70.073s][info][gc,heap        ] GC(416) Old regions: 418->418
[70.073s][info][gc,heap        ] GC(416) Humongous regions: 94->94
[70.073s][info][gc,metaspace   ] GC(416) Metaspace: 13635K->13635K(31744K)
[70.073s][info][gc             ] GC(416) Pause Young (G1 Evacuation Pause) 511M->511M(512M) 26.647ms
[70.073s][info][gc,cpu         ] GC(416) User=0.13s Sys=0.00s Real=0.02s
[70.074s][info][gc,start       ] GC(417) Pause Full (Allocation Failure)
[70.076s][info][gc,phases,start] GC(417) Phase 1: Mark live objects
[70.321s][info][gc,stringtable ] GC(417) Cleaned string and symbol table, strings: 7292 processed, 359 removed, symbols: 47103 processed, 0 removed
[70.321s][info][gc,phases      ] GC(417) Phase 1: Mark live objects 244.785ms
[70.321s][info][gc,phases,start] GC(417) Phase 2: Prepare for compaction
[70.341s][info][gc,phases      ] GC(417) Phase 2: Prepare for compaction 20.496ms
[70.341s][info][gc,phases,start] GC(417) Phase 3: Adjust pointers and remembered sets
[70.429s][info][gc,phases      ] GC(417) Phase 3: Adjust pointers and remembered sets 87.332ms
[70.429s][info][gc,phases,start] GC(417) Phase 4: Compact heap
[70.472s][info][gc,phases      ] GC(417) Phase 4: Compact heap 43.098ms
[70.474s][info][gc,heap        ] GC(417) Eden regions: 0->0(97)
[70.474s][info][gc,heap        ] GC(417) Survivor regions: 0->0(4)
[70.474s][info][gc,heap        ] GC(417) Old regions: 418->107
[70.474s][info][gc,heap        ] GC(417) Humongous regions: 94->47
[70.474s][info][gc,metaspace   ] GC(417) Metaspace: 13635K->13553K(31744K)
[70.474s][info][gc             ] GC(417) Pause Full (Allocation Failure) 511M->149M(512M) 400.392ms
[70.475s][info][gc,cpu         ] GC(417) User=3.08s Sys=0.00s Real=0.41s
[70.476s][info][gc,marking     ] GC(410) Concurrent Mark From Roots 1044.200ms
[70.476s][info][gc,marking     ] GC(410) Concurrent Mark Abort
[70.476s][info][gc             ] GC(410) Concurrent Cycle 1070.891ms
[70.566s][info][gc,start       ] GC(418) Pause Young (G1 Evacuation Pause)
[70.566s][info][gc,task        ] GC(418) Using 8 workers of 8 for evacuation
[70.745s][info][gc,phases      ] GC(418)   Pre Evacuate Collection Set: 0.0ms
[70.745s][info][gc,phases      ] GC(418)   Evacuate Collection Set: 177.0ms
[70.745s][info][gc,phases      ] GC(418)   Post Evacuate Collection Set: 1.7ms
[70.745s][info][gc,phases      ] GC(418)   Other: 0.6ms
[70.745s][info][gc,heap        ] GC(418) Eden regions: 97->0(66)
[70.745s][info][gc,heap        ] GC(418) Survivor regions: 0->13(13)
[70.745s][info][gc,heap        ] GC(418) Old regions: 107->191
[70.745s][info][gc,heap        ] GC(418) Humongous regions: 47->47
[70.745s][info][gc,metaspace   ] GC(418) Metaspace: 13553K->13553K(31744K)
[70.745s][info][gc             ] GC(418) Pause Young (G1 Evacuation Pause) 246M->246M(512M) 179.885ms
[70.746s][info][gc,cpu         ] GC(418) User=1.41s Sys=0.08s Real=0.18s
[70.873s][info][gc,start       ] GC(419) Pause Young (G1 Evacuation Pause)
[70.874s][info][gc,task        ] GC(419) Using 8 workers of 8 for evacuation
[71.070s][info][gc,phases      ] GC(419)   Pre Evacuate Collection Set: 0.1ms
[71.070s][info][gc,phases      ] GC(419)   Evacuate Collection Set: 193.9ms
[71.070s][info][gc,phases      ] GC(419)   Post Evacuate Collection Set: 1.5ms
[71.070s][info][gc,phases      ] GC(419)   Other: 1.2ms
[71.070s][info][gc,heap        ] GC(419) Eden regions: 66->0(44)
[71.070s][info][gc,heap        ] GC(419) Survivor regions: 13->10(10)
[71.070s][info][gc,heap        ] GC(419) Old regions: 191->262
[71.070s][info][gc,heap        ] GC(419) Humongous regions: 47->47
[71.070s][info][gc,metaspace   ] GC(419) Metaspace: 13570K->13570K(31744K)
[71.071s][info][gc             ] GC(419) Pause Young (G1 Evacuation Pause) 312M->314M(512M) 197.361ms
[71.071s][info][gc,cpu         ] GC(419) User=1.31s Sys=0.05s Real=0.19s
[71.101s][info][gc,start       ] GC(420) Pause Initial Mark (G1 Humongous Allocation)
[71.101s][info][gc,task        ] GC(420) Using 8 workers of 8 for evacuation
[71.220s][info][gc,phases      ] GC(420)   Pre Evacuate Collection Set: 0.1ms
[71.220s][info][gc,phases      ] GC(420)   Evacuate Collection Set: 116.9ms
[71.220s][info][gc,phases      ] GC(420)   Post Evacuate Collection Set: 1.4ms
[71.220s][info][gc,phases      ] GC(420)   Other: 0.8ms
[71.220s][info][gc,heap        ] GC(420) Eden regions: 19->0(37)
[71.220s][info][gc,heap        ] GC(420) Survivor regions: 10->7(7)
[71.220s][info][gc,heap        ] GC(420) Old regions: 262->286
[71.220s][info][gc,heap        ] GC(420) Humongous regions: 47->47
[71.220s][info][gc,metaspace   ] GC(420) Metaspace: 13570K->13570K(31744K)
[71.221s][info][gc             ] GC(420) Pause Initial Mark (G1 Humongous Allocation) 333M->335M(512M) 119.896ms
[71.221s][info][gc,cpu         ] GC(420) User=0.89s Sys=0.02s Real=0.13s
[71.221s][info][gc             ] GC(421) Concurrent Cycle
[71.221s][info][gc,marking     ] GC(421) Concurrent Clear Claimed Marks
[71.221s][info][gc,marking     ] GC(421) Concurrent Clear Claimed Marks 0.089ms
[71.221s][info][gc,marking     ] GC(421) Concurrent Scan Root Regions
[71.226s][info][gc,marking     ] GC(421) Concurrent Scan Root Regions 4.895ms
[71.226s][info][gc,marking     ] GC(421) Concurrent Mark (71.226s)
[71.226s][info][gc,marking     ] GC(421) Concurrent Mark From Roots
[71.226s][info][gc,task        ] GC(421) Using 2 workers of 2 for marking
[71.258s][info][gc,marking     ] GC(421) Concurrent Mark From Roots 31.993ms
[71.258s][info][gc,marking     ] GC(421) Concurrent Mark (71.226s, 71.258s) 32.182ms
[71.260s][info][gc,start       ] GC(421) Pause Remark
[71.268s][info][gc,stringtable ] GC(421) Cleaned string and symbol table, strings: 7199 processed, 0 removed, symbols: 47118 processed, 21 removed
[71.268s][info][gc             ] GC(421) Pause Remark 384M->384M(512M) 7.329ms
[71.268s][info][gc,cpu         ] GC(421) User=0.00s Sys=0.00s Real=0.01s
[71.268s][info][gc,marking     ] GC(421) Concurrent Create Live Data
[71.270s][info][gc,marking     ] GC(421) Concurrent Create Live Data 2.069ms
[71.271s][info][gc,start       ] GC(421) Pause Cleanup
[71.272s][info][gc             ] GC(421) Pause Cleanup 384M->71M(512M) 1.658ms
[71.272s][info][gc,cpu         ] GC(421) User=0.00s Sys=0.00s Real=0.00s
[71.273s][info][gc,marking     ] GC(421) Concurrent Complete Cleanup
[71.273s][info][gc,marking     ] GC(421) Concurrent Complete Cleanup 0.644ms
[71.273s][info][gc,marking     ] GC(421) Concurrent Cleanup for Next Mark
[71.288s][info][gc,marking     ] GC(421) Concurrent Cleanup for Next Mark 14.870ms
[71.288s][info][gc             ] GC(421) Concurrent Cycle 67.482ms
[71.323s][info][gc,start       ] GC(422) Pause Young (G1 Evacuation Pause)
[71.323s][info][gc,task        ] GC(422) Using 8 workers of 8 for evacuation
[71.368s][info][gc,phases      ] GC(422)   Pre Evacuate Collection Set: 0.0ms
[71.368s][info][gc,phases      ] GC(422)   Evacuate Collection Set: 43.5ms
[71.368s][info][gc,phases      ] GC(422)   Post Evacuate Collection Set: 0.9ms
[71.368s][info][gc,phases      ] GC(422)   Other: 0.6ms
[71.368s][info][gc,heap        ] GC(422) Eden regions: 37->0(96)
[71.368s][info][gc,heap        ] GC(422) Survivor regions: 7->6(6)
[71.368s][info][gc,heap        ] GC(422) Old regions: 15->47
[71.368s][info][gc,heap        ] GC(422) Humongous regions: 48->48
[71.368s][info][gc,metaspace   ] GC(422) Metaspace: 13871K->13871K(31744K)
[71.368s][info][gc             ] GC(422) Pause Young (G1 Evacuation Pause) 106M->100M(512M) 45.501ms
[71.369s][info][gc,cpu         ] GC(422) User=0.31s Sys=0.02s Real=0.05s
[71.530s][info][gc,start       ] GC(423) Pause Young (G1 Evacuation Pause)
[71.530s][info][gc,task        ] GC(423) Using 8 workers of 8 for evacuation
[71.718s][info][gc,phases      ] GC(423)   Pre Evacuate Collection Set: 0.0ms
[71.719s][info][gc,phases      ] GC(423)   Evacuate Collection Set: 186.0ms
[71.719s][info][gc,phases      ] GC(423)   Post Evacuate Collection Set: 1.3ms
[71.719s][info][gc,phases      ] GC(423)   Other: 0.7ms
[71.719s][info][gc,heap        ] GC(423) Eden regions: 96->0(83)
[71.719s][info][gc,heap        ] GC(423) Survivor regions: 6->13(13)
[71.719s][info][gc,heap        ] GC(423) Old regions: 47->137
[71.719s][info][gc,heap        ] GC(423) Humongous regions: 48->48
[71.719s][info][gc,metaspace   ] GC(423) Metaspace: 14171K->14171K(31744K)
[71.719s][info][gc             ] GC(423) Pause Young (G1 Evacuation Pause) 196M->197M(512M) 189.088ms
[71.720s][info][gc,cpu         ] GC(423) User=1.19s Sys=0.13s Real=0.19s
[71.820s][info][gc,start       ] GC(424) Pause Young (G1 Evacuation Pause)
[71.820s][info][gc,task        ] GC(424) Using 8 workers of 8 for evacuation
[72.136s][info][gc,mmu         ] GC(424) MMU target violated: 201.0ms (200.0ms/201.0ms)
[72.136s][info][gc,phases      ] GC(424)   Pre Evacuate Collection Set: 0.0ms
[72.137s][info][gc,phases      ] GC(424)   Evacuate Collection Set: 312.5ms
[72.137s][info][gc,phases      ] GC(424)   Post Evacuate Collection Set: 3.3ms
[72.137s][info][gc,phases      ] GC(424)   Other: 1.0ms
[72.137s][info][gc,heap        ] GC(424) Eden regions: 83->0(55)
[72.137s][info][gc,heap        ] GC(424) Survivor regions: 13->12(12)
[72.137s][info][gc,heap        ] GC(424) Old regions: 137->223
[72.137s][info][gc,heap        ] GC(424) Humongous regions: 48->48
[72.137s][info][gc,metaspace   ] GC(424) Metaspace: 14217K->14217K(31744K)
[72.137s][info][gc             ] GC(424) Pause Young (G1 Evacuation Pause) 280M->282M(512M) 317.384ms
[72.137s][info][gc,cpu         ] GC(424) User=2.09s Sys=0.09s Real=0.32s
[72.354s][info][gc,start       ] GC(425) Pause Initial Mark (G1 Evacuation Pause)
[72.355s][info][gc,task        ] GC(425) Using 8 workers of 8 for evacuation
[72.500s][info][gc,phases      ] GC(425)   Pre Evacuate Collection Set: 0.1ms
[72.500s][info][gc,phases      ] GC(425)   Evacuate Collection Set: 143.3ms
[72.500s][info][gc,phases      ] GC(425)   Post Evacuate Collection Set: 1.3ms
[72.500s][info][gc,phases      ] GC(425)   Other: 0.8ms
[72.500s][info][gc,heap        ] GC(425) Eden regions: 55->0(37)
[72.500s][info][gc,heap        ] GC(425) Survivor regions: 12->9(9)
[72.500s][info][gc,heap        ] GC(425) Old regions: 223->282
[72.500s][info][gc,heap        ] GC(425) Humongous regions: 48->48
[72.500s][info][gc,metaspace   ] GC(425) Metaspace: 14437K->14437K(31744K)
[72.500s][info][gc             ] GC(425) Pause Initial Mark (G1 Evacuation Pause) 337M->338M(512M) 146.080ms
[72.501s][info][gc,cpu         ] GC(425) User=1.03s Sys=0.00s Real=0.15s
[72.501s][info][gc             ] GC(426) Concurrent Cycle
[72.501s][info][gc,marking     ] GC(426) Concurrent Clear Claimed Marks
[72.501s][info][gc,marking     ] GC(426) Concurrent Clear Claimed Marks 0.174ms
[72.501s][info][gc,marking     ] GC(426) Concurrent Scan Root Regions
[72.532s][info][gc,marking     ] GC(426) Concurrent Scan Root Regions 31.363ms
[72.532s][info][gc,marking     ] GC(426) Concurrent Mark (72.532s)
[72.533s][info][gc,marking     ] GC(426) Concurrent Mark From Roots
[72.533s][info][gc,task        ] GC(426) Using 2 workers of 2 for marking
[72.717s][info][gc,start       ] GC(427) Pause Young (G1 Evacuation Pause)
[72.717s][info][gc,task        ] GC(427) Using 8 workers of 8 for evacuation
[72.795s][info][gc,phases      ] GC(427)   Pre Evacuate Collection Set: 0.0ms
[72.795s][info][gc,phases      ] GC(427)   Evacuate Collection Set: 75.4ms
[72.795s][info][gc,phases      ] GC(427)   Post Evacuate Collection Set: 1.6ms
[72.795s][info][gc,phases      ] GC(427)   Other: 0.6ms
[72.795s][info][gc,heap        ] GC(427) Eden regions: 37->0(19)
[72.795s][info][gc,heap        ] GC(427) Survivor regions: 9->6(6)
[72.795s][info][gc,heap        ] GC(427) Old regions: 282->322
[72.795s][info][gc,heap        ] GC(427) Humongous regions: 96->96
[72.795s][info][gc,metaspace   ] GC(427) Metaspace: 14522K->14522K(31744K)
[72.795s][info][gc             ] GC(427) Pause Young (G1 Evacuation Pause) 423M->423M(512M) 77.990ms
[72.795s][info][gc,cpu         ] GC(427) User=0.41s Sys=0.00s Real=0.08s
[72.836s][info][gc,start       ] GC(428) Pause Young (G1 Evacuation Pause)
[72.836s][info][gc,task        ] GC(428) Using 8 workers of 8 for evacuation
[72.900s][info][gc,phases      ] GC(428)   Pre Evacuate Collection Set: 0.1ms
[72.900s][info][gc,phases      ] GC(428)   Evacuate Collection Set: 58.7ms
[72.900s][info][gc,phases      ] GC(428)   Post Evacuate Collection Set: 5.2ms
[72.901s][info][gc,phases      ] GC(428)   Other: 0.7ms
[72.901s][info][gc,heap        ] GC(428) Eden regions: 19->0(21)
[72.901s][info][gc,heap        ] GC(428) Survivor regions: 6->4(4)
[72.901s][info][gc,heap        ] GC(428) Old regions: 322->345
[72.901s][info][gc,heap        ] GC(428) Humongous regions: 96->96
[72.901s][info][gc,metaspace   ] GC(428) Metaspace: 14522K->14522K(31744K)
[72.901s][info][gc             ] GC(428) Pause Young (G1 Evacuation Pause) 442M->444M(512M) 65.008ms
[72.901s][info][gc,cpu         ] GC(428) User=0.38s Sys=0.00s Real=0.06s
[72.974s][info][gc,start       ] GC(429) Pause Young (G1 Evacuation Pause)
[72.974s][info][gc,task        ] GC(429) Using 8 workers of 8 for evacuation
[73.025s][info][gc,phases      ] GC(429)   Pre Evacuate Collection Set: 0.1ms
[73.026s][info][gc,phases      ] GC(429)   Evacuate Collection Set: 49.9ms
[73.026s][info][gc,phases      ] GC(429)   Post Evacuate Collection Set: 0.7ms
[73.026s][info][gc,phases      ] GC(429)   Other: 0.8ms
[73.026s][info][gc,heap        ] GC(429) Eden regions: 21->0(21)
[73.026s][info][gc,heap        ] GC(429) Survivor regions: 4->4(4)
[73.026s][info][gc,heap        ] GC(429) Old regions: 345->368
[73.026s][info][gc,heap        ] GC(429) Humongous regions: 96->96
[73.026s][info][gc,metaspace   ] GC(429) Metaspace: 14531K->14531K(31744K)
[73.026s][info][gc             ] GC(429) Pause Young (G1 Evacuation Pause) 465M->467M(512M) 51.798ms
[73.026s][info][gc,cpu         ] GC(429) User=0.34s Sys=0.00s Real=0.05s
[73.060s][info][gc,start       ] GC(430) Pause Young (G1 Evacuation Pause)
[73.060s][info][gc,task        ] GC(430) Using 8 workers of 8 for evacuation
[73.133s][info][gc             ] GC(430) To-space exhausted
[73.134s][info][gc,phases      ] GC(430)   Pre Evacuate Collection Set: 0.1ms
[73.134s][info][gc,phases      ] GC(430)   Evacuate Collection Set: 67.0ms
[73.134s][info][gc,phases      ] GC(430)   Post Evacuate Collection Set: 5.9ms
[73.134s][info][gc,phases      ] GC(430)   Other: 0.7ms
[73.134s][info][gc,heap        ] GC(430) Eden regions: 21->0(21)
[73.134s][info][gc,heap        ] GC(430) Survivor regions: 4->4(4)
[73.134s][info][gc,heap        ] GC(430) Old regions: 368->396
[73.134s][info][gc,heap        ] GC(430) Humongous regions: 96->96
[73.134s][info][gc,metaspace   ] GC(430) Metaspace: 14531K->14531K(31744K)
[73.134s][info][gc             ] GC(430) Pause Young (G1 Evacuation Pause) 488M->495M(512M) 74.076ms
[73.134s][info][gc,cpu         ] GC(430) User=0.61s Sys=0.09s Real=0.08s
[73.162s][info][gc,start       ] GC(431) Pause Young (G1 Evacuation Pause)
[73.162s][info][gc,task        ] GC(431) Using 8 workers of 8 for evacuation
[73.262s][info][gc             ] GC(431) To-space exhausted
[73.262s][info][gc,phases      ] GC(431)   Pre Evacuate Collection Set: 0.0ms
[73.262s][info][gc,phases      ] GC(431)   Evacuate Collection Set: 77.4ms
[73.263s][info][gc,phases      ] GC(431)   Post Evacuate Collection Set: 22.6ms
[73.263s][info][gc,phases      ] GC(431)   Other: 0.8ms
[73.263s][info][gc,heap        ] GC(431) Eden regions: 16->0(25)
[73.263s][info][gc,heap        ] GC(431) Survivor regions: 4->0(4)
[73.263s][info][gc,heap        ] GC(431) Old regions: 396->416
[73.263s][info][gc,heap        ] GC(431) Humongous regions: 96->96
[73.263s][info][gc,metaspace   ] GC(431) Metaspace: 14548K->14548K(31744K)
[73.263s][info][gc             ] GC(431) Pause Young (G1 Evacuation Pause) 511M->511M(512M) 101.248ms
[73.263s][info][gc,cpu         ] GC(431) User=0.69s Sys=0.02s Real=0.10s
[73.264s][info][gc,start       ] GC(432) Pause Young (G1 Evacuation Pause)
[73.264s][info][gc,task        ] GC(432) Using 8 workers of 8 for evacuation
[73.286s][info][gc,phases      ] GC(432)   Pre Evacuate Collection Set: 0.0ms
[73.286s][info][gc,phases      ] GC(432)   Evacuate Collection Set: 20.8ms
[73.286s][info][gc,phases      ] GC(432)   Post Evacuate Collection Set: 0.7ms
[73.286s][info][gc,phases      ] GC(432)   Other: 0.6ms
[73.286s][info][gc,heap        ] GC(432) Eden regions: 0->0(25)
[73.286s][info][gc,heap        ] GC(432) Survivor regions: 0->0(4)
[73.286s][info][gc,heap        ] GC(432) Old regions: 416->416
[73.286s][info][gc,heap        ] GC(432) Humongous regions: 96->96
[73.286s][info][gc,metaspace   ] GC(432) Metaspace: 14548K->14548K(31744K)
[73.286s][info][gc             ] GC(432) Pause Young (G1 Evacuation Pause) 511M->511M(512M) 22.780ms
[73.287s][info][gc,cpu         ] GC(432) User=0.13s Sys=0.00s Real=0.02s
[73.288s][info][gc,start       ] GC(433) Pause Full (Allocation Failure)
[73.290s][info][gc,phases,start] GC(433) Phase 1: Mark live objects
[73.503s][info][gc,stringtable ] GC(433) Cleaned string and symbol table, strings: 7683 processed, 598 removed, symbols: 48817 processed, 0 removed
[73.503s][info][gc,phases      ] GC(433) Phase 1: Mark live objects 212.937ms
[73.503s][info][gc,phases,start] GC(433) Phase 2: Prepare for compaction
[73.526s][info][gc,phases      ] GC(433) Phase 2: Prepare for compaction 23.222ms
[73.526s][info][gc,phases,start] GC(433) Phase 3: Adjust pointers and remembered sets
[73.624s][info][gc,phases      ] GC(433) Phase 3: Adjust pointers and remembered sets 97.349ms
[73.624s][info][gc,phases,start] GC(433) Phase 4: Compact heap
[73.668s][info][gc,phases      ] GC(433) Phase 4: Compact heap 43.992ms
[73.670s][info][gc,heap        ] GC(433) Eden regions: 0->0(87)
[73.671s][info][gc,heap        ] GC(433) Survivor regions: 0->0(4)
[73.671s][info][gc,heap        ] GC(433) Old regions: 416->99
[73.671s][info][gc,heap        ] GC(433) Humongous regions: 96->48
[73.671s][info][gc,metaspace   ] GC(433) Metaspace: 14548K->14298K(31744K)
[73.671s][info][gc             ] GC(433) Pause Full (Allocation Failure) 511M->143M(512M) 382.290ms
[73.671s][info][gc,cpu         ] GC(433) User=2.19s Sys=0.06s Real=0.39s
[73.672s][info][gc,marking     ] GC(426) Concurrent Mark From Roots 1139.007ms
[73.672s][info][gc,marking     ] GC(426) Concurrent Mark Abort
[73.672s][info][gc             ] GC(426) Concurrent Cycle 1171.036ms
[73.747s][info][gc,start       ] GC(434) Pause Young (G1 Evacuation Pause)
[73.747s][info][gc,task        ] GC(434) Using 8 workers of 8 for evacuation
[73.874s][info][gc,phases      ] GC(434)   Pre Evacuate Collection Set: 0.0ms
[73.874s][info][gc,phases      ] GC(434)   Evacuate Collection Set: 125.0ms
[73.874s][info][gc,phases      ] GC(434)   Post Evacuate Collection Set: 1.4ms
[73.874s][info][gc,phases      ] GC(434)   Other: 0.7ms
[73.874s][info][gc,heap        ] GC(434) Eden regions: 87->0(71)
[73.874s][info][gc,heap        ] GC(434) Survivor regions: 0->11(11)
[73.875s][info][gc,heap        ] GC(434) Old regions: 99->174
[73.875s][info][gc,heap        ] GC(434) Humongous regions: 48->48
[73.875s][info][gc,metaspace   ] GC(434) Metaspace: 14436K->14436K(31744K)
[73.875s][info][gc             ] GC(434) Pause Young (G1 Evacuation Pause) 230M->229M(512M) 127.770ms
[73.875s][info][gc,cpu         ] GC(434) User=0.88s Sys=0.05s Real=0.13s
[74.029s][info][gc,start       ] GC(435) Pause Young (G1 Evacuation Pause)
[74.029s][info][gc,task        ] GC(435) Using 8 workers of 8 for evacuation
[74.277s][info][gc,mmu         ] GC(435) MMU target violated: 201.0ms (200.0ms/201.0ms)
[74.277s][info][gc,phases      ] GC(435)   Pre Evacuate Collection Set: 0.1ms
[74.277s][info][gc,phases      ] GC(435)   Evacuate Collection Set: 246.6ms
[74.277s][info][gc,phases      ] GC(435)   Post Evacuate Collection Set: 1.2ms
[74.277s][info][gc,phases      ] GC(435)   Other: 0.9ms
[74.277s][info][gc,heap        ] GC(435) Eden regions: 71->0(48)
[74.278s][info][gc,heap        ] GC(435) Survivor regions: 11->11(11)
[74.278s][info][gc,heap        ] GC(435) Old regions: 174->246
[74.278s][info][gc,heap        ] GC(435) Humongous regions: 48->48
[74.278s][info][gc,metaspace   ] GC(435) Metaspace: 14450K->14450K(31744K)
[74.278s][info][gc             ] GC(435) Pause Young (G1 Evacuation Pause) 300M->301M(512M) 249.208ms
[74.278s][info][gc,cpu         ] GC(435) User=1.53s Sys=0.02s Real=0.25s
[74.396s][info][gc,start       ] GC(436) Pause Initial Mark (G1 Humongous Allocation)
[74.396s][info][gc,task        ] GC(436) Using 8 workers of 8 for evacuation
[74.545s][info][gc,phases      ] GC(436)   Pre Evacuate Collection Set: 0.5ms
[74.545s][info][gc,phases      ] GC(436)   Evacuate Collection Set: 139.0ms
[74.545s][info][gc,phases      ] GC(436)   Post Evacuate Collection Set: 9.1ms
[74.545s][info][gc,phases      ] GC(436)   Other: 0.8ms
[74.545s][info][gc,heap        ] GC(436) Eden regions: 38->0(36)
[74.545s][info][gc,heap        ] GC(436) Survivor regions: 11->8(8)
[74.545s][info][gc,heap        ] GC(436) Old regions: 246->288
[74.545s][info][gc,heap        ] GC(436) Humongous regions: 48->48
[74.545s][info][gc,metaspace   ] GC(436) Metaspace: 14459K->14459K(31744K)
[74.546s][info][gc             ] GC(436) Pause Initial Mark (G1 Humongous Allocation) 339M->340M(512M) 149.851ms
[74.546s][info][gc,cpu         ] GC(436) User=0.91s Sys=0.02s Real=0.14s
[74.546s][info][gc             ] GC(437) Concurrent Cycle
[74.546s][info][gc,marking     ] GC(437) Concurrent Clear Claimed Marks
[74.546s][info][gc,marking     ] GC(437) Concurrent Clear Claimed Marks 0.115ms
[74.546s][info][gc,marking     ] GC(437) Concurrent Scan Root Regions
[74.564s][info][gc,marking     ] GC(437) Concurrent Scan Root Regions 17.525ms
[74.564s][info][gc,marking     ] GC(437) Concurrent Mark (74.564s)
[74.564s][info][gc,marking     ] GC(437) Concurrent Mark From Roots
[74.564s][info][gc,task        ] GC(437) Using 2 workers of 2 for marking
[74.573s][info][gc,marking     ] GC(437) Concurrent Mark From Roots 9.590ms
[74.573s][info][gc,marking     ] GC(437) Concurrent Mark (74.564s, 74.573s) 9.772ms
[74.574s][info][gc,start       ] GC(437) Pause Remark
[74.581s][info][gc,stringtable ] GC(437) Cleaned string and symbol table, strings: 7528 processed, 19 removed, symbols: 48851 processed, 52 removed
[74.581s][info][gc             ] GC(437) Pause Remark 340M->340M(512M) 6.545ms
[74.581s][info][gc,cpu         ] GC(437) User=0.03s Sys=0.00s Real=0.02s
[74.581s][info][gc,marking     ] GC(437) Concurrent Create Live Data
[74.584s][info][gc,marking     ] GC(437) Concurrent Create Live Data 2.600ms
[74.584s][info][gc,start       ] GC(437) Pause Cleanup
[74.591s][info][gc             ] GC(437) Pause Cleanup 340M->41M(512M) 6.339ms
[74.591s][info][gc,cpu         ] GC(437) User=0.00s Sys=0.00s Real=0.00s
[74.592s][info][gc,marking     ] GC(437) Concurrent Complete Cleanup
[74.593s][info][gc,marking     ] GC(437) Concurrent Complete Cleanup 1.068ms
[74.593s][info][gc,marking     ] GC(437) Concurrent Cleanup for Next Mark
[74.604s][info][gc,marking     ] GC(437) Concurrent Cleanup for Next Mark 11.012ms
[74.604s][info][gc             ] GC(437) Concurrent Cycle 58.089ms
[74.661s][info][gc,start       ] GC(438) Pause Young (G1 Evacuation Pause)
[74.661s][info][gc,task        ] GC(438) Using 8 workers of 8 for evacuation
[74.787s][info][gc,phases      ] GC(438)   Pre Evacuate Collection Set: 0.1ms
[74.787s][info][gc,phases      ] GC(438)   Evacuate Collection Set: 115.7ms
[74.788s][info][gc,phases      ] GC(438)   Post Evacuate Collection Set: 9.6ms
[74.788s][info][gc,phases      ] GC(438)   Other: 0.7ms
[74.788s][info][gc,heap        ] GC(438) Eden regions: 36->0(19)
[74.788s][info][gc,heap        ] GC(438) Survivor regions: 8->6(6)
[74.788s][info][gc,heap        ] GC(438) Old regions: 34->66
[74.788s][info][gc,heap        ] GC(438) Humongous regions: 49->49
[74.788s][info][gc,metaspace   ] GC(438) Metaspace: 14460K->14460K(31744K)
[74.788s][info][gc             ] GC(438) Pause Young (G1 Evacuation Pause) 126M->120M(512M) 126.750ms
[74.788s][info][gc,cpu         ] GC(438) User=0.73s Sys=0.03s Real=0.13s
[74.814s][info][gc,start       ] GC(439) Pause Mixed (G1 Evacuation Pause)
[74.814s][info][gc,task        ] GC(439) Using 8 workers of 8 for evacuation
[74.886s][info][gc,phases      ] GC(439)   Pre Evacuate Collection Set: 0.1ms
[74.887s][info][gc,phases      ] GC(439)   Evacuate Collection Set: 70.8ms
[74.887s][info][gc,phases      ] GC(439)   Post Evacuate Collection Set: 1.1ms
[74.887s][info][gc,phases      ] GC(439)   Other: 0.8ms
[74.887s][info][gc,heap        ] GC(439) Eden regions: 19->0(77)
[74.887s][info][gc,heap        ] GC(439) Survivor regions: 6->4(4)
[74.887s][info][gc,heap        ] GC(439) Old regions: 66->83
[74.887s][info][gc,heap        ] GC(439) Humongous regions: 49->49
[74.887s][info][gc,metaspace   ] GC(439) Metaspace: 14460K->14460K(31744K)
[74.887s][info][gc             ] GC(439) Pause Mixed (G1 Evacuation Pause) 139M->135M(512M) 73.077ms
[74.887s][info][gc,cpu         ] GC(439) User=0.58s Sys=0.00s Real=0.08s
[75.015s][info][gc,start       ] GC(440) Pause Young (G1 Evacuation Pause)
[75.015s][info][gc,task        ] GC(440) Using 8 workers of 8 for evacuation
[75.222s][info][gc,mmu         ] GC(440) MMU target violated: 201.0ms (200.0ms/201.0ms)
[75.222s][info][gc,phases      ] GC(440)   Pre Evacuate Collection Set: 0.1ms
[75.222s][info][gc,phases      ] GC(440)   Evacuate Collection Set: 204.8ms
[75.222s][info][gc,phases      ] GC(440)   Post Evacuate Collection Set: 1.6ms
[75.222s][info][gc,phases      ] GC(440)   Other: 1.0ms
[75.222s][info][gc,heap        ] GC(440) Eden regions: 77->0(69)
[75.222s][info][gc,heap        ] GC(440) Survivor regions: 4->11(11)
[75.222s][info][gc,heap        ] GC(440) Old regions: 83->155
[75.222s][info][gc,heap        ] GC(440) Humongous regions: 49->49
[75.223s][info][gc,metaspace   ] GC(440) Metaspace: 14461K->14461K(31744K)
[75.223s][info][gc             ] GC(440) Pause Young (G1 Evacuation Pause) 212M->214M(512M) 208.091ms
[75.223s][info][gc,cpu         ] GC(440) User=1.33s Sys=0.03s Real=0.20s
[75.390s][info][gc,start       ] GC(441) Pause Young (G1 Evacuation Pause)
[75.391s][info][gc,task        ] GC(441) Using 8 workers of 8 for evacuation
[75.621s][info][gc,mmu         ] GC(441) MMU target violated: 201.0ms (200.0ms/201.0ms)
[75.621s][info][gc,phases      ] GC(441)   Pre Evacuate Collection Set: 0.1ms
[75.621s][info][gc,phases      ] GC(441)   Evacuate Collection Set: 228.1ms
[75.621s][info][gc,phases      ] GC(441)   Post Evacuate Collection Set: 1.5ms
[75.622s][info][gc,phases      ] GC(441)   Other: 1.0ms
[75.622s][info][gc,heap        ] GC(441) Eden regions: 66->0(55)
[75.622s][info][gc,heap        ] GC(441) Survivor regions: 11->10(10)
[75.622s][info][gc,heap        ] GC(441) Old regions: 155->224
[75.622s][info][gc,heap        ] GC(441) Humongous regions: 49->49
[75.622s][info][gc,metaspace   ] GC(441) Metaspace: 14469K->14469K(31744K)
[75.622s][info][gc             ] GC(441) Pause Young (G1 Evacuation Pause) 280M->282M(512M) 231.669ms
[75.622s][info][gc,cpu         ] GC(441) User=1.39s Sys=0.03s Real=0.23s
[75.732s][info][gc,start       ] GC(442) Pause Initial Mark (G1 Evacuation Pause)
[75.732s][info][gc,task        ] GC(442) Using 8 workers of 8 for evacuation
[75.942s][info][gc,mmu         ] GC(442) MMU target violated: 201.0ms (200.0ms/201.0ms)
[75.942s][info][gc,phases      ] GC(442)   Pre Evacuate Collection Set: 0.1ms
[75.942s][info][gc,phases      ] GC(442)   Evacuate Collection Set: 208.0ms
[75.943s][info][gc,phases      ] GC(442)   Post Evacuate Collection Set: 1.5ms
[75.943s][info][gc,phases      ] GC(442)   Other: 1.0ms
[75.943s][info][gc,heap        ] GC(442) Eden regions: 55->0(37)
[75.943s][info][gc,heap        ] GC(442) Survivor regions: 10->9(9)
[75.943s][info][gc,heap        ] GC(442) Old regions: 224->282
[75.943s][info][gc,heap        ] GC(442) Humongous regions: 49->49
[75.943s][info][gc,metaspace   ] GC(442) Metaspace: 14513K->14513K(31744K)
[75.943s][info][gc             ] GC(442) Pause Initial Mark (G1 Evacuation Pause) 337M->339M(512M) 211.258ms
[75.943s][info][gc,cpu         ] GC(442) User=1.44s Sys=0.02s Real=0.22s
[75.944s][info][gc             ] GC(443) Concurrent Cycle
[75.944s][info][gc,marking     ] GC(443) Concurrent Clear Claimed Marks
[75.944s][info][gc,marking     ] GC(443) Concurrent Clear Claimed Marks 0.123ms
[75.944s][info][gc,marking     ] GC(443) Concurrent Scan Root Regions
[75.970s][info][gc,marking     ] GC(443) Concurrent Scan Root Regions 25.716ms
[75.970s][info][gc,marking     ] GC(443) Concurrent Mark (75.970s)
[75.970s][info][gc,marking     ] GC(443) Concurrent Mark From Roots
[75.970s][info][gc,task        ] GC(443) Using 2 workers of 2 for marking
[76.112s][info][gc,start       ] GC(444) Pause Young (G1 Evacuation Pause)
[76.112s][info][gc,task        ] GC(444) Using 8 workers of 8 for evacuation
[76.210s][info][gc,phases      ] GC(444)   Pre Evacuate Collection Set: 0.1ms
[76.210s][info][gc,phases      ] GC(444)   Evacuate Collection Set: 94.2ms
[76.210s][info][gc,phases      ] GC(444)   Post Evacuate Collection Set: 1.2ms
[76.210s][info][gc,phases      ] GC(444)   Other: 2.3ms
[76.210s][info][gc,heap        ] GC(444) Eden regions: 37->0(19)
[76.210s][info][gc,heap        ] GC(444) Survivor regions: 9->6(6)
[76.210s][info][gc,heap        ] GC(444) Old regions: 282->325
[76.211s][info][gc,heap        ] GC(444) Humongous regions: 98->98
[76.211s][info][gc,metaspace   ] GC(444) Metaspace: 14513K->14513K(31744K)
[76.211s][info][gc             ] GC(444) Pause Young (G1 Evacuation Pause) 425M->428M(512M) 98.396ms
[76.211s][info][gc,cpu         ] GC(444) User=0.66s Sys=0.00s Real=0.09s
[76.270s][info][gc,start       ] GC(445) Pause Young (G1 Evacuation Pause)
[76.270s][info][gc,task        ] GC(445) Using 8 workers of 8 for evacuation
[76.345s][info][gc,phases      ] GC(445)   Pre Evacuate Collection Set: 0.0ms
[76.345s][info][gc,phases      ] GC(445)   Evacuate Collection Set: 71.7ms
[76.345s][info][gc,phases      ] GC(445)   Post Evacuate Collection Set: 2.8ms
[76.345s][info][gc,phases      ] GC(445)   Other: 0.6ms
[76.345s][info][gc,heap        ] GC(445) Eden regions: 19->0(21)
[76.345s][info][gc,heap        ] GC(445) Survivor regions: 6->4(4)
[76.345s][info][gc,heap        ] GC(445) Old regions: 325->348
[76.345s][info][gc,heap        ] GC(445) Humongous regions: 98->98
[76.345s][info][gc,metaspace   ] GC(445) Metaspace: 14513K->14513K(31744K)
[76.346s][info][gc             ] GC(445) Pause Young (G1 Evacuation Pause) 447M->449M(512M) 75.454ms
[76.346s][info][gc,cpu         ] GC(445) User=0.50s Sys=0.06s Real=0.08s
[76.374s][info][gc,start       ] GC(446) Pause Young (G1 Evacuation Pause)
[76.374s][info][gc,task        ] GC(446) Using 8 workers of 8 for evacuation
[76.436s][info][gc,phases      ] GC(446)   Pre Evacuate Collection Set: 0.1ms
[76.437s][info][gc,phases      ] GC(446)   Evacuate Collection Set: 59.0ms
[76.437s][info][gc,phases      ] GC(446)   Post Evacuate Collection Set: 2.6ms
[76.437s][info][gc,phases      ] GC(446)   Other: 0.9ms
[76.437s][info][gc,heap        ] GC(446) Eden regions: 21->0(21)
[76.437s][info][gc,heap        ] GC(446) Survivor regions: 4->4(4)
[76.437s][info][gc,heap        ] GC(446) Old regions: 348->370
[76.437s][info][gc,heap        ] GC(446) Humongous regions: 98->98
[76.437s][info][gc,metaspace   ] GC(446) Metaspace: 14514K->14514K(31744K)
[76.437s][info][gc             ] GC(446) Pause Young (G1 Evacuation Pause) 470M->471M(512M) 63.518ms
[76.438s][info][gc,cpu         ] GC(446) User=0.53s Sys=0.03s Real=0.08s
[76.462s][info][gc,start       ] GC(447) Pause Young (G1 Evacuation Pause)
[76.462s][info][gc,task        ] GC(447) Using 8 workers of 8 for evacuation
[76.511s][info][gc             ] GC(447) To-space exhausted
[76.511s][info][gc,phases      ] GC(447)   Pre Evacuate Collection Set: 0.0ms
[76.511s][info][gc,phases      ] GC(447)   Evacuate Collection Set: 40.9ms
[76.511s][info][gc,phases      ] GC(447)   Post Evacuate Collection Set: 8.2ms
[76.511s][info][gc,phases      ] GC(447)   Other: 0.6ms
[76.511s][info][gc,heap        ] GC(447) Eden regions: 21->0(21)
[76.511s][info][gc,heap        ] GC(447) Survivor regions: 4->4(4)
[76.512s][info][gc,heap        ] GC(447) Old regions: 370->396
[76.512s][info][gc,heap        ] GC(447) Humongous regions: 98->98
[76.512s][info][gc,metaspace   ] GC(447) Metaspace: 14514K->14514K(31744K)
[76.512s][info][gc             ] GC(447) Pause Young (G1 Evacuation Pause) 492M->497M(512M) 50.039ms
[76.512s][info][gc,cpu         ] GC(447) User=0.31s Sys=0.00s Real=0.05s
[76.523s][info][gc,start       ] GC(448) Pause Young (G1 Evacuation Pause)
[76.523s][info][gc,task        ] GC(448) Using 8 workers of 8 for evacuation
[76.633s][info][gc             ] GC(448) To-space exhausted
[76.634s][info][gc,phases      ] GC(448)   Pre Evacuate Collection Set: 0.0ms
[76.634s][info][gc,phases      ] GC(448)   Evacuate Collection Set: 83.5ms
[76.634s][info][gc,phases      ] GC(448)   Post Evacuate Collection Set: 26.3ms
[76.634s][info][gc,phases      ] GC(448)   Other: 1.0ms
[76.634s][info][gc,heap        ] GC(448) Eden regions: 14->0(25)
[76.634s][info][gc,heap        ] GC(448) Survivor regions: 4->0(4)
[76.634s][info][gc,heap        ] GC(448) Old regions: 396->414
[76.634s][info][gc,heap        ] GC(448) Humongous regions: 98->98
[76.634s][info][gc,metaspace   ] GC(448) Metaspace: 14514K->14514K(31744K)
[76.634s][info][gc             ] GC(448) Pause Young (G1 Evacuation Pause) 511M->511M(512M) 111.362ms
[76.635s][info][gc,cpu         ] GC(448) User=0.75s Sys=0.06s Real=0.13s
[76.635s][info][gc,start       ] GC(449) Pause Young (G1 Evacuation Pause)
[76.635s][info][gc,task        ] GC(449) Using 8 workers of 8 for evacuation
[76.657s][info][gc,phases      ] GC(449)   Pre Evacuate Collection Set: 0.0ms
[76.657s][info][gc,phases      ] GC(449)   Evacuate Collection Set: 21.1ms
[76.657s][info][gc,phases      ] GC(449)   Post Evacuate Collection Set: 0.5ms
[76.657s][info][gc,phases      ] GC(449)   Other: 0.5ms
[76.657s][info][gc,heap        ] GC(449) Eden regions: 0->0(25)
[76.658s][info][gc,heap        ] GC(449) Survivor regions: 0->0(4)
[76.658s][info][gc,heap        ] GC(449) Old regions: 414->414
[76.658s][info][gc,heap        ] GC(449) Humongous regions: 98->98
[76.658s][info][gc,metaspace   ] GC(449) Metaspace: 14514K->14514K(31744K)
[76.658s][info][gc             ] GC(449) Pause Young (G1 Evacuation Pause) 511M->511M(512M) 22.763ms
[76.658s][info][gc,cpu         ] GC(449) User=0.13s Sys=0.00s Real=0.02s
[76.659s][info][gc,start       ] GC(450) Pause Full (Allocation Failure)
[76.662s][info][gc,phases,start] GC(450) Phase 1: Mark live objects
[76.869s][info][gc,stringtable ] GC(450) Cleaned string and symbol table, strings: 7538 processed, 428 removed, symbols: 48805 processed, 0 removed
[76.869s][info][gc,phases      ] GC(450) Phase 1: Mark live objects 207.396ms
[76.869s][info][gc,phases,start] GC(450) Phase 2: Prepare for compaction
[76.887s][info][gc,phases      ] GC(450) Phase 2: Prepare for compaction 18.322ms
[76.888s][info][gc,phases,start] GC(450) Phase 3: Adjust pointers and remembered sets
[76.967s][info][gc,phases      ] GC(450) Phase 3: Adjust pointers and remembered sets 78.988ms
[76.967s][info][gc,phases,start] GC(450) Phase 4: Compact heap
[77.031s][info][gc,phases      ] GC(450) Phase 4: Compact heap 64.328ms
[77.036s][info][gc,heap        ] GC(450) Eden regions: 0->0(68)
[77.036s][info][gc,heap        ] GC(450) Survivor regions: 0->0(4)
[77.036s][info][gc,heap        ] GC(450) Old regions: 414->80
[77.036s][info][gc,heap        ] GC(450) Humongous regions: 98->49
[77.036s][info][gc,metaspace   ] GC(450) Metaspace: 14514K->14390K(31744K)
[77.036s][info][gc             ] GC(450) Pause Full (Allocation Failure) 511M->126M(512M) 377.713ms
[77.038s][info][gc,cpu         ] GC(450) User=2.56s Sys=0.02s Real=0.38s
[77.038s][info][gc,marking     ] GC(443) Concurrent Mark From Roots 1068.490ms
[77.038s][info][gc,marking     ] GC(443) Concurrent Mark Abort
[77.038s][info][gc             ] GC(443) Concurrent Cycle 1094.868ms
[77.112s][info][gc,start       ] GC(451) Pause Young (G1 Evacuation Pause)
[77.112s][info][gc,task        ] GC(451) Using 8 workers of 8 for evacuation
[77.298s][info][gc,phases      ] GC(451)   Pre Evacuate Collection Set: 0.1ms
[77.298s][info][gc,phases      ] GC(451)   Evacuate Collection Set: 182.7ms
[77.298s][info][gc,phases      ] GC(451)   Post Evacuate Collection Set: 1.9ms
[77.298s][info][gc,phases      ] GC(451)   Other: 0.9ms
[77.298s][info][gc,heap        ] GC(451) Eden regions: 68->0(58)
[77.298s][info][gc,heap        ] GC(451) Survivor regions: 0->9(9)
[77.298s][info][gc,heap        ] GC(451) Old regions: 80->139
[77.298s][info][gc,heap        ] GC(451) Humongous regions: 49->49
[77.298s][info][gc,metaspace   ] GC(451) Metaspace: 14406K->14406K(31744K)
[77.299s][info][gc             ] GC(451) Pause Young (G1 Evacuation Pause) 194M->194M(512M) 186.364ms
[77.299s][info][gc,cpu         ] GC(451) User=1.30s Sys=0.09s Real=0.19s
[77.415s][info][gc,start       ] GC(452) Pause Young (G1 Evacuation Pause)
[77.415s][info][gc,task        ] GC(452) Using 8 workers of 8 for evacuation
[77.567s][info][gc,phases      ] GC(452)   Pre Evacuate Collection Set: 0.1ms
[77.567s][info][gc,phases      ] GC(452)   Evacuate Collection Set: 150.2ms
[77.568s][info][gc,phases      ] GC(452)   Post Evacuate Collection Set: 1.1ms
[77.568s][info][gc,phases      ] GC(452)   Other: 0.8ms
[77.568s][info][gc,heap        ] GC(452) Eden regions: 57->0(62)
[77.568s][info][gc,heap        ] GC(452) Survivor regions: 9->9(9)
[77.568s][info][gc,heap        ] GC(452) Old regions: 139->197
[77.568s][info][gc,heap        ] GC(452) Humongous regions: 49->49
[77.568s][info][gc,metaspace   ] GC(452) Metaspace: 14464K->14464K(31744K)
[77.568s][info][gc             ] GC(452) Pause Young (G1 Evacuation Pause) 251M->252M(512M) 152.589ms
[77.568s][info][gc,cpu         ] GC(452) User=1.17s Sys=0.05s Real=0.16s
[77.679s][info][gc,start       ] GC(453) Pause Young (G1 Evacuation Pause)
[77.679s][info][gc,task        ] GC(453) Using 8 workers of 8 for evacuation
[77.876s][info][gc,phases      ] GC(453)   Pre Evacuate Collection Set: 0.1ms
[77.877s][info][gc,phases      ] GC(453)   Evacuate Collection Set: 195.4ms
[77.877s][info][gc,phases      ] GC(453)   Post Evacuate Collection Set: 1.5ms
[77.877s][info][gc,phases      ] GC(453)   Other: 0.7ms
[77.877s][info][gc,heap        ] GC(453) Eden regions: 61->0(44)
[77.877s][info][gc,heap        ] GC(453) Survivor regions: 9->9(9)
[77.877s][info][gc,heap        ] GC(453) Old regions: 197->260
[77.877s][info][gc,heap        ] GC(453) Humongous regions: 49->49
[77.877s][info][gc,metaspace   ] GC(453) Metaspace: 14465K->14465K(31744K)
[77.877s][info][gc             ] GC(453) Pause Young (G1 Evacuation Pause) 313M->315M(512M) 198.237ms
[77.877s][info][gc,cpu         ] GC(453) User=1.44s Sys=0.03s Real=0.21s
[77.946s][info][gc,start       ] GC(454) Pause Initial Mark (G1 Humongous Allocation)
[77.947s][info][gc,task        ] GC(454) Using 8 workers of 8 for evacuation
[78.042s][info][gc,phases      ] GC(454)   Pre Evacuate Collection Set: 0.1ms
[78.042s][info][gc,phases      ] GC(454)   Evacuate Collection Set: 93.5ms
[78.042s][info][gc,phases      ] GC(454)   Post Evacuate Collection Set: 1.4ms
[78.042s][info][gc,phases      ] GC(454)   Other: 0.6ms
[78.042s][info][gc,heap        ] GC(454) Eden regions: 32->0(33)
[78.042s][info][gc,heap        ] GC(454) Survivor regions: 9->7(7)
[78.042s][info][gc,heap        ] GC(454) Old regions: 260->296
[78.042s][info][gc,heap        ] GC(454) Humongous regions: 49->49
[78.042s][info][gc,metaspace   ] GC(454) Metaspace: 14465K->14465K(31744K)
[78.043s][info][gc             ] GC(454) Pause Initial Mark (G1 Humongous Allocation) 347M->349M(512M) 96.051ms
[78.043s][info][gc,cpu         ] GC(454) User=0.70s Sys=0.05s Real=0.09s
[78.043s][info][gc             ] GC(455) Concurrent Cycle
[78.043s][info][gc,marking     ] GC(455) Concurrent Clear Claimed Marks
[78.043s][info][gc,marking     ] GC(455) Concurrent Clear Claimed Marks 0.086ms
[78.043s][info][gc,marking     ] GC(455) Concurrent Scan Root Regions
[78.050s][info][gc,marking     ] GC(455) Concurrent Scan Root Regions 6.864ms
[78.050s][info][gc,marking     ] GC(455) Concurrent Mark (78.050s)
[78.050s][info][gc,marking     ] GC(455) Concurrent Mark From Roots
[78.050s][info][gc,start       ] GC(456) Pause Young (G1 Humongous Allocation)
[78.050s][info][gc,task        ] GC(455) Using 2 workers of 2 for marking
[78.050s][info][gc,task        ] GC(456) Using 8 workers of 8 for evacuation
[78.104s][info][gc,phases      ] GC(456)   Pre Evacuate Collection Set: 5.5ms
[78.104s][info][gc,phases      ] GC(456)   Evacuate Collection Set: 53.0ms
[78.104s][info][gc,phases      ] GC(456)   Post Evacuate Collection Set: 0.6ms
[78.104s][info][gc,phases      ] GC(456)   Other: 0.8ms
[78.104s][info][gc,heap        ] GC(456) Eden regions: 0->0(32)
[78.104s][info][gc,heap        ] GC(456) Survivor regions: 7->0(5)
[78.104s][info][gc,heap        ] GC(456) Old regions: 296->306
[78.104s][info][gc,heap        ] GC(456) Humongous regions: 49->49
[78.105s][info][gc,metaspace   ] GC(456) Metaspace: 14465K->14465K(31744K)
[78.105s][info][gc             ] GC(456) Pause Young (G1 Humongous Allocation) 349M->351M(512M) 54.699ms
[78.105s][info][gc,cpu         ] GC(456) User=0.38s Sys=0.00s Real=0.05s
[78.105s][info][gc,start       ] GC(457) Pause Full (Allocation Failure)
[78.108s][info][gc,phases,start] GC(457) Phase 1: Mark live objects
[78.115s][info][gc,stringtable ] GC(457) Cleaned string and symbol table, strings: 7459 processed, 18 removed, symbols: 48822 processed, 32 removed
[78.115s][info][gc,phases      ] GC(457) Phase 1: Mark live objects 7.538ms
[78.115s][info][gc,phases,start] GC(457) Phase 2: Prepare for compaction
[78.117s][info][gc,phases      ] GC(457) Phase 2: Prepare for compaction 1.755ms
[78.117s][info][gc,phases,start] GC(457) Phase 3: Adjust pointers and remembered sets
[78.121s][info][gc,phases      ] GC(457) Phase 3: Adjust pointers and remembered sets 3.858ms
[78.121s][info][gc,phases,start] GC(457) Phase 4: Compact heap
[78.122s][info][gc,phases      ] GC(457) Phase 4: Compact heap 1.097ms
[78.124s][info][gc,heap        ] GC(457) Eden regions: 0->0(72)
[78.124s][info][gc,heap        ] GC(457) Survivor regions: 0->0(5)
[78.124s][info][gc,heap        ] GC(457) Old regions: 306->9
[78.124s][info][gc,heap        ] GC(457) Humongous regions: 49->0
[78.124s][info][gc,metaspace   ] GC(457) Metaspace: 14465K->14465K(31744K)
[78.124s][info][gc             ] GC(457) Pause Full (Allocation Failure) 351M->2M(512M) 18.705ms
[78.125s][info][gc,cpu         ] GC(457) User=0.11s Sys=0.02s Real=0.02s
[78.126s][info][gc,marking     ] GC(455) Concurrent Mark From Roots 75.809ms
[78.126s][info][gc,marking     ] GC(455) Concurrent Mark Abort
[78.126s][info][gc             ] GC(455) Concurrent Cycle 83.176ms
[78.234s][info][gc,start       ] GC(458) Pause Young (G1 Evacuation Pause)
[78.234s][info][gc,task        ] GC(458) Using 8 workers of 8 for evacuation
[78.383s][info][gc,phases      ] GC(458)   Pre Evacuate Collection Set: 0.1ms
[78.383s][info][gc,phases      ] GC(458)   Evacuate Collection Set: 142.7ms
[78.383s][info][gc,phases      ] GC(458)   Post Evacuate Collection Set: 3.3ms
[78.384s][info][gc,phases      ] GC(458)   Other: 2.7ms
[78.386s][info][gc,heap        ] GC(458) Eden regions: 72->0(73)
[78.386s][info][gc,heap        ] GC(458) Survivor regions: 0->9(9)
[78.387s][info][gc,heap        ] GC(458) Old regions: 9->74
[78.388s][info][gc,heap        ] GC(458) Humongous regions: 49->49
[78.388s][info][gc,metaspace   ] GC(458) Metaspace: 14465K->14465K(31744K)
[78.391s][info][gc             ] GC(458) Pause Young (G1 Evacuation Pause) 123M->125M(512M) 156.602ms
[78.391s][info][gc,cpu         ] GC(458) User=1.03s Sys=0.03s Real=0.16s
[78.494s][info][gc,start       ] GC(459) Pause Young (G1 Evacuation Pause)
[78.494s][info][gc,task        ] GC(459) Using 8 workers of 8 for evacuation
[78.629s][info][gc,phases      ] GC(459)   Pre Evacuate Collection Set: 0.0ms
[78.629s][info][gc,phases      ] GC(459)   Evacuate Collection Set: 132.8ms
[78.629s][info][gc,phases      ] GC(459)   Post Evacuate Collection Set: 2.0ms
[78.629s][info][gc,phases      ] GC(459)   Other: 0.6ms
[78.629s][info][gc,heap        ] GC(459) Eden regions: 73->0(79)
[78.629s][info][gc,heap        ] GC(459) Survivor regions: 9->11(11)
[78.629s][info][gc,heap        ] GC(459) Old regions: 74->146
[78.629s][info][gc,heap        ] GC(459) Humongous regions: 49->49
[78.629s][info][gc,metaspace   ] GC(459) Metaspace: 14470K->14470K(31744K)
[78.629s][info][gc             ] GC(459) Pause Young (G1 Evacuation Pause) 198M->199M(512M) 135.883ms
[78.630s][info][gc,cpu         ] GC(459) User=1.09s Sys=0.03s Real=0.15s
[78.750s][info][gc,start       ] GC(460) Pause Young (G1 Evacuation Pause)
[78.750s][info][gc,task        ] GC(460) Using 8 workers of 8 for evacuation
[78.889s][info][gc,phases      ] GC(460)   Pre Evacuate Collection Set: 0.1ms
[78.889s][info][gc,phases      ] GC(460)   Evacuate Collection Set: 137.1ms
[78.889s][info][gc,phases      ] GC(460)   Post Evacuate Collection Set: 1.7ms
[78.889s][info][gc,phases      ] GC(460)   Other: 0.8ms
[78.889s][info][gc,heap        ] GC(460) Eden regions: 79->0(54)
[78.889s][info][gc,heap        ] GC(460) Survivor regions: 11->12(12)
[78.890s][info][gc,heap        ] GC(460) Old regions: 146->226
[78.890s][info][gc,heap        ] GC(460) Humongous regions: 49->49
[78.890s][info][gc,metaspace   ] GC(460) Metaspace: 14470K->14470K(31744K)
[78.890s][info][gc             ] GC(460) Pause Young (G1 Evacuation Pause) 278M->280M(512M) 140.264ms
[78.890s][info][gc,cpu         ] GC(460) User=1.06s Sys=0.03s Real=0.16s
[78.959s][info][gc,start       ] GC(461) Pause Initial Mark (G1 Evacuation Pause)
[78.959s][info][gc,task        ] GC(461) Using 8 workers of 8 for evacuation
[79.096s][info][gc,phases      ] GC(461)   Pre Evacuate Collection Set: 0.1ms
[79.096s][info][gc,phases      ] GC(461)   Evacuate Collection Set: 135.0ms
[79.096s][info][gc,phases      ] GC(461)   Post Evacuate Collection Set: 1.5ms
[79.096s][info][gc,phases      ] GC(461)   Other: 0.7ms
[79.096s][info][gc,heap        ] GC(461) Eden regions: 54->0(36)
[79.096s][info][gc,heap        ] GC(461) Survivor regions: 12->9(9)
[79.097s][info][gc,heap        ] GC(461) Old regions: 226->284
[79.097s][info][gc,heap        ] GC(461) Humongous regions: 49->49
[79.097s][info][gc,metaspace   ] GC(461) Metaspace: 14470K->14470K(31744K)
[79.097s][info][gc             ] GC(461) Pause Initial Mark (G1 Evacuation Pause) 334M->335M(512M) 137.726ms
[79.097s][info][gc,cpu         ] GC(461) User=0.98s Sys=0.00s Real=0.13s
[79.097s][info][gc             ] GC(462) Concurrent Cycle
[79.097s][info][gc,marking     ] GC(462) Concurrent Clear Claimed Marks
[79.097s][info][gc,marking     ] GC(462) Concurrent Clear Claimed Marks 0.100ms
[79.098s][info][gc,marking     ] GC(462) Concurrent Scan Root Regions
[79.117s][info][gc,marking     ] GC(462) Concurrent Scan Root Regions 19.448ms
[79.117s][info][gc,marking     ] GC(462) Concurrent Mark (79.117s)
[79.117s][info][gc,marking     ] GC(462) Concurrent Mark From Roots
[79.117s][info][gc,task        ] GC(462) Using 2 workers of 2 for marking
[79.242s][info][gc,start       ] GC(463) Pause Young (G1 Evacuation Pause)
[79.242s][info][gc,task        ] GC(463) Using 8 workers of 8 for evacuation
[79.354s][info][gc,phases      ] GC(463)   Pre Evacuate Collection Set: 0.0ms
[79.354s][info][gc,phases      ] GC(463)   Evacuate Collection Set: 108.1ms
[79.354s][info][gc,phases      ] GC(463)   Post Evacuate Collection Set: 3.0ms
[79.354s][info][gc,phases      ] GC(463)   Other: 0.6ms
[79.354s][info][gc,heap        ] GC(463) Eden regions: 36->0(19)
[79.354s][info][gc,heap        ] GC(463) Survivor regions: 9->6(6)
[79.355s][info][gc,heap        ] GC(463) Old regions: 284->325
[79.355s][info][gc,heap        ] GC(463) Humongous regions: 99->99
[79.355s][info][gc,metaspace   ] GC(463) Metaspace: 14472K->14472K(31744K)
[79.355s][info][gc             ] GC(463) Pause Young (G1 Evacuation Pause) 421M->423M(512M) 112.575ms
[79.355s][info][gc,cpu         ] GC(463) User=0.73s Sys=0.19s Real=0.12s
[79.413s][info][gc,start       ] GC(464) Pause Young (G1 Evacuation Pause)
[79.413s][info][gc,task        ] GC(464) Using 8 workers of 8 for evacuation
[79.477s][info][gc,phases      ] GC(464)   Pre Evacuate Collection Set: 0.0ms
[79.477s][info][gc,phases      ] GC(464)   Evacuate Collection Set: 62.7ms
[79.477s][info][gc,phases      ] GC(464)   Post Evacuate Collection Set: 1.5ms
[79.477s][info][gc,phases      ] GC(464)   Other: 0.6ms
[79.477s][info][gc,heap        ] GC(464) Eden regions: 19->0(21)
[79.478s][info][gc,heap        ] GC(464) Survivor regions: 6->4(4)
[79.478s][info][gc,heap        ] GC(464) Old regions: 325->348
[79.478s][info][gc,heap        ] GC(464) Humongous regions: 99->99
[79.478s][info][gc,metaspace   ] GC(464) Metaspace: 14484K->14484K(31744K)
[79.478s][info][gc             ] GC(464) Pause Young (G1 Evacuation Pause) 442M->444M(512M) 65.238ms
[79.478s][info][gc,cpu         ] GC(464) User=0.59s Sys=0.03s Real=0.07s
[79.503s][info][gc,start       ] GC(465) Pause Young (G1 Evacuation Pause)
[79.503s][info][gc,task        ] GC(465) Using 8 workers of 8 for evacuation
[79.585s][info][gc,phases      ] GC(465)   Pre Evacuate Collection Set: 0.1ms
[79.586s][info][gc,phases      ] GC(465)   Evacuate Collection Set: 81.1ms
[79.586s][info][gc,phases      ] GC(465)   Post Evacuate Collection Set: 0.9ms
[79.586s][info][gc,phases      ] GC(465)   Other: 0.8ms
[79.586s][info][gc,heap        ] GC(465) Eden regions: 21->0(21)
[79.586s][info][gc,heap        ] GC(465) Survivor regions: 4->4(4)
[79.586s][info][gc,heap        ] GC(465) Old regions: 348->370
[79.586s][info][gc,heap        ] GC(465) Humongous regions: 99->99
[79.586s][info][gc,metaspace   ] GC(465) Metaspace: 14493K->14493K(31744K)
[79.586s][info][gc             ] GC(465) Pause Young (G1 Evacuation Pause) 465M->466M(512M) 83.454ms
[79.586s][info][gc,cpu         ] GC(465) User=0.47s Sys=0.00s Real=0.06s
[79.609s][info][gc,start       ] GC(466) Pause Young (G1 Evacuation Pause)
[79.609s][info][gc,task        ] GC(466) Using 8 workers of 8 for evacuation
[79.702s][info][gc             ] GC(466) To-space exhausted
[79.702s][info][gc,phases      ] GC(466)   Pre Evacuate Collection Set: 0.1ms
[79.702s][info][gc,phases      ] GC(466)   Evacuate Collection Set: 63.6ms
[79.702s][info][gc,phases      ] GC(466)   Post Evacuate Collection Set: 28.0ms
[79.703s][info][gc,phases      ] GC(466)   Other: 1.5ms
[79.703s][info][gc,heap        ] GC(466) Eden regions: 21->0(21)
[79.703s][info][gc,heap        ] GC(466) Survivor regions: 4->4(4)
[79.703s][info][gc,heap        ] GC(466) Old regions: 370->397
[79.703s][info][gc,heap        ] GC(466) Humongous regions: 99->99
[79.703s][info][gc,metaspace   ] GC(466) Metaspace: 14493K->14493K(31744K)
[79.704s][info][gc             ] GC(466) Pause Young (G1 Evacuation Pause) 487M->493M(512M) 94.669ms
[79.705s][info][gc,cpu         ] GC(466) User=0.55s Sys=0.00s Real=0.09s
[79.730s][info][gc,start       ] GC(467) Pause Young (G1 Evacuation Pause)
[79.730s][info][gc,task        ] GC(467) Using 8 workers of 8 for evacuation
[79.841s][info][gc             ] GC(467) To-space exhausted
[79.841s][info][gc,phases      ] GC(467)   Pre Evacuate Collection Set: 0.0ms
[79.841s][info][gc,phases      ] GC(467)   Evacuate Collection Set: 73.9ms
[79.841s][info][gc,phases      ] GC(467)   Post Evacuate Collection Set: 36.8ms
[79.841s][info][gc,phases      ] GC(467)   Other: 0.9ms
[79.841s][info][gc,heap        ] GC(467) Eden regions: 12->0(25)
[79.841s][info][gc,heap        ] GC(467) Survivor regions: 4->0(4)
[79.841s][info][gc,heap        ] GC(467) Old regions: 397->413
[79.842s][info][gc,heap        ] GC(467) Humongous regions: 99->99
[79.842s][info][gc,metaspace   ] GC(467) Metaspace: 14493K->14493K(31744K)
[79.842s][info][gc             ] GC(467) Pause Young (G1 Evacuation Pause) 505M->505M(512M) 112.125ms
[79.842s][info][gc,cpu         ] GC(467) User=0.58s Sys=0.03s Real=0.10s
[79.843s][info][gc,start       ] GC(468) Pause Young (G1 Evacuation Pause)
[79.843s][info][gc,task        ] GC(468) Using 8 workers of 8 for evacuation
[79.864s][info][gc,phases      ] GC(468)   Pre Evacuate Collection Set: 0.1ms
[79.865s][info][gc,phases      ] GC(468)   Evacuate Collection Set: 20.4ms
[79.865s][info][gc,phases      ] GC(468)   Post Evacuate Collection Set: 0.6ms
[79.865s][info][gc,phases      ] GC(468)   Other: 0.8ms
[79.865s][info][gc,heap        ] GC(468) Eden regions: 0->0(25)
[79.865s][info][gc,heap        ] GC(468) Survivor regions: 0->0(4)
[79.865s][info][gc,heap        ] GC(468) Old regions: 413->413
[79.865s][info][gc,heap        ] GC(468) Humongous regions: 99->99
[79.865s][info][gc,metaspace   ] GC(468) Metaspace: 14493K->14493K(31744K)
[79.865s][info][gc             ] GC(468) Pause Young (G1 Evacuation Pause) 505M->505M(512M) 22.323ms
[79.865s][info][gc,cpu         ] GC(468) User=0.25s Sys=0.00s Real=0.03s
[79.866s][info][gc,start       ] GC(469) Pause Full (Allocation Failure)
[79.869s][info][gc,phases,start] GC(469) Phase 1: Mark live objects
[80.199s][info][gc,stringtable ] GC(469) Cleaned string and symbol table, strings: 7488 processed, 20 removed, symbols: 48792 processed, 0 removed
[80.200s][info][gc,phases      ] GC(469) Phase 1: Mark live objects 330.356ms
[80.200s][info][gc,phases,start] GC(469) Phase 2: Prepare for compaction
[80.232s][info][gc,phases      ] GC(469) Phase 2: Prepare for compaction 32.231ms
[80.232s][info][gc,phases,start] GC(469) Phase 3: Adjust pointers and remembered sets
[80.338s][info][gc,phases      ] GC(469) Phase 3: Adjust pointers and remembered sets 105.438ms
[80.338s][info][gc,phases,start] GC(469) Phase 4: Compact heap
[80.476s][info][gc,phases      ] GC(469) Phase 4: Compact heap 137.774ms
[80.479s][info][gc,heap        ] GC(469) Eden regions: 0->0(99)
[80.479s][info][gc,heap        ] GC(469) Survivor regions: 0->0(4)
[80.479s][info][gc,heap        ] GC(469) Old regions: 413->98
[80.479s][info][gc,heap        ] GC(469) Humongous regions: 99->50
[80.479s][info][gc,metaspace   ] GC(469) Metaspace: 14493K->14493K(31744K)
[80.479s][info][gc             ] GC(469) Pause Full (Allocation Failure) 505M->144M(512M) 612.960ms
[80.480s][info][gc,cpu         ] GC(469) User=3.86s Sys=0.11s Real=0.61s
[80.482s][info][gc,marking     ] GC(462) Concurrent Mark From Roots 1364.852ms
[80.482s][info][gc,marking     ] GC(462) Concurrent Mark Abort
[80.482s][info][gc             ] GC(462) Concurrent Cycle 1385.271ms
[80.661s][info][gc,start       ] GC(470) Pause Young (G1 Evacuation Pause)
[80.661s][info][gc,task        ] GC(470) Using 8 workers of 8 for evacuation
[80.886s][info][gc,mmu         ] GC(470) MMU target violated: 201.0ms (200.0ms/201.0ms)
[80.887s][info][gc,phases      ] GC(470)   Pre Evacuate Collection Set: 0.1ms
[80.887s][info][gc,phases      ] GC(470)   Evacuate Collection Set: 221.5ms
[80.887s][info][gc,phases      ] GC(470)   Post Evacuate Collection Set: 3.0ms
[80.887s][info][gc,phases      ] GC(470)   Other: 1.2ms
[80.887s][info][gc,heap        ] GC(470) Eden regions: 99->0(67)
[80.887s][info][gc,heap        ] GC(470) Survivor regions: 0->13(13)
[80.887s][info][gc,heap        ] GC(470) Old regions: 98->184
[80.887s][info][gc,heap        ] GC(470) Humongous regions: 50->50
[80.887s][info][gc,metaspace   ] GC(470) Metaspace: 14493K->14493K(31744K)
[80.887s][info][gc             ] GC(470) Pause Young (G1 Evacuation Pause) 243M->243M(512M) 226.554ms
[80.888s][info][gc,cpu         ] GC(470) User=1.84s Sys=0.02s Real=0.25s
[81.022s][info][gc,start       ] GC(471) Pause Young (G1 Evacuation Pause)
[81.022s][info][gc,task        ] GC(471) Using 8 workers of 8 for evacuation
[81.177s][info][gc,phases      ] GC(471)   Pre Evacuate Collection Set: 0.1ms
[81.177s][info][gc,phases      ] GC(471)   Evacuate Collection Set: 153.2ms
[81.177s][info][gc,phases      ] GC(471)   Post Evacuate Collection Set: 1.3ms
[81.178s][info][gc,phases      ] GC(471)   Other: 1.0ms
[81.178s][info][gc,heap        ] GC(471) Eden regions: 67->0(45)
[81.178s][info][gc,heap        ] GC(471) Survivor regions: 13->10(10)
[81.178s][info][gc,heap        ] GC(471) Old regions: 184->255
[81.178s][info][gc,heap        ] GC(471) Humongous regions: 50->50
[81.178s][info][gc,metaspace   ] GC(471) Metaspace: 14493K->14493K(31744K)
[81.178s][info][gc             ] GC(471) Pause Young (G1 Evacuation Pause) 310M->311M(512M) 155.975ms
[81.178s][info][gc,cpu         ] GC(471) User=1.27s Sys=0.06s Real=0.16s
[81.258s][info][gc,start       ] GC(472) Pause Initial Mark (G1 Humongous Allocation)
[81.258s][info][gc,task        ] GC(472) Using 8 workers of 8 for evacuation
[81.392s][info][gc,phases      ] GC(472)   Pre Evacuate Collection Set: 0.1ms
[81.392s][info][gc,phases      ] GC(472)   Evacuate Collection Set: 132.3ms
[81.392s][info][gc,phases      ] GC(472)   Post Evacuate Collection Set: 1.2ms
[81.392s][info][gc,phases      ] GC(472)   Other: 0.7ms
[81.392s][info][gc,heap        ] GC(472) Eden regions: 39->0(32)
[81.392s][info][gc,heap        ] GC(472) Survivor regions: 10->7(7)
[81.392s][info][gc,heap        ] GC(472) Old regions: 255->299
[81.392s][info][gc,heap        ] GC(472) Humongous regions: 50->50
[81.392s][info][gc,metaspace   ] GC(472) Metaspace: 14493K->14493K(31744K)
[81.392s][info][gc             ] GC(472) Pause Initial Mark (G1 Humongous Allocation) 350M->352M(512M) 134.530ms
[81.392s][info][gc,cpu         ] GC(472) User=0.94s Sys=0.02s Real=0.14s
[81.392s][info][gc             ] GC(473) Concurrent Cycle
[81.392s][info][gc,marking     ] GC(473) Concurrent Clear Claimed Marks
[81.392s][info][gc,marking     ] GC(473) Concurrent Clear Claimed Marks 0.092ms
[81.392s][info][gc,marking     ] GC(473) Concurrent Scan Root Regions
[81.398s][info][gc,marking     ] GC(473) Concurrent Scan Root Regions 5.477ms
[81.398s][info][gc,marking     ] GC(473) Concurrent Mark (81.398s)
[81.398s][info][gc,marking     ] GC(473) Concurrent Mark From Roots
[81.398s][info][gc,task        ] GC(473) Using 2 workers of 2 for marking
[81.413s][info][gc,marking     ] GC(473) Concurrent Mark From Roots 14.477ms
[81.413s][info][gc,marking     ] GC(473) Concurrent Mark (81.398s, 81.413s) 14.655ms
[81.413s][info][gc,start       ] GC(473) Pause Remark
[81.420s][info][gc,stringtable ] GC(473) Cleaned string and symbol table, strings: 7486 processed, 18 removed, symbols: 48792 processed, 0 removed
[81.420s][info][gc             ] GC(473) Pause Remark 352M->352M(512M) 6.653ms
[81.420s][info][gc,cpu         ] GC(473) User=0.02s Sys=0.02s Real=0.01s
[81.420s][info][gc,marking     ] GC(473) Concurrent Create Live Data
[81.422s][info][gc,marking     ] GC(473) Concurrent Create Live Data 2.134ms
[81.435s][info][gc,start       ] GC(473) Pause Cleanup
[81.436s][info][gc             ] GC(473) Pause Cleanup 402M->81M(512M) 1.287ms
[81.437s][info][gc,cpu         ] GC(473) User=0.00s Sys=0.00s Real=0.00s
[81.437s][info][gc,marking     ] GC(473) Concurrent Complete Cleanup
[81.438s][info][gc,marking     ] GC(473) Concurrent Complete Cleanup 0.595ms
[81.438s][info][gc,marking     ] GC(473) Concurrent Cleanup for Next Mark
[81.446s][info][gc,marking     ] GC(473) Concurrent Cleanup for Next Mark 8.123ms
[81.446s][info][gc             ] GC(473) Concurrent Cycle 53.611ms
[81.472s][info][gc,start       ] GC(474) Pause Young (G1 Evacuation Pause)
[81.472s][info][gc,task        ] GC(474) Using 8 workers of 8 for evacuation
[81.527s][info][gc,phases      ] GC(474)   Pre Evacuate Collection Set: 0.0ms
[81.527s][info][gc,phases      ] GC(474)   Evacuate Collection Set: 49.4ms
[81.527s][info][gc,phases      ] GC(474)   Post Evacuate Collection Set: 4.8ms
[81.527s][info][gc,phases      ] GC(474)   Other: 0.7ms
[81.527s][info][gc,heap        ] GC(474) Eden regions: 32->0(104)
[81.527s][info][gc,heap        ] GC(474) Survivor regions: 7->5(5)
[81.527s][info][gc,heap        ] GC(474) Old regions: 25->54
[81.527s][info][gc,heap        ] GC(474) Humongous regions: 50->50
[81.527s][info][gc,metaspace   ] GC(474) Metaspace: 14493K->14493K(31744K)
[81.528s][info][gc             ] GC(474) Pause Young (G1 Evacuation Pause) 113M->108M(512M) 55.255ms
[81.528s][info][gc,cpu         ] GC(474) User=0.28s Sys=0.00s Real=0.06s
[81.621s][info][gc,start       ] GC(475) Pause Young (G1 Evacuation Pause)
[81.622s][info][gc,task        ] GC(475) Using 8 workers of 8 for evacuation
[81.817s][info][gc,phases      ] GC(475)   Pre Evacuate Collection Set: 0.0ms
[81.818s][info][gc,phases      ] GC(475)   Evacuate Collection Set: 192.7ms
[81.818s][info][gc,phases      ] GC(475)   Post Evacuate Collection Set: 1.6ms
[81.818s][info][gc,phases      ] GC(475)   Other: 0.7ms
[81.818s][info][gc,heap        ] GC(475) Eden regions: 104->0(78)
[81.818s][info][gc,heap        ] GC(475) Survivor regions: 5->14(14)
[81.819s][info][gc,heap        ] GC(475) Old regions: 54->151
[81.819s][info][gc,heap        ] GC(475) Humongous regions: 50->50
[81.819s][info][gc,metaspace   ] GC(475) Metaspace: 14493K->14493K(31744K)
[81.819s][info][gc             ] GC(475) Pause Young (G1 Evacuation Pause) 212M->214M(512M) 197.174ms
[81.819s][info][gc,cpu         ] GC(475) User=1.31s Sys=0.13s Real=0.19s
[81.970s][info][gc,start       ] GC(476) Pause Young (G1 Evacuation Pause)
[81.970s][info][gc,task        ] GC(476) Using 8 workers of 8 for evacuation
[82.104s][info][gc,phases      ] GC(476)   Pre Evacuate Collection Set: 0.0ms
[82.104s][info][gc,phases      ] GC(476)   Evacuate Collection Set: 131.9ms
[82.105s][info][gc,phases      ] GC(476)   Post Evacuate Collection Set: 2.0ms
[82.105s][info][gc,phases      ] GC(476)   Other: 0.8ms
[82.105s][info][gc,heap        ] GC(476) Eden regions: 78->0(51)
[82.105s][info][gc,heap        ] GC(476) Survivor regions: 14->12(12)
[82.105s][info][gc,heap        ] GC(476) Old regions: 151->233
[82.105s][info][gc,heap        ] GC(476) Humongous regions: 50->50
[82.105s][info][gc,metaspace   ] GC(476) Metaspace: 14493K->14493K(31744K)
[82.105s][info][gc             ] GC(476) Pause Young (G1 Evacuation Pause) 292M->294M(512M) 135.517ms
[82.105s][info][gc,cpu         ] GC(476) User=1.19s Sys=0.06s Real=0.14s
[82.208s][info][gc,start       ] GC(477) Pause Initial Mark (G1 Evacuation Pause)
[82.208s][info][gc,task        ] GC(477) Using 8 workers of 8 for evacuation
[82.353s][info][gc,phases      ] GC(477)   Pre Evacuate Collection Set: 0.1ms
[82.354s][info][gc,phases      ] GC(477)   Evacuate Collection Set: 140.0ms
[82.354s][info][gc,phases      ] GC(477)   Post Evacuate Collection Set: 4.3ms
[82.354s][info][gc,phases      ] GC(477)   Other: 0.8ms
[82.354s][info][gc,heap        ] GC(477) Eden regions: 51->0(35)
[82.354s][info][gc,heap        ] GC(477) Survivor regions: 12->8(8)
[82.354s][info][gc,heap        ] GC(477) Old regions: 233->290
[82.354s][info][gc,heap        ] GC(477) Humongous regions: 50->50
[82.354s][info][gc,metaspace   ] GC(477) Metaspace: 14494K->14494K(31744K)
[82.354s][info][gc             ] GC(477) Pause Initial Mark (G1 Evacuation Pause) 345M->347M(512M) 145.840ms
[82.354s][info][gc,cpu         ] GC(477) User=0.98s Sys=0.03s Real=0.15s
[82.354s][info][gc             ] GC(478) Concurrent Cycle
[82.354s][info][gc,marking     ] GC(478) Concurrent Clear Claimed Marks
[82.355s][info][gc,marking     ] GC(478) Concurrent Clear Claimed Marks 0.141ms
[82.355s][info][gc,marking     ] GC(478) Concurrent Scan Root Regions
[82.395s][info][gc,marking     ] GC(478) Concurrent Scan Root Regions 40.637ms
[82.396s][info][gc,marking     ] GC(478) Concurrent Mark (82.396s)
[82.396s][info][gc,marking     ] GC(478) Concurrent Mark From Roots
[82.396s][info][gc,task        ] GC(478) Using 2 workers of 2 for marking
[82.466s][info][gc,start       ] GC(479) Pause Young (G1 Evacuation Pause)
[82.466s][info][gc,task        ] GC(479) Using 8 workers of 8 for evacuation
[82.606s][info][gc,phases      ] GC(479)   Pre Evacuate Collection Set: 0.0ms
[82.607s][info][gc,phases      ] GC(479)   Evacuate Collection Set: 137.8ms
[82.607s][info][gc,phases      ] GC(479)   Post Evacuate Collection Set: 2.2ms
[82.607s][info][gc,phases      ] GC(479)   Other: 0.6ms
[82.607s][info][gc,heap        ] GC(479) Eden regions: 35->0(19)
[82.607s][info][gc,heap        ] GC(479) Survivor regions: 8->6(6)
[82.607s][info][gc,heap        ] GC(479) Old regions: 290->328
[82.607s][info][gc,heap        ] GC(479) Humongous regions: 100->100
[82.607s][info][gc,metaspace   ] GC(479) Metaspace: 14503K->14503K(31744K)
[82.607s][info][gc             ] GC(479) Pause Young (G1 Evacuation Pause) 432M->433M(512M) 141.055ms
[82.607s][info][gc,cpu         ] GC(479) User=0.91s Sys=0.03s Real=0.13s
[82.636s][info][gc,start       ] GC(480) Pause Young (G1 Evacuation Pause)
[82.636s][info][gc,task        ] GC(480) Using 8 workers of 8 for evacuation
[82.696s][info][gc,phases      ] GC(480)   Pre Evacuate Collection Set: 0.0ms
[82.697s][info][gc,phases      ] GC(480)   Evacuate Collection Set: 58.0ms
[82.697s][info][gc,phases      ] GC(480)   Post Evacuate Collection Set: 1.7ms
[82.697s][info][gc,phases      ] GC(480)   Other: 0.5ms
[82.697s][info][gc,heap        ] GC(480) Eden regions: 19->0(21)
[82.697s][info][gc,heap        ] GC(480) Survivor regions: 6->4(4)
[82.697s][info][gc,heap        ] GC(480) Old regions: 328->351
[82.697s][info][gc,heap        ] GC(480) Humongous regions: 100->100
[82.697s][info][gc,metaspace   ] GC(480) Metaspace: 14503K->14503K(31744K)
[82.697s][info][gc             ] GC(480) Pause Young (G1 Evacuation Pause) 452M->454M(512M) 60.782ms
[82.697s][info][gc,cpu         ] GC(480) User=0.38s Sys=0.00s Real=0.06s
[82.717s][info][gc,start       ] GC(481) Pause Young (G1 Evacuation Pause)
[82.718s][info][gc,task        ] GC(481) Using 8 workers of 8 for evacuation
[82.776s][info][gc,phases      ] GC(481)   Pre Evacuate Collection Set: 0.0ms
[82.776s][info][gc,phases      ] GC(481)   Evacuate Collection Set: 56.5ms
[82.776s][info][gc,phases      ] GC(481)   Post Evacuate Collection Set: 1.2ms
[82.776s][info][gc,phases      ] GC(481)   Other: 0.5ms
[82.776s][info][gc,heap        ] GC(481) Eden regions: 21->0(21)
[82.776s][info][gc,heap        ] GC(481) Survivor regions: 4->4(4)
[82.776s][info][gc,heap        ] GC(481) Old regions: 351->374
[82.776s][info][gc,heap        ] GC(481) Humongous regions: 100->100
[82.776s][info][gc,metaspace   ] GC(481) Metaspace: 14503K->14503K(31744K)
[82.776s][info][gc             ] GC(481) Pause Young (G1 Evacuation Pause) 475M->477M(512M) 58.671ms
[82.776s][info][gc,cpu         ] GC(481) User=0.48s Sys=0.00s Real=0.06s
[82.795s][info][gc,start       ] GC(482) Pause Young (G1 Evacuation Pause)
[82.795s][info][gc,task        ] GC(482) Using 8 workers of 8 for evacuation
[82.875s][info][gc             ] GC(482) To-space exhausted
[82.875s][info][gc,phases      ] GC(482)   Pre Evacuate Collection Set: 0.0ms
[82.875s][info][gc,phases      ] GC(482)   Evacuate Collection Set: 52.9ms
[82.875s][info][gc,phases      ] GC(482)   Post Evacuate Collection Set: 26.5ms
[82.875s][info][gc,phases      ] GC(482)   Other: 0.7ms
[82.875s][info][gc,heap        ] GC(482) Eden regions: 21->0(21)
[82.875s][info][gc,heap        ] GC(482) Survivor regions: 4->4(4)
[82.875s][info][gc,heap        ] GC(482) Old regions: 374->401
[82.876s][info][gc,heap        ] GC(482) Humongous regions: 100->100
[82.876s][info][gc,metaspace   ] GC(482) Metaspace: 14503K->14503K(31744K)
[82.876s][info][gc             ] GC(482) Pause Young (G1 Evacuation Pause) 498M->504M(512M) 80.817ms
[82.876s][info][gc,cpu         ] GC(482) User=0.52s Sys=0.00s Real=0.08s
[82.883s][info][gc,start       ] GC(483) Pause Young (G1 Evacuation Pause)
[82.883s][info][gc,task        ] GC(483) Using 8 workers of 8 for evacuation
[82.948s][info][gc             ] GC(483) To-space exhausted
[82.949s][info][gc,phases      ] GC(483)   Pre Evacuate Collection Set: 0.1ms
[82.949s][info][gc,phases      ] GC(483)   Evacuate Collection Set: 54.3ms
[82.949s][info][gc,phases      ] GC(483)   Post Evacuate Collection Set: 10.5ms
[82.949s][info][gc,phases      ] GC(483)   Other: 0.7ms
[82.949s][info][gc,heap        ] GC(483) Eden regions: 7->0(25)
[82.949s][info][gc,heap        ] GC(483) Survivor regions: 4->0(4)
[82.949s][info][gc,heap        ] GC(483) Old regions: 401->412
[82.949s][info][gc,heap        ] GC(483) Humongous regions: 100->100
[82.949s][info][gc,metaspace   ] GC(483) Metaspace: 14503K->14503K(31744K)
[82.949s][info][gc             ] GC(483) Pause Young (G1 Evacuation Pause) 511M->511M(512M) 65.909ms
[82.949s][info][gc,cpu         ] GC(483) User=0.48s Sys=0.02s Real=0.07s
[82.949s][info][gc,start       ] GC(484) Pause Young (G1 Evacuation Pause)
[82.950s][info][gc,task        ] GC(484) Using 8 workers of 8 for evacuation
[82.963s][info][gc,phases      ] GC(484)   Pre Evacuate Collection Set: 0.0ms
[82.963s][info][gc,phases      ] GC(484)   Evacuate Collection Set: 12.3ms
[82.963s][info][gc,phases      ] GC(484)   Post Evacuate Collection Set: 0.6ms
[82.963s][info][gc,phases      ] GC(484)   Other: 0.5ms
[82.963s][info][gc,heap        ] GC(484) Eden regions: 0->0(25)
[82.963s][info][gc,heap        ] GC(484) Survivor regions: 0->0(4)
[82.963s][info][gc,heap        ] GC(484) Old regions: 412->412
[82.963s][info][gc,heap        ] GC(484) Humongous regions: 100->100
[82.963s][info][gc,metaspace   ] GC(484) Metaspace: 14503K->14503K(31744K)
[82.963s][info][gc             ] GC(484) Pause Young (G1 Evacuation Pause) 511M->511M(512M) 13.866ms
[82.963s][info][gc,cpu         ] GC(484) User=0.13s Sys=0.00s Real=0.02s
[82.965s][info][gc,start       ] GC(485) Pause Full (Allocation Failure)
[82.967s][info][gc,phases,start] GC(485) Phase 1: Mark live objects
[83.164s][info][gc,stringtable ] GC(485) Cleaned string and symbol table, strings: 7486 processed, 349 removed, symbols: 48793 processed, 0 removed
[83.164s][info][gc,phases      ] GC(485) Phase 1: Mark live objects 197.137ms
[83.164s][info][gc,phases,start] GC(485) Phase 2: Prepare for compaction
[83.180s][info][gc,phases      ] GC(485) Phase 2: Prepare for compaction 16.191ms
[83.180s][info][gc,phases,start] GC(485) Phase 3: Adjust pointers and remembered sets
[83.276s][info][gc,phases      ] GC(485) Phase 3: Adjust pointers and remembered sets 95.288ms
[83.276s][info][gc,phases,start] GC(485) Phase 4: Compact heap
[83.310s][info][gc,phases      ] GC(485) Phase 4: Compact heap 34.004ms
[83.312s][info][gc,heap        ] GC(485) Eden regions: 0->0(102)
[83.312s][info][gc,heap        ] GC(485) Survivor regions: 0->0(4)
[83.313s][info][gc,heap        ] GC(485) Old regions: 412->76
[83.313s][info][gc,heap        ] GC(485) Humongous regions: 100->50
[83.313s][info][gc,metaspace   ] GC(485) Metaspace: 14503K->14427K(31744K)
[83.313s][info][gc             ] GC(485) Pause Full (Allocation Failure) 511M->121M(512M) 347.732ms
[83.314s][info][gc,cpu         ] GC(485) User=2.19s Sys=0.06s Real=0.35s
[83.314s][info][gc,marking     ] GC(478) Concurrent Mark From Roots 918.260ms
[83.314s][info][gc,marking     ] GC(478) Concurrent Mark Abort
[83.314s][info][gc             ] GC(478) Concurrent Cycle 960.042ms
[83.398s][info][gc,start       ] GC(486) Pause Young (G1 Evacuation Pause)
[83.398s][info][gc,task        ] GC(486) Using 8 workers of 8 for evacuation
[83.657s][info][gc,mmu         ] GC(486) MMU target violated: 201.0ms (200.0ms/201.0ms)
[83.657s][info][gc,phases      ] GC(486)   Pre Evacuate Collection Set: 0.0ms
[83.657s][info][gc,phases      ] GC(486)   Evacuate Collection Set: 255.1ms
[83.657s][info][gc,phases      ] GC(486)   Post Evacuate Collection Set: 3.5ms
[83.657s][info][gc,phases      ] GC(486)   Other: 0.8ms
[83.657s][info][gc,heap        ] GC(486) Eden regions: 102->0(73)
[83.657s][info][gc,heap        ] GC(486) Survivor regions: 0->13(13)
[83.658s][info][gc,heap        ] GC(486) Old regions: 76->165
[83.658s][info][gc,heap        ] GC(486) Humongous regions: 50->50
[83.658s][info][gc,metaspace   ] GC(486) Metaspace: 14441K->14441K(31744K)
[83.658s][info][gc             ] GC(486) Pause Young (G1 Evacuation Pause) 223M->223M(512M) 259.692ms
[83.658s][info][gc,cpu         ] GC(486) User=1.83s Sys=0.13s Real=0.27s
[83.820s][info][gc,start       ] GC(487) Pause Young (G1 Evacuation Pause)
[83.820s][info][gc,task        ] GC(487) Using 8 workers of 8 for evacuation
[84.033s][info][gc,mmu         ] GC(487) MMU target violated: 201.0ms (200.0ms/201.0ms)
[84.033s][info][gc,phases      ] GC(487)   Pre Evacuate Collection Set: 0.0ms
[84.033s][info][gc,phases      ] GC(487)   Evacuate Collection Set: 209.5ms
[84.034s][info][gc,phases      ] GC(487)   Post Evacuate Collection Set: 2.7ms
[84.034s][info][gc,phases      ] GC(487)   Other: 0.8ms
[84.034s][info][gc,heap        ] GC(487) Eden regions: 73->0(49)
[84.034s][info][gc,heap        ] GC(487) Survivor regions: 13->11(11)
[84.034s][info][gc,heap        ] GC(487) Old regions: 165->241
[84.034s][info][gc,heap        ] GC(487) Humongous regions: 50->50
[84.034s][info][gc,metaspace   ] GC(487) Metaspace: 14514K->14514K(31744K)
[84.034s][info][gc             ] GC(487) Pause Young (G1 Evacuation Pause) 296M->297M(512M) 213.594ms
[84.034s][info][gc,cpu         ] GC(487) User=1.34s Sys=0.11s Real=0.22s
[84.127s][info][gc,start       ] GC(488) Pause Initial Mark (G1 Evacuation Pause)
[84.127s][info][gc,task        ] GC(488) Using 8 workers of 8 for evacuation
[84.275s][info][gc,phases      ] GC(488)   Pre Evacuate Collection Set: 0.1ms
[84.275s][info][gc,phases      ] GC(488)   Evacuate Collection Set: 145.0ms
[84.275s][info][gc,phases      ] GC(488)   Post Evacuate Collection Set: 1.3ms
[84.275s][info][gc,phases      ] GC(488)   Other: 1.8ms
[84.275s][info][gc,heap        ] GC(488) Eden regions: 49->0(33)
[84.275s][info][gc,heap        ] GC(488) Survivor regions: 11->8(8)
[84.275s][info][gc,heap        ] GC(488) Old regions: 241->295
[84.275s][info][gc,heap        ] GC(488) Humongous regions: 50->50
[84.275s][info][gc,metaspace   ] GC(488) Metaspace: 14514K->14514K(31744K)
[84.276s][info][gc             ] GC(488) Pause Initial Mark (G1 Evacuation Pause) 346M->348M(512M) 148.525ms
[84.276s][info][gc,cpu         ] GC(488) User=0.97s Sys=0.09s Real=0.15s
[84.276s][info][gc             ] GC(489) Concurrent Cycle
[84.276s][info][gc,marking     ] GC(489) Concurrent Clear Claimed Marks
[84.276s][info][gc,marking     ] GC(489) Concurrent Clear Claimed Marks 0.072ms
[84.276s][info][gc,marking     ] GC(489) Concurrent Scan Root Regions
[84.294s][info][gc,marking     ] GC(489) Concurrent Scan Root Regions 18.522ms
[84.295s][info][gc,marking     ] GC(489) Concurrent Mark (84.295s)
[84.295s][info][gc,marking     ] GC(489) Concurrent Mark From Roots
[84.295s][info][gc,task        ] GC(489) Using 2 workers of 2 for marking
[84.307s][info][gc,start       ] GC(490) Pause Young (G1 Humongous Allocation)
[84.307s][info][gc,task        ] GC(490) Using 8 workers of 8 for evacuation
[84.370s][info][gc,phases      ] GC(490)   Pre Evacuate Collection Set: 0.0ms
[84.370s][info][gc,phases      ] GC(490)   Evacuate Collection Set: 61.8ms
[84.370s][info][gc,phases      ] GC(490)   Post Evacuate Collection Set: 0.8ms
[84.370s][info][gc,phases      ] GC(490)   Other: 0.6ms
[84.370s][info][gc,heap        ] GC(490) Eden regions: 10->0(30)
[84.370s][info][gc,heap        ] GC(490) Survivor regions: 8->6(6)
[84.370s][info][gc,heap        ] GC(490) Old regions: 295->308
[84.370s][info][gc,heap        ] GC(490) Humongous regions: 50->50
[84.370s][info][gc,metaspace   ] GC(490) Metaspace: 14514K->14514K(31744K)
[84.370s][info][gc             ] GC(490) Pause Young (G1 Humongous Allocation) 357M->359M(512M) 63.759ms
[84.370s][info][gc,cpu         ] GC(490) User=0.48s Sys=0.02s Real=0.06s
[84.443s][info][gc,start       ] GC(491) Pause Young (G1 Evacuation Pause)
[84.443s][info][gc,task        ] GC(491) Using 8 workers of 8 for evacuation
[84.501s][info][gc,phases      ] GC(491)   Pre Evacuate Collection Set: 0.0ms
[84.501s][info][gc,phases      ] GC(491)   Evacuate Collection Set: 56.1ms
[84.501s][info][gc,phases      ] GC(491)   Post Evacuate Collection Set: 1.1ms
[84.501s][info][gc,phases      ] GC(491)   Other: 0.6ms
[84.501s][info][gc,heap        ] GC(491) Eden regions: 30->0(20)
[84.501s][info][gc,heap        ] GC(491) Survivor regions: 6->5(5)
[84.501s][info][gc,heap        ] GC(491) Old regions: 308->341
[84.501s][info][gc,heap        ] GC(491) Humongous regions: 101->101
[84.501s][info][gc,metaspace   ] GC(491) Metaspace: 14514K->14514K(31744K)
[84.501s][info][gc             ] GC(491) Pause Young (G1 Evacuation Pause) 440M->442M(512M) 58.110ms
[84.501s][info][gc,cpu         ] GC(491) User=0.50s Sys=0.00s Real=0.06s
[84.522s][info][gc,start       ] GC(492) Pause Young (G1 Evacuation Pause)
[84.522s][info][gc,task        ] GC(492) Using 8 workers of 8 for evacuation
[84.568s][info][gc,phases      ] GC(492)   Pre Evacuate Collection Set: 0.0ms
[84.569s][info][gc,phases      ] GC(492)   Evacuate Collection Set: 45.5ms
[84.569s][info][gc,phases      ] GC(492)   Post Evacuate Collection Set: 0.7ms
[84.569s][info][gc,phases      ] GC(492)   Other: 0.5ms
[84.570s][info][gc,heap        ] GC(492) Eden regions: 20->0(21)
[84.570s][info][gc,heap        ] GC(492) Survivor regions: 5->4(4)
[84.570s][info][gc,heap        ] GC(492) Old regions: 341->364
[84.570s][info][gc,heap        ] GC(492) Humongous regions: 101->101
[84.570s][info][gc,metaspace   ] GC(492) Metaspace: 14514K->14514K(31744K)
[84.570s][info][gc             ] GC(492) Pause Young (G1 Evacuation Pause) 462M->464M(512M) 48.002ms
[84.570s][info][gc,cpu         ] GC(492) User=0.36s Sys=0.00s Real=0.05s
[84.587s][info][gc,start       ] GC(493) Pause Young (G1 Evacuation Pause)
[84.587s][info][gc,task        ] GC(493) Using 8 workers of 8 for evacuation
[84.645s][info][gc             ] GC(493) To-space exhausted
[84.645s][info][gc,phases      ] GC(493)   Pre Evacuate Collection Set: 0.0ms
[84.645s][info][gc,phases      ] GC(493)   Evacuate Collection Set: 51.4ms
[84.645s][info][gc,phases      ] GC(493)   Post Evacuate Collection Set: 6.0ms
[84.645s][info][gc,phases      ] GC(493)   Other: 0.9ms
[84.645s][info][gc,heap        ] GC(493) Eden regions: 21->0(21)
[84.645s][info][gc,heap        ] GC(493) Survivor regions: 4->4(4)
[84.646s][info][gc,heap        ] GC(493) Old regions: 364->390
[84.646s][info][gc,heap        ] GC(493) Humongous regions: 101->101
[84.646s][info][gc,metaspace   ] GC(493) Metaspace: 14514K->14514K(31744K)
[84.646s][info][gc             ] GC(493) Pause Young (G1 Evacuation Pause) 485M->490M(512M) 58.750ms
[84.646s][info][gc,cpu         ] GC(493) User=0.38s Sys=0.02s Real=0.06s
[84.665s][info][gc,start       ] GC(494) Pause Young (G1 Evacuation Pause)
[84.665s][info][gc,task        ] GC(494) Using 8 workers of 8 for evacuation
[84.763s][info][gc             ] GC(494) To-space exhausted
[84.763s][info][gc,phases      ] GC(494)   Pre Evacuate Collection Set: 0.0ms
[84.763s][info][gc,phases      ] GC(494)   Evacuate Collection Set: 72.2ms
[84.763s][info][gc,phases      ] GC(494)   Post Evacuate Collection Set: 24.9ms
[84.763s][info][gc,phases      ] GC(494)   Other: 7.2ms
[84.763s][info][gc,heap        ] GC(494) Eden regions: 17->0(25)
[84.763s][info][gc,heap        ] GC(494) Survivor regions: 4->0(4)
[84.763s][info][gc,heap        ] GC(494) Old regions: 390->411
[84.763s][info][gc,heap        ] GC(494) Humongous regions: 101->101
[84.763s][info][gc,metaspace   ] GC(494) Metaspace: 14514K->14514K(31744K)
[84.763s][info][gc             ] GC(494) Pause Young (G1 Evacuation Pause) 507M->507M(512M) 98.102ms
[84.763s][info][gc,cpu         ] GC(494) User=0.72s Sys=0.00s Real=0.11s
[84.764s][info][gc,start       ] GC(495) Pause Young (G1 Evacuation Pause)
[84.764s][info][gc,task        ] GC(495) Using 8 workers of 8 for evacuation
[84.807s][info][gc,phases      ] GC(495)   Pre Evacuate Collection Set: 0.0ms
[84.807s][info][gc,phases      ] GC(495)   Evacuate Collection Set: 41.0ms
[84.807s][info][gc,phases      ] GC(495)   Post Evacuate Collection Set: 1.3ms
[84.807s][info][gc,phases      ] GC(495)   Other: 0.4ms
[84.807s][info][gc,heap        ] GC(495) Eden regions: 0->0(25)
[84.807s][info][gc,heap        ] GC(495) Survivor regions: 0->0(4)
[84.807s][info][gc,heap        ] GC(495) Old regions: 411->411
[84.807s][info][gc,heap        ] GC(495) Humongous regions: 101->101
[84.807s][info][gc,metaspace   ] GC(495) Metaspace: 14514K->14514K(31744K)
[84.807s][info][gc             ] GC(495) Pause Young (G1 Evacuation Pause) 507M->507M(512M) 43.294ms
[84.807s][info][gc,cpu         ] GC(495) User=0.25s Sys=0.00s Real=0.04s
[84.809s][info][gc,start       ] GC(496) Pause Full (Allocation Failure)
[84.811s][info][gc,phases,start] GC(496) Phase 1: Mark live objects
[85.083s][info][gc,stringtable ] GC(496) Cleaned string and symbol table, strings: 7487 processed, 18 removed, symbols: 48812 processed, 20 removed
[85.083s][info][gc,phases      ] GC(496) Phase 1: Mark live objects 271.964ms
[85.083s][info][gc,phases,start] GC(496) Phase 2: Prepare for compaction
[85.104s][info][gc,phases      ] GC(496) Phase 2: Prepare for compaction 20.388ms
[85.104s][info][gc,phases,start] GC(496) Phase 3: Adjust pointers and remembered sets
[85.194s][info][gc,phases      ] GC(496) Phase 3: Adjust pointers and remembered sets 90.403ms
[85.195s][info][gc,phases,start] GC(496) Phase 4: Compact heap
[85.228s][info][gc,phases      ] GC(496) Phase 4: Compact heap 33.807ms
[85.231s][info][gc,heap        ] GC(496) Eden regions: 0->0(87)
[85.231s][info][gc,heap        ] GC(496) Survivor regions: 0->0(4)
[85.231s][info][gc,heap        ] GC(496) Old regions: 411->95
[85.231s][info][gc,heap        ] GC(496) Humongous regions: 101->51
[85.231s][info][gc,metaspace   ] GC(496) Metaspace: 14514K->14514K(31744K)
[85.231s][info][gc             ] GC(496) Pause Full (Allocation Failure) 507M->141M(512M) 422.303ms
[85.232s][info][gc,cpu         ] GC(496) User=3.14s Sys=0.02s Real=0.44s
[85.232s][info][gc,marking     ] GC(489) Concurrent Mark From Roots 937.639ms
[85.232s][info][gc,marking     ] GC(489) Concurrent Mark Abort
[85.233s][info][gc             ] GC(489) Concurrent Cycle 956.758ms
[85.304s][info][gc,start       ] GC(497) Pause Young (G1 Evacuation Pause)
[85.304s][info][gc,task        ] GC(497) Using 8 workers of 8 for evacuation
[85.524s][info][gc,mmu         ] GC(497) MMU target violated: 201.0ms (200.0ms/201.0ms)
[85.524s][info][gc,phases      ] GC(497)   Pre Evacuate Collection Set: 0.1ms
[85.525s][info][gc,phases      ] GC(497)   Evacuate Collection Set: 217.0ms
[85.525s][info][gc,phases      ] GC(497)   Post Evacuate Collection Set: 3.0ms
[85.525s][info][gc,phases      ] GC(497)   Other: 0.8ms
[85.525s][info][gc,heap        ] GC(497) Eden regions: 87->0(71)
[85.525s][info][gc,heap        ] GC(497) Survivor regions: 0->11(11)
[85.525s][info][gc,heap        ] GC(497) Old regions: 95->171
[85.525s][info][gc,heap        ] GC(497) Humongous regions: 51->51
[85.525s][info][gc,metaspace   ] GC(497) Metaspace: 14515K->14515K(31744K)
[85.525s][info][gc             ] GC(497) Pause Young (G1 Evacuation Pause) 228M->227M(512M) 221.167ms
[85.525s][info][gc,cpu         ] GC(497) User=1.41s Sys=0.11s Real=0.23s
[85.656s][info][gc,start       ] GC(498) Pause Young (G1 Evacuation Pause)
[85.656s][info][gc,task        ] GC(498) Using 8 workers of 8 for evacuation
[85.803s][info][gc,phases      ] GC(498)   Pre Evacuate Collection Set: 0.0ms
[85.803s][info][gc,phases      ] GC(498)   Evacuate Collection Set: 145.1ms
[85.803s][info][gc,phases      ] GC(498)   Post Evacuate Collection Set: 1.4ms
[85.803s][info][gc,phases      ] GC(498)   Other: 0.9ms
[85.803s][info][gc,heap        ] GC(498) Eden regions: 69->0(49)
[85.803s][info][gc,heap        ] GC(498) Survivor regions: 11->10(10)
[85.803s][info][gc,heap        ] GC(498) Old regions: 171->242
[85.803s][info][gc,heap        ] GC(498) Humongous regions: 51->51
[85.803s][info][gc,metaspace   ] GC(498) Metaspace: 14515K->14515K(31744K)
[85.803s][info][gc             ] GC(498) Pause Young (G1 Evacuation Pause) 296M->298M(512M) 147.902ms
[85.804s][info][gc,cpu         ] GC(498) User=1.09s Sys=0.00s Real=0.16s
[85.886s][info][gc,start       ] GC(499) Pause Initial Mark (G1 Evacuation Pause)
[85.886s][info][gc,task        ] GC(499) Using 8 workers of 8 for evacuation
[86.021s][info][gc,phases      ] GC(499)   Pre Evacuate Collection Set: 0.2ms
[86.022s][info][gc,phases      ] GC(499)   Evacuate Collection Set: 133.5ms
[86.022s][info][gc,phases      ] GC(499)   Post Evacuate Collection Set: 1.4ms
[86.022s][info][gc,phases      ] GC(499)   Other: 0.9ms
[86.022s][info][gc,heap        ] GC(499) Eden regions: 49->0(33)
[86.022s][info][gc,heap        ] GC(499) Survivor regions: 10->8(8)
[86.022s][info][gc,heap        ] GC(499) Old regions: 242->295
[86.022s][info][gc,heap        ] GC(499) Humongous regions: 51->51
[86.022s][info][gc,metaspace   ] GC(499) Metaspace: 14515K->14515K(31744K)
[86.022s][info][gc             ] GC(499) Pause Initial Mark (G1 Evacuation Pause) 347M->349M(512M) 136.302ms
[86.022s][info][gc,cpu         ] GC(499) User=1.08s Sys=0.00s Real=0.15s
[86.022s][info][gc             ] GC(500) Concurrent Cycle
[86.022s][info][gc,marking     ] GC(500) Concurrent Clear Claimed Marks
[86.022s][info][gc,marking     ] GC(500) Concurrent Clear Claimed Marks 0.092ms
[86.022s][info][gc,marking     ] GC(500) Concurrent Scan Root Regions
[86.041s][info][gc,marking     ] GC(500) Concurrent Scan Root Regions 18.426ms
[86.041s][info][gc,marking     ] GC(500) Concurrent Mark (86.041s)
[86.041s][info][gc,marking     ] GC(500) Concurrent Mark From Roots
[86.041s][info][gc,task        ] GC(500) Using 2 workers of 2 for marking
[86.115s][info][gc,start       ] GC(501) Pause Young (G1 Evacuation Pause)
[86.115s][info][gc,task        ] GC(501) Using 8 workers of 8 for evacuation
[86.199s][info][gc,phases      ] GC(501)   Pre Evacuate Collection Set: 0.0ms
[86.200s][info][gc,phases      ] GC(501)   Evacuate Collection Set: 72.6ms
[86.200s][info][gc,phases      ] GC(501)   Post Evacuate Collection Set: 10.9ms
[86.200s][info][gc,phases      ] GC(501)   Other: 0.8ms
[86.200s][info][gc,heap        ] GC(501) Eden regions: 33->0(19)
[86.200s][info][gc,heap        ] GC(501) Survivor regions: 8->6(6)
[86.200s][info][gc,heap        ] GC(501) Old regions: 295->331
[86.200s][info][gc,heap        ] GC(501) Humongous regions: 102->102
[86.200s][info][gc,metaspace   ] GC(501) Metaspace: 14515K->14515K(31744K)
[86.200s][info][gc             ] GC(501) Pause Young (G1 Evacuation Pause) 433M->434M(512M) 84.799ms
[86.200s][info][gc,cpu         ] GC(501) User=0.63s Sys=0.02s Real=0.10s
[86.221s][info][gc,start       ] GC(502) Pause Young (G1 Evacuation Pause)
[86.221s][info][gc,task        ] GC(502) Using 8 workers of 8 for evacuation
[86.287s][info][gc,phases      ] GC(502)   Pre Evacuate Collection Set: 0.0ms
[86.287s][info][gc,phases      ] GC(502)   Evacuate Collection Set: 64.0ms
[86.287s][info][gc,phases      ] GC(502)   Post Evacuate Collection Set: 1.1ms
[86.287s][info][gc,phases      ] GC(502)   Other: 0.6ms
[86.287s][info][gc,heap        ] GC(502) Eden regions: 19->0(21)
[86.287s][info][gc,heap        ] GC(502) Survivor regions: 6->4(4)
[86.287s][info][gc,heap        ] GC(502) Old regions: 331->355
[86.288s][info][gc,heap        ] GC(502) Humongous regions: 102->102
[86.288s][info][gc,metaspace   ] GC(502) Metaspace: 14515K->14515K(31744K)
[86.288s][info][gc             ] GC(502) Pause Young (G1 Evacuation Pause) 453M->456M(512M) 66.312ms
[86.288s][info][gc,cpu         ] GC(502) User=0.59s Sys=0.03s Real=0.07s
[86.312s][info][gc,start       ] GC(503) Pause Young (G1 Evacuation Pause)
[86.312s][info][gc,task        ] GC(503) Using 8 workers of 8 for evacuation
[86.383s][info][gc,phases      ] GC(503)   Pre Evacuate Collection Set: 0.0ms
[86.383s][info][gc,phases      ] GC(503)   Evacuate Collection Set: 66.4ms
[86.383s][info][gc,phases      ] GC(503)   Post Evacuate Collection Set: 3.9ms
[86.383s][info][gc,phases      ] GC(503)   Other: 0.6ms
[86.383s][info][gc,heap        ] GC(503) Eden regions: 21->0(21)
[86.383s][info][gc,heap        ] GC(503) Survivor regions: 4->4(4)
[86.383s][info][gc,heap        ] GC(503) Old regions: 355->378
[86.383s][info][gc,heap        ] GC(503) Humongous regions: 102->102
[86.383s][info][gc,metaspace   ] GC(503) Metaspace: 14515K->14515K(31744K)
[86.383s][info][gc             ] GC(503) Pause Young (G1 Evacuation Pause) 477M->479M(512M) 71.326ms
[86.383s][info][gc,cpu         ] GC(503) User=0.48s Sys=0.00s Real=0.08s
[86.405s][info][gc,start       ] GC(504) Pause Young (G1 Evacuation Pause)
[86.405s][info][gc,task        ] GC(504) Using 8 workers of 8 for evacuation
[86.530s][info][gc             ] GC(504) To-space exhausted
[86.530s][info][gc,phases      ] GC(504)   Pre Evacuate Collection Set: 0.0ms
[86.530s][info][gc,phases      ] GC(504)   Evacuate Collection Set: 92.2ms
[86.530s][info][gc,phases      ] GC(504)   Post Evacuate Collection Set: 32.4ms
[86.530s][info][gc,phases      ] GC(504)   Other: 0.8ms
[86.530s][info][gc,heap        ] GC(504) Eden regions: 21->0(23)
[86.530s][info][gc,heap        ] GC(504) Survivor regions: 4->2(4)
[86.530s][info][gc,heap        ] GC(504) Old regions: 378->408
[86.530s][info][gc,heap        ] GC(504) Humongous regions: 102->102
[86.530s][info][gc,metaspace   ] GC(504) Metaspace: 14515K->14515K(31744K)
[86.530s][info][gc             ] GC(504) Pause Young (G1 Evacuation Pause) 500M->507M(512M) 125.622ms
[86.530s][info][gc,cpu         ] GC(504) User=0.81s Sys=0.00s Real=0.13s
[86.531s][info][gc,start       ] GC(505) Pause Young (G1 Evacuation Pause)
[86.531s][info][gc,task        ] GC(505) Using 8 workers of 8 for evacuation
[86.573s][info][gc             ] GC(505) To-space exhausted
[86.573s][info][gc,phases      ] GC(505)   Pre Evacuate Collection Set: 0.0ms
[86.573s][info][gc,phases      ] GC(505)   Evacuate Collection Set: 36.7ms
[86.573s][info][gc,phases      ] GC(505)   Post Evacuate Collection Set: 5.1ms
[86.573s][info][gc,phases      ] GC(505)   Other: 0.6ms
[86.573s][info][gc,heap        ] GC(505) Eden regions: 0->0(25)
[86.573s][info][gc,heap        ] GC(505) Survivor regions: 2->0(4)
[86.573s][info][gc,heap        ] GC(505) Old regions: 408->410
[86.574s][info][gc,heap        ] GC(505) Humongous regions: 102->102
[86.574s][info][gc,metaspace   ] GC(505) Metaspace: 14515K->14515K(31744K)
[86.574s][info][gc             ] GC(505) Pause Young (G1 Evacuation Pause) 507M->507M(512M) 42.987ms
[86.574s][info][gc,cpu         ] GC(505) User=0.22s Sys=0.00s Real=0.03s
[86.575s][info][gc,start       ] GC(506) Pause Full (Allocation Failure)
[86.577s][info][gc,phases,start] GC(506) Phase 1: Mark live objects
[86.788s][info][gc,stringtable ] GC(506) Cleaned string and symbol table, strings: 7489 processed, 20 removed, symbols: 48792 processed, 0 removed
[86.788s][info][gc,phases      ] GC(506) Phase 1: Mark live objects 211.610ms
[86.788s][info][gc,phases,start] GC(506) Phase 2: Prepare for compaction
[86.806s][info][gc,phases      ] GC(506) Phase 2: Prepare for compaction 17.656ms
[86.806s][info][gc,phases,start] GC(506) Phase 3: Adjust pointers and remembered sets
[86.873s][info][gc,phases      ] GC(506) Phase 3: Adjust pointers and remembered sets 67.014ms
[86.873s][info][gc,phases,start] GC(506) Phase 4: Compact heap
[86.905s][info][gc,phases      ] GC(506) Phase 4: Compact heap 31.587ms
[86.907s][info][gc,heap        ] GC(506) Eden regions: 0->0(89)
[86.907s][info][gc,heap        ] GC(506) Survivor regions: 0->0(4)
[86.907s][info][gc,heap        ] GC(506) Old regions: 410->89
[86.907s][info][gc,heap        ] GC(506) Humongous regions: 102->51
[86.907s][info][gc,metaspace   ] GC(506) Metaspace: 14515K->14515K(31744K)
[86.907s][info][gc             ] GC(506) Pause Full (Allocation Failure) 507M->136M(512M) 332.263ms
[86.908s][info][gc,cpu         ] GC(506) User=2.47s Sys=0.00s Real=0.33s
[86.908s][info][gc,marking     ] GC(500) Concurrent Mark From Roots 867.235ms
[86.908s][info][gc,marking     ] GC(500) Concurrent Mark Abort
[86.908s][info][gc             ] GC(500) Concurrent Cycle 886.189ms
[86.992s][info][gc,start       ] GC(507) Pause Young (G1 Evacuation Pause)
[86.992s][info][gc,task        ] GC(507) Using 8 workers of 8 for evacuation
[87.110s][info][gc,phases      ] GC(507)   Pre Evacuate Collection Set: 0.1ms
[87.110s][info][gc,phases      ] GC(507)   Evacuate Collection Set: 115.5ms
[87.110s][info][gc,phases      ] GC(507)   Post Evacuate Collection Set: 1.9ms
[87.110s][info][gc,phases      ] GC(507)   Other: 0.6ms
[87.110s][info][gc,heap        ] GC(507) Eden regions: 89->0(72)
[87.110s][info][gc,heap        ] GC(507) Survivor regions: 0->12(12)
[87.110s][info][gc,heap        ] GC(507) Old regions: 89->166
[87.111s][info][gc,heap        ] GC(507) Humongous regions: 51->51
[87.111s][info][gc,metaspace   ] GC(507) Metaspace: 14516K->14516K(31744K)
[87.111s][info][gc             ] GC(507) Pause Young (G1 Evacuation Pause) 225M->225M(512M) 118.477ms
[87.111s][info][gc,cpu         ] GC(507) User=0.86s Sys=0.02s Real=0.12s
[87.225s][info][gc,start       ] GC(508) Pause Young (G1 Evacuation Pause)
[87.225s][info][gc,task        ] GC(508) Using 8 workers of 8 for evacuation
[87.336s][info][gc,phases      ] GC(508)   Pre Evacuate Collection Set: 0.1ms
[87.336s][info][gc,phases      ] GC(508)   Evacuate Collection Set: 108.2ms
[87.336s][info][gc,phases      ] GC(508)   Post Evacuate Collection Set: 1.5ms
[87.336s][info][gc,phases      ] GC(508)   Other: 0.7ms
[87.336s][info][gc,heap        ] GC(508) Eden regions: 72->0(49)
[87.336s][info][gc,heap        ] GC(508) Survivor regions: 12->11(11)
[87.336s][info][gc,heap        ] GC(508) Old regions: 166->241
[87.336s][info][gc,heap        ] GC(508) Humongous regions: 51->51
[87.336s][info][gc,metaspace   ] GC(508) Metaspace: 14516K->14516K(31744K)
[87.336s][info][gc             ] GC(508) Pause Young (G1 Evacuation Pause) 297M->299M(512M) 111.092ms
[87.336s][info][gc,cpu         ] GC(508) User=0.66s Sys=0.00s Real=0.11s
[87.432s][info][gc,start       ] GC(509) Pause Initial Mark (G1 Evacuation Pause)
[87.432s][info][gc,task        ] GC(509) Using 8 workers of 8 for evacuation
[87.565s][info][gc,phases      ] GC(509)   Pre Evacuate Collection Set: 0.1ms
[87.565s][info][gc,phases      ] GC(509)   Evacuate Collection Set: 122.3ms
[87.565s][info][gc,phases      ] GC(509)   Post Evacuate Collection Set: 1.1ms
[87.565s][info][gc,phases      ] GC(509)   Other: 9.4ms
[87.565s][info][gc,heap        ] GC(509) Eden regions: 49->0(33)
[87.565s][info][gc,heap        ] GC(509) Survivor regions: 11->8(8)
[87.565s][info][gc,heap        ] GC(509) Old regions: 241->295
[87.565s][info][gc,heap        ] GC(509) Humongous regions: 51->51
[87.565s][info][gc,metaspace   ] GC(509) Metaspace: 14516K->14516K(31744K)
[87.565s][info][gc             ] GC(509) Pause Initial Mark (G1 Evacuation Pause) 348M->350M(512M) 133.240ms
[87.565s][info][gc,cpu         ] GC(509) User=0.84s Sys=0.02s Real=0.13s
[87.565s][info][gc             ] GC(510) Concurrent Cycle
[87.565s][info][gc,marking     ] GC(510) Concurrent Clear Claimed Marks
[87.565s][info][gc,marking     ] GC(510) Concurrent Clear Claimed Marks 0.098ms
[87.565s][info][gc,marking     ] GC(510) Concurrent Scan Root Regions
[87.588s][info][gc,marking     ] GC(510) Concurrent Scan Root Regions 22.325ms
[87.588s][info][gc,marking     ] GC(510) Concurrent Mark (87.588s)
[87.588s][info][gc,marking     ] GC(510) Concurrent Mark From Roots
[87.588s][info][gc,task        ] GC(510) Using 2 workers of 2 for marking
[87.689s][info][gc,start       ] GC(511) Pause Young (G1 Evacuation Pause)
[87.690s][info][gc,task        ] GC(511) Using 8 workers of 8 for evacuation
[87.765s][info][gc,phases      ] GC(511)   Pre Evacuate Collection Set: 0.1ms
[87.765s][info][gc,phases      ] GC(511)   Evacuate Collection Set: 73.5ms
[87.765s][info][gc,phases      ] GC(511)   Post Evacuate Collection Set: 1.2ms
[87.765s][info][gc,phases      ] GC(511)   Other: 0.6ms
[87.765s][info][gc,heap        ] GC(511) Eden regions: 33->0(19)
[87.765s][info][gc,heap        ] GC(511) Survivor regions: 8->6(6)
[87.765s][info][gc,heap        ] GC(511) Old regions: 295->332
[87.765s][info][gc,heap        ] GC(511) Humongous regions: 103->103
[87.765s][info][gc,metaspace   ] GC(511) Metaspace: 14523K->14523K(31744K)
[87.765s][info][gc             ] GC(511) Pause Young (G1 Evacuation Pause) 435M->437M(512M) 75.966ms
[87.766s][info][gc,cpu         ] GC(511) User=0.58s Sys=0.02s Real=0.07s
[87.786s][info][gc,start       ] GC(512) Pause Young (G1 Evacuation Pause)
[87.786s][info][gc,task        ] GC(512) Using 8 workers of 8 for evacuation
[87.912s][info][gc,phases      ] GC(512)   Pre Evacuate Collection Set: 0.0ms
[87.912s][info][gc,phases      ] GC(512)   Evacuate Collection Set: 117.9ms
[87.912s][info][gc,phases      ] GC(512)   Post Evacuate Collection Set: 7.8ms
[87.912s][info][gc,phases      ] GC(512)   Other: 0.6ms
[87.912s][info][gc,heap        ] GC(512) Eden regions: 19->0(21)
[87.912s][info][gc,heap        ] GC(512) Survivor regions: 6->4(4)
[87.912s][info][gc,heap        ] GC(512) Old regions: 332->355
[87.913s][info][gc,heap        ] GC(512) Humongous regions: 103->103
[87.913s][info][gc,metaspace   ] GC(512) Metaspace: 14523K->14523K(31744K)
[87.913s][info][gc             ] GC(512) Pause Young (G1 Evacuation Pause) 456M->458M(512M) 126.635ms
[87.913s][info][gc,cpu         ] GC(512) User=0.75s Sys=0.05s Real=0.13s
[87.936s][info][gc,start       ] GC(513) Pause Young (G1 Evacuation Pause)
[87.936s][info][gc,task        ] GC(513) Using 8 workers of 8 for evacuation
[87.988s][info][gc,phases      ] GC(513)   Pre Evacuate Collection Set: 0.0ms
[87.989s][info][gc,phases      ] GC(513)   Evacuate Collection Set: 51.5ms
[87.989s][info][gc,phases      ] GC(513)   Post Evacuate Collection Set: 0.9ms
[87.989s][info][gc,phases      ] GC(513)   Other: 0.6ms
[87.989s][info][gc,heap        ] GC(513) Eden regions: 21->0(21)
[87.989s][info][gc,heap        ] GC(513) Survivor regions: 4->4(4)
[87.989s][info][gc,heap        ] GC(513) Old regions: 355->379
[87.989s][info][gc,heap        ] GC(513) Humongous regions: 103->103
[87.989s][info][gc,metaspace   ] GC(513) Metaspace: 14523K->14523K(31744K)
[87.989s][info][gc             ] GC(513) Pause Young (G1 Evacuation Pause) 479M->482M(512M) 53.375ms
[87.989s][info][gc,cpu         ] GC(513) User=0.38s Sys=0.00s Real=0.05s
[88.006s][info][gc,start       ] GC(514) Pause Young (G1 Evacuation Pause)
[88.006s][info][gc,task        ] GC(514) Using 8 workers of 8 for evacuation
[88.091s][info][gc             ] GC(514) To-space exhausted
[88.091s][info][gc,phases      ] GC(514)   Pre Evacuate Collection Set: 0.0ms
[88.091s][info][gc,phases      ] GC(514)   Evacuate Collection Set: 63.7ms
[88.091s][info][gc,phases      ] GC(514)   Post Evacuate Collection Set: 21.0ms
[88.091s][info][gc,phases      ] GC(514)   Other: 0.6ms
[88.091s][info][gc,heap        ] GC(514) Eden regions: 21->0(24)
[88.091s][info][gc,heap        ] GC(514) Survivor regions: 4->1(4)
[88.091s][info][gc,heap        ] GC(514) Old regions: 379->407
[88.091s][info][gc,heap        ] GC(514) Humongous regions: 103->103
[88.091s][info][gc,metaspace   ] GC(514) Metaspace: 14523K->14523K(31744K)
[88.091s][info][gc             ] GC(514) Pause Young (G1 Evacuation Pause) 503M->507M(512M) 85.537ms
[88.092s][info][gc,cpu         ] GC(514) User=0.56s Sys=0.03s Real=0.08s
[88.093s][info][gc,start       ] GC(515) Pause Young (G1 Evacuation Pause)
[88.093s][info][gc,task        ] GC(515) Using 8 workers of 8 for evacuation
[88.138s][info][gc             ] GC(515) To-space exhausted
[88.138s][info][gc,phases      ] GC(515)   Pre Evacuate Collection Set: 0.0ms
[88.138s][info][gc,phases      ] GC(515)   Evacuate Collection Set: 38.9ms
[88.138s][info][gc,phases      ] GC(515)   Post Evacuate Collection Set: 5.4ms
[88.138s][info][gc,phases      ] GC(515)   Other: 0.6ms
[88.138s][info][gc,heap        ] GC(515) Eden regions: 1->0(25)
[88.138s][info][gc,heap        ] GC(515) Survivor regions: 1->0(4)
[88.138s][info][gc,heap        ] GC(515) Old regions: 407->409
[88.138s][info][gc,heap        ] GC(515) Humongous regions: 103->103
[88.138s][info][gc,metaspace   ] GC(515) Metaspace: 14523K->14523K(31744K)
[88.138s][info][gc             ] GC(515) Pause Young (G1 Evacuation Pause) 508M->508M(512M) 45.392ms
[88.138s][info][gc,cpu         ] GC(515) User=0.27s Sys=0.00s Real=0.05s
[88.139s][info][gc,start       ] GC(516) Pause Young (G1 Evacuation Pause)
[88.139s][info][gc,task        ] GC(516) Using 8 workers of 8 for evacuation
[88.155s][info][gc,phases      ] GC(516)   Pre Evacuate Collection Set: 0.0ms
[88.155s][info][gc,phases      ] GC(516)   Evacuate Collection Set: 15.3ms
[88.156s][info][gc,phases      ] GC(516)   Post Evacuate Collection Set: 0.7ms
[88.156s][info][gc,phases      ] GC(516)   Other: 0.4ms
[88.156s][info][gc,heap        ] GC(516) Eden regions: 0->0(25)
[88.156s][info][gc,heap        ] GC(516) Survivor regions: 0->0(4)
[88.156s][info][gc,heap        ] GC(516) Old regions: 409->409
[88.156s][info][gc,heap        ] GC(516) Humongous regions: 103->103
[88.156s][info][gc,metaspace   ] GC(516) Metaspace: 14523K->14523K(31744K)
[88.156s][info][gc             ] GC(516) Pause Young (G1 Evacuation Pause) 508M->508M(512M) 16.784ms
[88.156s][info][gc,cpu         ] GC(516) User=0.09s Sys=0.00s Real=0.02s
[88.157s][info][gc,start       ] GC(517) Pause Full (Allocation Failure)
[88.158s][info][gc,phases,start] GC(517) Phase 1: Mark live objects
[88.366s][info][gc,stringtable ] GC(517) Cleaned string and symbol table, strings: 7502 processed, 329 removed, symbols: 48792 processed, 0 removed
[88.366s][info][gc,phases      ] GC(517) Phase 1: Mark live objects 207.780ms
[88.366s][info][gc,phases,start] GC(517) Phase 2: Prepare for compaction
[88.385s][info][gc,phases      ] GC(517) Phase 2: Prepare for compaction 18.471ms
[88.385s][info][gc,phases,start] GC(517) Phase 3: Adjust pointers and remembered sets
[88.457s][info][gc,phases      ] GC(517) Phase 3: Adjust pointers and remembered sets 72.204ms
[88.457s][info][gc,phases,start] GC(517) Phase 4: Compact heap
[88.491s][info][gc,phases      ] GC(517) Phase 4: Compact heap 33.633ms
[88.493s][info][gc,heap        ] GC(517) Eden regions: 0->0(102)
[88.493s][info][gc,heap        ] GC(517) Survivor regions: 0->0(4)
[88.493s][info][gc,heap        ] GC(517) Old regions: 409->88
[88.493s][info][gc,heap        ] GC(517) Humongous regions: 103->52
[88.493s][info][gc,metaspace   ] GC(517) Metaspace: 14523K->14523K(31744K)
[88.493s][info][gc             ] GC(517) Pause Full (Allocation Failure) 508M->136M(512M) 336.402ms
[88.494s][info][gc,cpu         ] GC(517) User=2.45s Sys=0.02s Real=0.34s
[88.494s][info][gc,marking     ] GC(510) Concurrent Mark From Roots 906.378ms
[88.494s][info][gc,marking     ] GC(510) Concurrent Mark Abort
[88.494s][info][gc             ] GC(510) Concurrent Cycle 929.232ms
[88.588s][info][gc,start       ] GC(518) Pause Young (G1 Evacuation Pause)
[88.588s][info][gc,task        ] GC(518) Using 8 workers of 8 for evacuation
[88.856s][info][gc,mmu         ] GC(518) MMU target violated: 201.0ms (200.0ms/201.0ms)
[88.857s][info][gc,phases      ] GC(518)   Pre Evacuate Collection Set: 0.0ms
[88.857s][info][gc,phases      ] GC(518)   Evacuate Collection Set: 265.7ms
[88.857s][info][gc,phases      ] GC(518)   Post Evacuate Collection Set: 2.5ms
[88.857s][info][gc,phases      ] GC(518)   Other: 0.8ms
[88.857s][info][gc,heap        ] GC(518) Eden regions: 102->0(68)
[88.857s][info][gc,heap        ] GC(518) Survivor regions: 0->13(13)
[88.857s][info][gc,heap        ] GC(518) Old regions: 88->177
[88.857s][info][gc,heap        ] GC(518) Humongous regions: 52->52
[88.857s][info][gc,metaspace   ] GC(518) Metaspace: 14525K->14525K(31744K)
[88.857s][info][gc             ] GC(518) Pause Young (G1 Evacuation Pause) 238M->238M(512M) 269.519ms
[88.857s][info][gc,cpu         ] GC(518) User=1.98s Sys=0.14s Real=0.26s
[88.956s][info][gc,start       ] GC(519) Pause Young (G1 Evacuation Pause)
[88.956s][info][gc,task        ] GC(519) Using 8 workers of 8 for evacuation
[89.101s][info][gc,phases      ] GC(519)   Pre Evacuate Collection Set: 0.0ms
[89.101s][info][gc,phases      ] GC(519)   Evacuate Collection Set: 143.0ms
[89.101s][info][gc,phases      ] GC(519)   Post Evacuate Collection Set: 1.2ms
[89.101s][info][gc,phases      ] GC(519)   Other: 0.6ms
[89.101s][info][gc,heap        ] GC(519) Eden regions: 68->0(46)
[89.101s][info][gc,heap        ] GC(519) Survivor regions: 13->11(11)
[89.101s][info][gc,heap        ] GC(519) Old regions: 177->249
[89.101s][info][gc,heap        ] GC(519) Humongous regions: 52->52
[89.101s][info][gc,metaspace   ] GC(519) Metaspace: 14529K->14529K(31744K)
[89.101s][info][gc             ] GC(519) Pause Young (G1 Evacuation Pause) 306M->308M(512M) 145.330ms
[89.101s][info][gc,cpu         ] GC(519) User=1.11s Sys=0.02s Real=0.14s
[89.142s][info][gc,start       ] GC(520) Pause Initial Mark (G1 Evacuation Pause)
[89.142s][info][gc,task        ] GC(520) Using 8 workers of 8 for evacuation
[89.280s][info][gc,phases      ] GC(520)   Pre Evacuate Collection Set: 0.3ms
[89.280s][info][gc,phases      ] GC(520)   Evacuate Collection Set: 135.6ms
[89.280s][info][gc,phases      ] GC(520)   Post Evacuate Collection Set: 1.4ms
[89.280s][info][gc,phases      ] GC(520)   Other: 0.7ms
[89.280s][info][gc,heap        ] GC(520) Eden regions: 46->0(30)
[89.280s][info][gc,heap        ] GC(520) Survivor regions: 11->8(8)
[89.280s][info][gc,heap        ] GC(520) Old regions: 249->301
[89.280s][info][gc,heap        ] GC(520) Humongous regions: 52->52
[89.280s][info][gc,metaspace   ] GC(520) Metaspace: 14529K->14529K(31744K)
[89.280s][info][gc             ] GC(520) Pause Initial Mark (G1 Evacuation Pause) 354M->357M(512M) 138.322ms
[89.280s][info][gc,cpu         ] GC(520) User=0.95s Sys=0.02s Real=0.13s
[89.280s][info][gc             ] GC(521) Concurrent Cycle
[89.280s][info][gc,marking     ] GC(521) Concurrent Clear Claimed Marks
[89.280s][info][gc,marking     ] GC(521) Concurrent Clear Claimed Marks 0.093ms
[89.281s][info][gc,marking     ] GC(521) Concurrent Scan Root Regions
[89.294s][info][gc,marking     ] GC(521) Concurrent Scan Root Regions 13.900ms
[89.295s][info][gc,marking     ] GC(521) Concurrent Mark (89.295s)
[89.295s][info][gc,marking     ] GC(521) Concurrent Mark From Roots
[89.295s][info][gc,task        ] GC(521) Using 2 workers of 2 for marking
[89.373s][info][gc,start       ] GC(522) Pause Young (G1 Evacuation Pause)
[89.373s][info][gc,task        ] GC(522) Using 8 workers of 8 for evacuation
[89.435s][info][gc,phases      ] GC(522)   Pre Evacuate Collection Set: 0.0ms
[89.435s][info][gc,phases      ] GC(522)   Evacuate Collection Set: 60.4ms
[89.435s][info][gc,phases      ] GC(522)   Post Evacuate Collection Set: 1.0ms
[89.435s][info][gc,phases      ] GC(522)   Other: 0.5ms
[89.435s][info][gc,heap        ] GC(522) Eden regions: 30->0(20)
[89.435s][info][gc,heap        ] GC(522) Survivor regions: 8->5(5)
[89.435s][info][gc,heap        ] GC(522) Old regions: 301->336
[89.435s][info][gc,heap        ] GC(522) Humongous regions: 104->104
[89.435s][info][gc,metaspace   ] GC(522) Metaspace: 14529K->14529K(31744K)
[89.435s][info][gc             ] GC(522) Pause Young (G1 Evacuation Pause) 439M->441M(512M) 62.304ms
[89.435s][info][gc,cpu         ] GC(522) User=0.36s Sys=0.00s Real=0.05s
[89.460s][info][gc,start       ] GC(523) Pause Young (G1 Evacuation Pause)
[89.460s][info][gc,task        ] GC(523) Using 8 workers of 8 for evacuation
[89.532s][info][gc,phases      ] GC(523)   Pre Evacuate Collection Set: 0.0ms
[89.532s][info][gc,phases      ] GC(523)   Evacuate Collection Set: 69.8ms
[89.532s][info][gc,phases      ] GC(523)   Post Evacuate Collection Set: 2.0ms
[89.532s][info][gc,phases      ] GC(523)   Other: 0.6ms
[89.532s][info][gc,heap        ] GC(523) Eden regions: 20->0(21)
[89.532s][info][gc,heap        ] GC(523) Survivor regions: 5->4(4)
[89.532s][info][gc,heap        ] GC(523) Old regions: 336->359
[89.532s][info][gc,heap        ] GC(523) Humongous regions: 104->104
[89.532s][info][gc,metaspace   ] GC(523) Metaspace: 14529K->14529K(31744K)
[89.533s][info][gc             ] GC(523) Pause Young (G1 Evacuation Pause) 461M->463M(512M) 72.833ms
[89.533s][info][gc,cpu         ] GC(523) User=0.45s Sys=0.02s Real=0.08s
[89.555s][info][gc,start       ] GC(524) Pause Young (G1 Evacuation Pause)
[89.555s][info][gc,task        ] GC(524) Using 8 workers of 8 for evacuation
[89.641s][info][gc             ] GC(524) To-space exhausted
[89.641s][info][gc,phases      ] GC(524)   Pre Evacuate Collection Set: 0.0ms
[89.641s][info][gc,phases      ] GC(524)   Evacuate Collection Set: 79.4ms
[89.641s][info][gc,phases      ] GC(524)   Post Evacuate Collection Set: 5.8ms
[89.641s][info][gc,phases      ] GC(524)   Other: 0.7ms
[89.641s][info][gc,heap        ] GC(524) Eden regions: 21->0(21)
[89.641s][info][gc,heap        ] GC(524) Survivor regions: 4->4(4)
[89.641s][info][gc,heap        ] GC(524) Old regions: 359->386
[89.641s][info][gc,heap        ] GC(524) Humongous regions: 104->104
[89.641s][info][gc,metaspace   ] GC(524) Metaspace: 14529K->14529K(31744K)
[89.642s][info][gc             ] GC(524) Pause Young (G1 Evacuation Pause) 484M->490M(512M) 86.407ms
[89.642s][info][gc,cpu         ] GC(524) User=0.66s Sys=0.02s Real=0.09s
[89.664s][info][gc,start       ] GC(525) Pause Young (G1 Evacuation Pause)
[89.664s][info][gc,task        ] GC(525) Using 8 workers of 8 for evacuation
[89.753s][info][gc             ] GC(525) To-space exhausted
[89.754s][info][gc,phases      ] GC(525)   Pre Evacuate Collection Set: 0.1ms
[89.754s][info][gc,phases      ] GC(525)   Evacuate Collection Set: 68.2ms
[89.754s][info][gc,phases      ] GC(525)   Post Evacuate Collection Set: 21.1ms
[89.754s][info][gc,phases      ] GC(525)   Other: 0.8ms
[89.754s][info][gc,heap        ] GC(525) Eden regions: 18->0(25)
[89.754s][info][gc,heap        ] GC(525) Survivor regions: 4->0(4)
[89.754s][info][gc,heap        ] GC(525) Old regions: 386->408
[89.754s][info][gc,heap        ] GC(525) Humongous regions: 104->104
[89.754s][info][gc,metaspace   ] GC(525) Metaspace: 14530K->14530K(31744K)
[89.754s][info][gc             ] GC(525) Pause Young (G1 Evacuation Pause) 508M->508M(512M) 90.396ms
[89.754s][info][gc,cpu         ] GC(525) User=0.70s Sys=0.02s Real=0.09s
[89.755s][info][gc,start       ] GC(526) Pause Young (G1 Evacuation Pause)
[89.755s][info][gc,task        ] GC(526) Using 8 workers of 8 for evacuation
[89.779s][info][gc,phases      ] GC(526)   Pre Evacuate Collection Set: 0.0ms
[89.779s][info][gc,phases      ] GC(526)   Evacuate Collection Set: 23.4ms
[89.779s][info][gc,phases      ] GC(526)   Post Evacuate Collection Set: 0.6ms
[89.779s][info][gc,phases      ] GC(526)   Other: 0.4ms
[89.779s][info][gc,heap        ] GC(526) Eden regions: 0->0(25)
[89.779s][info][gc,heap        ] GC(526) Survivor regions: 0->0(4)
[89.779s][info][gc,heap        ] GC(526) Old regions: 408->408
[89.779s][info][gc,heap        ] GC(526) Humongous regions: 104->104
[89.779s][info][gc,metaspace   ] GC(526) Metaspace: 14530K->14530K(31744K)
[89.779s][info][gc             ] GC(526) Pause Young (G1 Evacuation Pause) 508M->508M(512M) 24.884ms
[89.780s][info][gc,cpu         ] GC(526) User=0.13s Sys=0.00s Real=0.02s
[89.780s][info][gc,start       ] GC(527) Pause Young (G1 Evacuation Pause)
[89.780s][info][gc,task        ] GC(527) Using 8 workers of 8 for evacuation
[89.782s][info][gc,phases      ] GC(527)   Pre Evacuate Collection Set: 0.0ms
[89.782s][info][gc,phases      ] GC(527)   Evacuate Collection Set: 0.8ms
[89.782s][info][gc,phases      ] GC(527)   Post Evacuate Collection Set: 0.4ms
[89.782s][info][gc,phases      ] GC(527)   Other: 0.4ms
[89.782s][info][gc,heap        ] GC(527) Eden regions: 0->0(25)
[89.782s][info][gc,heap        ] GC(527) Survivor regions: 0->0(4)
[89.782s][info][gc,heap        ] GC(527) Old regions: 408->408
[89.782s][info][gc,heap        ] GC(527) Humongous regions: 104->104
[89.782s][info][gc,metaspace   ] GC(527) Metaspace: 14530K->14530K(31744K)
[89.782s][info][gc             ] GC(527) Pause Young (G1 Evacuation Pause) 508M->508M(512M) 1.986ms
[89.782s][info][gc,cpu         ] GC(527) User=0.13s Sys=0.00s Real=0.02s
[89.783s][info][gc,start       ] GC(528) Pause Full (Allocation Failure)
[89.786s][info][gc,phases,start] GC(528) Phase 1: Mark live objects
[89.989s][info][gc,stringtable ] GC(528) Cleaned string and symbol table, strings: 7192 processed, 19 removed, symbols: 48793 processed, 0 removed
[89.989s][info][gc,phases      ] GC(528) Phase 1: Mark live objects 203.753ms
[89.989s][info][gc,phases,start] GC(528) Phase 2: Prepare for compaction
[90.013s][info][gc,phases      ] GC(528) Phase 2: Prepare for compaction 23.425ms
[90.013s][info][gc,phases,start] GC(528) Phase 3: Adjust pointers and remembered sets
[90.092s][info][gc,phases      ] GC(528) Phase 3: Adjust pointers and remembered sets 78.828ms
[90.092s][info][gc,phases,start] GC(528) Phase 4: Compact heap
[90.145s][info][gc,phases      ] GC(528) Phase 4: Compact heap 52.588ms
[90.147s][info][gc,heap        ] GC(528) Eden regions: 0->0(102)
[90.147s][info][gc,heap        ] GC(528) Survivor regions: 0->0(4)
[90.147s][info][gc,heap        ] GC(528) Old regions: 408->85
[90.147s][info][gc,heap        ] GC(528) Humongous regions: 104->52
[90.147s][info][gc,metaspace   ] GC(528) Metaspace: 14530K->14530K(31744K)
[90.147s][info][gc             ] GC(528) Pause Full (Allocation Failure) 508M->133M(512M) 364.122ms
[90.148s][info][gc,cpu         ] GC(528) User=2.50s Sys=0.02s Real=0.37s
[90.148s][info][gc,marking     ] GC(521) Concurrent Mark From Roots 853.564ms
[90.148s][info][gc,marking     ] GC(521) Concurrent Mark Abort
[90.148s][info][gc             ] GC(521) Concurrent Cycle 868.052ms
[90.280s][info][gc,start       ] GC(529) Pause Young (G1 Evacuation Pause)
[90.280s][info][gc,task        ] GC(529) Using 8 workers of 8 for evacuation
[90.504s][info][gc,mmu         ] GC(529) MMU target violated: 201.0ms (200.0ms/201.0ms)
[90.504s][info][gc,phases      ] GC(529)   Pre Evacuate Collection Set: 0.0ms
[90.504s][info][gc,phases      ] GC(529)   Evacuate Collection Set: 221.7ms
[90.504s][info][gc,phases      ] GC(529)   Post Evacuate Collection Set: 2.2ms
[90.504s][info][gc,phases      ] GC(529)   Other: 0.8ms
[90.505s][info][gc,heap        ] GC(529) Eden regions: 102->0(69)
[90.505s][info][gc,heap        ] GC(529) Survivor regions: 0->13(13)
[90.505s][info][gc,heap        ] GC(529) Old regions: 85->175
[90.505s][info][gc,heap        ] GC(529) Humongous regions: 52->52
[90.505s][info][gc,metaspace   ] GC(529) Metaspace: 14530K->14530K(31744K)
[90.505s][info][gc             ] GC(529) Pause Young (G1 Evacuation Pause) 235M->235M(512M) 225.034ms
[90.505s][info][gc,cpu         ] GC(529) User=1.67s Sys=0.05s Real=0.23s
[90.640s][info][gc,start       ] GC(530) Pause Young (G1 Evacuation Pause)
[90.640s][info][gc,task        ] GC(530) Using 8 workers of 8 for evacuation
[90.882s][info][gc,mmu         ] GC(530) MMU target violated: 201.0ms (200.0ms/201.0ms)
[90.883s][info][gc,phases      ] GC(530)   Pre Evacuate Collection Set: 0.0ms
[90.883s][info][gc,phases      ] GC(530)   Evacuate Collection Set: 238.7ms
[90.883s][info][gc,phases      ] GC(530)   Post Evacuate Collection Set: 2.2ms
[90.883s][info][gc,phases      ] GC(530)   Other: 1.6ms
[90.883s][info][gc,heap        ] GC(530) Eden regions: 69->0(46)
[90.883s][info][gc,heap        ] GC(530) Survivor regions: 13->11(11)
[90.883s][info][gc,heap        ] GC(530) Old regions: 175->248
[90.883s][info][gc,heap        ] GC(530) Humongous regions: 52->52
[90.883s][info][gc,metaspace   ] GC(530) Metaspace: 14531K->14531K(31744K)
[90.883s][info][gc             ] GC(530) Pause Young (G1 Evacuation Pause) 304M->307M(512M) 243.133ms
[90.883s][info][gc,cpu         ] GC(530) User=1.77s Sys=0.06s Real=0.25s
[90.983s][info][gc,start       ] GC(531) Pause Initial Mark (G1 Evacuation Pause)
[90.983s][info][gc,task        ] GC(531) Using 8 workers of 8 for evacuation
[91.111s][info][gc,phases      ] GC(531)   Pre Evacuate Collection Set: 0.1ms
[91.111s][info][gc,phases      ] GC(531)   Evacuate Collection Set: 124.7ms
[91.111s][info][gc,phases      ] GC(531)   Post Evacuate Collection Set: 1.9ms
[91.111s][info][gc,phases      ] GC(531)   Other: 0.7ms
[91.111s][info][gc,heap        ] GC(531) Eden regions: 46->0(31)
[91.111s][info][gc,heap        ] GC(531) Survivor regions: 11->8(8)
[91.111s][info][gc,heap        ] GC(531) Old regions: 248->298
[91.111s][info][gc,heap        ] GC(531) Humongous regions: 52->52
[91.111s][info][gc,metaspace   ] GC(531) Metaspace: 14532K->14532K(31744K)
[91.111s][info][gc             ] GC(531) Pause Initial Mark (G1 Evacuation Pause) 353M->354M(512M) 127.709ms
[91.111s][info][gc,cpu         ] GC(531) User=0.94s Sys=0.06s Real=0.12s
[91.111s][info][gc             ] GC(532) Concurrent Cycle
[91.111s][info][gc,marking     ] GC(532) Concurrent Clear Claimed Marks
[91.111s][info][gc,marking     ] GC(532) Concurrent Clear Claimed Marks 0.100ms
[91.111s][info][gc,marking     ] GC(532) Concurrent Scan Root Regions
[91.138s][info][gc,marking     ] GC(532) Concurrent Scan Root Regions 26.311ms
[91.138s][info][gc,marking     ] GC(532) Concurrent Mark (91.138s)
[91.138s][info][gc,marking     ] GC(532) Concurrent Mark From Roots
[91.138s][info][gc,task        ] GC(532) Using 2 workers of 2 for marking
[91.139s][info][gc,start       ] GC(533) Pause Young (G1 Humongous Allocation)
[91.139s][info][gc,task        ] GC(533) Using 8 workers of 8 for evacuation
[91.228s][info][gc,phases      ] GC(533)   Pre Evacuate Collection Set: 0.0ms
[91.228s][info][gc,phases      ] GC(533)   Evacuate Collection Set: 86.1ms
[91.228s][info][gc,phases      ] GC(533)   Post Evacuate Collection Set: 2.2ms
[91.228s][info][gc,phases      ] GC(533)   Other: 0.6ms
[91.228s][info][gc,heap        ] GC(533) Eden regions: 15->0(26)
[91.228s][info][gc,heap        ] GC(533) Survivor regions: 8->5(5)
[91.228s][info][gc,heap        ] GC(533) Old regions: 298->318
[91.229s][info][gc,heap        ] GC(533) Humongous regions: 52->52
[91.229s][info][gc,metaspace   ] GC(533) Metaspace: 14532K->14532K(31744K)
[91.229s][info][gc             ] GC(533) Pause Young (G1 Humongous Allocation) 369M->371M(512M) 89.738ms
[91.229s][info][gc,cpu         ] GC(533) User=0.61s Sys=0.03s Real=0.10s
[91.352s][info][gc,start       ] GC(534) Pause Young (G1 Evacuation Pause)
[91.352s][info][gc,task        ] GC(534) Using 8 workers of 8 for evacuation
[91.448s][info][gc,phases      ] GC(534)   Pre Evacuate Collection Set: 0.0ms
[91.449s][info][gc,phases      ] GC(534)   Evacuate Collection Set: 94.6ms
[91.449s][info][gc,phases      ] GC(534)   Post Evacuate Collection Set: 1.3ms
[91.449s][info][gc,phases      ] GC(534)   Other: 0.7ms
[91.449s][info][gc,heap        ] GC(534) Eden regions: 26->0(21)
[91.449s][info][gc,heap        ] GC(534) Survivor regions: 5->4(4)
[91.449s][info][gc,heap        ] GC(534) Old regions: 318->347
[91.449s][info][gc,heap        ] GC(534) Humongous regions: 104->104
[91.449s][info][gc,metaspace   ] GC(534) Metaspace: 14532K->14532K(31744K)
[91.449s][info][gc             ] GC(534) Pause Young (G1 Evacuation Pause) 449M->451M(512M) 97.448ms
[91.449s][info][gc,cpu         ] GC(534) User=0.72s Sys=0.03s Real=0.09s
[91.479s][info][gc,start       ] GC(535) Pause Young (G1 Evacuation Pause)
[91.479s][info][gc,task        ] GC(535) Using 8 workers of 8 for evacuation
[91.567s][info][gc,phases      ] GC(535)   Pre Evacuate Collection Set: 0.1ms
[91.567s][info][gc,phases      ] GC(535)   Evacuate Collection Set: 86.4ms
[91.567s][info][gc,phases      ] GC(535)   Post Evacuate Collection Set: 1.0ms
[91.568s][info][gc,phases      ] GC(535)   Other: 0.8ms
[91.568s][info][gc,heap        ] GC(535) Eden regions: 21->0(21)
[91.568s][info][gc,heap        ] GC(535) Survivor regions: 4->4(4)
[91.568s][info][gc,heap        ] GC(535) Old regions: 347->370
[91.568s][info][gc,heap        ] GC(535) Humongous regions: 104->104
[91.568s][info][gc,metaspace   ] GC(535) Metaspace: 14532K->14532K(31744K)
[91.568s][info][gc             ] GC(535) Pause Young (G1 Evacuation Pause) 472M->474M(512M) 88.860ms
[91.568s][info][gc,cpu         ] GC(535) User=0.58s Sys=0.05s Real=0.09s
[91.593s][info][gc,start       ] GC(536) Pause Young (G1 Evacuation Pause)
[91.593s][info][gc,task        ] GC(536) Using 8 workers of 8 for evacuation
[91.733s][info][gc             ] GC(536) To-space exhausted
[91.733s][info][gc,phases      ] GC(536)   Pre Evacuate Collection Set: 0.1ms
[91.733s][info][gc,phases      ] GC(536)   Evacuate Collection Set: 101.7ms
[91.733s][info][gc,phases      ] GC(536)   Post Evacuate Collection Set: 37.1ms
[91.733s][info][gc,phases      ] GC(536)   Other: 1.0ms
[91.733s][info][gc,heap        ] GC(536) Eden regions: 21->0(21)
[91.733s][info][gc,heap        ] GC(536) Survivor regions: 4->4(4)
[91.733s][info][gc,heap        ] GC(536) Old regions: 370->402
[91.733s][info][gc,heap        ] GC(536) Humongous regions: 104->104
[91.733s][info][gc,metaspace   ] GC(536) Metaspace: 14532K->14532K(31744K)
[91.733s][info][gc             ] GC(536) Pause Young (G1 Evacuation Pause) 495M->506M(512M) 140.138ms
[91.733s][info][gc,cpu         ] GC(536) User=0.70s Sys=0.03s Real=0.14s
[91.738s][info][gc,start       ] GC(537) Pause Young (G1 Evacuation Pause)
[91.738s][info][gc,task        ] GC(537) Using 8 workers of 8 for evacuation
[91.809s][info][gc             ] GC(537) To-space exhausted
[91.809s][info][gc,phases      ] GC(537)   Pre Evacuate Collection Set: 0.1ms
[91.809s][info][gc,phases      ] GC(537)   Evacuate Collection Set: 61.4ms
[91.809s][info][gc,phases      ] GC(537)   Post Evacuate Collection Set: 9.4ms
[91.809s][info][gc,phases      ] GC(537)   Other: 0.7ms
[91.809s][info][gc,heap        ] GC(537) Eden regions: 2->0(25)
[91.810s][info][gc,heap        ] GC(537) Survivor regions: 4->0(4)
[91.810s][info][gc,heap        ] GC(537) Old regions: 402->408
[91.810s][info][gc,heap        ] GC(537) Humongous regions: 104->104
[91.810s][info][gc,metaspace   ] GC(537) Metaspace: 14532K->14532K(31744K)
[91.810s][info][gc             ] GC(537) Pause Young (G1 Evacuation Pause) 508M->508M(512M) 71.905ms
[91.810s][info][gc,cpu         ] GC(537) User=0.38s Sys=0.00s Real=0.07s
[91.810s][info][gc,start       ] GC(538) Pause Young (G1 Evacuation Pause)
[91.810s][info][gc,task        ] GC(538) Using 8 workers of 8 for evacuation
[91.830s][info][gc,phases      ] GC(538)   Pre Evacuate Collection Set: 0.0ms
[91.830s][info][gc,phases      ] GC(538)   Evacuate Collection Set: 9.3ms
[91.830s][info][gc,phases      ] GC(538)   Post Evacuate Collection Set: 9.5ms
[91.830s][info][gc,phases      ] GC(538)   Other: 0.4ms
[91.830s][info][gc,heap        ] GC(538) Eden regions: 0->0(25)
[91.830s][info][gc,heap        ] GC(538) Survivor regions: 0->0(4)
[91.830s][info][gc,heap        ] GC(538) Old regions: 408->408
[91.830s][info][gc,heap        ] GC(538) Humongous regions: 104->104
[91.830s][info][gc,metaspace   ] GC(538) Metaspace: 14532K->14532K(31744K)
[91.830s][info][gc             ] GC(538) Pause Young (G1 Evacuation Pause) 508M->508M(512M) 19.751ms
[91.830s][info][gc,cpu         ] GC(538) User=0.00s Sys=0.00s Real=0.02s
[91.831s][info][gc,start       ] GC(539) Pause Full (Allocation Failure)
[91.834s][info][gc,phases,start] GC(539) Phase 1: Mark live objects
[92.108s][info][gc,stringtable ] GC(539) Cleaned string and symbol table, strings: 7192 processed, 19 removed, symbols: 48793 processed, 0 removed
[92.108s][info][gc,phases      ] GC(539) Phase 1: Mark live objects 273.672ms
[92.108s][info][gc,phases,start] GC(539) Phase 2: Prepare for compaction
[92.141s][info][gc,phases      ] GC(539) Phase 2: Prepare for compaction 32.803ms
[92.141s][info][gc,phases,start] GC(539) Phase 3: Adjust pointers and remembered sets
[92.224s][info][gc,phases      ] GC(539) Phase 3: Adjust pointers and remembered sets 82.125ms
[92.224s][info][gc,phases,start] GC(539) Phase 4: Compact heap
[92.286s][info][gc,phases      ] GC(539) Phase 4: Compact heap 62.240ms
[92.289s][info][gc,heap        ] GC(539) Eden regions: 0->0(86)
[92.289s][info][gc,heap        ] GC(539) Survivor regions: 0->0(4)
[92.289s][info][gc,heap        ] GC(539) Old regions: 408->77
[92.289s][info][gc,heap        ] GC(539) Humongous regions: 104->52
[92.289s][info][gc,metaspace   ] GC(539) Metaspace: 14532K->14532K(31744K)
[92.289s][info][gc             ] GC(539) Pause Full (Allocation Failure) 508M->125M(512M) 458.133ms
[92.290s][info][gc,cpu         ] GC(539) User=2.69s Sys=0.05s Real=0.45s
[92.291s][info][gc,marking     ] GC(532) Concurrent Mark From Roots 1152.694ms
[92.291s][info][gc,marking     ] GC(532) Concurrent Mark Abort
[92.291s][info][gc             ] GC(532) Concurrent Cycle 1179.599ms
[92.425s][info][gc,start       ] GC(540) Pause Young (G1 Evacuation Pause)
[92.426s][info][gc,task        ] GC(540) Using 8 workers of 8 for evacuation
[92.664s][info][gc,mmu         ] GC(540) MMU target violated: 201.0ms (200.0ms/201.0ms)
[92.664s][info][gc,phases      ] GC(540)   Pre Evacuate Collection Set: 0.1ms
[92.664s][info][gc,phases      ] GC(540)   Evacuate Collection Set: 234.2ms
[92.664s][info][gc,phases      ] GC(540)   Post Evacuate Collection Set: 2.9ms
[92.664s][info][gc,phases      ] GC(540)   Other: 1.6ms
[92.664s][info][gc,heap        ] GC(540) Eden regions: 86->0(67)
[92.664s][info][gc,heap        ] GC(540) Survivor regions: 0->11(11)
[92.664s][info][gc,heap        ] GC(540) Old regions: 77->152
[92.664s][info][gc,heap        ] GC(540) Humongous regions: 52->52
[92.664s][info][gc,metaspace   ] GC(540) Metaspace: 14540K->14540K(31744K)
[92.665s][info][gc             ] GC(540) Pause Young (G1 Evacuation Pause) 211M->210M(512M) 239.069ms
[92.665s][info][gc,cpu         ] GC(540) User=1.55s Sys=0.00s Real=0.23s
[92.817s][info][gc,start       ] GC(541) Pause Young (G1 Evacuation Pause)
[92.817s][info][gc,task        ] GC(541) Using 8 workers of 8 for evacuation
[93.034s][info][gc,mmu         ] GC(541) MMU target violated: 201.0ms (200.0ms/201.0ms)
[93.035s][info][gc,phases      ] GC(541)   Pre Evacuate Collection Set: 0.1ms
[93.035s][info][gc,phases      ] GC(541)   Evacuate Collection Set: 213.1ms
[93.035s][info][gc,phases      ] GC(541)   Post Evacuate Collection Set: 3.6ms
[93.035s][info][gc,phases      ] GC(541)   Other: 1.8ms
[93.035s][info][gc,heap        ] GC(541) Eden regions: 67->0(55)
[93.035s][info][gc,heap        ] GC(541) Survivor regions: 11->10(10)
[93.035s][info][gc,heap        ] GC(541) Old regions: 152->221
[93.035s][info][gc,heap        ] GC(541) Humongous regions: 52->52
[93.035s][info][gc,metaspace   ] GC(541) Metaspace: 14540K->14540K(31744K)
[93.036s][info][gc             ] GC(541) Pause Young (G1 Evacuation Pause) 277M->278M(512M) 219.059ms
[93.036s][info][gc,cpu         ] GC(541) User=1.31s Sys=0.05s Real=0.19s
[93.138s][info][gc,start       ] GC(542) Pause Initial Mark (G1 Evacuation Pause)
[93.138s][info][gc,task        ] GC(542) Using 8 workers of 8 for evacuation
[93.313s][info][gc,phases      ] GC(542)   Pre Evacuate Collection Set: 0.1ms
[93.313s][info][gc,phases      ] GC(542)   Evacuate Collection Set: 173.2ms
[93.313s][info][gc,phases      ] GC(542)   Post Evacuate Collection Set: 1.3ms
[93.313s][info][gc,phases      ] GC(542)   Other: 0.7ms
[93.313s][info][gc,heap        ] GC(542) Eden regions: 55->0(37)
[93.313s][info][gc,heap        ] GC(542) Survivor regions: 10->9(9)
[93.313s][info][gc,heap        ] GC(542) Old regions: 221->279
[93.313s][info][gc,heap        ] GC(542) Humongous regions: 52->52
[93.314s][info][gc,metaspace   ] GC(542) Metaspace: 14542K->14542K(31744K)
[93.314s][info][gc             ] GC(542) Pause Initial Mark (G1 Evacuation Pause) 333M->335M(512M) 175.900ms
[93.314s][info][gc,cpu         ] GC(542) User=1.25s Sys=0.00s Real=0.18s
[93.314s][info][gc             ] GC(543) Concurrent Cycle
[93.314s][info][gc,marking     ] GC(543) Concurrent Clear Claimed Marks
[93.314s][info][gc,marking     ] GC(543) Concurrent Clear Claimed Marks 0.100ms
[93.314s][info][gc,marking     ] GC(543) Concurrent Scan Root Regions
[93.346s][info][gc,marking     ] GC(543) Concurrent Scan Root Regions 31.516ms
[93.346s][info][gc,marking     ] GC(543) Concurrent Mark (93.346s)
[93.346s][info][gc,marking     ] GC(543) Concurrent Mark From Roots
[93.346s][info][gc,task        ] GC(543) Using 2 workers of 2 for marking
[93.468s][info][gc,start       ] GC(544) Pause Young (G1 Evacuation Pause)
[93.468s][info][gc,task        ] GC(544) Using 8 workers of 8 for evacuation
[93.570s][info][gc,phases      ] GC(544)   Pre Evacuate Collection Set: 0.0ms
[93.570s][info][gc,phases      ] GC(544)   Evacuate Collection Set: 99.6ms
[93.570s][info][gc,phases      ] GC(544)   Post Evacuate Collection Set: 1.4ms
[93.570s][info][gc,phases      ] GC(544)   Other: 0.7ms
[93.570s][info][gc,heap        ] GC(544) Eden regions: 37->0(19)
[93.570s][info][gc,heap        ] GC(544) Survivor regions: 9->6(6)
[93.570s][info][gc,heap        ] GC(544) Old regions: 279->320
[93.570s][info][gc,heap        ] GC(544) Humongous regions: 105->105
[93.570s][info][gc,metaspace   ] GC(544) Metaspace: 14542K->14542K(31744K)
[93.571s][info][gc             ] GC(544) Pause Young (G1 Evacuation Pause) 425M->427M(512M) 102.406ms
[93.571s][info][gc,cpu         ] GC(544) User=0.70s Sys=0.02s Real=0.11s
[93.601s][info][gc,start       ] GC(545) Pause Young (G1 Evacuation Pause)
[93.601s][info][gc,task        ] GC(545) Using 8 workers of 8 for evacuation
[93.693s][info][gc,phases      ] GC(545)   Pre Evacuate Collection Set: 0.1ms
[93.693s][info][gc,phases      ] GC(545)   Evacuate Collection Set: 82.4ms
[93.693s][info][gc,phases      ] GC(545)   Post Evacuate Collection Set: 8.3ms
[93.693s][info][gc,phases      ] GC(545)   Other: 0.6ms
[93.693s][info][gc,heap        ] GC(545) Eden regions: 19->0(21)
[93.693s][info][gc,heap        ] GC(545) Survivor regions: 6->4(4)
[93.693s][info][gc,heap        ] GC(545) Old regions: 320->343
[93.693s][info][gc,heap        ] GC(545) Humongous regions: 105->105
[93.693s][info][gc,metaspace   ] GC(545) Metaspace: 14542K->14542K(31744K)
[93.693s][info][gc             ] GC(545) Pause Young (G1 Evacuation Pause) 446M->448M(512M) 91.751ms
[93.693s][info][gc,cpu         ] GC(545) User=0.75s Sys=0.00s Real=0.09s
[93.718s][info][gc,start       ] GC(546) Pause Young (G1 Evacuation Pause)
[93.718s][info][gc,task        ] GC(546) Using 8 workers of 8 for evacuation
[93.806s][info][gc,phases      ] GC(546)   Pre Evacuate Collection Set: 0.0ms
[93.806s][info][gc,phases      ] GC(546)   Evacuate Collection Set: 85.8ms
[93.806s][info][gc,phases      ] GC(546)   Post Evacuate Collection Set: 2.2ms
[93.806s][info][gc,phases      ] GC(546)   Other: 0.6ms
[93.806s][info][gc,heap        ] GC(546) Eden regions: 21->0(21)
[93.806s][info][gc,heap        ] GC(546) Survivor regions: 4->4(4)
[93.806s][info][gc,heap        ] GC(546) Old regions: 343->366
[93.806s][info][gc,heap        ] GC(546) Humongous regions: 105->105
[93.806s][info][gc,metaspace   ] GC(546) Metaspace: 14542K->14542K(31744K)
[93.807s][info][gc             ] GC(546) Pause Young (G1 Evacuation Pause) 469M->471M(512M) 89.026ms
[93.807s][info][gc,cpu         ] GC(546) User=0.52s Sys=0.03s Real=0.10s
[93.831s][info][gc,start       ] GC(547) Pause Young (G1 Evacuation Pause)
[93.831s][info][gc,task        ] GC(547) Using 8 workers of 8 for evacuation
[93.950s][info][gc             ] GC(547) To-space exhausted
[93.950s][info][gc,phases      ] GC(547)   Pre Evacuate Collection Set: 0.0ms
[93.950s][info][gc,phases      ] GC(547)   Evacuate Collection Set: 94.7ms
[93.950s][info][gc,phases      ] GC(547)   Post Evacuate Collection Set: 23.4ms
[93.950s][info][gc,phases      ] GC(547)   Other: 0.9ms
[93.950s][info][gc,heap        ] GC(547) Eden regions: 21->0(21)
[93.950s][info][gc,heap        ] GC(547) Survivor regions: 4->4(4)
[93.950s][info][gc,heap        ] GC(547) Old regions: 366->401
[93.950s][info][gc,heap        ] GC(547) Humongous regions: 105->105
[93.950s][info][gc,metaspace   ] GC(547) Metaspace: 14542K->14542K(31744K)
[93.951s][info][gc             ] GC(547) Pause Young (G1 Evacuation Pause) 492M->506M(512M) 119.448ms
[93.951s][info][gc,cpu         ] GC(547) User=0.69s Sys=0.00s Real=0.13s
[93.953s][info][gc,start       ] GC(548) Pause Young (G1 Evacuation Pause)
[93.953s][info][gc,task        ] GC(548) Using 8 workers of 8 for evacuation
[94.001s][info][gc             ] GC(548) To-space exhausted
[94.001s][info][gc,phases      ] GC(548)   Pre Evacuate Collection Set: 0.0ms
[94.001s][info][gc,phases      ] GC(548)   Evacuate Collection Set: 38.1ms
[94.001s][info][gc,phases      ] GC(548)   Post Evacuate Collection Set: 9.2ms
[94.001s][info][gc,phases      ] GC(548)   Other: 0.6ms
[94.001s][info][gc,heap        ] GC(548) Eden regions: 2->0(25)
[94.001s][info][gc,heap        ] GC(548) Survivor regions: 4->0(4)
[94.001s][info][gc,heap        ] GC(548) Old regions: 401->407
[94.001s][info][gc,heap        ] GC(548) Humongous regions: 105->105
[94.001s][info][gc,metaspace   ] GC(548) Metaspace: 14542K->14542K(31744K)
[94.001s][info][gc             ] GC(548) Pause Young (G1 Evacuation Pause) 508M->508M(512M) 48.188ms
[94.001s][info][gc,cpu         ] GC(548) User=0.33s Sys=0.00s Real=0.04s
[94.002s][info][gc,start       ] GC(549) Pause Young (G1 Evacuation Pause)
[94.002s][info][gc,task        ] GC(549) Using 8 workers of 8 for evacuation
[94.020s][info][gc,phases      ] GC(549)   Pre Evacuate Collection Set: 0.0ms
[94.020s][info][gc,phases      ] GC(549)   Evacuate Collection Set: 12.4ms
[94.020s][info][gc,phases      ] GC(549)   Post Evacuate Collection Set: 4.6ms
[94.020s][info][gc,phases      ] GC(549)   Other: 0.4ms
[94.020s][info][gc,heap        ] GC(549) Eden regions: 0->0(25)
[94.020s][info][gc,heap        ] GC(549) Survivor regions: 0->0(4)
[94.020s][info][gc,heap        ] GC(549) Old regions: 407->407
[94.020s][info][gc,heap        ] GC(549) Humongous regions: 105->105
[94.020s][info][gc,metaspace   ] GC(549) Metaspace: 14542K->14542K(31744K)
[94.020s][info][gc             ] GC(549) Pause Young (G1 Evacuation Pause) 508M->508M(512M) 17.748ms
[94.020s][info][gc,cpu         ] GC(549) User=0.00s Sys=0.00s Real=0.00s
[94.021s][info][gc,start       ] GC(550) Pause Full (Allocation Failure)
[94.024s][info][gc,phases,start] GC(550) Phase 1: Mark live objects
[94.272s][info][gc,stringtable ] GC(550) Cleaned string and symbol table, strings: 7213 processed, 21 removed, symbols: 48794 processed, 0 removed
[94.272s][info][gc,phases      ] GC(550) Phase 1: Mark live objects 248.005ms
[94.272s][info][gc,phases,start] GC(550) Phase 2: Prepare for compaction
[94.292s][info][gc,phases      ] GC(550) Phase 2: Prepare for compaction 19.284ms
[94.292s][info][gc,phases,start] GC(550) Phase 3: Adjust pointers and remembered sets
[94.362s][info][gc,phases      ] GC(550) Phase 3: Adjust pointers and remembered sets 70.220ms
[94.362s][info][gc,phases,start] GC(550) Phase 4: Compact heap
[94.394s][info][gc,phases      ] GC(550) Phase 4: Compact heap 31.892ms
[94.398s][info][gc,heap        ] GC(550) Eden regions: 0->0(76)
[94.398s][info][gc,heap        ] GC(550) Survivor regions: 0->0(4)
[94.398s][info][gc,heap        ] GC(550) Old regions: 407->72
[94.398s][info][gc,heap        ] GC(550) Humongous regions: 105->53
[94.398s][info][gc,metaspace   ] GC(550) Metaspace: 14542K->14542K(31744K)
[94.398s][info][gc             ] GC(550) Pause Full (Allocation Failure) 508M->120M(512M) 376.658ms
[94.399s][info][gc,cpu         ] GC(550) User=2.64s Sys=0.02s Real=0.38s
[94.399s][info][gc,marking     ] GC(543) Concurrent Mark From Roots 1053.267ms
[94.399s][info][gc,marking     ] GC(543) Concurrent Mark Abort
[94.399s][info][gc             ] GC(543) Concurrent Cycle 1085.418ms
[94.503s][info][gc,start       ] GC(551) Pause Young (G1 Evacuation Pause)
[94.503s][info][gc,task        ] GC(551) Using 8 workers of 8 for evacuation
[94.655s][info][gc,phases      ] GC(551)   Pre Evacuate Collection Set: 0.0ms
[94.655s][info][gc,phases      ] GC(551)   Evacuate Collection Set: 146.1ms
[94.655s][info][gc,phases      ] GC(551)   Post Evacuate Collection Set: 4.7ms
[94.655s][info][gc,phases      ] GC(551)   Other: 0.9ms
[94.655s][info][gc,heap        ] GC(551) Eden regions: 76->0(71)
[94.655s][info][gc,heap        ] GC(551) Survivor regions: 0->10(10)
[94.655s][info][gc,heap        ] GC(551) Old regions: 72->138
[94.655s][info][gc,heap        ] GC(551) Humongous regions: 53->53
[94.655s][info][gc,metaspace   ] GC(551) Metaspace: 14543K->14543K(31744K)
[94.656s][info][gc             ] GC(551) Pause Young (G1 Evacuation Pause) 196M->196M(512M) 152.140ms
[94.656s][info][gc,cpu         ] GC(551) User=0.98s Sys=0.00s Real=0.16s
[94.738s][info][gc,start       ] GC(552) Pause Young (G1 Evacuation Pause)
[94.739s][info][gc,task        ] GC(552) Using 8 workers of 8 for evacuation
[94.878s][info][gc,phases      ] GC(552)   Pre Evacuate Collection Set: 0.0ms
[94.878s][info][gc,phases      ] GC(552)   Evacuate Collection Set: 137.1ms
[94.878s][info][gc,phases      ] GC(552)   Post Evacuate Collection Set: 1.4ms
[94.878s][info][gc,phases      ] GC(552)   Other: 0.6ms
[94.878s][info][gc,heap        ] GC(552) Eden regions: 71->0(58)
[94.878s][info][gc,heap        ] GC(552) Survivor regions: 10->11(11)
[94.878s][info][gc,heap        ] GC(552) Old regions: 138->210
[94.878s][info][gc,heap        ] GC(552) Humongous regions: 53->53
[94.878s][info][gc,metaspace   ] GC(552) Metaspace: 14543K->14543K(31744K)
[94.878s][info][gc             ] GC(552) Pause Young (G1 Evacuation Pause) 267M->269M(512M) 139.739ms
[94.878s][info][gc,cpu         ] GC(552) User=1.11s Sys=0.02s Real=0.14s
[94.990s][info][gc,start       ] GC(553) Pause Initial Mark (G1 Evacuation Pause)
[94.990s][info][gc,task        ] GC(553) Using 8 workers of 8 for evacuation
[95.151s][info][gc,phases      ] GC(553)   Pre Evacuate Collection Set: 0.1ms
[95.151s][info][gc,phases      ] GC(553)   Evacuate Collection Set: 157.4ms
[95.151s][info][gc,phases      ] GC(553)   Post Evacuate Collection Set: 2.3ms
[95.151s][info][gc,phases      ] GC(553)   Other: 0.9ms
[95.151s][info][gc,heap        ] GC(553) Eden regions: 58->0(39)
[95.151s][info][gc,heap        ] GC(553) Survivor regions: 11->9(9)
[95.151s][info][gc,heap        ] GC(553) Old regions: 210->271
[95.151s][info][gc,heap        ] GC(553) Humongous regions: 53->53
[95.151s][info][gc,metaspace   ] GC(553) Metaspace: 14543K->14543K(31744K)
[95.151s][info][gc             ] GC(553) Pause Initial Mark (G1 Evacuation Pause) 327M->328M(512M) 161.220ms
[95.151s][info][gc,cpu         ] GC(553) User=1.16s Sys=0.05s Real=0.16s
[95.151s][info][gc             ] GC(554) Concurrent Cycle
[95.152s][info][gc,marking     ] GC(554) Concurrent Clear Claimed Marks
[95.152s][info][gc,marking     ] GC(554) Concurrent Clear Claimed Marks 0.107ms
[95.152s][info][gc,marking     ] GC(554) Concurrent Scan Root Regions
[95.177s][info][gc,marking     ] GC(554) Concurrent Scan Root Regions 25.224ms
[95.177s][info][gc,marking     ] GC(554) Concurrent Mark (95.177s)
[95.177s][info][gc,marking     ] GC(554) Concurrent Mark From Roots
[95.177s][info][gc,task        ] GC(554) Using 2 workers of 2 for marking
[95.238s][info][gc,start       ] GC(555) Pause Young (G1 Evacuation Pause)
[95.238s][info][gc,task        ] GC(555) Using 8 workers of 8 for evacuation
[95.353s][info][gc,phases      ] GC(555)   Pre Evacuate Collection Set: 0.0ms
[95.353s][info][gc,phases      ] GC(555)   Evacuate Collection Set: 113.2ms
[95.353s][info][gc,phases      ] GC(555)   Post Evacuate Collection Set: 1.1ms
[95.353s][info][gc,phases      ] GC(555)   Other: 0.6ms
[95.353s][info][gc,heap        ] GC(555) Eden regions: 39->0(26)
[95.353s][info][gc,heap        ] GC(555) Survivor regions: 9->6(6)
[95.353s][info][gc,heap        ] GC(555) Old regions: 271->315
[95.353s][info][gc,heap        ] GC(555) Humongous regions: 53->53
[95.353s][info][gc,metaspace   ] GC(555) Metaspace: 14543K->14543K(31744K)
[95.353s][info][gc             ] GC(555) Pause Young (G1 Evacuation Pause) 367M->369M(512M) 115.349ms
[95.353s][info][gc,cpu         ] GC(555) User=0.84s Sys=0.03s Real=0.11s
[95.371s][info][gc,start       ] GC(556) Pause Young (G1 Humongous Allocation)
[95.371s][info][gc,task        ] GC(556) Using 8 workers of 8 for evacuation
[95.426s][info][gc,phases      ] GC(556)   Pre Evacuate Collection Set: 0.0ms
[95.426s][info][gc,phases      ] GC(556)   Evacuate Collection Set: 53.4ms
[95.426s][info][gc,phases      ] GC(556)   Post Evacuate Collection Set: 0.8ms
[95.426s][info][gc,phases      ] GC(556)   Other: 0.5ms
[95.426s][info][gc,heap        ] GC(556) Eden regions: 7->0(24)
[95.426s][info][gc,heap        ] GC(556) Survivor regions: 6->4(4)
[95.426s][info][gc,heap        ] GC(556) Old regions: 315->326
[95.426s][info][gc,heap        ] GC(556) Humongous regions: 53->53
[95.426s][info][gc,metaspace   ] GC(556) Metaspace: 14543K->14543K(31744K)
[95.426s][info][gc             ] GC(556) Pause Young (G1 Humongous Allocation) 376M->378M(512M) 55.371ms
[95.426s][info][gc,cpu         ] GC(556) User=0.50s Sys=0.00s Real=0.06s
[95.427s][info][gc,start       ] GC(557) Pause Full (Allocation Failure)
[95.429s][info][gc,phases,start] GC(557) Phase 1: Mark live objects
[95.438s][info][gc,stringtable ] GC(557) Cleaned string and symbol table, strings: 7215 processed, 19 removed, symbols: 48794 processed, 0 removed
[95.438s][info][gc,phases      ] GC(557) Phase 1: Mark live objects 8.919ms
[95.438s][info][gc,phases,start] GC(557) Phase 2: Prepare for compaction
[95.440s][info][gc,phases      ] GC(557) Phase 2: Prepare for compaction 1.914ms
[95.440s][info][gc,phases,start] GC(557) Phase 3: Adjust pointers and remembered sets
[95.444s][info][gc,phases      ] GC(557) Phase 3: Adjust pointers and remembered sets 3.766ms
[95.444s][info][gc,phases,start] GC(557) Phase 4: Compact heap
[95.445s][info][gc,phases      ] GC(557) Phase 4: Compact heap 1.051ms
[95.447s][info][gc,heap        ] GC(557) Eden regions: 0->0(84)
[95.447s][info][gc,heap        ] GC(557) Survivor regions: 4->0(4)
[95.447s][info][gc,heap        ] GC(557) Old regions: 326->8
[95.447s][info][gc,heap        ] GC(557) Humongous regions: 53->0
[95.447s][info][gc,metaspace   ] GC(557) Metaspace: 14543K->14543K(31744K)
[95.447s][info][gc             ] GC(557) Pause Full (Allocation Failure) 378M->3M(512M) 19.686ms
[95.448s][info][gc,cpu         ] GC(557) User=0.13s Sys=0.00s Real=0.02s
[95.448s][info][gc,marking     ] GC(554) Concurrent Mark From Roots 270.715ms
[95.448s][info][gc,marking     ] GC(554) Concurrent Mark Abort
[95.448s][info][gc             ] GC(554) Concurrent Cycle 296.480ms
[95.621s][info][gc,start       ] GC(558) Pause Young (G1 Evacuation Pause)
[95.621s][info][gc,task        ] GC(558) Using 8 workers of 8 for evacuation
[95.808s][info][gc,phases      ] GC(558)   Pre Evacuate Collection Set: 0.0ms
[95.809s][info][gc,phases      ] GC(558)   Evacuate Collection Set: 185.1ms
[95.809s][info][gc,phases      ] GC(558)   Post Evacuate Collection Set: 1.3ms
[95.809s][info][gc,phases      ] GC(558)   Other: 0.8ms
[95.809s][info][gc,heap        ] GC(558) Eden regions: 84->0(76)
[95.809s][info][gc,heap        ] GC(558) Survivor regions: 0->11(11)
[95.809s][info][gc,heap        ] GC(558) Old regions: 8->82
[95.809s][info][gc,heap        ] GC(558) Humongous regions: 53->53
[95.809s][info][gc,metaspace   ] GC(558) Metaspace: 14547K->14547K(31744K)
[95.810s][info][gc             ] GC(558) Pause Young (G1 Evacuation Pause) 140M->141M(512M) 188.289ms
[95.810s][info][gc,cpu         ] GC(558) User=1.42s Sys=0.09s Real=0.19s
[95.910s][info][gc,start       ] GC(559) Pause Young (G1 Evacuation Pause)
[95.910s][info][gc,task        ] GC(559) Using 8 workers of 8 for evacuation
[96.184s][info][gc,mmu         ] GC(559) MMU target violated: 201.0ms (200.0ms/201.0ms)
[96.184s][info][gc,phases      ] GC(559)   Pre Evacuate Collection Set: 0.0ms
[96.184s][info][gc,phases      ] GC(559)   Evacuate Collection Set: 264.3ms
[96.184s][info][gc,phases      ] GC(559)   Post Evacuate Collection Set: 8.7ms
[96.184s][info][gc,phases      ] GC(559)   Other: 0.7ms
[96.184s][info][gc,heap        ] GC(559) Eden regions: 76->0(63)
[96.184s][info][gc,heap        ] GC(559) Survivor regions: 11->11(11)
[96.184s][info][gc,heap        ] GC(559) Old regions: 82->160
[96.184s][info][gc,heap        ] GC(559) Humongous regions: 53->53
[96.184s][info][gc,metaspace   ] GC(559) Metaspace: 14547K->14547K(31744K)
[96.184s][info][gc             ] GC(559) Pause Young (G1 Evacuation Pause) 217M->219M(512M) 274.036ms
[96.184s][info][gc,cpu         ] GC(559) User=1.72s Sys=0.41s Real=0.28s
[96.288s][info][gc,start       ] GC(560) Pause Young (G1 Evacuation Pause)
[96.288s][info][gc,task        ] GC(560) Using 8 workers of 8 for evacuation
[96.405s][info][gc,phases      ] GC(560)   Pre Evacuate Collection Set: 0.0ms
[96.405s][info][gc,phases      ] GC(560)   Evacuate Collection Set: 115.0ms
[96.405s][info][gc,phases      ] GC(560)   Post Evacuate Collection Set: 1.2ms
[96.405s][info][gc,phases      ] GC(560)   Other: 0.6ms
[96.405s][info][gc,heap        ] GC(560) Eden regions: 63->0(53)
[96.405s][info][gc,heap        ] GC(560) Survivor regions: 11->10(10)
[96.405s][info][gc,heap        ] GC(560) Old regions: 160->226
[96.405s][info][gc,heap        ] GC(560) Humongous regions: 53->53
[96.405s][info][gc,metaspace   ] GC(560) Metaspace: 14547K->14547K(31744K)
[96.405s][info][gc             ] GC(560) Pause Young (G1 Evacuation Pause) 282M->284M(512M) 117.231ms
[96.405s][info][gc,cpu         ] GC(560) User=0.86s Sys=0.00s Real=0.11s
[96.485s][info][gc,start       ] GC(561) Pause Initial Mark (G1 Evacuation Pause)
[96.485s][info][gc,task        ] GC(561) Using 8 workers of 8 for evacuation
[96.588s][info][gc,phases      ] GC(561)   Pre Evacuate Collection Set: 0.1ms
[96.588s][info][gc,phases      ] GC(561)   Evacuate Collection Set: 100.6ms
[96.588s][info][gc,phases      ] GC(561)   Post Evacuate Collection Set: 1.6ms
[96.588s][info][gc,phases      ] GC(561)   Other: 0.7ms
[96.588s][info][gc,heap        ] GC(561) Eden regions: 53->0(36)
[96.588s][info][gc,heap        ] GC(561) Survivor regions: 10->8(8)
[96.588s][info][gc,heap        ] GC(561) Old regions: 226->283
[96.588s][info][gc,heap        ] GC(561) Humongous regions: 53->53
[96.588s][info][gc,metaspace   ] GC(561) Metaspace: 14548K->14548K(31744K)
[96.588s][info][gc             ] GC(561) Pause Initial Mark (G1 Evacuation Pause) 337M->339M(512M) 103.305ms
[96.588s][info][gc,cpu         ] GC(561) User=0.73s Sys=0.00s Real=0.09s
[96.589s][info][gc             ] GC(562) Concurrent Cycle
[96.589s][info][gc,marking     ] GC(562) Concurrent Clear Claimed Marks
[96.589s][info][gc,marking     ] GC(562) Concurrent Clear Claimed Marks 0.092ms
[96.589s][info][gc,marking     ] GC(562) Concurrent Scan Root Regions
[96.608s][info][gc,marking     ] GC(562) Concurrent Scan Root Regions 19.496ms
[96.608s][info][gc,marking     ] GC(562) Concurrent Mark (96.608s)
[96.608s][info][gc,marking     ] GC(562) Concurrent Mark From Roots
[96.608s][info][gc,task        ] GC(562) Using 2 workers of 2 for marking
[96.649s][info][gc,start       ] GC(563) Pause Young (G1 Evacuation Pause)
[96.649s][info][gc,task        ] GC(563) Using 8 workers of 8 for evacuation
[96.744s][info][gc,phases      ] GC(563)   Pre Evacuate Collection Set: 0.0ms
[96.744s][info][gc,phases      ] GC(563)   Evacuate Collection Set: 92.1ms
[96.744s][info][gc,phases      ] GC(563)   Post Evacuate Collection Set: 2.4ms
[96.744s][info][gc,phases      ] GC(563)   Other: 0.5ms
[96.744s][info][gc,heap        ] GC(563) Eden regions: 36->0(24)
[96.745s][info][gc,heap        ] GC(563) Survivor regions: 8->6(6)
[96.745s][info][gc,heap        ] GC(563) Old regions: 283->324
[96.745s][info][gc,heap        ] GC(563) Humongous regions: 53->53
[96.745s][info][gc,metaspace   ] GC(563) Metaspace: 14549K->14549K(31744K)
[96.745s][info][gc             ] GC(563) Pause Young (G1 Evacuation Pause) 375M->378M(512M) 95.512ms
[96.745s][info][gc,cpu         ] GC(563) User=0.75s Sys=0.00s Real=0.09s
[96.843s][info][gc,start       ] GC(564) Pause Young (G1 Evacuation Pause)
[96.843s][info][gc,task        ] GC(564) Using 8 workers of 8 for evacuation
[96.882s][info][gc,phases      ] GC(564)   Pre Evacuate Collection Set: 0.1ms
[96.882s][info][gc,phases      ] GC(564)   Evacuate Collection Set: 37.4ms
[96.882s][info][gc,phases      ] GC(564)   Post Evacuate Collection Set: 1.0ms
[96.882s][info][gc,phases      ] GC(564)   Other: 0.6ms
[96.882s][info][gc,heap        ] GC(564) Eden regions: 24->0(21)
[96.882s][info][gc,heap        ] GC(564) Survivor regions: 6->4(4)
[96.882s][info][gc,heap        ] GC(564) Old regions: 324->352
[96.882s][info][gc,heap        ] GC(564) Humongous regions: 107->107
[96.882s][info][gc,metaspace   ] GC(564) Metaspace: 14549K->14549K(31744K)
[96.882s][info][gc             ] GC(564) Pause Young (G1 Evacuation Pause) 456M->458M(512M) 39.549ms
[96.882s][info][gc,cpu         ] GC(564) User=0.25s Sys=0.00s Real=0.04s
[96.902s][info][gc,start       ] GC(565) Pause Young (G1 Evacuation Pause)
[96.902s][info][gc,task        ] GC(565) Using 8 workers of 8 for evacuation
[96.968s][info][gc,phases      ] GC(565)   Pre Evacuate Collection Set: 0.0ms
[96.969s][info][gc,phases      ] GC(565)   Evacuate Collection Set: 64.8ms
[96.969s][info][gc,phases      ] GC(565)   Post Evacuate Collection Set: 0.8ms
[96.969s][info][gc,phases      ] GC(565)   Other: 0.6ms
[96.969s][info][gc,heap        ] GC(565) Eden regions: 21->0(21)
[96.969s][info][gc,heap        ] GC(565) Survivor regions: 4->4(4)
[96.969s][info][gc,heap        ] GC(565) Old regions: 352->376
[96.969s][info][gc,heap        ] GC(565) Humongous regions: 107->107
[96.969s][info][gc,metaspace   ] GC(565) Metaspace: 14549K->14549K(31744K)
[96.969s][info][gc             ] GC(565) Pause Young (G1 Evacuation Pause) 479M->482M(512M) 66.511ms
[96.969s][info][gc,cpu         ] GC(565) User=0.50s Sys=0.02s Real=0.08s
[96.989s][info][gc,start       ] GC(566) Pause Young (G1 Evacuation Pause)
[96.989s][info][gc,task        ] GC(566) Using 8 workers of 8 for evacuation
[97.098s][info][gc             ] GC(566) To-space exhausted
[97.098s][info][gc,phases      ] GC(566)   Pre Evacuate Collection Set: 0.0ms
[97.098s][info][gc,phases      ] GC(566)   Evacuate Collection Set: 83.3ms
[97.098s][info][gc,phases      ] GC(566)   Post Evacuate Collection Set: 25.8ms
[97.098s][info][gc,phases      ] GC(566)   Other: 0.7ms
[97.099s][info][gc,heap        ] GC(566) Eden regions: 21->0(24)
[97.099s][info][gc,heap        ] GC(566) Survivor regions: 4->1(4)
[97.099s][info][gc,heap        ] GC(566) Old regions: 376->404
[97.099s][info][gc,heap        ] GC(566) Humongous regions: 107->107
[97.099s][info][gc,metaspace   ] GC(566) Metaspace: 14554K->14554K(31744K)
[97.099s][info][gc             ] GC(566) Pause Young (G1 Evacuation Pause) 503M->507M(512M) 110.172ms
[97.099s][info][gc,cpu         ] GC(566) User=0.73s Sys=0.02s Real=0.11s
[97.099s][info][gc,start       ] GC(567) Pause Young (G1 Evacuation Pause)
[97.099s][info][gc,task        ] GC(567) Using 8 workers of 8 for evacuation
[97.132s][info][gc             ] GC(567) To-space exhausted
[97.132s][info][gc,phases      ] GC(567)   Pre Evacuate Collection Set: 0.0ms
[97.132s][info][gc,phases      ] GC(567)   Evacuate Collection Set: 27.6ms
[97.132s][info][gc,phases      ] GC(567)   Post Evacuate Collection Set: 4.3ms
[97.132s][info][gc,phases      ] GC(567)   Other: 0.5ms
[97.132s][info][gc,heap        ] GC(567) Eden regions: 0->0(25)
[97.132s][info][gc,heap        ] GC(567) Survivor regions: 1->0(4)
[97.132s][info][gc,heap        ] GC(567) Old regions: 404->405
[97.132s][info][gc,heap        ] GC(567) Humongous regions: 107->107
[97.132s][info][gc,metaspace   ] GC(567) Metaspace: 14554K->14554K(31744K)
[97.132s][info][gc             ] GC(567) Pause Young (G1 Evacuation Pause) 507M->507M(512M) 32.900ms
[97.132s][info][gc,cpu         ] GC(567) User=0.27s Sys=0.00s Real=0.04s
[97.133s][info][gc,start       ] GC(568) Pause Full (Allocation Failure)
[97.135s][info][gc,phases,start] GC(568) Phase 1: Mark live objects
[97.329s][info][gc,stringtable ] GC(568) Cleaned string and symbol table, strings: 7217 processed, 19 removed, symbols: 48796 processed, 0 removed
[97.329s][info][gc,phases      ] GC(568) Phase 1: Mark live objects 193.734ms
[97.329s][info][gc,phases,start] GC(568) Phase 2: Prepare for compaction
[97.342s][info][gc,phases      ] GC(568) Phase 2: Prepare for compaction 12.739ms
[97.342s][info][gc,phases,start] GC(568) Phase 3: Adjust pointers and remembered sets
[97.407s][info][gc,phases      ] GC(568) Phase 3: Adjust pointers and remembered sets 65.511ms
[97.407s][info][gc,phases,start] GC(568) Phase 4: Compact heap
[97.435s][info][gc,phases      ] GC(568) Phase 4: Compact heap 27.478ms
[97.438s][info][gc,heap        ] GC(568) Eden regions: 0->0(95)
[97.439s][info][gc,heap        ] GC(568) Survivor regions: 0->0(4)
[97.439s][info][gc,heap        ] GC(568) Old regions: 405->68
[97.439s][info][gc,heap        ] GC(568) Humongous regions: 107->54
[97.439s][info][gc,metaspace   ] GC(568) Metaspace: 14554K->14554K(31744K)
[97.439s][info][gc             ] GC(568) Pause Full (Allocation Failure) 507M->118M(512M) 305.880ms
[97.440s][info][gc,cpu         ] GC(568) User=1.95s Sys=0.02s Real=0.30s
[97.440s][info][gc,marking     ] GC(562) Concurrent Mark From Roots 832.026ms
[97.441s][info][gc,marking     ] GC(562) Concurrent Mark Abort
[97.441s][info][gc             ] GC(562) Concurrent Cycle 852.095ms
[97.537s][info][gc,start       ] GC(569) Pause Young (G1 Evacuation Pause)
[97.537s][info][gc,task        ] GC(569) Using 8 workers of 8 for evacuation
[97.709s][info][gc,phases      ] GC(569)   Pre Evacuate Collection Set: 0.1ms
[97.709s][info][gc,phases      ] GC(569)   Evacuate Collection Set: 169.8ms
[97.709s][info][gc,phases      ] GC(569)   Post Evacuate Collection Set: 1.5ms
[97.709s][info][gc,phases      ] GC(569)   Other: 0.9ms
[97.709s][info][gc,heap        ] GC(569) Eden regions: 95->0(76)
[97.709s][info][gc,heap        ] GC(569) Survivor regions: 0->12(12)
[97.709s][info][gc,heap        ] GC(569) Old regions: 68->151
[97.709s][info][gc,heap        ] GC(569) Humongous regions: 54->54
[97.709s][info][gc,metaspace   ] GC(569) Metaspace: 14554K->14554K(31744K)
[97.709s][info][gc             ] GC(569) Pause Young (G1 Evacuation Pause) 213M->213M(512M) 172.646ms
[97.709s][info][gc,cpu         ] GC(569) User=1.30s Sys=0.06s Real=0.17s
[97.835s][info][gc,start       ] GC(570) Pause Young (G1 Evacuation Pause)
[97.836s][info][gc,task        ] GC(570) Using 8 workers of 8 for evacuation
[98.034s][info][gc,phases      ] GC(570)   Pre Evacuate Collection Set: 0.1ms
[98.034s][info][gc,phases      ] GC(570)   Evacuate Collection Set: 195.2ms
[98.034s][info][gc,phases      ] GC(570)   Post Evacuate Collection Set: 2.2ms
[98.034s][info][gc,phases      ] GC(570)   Other: 0.9ms
[98.034s][info][gc,heap        ] GC(570) Eden regions: 76->0(51)
[98.034s][info][gc,heap        ] GC(570) Survivor regions: 12->11(11)
[98.034s][info][gc,heap        ] GC(570) Old regions: 151->230
[98.034s][info][gc,heap        ] GC(570) Humongous regions: 54->54
[98.034s][info][gc,metaspace   ] GC(570) Metaspace: 14561K->14561K(31744K)
[98.034s][info][gc             ] GC(570) Pause Young (G1 Evacuation Pause) 289M->291M(512M) 199.055ms
[98.035s][info][gc,cpu         ] GC(570) User=1.42s Sys=0.05s Real=0.20s
[98.121s][info][gc,start       ] GC(571) Pause Initial Mark (G1 Evacuation Pause)
[98.122s][info][gc,task        ] GC(571) Using 8 workers of 8 for evacuation
[98.291s][info][gc,phases      ] GC(571)   Pre Evacuate Collection Set: 0.1ms
[98.291s][info][gc,phases      ] GC(571)   Evacuate Collection Set: 167.6ms
[98.291s][info][gc,phases      ] GC(571)   Post Evacuate Collection Set: 1.3ms
[98.291s][info][gc,phases      ] GC(571)   Other: 0.7ms
[98.291s][info][gc,heap        ] GC(571) Eden regions: 51->0(35)
[98.291s][info][gc,heap        ] GC(571) Survivor regions: 11->8(8)
[98.291s][info][gc,heap        ] GC(571) Old regions: 230->286
[98.291s][info][gc,heap        ] GC(571) Humongous regions: 54->54
[98.291s][info][gc,metaspace   ] GC(571) Metaspace: 14561K->14561K(31744K)
[98.292s][info][gc             ] GC(571) Pause Initial Mark (G1 Evacuation Pause) 342M->344M(512M) 170.183ms
[98.292s][info][gc,cpu         ] GC(571) User=1.39s Sys=0.05s Real=0.18s
[98.292s][info][gc             ] GC(572) Concurrent Cycle
[98.292s][info][gc,marking     ] GC(572) Concurrent Clear Claimed Marks
[98.292s][info][gc,marking     ] GC(572) Concurrent Clear Claimed Marks 0.098ms
[98.292s][info][gc,marking     ] GC(572) Concurrent Scan Root Regions
[98.317s][info][gc,marking     ] GC(572) Concurrent Scan Root Regions 25.226ms
[98.317s][info][gc,marking     ] GC(572) Concurrent Mark (98.317s)
[98.318s][info][gc,marking     ] GC(572) Concurrent Mark From Roots
[98.318s][info][gc,task        ] GC(572) Using 2 workers of 2 for marking
[98.366s][info][gc,start       ] GC(573) Pause Young (G1 Evacuation Pause)
[98.366s][info][gc,task        ] GC(573) Using 8 workers of 8 for evacuation
[98.490s][info][gc,phases      ] GC(573)   Pre Evacuate Collection Set: 0.0ms
[98.494s][info][gc,phases      ] GC(573)   Evacuate Collection Set: 121.9ms
[98.494s][info][gc,phases      ] GC(573)   Post Evacuate Collection Set: 1.8ms
[98.494s][info][gc,phases      ] GC(573)   Other: 0.6ms
[98.494s][info][gc,heap        ] GC(573) Eden regions: 35->0(23)
[98.495s][info][gc,heap        ] GC(573) Survivor regions: 8->6(6)
[98.495s][info][gc,heap        ] GC(573) Old regions: 286->326
[98.495s][info][gc,heap        ] GC(573) Humongous regions: 54->54
[98.495s][info][gc,metaspace   ] GC(573) Metaspace: 14561K->14561K(31744K)
[98.495s][info][gc             ] GC(573) Pause Young (G1 Evacuation Pause) 379M->381M(512M) 128.684ms
[98.495s][info][gc,cpu         ] GC(573) User=0.78s Sys=0.00s Real=0.13s
[98.505s][info][gc,start       ] GC(574) Pause Young (G1 Humongous Allocation)
[98.505s][info][gc,task        ] GC(574) Using 8 workers of 8 for evacuation
[98.554s][info][gc,phases      ] GC(574)   Pre Evacuate Collection Set: 0.0ms
[98.554s][info][gc,phases      ] GC(574)   Evacuate Collection Set: 48.0ms
[98.554s][info][gc,phases      ] GC(574)   Post Evacuate Collection Set: 0.8ms
[98.554s][info][gc,phases      ] GC(574)   Other: 0.6ms
[98.554s][info][gc,heap        ] GC(574) Eden regions: 3->0(22)
[98.554s][info][gc,heap        ] GC(574) Survivor regions: 6->3(4)
[98.554s][info][gc,heap        ] GC(574) Old regions: 326->333
[98.554s][info][gc,heap        ] GC(574) Humongous regions: 54->54
[98.554s][info][gc,metaspace   ] GC(574) Metaspace: 14561K->14561K(31744K)
[98.554s][info][gc             ] GC(574) Pause Young (G1 Humongous Allocation) 384M->385M(512M) 49.853ms
[98.554s][info][gc,cpu         ] GC(574) User=0.39s Sys=0.00s Real=0.06s
[98.615s][info][gc,start       ] GC(575) Pause Young (G1 Evacuation Pause)
[98.616s][info][gc,task        ] GC(575) Using 8 workers of 8 for evacuation
[98.658s][info][gc,phases      ] GC(575)   Pre Evacuate Collection Set: 0.1ms
[98.658s][info][gc,phases      ] GC(575)   Evacuate Collection Set: 41.1ms
[98.659s][info][gc,phases      ] GC(575)   Post Evacuate Collection Set: 1.2ms
[98.659s][info][gc,phases      ] GC(575)   Other: 0.6ms
[98.659s][info][gc,heap        ] GC(575) Eden regions: 22->0(21)
[98.659s][info][gc,heap        ] GC(575) Survivor regions: 3->4(4)
[98.659s][info][gc,heap        ] GC(575) Old regions: 333->354
[98.659s][info][gc,heap        ] GC(575) Humongous regions: 108->108
[98.659s][info][gc,metaspace   ] GC(575) Metaspace: 14562K->14562K(31744K)
[98.659s][info][gc             ] GC(575) Pause Young (G1 Evacuation Pause) 461M->462M(512M) 43.282ms
[98.659s][info][gc,cpu         ] GC(575) User=0.27s Sys=0.00s Real=0.04s
[98.684s][info][gc,start       ] GC(576) Pause Young (G1 Evacuation Pause)
[98.684s][info][gc,task        ] GC(576) Using 8 workers of 8 for evacuation
[98.743s][info][gc             ] GC(576) To-space exhausted
[98.743s][info][gc,phases      ] GC(576)   Pre Evacuate Collection Set: 0.0ms
[98.743s][info][gc,phases      ] GC(576)   Evacuate Collection Set: 54.5ms
[98.743s][info][gc,phases      ] GC(576)   Post Evacuate Collection Set: 4.7ms
[98.743s][info][gc,phases      ] GC(576)   Other: 0.7ms
[98.744s][info][gc,heap        ] GC(576) Eden regions: 21->0(21)
[98.744s][info][gc,heap        ] GC(576) Survivor regions: 4->4(4)
[98.744s][info][gc,heap        ] GC(576) Old regions: 354->379
[98.744s][info][gc,heap        ] GC(576) Humongous regions: 108->108
[98.744s][info][gc,metaspace   ] GC(576) Metaspace: 14562K->14562K(31744K)
[98.744s][info][gc             ] GC(576) Pause Young (G1 Evacuation Pause) 483M->487M(512M) 60.191ms
[98.744s][info][gc,cpu         ] GC(576) User=0.42s Sys=0.00s Real=0.06s
[98.763s][info][gc,start       ] GC(577) Pause Young (G1 Evacuation Pause)
[98.763s][info][gc,task        ] GC(577) Using 8 workers of 8 for evacuation
[98.887s][info][gc             ] GC(577) To-space exhausted
[98.887s][info][gc,phases      ] GC(577)   Pre Evacuate Collection Set: 0.0ms
[98.887s][info][gc,phases      ] GC(577)   Evacuate Collection Set: 82.1ms
[98.887s][info][gc,phases      ] GC(577)   Post Evacuate Collection Set: 41.8ms
[98.887s][info][gc,phases      ] GC(577)   Other: 0.7ms
[98.887s][info][gc,heap        ] GC(577) Eden regions: 21->0(25)
[98.887s][info][gc,heap        ] GC(577) Survivor regions: 4->0(4)
[98.887s][info][gc,heap        ] GC(577) Old regions: 379->404
[98.887s][info][gc,heap        ] GC(577) Humongous regions: 108->108
[98.888s][info][gc,metaspace   ] GC(577) Metaspace: 14562K->14562K(31744K)
[98.888s][info][gc             ] GC(577) Pause Young (G1 Evacuation Pause) 508M->508M(512M) 124.968ms
[98.888s][info][gc,cpu         ] GC(577) User=0.89s Sys=0.05s Real=0.13s
[98.888s][info][gc,start       ] GC(578) Pause Young (G1 Evacuation Pause)
[98.888s][info][gc,task        ] GC(578) Using 8 workers of 8 for evacuation
[98.922s][info][gc,phases      ] GC(578)   Pre Evacuate Collection Set: 0.0ms
[98.922s][info][gc,phases      ] GC(578)   Evacuate Collection Set: 31.6ms
[98.922s][info][gc,phases      ] GC(578)   Post Evacuate Collection Set: 1.5ms
[98.922s][info][gc,phases      ] GC(578)   Other: 0.5ms
[98.922s][info][gc,heap        ] GC(578) Eden regions: 0->0(25)
[98.922s][info][gc,heap        ] GC(578) Survivor regions: 0->0(4)
[98.922s][info][gc,heap        ] GC(578) Old regions: 404->404
[98.922s][info][gc,heap        ] GC(578) Humongous regions: 108->108
[98.922s][info][gc,metaspace   ] GC(578) Metaspace: 14562K->14562K(31744K)
[98.923s][info][gc             ] GC(578) Pause Young (G1 Evacuation Pause) 508M->508M(512M) 34.202ms
[98.923s][info][gc,cpu         ] GC(578) User=0.25s Sys=0.00s Real=0.03s
[98.924s][info][gc,start       ] GC(579) Pause Full (Allocation Failure)
[98.927s][info][gc,phases,start] GC(579) Phase 1: Mark live objects
[99.130s][info][gc,stringtable ] GC(579) Cleaned string and symbol table, strings: 7222 processed, 19 removed, symbols: 48804 processed, 0 removed
[99.130s][info][gc,phases      ] GC(579) Phase 1: Mark live objects 203.403ms
[99.130s][info][gc,phases,start] GC(579) Phase 2: Prepare for compaction
[99.144s][info][gc,phases      ] GC(579) Phase 2: Prepare for compaction 13.882ms
[99.144s][info][gc,phases,start] GC(579) Phase 3: Adjust pointers and remembered sets
[99.210s][info][gc,phases      ] GC(579) Phase 3: Adjust pointers and remembered sets 65.403ms
[99.210s][info][gc,phases,start] GC(579) Phase 4: Compact heap
[99.238s][info][gc,phases      ] GC(579) Phase 4: Compact heap 28.283ms
[99.240s][info][gc,heap        ] GC(579) Eden regions: 0->0(91)
[99.240s][info][gc,heap        ] GC(579) Survivor regions: 0->0(4)
[99.240s][info][gc,heap        ] GC(579) Old regions: 404->72
[99.240s][info][gc,heap        ] GC(579) Humongous regions: 108->54
[99.240s][info][gc,metaspace   ] GC(579) Metaspace: 14562K->14562K(31744K)
[99.240s][info][gc             ] GC(579) Pause Full (Allocation Failure) 508M->121M(512M) 316.359ms
[99.241s][info][gc,cpu         ] GC(579) User=2.20s Sys=0.03s Real=0.32s
[99.242s][info][gc,marking     ] GC(572) Concurrent Mark From Roots 924.049ms
[99.242s][info][gc,marking     ] GC(572) Concurrent Mark Abort
[99.242s][info][gc             ] GC(572) Concurrent Cycle 949.766ms
[99.344s][info][gc,start       ] GC(580) Pause Young (G1 Evacuation Pause)
[99.344s][info][gc,task        ] GC(580) Using 8 workers of 8 for evacuation
[99.495s][info][gc,phases      ] GC(580)   Pre Evacuate Collection Set: 0.0ms
[99.495s][info][gc,phases      ] GC(580)   Evacuate Collection Set: 148.7ms
[99.495s][info][gc,phases      ] GC(580)   Post Evacuate Collection Set: 1.3ms
[99.495s][info][gc,phases      ] GC(580)   Other: 0.7ms
[99.495s][info][gc,heap        ] GC(580) Eden regions: 91->0(76)
[99.495s][info][gc,heap        ] GC(580) Survivor regions: 0->12(12)
[99.495s][info][gc,heap        ] GC(580) Old regions: 72->151
[99.495s][info][gc,heap        ] GC(580) Humongous regions: 54->54
[99.495s][info][gc,metaspace   ] GC(580) Metaspace: 14564K->14564K(31744K)
[99.495s][info][gc             ] GC(580) Pause Young (G1 Evacuation Pause) 212M->212M(512M) 151.061ms
[99.495s][info][gc,cpu         ] GC(580) User=1.22s Sys=0.02s Real=0.16s
[99.653s][info][gc,start       ] GC(581) Pause Young (G1 Evacuation Pause)
[99.653s][info][gc,task        ] GC(581) Using 8 workers of 8 for evacuation
[99.881s][info][gc,mmu         ] GC(581) MMU target violated: 201.0ms (200.0ms/201.0ms)
[99.882s][info][gc,phases      ] GC(581)   Pre Evacuate Collection Set: 0.1ms
[99.882s][info][gc,phases      ] GC(581)   Evacuate Collection Set: 225.3ms
[99.882s][info][gc,phases      ] GC(581)   Post Evacuate Collection Set: 2.6ms
[99.882s][info][gc,phases      ] GC(581)   Other: 1.2ms
[99.882s][info][gc,heap        ] GC(581) Eden regions: 76->0(52)
[99.882s][info][gc,heap        ] GC(581) Survivor regions: 12->11(11)
[99.882s][info][gc,heap        ] GC(581) Old regions: 151->229
[99.882s][info][gc,heap        ] GC(581) Humongous regions: 54->54
[99.882s][info][gc,metaspace   ] GC(581) Metaspace: 14568K->14568K(31744K)
[99.882s][info][gc             ] GC(581) Pause Young (G1 Evacuation Pause) 288M->289M(512M) 229.551ms
[99.882s][info][gc,cpu         ] GC(581) User=1.48s Sys=0.06s Real=0.23s
[99.988s][info][gc,start       ] GC(582) Pause Initial Mark (G1 Evacuation Pause)
[99.988s][info][gc,task        ] GC(582) Using 8 workers of 8 for evacuation
[100.148s][info][gc,phases      ] GC(582)   Pre Evacuate Collection Set: 0.1ms
[100.148s][info][gc,phases      ] GC(582)   Evacuate Collection Set: 151.0ms
[100.148s][info][gc,phases      ] GC(582)   Post Evacuate Collection Set: 8.1ms
[100.148s][info][gc,phases      ] GC(582)   Other: 0.7ms
[100.148s][info][gc,heap        ] GC(582) Eden regions: 52->0(35)
[100.148s][info][gc,heap        ] GC(582) Survivor regions: 11->8(8)
[100.149s][info][gc,heap        ] GC(582) Old regions: 229->286
[100.149s][info][gc,heap        ] GC(582) Humongous regions: 54->54
[100.149s][info][gc,metaspace   ] GC(582) Metaspace: 14568K->14568K(31744K)
[100.149s][info][gc             ] GC(582) Pause Initial Mark (G1 Evacuation Pause) 341M->343M(512M) 160.699ms
[100.149s][info][gc,cpu         ] GC(582) User=1.19s Sys=0.02s Real=0.16s
[100.150s][info][gc             ] GC(583) Concurrent Cycle
[100.150s][info][gc,marking     ] GC(583) Concurrent Clear Claimed Marks
[100.150s][info][gc,marking     ] GC(583) Concurrent Clear Claimed Marks 0.087ms
[100.150s][info][gc,marking     ] GC(583) Concurrent Scan Root Regions
[100.176s][info][gc,marking     ] GC(583) Concurrent Scan Root Regions 26.032ms
[100.176s][info][gc,marking     ] GC(583) Concurrent Mark (100.176s)
[100.176s][info][gc,marking     ] GC(583) Concurrent Mark From Roots
[100.176s][info][gc,task        ] GC(583) Using 2 workers of 2 for marking
[100.235s][info][gc,start       ] GC(584) Pause Young (G1 Evacuation Pause)
[100.235s][info][gc,task        ] GC(584) Using 8 workers of 8 for evacuation
[100.314s][info][gc,phases      ] GC(584)   Pre Evacuate Collection Set: 0.1ms
[100.314s][info][gc,phases      ] GC(584)   Evacuate Collection Set: 76.0ms
[100.314s][info][gc,phases      ] GC(584)   Post Evacuate Collection Set: 2.4ms
[100.314s][info][gc,phases      ] GC(584)   Other: 0.9ms
[100.314s][info][gc,heap        ] GC(584) Eden regions: 35->0(23)
[100.314s][info][gc,heap        ] GC(584) Survivor regions: 8->6(6)
[100.314s][info][gc,heap        ] GC(584) Old regions: 286->324
[100.314s][info][gc,heap        ] GC(584) Humongous regions: 54->54
[100.314s][info][gc,metaspace   ] GC(584) Metaspace: 14568K->14568K(31744K)
[100.315s][info][gc             ] GC(584) Pause Young (G1 Evacuation Pause) 378M->379M(512M) 79.725ms
[100.315s][info][gc,cpu         ] GC(584) User=0.63s Sys=0.00s Real=0.09s
[100.400s][info][gc,start       ] GC(585) Pause Young (G1 Evacuation Pause)
[100.400s][info][gc,task        ] GC(585) Using 8 workers of 8 for evacuation
[100.455s][info][gc,phases      ] GC(585)   Pre Evacuate Collection Set: 0.0ms
[100.455s][info][gc,phases      ] GC(585)   Evacuate Collection Set: 53.5ms
[100.455s][info][gc,phases      ] GC(585)   Post Evacuate Collection Set: 1.0ms
[100.455s][info][gc,phases      ] GC(585)   Other: 0.6ms
[100.455s][info][gc,heap        ] GC(585) Eden regions: 23->0(21)
[100.455s][info][gc,heap        ] GC(585) Survivor regions: 6->4(4)
[100.455s][info][gc,heap        ] GC(585) Old regions: 324->350
[100.455s][info][gc,heap        ] GC(585) Humongous regions: 108->108
[100.455s][info][gc,metaspace   ] GC(585) Metaspace: 14568K->14568K(31744K)
[100.455s][info][gc             ] GC(585) Pause Young (G1 Evacuation Pause) 456M->457M(512M) 55.660ms
[100.456s][info][gc,cpu         ] GC(585) User=0.38s Sys=0.00s Real=0.05s
[100.473s][info][gc,start       ] GC(586) Pause Young (G1 Evacuation Pause)
[100.473s][info][gc,task        ] GC(586) Using 8 workers of 8 for evacuation
[100.551s][info][gc,phases      ] GC(586)   Pre Evacuate Collection Set: 0.1ms
[100.551s][info][gc,phases      ] GC(586)   Evacuate Collection Set: 76.4ms
[100.551s][info][gc,phases      ] GC(586)   Post Evacuate Collection Set: 0.8ms
[100.551s][info][gc,phases      ] GC(586)   Other: 0.7ms
[100.551s][info][gc,heap        ] GC(586) Eden regions: 21->0(21)
[100.551s][info][gc,heap        ] GC(586) Survivor regions: 4->4(4)
[100.551s][info][gc,heap        ] GC(586) Old regions: 350->373
[100.552s][info][gc,heap        ] GC(586) Humongous regions: 108->108
[100.552s][info][gc,metaspace   ] GC(586) Metaspace: 14568K->14568K(31744K)
[100.552s][info][gc             ] GC(586) Pause Young (G1 Evacuation Pause) 478M->480M(512M) 78.463ms
[100.552s][info][gc,cpu         ] GC(586) User=0.58s Sys=0.02s Real=0.08s
[100.575s][info][gc,start       ] GC(587) Pause Young (G1 Evacuation Pause)
[100.575s][info][gc,task        ] GC(587) Using 8 workers of 8 for evacuation
[100.678s][info][gc             ] GC(587) To-space exhausted
[100.678s][info][gc,phases      ] GC(587)   Pre Evacuate Collection Set: 0.0ms
[100.678s][info][gc,phases      ] GC(587)   Evacuate Collection Set: 79.9ms
[100.678s][info][gc,phases      ] GC(587)   Post Evacuate Collection Set: 22.0ms
[100.678s][info][gc,phases      ] GC(587)   Other: 0.6ms
[100.678s][info][gc,heap        ] GC(587) Eden regions: 21->0(23)
[100.678s][info][gc,heap        ] GC(587) Survivor regions: 4->2(4)
[100.678s][info][gc,heap        ] GC(587) Old regions: 373->400
[100.678s][info][gc,heap        ] GC(587) Humongous regions: 108->108
[100.678s][info][gc,metaspace   ] GC(587) Metaspace: 14568K->14568K(31744K)
[100.678s][info][gc             ] GC(587) Pause Young (G1 Evacuation Pause) 501M->505M(512M) 102.882ms
[100.678s][info][gc,cpu         ] GC(587) User=0.61s Sys=0.00s Real=0.08s
[100.687s][info][gc,start       ] GC(588) Pause Young (G1 Evacuation Pause)
[100.687s][info][gc,task        ] GC(588) Using 8 workers of 8 for evacuation
[100.732s][info][gc             ] GC(588) To-space exhausted
[100.732s][info][gc,phases      ] GC(588)   Pre Evacuate Collection Set: 0.0ms
[100.733s][info][gc,phases      ] GC(588)   Evacuate Collection Set: 36.0ms
[100.733s][info][gc,phases      ] GC(588)   Post Evacuate Collection Set: 8.6ms
[100.733s][info][gc,phases      ] GC(588)   Other: 0.6ms
[100.733s][info][gc,heap        ] GC(588) Eden regions: 2->0(25)
[100.733s][info][gc,heap        ] GC(588) Survivor regions: 2->0(4)
[100.733s][info][gc,heap        ] GC(588) Old regions: 400->404
[100.733s][info][gc,heap        ] GC(588) Humongous regions: 108->108
[100.733s][info][gc,metaspace   ] GC(588) Metaspace: 14568K->14568K(31744K)
[100.733s][info][gc             ] GC(588) Pause Young (G1 Evacuation Pause) 507M->507M(512M) 45.489ms
[100.733s][info][gc,cpu         ] GC(588) User=0.30s Sys=0.00s Real=0.05s
[100.734s][info][gc,start       ] GC(589) Pause Young (G1 Evacuation Pause)
[100.734s][info][gc,task        ] GC(589) Using 8 workers of 8 for evacuation
[100.741s][info][gc,phases      ] GC(589)   Pre Evacuate Collection Set: 0.0ms
[100.741s][info][gc,phases      ] GC(589)   Evacuate Collection Set: 5.7ms
[100.741s][info][gc,phases      ] GC(589)   Post Evacuate Collection Set: 0.7ms
[100.741s][info][gc,phases      ] GC(589)   Other: 0.4ms
[100.741s][info][gc,heap        ] GC(589) Eden regions: 0->0(25)
[100.741s][info][gc,heap        ] GC(589) Survivor regions: 0->0(4)
[100.741s][info][gc,heap        ] GC(589) Old regions: 404->404
[100.741s][info][gc,heap        ] GC(589) Humongous regions: 108->108
[100.741s][info][gc,metaspace   ] GC(589) Metaspace: 14568K->14568K(31744K)
[100.741s][info][gc             ] GC(589) Pause Young (G1 Evacuation Pause) 507M->507M(512M) 7.228ms
[100.741s][info][gc,cpu         ] GC(589) User=0.00s Sys=0.00s Real=0.00s
[100.743s][info][gc,start       ] GC(590) Pause Full (Allocation Failure)
[100.745s][info][gc,phases,start] GC(590) Phase 1: Mark live objects
[100.990s][info][gc,stringtable ] GC(590) Cleaned string and symbol table, strings: 7249 processed, 19 removed, symbols: 48806 processed, 0 removed
[100.991s][info][gc,phases      ] GC(590) Phase 1: Mark live objects 245.416ms
[100.991s][info][gc,phases,start] GC(590) Phase 2: Prepare for compaction
[101.021s][info][gc,phases      ] GC(590) Phase 2: Prepare for compaction 30.797ms
[101.022s][info][gc,phases,start] GC(590) Phase 3: Adjust pointers and remembered sets
[101.113s][info][gc,phases      ] GC(590) Phase 3: Adjust pointers and remembered sets 91.124ms
[101.113s][info][gc,phases,start] GC(590) Phase 4: Compact heap
[101.152s][info][gc,phases      ] GC(590) Phase 4: Compact heap 39.277ms
[101.154s][info][gc,heap        ] GC(590) Eden regions: 0->0(93)
[101.154s][info][gc,heap        ] GC(590) Survivor regions: 0->0(4)
[101.154s][info][gc,heap        ] GC(590) Old regions: 404->69
[101.154s][info][gc,heap        ] GC(590) Humongous regions: 108->54
[101.154s][info][gc,metaspace   ] GC(590) Metaspace: 14568K->14568K(31744K)
[101.155s][info][gc             ] GC(590) Pause Full (Allocation Failure) 507M->120M(512M) 411.875ms
[101.155s][info][gc,cpu         ] GC(590) User=2.16s Sys=0.02s Real=0.41s
[101.156s][info][gc,marking     ] GC(583) Concurrent Mark From Roots 979.597ms
[101.156s][info][gc,marking     ] GC(583) Concurrent Mark Abort
[101.156s][info][gc             ] GC(583) Concurrent Cycle 1006.228ms
[101.245s][info][gc,start       ] GC(591) Pause Young (G1 Evacuation Pause)
[101.245s][info][gc,task        ] GC(591) Using 8 workers of 8 for evacuation
[101.427s][info][gc,phases      ] GC(591)   Pre Evacuate Collection Set: 0.1ms
[101.427s][info][gc,phases      ] GC(591)   Evacuate Collection Set: 179.5ms
[101.427s][info][gc,phases      ] GC(591)   Post Evacuate Collection Set: 1.8ms
[101.427s][info][gc,phases      ] GC(591)   Other: 0.7ms
[101.428s][info][gc,heap        ] GC(591) Eden regions: 93->0(77)
[101.428s][info][gc,heap        ] GC(591) Survivor regions: 0->12(12)
[101.428s][info][gc,heap        ] GC(591) Old regions: 69->150
[101.428s][info][gc,heap        ] GC(591) Humongous regions: 54->54
[101.428s][info][gc,metaspace   ] GC(591) Metaspace: 14568K->14568K(31744K)
[101.428s][info][gc             ] GC(591) Pause Young (G1 Evacuation Pause) 213M->212M(512M) 182.575ms
[101.428s][info][gc,cpu         ] GC(591) User=1.48s Sys=0.02s Real=0.19s
[101.528s][info][gc,start       ] GC(592) Pause Young (G1 Evacuation Pause)
[101.528s][info][gc,task        ] GC(592) Using 8 workers of 8 for evacuation
[101.802s][info][gc,mmu         ] GC(592) MMU target violated: 201.0ms (200.0ms/201.0ms)
[101.803s][info][gc,phases      ] GC(592)   Pre Evacuate Collection Set: 0.0ms
[101.803s][info][gc,phases      ] GC(592)   Evacuate Collection Set: 267.4ms
[101.803s][info][gc,phases      ] GC(592)   Post Evacuate Collection Set: 6.3ms
[101.803s][info][gc,phases      ] GC(592)   Other: 0.9ms
[101.803s][info][gc,heap        ] GC(592) Eden regions: 77->0(52)
[101.803s][info][gc,heap        ] GC(592) Survivor regions: 12->12(12)
[101.803s][info][gc,heap        ] GC(592) Old regions: 150->228
[101.803s][info][gc,heap        ] GC(592) Humongous regions: 54->54
[101.803s][info][gc,metaspace   ] GC(592) Metaspace: 14568K->14568K(31744K)
[101.803s][info][gc             ] GC(592) Pause Young (G1 Evacuation Pause) 289M->290M(512M) 275.250ms
[101.803s][info][gc,cpu         ] GC(592) User=2.00s Sys=0.09s Real=0.29s
[101.932s][info][gc,start       ] GC(593) Pause Initial Mark (G1 Evacuation Pause)
[101.932s][info][gc,task        ] GC(593) Using 8 workers of 8 for evacuation
[102.097s][info][gc,phases      ] GC(593)   Pre Evacuate Collection Set: 0.1ms
[102.097s][info][gc,phases      ] GC(593)   Evacuate Collection Set: 161.9ms
[102.097s][info][gc,phases      ] GC(593)   Post Evacuate Collection Set: 1.2ms
[102.097s][info][gc,phases      ] GC(593)   Other: 2.2ms
[102.097s][info][gc,heap        ] GC(593) Eden regions: 52->0(35)
[102.097s][info][gc,heap        ] GC(593) Survivor regions: 12->8(8)
[102.097s][info][gc,heap        ] GC(593) Old regions: 228->285
[102.098s][info][gc,heap        ] GC(593) Humongous regions: 54->54
[102.098s][info][gc,metaspace   ] GC(593) Metaspace: 14568K->14568K(31744K)
[102.098s][info][gc             ] GC(593) Pause Initial Mark (G1 Evacuation Pause) 342M->344M(512M) 165.659ms
[102.098s][info][gc,cpu         ] GC(593) User=1.05s Sys=0.00s Real=0.15s
[102.098s][info][gc             ] GC(594) Concurrent Cycle
[102.098s][info][gc,marking     ] GC(594) Concurrent Clear Claimed Marks
[102.098s][info][gc,marking     ] GC(594) Concurrent Clear Claimed Marks 0.091ms
[102.098s][info][gc,marking     ] GC(594) Concurrent Scan Root Regions
[102.107s][info][gc,marking     ] GC(594) Concurrent Scan Root Regions 8.634ms
[102.107s][info][gc,marking     ] GC(594) Concurrent Mark (102.107s)
[102.107s][info][gc,marking     ] GC(594) Concurrent Mark From Roots
[102.107s][info][gc,task        ] GC(594) Using 2 workers of 2 for marking
[102.195s][info][gc,start       ] GC(595) Pause Young (G1 Evacuation Pause)
[102.195s][info][gc,task        ] GC(595) Using 8 workers of 8 for evacuation
[102.315s][info][gc,phases      ] GC(595)   Pre Evacuate Collection Set: 0.1ms
[102.315s][info][gc,phases      ] GC(595)   Evacuate Collection Set: 113.8ms
[102.315s][info][gc,phases      ] GC(595)   Post Evacuate Collection Set: 5.3ms
[102.315s][info][gc,phases      ] GC(595)   Other: 0.7ms
[102.315s][info][gc,heap        ] GC(595) Eden regions: 35->0(23)
[102.315s][info][gc,heap        ] GC(595) Survivor regions: 8->6(6)
[102.315s][info][gc,heap        ] GC(595) Old regions: 285->325
[102.315s][info][gc,heap        ] GC(595) Humongous regions: 54->54
[102.315s][info][gc,metaspace   ] GC(595) Metaspace: 14568K->14568K(31744K)
[102.316s][info][gc             ] GC(595) Pause Young (G1 Evacuation Pause) 379M->381M(512M) 120.309ms
[102.316s][info][gc,cpu         ] GC(595) User=0.83s Sys=0.05s Real=0.12s
[102.335s][info][gc,start       ] GC(596) Pause Young (G1 Humongous Allocation)
[102.335s][info][gc,task        ] GC(596) Using 8 workers of 8 for evacuation
[102.405s][info][gc,phases      ] GC(596)   Pre Evacuate Collection Set: 0.0ms
[102.406s][info][gc,phases      ] GC(596)   Evacuate Collection Set: 58.5ms
[102.406s][info][gc,phases      ] GC(596)   Post Evacuate Collection Set: 10.9ms
[102.406s][info][gc,phases      ] GC(596)   Other: 0.7ms
[102.406s][info][gc,heap        ] GC(596) Eden regions: 6->0(21)
[102.406s][info][gc,heap        ] GC(596) Survivor regions: 6->4(4)
[102.406s][info][gc,heap        ] GC(596) Old regions: 325->333
[102.406s][info][gc,heap        ] GC(596) Humongous regions: 54->54
[102.406s][info][gc,metaspace   ] GC(596) Metaspace: 14568K->14568K(31744K)
[102.406s][info][gc             ] GC(596) Pause Young (G1 Humongous Allocation) 387M->387M(512M) 71.142ms
[102.407s][info][gc,cpu         ] GC(596) User=0.38s Sys=0.00s Real=0.06s
[102.409s][info][gc,start       ] GC(597) Pause Full (Allocation Failure)
[102.412s][info][gc,phases,start] GC(597) Phase 1: Mark live objects
[102.422s][info][gc,stringtable ] GC(597) Cleaned string and symbol table, strings: 7249 processed, 19 removed, symbols: 48806 processed, 0 removed
[102.422s][info][gc,phases      ] GC(597) Phase 1: Mark live objects 10.076ms
[102.422s][info][gc,phases,start] GC(597) Phase 2: Prepare for compaction
[102.424s][info][gc,phases      ] GC(597) Phase 2: Prepare for compaction 2.056ms
[102.424s][info][gc,phases,start] GC(597) Phase 3: Adjust pointers and remembered sets
[102.434s][info][gc,phases      ] GC(597) Phase 3: Adjust pointers and remembered sets 9.824ms
[102.434s][info][gc,phases,start] GC(597) Phase 4: Compact heap
[102.436s][info][gc,phases      ] GC(597) Phase 4: Compact heap 2.099ms
[102.439s][info][gc,heap        ] GC(597) Eden regions: 0->0(77)
[102.439s][info][gc,heap        ] GC(597) Survivor regions: 4->0(4)
[102.439s][info][gc,heap        ] GC(597) Old regions: 333->11
[102.439s][info][gc,heap        ] GC(597) Humongous regions: 54->0
[102.439s][info][gc,metaspace   ] GC(597) Metaspace: 14568K->14568K(31744K)
[102.439s][info][gc             ] GC(597) Pause Full (Allocation Failure) 387M->4M(512M) 29.868ms
[102.440s][info][gc,cpu         ] GC(597) User=0.06s Sys=0.00s Real=0.04s
[102.440s][info][gc,marking     ] GC(594) Concurrent Mark From Roots 333.136ms
[102.440s][info][gc,marking     ] GC(594) Concurrent Mark Abort
[102.440s][info][gc             ] GC(594) Concurrent Cycle 342.504ms
[102.560s][info][gc,start       ] GC(598) Pause Young (G1 Evacuation Pause)
[102.560s][info][gc,task        ] GC(598) Using 8 workers of 8 for evacuation
[102.691s][info][gc,phases      ] GC(598)   Pre Evacuate Collection Set: 0.0ms
[102.694s][info][gc,phases      ] GC(598)   Evacuate Collection Set: 128.8ms
[102.694s][info][gc,phases      ] GC(598)   Post Evacuate Collection Set: 1.5ms
[102.694s][info][gc,phases      ] GC(598)   Other: 0.7ms
[102.695s][info][gc,heap        ] GC(598) Eden regions: 77->0(77)
[102.695s][info][gc,heap        ] GC(598) Survivor regions: 0->10(10)
[102.695s][info][gc,heap        ] GC(598) Old regions: 11->80
[102.695s][info][gc,heap        ] GC(598) Humongous regions: 55->55
[102.695s][info][gc,metaspace   ] GC(598) Metaspace: 14568K->14568K(31744K)
[102.695s][info][gc             ] GC(598) Pause Young (G1 Evacuation Pause) 136M->137M(512M) 134.382ms
[102.695s][info][gc,cpu         ] GC(598) User=0.95s Sys=0.00s Real=0.14s
[102.812s][info][gc,start       ] GC(599) Pause Young (G1 Evacuation Pause)
[102.812s][info][gc,task        ] GC(599) Using 8 workers of 8 for evacuation
[103.011s][info][gc,phases      ] GC(599)   Pre Evacuate Collection Set: 0.1ms
[103.011s][info][gc,phases      ] GC(599)   Evacuate Collection Set: 197.1ms
[103.011s][info][gc,phases      ] GC(599)   Post Evacuate Collection Set: 1.6ms
[103.011s][info][gc,phases      ] GC(599)   Other: 0.6ms
[103.011s][info][gc,heap        ] GC(599) Eden regions: 75->0(74)
[103.011s][info][gc,heap        ] GC(599) Survivor regions: 10->11(11)
[103.011s][info][gc,heap        ] GC(599) Old regions: 80->155
[103.011s][info][gc,heap        ] GC(599) Humongous regions: 55->55
[103.011s][info][gc,metaspace   ] GC(599) Metaspace: 14568K->14568K(31744K)
[103.011s][info][gc             ] GC(599) Pause Young (G1 Evacuation Pause) 212M->213M(512M) 199.802ms
[103.012s][info][gc,cpu         ] GC(599) User=1.27s Sys=0.20s Real=0.19s
[103.150s][info][gc,start       ] GC(600) Pause Young (G1 Evacuation Pause)
[103.150s][info][gc,task        ] GC(600) Using 8 workers of 8 for evacuation
[103.399s][info][gc,mmu         ] GC(600) MMU target violated: 201.0ms (200.0ms/201.0ms)
[103.399s][info][gc,phases      ] GC(600)   Pre Evacuate Collection Set: 0.1ms
[103.399s][info][gc,phases      ] GC(600)   Evacuate Collection Set: 242.8ms
[103.399s][info][gc,phases      ] GC(600)   Post Evacuate Collection Set: 4.8ms
[103.399s][info][gc,phases      ] GC(600)   Other: 1.1ms
[103.399s][info][gc,heap        ] GC(600) Eden regions: 74->0(51)
[103.399s][info][gc,heap        ] GC(600) Survivor regions: 11->11(11)
[103.399s][info][gc,heap        ] GC(600) Old regions: 155->230
[103.399s][info][gc,heap        ] GC(600) Humongous regions: 55->55
[103.399s][info][gc,metaspace   ] GC(600) Metaspace: 14568K->14568K(31744K)
[103.400s][info][gc             ] GC(600) Pause Young (G1 Evacuation Pause) 287M->289M(512M) 249.211ms
[103.400s][info][gc,cpu         ] GC(600) User=1.63s Sys=0.08s Real=0.25s
[103.509s][info][gc,start       ] GC(601) Pause Initial Mark (G1 Evacuation Pause)
[103.509s][info][gc,task        ] GC(601) Using 8 workers of 8 for evacuation
[103.708s][info][gc,phases      ] GC(601)   Pre Evacuate Collection Set: 0.1ms
[103.708s][info][gc,phases      ] GC(601)   Evacuate Collection Set: 192.1ms
[103.708s][info][gc,phases      ] GC(601)   Post Evacuate Collection Set: 5.6ms
[103.708s][info][gc,phases      ] GC(601)   Other: 1.0ms
[103.708s][info][gc,heap        ] GC(601) Eden regions: 51->0(34)
[103.708s][info][gc,heap        ] GC(601) Survivor regions: 11->8(8)
[103.708s][info][gc,heap        ] GC(601) Old regions: 230->286
[103.708s][info][gc,heap        ] GC(601) Humongous regions: 55->55
[103.708s][info][gc,metaspace   ] GC(601) Metaspace: 14570K->14570K(31744K)
[103.708s][info][gc             ] GC(601) Pause Initial Mark (G1 Evacuation Pause) 340M->342M(512M) 199.467ms
[103.708s][info][gc,cpu         ] GC(601) User=1.45s Sys=0.05s Real=0.20s
[103.717s][info][gc             ] GC(602) Concurrent Cycle
[103.718s][info][gc,marking     ] GC(602) Concurrent Clear Claimed Marks
[103.718s][info][gc,marking     ] GC(602) Concurrent Clear Claimed Marks 0.087ms
[103.718s][info][gc,marking     ] GC(602) Concurrent Scan Root Regions
[103.779s][info][gc,marking     ] GC(602) Concurrent Scan Root Regions 61.649ms
[103.779s][info][gc,marking     ] GC(602) Concurrent Mark (103.779s)
[103.780s][info][gc,marking     ] GC(602) Concurrent Mark From Roots
[103.780s][info][gc,task        ] GC(602) Using 2 workers of 2 for marking
[103.788s][info][gc,start       ] GC(603) Pause Young (G1 Evacuation Pause)
[103.788s][info][gc,task        ] GC(603) Using 8 workers of 8 for evacuation
[103.928s][info][gc,phases      ] GC(603)   Pre Evacuate Collection Set: 0.1ms
[103.928s][info][gc,phases      ] GC(603)   Evacuate Collection Set: 137.6ms
[103.928s][info][gc,phases      ] GC(603)   Post Evacuate Collection Set: 1.6ms
[103.928s][info][gc,phases      ] GC(603)   Other: 0.7ms
[103.928s][info][gc,heap        ] GC(603) Eden regions: 34->0(23)
[103.928s][info][gc,heap        ] GC(603) Survivor regions: 8->6(6)
[103.928s][info][gc,heap        ] GC(603) Old regions: 286->324
[103.929s][info][gc,heap        ] GC(603) Humongous regions: 55->55
[103.929s][info][gc,metaspace   ] GC(603) Metaspace: 14572K->14572K(31744K)
[103.929s][info][gc             ] GC(603) Pause Young (G1 Evacuation Pause) 376M->377M(512M) 140.503ms
[103.929s][info][gc,cpu         ] GC(603) User=0.91s Sys=0.00s Real=0.14s
[104.023s][info][gc,start       ] GC(604) Pause Young (G1 Evacuation Pause)
[104.023s][info][gc,task        ] GC(604) Using 8 workers of 8 for evacuation
[104.121s][info][gc,phases      ] GC(604)   Pre Evacuate Collection Set: 0.0ms
[104.121s][info][gc,phases      ] GC(604)   Evacuate Collection Set: 94.3ms
[104.121s][info][gc,phases      ] GC(604)   Post Evacuate Collection Set: 2.8ms
[104.121s][info][gc,phases      ] GC(604)   Other: 0.7ms
[104.121s][info][gc,heap        ] GC(604) Eden regions: 23->0(21)
[104.121s][info][gc,heap        ] GC(604) Survivor regions: 6->4(4)
[104.122s][info][gc,heap        ] GC(604) Old regions: 324->351
[104.122s][info][gc,heap        ] GC(604) Humongous regions: 110->110
[104.122s][info][gc,metaspace   ] GC(604) Metaspace: 14572K->14572K(31744K)
[104.122s][info][gc             ] GC(604) Pause Young (G1 Evacuation Pause) 455M->457M(512M) 98.690ms
[104.122s][info][gc,cpu         ] GC(604) User=0.61s Sys=0.00s Real=0.11s
[104.178s][info][gc,start       ] GC(605) Pause Young (G1 Evacuation Pause)
[104.179s][info][gc,task        ] GC(605) Using 8 workers of 8 for evacuation
[104.281s][info][gc             ] GC(605) To-space exhausted
[104.281s][info][gc,phases      ] GC(605)   Pre Evacuate Collection Set: 0.1ms
[104.281s][info][gc,phases      ] GC(605)   Evacuate Collection Set: 96.0ms
[104.281s][info][gc,phases      ] GC(605)   Post Evacuate Collection Set: 5.7ms
[104.281s][info][gc,phases      ] GC(605)   Other: 0.7ms
[104.281s][info][gc,heap        ] GC(605) Eden regions: 21->0(21)
[104.281s][info][gc,heap        ] GC(605) Survivor regions: 4->4(4)
[104.281s][info][gc,heap        ] GC(605) Old regions: 351->374
[104.281s][info][gc,heap        ] GC(605) Humongous regions: 110->110
[104.281s][info][gc,metaspace   ] GC(605) Metaspace: 14572K->14572K(31744K)
[104.281s][info][gc             ] GC(605) Pause Young (G1 Evacuation Pause) 478M->481M(512M) 102.759ms
[104.281s][info][gc,cpu         ] GC(605) User=0.69s Sys=0.03s Real=0.11s
[104.315s][info][gc,start       ] GC(606) Pause Young (G1 Evacuation Pause)
[104.315s][info][gc,task        ] GC(606) Using 8 workers of 8 for evacuation
[104.460s][info][gc             ] GC(606) To-space exhausted
[104.461s][info][gc,phases      ] GC(606)   Pre Evacuate Collection Set: 0.0ms
[104.461s][info][gc,phases      ] GC(606)   Evacuate Collection Set: 115.1ms
[104.461s][info][gc,phases      ] GC(606)   Post Evacuate Collection Set: 29.5ms
[104.461s][info][gc,phases      ] GC(606)   Other: 0.7ms
[104.461s][info][gc,heap        ] GC(606) Eden regions: 21->0(25)
[104.461s][info][gc,heap        ] GC(606) Survivor regions: 4->0(4)
[104.461s][info][gc,heap        ] GC(606) Old regions: 374->402
[104.461s][info][gc,heap        ] GC(606) Humongous regions: 110->110
[104.461s][info][gc,metaspace   ] GC(606) Metaspace: 14572K->14572K(31744K)
[104.461s][info][gc             ] GC(606) Pause Young (G1 Evacuation Pause) 502M->505M(512M) 145.810ms
[104.461s][info][gc,cpu         ] GC(606) User=0.94s Sys=0.05s Real=0.13s
[104.462s][info][gc,start       ] GC(607) Pause Young (G1 Evacuation Pause)
[104.462s][info][gc,task        ] GC(607) Using 8 workers of 8 for evacuation
[104.497s][info][gc,phases      ] GC(607)   Pre Evacuate Collection Set: 0.0ms
[104.497s][info][gc,phases      ] GC(607)   Evacuate Collection Set: 33.9ms
[104.497s][info][gc,phases      ] GC(607)   Post Evacuate Collection Set: 1.1ms
[104.498s][info][gc,phases      ] GC(607)   Other: 0.5ms
[104.498s][info][gc,heap        ] GC(607) Eden regions: 0->0(25)
[104.498s][info][gc,heap        ] GC(607) Survivor regions: 0->0(4)
[104.498s][info][gc,heap        ] GC(607) Old regions: 402->402
[104.498s][info][gc,heap        ] GC(607) Humongous regions: 110->110
[104.498s][info][gc,metaspace   ] GC(607) Metaspace: 14572K->14572K(31744K)
[104.498s][info][gc             ] GC(607) Pause Young (G1 Evacuation Pause) 505M->505M(512M) 36.020ms
[104.498s][info][gc,cpu         ] GC(607) User=0.23s Sys=0.03s Real=0.05s
[104.499s][info][gc,start       ] GC(608) Pause Full (Allocation Failure)
[104.502s][info][gc,phases,start] GC(608) Phase 1: Mark live objects
[104.663s][info][gc,stringtable ] GC(608) Cleaned string and symbol table, strings: 7250 processed, 19 removed, symbols: 48808 processed, 0 removed
[104.663s][info][gc,phases      ] GC(608) Phase 1: Mark live objects 161.010ms
[104.663s][info][gc,phases,start] GC(608) Phase 2: Prepare for compaction
[104.677s][info][gc,phases      ] GC(608) Phase 2: Prepare for compaction 13.499ms
[104.677s][info][gc,phases,start] GC(608) Phase 3: Adjust pointers and remembered sets
[104.747s][info][gc,phases      ] GC(608) Phase 3: Adjust pointers and remembered sets 69.791ms
[104.747s][info][gc,phases,start] GC(608) Phase 4: Compact heap
[104.771s][info][gc,phases      ] GC(608) Phase 4: Compact heap 23.585ms
[104.777s][info][gc,heap        ] GC(608) Eden regions: 0->0(69)
[104.777s][info][gc,heap        ] GC(608) Survivor regions: 0->0(4)
[104.777s][info][gc,heap        ] GC(608) Old regions: 402->57
[104.777s][info][gc,heap        ] GC(608) Humongous regions: 110->55
[104.777s][info][gc,metaspace   ] GC(608) Metaspace: 14572K->14572K(31744K)
[104.777s][info][gc             ] GC(608) Pause Full (Allocation Failure) 505M->108M(512M) 277.666ms
[104.778s][info][gc,cpu         ] GC(608) User=2.09s Sys=0.00s Real=0.28s
[104.778s][info][gc,marking     ] GC(602) Concurrent Mark From Roots 998.505ms
[104.778s][info][gc,marking     ] GC(602) Concurrent Mark Abort
[104.778s][info][gc             ] GC(602) Concurrent Cycle 1060.805ms
[104.835s][info][gc,start       ] GC(609) Pause Young (G1 Evacuation Pause)
[104.835s][info][gc,task        ] GC(609) Using 8 workers of 8 for evacuation
[105.080s][info][gc,mmu         ] GC(609) MMU target violated: 201.0ms (200.0ms/201.0ms)
[105.081s][info][gc,phases      ] GC(609)   Pre Evacuate Collection Set: 0.1ms
[105.081s][info][gc,phases      ] GC(609)   Evacuate Collection Set: 241.7ms
[105.081s][info][gc,phases      ] GC(609)   Post Evacuate Collection Set: 2.0ms
[105.081s][info][gc,phases      ] GC(609)   Other: 1.6ms
[105.081s][info][gc,heap        ] GC(609) Eden regions: 69->0(50)
[105.081s][info][gc,heap        ] GC(609) Survivor regions: 0->9(9)
[105.081s][info][gc,heap        ] GC(609) Old regions: 57->117
[105.081s][info][gc,heap        ] GC(609) Humongous regions: 55->55
[105.081s][info][gc,metaspace   ] GC(609) Metaspace: 14574K->14574K(31744K)
[105.081s][info][gc             ] GC(609) Pause Young (G1 Evacuation Pause) 177M->176M(512M) 245.723ms
[105.081s][info][gc,cpu         ] GC(609) User=1.91s Sys=0.03s Real=0.25s
[105.167s][info][gc,start       ] GC(610) Pause Young (G1 Evacuation Pause)
[105.167s][info][gc,task        ] GC(610) Using 8 workers of 8 for evacuation
[105.273s][info][gc,phases      ] GC(610)   Pre Evacuate Collection Set: 0.1ms
[105.273s][info][gc,phases      ] GC(610)   Evacuate Collection Set: 103.8ms
[105.273s][info][gc,phases      ] GC(610)   Post Evacuate Collection Set: 1.6ms
[105.273s][info][gc,phases      ] GC(610)   Other: 0.6ms
[105.273s][info][gc,heap        ] GC(610) Eden regions: 49->0(57)
[105.273s][info][gc,heap        ] GC(610) Survivor regions: 9->8(8)
[105.273s][info][gc,heap        ] GC(610) Old regions: 117->169
[105.273s][info][gc,heap        ] GC(610) Humongous regions: 55->55
[105.273s][info][gc,metaspace   ] GC(610) Metaspace: 14574K->14574K(31744K)
[105.273s][info][gc             ] GC(610) Pause Young (G1 Evacuation Pause) 225M->227M(512M) 106.624ms
[105.273s][info][gc,cpu         ] GC(610) User=0.83s Sys=0.02s Real=0.11s
[105.357s][info][gc,start       ] GC(611) Pause Young (G1 Evacuation Pause)
[105.357s][info][gc,task        ] GC(611) Using 8 workers of 8 for evacuation
[105.546s][info][gc,phases      ] GC(611)   Pre Evacuate Collection Set: 0.0ms
[105.546s][info][gc,phases      ] GC(611)   Evacuate Collection Set: 186.5ms
[105.546s][info][gc,phases      ] GC(611)   Post Evacuate Collection Set: 1.7ms
[105.546s][info][gc,phases      ] GC(611)   Other: 0.6ms
[105.547s][info][gc,heap        ] GC(611) Eden regions: 57->0(52)
[105.547s][info][gc,heap        ] GC(611) Survivor regions: 8->9(9)
[105.547s][info][gc,heap        ] GC(611) Old regions: 169->227
[105.547s][info][gc,heap        ] GC(611) Humongous regions: 55->55
[105.547s][info][gc,metaspace   ] GC(611) Metaspace: 14574K->14574K(31744K)
[105.547s][info][gc             ] GC(611) Pause Young (G1 Evacuation Pause) 284M->286M(512M) 190.190ms
[105.547s][info][gc,cpu         ] GC(611) User=1.42s Sys=0.03s Real=0.19s
[105.633s][info][gc,start       ] GC(612) Pause Initial Mark (G1 Evacuation Pause)
[105.633s][info][gc,task        ] GC(612) Using 8 workers of 8 for evacuation
[105.789s][info][gc,phases      ] GC(612)   Pre Evacuate Collection Set: 0.1ms
[105.789s][info][gc,phases      ] GC(612)   Evacuate Collection Set: 153.1ms
[105.789s][info][gc,phases      ] GC(612)   Post Evacuate Collection Set: 1.8ms
[105.789s][info][gc,phases      ] GC(612)   Other: 0.8ms
[105.789s][info][gc,heap        ] GC(612) Eden regions: 52->0(35)
[105.789s][info][gc,heap        ] GC(612) Survivor regions: 9->8(8)
[105.789s][info][gc,heap        ] GC(612) Old regions: 227->282
[105.789s][info][gc,heap        ] GC(612) Humongous regions: 55->55
[105.789s][info][gc,metaspace   ] GC(612) Metaspace: 14574K->14574K(31744K)
[105.790s][info][gc             ] GC(612) Pause Initial Mark (G1 Evacuation Pause) 338M->340M(512M) 156.536ms
[105.790s][info][gc,cpu         ] GC(612) User=1.31s Sys=0.05s Real=0.17s
[105.790s][info][gc             ] GC(613) Concurrent Cycle
[105.790s][info][gc,marking     ] GC(613) Concurrent Clear Claimed Marks
[105.790s][info][gc,marking     ] GC(613) Concurrent Clear Claimed Marks 0.126ms
[105.790s][info][gc,marking     ] GC(613) Concurrent Scan Root Regions
[105.801s][info][gc,marking     ] GC(613) Concurrent Scan Root Regions 11.360ms
[105.802s][info][gc,marking     ] GC(613) Concurrent Mark (105.802s)
[105.802s][info][gc,marking     ] GC(613) Concurrent Mark From Roots
[105.802s][info][gc,task        ] GC(613) Using 2 workers of 2 for marking
[105.868s][info][gc,start       ] GC(614) Pause Young (G1 Evacuation Pause)
[105.868s][info][gc,task        ] GC(614) Using 8 workers of 8 for evacuation
[105.969s][info][gc,phases      ] GC(614)   Pre Evacuate Collection Set: 0.0ms
[105.969s][info][gc,phases      ] GC(614)   Evacuate Collection Set: 99.5ms
[105.969s][info][gc,phases      ] GC(614)   Post Evacuate Collection Set: 1.0ms
[105.970s][info][gc,phases      ] GC(614)   Other: 0.6ms
[105.970s][info][gc,heap        ] GC(614) Eden regions: 35->0(24)
[105.970s][info][gc,heap        ] GC(614) Survivor regions: 8->6(6)
[105.970s][info][gc,heap        ] GC(614) Old regions: 282->321
[105.970s][info][gc,heap        ] GC(614) Humongous regions: 55->55
[105.970s][info][gc,metaspace   ] GC(614) Metaspace: 14574K->14574K(31744K)
[105.970s][info][gc             ] GC(614) Pause Young (G1 Evacuation Pause) 375M->377M(512M) 101.543ms
[105.970s][info][gc,cpu         ] GC(614) User=0.66s Sys=0.00s Real=0.10s
[106.037s][info][gc,start       ] GC(615) Pause Young (G1 Humongous Allocation)
[106.037s][info][gc,task        ] GC(615) Using 8 workers of 8 for evacuation
[106.093s][info][gc,phases      ] GC(615)   Pre Evacuate Collection Set: 0.0ms
[106.093s][info][gc,phases      ] GC(615)   Evacuate Collection Set: 54.5ms
[106.093s][info][gc,phases      ] GC(615)   Post Evacuate Collection Set: 1.1ms
[106.093s][info][gc,phases      ] GC(615)   Other: 0.6ms
[106.093s][info][gc,heap        ] GC(615) Eden regions: 18->0(21)
[106.093s][info][gc,heap        ] GC(615) Survivor regions: 6->4(4)
[106.093s][info][gc,heap        ] GC(615) Old regions: 321->343
[106.093s][info][gc,heap        ] GC(615) Humongous regions: 55->55
[106.093s][info][gc,metaspace   ] GC(615) Metaspace: 14577K->14577K(31744K)
[106.093s][info][gc             ] GC(615) Pause Young (G1 Humongous Allocation) 395M->398M(512M) 56.596ms
[106.093s][info][gc,cpu         ] GC(615) User=0.48s Sys=0.05s Real=0.07s
[106.201s][info][gc,start       ] GC(616) Pause Young (G1 Evacuation Pause)
[106.201s][info][gc,task        ] GC(616) Using 8 workers of 8 for evacuation
[106.253s][info][gc,phases      ] GC(616)   Pre Evacuate Collection Set: 0.0ms
[106.253s][info][gc,phases      ] GC(616)   Evacuate Collection Set: 50.8ms
[106.253s][info][gc,phases      ] GC(616)   Post Evacuate Collection Set: 1.0ms
[106.253s][info][gc,phases      ] GC(616)   Other: 0.6ms
[106.253s][info][gc,heap        ] GC(616) Eden regions: 21->0(21)
[106.253s][info][gc,heap        ] GC(616) Survivor regions: 4->4(4)
[106.253s][info][gc,heap        ] GC(616) Old regions: 343->366
[106.253s][info][gc,heap        ] GC(616) Humongous regions: 110->110
[106.253s][info][gc,metaspace   ] GC(616) Metaspace: 14585K->14585K(31744K)
[106.254s][info][gc             ] GC(616) Pause Young (G1 Evacuation Pause) 474M->475M(512M) 52.823ms
[106.254s][info][gc,cpu         ] GC(616) User=0.31s Sys=0.00s Real=0.05s
[106.269s][info][gc,start       ] GC(617) Pause Young (G1 Evacuation Pause)
[106.269s][info][gc,task        ] GC(617) Using 8 workers of 8 for evacuation
[106.355s][info][gc             ] GC(617) To-space exhausted
[106.355s][info][gc,phases      ] GC(617)   Pre Evacuate Collection Set: 0.0ms
[106.355s][info][gc,phases      ] GC(617)   Evacuate Collection Set: 68.9ms
[106.355s][info][gc,phases      ] GC(617)   Post Evacuate Collection Set: 16.8ms
[106.355s][info][gc,phases      ] GC(617)   Other: 0.7ms
[106.355s][info][gc,heap        ] GC(617) Eden regions: 21->0(21)
[106.355s][info][gc,heap        ] GC(617) Survivor regions: 4->4(4)
[106.355s][info][gc,heap        ] GC(617) Old regions: 366->395
[106.356s][info][gc,heap        ] GC(617) Humongous regions: 110->110
[106.356s][info][gc,metaspace   ] GC(617) Metaspace: 14585K->14585K(31744K)
[106.356s][info][gc             ] GC(617) Pause Young (G1 Evacuation Pause) 496M->505M(512M) 86.819ms
[106.356s][info][gc,cpu         ] GC(617) User=0.52s Sys=0.09s Real=0.10s
[106.360s][info][gc,start       ] GC(618) Pause Young (G1 Evacuation Pause)
[106.360s][info][gc,task        ] GC(618) Using 8 workers of 8 for evacuation
[106.413s][info][gc             ] GC(618) To-space exhausted
[106.413s][info][gc,phases      ] GC(618)   Pre Evacuate Collection Set: 0.1ms
[106.413s][info][gc,phases      ] GC(618)   Evacuate Collection Set: 44.2ms
[106.414s][info][gc,phases      ] GC(618)   Post Evacuate Collection Set: 8.5ms
[106.414s][info][gc,phases      ] GC(618)   Other: 1.0ms
[106.414s][info][gc,heap        ] GC(618) Eden regions: 3->0(25)
[106.414s][info][gc,heap        ] GC(618) Survivor regions: 4->0(4)
[106.414s][info][gc,heap        ] GC(618) Old regions: 395->402
[106.414s][info][gc,heap        ] GC(618) Humongous regions: 110->110
[106.414s][info][gc,metaspace   ] GC(618) Metaspace: 14585K->14585K(31744K)
[106.414s][info][gc             ] GC(618) Pause Young (G1 Evacuation Pause) 508M->508M(512M) 54.218ms
[106.414s][info][gc,cpu         ] GC(618) User=0.34s Sys=0.02s Real=0.05s
[106.415s][info][gc,start       ] GC(619) Pause Young (G1 Evacuation Pause)
[106.415s][info][gc,task        ] GC(619) Using 8 workers of 8 for evacuation
[106.425s][info][gc,phases      ] GC(619)   Pre Evacuate Collection Set: 0.0ms
[106.425s][info][gc,phases      ] GC(619)   Evacuate Collection Set: 9.0ms
[106.425s][info][gc,phases      ] GC(619)   Post Evacuate Collection Set: 0.6ms
[106.425s][info][gc,phases      ] GC(619)   Other: 0.5ms
[106.425s][info][gc,heap        ] GC(619) Eden regions: 0->0(25)
[106.425s][info][gc,heap        ] GC(619) Survivor regions: 0->0(4)
[106.425s][info][gc,heap        ] GC(619) Old regions: 402->402
[106.425s][info][gc,heap        ] GC(619) Humongous regions: 110->110
[106.425s][info][gc,metaspace   ] GC(619) Metaspace: 14585K->14585K(31744K)
[106.425s][info][gc             ] GC(619) Pause Young (G1 Evacuation Pause) 508M->508M(512M) 10.453ms
[106.425s][info][gc,cpu         ] GC(619) User=0.11s Sys=0.00s Real=0.02s
[106.426s][info][gc,start       ] GC(620) Pause Full (Allocation Failure)
[106.428s][info][gc,phases,start] GC(620) Phase 1: Mark live objects
[106.544s][info][gc,stringtable ] GC(620) Cleaned string and symbol table, strings: 7257 processed, 22 removed, symbols: 48808 processed, 0 removed
[106.544s][info][gc,phases      ] GC(620) Phase 1: Mark live objects 115.509ms
[106.544s][info][gc,phases,start] GC(620) Phase 2: Prepare for compaction
[106.557s][info][gc,phases      ] GC(620) Phase 2: Prepare for compaction 13.332ms
[106.557s][info][gc,phases,start] GC(620) Phase 3: Adjust pointers and remembered sets
[106.610s][info][gc,phases      ] GC(620) Phase 3: Adjust pointers and remembered sets 52.580ms
[106.610s][info][gc,phases,start] GC(620) Phase 4: Compact heap
[106.629s][info][gc,phases      ] GC(620) Phase 4: Compact heap 18.912ms
[106.632s][info][gc,heap        ] GC(620) Eden regions: 0->0(79)
[106.632s][info][gc,heap        ] GC(620) Survivor regions: 0->0(4)
[106.632s][info][gc,heap        ] GC(620) Old regions: 402->54
[106.632s][info][gc,heap        ] GC(620) Humongous regions: 110->55
[106.632s][info][gc,metaspace   ] GC(620) Metaspace: 14585K->14585K(31744K)
[106.632s][info][gc             ] GC(620) Pause Full (Allocation Failure) 508M->104M(512M) 205.743ms
[106.633s][info][gc,cpu         ] GC(620) User=1.23s Sys=0.02s Real=0.20s
[106.633s][info][gc,marking     ] GC(613) Concurrent Mark From Roots 831.552ms
[106.633s][info][gc,marking     ] GC(613) Concurrent Mark Abort
[106.633s][info][gc             ] GC(613) Concurrent Cycle 843.534ms
[106.717s][info][gc,start       ] GC(621) Pause Young (G1 Evacuation Pause)
[106.717s][info][gc,task        ] GC(621) Using 8 workers of 8 for evacuation
[106.908s][info][gc,phases      ] GC(621)   Pre Evacuate Collection Set: 0.0ms
[106.908s][info][gc,phases      ] GC(621)   Evacuate Collection Set: 187.2ms
[106.908s][info][gc,phases      ] GC(621)   Post Evacuate Collection Set: 2.8ms
[106.908s][info][gc,phases      ] GC(621)   Other: 0.6ms
[106.908s][info][gc,heap        ] GC(621) Eden regions: 79->0(71)
[106.908s][info][gc,heap        ] GC(621) Survivor regions: 0->10(10)
[106.908s][info][gc,heap        ] GC(621) Old regions: 54->123
[106.908s][info][gc,heap        ] GC(621) Humongous regions: 55->55
[106.908s][info][gc,metaspace   ] GC(621) Metaspace: 14585K->14585K(31744K)
[106.908s][info][gc             ] GC(621) Pause Young (G1 Evacuation Pause) 183M->182M(512M) 190.971ms
[106.908s][info][gc,cpu         ] GC(621) User=1.28s Sys=0.00s Real=0.17s
[107.002s][info][gc,start       ] GC(622) Pause Young (G1 Evacuation Pause)
[107.002s][info][gc,task        ] GC(622) Using 8 workers of 8 for evacuation
[107.177s][info][gc,phases      ] GC(622)   Pre Evacuate Collection Set: 0.1ms
[107.177s][info][gc,phases      ] GC(622)   Evacuate Collection Set: 172.8ms
[107.177s][info][gc,phases      ] GC(622)   Post Evacuate Collection Set: 1.7ms
[107.177s][info][gc,phases      ] GC(622)   Other: 0.6ms
[107.177s][info][gc,heap        ] GC(622) Eden regions: 70->0(62)
[107.177s][info][gc,heap        ] GC(622) Survivor regions: 10->10(10)
[107.177s][info][gc,heap        ] GC(622) Old regions: 123->194
[107.177s][info][gc,heap        ] GC(622) Humongous regions: 55->55
[107.177s][info][gc,metaspace   ] GC(622) Metaspace: 14585K->14585K(31744K)
[107.178s][info][gc             ] GC(622) Pause Young (G1 Evacuation Pause) 252M->253M(512M) 175.539ms
[107.178s][info][gc,cpu         ] GC(622) User=1.05s Sys=0.05s Real=0.17s
[107.261s][info][gc,start       ] GC(623) Pause Initial Mark (G1 Evacuation Pause)
[107.261s][info][gc,task        ] GC(623) Using 8 workers of 8 for evacuation
[107.391s][info][gc,phases      ] GC(623)   Pre Evacuate Collection Set: 0.1ms
[107.391s][info][gc,phases      ] GC(623)   Evacuate Collection Set: 128.1ms
[107.391s][info][gc,phases      ] GC(623)   Post Evacuate Collection Set: 1.3ms
[107.391s][info][gc,phases      ] GC(623)   Other: 0.7ms
[107.391s][info][gc,heap        ] GC(623) Eden regions: 62->0(43)
[107.391s][info][gc,heap        ] GC(623) Survivor regions: 10->9(9)
[107.391s][info][gc,heap        ] GC(623) Old regions: 194->258
[107.391s][info][gc,heap        ] GC(623) Humongous regions: 55->55
[107.391s][info][gc,metaspace   ] GC(623) Metaspace: 14585K->14585K(31744K)
[107.392s][info][gc             ] GC(623) Pause Initial Mark (G1 Evacuation Pause) 315M->317M(512M) 130.535ms
[107.392s][info][gc,cpu         ] GC(623) User=1.00s Sys=0.00s Real=0.13s
[107.392s][info][gc             ] GC(624) Concurrent Cycle
[107.392s][info][gc,marking     ] GC(624) Concurrent Clear Claimed Marks
[107.392s][info][gc,marking     ] GC(624) Concurrent Clear Claimed Marks 0.079ms
[107.392s][info][gc,marking     ] GC(624) Concurrent Scan Root Regions
[107.435s][info][gc,marking     ] GC(624) Concurrent Scan Root Regions 43.065ms
[107.435s][info][gc,marking     ] GC(624) Concurrent Mark (107.435s)
[107.435s][info][gc,marking     ] GC(624) Concurrent Mark From Roots
[107.435s][info][gc,task        ] GC(624) Using 2 workers of 2 for marking
[107.468s][info][gc,start       ] GC(625) Pause Young (G1 Evacuation Pause)
[107.468s][info][gc,task        ] GC(625) Using 8 workers of 8 for evacuation
[107.630s][info][gc,phases      ] GC(625)   Pre Evacuate Collection Set: 0.1ms
[107.630s][info][gc,phases      ] GC(625)   Evacuate Collection Set: 159.4ms
[107.630s][info][gc,phases      ] GC(625)   Post Evacuate Collection Set: 1.3ms
[107.630s][info][gc,phases      ] GC(625)   Other: 0.7ms
[107.630s][info][gc,heap        ] GC(625) Eden regions: 43->0(29)
[107.630s][info][gc,heap        ] GC(625) Survivor regions: 9->7(7)
[107.630s][info][gc,heap        ] GC(625) Old regions: 258->305
[107.630s][info][gc,heap        ] GC(625) Humongous regions: 55->55
[107.630s][info][gc,metaspace   ] GC(625) Metaspace: 14585K->14585K(31744K)
[107.630s][info][gc             ] GC(625) Pause Young (G1 Evacuation Pause) 360M->362M(512M) 161.896ms
[107.630s][info][gc,cpu         ] GC(625) User=1.30s Sys=0.06s Real=0.17s
[107.690s][info][gc,start       ] GC(626) Pause Young (G1 Evacuation Pause)
[107.691s][info][gc,task        ] GC(626) Using 8 workers of 8 for evacuation
[107.772s][info][gc,phases      ] GC(626)   Pre Evacuate Collection Set: 0.0ms
[107.772s][info][gc,phases      ] GC(626)   Evacuate Collection Set: 79.7ms
[107.772s][info][gc,phases      ] GC(626)   Post Evacuate Collection Set: 1.5ms
[107.772s][info][gc,phases      ] GC(626)   Other: 0.6ms
[107.772s][info][gc,heap        ] GC(626) Eden regions: 29->0(20)
[107.772s][info][gc,heap        ] GC(626) Survivor regions: 7->5(5)
[107.772s][info][gc,heap        ] GC(626) Old regions: 305->338
[107.772s][info][gc,heap        ] GC(626) Humongous regions: 55->55
[107.772s][info][gc,metaspace   ] GC(626) Metaspace: 14600K->14600K(31744K)
[107.773s][info][gc             ] GC(626) Pause Young (G1 Evacuation Pause) 391M->393M(512M) 82.162ms
[107.773s][info][gc,cpu         ] GC(626) User=0.70s Sys=0.00s Real=0.09s
[107.779s][info][gc,start       ] GC(627) Pause Young (G1 Humongous Allocation)
[107.779s][info][gc,task        ] GC(627) Using 8 workers of 8 for evacuation
[107.843s][info][gc,phases      ] GC(627)   Pre Evacuate Collection Set: 0.0ms
[107.844s][info][gc,phases      ] GC(627)   Evacuate Collection Set: 61.1ms
[107.844s][info][gc,phases      ] GC(627)   Post Evacuate Collection Set: 2.8ms
[107.844s][info][gc,phases      ] GC(627)   Other: 0.7ms
[107.844s][info][gc,heap        ] GC(627) Eden regions: 4->0(21)
[107.844s][info][gc,heap        ] GC(627) Survivor regions: 5->4(4)
[107.844s][info][gc,heap        ] GC(627) Old regions: 338->345
[107.844s][info][gc,heap        ] GC(627) Humongous regions: 55->55
[107.844s][info][gc,metaspace   ] GC(627) Metaspace: 14600K->14600K(31744K)
[107.844s][info][gc             ] GC(627) Pause Young (G1 Humongous Allocation) 396M->399M(512M) 65.223ms
[107.844s][info][gc,cpu         ] GC(627) User=0.41s Sys=0.03s Real=0.07s
[107.847s][info][gc,start       ] GC(628) Pause Full (Allocation Failure)
[107.849s][info][gc,phases,start] GC(628) Phase 1: Mark live objects
[107.862s][info][gc,stringtable ] GC(628) Cleaned string and symbol table, strings: 7254 processed, 19 removed, symbols: 48811 processed, 0 removed
[107.862s][info][gc,phases      ] GC(628) Phase 1: Mark live objects 12.854ms
[107.862s][info][gc,phases,start] GC(628) Phase 2: Prepare for compaction
[107.864s][info][gc,phases      ] GC(628) Phase 2: Prepare for compaction 2.210ms
[107.864s][info][gc,phases,start] GC(628) Phase 3: Adjust pointers and remembered sets
[107.873s][info][gc,phases      ] GC(628) Phase 3: Adjust pointers and remembered sets 8.518ms
[107.873s][info][gc,phases,start] GC(628) Phase 4: Compact heap
[107.875s][info][gc,phases      ] GC(628) Phase 4: Compact heap 1.837ms
[107.877s][info][gc,heap        ] GC(628) Eden regions: 0->0(84)
[107.877s][info][gc,heap        ] GC(628) Survivor regions: 4->0(4)
[107.877s][info][gc,heap        ] GC(628) Old regions: 345->9
[107.877s][info][gc,heap        ] GC(628) Humongous regions: 55->0
[107.877s][info][gc,metaspace   ] GC(628) Metaspace: 14600K->14600K(31744K)
[107.877s][info][gc             ] GC(628) Pause Full (Allocation Failure) 399M->4M(512M) 29.777ms
[107.878s][info][gc,cpu         ] GC(628) User=0.20s Sys=0.00s Real=0.03s
[107.878s][info][gc,marking     ] GC(624) Concurrent Mark From Roots 442.736ms
[107.878s][info][gc,marking     ] GC(624) Concurrent Mark Abort
[107.878s][info][gc             ] GC(624) Concurrent Cycle 486.400ms
[108.015s][info][gc,start       ] GC(629) Pause Young (G1 Evacuation Pause)
[108.016s][info][gc,task        ] GC(629) Using 8 workers of 8 for evacuation
[108.158s][info][gc,phases      ] GC(629)   Pre Evacuate Collection Set: 0.1ms
[108.158s][info][gc,phases      ] GC(629)   Evacuate Collection Set: 139.3ms
[108.158s][info][gc,phases      ] GC(629)   Post Evacuate Collection Set: 2.1ms
[108.158s][info][gc,phases      ] GC(629)   Other: 0.8ms
[108.158s][info][gc,heap        ] GC(629) Eden regions: 84->0(82)
[108.158s][info][gc,heap        ] GC(629) Survivor regions: 0->11(11)
[108.158s][info][gc,heap        ] GC(629) Old regions: 9->83
[108.158s][info][gc,heap        ] GC(629) Humongous regions: 56->56
[108.158s][info][gc,metaspace   ] GC(629) Metaspace: 14600K->14600K(31744K)
[108.158s][info][gc             ] GC(629) Pause Young (G1 Evacuation Pause) 144M->145M(512M) 142.596ms
[108.158s][info][gc,cpu         ] GC(629) User=1.03s Sys=0.02s Real=0.14s
[108.295s][info][gc,start       ] GC(630) Pause Young (G1 Evacuation Pause)
[108.295s][info][gc,task        ] GC(630) Using 8 workers of 8 for evacuation
[108.507s][info][gc,mmu         ] GC(630) MMU target violated: 201.0ms (200.0ms/201.0ms)
[108.507s][info][gc,phases      ] GC(630)   Pre Evacuate Collection Set: 0.1ms
[108.507s][info][gc,phases      ] GC(630)   Evacuate Collection Set: 208.9ms
[108.507s][info][gc,phases      ] GC(630)   Post Evacuate Collection Set: 1.7ms
[108.507s][info][gc,phases      ] GC(630)   Other: 1.8ms
[108.507s][info][gc,heap        ] GC(630) Eden regions: 80->0(71)
[108.507s][info][gc,heap        ] GC(630) Survivor regions: 11->12(12)
[108.507s][info][gc,heap        ] GC(630) Old regions: 83->164
[108.507s][info][gc,heap        ] GC(630) Humongous regions: 56->56
[108.507s][info][gc,metaspace   ] GC(630) Metaspace: 14600K->14600K(31744K)
[108.508s][info][gc             ] GC(630) Pause Young (G1 Evacuation Pause) 225M->227M(512M) 212.453ms
[108.508s][info][gc,cpu         ] GC(630) User=1.47s Sys=0.08s Real=0.20s
[108.589s][info][gc,start       ] GC(631) Pause Young (G1 Evacuation Pause)
[108.589s][info][gc,task        ] GC(631) Using 8 workers of 8 for evacuation
[108.737s][info][gc,phases      ] GC(631)   Pre Evacuate Collection Set: 0.0ms
[108.737s][info][gc,phases      ] GC(631)   Evacuate Collection Set: 146.2ms
[108.737s][info][gc,phases      ] GC(631)   Post Evacuate Collection Set: 1.3ms
[108.737s][info][gc,phases      ] GC(631)   Other: 0.8ms
[108.738s][info][gc,heap        ] GC(631) Eden regions: 71->0(48)
[108.738s][info][gc,heap        ] GC(631) Survivor regions: 12->11(11)
[108.738s][info][gc,heap        ] GC(631) Old regions: 164->238
[108.738s][info][gc,heap        ] GC(631) Humongous regions: 56->56
[108.738s][info][gc,metaspace   ] GC(631) Metaspace: 14600K->14600K(31744K)
[108.738s][info][gc             ] GC(631) Pause Young (G1 Evacuation Pause) 298M->300M(512M) 149.262ms
[108.738s][info][gc,cpu         ] GC(631) User=1.20s Sys=0.00s Real=0.16s
[108.839s][info][gc,start       ] GC(632) Pause Initial Mark (G1 Evacuation Pause)
[108.839s][info][gc,task        ] GC(632) Using 8 workers of 8 for evacuation
[108.960s][info][gc,phases      ] GC(632)   Pre Evacuate Collection Set: 0.1ms
[108.960s][info][gc,phases      ] GC(632)   Evacuate Collection Set: 119.4ms
[108.960s][info][gc,phases      ] GC(632)   Post Evacuate Collection Set: 1.2ms
[108.960s][info][gc,phases      ] GC(632)   Other: 0.8ms
[108.960s][info][gc,heap        ] GC(632) Eden regions: 48->0(32)
[108.960s][info][gc,heap        ] GC(632) Survivor regions: 11->8(8)
[108.960s][info][gc,heap        ] GC(632) Old regions: 238->291
[108.960s][info][gc,heap        ] GC(632) Humongous regions: 56->56
[108.960s][info][gc,metaspace   ] GC(632) Metaspace: 14600K->14600K(31744K)
[108.960s][info][gc             ] GC(632) Pause Initial Mark (G1 Evacuation Pause) 348M->350M(512M) 121.797ms
[108.960s][info][gc,cpu         ] GC(632) User=0.84s Sys=0.03s Real=0.13s
[108.961s][info][gc             ] GC(633) Concurrent Cycle
[108.961s][info][gc,marking     ] GC(633) Concurrent Clear Claimed Marks
[108.961s][info][gc,marking     ] GC(633) Concurrent Clear Claimed Marks 0.091ms
[108.961s][info][gc,marking     ] GC(633) Concurrent Scan Root Regions
[108.968s][info][gc,marking     ] GC(633) Concurrent Scan Root Regions 7.174ms
[108.968s][info][gc,marking     ] GC(633) Concurrent Mark (108.968s)
[108.968s][info][gc,marking     ] GC(633) Concurrent Mark From Roots
[108.968s][info][gc,task        ] GC(633) Using 2 workers of 2 for marking
[109.027s][info][gc,start       ] GC(634) Pause Young (G1 Evacuation Pause)
[109.027s][info][gc,task        ] GC(634) Using 8 workers of 8 for evacuation
[109.112s][info][gc,phases      ] GC(634)   Pre Evacuate Collection Set: 0.0ms
[109.112s][info][gc,phases      ] GC(634)   Evacuate Collection Set: 82.3ms
[109.112s][info][gc,phases      ] GC(634)   Post Evacuate Collection Set: 1.6ms
[109.112s][info][gc,phases      ] GC(634)   Other: 0.6ms
[109.112s][info][gc,heap        ] GC(634) Eden regions: 32->0(22)
[109.112s][info][gc,heap        ] GC(634) Survivor regions: 8->5(5)
[109.112s][info][gc,heap        ] GC(634) Old regions: 291->328
[109.112s][info][gc,heap        ] GC(634) Humongous regions: 56->56
[109.112s][info][gc,metaspace   ] GC(634) Metaspace: 14600K->14600K(31744K)
[109.112s][info][gc             ] GC(634) Pause Young (G1 Evacuation Pause) 382M->384M(512M) 85.053ms
[109.112s][info][gc,cpu         ] GC(634) User=0.73s Sys=0.00s Real=0.09s
[109.199s][info][gc,start       ] GC(635) Pause Young (G1 Evacuation Pause)
[109.199s][info][gc,task        ] GC(635) Using 8 workers of 8 for evacuation
[109.264s][info][gc,phases      ] GC(635)   Pre Evacuate Collection Set: 0.0ms
[109.264s][info][gc,phases      ] GC(635)   Evacuate Collection Set: 64.0ms
[109.265s][info][gc,phases      ] GC(635)   Post Evacuate Collection Set: 0.8ms
[109.265s][info][gc,phases      ] GC(635)   Other: 0.6ms
[109.265s][info][gc,heap        ] GC(635) Eden regions: 22->0(21)
[109.265s][info][gc,heap        ] GC(635) Survivor regions: 5->4(4)
[109.265s][info][gc,heap        ] GC(635) Old regions: 328->353
[109.265s][info][gc,heap        ] GC(635) Humongous regions: 112->112
[109.265s][info][gc,metaspace   ] GC(635) Metaspace: 14600K->14600K(31744K)
[109.265s][info][gc             ] GC(635) Pause Young (G1 Evacuation Pause) 462M->464M(512M) 65.955ms
[109.265s][info][gc,cpu         ] GC(635) User=0.30s Sys=0.08s Real=0.07s
[109.296s][info][gc,start       ] GC(636) Pause Young (G1 Evacuation Pause)
[109.296s][info][gc,task        ] GC(636) Using 8 workers of 8 for evacuation
[109.379s][info][gc             ] GC(636) To-space exhausted
[109.379s][info][gc,phases      ] GC(636)   Pre Evacuate Collection Set: 0.0ms
[109.379s][info][gc,phases      ] GC(636)   Evacuate Collection Set: 74.4ms
[109.379s][info][gc,phases      ] GC(636)   Post Evacuate Collection Set: 7.7ms
[109.379s][info][gc,phases      ] GC(636)   Other: 0.8ms
[109.379s][info][gc,heap        ] GC(636) Eden regions: 21->0(21)
[109.379s][info][gc,heap        ] GC(636) Survivor regions: 4->4(4)
[109.379s][info][gc,heap        ] GC(636) Old regions: 353->381
[109.379s][info][gc,heap        ] GC(636) Humongous regions: 112->112
[109.379s][info][gc,metaspace   ] GC(636) Metaspace: 14600K->14600K(31744K)
[109.380s][info][gc             ] GC(636) Pause Young (G1 Evacuation Pause) 485M->492M(512M) 83.445ms
[109.380s][info][gc,cpu         ] GC(636) User=0.72s Sys=0.00s Real=0.10s
[109.399s][info][gc,start       ] GC(637) Pause Young (G1 Evacuation Pause)
[109.399s][info][gc,task        ] GC(637) Using 8 workers of 8 for evacuation
[109.514s][info][gc             ] GC(637) To-space exhausted
[109.514s][info][gc,phases      ] GC(637)   Pre Evacuate Collection Set: 0.0ms
[109.514s][info][gc,phases      ] GC(637)   Evacuate Collection Set: 92.1ms
[109.514s][info][gc,phases      ] GC(637)   Post Evacuate Collection Set: 22.3ms
[109.514s][info][gc,phases      ] GC(637)   Other: 0.7ms
[109.514s][info][gc,heap        ] GC(637) Eden regions: 15->0(25)
[109.514s][info][gc,heap        ] GC(637) Survivor regions: 4->0(4)
[109.514s][info][gc,heap        ] GC(637) Old regions: 381->400
[109.514s][info][gc,heap        ] GC(637) Humongous regions: 112->112
[109.515s][info][gc,metaspace   ] GC(637) Metaspace: 14606K->14606K(31744K)
[109.515s][info][gc             ] GC(637) Pause Young (G1 Evacuation Pause) 507M->507M(512M) 115.761ms
[109.515s][info][gc,cpu         ] GC(637) User=0.52s Sys=0.03s Real=0.11s
[109.516s][info][gc,start       ] GC(638) Pause Young (G1 Evacuation Pause)
[109.516s][info][gc,task        ] GC(638) Using 8 workers of 8 for evacuation
[109.538s][info][gc,phases      ] GC(638)   Pre Evacuate Collection Set: 0.0ms
[109.538s][info][gc,phases      ] GC(638)   Evacuate Collection Set: 21.8ms
[109.539s][info][gc,phases      ] GC(638)   Post Evacuate Collection Set: 0.5ms
[109.539s][info][gc,phases      ] GC(638)   Other: 0.5ms
[109.539s][info][gc,heap        ] GC(638) Eden regions: 0->0(25)
[109.539s][info][gc,heap        ] GC(638) Survivor regions: 0->0(4)
[109.539s][info][gc,heap        ] GC(638) Old regions: 400->400
[109.539s][info][gc,heap        ] GC(638) Humongous regions: 112->112
[109.539s][info][gc,metaspace   ] GC(638) Metaspace: 14606K->14606K(31744K)
[109.539s][info][gc             ] GC(638) Pause Young (G1 Evacuation Pause) 507M->507M(512M) 23.437ms
[109.539s][info][gc,cpu         ] GC(638) User=0.25s Sys=0.00s Real=0.03s
[109.540s][info][gc,start       ] GC(639) Pause Full (Allocation Failure)
[109.542s][info][gc,phases,start] GC(639) Phase 1: Mark live objects
[109.682s][info][gc,stringtable ] GC(639) Cleaned string and symbol table, strings: 7272 processed, 21 removed, symbols: 48811 processed, 0 removed
[109.682s][info][gc,phases      ] GC(639) Phase 1: Mark live objects 140.210ms
[109.682s][info][gc,phases,start] GC(639) Phase 2: Prepare for compaction
[109.696s][info][gc,phases      ] GC(639) Phase 2: Prepare for compaction 13.096ms
[109.696s][info][gc,phases,start] GC(639) Phase 3: Adjust pointers and remembered sets
[109.747s][info][gc,phases      ] GC(639) Phase 3: Adjust pointers and remembered sets 50.609ms
[109.747s][info][gc,phases,start] GC(639) Phase 4: Compact heap
[109.774s][info][gc,phases      ] GC(639) Phase 4: Compact heap 27.431ms
[109.776s][info][gc,heap        ] GC(639) Eden regions: 0->0(100)
[109.776s][info][gc,heap        ] GC(639) Survivor regions: 0->0(4)
[109.776s][info][gc,heap        ] GC(639) Old regions: 400->47
[109.776s][info][gc,heap        ] GC(639) Humongous regions: 112->56
[109.777s][info][gc,metaspace   ] GC(639) Metaspace: 14606K->14606K(31744K)
[109.777s][info][gc             ] GC(639) Pause Full (Allocation Failure) 507M->100M(512M) 236.565ms
[109.777s][info][gc,cpu         ] GC(639) User=1.25s Sys=0.02s Real=0.23s
[109.778s][info][gc,marking     ] GC(633) Concurrent Mark From Roots 809.414ms
[109.778s][info][gc,marking     ] GC(633) Concurrent Mark Abort
[109.778s][info][gc             ] GC(633) Concurrent Cycle 817.222ms
[109.882s][info][gc,start       ] GC(640) Pause Young (G1 Evacuation Pause)
[109.882s][info][gc,task        ] GC(640) Using 8 workers of 8 for evacuation
[110.117s][info][gc,mmu         ] GC(640) MMU target violated: 201.0ms (200.0ms/201.0ms)
[110.117s][info][gc,phases      ] GC(640)   Pre Evacuate Collection Set: 0.0ms
[110.117s][info][gc,phases      ] GC(640)   Evacuate Collection Set: 232.7ms
[110.117s][info][gc,phases      ] GC(640)   Post Evacuate Collection Set: 1.4ms
[110.117s][info][gc,phases      ] GC(640)   Other: 1.3ms
[110.117s][info][gc,heap        ] GC(640) Eden regions: 100->0(80)
[110.117s][info][gc,heap        ] GC(640) Survivor regions: 0->13(13)
[110.117s][info][gc,heap        ] GC(640) Old regions: 47->134
[110.118s][info][gc,heap        ] GC(640) Humongous regions: 56->56
[110.118s][info][gc,metaspace   ] GC(640) Metaspace: 14606K->14606K(31744K)
[110.127s][info][gc             ] GC(640) Pause Young (G1 Evacuation Pause) 200M->200M(512M) 245.095ms
[110.127s][info][gc,cpu         ] GC(640) User=1.84s Sys=0.02s Real=0.23s
[110.293s][info][gc,start       ] GC(641) Pause Young (G1 Evacuation Pause)
[110.293s][info][gc,task        ] GC(641) Using 8 workers of 8 for evacuation
[110.472s][info][gc,phases      ] GC(641)   Pre Evacuate Collection Set: 0.1ms
[110.472s][info][gc,phases      ] GC(641)   Evacuate Collection Set: 176.5ms
[110.472s][info][gc,phases      ] GC(641)   Post Evacuate Collection Set: 1.8ms
[110.472s][info][gc,phases      ] GC(641)   Other: 0.7ms
[110.472s][info][gc,heap        ] GC(641) Eden regions: 80->0(54)
[110.472s][info][gc,heap        ] GC(641) Survivor regions: 13->12(12)
[110.472s][info][gc,heap        ] GC(641) Old regions: 134->217
[110.472s][info][gc,heap        ] GC(641) Humongous regions: 56->56
[110.472s][info][gc,metaspace   ] GC(641) Metaspace: 14606K->14606K(31744K)
[110.473s][info][gc             ] GC(641) Pause Young (G1 Evacuation Pause) 280M->281M(512M) 179.738ms
[110.473s][info][gc,cpu         ] GC(641) User=1.38s Sys=0.05s Real=0.19s
[110.568s][info][gc,start       ] GC(642) Pause Initial Mark (G1 Evacuation Pause)
[110.568s][info][gc,task        ] GC(642) Using 8 workers of 8 for evacuation
[110.695s][info][gc,phases      ] GC(642)   Pre Evacuate Collection Set: 0.1ms
[110.696s][info][gc,phases      ] GC(642)   Evacuate Collection Set: 125.8ms
[110.696s][info][gc,phases      ] GC(642)   Post Evacuate Collection Set: 1.2ms
[110.696s][info][gc,phases      ] GC(642)   Other: 0.7ms
[110.696s][info][gc,heap        ] GC(642) Eden regions: 54->0(37)
[110.696s][info][gc,heap        ] GC(642) Survivor regions: 12->9(9)
[110.696s][info][gc,heap        ] GC(642) Old regions: 217->276
[110.696s][info][gc,heap        ] GC(642) Humongous regions: 56->56
[110.696s][info][gc,metaspace   ] GC(642) Metaspace: 14606K->14606K(31744K)
[110.696s][info][gc             ] GC(642) Pause Initial Mark (G1 Evacuation Pause) 335M->337M(512M) 128.440ms
[110.696s][info][gc,cpu         ] GC(642) User=0.89s Sys=0.00s Real=0.13s
[110.696s][info][gc             ] GC(643) Concurrent Cycle
[110.697s][info][gc,marking     ] GC(643) Concurrent Clear Claimed Marks
[110.697s][info][gc,marking     ] GC(643) Concurrent Clear Claimed Marks 0.077ms
[110.697s][info][gc,marking     ] GC(643) Concurrent Scan Root Regions
[110.728s][info][gc,marking     ] GC(643) Concurrent Scan Root Regions 31.594ms
[110.729s][info][gc,marking     ] GC(643) Concurrent Mark (110.729s)
[110.729s][info][gc,marking     ] GC(643) Concurrent Mark From Roots
[110.729s][info][gc,task        ] GC(643) Using 2 workers of 2 for marking
[110.764s][info][gc,start       ] GC(644) Pause Young (G1 Evacuation Pause)
[110.764s][info][gc,task        ] GC(644) Using 8 workers of 8 for evacuation
[110.877s][info][gc,phases      ] GC(644)   Pre Evacuate Collection Set: 0.1ms
[110.877s][info][gc,phases      ] GC(644)   Evacuate Collection Set: 109.7ms
[110.878s][info][gc,phases      ] GC(644)   Post Evacuate Collection Set: 1.6ms
[110.878s][info][gc,phases      ] GC(644)   Other: 1.9ms
[110.878s][info][gc,heap        ] GC(644) Eden regions: 37->0(25)
[110.878s][info][gc,heap        ] GC(644) Survivor regions: 9->6(6)
[110.878s][info][gc,heap        ] GC(644) Old regions: 276->318
[110.878s][info][gc,heap        ] GC(644) Humongous regions: 56->56
[110.878s][info][gc,metaspace   ] GC(644) Metaspace: 14607K->14607K(31744K)
[110.878s][info][gc             ] GC(644) Pause Young (G1 Evacuation Pause) 374M->376M(512M) 113.935ms
[110.878s][info][gc,cpu         ] GC(644) User=0.81s Sys=0.06s Real=0.13s
[110.984s][info][gc,start       ] GC(645) Pause Young (G1 Evacuation Pause)
[110.984s][info][gc,task        ] GC(645) Using 8 workers of 8 for evacuation
[111.041s][info][gc,phases      ] GC(645)   Pre Evacuate Collection Set: 0.0ms
[111.041s][info][gc,phases      ] GC(645)   Evacuate Collection Set: 52.7ms
[111.041s][info][gc,phases      ] GC(645)   Post Evacuate Collection Set: 3.2ms
[111.041s][info][gc,phases      ] GC(645)   Other: 0.7ms
[111.041s][info][gc,heap        ] GC(645) Eden regions: 25->0(21)
[111.041s][info][gc,heap        ] GC(645) Survivor regions: 6->4(4)
[111.041s][info][gc,heap        ] GC(645) Old regions: 318->346
[111.041s][info][gc,heap        ] GC(645) Humongous regions: 113->113
[111.041s][info][gc,metaspace   ] GC(645) Metaspace: 14607K->14607K(31744K)
[111.041s][info][gc             ] GC(645) Pause Young (G1 Evacuation Pause) 458M->460M(512M) 56.896ms
[111.041s][info][gc,cpu         ] GC(645) User=0.39s Sys=0.03s Real=0.07s
[111.069s][info][gc,start       ] GC(646) Pause Young (G1 Evacuation Pause)
[111.069s][info][gc,task        ] GC(646) Using 8 workers of 8 for evacuation
[111.119s][info][gc,phases      ] GC(646)   Pre Evacuate Collection Set: 0.0ms
[111.120s][info][gc,phases      ] GC(646)   Evacuate Collection Set: 49.1ms
[111.120s][info][gc,phases      ] GC(646)   Post Evacuate Collection Set: 0.8ms
[111.120s][info][gc,phases      ] GC(646)   Other: 0.6ms
[111.120s][info][gc,heap        ] GC(646) Eden regions: 21->0(21)
[111.120s][info][gc,heap        ] GC(646) Survivor regions: 4->4(4)
[111.120s][info][gc,heap        ] GC(646) Old regions: 346->369
[111.120s][info][gc,heap        ] GC(646) Humongous regions: 113->113
[111.120s][info][gc,metaspace   ] GC(646) Metaspace: 14607K->14607K(31744K)
[111.120s][info][gc             ] GC(646) Pause Young (G1 Evacuation Pause) 481M->482M(512M) 51.329ms
[111.120s][info][gc,cpu         ] GC(646) User=0.38s Sys=0.03s Real=0.07s
[111.143s][info][gc,start       ] GC(647) Pause Young (G1 Evacuation Pause)
[111.143s][info][gc,task        ] GC(647) Using 8 workers of 8 for evacuation
[111.270s][info][gc             ] GC(647) To-space exhausted
[111.270s][info][gc,phases      ] GC(647)   Pre Evacuate Collection Set: 0.1ms
[111.270s][info][gc,phases      ] GC(647)   Evacuate Collection Set: 89.2ms
[111.270s][info][gc,phases      ] GC(647)   Post Evacuate Collection Set: 36.8ms
[111.270s][info][gc,phases      ] GC(647)   Other: 0.8ms
[111.270s][info][gc,heap        ] GC(647) Eden regions: 21->0(24)
[111.270s][info][gc,heap        ] GC(647) Survivor regions: 4->1(4)
[111.270s][info][gc,heap        ] GC(647) Old regions: 369->396
[111.270s][info][gc,heap        ] GC(647) Humongous regions: 113->113
[111.270s][info][gc,metaspace   ] GC(647) Metaspace: 14607K->14607K(31744K)
[111.270s][info][gc             ] GC(647) Pause Young (G1 Evacuation Pause) 503M->507M(512M) 127.427ms
[111.270s][info][gc,cpu         ] GC(647) User=0.75s Sys=0.00s Real=0.13s
[111.290s][info][gc,start       ] GC(648) Pause Young (G1 Evacuation Pause)
[111.290s][info][gc,task        ] GC(648) Using 8 workers of 8 for evacuation
[111.334s][info][gc             ] GC(648) To-space exhausted
[111.334s][info][gc,phases      ] GC(648)   Pre Evacuate Collection Set: 0.0ms
[111.334s][info][gc,phases      ] GC(648)   Evacuate Collection Set: 31.6ms
[111.334s][info][gc,phases      ] GC(648)   Post Evacuate Collection Set: 12.0ms
[111.334s][info][gc,phases      ] GC(648)   Other: 0.6ms
[111.334s][info][gc,heap        ] GC(648) Eden regions: 2->0(25)
[111.334s][info][gc,heap        ] GC(648) Survivor regions: 1->0(4)
[111.334s][info][gc,heap        ] GC(648) Old regions: 396->399
[111.334s][info][gc,heap        ] GC(648) Humongous regions: 113->113
[111.334s][info][gc,metaspace   ] GC(648) Metaspace: 14607K->14607K(31744K)
[111.334s][info][gc             ] GC(648) Pause Young (G1 Evacuation Pause) 509M->509M(512M) 44.612ms
[111.334s][info][gc,cpu         ] GC(648) User=0.25s Sys=0.00s Real=0.02s
[111.336s][info][gc,start       ] GC(649) Pause Young (G1 Evacuation Pause)
[111.336s][info][gc,task        ] GC(649) Using 8 workers of 8 for evacuation
[111.340s][info][gc,phases      ] GC(649)   Pre Evacuate Collection Set: 0.0ms
[111.340s][info][gc,phases      ] GC(649)   Evacuate Collection Set: 3.5ms
[111.340s][info][gc,phases      ] GC(649)   Post Evacuate Collection Set: 0.7ms
[111.340s][info][gc,phases      ] GC(649)   Other: 0.4ms
[111.340s][info][gc,heap        ] GC(649) Eden regions: 0->0(25)
[111.340s][info][gc,heap        ] GC(649) Survivor regions: 0->0(4)
[111.340s][info][gc,heap        ] GC(649) Old regions: 399->399
[111.340s][info][gc,heap        ] GC(649) Humongous regions: 113->113
[111.341s][info][gc,metaspace   ] GC(649) Metaspace: 14607K->14607K(31744K)
[111.341s][info][gc             ] GC(649) Pause Young (G1 Evacuation Pause) 509M->509M(512M) 5.090ms
[111.341s][info][gc,cpu         ] GC(649) User=0.06s Sys=0.03s Real=0.03s
[111.342s][info][gc,start       ] GC(650) Pause Full (Allocation Failure)
[111.345s][info][gc,phases,start] GC(650) Phase 1: Mark live objects
[111.527s][info][gc,stringtable ] GC(650) Cleaned string and symbol table, strings: 7271 processed, 19 removed, symbols: 48811 processed, 0 removed
[111.528s][info][gc,phases      ] GC(650) Phase 1: Mark live objects 182.603ms
[111.528s][info][gc,phases,start] GC(650) Phase 2: Prepare for compaction
[111.539s][info][gc,phases      ] GC(650) Phase 2: Prepare for compaction 11.266ms
[111.539s][info][gc,phases,start] GC(650) Phase 3: Adjust pointers and remembered sets
[111.579s][info][gc,phases      ] GC(650) Phase 3: Adjust pointers and remembered sets 40.063ms
[111.579s][info][gc,phases,start] GC(650) Phase 4: Compact heap
[111.616s][info][gc,phases      ] GC(650) Phase 4: Compact heap 37.175ms
[111.619s][info][gc,heap        ] GC(650) Eden regions: 0->0(103)
[111.619s][info][gc,heap        ] GC(650) Survivor regions: 0->0(4)
[111.619s][info][gc,heap        ] GC(650) Old regions: 399->52
[111.619s][info][gc,heap        ] GC(650) Humongous regions: 113->57
[111.619s][info][gc,metaspace   ] GC(650) Metaspace: 14607K->14607K(31744K)
[111.619s][info][gc             ] GC(650) Pause Full (Allocation Failure) 509M->105M(512M) 277.020ms
[111.620s][info][gc,cpu         ] GC(650) User=1.20s Sys=0.03s Real=0.28s
[111.620s][info][gc,marking     ] GC(643) Concurrent Mark From Roots 890.721ms
[111.620s][info][gc,marking     ] GC(643) Concurrent Mark Abort
[111.620s][info][gc             ] GC(643) Concurrent Cycle 923.645ms
[111.711s][info][gc,start       ] GC(651) Pause Young (G1 Evacuation Pause)
[111.711s][info][gc,task        ] GC(651) Using 8 workers of 8 for evacuation
[111.911s][info][gc,phases      ] GC(651)   Pre Evacuate Collection Set: 0.1ms
[111.911s][info][gc,phases      ] GC(651)   Evacuate Collection Set: 197.2ms
[111.911s][info][gc,phases      ] GC(651)   Post Evacuate Collection Set: 1.4ms
[111.911s][info][gc,phases      ] GC(651)   Other: 0.8ms
[111.911s][info][gc,heap        ] GC(651) Eden regions: 103->0(78)
[111.911s][info][gc,heap        ] GC(651) Survivor regions: 0->13(13)
[111.911s][info][gc,heap        ] GC(651) Old regions: 52->142
[111.911s][info][gc,heap        ] GC(651) Humongous regions: 57->57
[111.912s][info][gc,metaspace   ] GC(651) Metaspace: 14610K->14610K(31744K)
[111.913s][info][gc             ] GC(651) Pause Young (G1 Evacuation Pause) 208M->208M(512M) 201.452ms
[111.913s][info][gc,cpu         ] GC(651) User=1.36s Sys=0.11s Real=0.20s
[112.071s][info][gc,start       ] GC(652) Pause Young (G1 Evacuation Pause)
[112.071s][info][gc,task        ] GC(652) Using 8 workers of 8 for evacuation
[112.328s][info][gc,mmu         ] GC(652) MMU target violated: 201.0ms (200.0ms/201.0ms)
[112.328s][info][gc,phases      ] GC(652)   Pre Evacuate Collection Set: 0.1ms
[112.328s][info][gc,phases      ] GC(652)   Evacuate Collection Set: 255.0ms
[112.328s][info][gc,phases      ] GC(652)   Post Evacuate Collection Set: 1.8ms
[112.328s][info][gc,phases      ] GC(652)   Other: 0.7ms
[112.328s][info][gc,heap        ] GC(652) Eden regions: 78->0(52)
[112.328s][info][gc,heap        ] GC(652) Survivor regions: 13->12(12)
[112.328s][info][gc,heap        ] GC(652) Old regions: 142->223
[112.328s][info][gc,heap        ] GC(652) Humongous regions: 57->57
[112.328s][info][gc,metaspace   ] GC(652) Metaspace: 14610K->14610K(31744K)
[112.328s][info][gc             ] GC(652) Pause Young (G1 Evacuation Pause) 286M->288M(512M) 257.835ms
[112.329s][info][gc,cpu         ] GC(652) User=1.44s Sys=0.09s Real=0.28s
[112.428s][info][gc,start       ] GC(653) Pause Initial Mark (G1 Evacuation Pause)
[112.428s][info][gc,task        ] GC(653) Using 8 workers of 8 for evacuation
[112.620s][info][gc,phases      ] GC(653)   Pre Evacuate Collection Set: 0.1ms
[112.620s][info][gc,phases      ] GC(653)   Evacuate Collection Set: 188.8ms
[112.620s][info][gc,phases      ] GC(653)   Post Evacuate Collection Set: 2.1ms
[112.620s][info][gc,phases      ] GC(653)   Other: 0.6ms
[112.620s][info][gc,heap        ] GC(653) Eden regions: 52->0(35)
[112.620s][info][gc,heap        ] GC(653) Survivor regions: 12->8(8)
[112.620s][info][gc,heap        ] GC(653) Old regions: 223->280
[112.620s][info][gc,heap        ] GC(653) Humongous regions: 57->57
[112.620s][info][gc,metaspace   ] GC(653) Metaspace: 14611K->14611K(31744K)
[112.620s][info][gc             ] GC(653) Pause Initial Mark (G1 Evacuation Pause) 340M->341M(512M) 192.006ms
[112.620s][info][gc,cpu         ] GC(653) User=1.27s Sys=0.20s Real=0.19s
[112.620s][info][gc             ] GC(654) Concurrent Cycle
[112.620s][info][gc,marking     ] GC(654) Concurrent Clear Claimed Marks
[112.620s][info][gc,marking     ] GC(654) Concurrent Clear Claimed Marks 0.094ms
[112.620s][info][gc,marking     ] GC(654) Concurrent Scan Root Regions
[112.646s][info][gc,marking     ] GC(654) Concurrent Scan Root Regions 25.595ms
[112.646s][info][gc,marking     ] GC(654) Concurrent Mark (112.646s)
[112.646s][info][gc,marking     ] GC(654) Concurrent Mark From Roots
[112.646s][info][gc,task        ] GC(654) Using 2 workers of 2 for marking
[112.692s][info][gc,start       ] GC(655) Pause Young (G1 Evacuation Pause)
[112.692s][info][gc,task        ] GC(655) Using 8 workers of 8 for evacuation
[112.800s][info][gc,phases      ] GC(655)   Pre Evacuate Collection Set: 0.1ms
[112.801s][info][gc,phases      ] GC(655)   Evacuate Collection Set: 105.7ms
[112.801s][info][gc,phases      ] GC(655)   Post Evacuate Collection Set: 2.2ms
[112.801s][info][gc,phases      ] GC(655)   Other: 0.7ms
[112.801s][info][gc,heap        ] GC(655) Eden regions: 35->0(24)
[112.801s][info][gc,heap        ] GC(655) Survivor regions: 8->6(6)
[112.801s][info][gc,heap        ] GC(655) Old regions: 280->319
[112.801s][info][gc,heap        ] GC(655) Humongous regions: 57->57
[112.801s][info][gc,metaspace   ] GC(655) Metaspace: 14611K->14611K(31744K)
[112.801s][info][gc             ] GC(655) Pause Young (G1 Evacuation Pause) 376M->378M(512M) 109.154ms
[112.801s][info][gc,cpu         ] GC(655) User=0.88s Sys=0.00s Real=0.11s
[112.839s][info][gc,start       ] GC(656) Pause Young (G1 Evacuation Pause)
[112.839s][info][gc,task        ] GC(656) Using 8 workers of 8 for evacuation
[112.926s][info][gc,phases      ] GC(656)   Pre Evacuate Collection Set: 0.0ms
[112.927s][info][gc,phases      ] GC(656)   Evacuate Collection Set: 85.1ms
[112.927s][info][gc,phases      ] GC(656)   Post Evacuate Collection Set: 1.3ms
[112.928s][info][gc,phases      ] GC(656)   Other: 0.6ms
[112.928s][info][gc,heap        ] GC(656) Eden regions: 24->0(21)
[112.928s][info][gc,heap        ] GC(656) Survivor regions: 6->4(4)
[112.928s][info][gc,heap        ] GC(656) Old regions: 319->347
[112.928s][info][gc,heap        ] GC(656) Humongous regions: 57->57
[112.928s][info][gc,metaspace   ] GC(656) Metaspace: 14611K->14611K(31744K)
[112.928s][info][gc             ] GC(656) Pause Young (G1 Evacuation Pause) 402M->404M(512M) 89.580ms
[112.929s][info][gc,cpu         ] GC(656) User=0.48s Sys=0.00s Real=0.06s
[113.059s][info][gc,start       ] GC(657) Pause Young (G1 Evacuation Pause)
[113.059s][info][gc,task        ] GC(657) Using 8 workers of 8 for evacuation
[113.108s][info][gc             ] GC(657) To-space exhausted
[113.108s][info][gc,phases      ] GC(657)   Pre Evacuate Collection Set: 0.0ms
[113.108s][info][gc,phases      ] GC(657)   Evacuate Collection Set: 43.3ms
[113.108s][info][gc,phases      ] GC(657)   Post Evacuate Collection Set: 5.5ms
[113.108s][info][gc,phases      ] GC(657)   Other: 0.7ms
[113.108s][info][gc,heap        ] GC(657) Eden regions: 21->0(21)
[113.108s][info][gc,heap        ] GC(657) Survivor regions: 4->4(4)
[113.108s][info][gc,heap        ] GC(657) Old regions: 347->371
[113.108s][info][gc,heap        ] GC(657) Humongous regions: 114->114
[113.108s][info][gc,metaspace   ] GC(657) Metaspace: 14611K->14611K(31744K)
[113.108s][info][gc             ] GC(657) Pause Young (G1 Evacuation Pause) 482M->485M(512M) 49.749ms
[113.108s][info][gc,cpu         ] GC(657) User=0.23s Sys=0.00s Real=0.06s
[113.130s][info][gc,start       ] GC(658) Pause Young (G1 Evacuation Pause)
[113.130s][info][gc,task        ] GC(658) Using 8 workers of 8 for evacuation
[113.285s][info][gc             ] GC(658) To-space exhausted
[113.285s][info][gc,phases      ] GC(658)   Pre Evacuate Collection Set: 0.0ms
[113.285s][info][gc,phases      ] GC(658)   Evacuate Collection Set: 112.1ms
[113.285s][info][gc,phases      ] GC(658)   Post Evacuate Collection Set: 42.2ms
[113.285s][info][gc,phases      ] GC(658)   Other: 0.7ms
[113.285s][info][gc,heap        ] GC(658) Eden regions: 21->0(25)
[113.285s][info][gc,heap        ] GC(658) Survivor regions: 4->0(4)
[113.285s][info][gc,heap        ] GC(658) Old regions: 371->398
[113.285s][info][gc,heap        ] GC(658) Humongous regions: 114->114
[113.285s][info][gc,metaspace   ] GC(658) Metaspace: 14611K->14611K(31744K)
[113.286s][info][gc             ] GC(658) Pause Young (G1 Evacuation Pause) 506M->508M(512M) 155.623ms
[113.286s][info][gc,cpu         ] GC(658) User=0.81s Sys=0.03s Real=0.15s
[113.288s][info][gc,start       ] GC(659) Pause Young (G1 Evacuation Pause)
[113.288s][info][gc,task        ] GC(659) Using 8 workers of 8 for evacuation
[113.333s][info][gc,phases      ] GC(659)   Pre Evacuate Collection Set: 0.0ms
[113.333s][info][gc,phases      ] GC(659)   Evacuate Collection Set: 42.5ms
[113.334s][info][gc,phases      ] GC(659)   Post Evacuate Collection Set: 2.0ms
[113.334s][info][gc,phases      ] GC(659)   Other: 0.6ms
[113.334s][info][gc,heap        ] GC(659) Eden regions: 0->0(25)
[113.334s][info][gc,heap        ] GC(659) Survivor regions: 0->0(4)
[113.334s][info][gc,heap        ] GC(659) Old regions: 398->398
[113.334s][info][gc,heap        ] GC(659) Humongous regions: 114->114
[113.334s][info][gc,metaspace   ] GC(659) Metaspace: 14611K->14611K(31744K)
[113.334s][info][gc             ] GC(659) Pause Young (G1 Evacuation Pause) 508M->508M(512M) 45.734ms
[113.334s][info][gc,cpu         ] GC(659) User=0.23s Sys=0.00s Real=0.05s
[113.335s][info][gc,start       ] GC(660) Pause Full (Allocation Failure)
[113.338s][info][gc,phases,start] GC(660) Phase 1: Mark live objects
[113.469s][info][gc,stringtable ] GC(660) Cleaned string and symbol table, strings: 7271 processed, 19 removed, symbols: 48812 processed, 0 removed
[113.469s][info][gc,phases      ] GC(660) Phase 1: Mark live objects 131.555ms
[113.470s][info][gc,phases,start] GC(660) Phase 2: Prepare for compaction
[113.487s][info][gc,phases      ] GC(660) Phase 2: Prepare for compaction 16.915ms
[113.487s][info][gc,phases,start] GC(660) Phase 3: Adjust pointers and remembered sets
[113.547s][info][gc,phases      ] GC(660) Phase 3: Adjust pointers and remembered sets 60.325ms
[113.547s][info][gc,phases,start] GC(660) Phase 4: Compact heap
[113.573s][info][gc,phases      ] GC(660) Phase 4: Compact heap 25.424ms
[113.575s][info][gc,heap        ] GC(660) Eden regions: 0->0(79)
[113.575s][info][gc,heap        ] GC(660) Survivor regions: 0->0(4)
[113.575s][info][gc,heap        ] GC(660) Old regions: 398->48
[113.575s][info][gc,heap        ] GC(660) Humongous regions: 114->57
[113.576s][info][gc,metaspace   ] GC(660) Metaspace: 14611K->14611K(31744K)
[113.576s][info][gc             ] GC(660) Pause Full (Allocation Failure) 508M->101M(512M) 240.702ms
[113.577s][info][gc,cpu         ] GC(660) User=1.19s Sys=0.00s Real=0.23s
[113.577s][info][gc,marking     ] GC(654) Concurrent Mark From Roots 930.838ms
[113.577s][info][gc,marking     ] GC(654) Concurrent Mark Abort
[113.577s][info][gc             ] GC(654) Concurrent Cycle 956.957ms
[113.650s][info][gc,start       ] GC(661) Pause Young (G1 Evacuation Pause)
[113.650s][info][gc,task        ] GC(661) Using 8 workers of 8 for evacuation
[113.782s][info][gc,phases      ] GC(661)   Pre Evacuate Collection Set: 0.1ms
[113.782s][info][gc,phases      ] GC(661)   Evacuate Collection Set: 129.2ms
[113.782s][info][gc,phases      ] GC(661)   Post Evacuate Collection Set: 1.5ms
[113.782s][info][gc,phases      ] GC(661)   Other: 0.7ms
[113.782s][info][gc,heap        ] GC(661) Eden regions: 79->0(78)
[113.782s][info][gc,heap        ] GC(661) Survivor regions: 0->10(10)
[113.782s][info][gc,heap        ] GC(661) Old regions: 48->117
[113.782s][info][gc,heap        ] GC(661) Humongous regions: 57->57
[113.782s][info][gc,metaspace   ] GC(661) Metaspace: 14611K->14611K(31744K)
[113.783s][info][gc             ] GC(661) Pause Young (G1 Evacuation Pause) 180M->180M(512M) 132.336ms
[113.783s][info][gc,cpu         ] GC(661) User=0.77s Sys=0.00s Real=0.13s
[113.945s][info][gc,start       ] GC(662) Pause Young (G1 Evacuation Pause)
[113.945s][info][gc,task        ] GC(662) Using 8 workers of 8 for evacuation
[114.085s][info][gc,phases      ] GC(662)   Pre Evacuate Collection Set: 0.1ms
[114.086s][info][gc,phases      ] GC(662)   Evacuate Collection Set: 129.0ms
[114.086s][info][gc,phases      ] GC(662)   Post Evacuate Collection Set: 10.9ms
[114.086s][info][gc,phases      ] GC(662)   Other: 0.7ms
[114.086s][info][gc,heap        ] GC(662) Eden regions: 77->0(62)
[114.086s][info][gc,heap        ] GC(662) Survivor regions: 10->11(11)
[114.086s][info][gc,heap        ] GC(662) Old regions: 117->194
[114.086s][info][gc,heap        ] GC(662) Humongous regions: 57->57
[114.086s][info][gc,metaspace   ] GC(662) Metaspace: 14611K->14611K(31744K)
[114.086s][info][gc             ] GC(662) Pause Young (G1 Evacuation Pause) 257M->257M(512M) 141.226ms
[114.086s][info][gc,cpu         ] GC(662) User=1.06s Sys=0.02s Real=0.14s
[114.144s][info][gc,start       ] GC(663) Pause Initial Mark (G1 Evacuation Pause)
[114.144s][info][gc,task        ] GC(663) Using 8 workers of 8 for evacuation
[114.314s][info][gc,phases      ] GC(663)   Pre Evacuate Collection Set: 0.1ms
[114.314s][info][gc,phases      ] GC(663)   Evacuate Collection Set: 165.1ms
[114.314s][info][gc,phases      ] GC(663)   Post Evacuate Collection Set: 3.8ms
[114.314s][info][gc,phases      ] GC(663)   Other: 1.0ms
[114.314s][info][gc,heap        ] GC(663) Eden regions: 62->0(41)
[114.314s][info][gc,heap        ] GC(663) Survivor regions: 11->10(10)
[114.314s][info][gc,heap        ] GC(663) Old regions: 194->259
[114.314s][info][gc,heap        ] GC(663) Humongous regions: 57->57
[114.314s][info][gc,metaspace   ] GC(663) Metaspace: 14611K->14611K(31744K)
[114.314s][info][gc             ] GC(663) Pause Initial Mark (G1 Evacuation Pause) 319M->321M(512M) 170.424ms
[114.315s][info][gc,cpu         ] GC(663) User=1.16s Sys=0.05s Real=0.17s
[114.315s][info][gc             ] GC(664) Concurrent Cycle
[114.315s][info][gc,marking     ] GC(664) Concurrent Clear Claimed Marks
[114.315s][info][gc,marking     ] GC(664) Concurrent Clear Claimed Marks 0.103ms
[114.315s][info][gc,marking     ] GC(664) Concurrent Scan Root Regions
[114.346s][info][gc,marking     ] GC(664) Concurrent Scan Root Regions 31.179ms
[114.346s][info][gc,marking     ] GC(664) Concurrent Mark (114.346s)
[114.346s][info][gc,marking     ] GC(664) Concurrent Mark From Roots
[114.346s][info][gc,task        ] GC(664) Using 2 workers of 2 for marking
[114.415s][info][gc,start       ] GC(665) Pause Young (G1 Evacuation Pause)
[114.415s][info][gc,task        ] GC(665) Using 8 workers of 8 for evacuation
[114.542s][info][gc,phases      ] GC(665)   Pre Evacuate Collection Set: 0.0ms
[114.542s][info][gc,phases      ] GC(665)   Evacuate Collection Set: 110.0ms
[114.542s][info][gc,phases      ] GC(665)   Post Evacuate Collection Set: 16.6ms
[114.542s][info][gc,phases      ] GC(665)   Other: 0.6ms
[114.542s][info][gc,heap        ] GC(665) Eden regions: 41->0(28)
[114.542s][info][gc,heap        ] GC(665) Survivor regions: 10->7(7)
[114.542s][info][gc,heap        ] GC(665) Old regions: 259->305
[114.542s][info][gc,heap        ] GC(665) Humongous regions: 57->57
[114.542s][info][gc,metaspace   ] GC(665) Metaspace: 14611K->14611K(31744K)
[114.542s][info][gc             ] GC(665) Pause Young (G1 Evacuation Pause) 362M->365M(512M) 127.784ms
[114.543s][info][gc,cpu         ] GC(665) User=0.81s Sys=0.08s Real=0.13s
[114.616s][info][gc,start       ] GC(666) Pause Young (G1 Evacuation Pause)
[114.616s][info][gc,task        ] GC(666) Using 8 workers of 8 for evacuation
[114.744s][info][gc,phases      ] GC(666)   Pre Evacuate Collection Set: 0.1ms
[114.744s][info][gc,phases      ] GC(666)   Evacuate Collection Set: 109.9ms
[114.744s][info][gc,phases      ] GC(666)   Post Evacuate Collection Set: 17.4ms
[114.744s][info][gc,phases      ] GC(666)   Other: 0.7ms
[114.744s][info][gc,heap        ] GC(666) Eden regions: 28->0(20)
[114.744s][info][gc,heap        ] GC(666) Survivor regions: 7->5(5)
[114.744s][info][gc,heap        ] GC(666) Old regions: 305->337
[114.744s][info][gc,heap        ] GC(666) Humongous regions: 57->57
[114.744s][info][gc,metaspace   ] GC(666) Metaspace: 14611K->14611K(31744K)
[114.745s][info][gc             ] GC(666) Pause Young (G1 Evacuation Pause) 393M->395M(512M) 128.424ms
[114.745s][info][gc,cpu         ] GC(666) User=0.89s Sys=0.05s Real=0.15s
[114.841s][info][gc,start       ] GC(667) Pause Young (G1 Evacuation Pause)
[114.842s][info][gc,task        ] GC(667) Using 8 workers of 8 for evacuation
[114.910s][info][gc,phases      ] GC(667)   Pre Evacuate Collection Set: 0.0ms
[114.910s][info][gc,phases      ] GC(667)   Evacuate Collection Set: 55.4ms
[114.910s][info][gc,phases      ] GC(667)   Post Evacuate Collection Set: 12.2ms
[114.910s][info][gc,phases      ] GC(667)   Other: 0.6ms
[114.910s][info][gc,heap        ] GC(667) Eden regions: 20->0(21)
[114.910s][info][gc,heap        ] GC(667) Survivor regions: 5->4(4)
[114.910s][info][gc,heap        ] GC(667) Old regions: 337->360
[114.910s][info][gc,heap        ] GC(667) Humongous regions: 114->114
[114.910s][info][gc,metaspace   ] GC(667) Metaspace: 14611K->14611K(31744K)
[114.910s][info][gc             ] GC(667) Pause Young (G1 Evacuation Pause) 472M->474M(512M) 68.651ms
[114.910s][info][gc,cpu         ] GC(667) User=0.56s Sys=0.06s Real=0.07s
[114.953s][info][gc,start       ] GC(668) Pause Young (G1 Evacuation Pause)
[114.954s][info][gc,task        ] GC(668) Using 8 workers of 8 for evacuation
[115.029s][info][gc             ] GC(668) To-space exhausted
[115.030s][info][gc,phases      ] GC(668)   Pre Evacuate Collection Set: 0.1ms
[115.030s][info][gc,phases      ] GC(668)   Evacuate Collection Set: 58.9ms
[115.030s][info][gc,phases      ] GC(668)   Post Evacuate Collection Set: 16.5ms
[115.030s][info][gc,phases      ] GC(668)   Other: 0.8ms
[115.030s][info][gc,heap        ] GC(668) Eden regions: 21->0(21)
[115.030s][info][gc,heap        ] GC(668) Survivor regions: 4->4(4)
[115.030s][info][gc,heap        ] GC(668) Old regions: 360->388
[115.030s][info][gc,heap        ] GC(668) Humongous regions: 114->114
[115.030s][info][gc,metaspace   ] GC(668) Metaspace: 14611K->14611K(31744K)
[115.030s][info][gc             ] GC(668) Pause Young (G1 Evacuation Pause) 495M->502M(512M) 76.604ms
[115.030s][info][gc,cpu         ] GC(668) User=0.50s Sys=0.00s Real=0.08s
[115.043s][info][gc,start       ] GC(669) Pause Young (G1 Evacuation Pause)
[115.044s][info][gc,task        ] GC(669) Using 8 workers of 8 for evacuation
[115.129s][info][gc             ] GC(669) To-space exhausted
[115.129s][info][gc,phases      ] GC(669)   Pre Evacuate Collection Set: 0.1ms
[115.129s][info][gc,phases      ] GC(669)   Evacuate Collection Set: 55.2ms
[115.129s][info][gc,phases      ] GC(669)   Post Evacuate Collection Set: 29.5ms
[115.129s][info][gc,phases      ] GC(669)   Other: 0.8ms
[115.129s][info][gc,heap        ] GC(669) Eden regions: 6->0(25)
[115.129s][info][gc,heap        ] GC(669) Survivor regions: 4->0(4)
[115.129s][info][gc,heap        ] GC(669) Old regions: 388->398
[115.129s][info][gc,heap        ] GC(669) Humongous regions: 114->114
[115.129s][info][gc,metaspace   ] GC(669) Metaspace: 14611K->14611K(31744K)
[115.130s][info][gc             ] GC(669) Pause Young (G1 Evacuation Pause) 508M->508M(512M) 86.042ms
[115.130s][info][gc,cpu         ] GC(669) User=0.53s Sys=0.00s Real=0.10s
[115.130s][info][gc,start       ] GC(670) Pause Young (G1 Evacuation Pause)
[115.130s][info][gc,task        ] GC(670) Using 8 workers of 8 for evacuation
[115.146s][info][gc,phases      ] GC(670)   Pre Evacuate Collection Set: 0.0ms
[115.146s][info][gc,phases      ] GC(670)   Evacuate Collection Set: 14.0ms
[115.146s][info][gc,phases      ] GC(670)   Post Evacuate Collection Set: 1.2ms
[115.146s][info][gc,phases      ] GC(670)   Other: 0.4ms
[115.146s][info][gc,heap        ] GC(670) Eden regions: 0->0(25)
[115.146s][info][gc,heap        ] GC(670) Survivor regions: 0->0(4)
[115.146s][info][gc,heap        ] GC(670) Old regions: 398->398
[115.146s][info][gc,heap        ] GC(670) Humongous regions: 114->114
[115.146s][info][gc,metaspace   ] GC(670) Metaspace: 14611K->14611K(31744K)
[115.147s][info][gc             ] GC(670) Pause Young (G1 Evacuation Pause) 508M->508M(512M) 16.171ms
[115.147s][info][gc,cpu         ] GC(670) User=0.02s Sys=0.00s Real=0.02s
[115.148s][info][gc,start       ] GC(671) Pause Full (Allocation Failure)
[115.151s][info][gc,phases,start] GC(671) Phase 1: Mark live objects
[115.261s][info][gc,stringtable ] GC(671) Cleaned string and symbol table, strings: 7271 processed, 19 removed, symbols: 48812 processed, 0 removed
[115.261s][info][gc,phases      ] GC(671) Phase 1: Mark live objects 110.354ms
[115.261s][info][gc,phases,start] GC(671) Phase 2: Prepare for compaction
[115.270s][info][gc,phases      ] GC(671) Phase 2: Prepare for compaction 8.245ms
[115.270s][info][gc,phases,start] GC(671) Phase 3: Adjust pointers and remembered sets
[115.304s][info][gc,phases      ] GC(671) Phase 3: Adjust pointers and remembered sets 34.009ms
[115.304s][info][gc,phases,start] GC(671) Phase 4: Compact heap
[115.324s][info][gc,phases      ] GC(671) Phase 4: Compact heap 20.155ms
[115.326s][info][gc,heap        ] GC(671) Eden regions: 0->0(94)
[115.326s][info][gc,heap        ] GC(671) Survivor regions: 0->0(4)
[115.326s][info][gc,heap        ] GC(671) Old regions: 398->41
[115.327s][info][gc,heap        ] GC(671) Humongous regions: 114->57
[115.327s][info][gc,metaspace   ] GC(671) Metaspace: 14611K->14611K(31744K)
[115.327s][info][gc             ] GC(671) Pause Full (Allocation Failure) 508M->94M(512M) 178.474ms
[115.328s][info][gc,cpu         ] GC(671) User=1.06s Sys=0.02s Real=0.18s
[115.328s][info][gc,marking     ] GC(664) Concurrent Mark From Roots 981.780ms
[115.328s][info][gc,marking     ] GC(664) Concurrent Mark Abort
[115.328s][info][gc             ] GC(664) Concurrent Cycle 1013.592ms
[115.436s][info][gc,start       ] GC(672) Pause Young (G1 Evacuation Pause)
[115.436s][info][gc,task        ] GC(672) Using 8 workers of 8 for evacuation
[115.618s][info][gc,phases      ] GC(672)   Pre Evacuate Collection Set: 0.1ms
[115.618s][info][gc,phases      ] GC(672)   Evacuate Collection Set: 177.3ms
[115.618s][info][gc,phases      ] GC(672)   Post Evacuate Collection Set: 4.2ms
[115.618s][info][gc,phases      ] GC(672)   Other: 0.8ms
[115.618s][info][gc,heap        ] GC(672) Eden regions: 94->0(84)
[115.618s][info][gc,heap        ] GC(672) Survivor regions: 0->12(12)
[115.618s][info][gc,heap        ] GC(672) Old regions: 41->123
[115.618s][info][gc,heap        ] GC(672) Humongous regions: 57->57
[115.619s][info][gc,metaspace   ] GC(672) Metaspace: 14614K->14614K(31744K)
[115.619s][info][gc             ] GC(672) Pause Young (G1 Evacuation Pause) 188M->188M(512M) 182.794ms
[115.619s][info][gc,cpu         ] GC(672) User=1.23s Sys=0.05s Real=0.19s
[115.736s][info][gc,start       ] GC(673) Pause Young (G1 Evacuation Pause)
[115.737s][info][gc,task        ] GC(673) Using 8 workers of 8 for evacuation
[115.980s][info][gc,mmu         ] GC(673) MMU target violated: 201.0ms (200.0ms/201.0ms)
[115.980s][info][gc,phases      ] GC(673)   Pre Evacuate Collection Set: 0.1ms
[115.980s][info][gc,phases      ] GC(673)   Evacuate Collection Set: 240.7ms
[115.980s][info][gc,phases      ] GC(673)   Post Evacuate Collection Set: 2.0ms
[115.980s][info][gc,phases      ] GC(673)   Other: 1.1ms
[115.980s][info][gc,heap        ] GC(673) Eden regions: 84->0(57)
[115.981s][info][gc,heap        ] GC(673) Survivor regions: 12->12(12)
[115.981s][info][gc,heap        ] GC(673) Old regions: 123->209
[115.981s][info][gc,heap        ] GC(673) Humongous regions: 57->57
[115.981s][info][gc,metaspace   ] GC(673) Metaspace: 14622K->14622K(31744K)
[115.981s][info][gc             ] GC(673) Pause Young (G1 Evacuation Pause) 272M->274M(512M) 244.540ms
[115.981s][info][gc,cpu         ] GC(673) User=1.88s Sys=0.11s Real=0.25s
[116.138s][info][gc,start       ] GC(674) Pause Initial Mark (G1 Evacuation Pause)
[116.138s][info][gc,task        ] GC(674) Using 8 workers of 8 for evacuation
[116.349s][info][gc,mmu         ] GC(674) MMU target violated: 201.0ms (200.0ms/201.0ms)
[116.349s][info][gc,phases      ] GC(674)   Pre Evacuate Collection Set: 7.6ms
[116.349s][info][gc,phases      ] GC(674)   Evacuate Collection Set: 198.2ms
[116.349s][info][gc,phases      ] GC(674)   Post Evacuate Collection Set: 3.9ms
[116.349s][info][gc,phases      ] GC(674)   Other: 1.4ms
[116.349s][info][gc,heap        ] GC(674) Eden regions: 57->0(38)
[116.349s][info][gc,heap        ] GC(674) Survivor regions: 12->9(9)
[116.349s][info][gc,heap        ] GC(674) Old regions: 209->270
[116.349s][info][gc,heap        ] GC(674) Humongous regions: 57->57
[116.349s][info][gc,metaspace   ] GC(674) Metaspace: 14622K->14622K(31744K)
[116.350s][info][gc             ] GC(674) Pause Initial Mark (G1 Evacuation Pause) 331M->332M(512M) 211.551ms
[116.350s][info][gc,cpu         ] GC(674) User=1.41s Sys=0.00s Real=0.21s
[116.350s][info][gc             ] GC(675) Concurrent Cycle
[116.350s][info][gc,marking     ] GC(675) Concurrent Clear Claimed Marks
[116.350s][info][gc,marking     ] GC(675) Concurrent Clear Claimed Marks 0.087ms
[116.350s][info][gc,marking     ] GC(675) Concurrent Scan Root Regions
[116.385s][info][gc,marking     ] GC(675) Concurrent Scan Root Regions 35.188ms
[116.385s][info][gc,marking     ] GC(675) Concurrent Mark (116.385s)
[116.385s][info][gc,marking     ] GC(675) Concurrent Mark From Roots
[116.385s][info][gc,task        ] GC(675) Using 2 workers of 2 for marking
[116.429s][info][gc,start       ] GC(676) Pause Young (G1 Evacuation Pause)
[116.429s][info][gc,task        ] GC(676) Using 8 workers of 8 for evacuation
[116.556s][info][gc,phases      ] GC(676)   Pre Evacuate Collection Set: 0.2ms
[116.556s][info][gc,phases      ] GC(676)   Evacuate Collection Set: 111.8ms
[116.556s][info][gc,phases      ] GC(676)   Post Evacuate Collection Set: 14.1ms
[116.556s][info][gc,phases      ] GC(676)   Other: 0.6ms
[116.556s][info][gc,heap        ] GC(676) Eden regions: 38->0(25)
[116.556s][info][gc,heap        ] GC(676) Survivor regions: 9->6(6)
[116.556s][info][gc,heap        ] GC(676) Old regions: 270->314
[116.556s][info][gc,heap        ] GC(676) Humongous regions: 57->57
[116.556s][info][gc,metaspace   ] GC(676) Metaspace: 14622K->14622K(31744K)
[116.556s][info][gc             ] GC(676) Pause Young (G1 Evacuation Pause) 370M->373M(512M) 127.185ms
[116.556s][info][gc,cpu         ] GC(676) User=0.80s Sys=0.00s Real=0.13s
[116.612s][info][gc,start       ] GC(677) Pause Young (G1 Evacuation Pause)
[116.612s][info][gc,task        ] GC(677) Using 8 workers of 8 for evacuation
[116.693s][info][gc,phases      ] GC(677)   Pre Evacuate Collection Set: 0.1ms
[116.693s][info][gc,phases      ] GC(677)   Evacuate Collection Set: 61.9ms
[116.693s][info][gc,phases      ] GC(677)   Post Evacuate Collection Set: 7.9ms
[116.693s][info][gc,phases      ] GC(677)   Other: 11.5ms
[116.693s][info][gc,heap        ] GC(677) Eden regions: 25->0(21)
[116.693s][info][gc,heap        ] GC(677) Survivor regions: 6->4(4)
[116.693s][info][gc,heap        ] GC(677) Old regions: 314->343
[116.693s][info][gc,heap        ] GC(677) Humongous regions: 57->57
[116.693s][info][gc,metaspace   ] GC(677) Metaspace: 14623K->14623K(31744K)
[116.694s][info][gc             ] GC(677) Pause Young (G1 Evacuation Pause) 398M->400M(512M) 81.847ms
[116.694s][info][gc,cpu         ] GC(677) User=0.48s Sys=0.02s Real=0.08s
[116.768s][info][gc,start       ] GC(678) Pause Young (G1 Evacuation Pause)
[116.768s][info][gc,task        ] GC(678) Using 8 workers of 8 for evacuation
[116.825s][info][gc,phases      ] GC(678)   Pre Evacuate Collection Set: 0.0ms
[116.825s][info][gc,phases      ] GC(678)   Evacuate Collection Set: 55.1ms
[116.825s][info][gc,phases      ] GC(678)   Post Evacuate Collection Set: 0.9ms
[116.825s][info][gc,phases      ] GC(678)   Other: 0.8ms
[116.825s][info][gc,heap        ] GC(678) Eden regions: 21->0(21)
[116.825s][info][gc,heap        ] GC(678) Survivor regions: 4->4(4)
[116.825s][info][gc,heap        ] GC(678) Old regions: 343->367
[116.825s][info][gc,heap        ] GC(678) Humongous regions: 115->115
[116.825s][info][gc,metaspace   ] GC(678) Metaspace: 14623K->14623K(31744K)
[116.825s][info][gc             ] GC(678) Pause Young (G1 Evacuation Pause) 479M->482M(512M) 57.477ms
[116.825s][info][gc,cpu         ] GC(678) User=0.41s Sys=0.02s Real=0.06s
[116.856s][info][gc,start       ] GC(679) Pause Young (G1 Evacuation Pause)
[116.856s][info][gc,task        ] GC(679) Using 8 workers of 8 for evacuation
[116.963s][info][gc             ] GC(679) To-space exhausted
[116.963s][info][gc,phases      ] GC(679)   Pre Evacuate Collection Set: 0.0ms
[116.963s][info][gc,phases      ] GC(679)   Evacuate Collection Set: 75.6ms
[116.963s][info][gc,phases      ] GC(679)   Post Evacuate Collection Set: 30.6ms
[116.963s][info][gc,phases      ] GC(679)   Other: 0.7ms
[116.963s][info][gc,heap        ] GC(679) Eden regions: 21->0(24)
[116.963s][info][gc,heap        ] GC(679) Survivor regions: 4->1(4)
[116.963s][info][gc,heap        ] GC(679) Old regions: 367->395
[116.963s][info][gc,heap        ] GC(679) Humongous regions: 115->115
[116.963s][info][gc,metaspace   ] GC(679) Metaspace: 14623K->14623K(31744K)
[116.963s][info][gc             ] GC(679) Pause Young (G1 Evacuation Pause) 503M->507M(512M) 107.161ms
[116.963s][info][gc,cpu         ] GC(679) User=0.72s Sys=0.09s Real=0.13s
[116.965s][info][gc,start       ] GC(680) Pause Young (G1 Evacuation Pause)
[116.966s][info][gc,task        ] GC(680) Using 8 workers of 8 for evacuation
[117.018s][info][gc             ] GC(680) To-space exhausted
[117.018s][info][gc,phases      ] GC(680)   Pre Evacuate Collection Set: 0.0ms
[117.018s][info][gc,phases      ] GC(680)   Evacuate Collection Set: 43.8ms
[117.018s][info][gc,phases      ] GC(680)   Post Evacuate Collection Set: 8.0ms
[117.018s][info][gc,phases      ] GC(680)   Other: 0.7ms
[117.018s][info][gc,heap        ] GC(680) Eden regions: 1->0(25)
[117.018s][info][gc,heap        ] GC(680) Survivor regions: 1->0(4)
[117.018s][info][gc,heap        ] GC(680) Old regions: 395->397
[117.018s][info][gc,heap        ] GC(680) Humongous regions: 115->115
[117.018s][info][gc,metaspace   ] GC(680) Metaspace: 14623K->14623K(31744K)
[117.018s][info][gc             ] GC(680) Pause Young (G1 Evacuation Pause) 508M->508M(512M) 52.995ms
[117.019s][info][gc,cpu         ] GC(680) User=0.34s Sys=0.00s Real=0.05s
[117.019s][info][gc,start       ] GC(681) Pause Young (G1 Evacuation Pause)
[117.019s][info][gc,task        ] GC(681) Using 8 workers of 8 for evacuation
[117.024s][info][gc,phases      ] GC(681)   Pre Evacuate Collection Set: 0.0ms
[117.024s][info][gc,phases      ] GC(681)   Evacuate Collection Set: 3.6ms
[117.024s][info][gc,phases      ] GC(681)   Post Evacuate Collection Set: 0.9ms
[117.024s][info][gc,phases      ] GC(681)   Other: 0.4ms
[117.024s][info][gc,heap        ] GC(681) Eden regions: 0->0(25)
[117.024s][info][gc,heap        ] GC(681) Survivor regions: 0->0(4)
[117.024s][info][gc,heap        ] GC(681) Old regions: 397->397
[117.024s][info][gc,heap        ] GC(681) Humongous regions: 115->115
[117.024s][info][gc,metaspace   ] GC(681) Metaspace: 14623K->14623K(31744K)
[117.024s][info][gc             ] GC(681) Pause Young (G1 Evacuation Pause) 508M->508M(512M) 5.319ms
[117.024s][info][gc,cpu         ] GC(681) User=0.00s Sys=0.00s Real=0.00s
[117.026s][info][gc,start       ] GC(682) Pause Full (Allocation Failure)
[117.028s][info][gc,phases,start] GC(682) Phase 1: Mark live objects
[117.140s][info][gc,stringtable ] GC(682) Cleaned string and symbol table, strings: 7273 processed, 20 removed, symbols: 48814 processed, 0 removed
[117.141s][info][gc,phases      ] GC(682) Phase 1: Mark live objects 112.191ms
[117.141s][info][gc,phases,start] GC(682) Phase 2: Prepare for compaction
[117.148s][info][gc,phases      ] GC(682) Phase 2: Prepare for compaction 7.533ms
[117.148s][info][gc,phases,start] GC(682) Phase 3: Adjust pointers and remembered sets
[117.187s][info][gc,phases      ] GC(682) Phase 3: Adjust pointers and remembered sets 38.817ms
[117.187s][info][gc,phases,start] GC(682) Phase 4: Compact heap
[117.204s][info][gc,phases      ] GC(682) Phase 4: Compact heap 16.373ms
[117.207s][info][gc,heap        ] GC(682) Eden regions: 0->0(88)
[117.207s][info][gc,heap        ] GC(682) Survivor regions: 0->0(4)
[117.207s][info][gc,heap        ] GC(682) Old regions: 397->41
[117.207s][info][gc,heap        ] GC(682) Humongous regions: 115->58
[117.207s][info][gc,metaspace   ] GC(682) Metaspace: 14623K->14623K(31744K)
[117.207s][info][gc             ] GC(682) Pause Full (Allocation Failure) 508M->93M(512M) 181.018ms
[117.208s][info][gc,cpu         ] GC(682) User=1.05s Sys=0.05s Real=0.19s
[117.209s][info][gc,marking     ] GC(675) Concurrent Mark From Roots 823.715ms
[117.209s][info][gc,marking     ] GC(675) Concurrent Mark Abort
[117.209s][info][gc             ] GC(675) Concurrent Cycle 859.513ms
[117.315s][info][gc,start       ] GC(683) Pause Young (G1 Evacuation Pause)
[117.315s][info][gc,task        ] GC(683) Using 8 workers of 8 for evacuation
[117.476s][info][gc,phases      ] GC(683)   Pre Evacuate Collection Set: 0.1ms
[117.476s][info][gc,phases      ] GC(683)   Evacuate Collection Set: 159.0ms
[117.476s][info][gc,phases      ] GC(683)   Post Evacuate Collection Set: 1.5ms
[117.476s][info][gc,phases      ] GC(683)   Other: 0.6ms
[117.476s][info][gc,heap        ] GC(683) Eden regions: 88->0(82)
[117.476s][info][gc,heap        ] GC(683) Survivor regions: 0->11(11)
[117.476s][info][gc,heap        ] GC(683) Old regions: 41->118
[117.476s][info][gc,heap        ] GC(683) Humongous regions: 58->58
[117.476s][info][gc,metaspace   ] GC(683) Metaspace: 14623K->14623K(31744K)
[117.477s][info][gc             ] GC(683) Pause Young (G1 Evacuation Pause) 181M->181M(512M) 161.757ms
[117.477s][info][gc,cpu         ] GC(683) User=1.25s Sys=0.00s Real=0.16s
[117.620s][info][gc,start       ] GC(684) Pause Young (G1 Evacuation Pause)
[117.621s][info][gc,task        ] GC(684) Using 8 workers of 8 for evacuation
[117.817s][info][gc,phases      ] GC(684)   Pre Evacuate Collection Set: 0.1ms
[117.817s][info][gc,phases      ] GC(684)   Evacuate Collection Set: 194.4ms
[117.817s][info][gc,phases      ] GC(684)   Post Evacuate Collection Set: 1.5ms
[117.817s][info][gc,phases      ] GC(684)   Other: 0.7ms
[117.817s][info][gc,heap        ] GC(684) Eden regions: 82->0(59)
[117.817s][info][gc,heap        ] GC(684) Survivor regions: 11->12(12)
[117.817s][info][gc,heap        ] GC(684) Old regions: 118->200
[117.817s][info][gc,heap        ] GC(684) Humongous regions: 58->58
[117.817s][info][gc,metaspace   ] GC(684) Metaspace: 14623K->14623K(31744K)
[117.817s][info][gc             ] GC(684) Pause Young (G1 Evacuation Pause) 263M->264M(512M) 196.977ms
[117.817s][info][gc,cpu         ] GC(684) User=1.22s Sys=0.06s Real=0.20s
[117.889s][info][gc,start       ] GC(685) Pause Initial Mark (G1 Evacuation Pause)
[117.889s][info][gc,task        ] GC(685) Using 8 workers of 8 for evacuation
[118.067s][info][gc,phases      ] GC(685)   Pre Evacuate Collection Set: 0.1ms
[118.067s][info][gc,phases      ] GC(685)   Evacuate Collection Set: 175.9ms
[118.067s][info][gc,phases      ] GC(685)   Post Evacuate Collection Set: 1.9ms
[118.068s][info][gc,phases      ] GC(685)   Other: 0.7ms
[118.068s][info][gc,heap        ] GC(685) Eden regions: 59->0(40)
[118.068s][info][gc,heap        ] GC(685) Survivor regions: 12->9(9)
[118.068s][info][gc,heap        ] GC(685) Old regions: 200->263
[118.068s][info][gc,heap        ] GC(685) Humongous regions: 58->58
[118.069s][info][gc,metaspace   ] GC(685) Metaspace: 14623K->14623K(31744K)
[118.069s][info][gc             ] GC(685) Pause Initial Mark (G1 Evacuation Pause) 323M->324M(512M) 180.086ms
[118.069s][info][gc,cpu         ] GC(685) User=1.17s Sys=0.00s Real=0.18s
[118.069s][info][gc             ] GC(686) Concurrent Cycle
[118.069s][info][gc,marking     ] GC(686) Concurrent Clear Claimed Marks
[118.069s][info][gc,marking     ] GC(686) Concurrent Clear Claimed Marks 0.079ms
[118.069s][info][gc,marking     ] GC(686) Concurrent Scan Root Regions
[118.077s][info][gc,marking     ] GC(686) Concurrent Scan Root Regions 7.678ms
[118.077s][info][gc,marking     ] GC(686) Concurrent Mark (118.077s)
[118.077s][info][gc,marking     ] GC(686) Concurrent Mark From Roots
[118.077s][info][gc,task        ] GC(686) Using 2 workers of 2 for marking
[118.175s][info][gc,start       ] GC(687) Pause Young (G1 Evacuation Pause)
[118.176s][info][gc,task        ] GC(687) Using 8 workers of 8 for evacuation
[118.283s][info][gc,phases      ] GC(687)   Pre Evacuate Collection Set: 0.1ms
[118.284s][info][gc,phases      ] GC(687)   Evacuate Collection Set: 105.9ms
[118.284s][info][gc,phases      ] GC(687)   Post Evacuate Collection Set: 1.2ms
[118.284s][info][gc,phases      ] GC(687)   Other: 0.8ms
[118.284s][info][gc,heap        ] GC(687) Eden regions: 40->0(27)
[118.284s][info][gc,heap        ] GC(687) Survivor regions: 9->7(7)
[118.284s][info][gc,heap        ] GC(687) Old regions: 263->306
[118.284s][info][gc,heap        ] GC(687) Humongous regions: 58->58
[118.284s][info][gc,metaspace   ] GC(687) Metaspace: 14623K->14623K(31744K)
[118.284s][info][gc             ] GC(687) Pause Young (G1 Evacuation Pause) 364M->365M(512M) 108.469ms
[118.284s][info][gc,cpu         ] GC(687) User=0.75s Sys=0.00s Real=0.11s
[118.366s][info][gc,start       ] GC(688) Pause Young (G1 Evacuation Pause)
[118.366s][info][gc,task        ] GC(688) Using 8 workers of 8 for evacuation
[118.431s][info][gc,phases      ] GC(688)   Pre Evacuate Collection Set: 0.1ms
[118.431s][info][gc,phases      ] GC(688)   Evacuate Collection Set: 63.3ms
[118.431s][info][gc,phases      ] GC(688)   Post Evacuate Collection Set: 1.0ms
[118.432s][info][gc,phases      ] GC(688)   Other: 0.8ms
[118.432s][info][gc,heap        ] GC(688) Eden regions: 27->0(20)
[118.432s][info][gc,heap        ] GC(688) Survivor regions: 7->5(5)
[118.432s][info][gc,heap        ] GC(688) Old regions: 306->337
[118.432s][info][gc,heap        ] GC(688) Humongous regions: 58->58
[118.432s][info][gc,metaspace   ] GC(688) Metaspace: 14623K->14623K(31744K)
[118.432s][info][gc             ] GC(688) Pause Young (G1 Evacuation Pause) 392M->394M(512M) 65.845ms
[118.432s][info][gc,cpu         ] GC(688) User=0.50s Sys=0.02s Real=0.07s
[118.536s][info][gc,start       ] GC(689) Pause Young (G1 Evacuation Pause)
[118.536s][info][gc,task        ] GC(689) Using 8 workers of 8 for evacuation
[118.625s][info][gc,phases      ] GC(689)   Pre Evacuate Collection Set: 0.0ms
[118.626s][info][gc,phases      ] GC(689)   Evacuate Collection Set: 87.0ms
[118.626s][info][gc,phases      ] GC(689)   Post Evacuate Collection Set: 1.9ms
[118.626s][info][gc,phases      ] GC(689)   Other: 0.7ms
[118.626s][info][gc,heap        ] GC(689) Eden regions: 20->0(21)
[118.626s][info][gc,heap        ] GC(689) Survivor regions: 5->4(4)
[118.626s][info][gc,heap        ] GC(689) Old regions: 337->360
[118.626s][info][gc,heap        ] GC(689) Humongous regions: 116->116
[118.626s][info][gc,metaspace   ] GC(689) Metaspace: 14623K->14623K(31744K)
[118.626s][info][gc             ] GC(689) Pause Young (G1 Evacuation Pause) 472M->474M(512M) 90.264ms
[118.626s][info][gc,cpu         ] GC(689) User=0.59s Sys=0.00s Real=0.08s
[118.649s][info][gc,start       ] GC(690) Pause Young (G1 Evacuation Pause)
[118.649s][info][gc,task        ] GC(690) Using 8 workers of 8 for evacuation
[118.776s][info][gc             ] GC(690) To-space exhausted
[118.776s][info][gc,phases      ] GC(690)   Pre Evacuate Collection Set: 0.1ms
[118.776s][info][gc,phases      ] GC(690)   Evacuate Collection Set: 86.1ms
[118.776s][info][gc,phases      ] GC(690)   Post Evacuate Collection Set: 40.2ms
[118.776s][info][gc,phases      ] GC(690)   Other: 0.7ms
[118.776s][info][gc,heap        ] GC(690) Eden regions: 21->0(21)
[118.777s][info][gc,heap        ] GC(690) Survivor regions: 4->4(4)
[118.777s][info][gc,heap        ] GC(690) Old regions: 360->389
[118.777s][info][gc,heap        ] GC(690) Humongous regions: 116->116
[118.777s][info][gc,metaspace   ] GC(690) Metaspace: 14623K->14623K(31744K)
[118.777s][info][gc             ] GC(690) Pause Young (G1 Evacuation Pause) 495M->503M(512M) 127.382ms
[118.777s][info][gc,cpu         ] GC(690) User=0.80s Sys=0.02s Real=0.14s
[118.780s][info][gc,start       ] GC(691) Pause Young (G1 Evacuation Pause)
[118.780s][info][gc,task        ] GC(691) Using 8 workers of 8 for evacuation
[118.847s][info][gc             ] GC(691) To-space exhausted
[118.847s][info][gc,phases      ] GC(691)   Pre Evacuate Collection Set: 0.1ms
[118.847s][info][gc,phases      ] GC(691)   Evacuate Collection Set: 42.4ms
[118.847s][info][gc,phases      ] GC(691)   Post Evacuate Collection Set: 23.3ms
[118.847s][info][gc,phases      ] GC(691)   Other: 0.8ms
[118.847s][info][gc,heap        ] GC(691) Eden regions: 3->0(25)
[118.847s][info][gc,heap        ] GC(691) Survivor regions: 4->0(4)
[118.847s][info][gc,heap        ] GC(691) Old regions: 389->396
[118.847s][info][gc,heap        ] GC(691) Humongous regions: 116->116
[118.847s][info][gc,metaspace   ] GC(691) Metaspace: 14623K->14623K(31744K)
[118.847s][info][gc             ] GC(691) Pause Young (G1 Evacuation Pause) 506M->506M(512M) 66.726ms
[118.847s][info][gc,cpu         ] GC(691) User=0.41s Sys=0.02s Real=0.07s
[118.848s][info][gc,start       ] GC(692) Pause Young (G1 Evacuation Pause)
[118.848s][info][gc,task        ] GC(692) Using 8 workers of 8 for evacuation
[118.859s][info][gc,phases      ] GC(692)   Pre Evacuate Collection Set: 0.0ms
[118.859s][info][gc,phases      ] GC(692)   Evacuate Collection Set: 8.7ms
[118.859s][info][gc,phases      ] GC(692)   Post Evacuate Collection Set: 2.4ms
[118.859s][info][gc,phases      ] GC(692)   Other: 0.4ms
[118.859s][info][gc,heap        ] GC(692) Eden regions: 0->0(25)
[118.859s][info][gc,heap        ] GC(692) Survivor regions: 0->0(4)
[118.859s][info][gc,heap        ] GC(692) Old regions: 396->396
[118.859s][info][gc,heap        ] GC(692) Humongous regions: 116->116
[118.859s][info][gc,metaspace   ] GC(692) Metaspace: 14623K->14623K(31744K)
[118.860s][info][gc             ] GC(692) Pause Young (G1 Evacuation Pause) 506M->506M(512M) 11.915ms
[118.860s][info][gc,cpu         ] GC(692) User=0.13s Sys=0.00s Real=0.01s
[118.861s][info][gc,start       ] GC(693) Pause Full (Allocation Failure)
[118.863s][info][gc,phases,start] GC(693) Phase 1: Mark live objects
[119.001s][info][gc,stringtable ] GC(693) Cleaned string and symbol table, strings: 7276 processed, 19 removed, symbols: 48814 processed, 0 removed
[119.001s][info][gc,phases      ] GC(693) Phase 1: Mark live objects 138.301ms
[119.001s][info][gc,phases,start] GC(693) Phase 2: Prepare for compaction
[119.008s][info][gc,phases      ] GC(693) Phase 2: Prepare for compaction 6.655ms
[119.008s][info][gc,phases,start] GC(693) Phase 3: Adjust pointers and remembered sets
[119.041s][info][gc,phases      ] GC(693) Phase 3: Adjust pointers and remembered sets 32.729ms
[119.041s][info][gc,phases,start] GC(693) Phase 4: Compact heap
[119.057s][info][gc,phases      ] GC(693) Phase 4: Compact heap 16.153ms
[119.060s][info][gc,heap        ] GC(693) Eden regions: 0->0(92)
[119.060s][info][gc,heap        ] GC(693) Survivor regions: 0->0(4)
[119.060s][info][gc,heap        ] GC(693) Old regions: 396->34
[119.060s][info][gc,heap        ] GC(693) Humongous regions: 116->58
[119.060s][info][gc,metaspace   ] GC(693) Metaspace: 14623K->14623K(31744K)
[119.060s][info][gc             ] GC(693) Pause Full (Allocation Failure) 506M->88M(512M) 199.594ms
[119.061s][info][gc,cpu         ] GC(693) User=1.02s Sys=0.02s Real=0.20s
[119.062s][info][gc,marking     ] GC(686) Concurrent Mark From Roots 984.888ms
[119.062s][info][gc,marking     ] GC(686) Concurrent Mark Abort
[119.062s][info][gc             ] GC(686) Concurrent Cycle 993.157ms
[119.168s][info][gc,start       ] GC(694) Pause Young (G1 Evacuation Pause)
[119.168s][info][gc,task        ] GC(694) Using 8 workers of 8 for evacuation
[119.343s][info][gc,phases      ] GC(694)   Pre Evacuate Collection Set: 0.1ms
[119.344s][info][gc,phases      ] GC(694)   Evacuate Collection Set: 173.1ms
[119.344s][info][gc,phases      ] GC(694)   Post Evacuate Collection Set: 1.7ms
[119.344s][info][gc,phases      ] GC(694)   Other: 0.7ms
[119.344s][info][gc,heap        ] GC(694) Eden regions: 92->0(84)
[119.344s][info][gc,heap        ] GC(694) Survivor regions: 0->12(12)
[119.344s][info][gc,heap        ] GC(694) Old regions: 34->114
[119.344s][info][gc,heap        ] GC(694) Humongous regions: 58->58
[119.344s][info][gc,metaspace   ] GC(694) Metaspace: 14623K->14623K(31744K)
[119.344s][info][gc             ] GC(694) Pause Young (G1 Evacuation Pause) 180M->180M(512M) 176.512ms
[119.344s][info][gc,cpu         ] GC(694) User=1.27s Sys=0.02s Real=0.18s
[119.506s][info][gc,start       ] GC(695) Pause Young (G1 Evacuation Pause)
[119.506s][info][gc,task        ] GC(695) Using 8 workers of 8 for evacuation
[119.693s][info][gc,phases      ] GC(695)   Pre Evacuate Collection Set: 0.1ms
[119.693s][info][gc,phases      ] GC(695)   Evacuate Collection Set: 184.3ms
[119.693s][info][gc,phases      ] GC(695)   Post Evacuate Collection Set: 1.7ms
[119.693s][info][gc,phases      ] GC(695)   Other: 0.8ms
[119.693s][info][gc,heap        ] GC(695) Eden regions: 84->0(59)
[119.693s][info][gc,heap        ] GC(695) Survivor regions: 12->12(12)
[119.693s][info][gc,heap        ] GC(695) Old regions: 114->199
[119.693s][info][gc,heap        ] GC(695) Humongous regions: 58->58
[119.694s][info][gc,metaspace   ] GC(695) Metaspace: 14623K->14623K(31744K)
[119.694s][info][gc             ] GC(695) Pause Young (G1 Evacuation Pause) 264M->265M(512M) 187.265ms
[119.694s][info][gc,cpu         ] GC(695) User=1.36s Sys=0.02s Real=0.19s
[119.804s][info][gc,start       ] GC(696) Pause Initial Mark (G1 Evacuation Pause)
[119.805s][info][gc,task        ] GC(696) Using 8 workers of 8 for evacuation
[119.927s][info][gc,phases      ] GC(696)   Pre Evacuate Collection Set: 0.1ms
[119.927s][info][gc,phases      ] GC(696)   Evacuate Collection Set: 120.3ms
[119.927s][info][gc,phases      ] GC(696)   Post Evacuate Collection Set: 1.3ms
[119.927s][info][gc,phases      ] GC(696)   Other: 1.4ms
[119.927s][info][gc,heap        ] GC(696) Eden regions: 59->0(40)
[119.927s][info][gc,heap        ] GC(696) Survivor regions: 12->9(9)
[119.927s][info][gc,heap        ] GC(696) Old regions: 199->263
[119.927s][info][gc,heap        ] GC(696) Humongous regions: 58->58
[119.927s][info][gc,metaspace   ] GC(696) Metaspace: 14637K->14637K(31744K)
[119.928s][info][gc             ] GC(696) Pause Initial Mark (G1 Evacuation Pause) 324M->326M(512M) 123.495ms
[119.928s][info][gc,cpu         ] GC(696) User=0.97s Sys=0.03s Real=0.13s
[119.928s][info][gc             ] GC(697) Concurrent Cycle
[119.928s][info][gc,marking     ] GC(697) Concurrent Clear Claimed Marks
[119.928s][info][gc,marking     ] GC(697) Concurrent Clear Claimed Marks 0.098ms
[119.928s][info][gc,marking     ] GC(697) Concurrent Scan Root Regions
[119.950s][info][gc,marking     ] GC(697) Concurrent Scan Root Regions 21.409ms
[119.950s][info][gc,marking     ] GC(697) Concurrent Mark (119.950s)
[119.950s][info][gc,marking     ] GC(697) Concurrent Mark From Roots
[119.950s][info][gc,task        ] GC(697) Using 2 workers of 2 for marking
[120.002s][info][gc,start       ] GC(698) Pause Young (G1 Evacuation Pause)
[120.002s][info][gc,task        ] GC(698) Using 8 workers of 8 for evacuation
[120.111s][info][gc,phases      ] GC(698)   Pre Evacuate Collection Set: 0.0ms
[120.111s][info][gc,phases      ] GC(698)   Evacuate Collection Set: 107.2ms
[120.111s][info][gc,phases      ] GC(698)   Post Evacuate Collection Set: 1.4ms
[120.111s][info][gc,phases      ] GC(698)   Other: 0.5ms
[120.111s][info][gc,heap        ] GC(698) Eden regions: 40->0(27)
[120.111s][info][gc,heap        ] GC(698) Survivor regions: 9->7(7)
[120.111s][info][gc,heap        ] GC(698) Old regions: 263->307
[120.111s][info][gc,heap        ] GC(698) Humongous regions: 58->58
[120.111s][info][gc,metaspace   ] GC(698) Metaspace: 14637K->14637K(31744K)
[120.111s][info][gc             ] GC(698) Pause Young (G1 Evacuation Pause) 366M->368M(512M) 109.556ms
[120.111s][info][gc,cpu         ] GC(698) User=0.81s Sys=0.00s Real=0.11s
[120.173s][info][gc,start       ] GC(699) Pause Young (G1 Evacuation Pause)
[120.173s][info][gc,task        ] GC(699) Using 8 workers of 8 for evacuation
[120.248s][info][gc,phases      ] GC(699)   Pre Evacuate Collection Set: 0.1ms
[120.248s][info][gc,phases      ] GC(699)   Evacuate Collection Set: 73.2ms
[120.248s][info][gc,phases      ] GC(699)   Post Evacuate Collection Set: 0.8ms
[120.248s][info][gc,phases      ] GC(699)   Other: 0.7ms
[120.248s][info][gc,heap        ] GC(699) Eden regions: 27->0(20)
[120.248s][info][gc,heap        ] GC(699) Survivor regions: 7->5(5)
[120.248s][info][gc,heap        ] GC(699) Old regions: 307->338
[120.248s][info][gc,heap        ] GC(699) Humongous regions: 58->58
[120.248s][info][gc,metaspace   ] GC(699) Metaspace: 14637K->14637K(31744K)
[120.248s][info][gc             ] GC(699) Pause Young (G1 Evacuation Pause) 395M->397M(512M) 75.401ms
[120.248s][info][gc,cpu         ] GC(699) User=0.58s Sys=0.00s Real=0.08s
[120.331s][info][gc,start       ] GC(700) Pause Young (G1 Evacuation Pause)
[120.331s][info][gc,task        ] GC(700) Using 8 workers of 8 for evacuation
[120.386s][info][gc,phases      ] GC(700)   Pre Evacuate Collection Set: 0.1ms
[120.386s][info][gc,phases      ] GC(700)   Evacuate Collection Set: 51.9ms
[120.386s][info][gc,phases      ] GC(700)   Post Evacuate Collection Set: 1.8ms
[120.386s][info][gc,phases      ] GC(700)   Other: 0.8ms
[120.386s][info][gc,heap        ] GC(700) Eden regions: 20->0(21)
[120.386s][info][gc,heap        ] GC(700) Survivor regions: 5->4(4)
[120.386s][info][gc,heap        ] GC(700) Old regions: 338->361
[120.386s][info][gc,heap        ] GC(700) Humongous regions: 116->116
[120.386s][info][gc,metaspace   ] GC(700) Metaspace: 14637K->14637K(31744K)
[120.386s][info][gc             ] GC(700) Pause Young (G1 Evacuation Pause) 475M->477M(512M) 54.901ms
[120.386s][info][gc,cpu         ] GC(700) User=0.33s Sys=0.06s Real=0.05s
[120.409s][info][gc,start       ] GC(701) Pause Young (G1 Evacuation Pause)
[120.410s][info][gc,task        ] GC(701) Using 8 workers of 8 for evacuation
[120.515s][info][gc             ] GC(701) To-space exhausted
[120.515s][info][gc,phases      ] GC(701)   Pre Evacuate Collection Set: 0.1ms
[120.515s][info][gc,phases      ] GC(701)   Evacuate Collection Set: 67.3ms
[120.515s][info][gc,phases      ] GC(701)   Post Evacuate Collection Set: 37.1ms
[120.515s][info][gc,phases      ] GC(701)   Other: 0.9ms
[120.515s][info][gc,heap        ] GC(701) Eden regions: 21->0(21)
[120.515s][info][gc,heap        ] GC(701) Survivor regions: 4->4(4)
[120.515s][info][gc,heap        ] GC(701) Old regions: 361->385
[120.515s][info][gc,heap        ] GC(701) Humongous regions: 116->116
[120.515s][info][gc,metaspace   ] GC(701) Metaspace: 14638K->14638K(31744K)
[120.515s][info][gc             ] GC(701) Pause Young (G1 Evacuation Pause) 498M->501M(512M) 105.674ms
[120.515s][info][gc,cpu         ] GC(701) User=0.67s Sys=0.00s Real=0.09s
[120.523s][info][gc,start       ] GC(702) Pause Young (G1 Evacuation Pause)
[120.524s][info][gc,task        ] GC(702) Using 8 workers of 8 for evacuation
[120.596s][info][gc             ] GC(702) To-space exhausted
[120.596s][info][gc,phases      ] GC(702)   Pre Evacuate Collection Set: 0.1ms
[120.596s][info][gc,phases      ] GC(702)   Evacuate Collection Set: 48.2ms
[120.596s][info][gc,phases      ] GC(702)   Post Evacuate Collection Set: 23.7ms
[120.596s][info][gc,phases      ] GC(702)   Other: 0.8ms
[120.596s][info][gc,heap        ] GC(702) Eden regions: 7->0(25)
[120.596s][info][gc,heap        ] GC(702) Survivor regions: 4->0(4)
[120.596s][info][gc,heap        ] GC(702) Old regions: 385->396
[120.596s][info][gc,heap        ] GC(702) Humongous regions: 116->116
[120.596s][info][gc,metaspace   ] GC(702) Metaspace: 14638K->14638K(31744K)
[120.596s][info][gc             ] GC(702) Pause Young (G1 Evacuation Pause) 508M->508M(512M) 73.024ms
[120.597s][info][gc,cpu         ] GC(702) User=0.48s Sys=0.00s Real=0.08s
[120.597s][info][gc,start       ] GC(703) Pause Young (G1 Evacuation Pause)
[120.597s][info][gc,task        ] GC(703) Using 8 workers of 8 for evacuation
[120.610s][info][gc,phases      ] GC(703)   Pre Evacuate Collection Set: 0.0ms
[120.610s][info][gc,phases      ] GC(703)   Evacuate Collection Set: 11.9ms
[120.610s][info][gc,phases      ] GC(703)   Post Evacuate Collection Set: 0.6ms
[120.610s][info][gc,phases      ] GC(703)   Other: 0.5ms
[120.610s][info][gc,heap        ] GC(703) Eden regions: 0->0(25)
[120.610s][info][gc,heap        ] GC(703) Survivor regions: 0->0(4)
[120.610s][info][gc,heap        ] GC(703) Old regions: 396->396
[120.610s][info][gc,heap        ] GC(703) Humongous regions: 116->116
[120.610s][info][gc,metaspace   ] GC(703) Metaspace: 14638K->14638K(31744K)
[120.611s][info][gc             ] GC(703) Pause Young (G1 Evacuation Pause) 508M->508M(512M) 13.299ms
[120.611s][info][gc,cpu         ] GC(703) User=0.00s Sys=0.02s Real=0.01s
[120.612s][info][gc,start       ] GC(704) Pause Full (Allocation Failure)
[120.614s][info][gc,phases,start] GC(704) Phase 1: Mark live objects
[120.713s][info][gc,stringtable ] GC(704) Cleaned string and symbol table, strings: 7276 processed, 19 removed, symbols: 48818 processed, 0 removed
[120.714s][info][gc,phases      ] GC(704) Phase 1: Mark live objects 99.880ms
[120.714s][info][gc,phases,start] GC(704) Phase 2: Prepare for compaction
[120.720s][info][gc,phases      ] GC(704) Phase 2: Prepare for compaction 6.573ms
[120.720s][info][gc,phases,start] GC(704) Phase 3: Adjust pointers and remembered sets
[120.753s][info][gc,phases      ] GC(704) Phase 3: Adjust pointers and remembered sets 32.728ms
[120.753s][info][gc,phases,start] GC(704) Phase 4: Compact heap
[120.764s][info][gc,phases      ] GC(704) Phase 4: Compact heap 11.185ms
[120.767s][info][gc,heap        ] GC(704) Eden regions: 0->0(101)
[120.767s][info][gc,heap        ] GC(704) Survivor regions: 0->0(4)
[120.767s][info][gc,heap        ] GC(704) Old regions: 396->37
[120.767s][info][gc,heap        ] GC(704) Humongous regions: 116->58
[120.767s][info][gc,metaspace   ] GC(704) Metaspace: 14638K->14638K(31744K)
[120.767s][info][gc             ] GC(704) Pause Full (Allocation Failure) 508M->91M(512M) 155.313ms
[120.768s][info][gc,cpu         ] GC(704) User=1.13s Sys=0.00s Real=0.16s
[120.768s][info][gc,marking     ] GC(697) Concurrent Mark From Roots 818.231ms
[120.768s][info][gc,marking     ] GC(697) Concurrent Mark Abort
[120.768s][info][gc             ] GC(697) Concurrent Cycle 840.201ms
[120.859s][info][gc,start       ] GC(705) Pause Young (G1 Evacuation Pause)
[120.884s][info][gc,task        ] GC(705) Using 8 workers of 8 for evacuation
[121.049s][info][gc,phases      ] GC(705)   Pre Evacuate Collection Set: 0.0ms
[121.049s][info][gc,phases      ] GC(705)   Evacuate Collection Set: 163.4ms
[121.049s][info][gc,phases      ] GC(705)   Post Evacuate Collection Set: 1.3ms
[121.049s][info][gc,phases      ] GC(705)   Other: 25.4ms
[121.049s][info][gc,heap        ] GC(705) Eden regions: 101->0(83)
[121.049s][info][gc,heap        ] GC(705) Survivor regions: 0->13(13)
[121.049s][info][gc,heap        ] GC(705) Old regions: 37->125
[121.049s][info][gc,heap        ] GC(705) Humongous regions: 58->58
[121.049s][info][gc,metaspace   ] GC(705) Metaspace: 14648K->14648K(31744K)
[121.049s][info][gc             ] GC(705) Pause Young (G1 Evacuation Pause) 192M->192M(512M) 190.424ms
[121.049s][info][gc,cpu         ] GC(705) User=1.34s Sys=0.03s Real=0.20s
[121.151s][info][gc,start       ] GC(706) Pause Young (G1 Evacuation Pause)
[121.151s][info][gc,task        ] GC(706) Using 8 workers of 8 for evacuation
[121.393s][info][gc,mmu         ] GC(706) MMU target violated: 201.0ms (200.0ms/201.0ms)
[121.393s][info][gc,phases      ] GC(706)   Pre Evacuate Collection Set: 0.0ms
[121.393s][info][gc,phases      ] GC(706)   Evacuate Collection Set: 239.4ms
[121.393s][info][gc,phases      ] GC(706)   Post Evacuate Collection Set: 1.4ms
[121.393s][info][gc,phases      ] GC(706)   Other: 0.7ms
[121.393s][info][gc,heap        ] GC(706) Eden regions: 83->0(56)
[121.393s][info][gc,heap        ] GC(706) Survivor regions: 13->12(12)
[121.393s][info][gc,heap        ] GC(706) Old regions: 125->211
[121.393s][info][gc,heap        ] GC(706) Humongous regions: 58->58
[121.393s][info][gc,metaspace   ] GC(706) Metaspace: 14648K->14648K(31744K)
[121.393s][info][gc             ] GC(706) Pause Young (G1 Evacuation Pause) 275M->277M(512M) 241.925ms
[121.393s][info][gc,cpu         ] GC(706) User=1.66s Sys=0.17s Real=0.24s
[121.490s][info][gc,start       ] GC(707) Pause Initial Mark (G1 Evacuation Pause)
[121.490s][info][gc,task        ] GC(707) Using 8 workers of 8 for evacuation
[121.629s][info][gc,phases      ] GC(707)   Pre Evacuate Collection Set: 0.1ms
[121.629s][info][gc,phases      ] GC(707)   Evacuate Collection Set: 137.6ms
[121.629s][info][gc,phases      ] GC(707)   Post Evacuate Collection Set: 1.0ms
[121.629s][info][gc,phases      ] GC(707)   Other: 0.6ms
[121.629s][info][gc,heap        ] GC(707) Eden regions: 56->0(37)
[121.629s][info][gc,heap        ] GC(707) Survivor regions: 12->9(9)
[121.629s][info][gc,heap        ] GC(707) Old regions: 211->272
[121.629s][info][gc,heap        ] GC(707) Humongous regions: 58->58
[121.629s][info][gc,metaspace   ] GC(707) Metaspace: 14656K->14656K(31744K)
[121.630s][info][gc             ] GC(707) Pause Initial Mark (G1 Evacuation Pause) 333M->335M(512M) 139.797ms
[121.630s][info][gc,cpu         ] GC(707) User=1.03s Sys=0.00s Real=0.14s
[121.630s][info][gc             ] GC(708) Concurrent Cycle
[121.630s][info][gc,marking     ] GC(708) Concurrent Clear Claimed Marks
[121.630s][info][gc,marking     ] GC(708) Concurrent Clear Claimed Marks 0.220ms
[121.630s][info][gc,marking     ] GC(708) Concurrent Scan Root Regions
[121.653s][info][gc,marking     ] GC(708) Concurrent Scan Root Regions 22.986ms
[121.653s][info][gc,marking     ] GC(708) Concurrent Mark (121.653s)
[121.653s][info][gc,marking     ] GC(708) Concurrent Mark From Roots
[121.653s][info][gc,task        ] GC(708) Using 2 workers of 2 for marking
[121.691s][info][gc,start       ] GC(709) Pause Young (G1 Evacuation Pause)
[121.691s][info][gc,task        ] GC(709) Using 8 workers of 8 for evacuation
[121.777s][info][gc,phases      ] GC(709)   Pre Evacuate Collection Set: 0.0ms
[121.778s][info][gc,phases      ] GC(709)   Evacuate Collection Set: 84.7ms
[121.778s][info][gc,phases      ] GC(709)   Post Evacuate Collection Set: 0.9ms
[121.778s][info][gc,phases      ] GC(709)   Other: 0.5ms
[121.778s][info][gc,heap        ] GC(709) Eden regions: 37->0(25)
[121.778s][info][gc,heap        ] GC(709) Survivor regions: 9->6(6)
[121.778s][info][gc,heap        ] GC(709) Old regions: 272->314
[121.778s][info][gc,heap        ] GC(709) Humongous regions: 58->58
[121.778s][info][gc,metaspace   ] GC(709) Metaspace: 14656K->14656K(31744K)
[121.778s][info][gc             ] GC(709) Pause Young (G1 Evacuation Pause) 372M->374M(512M) 86.597ms
[121.778s][info][gc,cpu         ] GC(709) User=0.75s Sys=0.00s Real=0.09s
[121.803s][info][gc,start       ] GC(710) Pause Young (G1 Evacuation Pause)
[121.803s][info][gc,task        ] GC(710) Using 8 workers of 8 for evacuation
[121.872s][info][gc,phases      ] GC(710)   Pre Evacuate Collection Set: 0.0ms
[121.872s][info][gc,phases      ] GC(710)   Evacuate Collection Set: 67.0ms
[121.872s][info][gc,phases      ] GC(710)   Post Evacuate Collection Set: 0.8ms
[121.872s][info][gc,phases      ] GC(710)   Other: 0.6ms
[121.872s][info][gc,heap        ] GC(710) Eden regions: 25->0(21)
[121.872s][info][gc,heap        ] GC(710) Survivor regions: 6->4(4)
[121.872s][info][gc,heap        ] GC(710) Old regions: 314->343
[121.872s][info][gc,heap        ] GC(710) Humongous regions: 58->58
[121.872s][info][gc,metaspace   ] GC(710) Metaspace: 14656K->14656K(31744K)
[121.872s][info][gc             ] GC(710) Pause Young (G1 Evacuation Pause) 399M->401M(512M) 68.872ms
[121.872s][info][gc,cpu         ] GC(710) User=0.59s Sys=0.02s Real=0.08s
[121.892s][info][gc,start       ] GC(711) Pause Young (G1 Humongous Allocation)
[121.892s][info][gc,task        ] GC(711) Using 8 workers of 8 for evacuation
[121.939s][info][gc,phases      ] GC(711)   Pre Evacuate Collection Set: 0.0ms
[121.939s][info][gc,phases      ] GC(711)   Evacuate Collection Set: 45.6ms
[121.939s][info][gc,phases      ] GC(711)   Post Evacuate Collection Set: 0.8ms
[121.939s][info][gc,phases      ] GC(711)   Other: 0.6ms
[121.939s][info][gc,heap        ] GC(711) Eden regions: 19->0(21)
[121.939s][info][gc,heap        ] GC(711) Survivor regions: 4->4(4)
[121.939s][info][gc,heap        ] GC(711) Old regions: 343->364
[121.939s][info][gc,heap        ] GC(711) Humongous regions: 58->58
[121.939s][info][gc,metaspace   ] GC(711) Metaspace: 14656K->14656K(31744K)
[121.939s][info][gc             ] GC(711) Pause Young (G1 Humongous Allocation) 420M->421M(512M) 47.421ms
[121.939s][info][gc,cpu         ] GC(711) User=0.38s Sys=0.00s Real=0.05s
[121.940s][info][gc,start       ] GC(712) Pause Full (Allocation Failure)
[121.942s][info][gc,phases,start] GC(712) Phase 1: Mark live objects
[121.950s][info][gc,stringtable ] GC(712) Cleaned string and symbol table, strings: 7278 processed, 20 removed, symbols: 48818 processed, 0 removed
[121.950s][info][gc,phases      ] GC(712) Phase 1: Mark live objects 8.747ms
[121.950s][info][gc,phases,start] GC(712) Phase 2: Prepare for compaction
[121.952s][info][gc,phases      ] GC(712) Phase 2: Prepare for compaction 1.523ms
[121.952s][info][gc,phases,start] GC(712) Phase 3: Adjust pointers and remembered sets
[121.956s][info][gc,phases      ] GC(712) Phase 3: Adjust pointers and remembered sets 4.350ms
[121.957s][info][gc,phases,start] GC(712) Phase 4: Compact heap
[121.958s][info][gc,phases      ] GC(712) Phase 4: Compact heap 1.477ms
[121.960s][info][gc,heap        ] GC(712) Eden regions: 0->0(95)
[121.960s][info][gc,heap        ] GC(712) Survivor regions: 4->0(4)
[121.960s][info][gc,heap        ] GC(712) Old regions: 364->11
[121.960s][info][gc,heap        ] GC(712) Humongous regions: 58->0
[121.960s][info][gc,metaspace   ] GC(712) Metaspace: 14656K->14656K(31744K)
[121.960s][info][gc             ] GC(712) Pause Full (Allocation Failure) 421M->5M(512M) 19.863ms
[121.961s][info][gc,cpu         ] GC(712) User=0.13s Sys=0.00s Real=0.02s
[121.961s][info][gc,marking     ] GC(708) Concurrent Mark From Roots 307.950ms
[121.961s][info][gc,marking     ] GC(708) Concurrent Mark Abort
[121.961s][info][gc             ] GC(708) Concurrent Cycle 331.494ms
[122.043s][info][gc,start       ] GC(713) Pause Young (G1 Evacuation Pause)
[122.044s][info][gc,task        ] GC(713) Using 8 workers of 8 for evacuation
[122.171s][info][gc,phases      ] GC(713)   Pre Evacuate Collection Set: 0.1ms
[122.171s][info][gc,phases      ] GC(713)   Evacuate Collection Set: 125.9ms
[122.171s][info][gc,phases      ] GC(713)   Post Evacuate Collection Set: 1.3ms
[122.171s][info][gc,phases      ] GC(713)   Other: 0.6ms
[122.171s][info][gc,heap        ] GC(713) Eden regions: 95->0(91)
[122.172s][info][gc,heap        ] GC(713) Survivor regions: 0->12(12)
[122.172s][info][gc,heap        ] GC(713) Old regions: 11->96
[122.172s][info][gc,heap        ] GC(713) Humongous regions: 59->59
[122.172s][info][gc,metaspace   ] GC(713) Metaspace: 14656K->14656K(31744K)
[122.172s][info][gc             ] GC(713) Pause Young (G1 Evacuation Pause) 159M->161M(512M) 128.405ms
[122.172s][info][gc,cpu         ] GC(713) User=1.00s Sys=0.00s Real=0.13s
[122.291s][info][gc,start       ] GC(714) Pause Young (G1 Evacuation Pause)
[122.291s][info][gc,task        ] GC(714) Using 8 workers of 8 for evacuation
[122.451s][info][gc,phases      ] GC(714)   Pre Evacuate Collection Set: 0.1ms
[122.451s][info][gc,phases      ] GC(714)   Evacuate Collection Set: 157.7ms
[122.451s][info][gc,phases      ] GC(714)   Post Evacuate Collection Set: 1.6ms
[122.451s][info][gc,phases      ] GC(714)   Other: 0.7ms
[122.451s][info][gc,heap        ] GC(714) Eden regions: 91->0(62)
[122.451s][info][gc,heap        ] GC(714) Survivor regions: 12->13(13)
[122.451s][info][gc,heap        ] GC(714) Old regions: 96->188
[122.451s][info][gc,heap        ] GC(714) Humongous regions: 59->59
[122.451s][info][gc,metaspace   ] GC(714) Metaspace: 14656K->14656K(31744K)
[122.451s][info][gc             ] GC(714) Pause Young (G1 Evacuation Pause) 252M->253M(512M) 160.433ms
[122.452s][info][gc,cpu         ] GC(714) User=1.00s Sys=0.05s Real=0.17s
[122.555s][info][gc,start       ] GC(715) Pause Initial Mark (G1 Evacuation Pause)
[122.555s][info][gc,task        ] GC(715) Using 8 workers of 8 for evacuation
[122.677s][info][gc,phases      ] GC(715)   Pre Evacuate Collection Set: 0.1ms
[122.677s][info][gc,phases      ] GC(715)   Evacuate Collection Set: 120.4ms
[122.677s][info][gc,phases      ] GC(715)   Post Evacuate Collection Set: 1.1ms
[122.677s][info][gc,phases      ] GC(715)   Other: 0.6ms
[122.677s][info][gc,heap        ] GC(715) Eden regions: 62->0(42)
[122.677s][info][gc,heap        ] GC(715) Survivor regions: 13->10(10)
[122.677s][info][gc,heap        ] GC(715) Old regions: 188->255
[122.677s][info][gc,heap        ] GC(715) Humongous regions: 59->59
[122.677s][info][gc,metaspace   ] GC(715) Metaspace: 14656K->14656K(31744K)
[122.677s][info][gc             ] GC(715) Pause Initial Mark (G1 Evacuation Pause) 315M->318M(512M) 122.568ms
[122.678s][info][gc,cpu         ] GC(715) User=0.95s Sys=0.05s Real=0.13s
[122.678s][info][gc             ] GC(716) Concurrent Cycle
[122.678s][info][gc,marking     ] GC(716) Concurrent Clear Claimed Marks
[122.678s][info][gc,marking     ] GC(716) Concurrent Clear Claimed Marks 0.076ms
[122.678s][info][gc,marking     ] GC(716) Concurrent Scan Root Regions
[122.709s][info][gc,marking     ] GC(716) Concurrent Scan Root Regions 31.020ms
[122.709s][info][gc,marking     ] GC(716) Concurrent Mark (122.709s)
[122.709s][info][gc,marking     ] GC(716) Concurrent Mark From Roots
[122.709s][info][gc,task        ] GC(716) Using 2 workers of 2 for marking
[122.757s][info][gc,start       ] GC(717) Pause Young (G1 Evacuation Pause)
[122.757s][info][gc,task        ] GC(717) Using 8 workers of 8 for evacuation
[122.863s][info][gc,phases      ] GC(717)   Pre Evacuate Collection Set: 0.0ms
[122.863s][info][gc,phases      ] GC(717)   Evacuate Collection Set: 103.8ms
[122.863s][info][gc,phases      ] GC(717)   Post Evacuate Collection Set: 2.2ms
[122.863s][info][gc,phases      ] GC(717)   Other: 0.6ms
[122.864s][info][gc,heap        ] GC(717) Eden regions: 42->0(28)
[122.864s][info][gc,heap        ] GC(717) Survivor regions: 10->7(7)
[122.864s][info][gc,heap        ] GC(717) Old regions: 255->302
[122.864s][info][gc,heap        ] GC(717) Humongous regions: 59->59
[122.864s][info][gc,metaspace   ] GC(717) Metaspace: 14656K->14656K(31744K)
[122.864s][info][gc             ] GC(717) Pause Young (G1 Evacuation Pause) 360M->362M(512M) 107.072ms
[122.864s][info][gc,cpu         ] GC(717) User=0.78s Sys=0.00s Real=0.12s
[122.919s][info][gc,start       ] GC(718) Pause Young (G1 Evacuation Pause)
[122.919s][info][gc,task        ] GC(718) Using 8 workers of 8 for evacuation
[123.002s][info][gc,phases      ] GC(718)   Pre Evacuate Collection Set: 0.0ms
[123.002s][info][gc,phases      ] GC(718)   Evacuate Collection Set: 81.1ms
[123.002s][info][gc,phases      ] GC(718)   Post Evacuate Collection Set: 1.5ms
[123.002s][info][gc,phases      ] GC(718)   Other: 0.7ms
[123.003s][info][gc,heap        ] GC(718) Eden regions: 28->0(20)
[123.003s][info][gc,heap        ] GC(718) Survivor regions: 7->5(5)
[123.003s][info][gc,heap        ] GC(718) Old regions: 302->334
[123.003s][info][gc,heap        ] GC(718) Humongous regions: 59->59
[123.003s][info][gc,metaspace   ] GC(718) Metaspace: 14656K->14656K(31744K)
[123.003s][info][gc             ] GC(718) Pause Young (G1 Evacuation Pause) 390M->392M(512M) 83.913ms
[123.003s][info][gc,cpu         ] GC(718) User=0.63s Sys=0.00s Real=0.08s
[123.026s][info][gc,start       ] GC(719) Pause Young (G1 Evacuation Pause)
[123.027s][info][gc,task        ] GC(719) Using 8 workers of 8 for evacuation
[123.077s][info][gc,phases      ] GC(719)   Pre Evacuate Collection Set: 0.0ms
[123.077s][info][gc,phases      ] GC(719)   Evacuate Collection Set: 48.9ms
[123.077s][info][gc,phases      ] GC(719)   Post Evacuate Collection Set: 0.8ms
[123.077s][info][gc,phases      ] GC(719)   Other: 0.6ms
[123.077s][info][gc,heap        ] GC(719) Eden regions: 20->0(21)
[123.077s][info][gc,heap        ] GC(719) Survivor regions: 5->4(4)
[123.077s][info][gc,heap        ] GC(719) Old regions: 334->357
[123.077s][info][gc,heap        ] GC(719) Humongous regions: 59->59
[123.077s][info][gc,metaspace   ] GC(719) Metaspace: 14656K->14656K(31744K)
[123.077s][info][gc             ] GC(719) Pause Young (G1 Evacuation Pause) 412M->413M(512M) 50.890ms
[123.077s][info][gc,cpu         ] GC(719) User=0.42s Sys=0.00s Real=0.06s
[123.147s][info][gc,start       ] GC(720) Pause Young (G1 Evacuation Pause)
[123.147s][info][gc,task        ] GC(720) Using 8 workers of 8 for evacuation
[123.226s][info][gc             ] GC(720) To-space exhausted
[123.227s][info][gc,phases      ] GC(720)   Pre Evacuate Collection Set: 0.1ms
[123.227s][info][gc,phases      ] GC(720)   Evacuate Collection Set: 54.0ms
[123.227s][info][gc,phases      ] GC(720)   Post Evacuate Collection Set: 24.5ms
[123.227s][info][gc,phases      ] GC(720)   Other: 0.9ms
[123.227s][info][gc,heap        ] GC(720) Eden regions: 21->0(21)
[123.227s][info][gc,heap        ] GC(720) Survivor regions: 4->4(4)
[123.227s][info][gc,heap        ] GC(720) Old regions: 357->389
[123.227s][info][gc,heap        ] GC(720) Humongous regions: 118->118
[123.227s][info][gc,metaspace   ] GC(720) Metaspace: 14656K->14656K(31744K)
[123.227s][info][gc             ] GC(720) Pause Young (G1 Evacuation Pause) 493M->505M(512M) 80.120ms
[123.227s][info][gc,cpu         ] GC(720) User=0.56s Sys=0.03s Real=0.08s
[123.229s][info][gc,start       ] GC(721) Pause Young (G1 Evacuation Pause)
[123.229s][info][gc,task        ] GC(721) Using 8 workers of 8 for evacuation
[123.271s][info][gc             ] GC(721) To-space exhausted
[123.271s][info][gc,phases      ] GC(721)   Pre Evacuate Collection Set: 0.0ms
[123.271s][info][gc,phases      ] GC(721)   Evacuate Collection Set: 33.6ms
[123.271s][info][gc,phases      ] GC(721)   Post Evacuate Collection Set: 7.7ms
[123.271s][info][gc,phases      ] GC(721)   Other: 0.6ms
[123.271s][info][gc,heap        ] GC(721) Eden regions: 1->0(25)
[123.271s][info][gc,heap        ] GC(721) Survivor regions: 4->0(4)
[123.271s][info][gc,heap        ] GC(721) Old regions: 389->394
[123.271s][info][gc,heap        ] GC(721) Humongous regions: 118->118
[123.271s][info][gc,metaspace   ] GC(721) Metaspace: 14656K->14656K(31744K)
[123.271s][info][gc             ] GC(721) Pause Young (G1 Evacuation Pause) 506M->506M(512M) 42.250ms
[123.271s][info][gc,cpu         ] GC(721) User=0.38s Sys=0.00s Real=0.05s
[123.272s][info][gc,start       ] GC(722) Pause Young (G1 Evacuation Pause)
[123.272s][info][gc,task        ] GC(722) Using 8 workers of 8 for evacuation
[123.279s][info][gc,phases      ] GC(722)   Pre Evacuate Collection Set: 0.0ms
[123.279s][info][gc,phases      ] GC(722)   Evacuate Collection Set: 5.8ms
[123.279s][info][gc,phases      ] GC(722)   Post Evacuate Collection Set: 0.7ms
[123.279s][info][gc,phases      ] GC(722)   Other: 0.4ms
[123.279s][info][gc,heap        ] GC(722) Eden regions: 0->0(25)
[123.279s][info][gc,heap        ] GC(722) Survivor regions: 0->0(4)
[123.279s][info][gc,heap        ] GC(722) Old regions: 394->394
[123.279s][info][gc,heap        ] GC(722) Humongous regions: 118->118
[123.279s][info][gc,metaspace   ] GC(722) Metaspace: 14656K->14656K(31744K)
[123.279s][info][gc             ] GC(722) Pause Young (G1 Evacuation Pause) 506M->506M(512M) 7.422ms
[123.279s][info][gc,cpu         ] GC(722) User=0.00s Sys=0.00s Real=0.00s
[123.280s][info][gc,start       ] GC(723) Pause Full (Allocation Failure)
[123.282s][info][gc,phases,start] GC(723) Phase 1: Mark live objects
[123.339s][info][gc,stringtable ] GC(723) Cleaned string and symbol table, strings: 7277 processed, 19 removed, symbols: 48818 processed, 0 removed
[123.339s][info][gc,phases      ] GC(723) Phase 1: Mark live objects 57.103ms
[123.339s][info][gc,phases,start] GC(723) Phase 2: Prepare for compaction
[123.342s][info][gc,phases      ] GC(723) Phase 2: Prepare for compaction 3.045ms
[123.342s][info][gc,phases,start] GC(723) Phase 3: Adjust pointers and remembered sets
[123.375s][info][gc,phases      ] GC(723) Phase 3: Adjust pointers and remembered sets 32.331ms
[123.375s][info][gc,phases,start] GC(723) Phase 4: Compact heap
[123.381s][info][gc,phases      ] GC(723) Phase 4: Compact heap 6.142ms
[123.384s][info][gc,heap        ] GC(723) Eden regions: 0->0(121)
[123.384s][info][gc,heap        ] GC(723) Survivor regions: 0->0(4)
[123.384s][info][gc,heap        ] GC(723) Old regions: 394->19
[123.384s][info][gc,heap        ] GC(723) Humongous regions: 118->59
[123.384s][info][gc,metaspace   ] GC(723) Metaspace: 14656K->14656K(31744K)
[123.384s][info][gc             ] GC(723) Pause Full (Allocation Failure) 506M->72M(512M) 103.989ms
[123.385s][info][gc,cpu         ] GC(723) User=0.67s Sys=0.02s Real=0.11s
[123.385s][info][gc,marking     ] GC(716) Concurrent Mark From Roots 675.600ms
[123.385s][info][gc,marking     ] GC(716) Concurrent Mark Abort
[123.385s][info][gc             ] GC(716) Concurrent Cycle 707.551ms
[123.491s][info][gc,start       ] GC(724) Pause Young (G1 Evacuation Pause)
[123.491s][info][gc,task        ] GC(724) Using 8 workers of 8 for evacuation
[123.658s][info][gc,phases      ] GC(724)   Pre Evacuate Collection Set: 0.1ms
[123.658s][info][gc,phases      ] GC(724)   Evacuate Collection Set: 164.7ms
[123.658s][info][gc,phases      ] GC(724)   Post Evacuate Collection Set: 2.0ms
[123.666s][info][gc,phases      ] GC(724)   Other: 0.8ms
[123.666s][info][gc,heap        ] GC(724) Eden regions: 121->0(82)
[123.666s][info][gc,heap        ] GC(724) Survivor regions: 0->16(16)
[123.666s][info][gc,heap        ] GC(724) Old regions: 19->124
[123.666s][info][gc,heap        ] GC(724) Humongous regions: 59->59
[123.666s][info][gc,metaspace   ] GC(724) Metaspace: 14656K->14656K(31744K)
[123.667s][info][gc             ] GC(724) Pause Young (G1 Evacuation Pause) 193M->193M(512M) 175.979ms
[123.667s][info][gc,cpu         ] GC(724) User=1.16s Sys=0.06s Real=0.17s
[124.266s][info][gc,start       ] GC(725) Pause Young (G1 Evacuation Pause)
[124.266s][info][gc,task        ] GC(725) Using 8 workers of 8 for evacuation
[124.472s][info][gc,mmu         ] GC(725) MMU target violated: 201.0ms (200.0ms/201.0ms)
[124.472s][info][gc,phases      ] GC(725)   Pre Evacuate Collection Set: 0.1ms
[124.472s][info][gc,phases      ] GC(725)   Evacuate Collection Set: 203.2ms
[124.472s][info][gc,phases      ] GC(725)   Post Evacuate Collection Set: 1.6ms
[124.472s][info][gc,phases      ] GC(725)   Other: 1.0ms
[124.472s][info][gc,heap        ] GC(725) Eden regions: 82->0(55)
[124.472s][info][gc,heap        ] GC(725) Survivor regions: 16->13(13)
[124.472s][info][gc,heap        ] GC(725) Old regions: 124->210
[124.472s][info][gc,heap        ] GC(725) Humongous regions: 59->59
[124.472s][info][gc,metaspace   ] GC(725) Metaspace: 14678K->14678K(31744K)
[124.472s][info][gc             ] GC(725) Pause Young (G1 Evacuation Pause) 275M->276M(512M) 206.123ms
[124.472s][info][gc,cpu         ] GC(725) User=1.38s Sys=0.05s Real=0.20s
[124.582s][info][gc,start       ] GC(726) Pause Initial Mark (G1 Evacuation Pause)
[124.583s][info][gc,task        ] GC(726) Using 8 workers of 8 for evacuation
[124.742s][info][gc,phases      ] GC(726)   Pre Evacuate Collection Set: 0.1ms
[124.742s][info][gc,phases      ] GC(726)   Evacuate Collection Set: 157.9ms
[124.742s][info][gc,phases      ] GC(726)   Post Evacuate Collection Set: 1.2ms
[124.742s][info][gc,phases      ] GC(726)   Other: 0.7ms
[124.743s][info][gc,heap        ] GC(726) Eden regions: 55->0(37)
[124.743s][info][gc,heap        ] GC(726) Survivor regions: 13->9(9)
[124.743s][info][gc,heap        ] GC(726) Old regions: 210->271
[124.743s][info][gc,heap        ] GC(726) Humongous regions: 59->59
[124.743s][info][gc,metaspace   ] GC(726) Metaspace: 14678K->14678K(31744K)
[124.743s][info][gc             ] GC(726) Pause Initial Mark (G1 Evacuation Pause) 331M->333M(512M) 160.572ms
[124.743s][info][gc,cpu         ] GC(726) User=1.22s Sys=0.02s Real=0.16s
[124.743s][info][gc             ] GC(727) Concurrent Cycle
[124.743s][info][gc,marking     ] GC(727) Concurrent Clear Claimed Marks
[124.743s][info][gc,marking     ] GC(727) Concurrent Clear Claimed Marks 0.103ms
[124.744s][info][gc,marking     ] GC(727) Concurrent Scan Root Regions
[124.752s][info][gc,marking     ] GC(727) Concurrent Scan Root Regions 8.825ms
[124.752s][info][gc,marking     ] GC(727) Concurrent Mark (124.752s)
[124.752s][info][gc,marking     ] GC(727) Concurrent Mark From Roots
[124.752s][info][gc,task        ] GC(727) Using 2 workers of 2 for marking
[124.812s][info][gc,start       ] GC(728) Pause Young (G1 Evacuation Pause)
[124.812s][info][gc,task        ] GC(728) Using 8 workers of 8 for evacuation
[124.909s][info][gc,phases      ] GC(728)   Pre Evacuate Collection Set: 0.0ms
[124.909s][info][gc,phases      ] GC(728)   Evacuate Collection Set: 94.5ms
[124.909s][info][gc,phases      ] GC(728)   Post Evacuate Collection Set: 1.4ms
[124.909s][info][gc,phases      ] GC(728)   Other: 0.6ms
[124.909s][info][gc,heap        ] GC(728) Eden regions: 37->0(25)
[124.909s][info][gc,heap        ] GC(728) Survivor regions: 9->6(6)
[124.909s][info][gc,heap        ] GC(728) Old regions: 271->312
[124.909s][info][gc,heap        ] GC(728) Humongous regions: 59->59
[124.909s][info][gc,metaspace   ] GC(728) Metaspace: 14678K->14678K(31744K)
[124.910s][info][gc             ] GC(728) Pause Young (G1 Evacuation Pause) 370M->371M(512M) 97.330ms
[124.910s][info][gc,cpu         ] GC(728) User=0.73s Sys=0.00s Real=0.09s
[124.986s][info][gc,start       ] GC(729) Pause Young (G1 Evacuation Pause)
[124.986s][info][gc,task        ] GC(729) Using 8 workers of 8 for evacuation
[125.061s][info][gc,phases      ] GC(729)   Pre Evacuate Collection Set: 0.1ms
[125.061s][info][gc,phases      ] GC(729)   Evacuate Collection Set: 72.9ms
[125.061s][info][gc,phases      ] GC(729)   Post Evacuate Collection Set: 1.0ms
[125.061s][info][gc,phases      ] GC(729)   Other: 0.7ms
[125.061s][info][gc,heap        ] GC(729) Eden regions: 25->0(21)
[125.061s][info][gc,heap        ] GC(729) Survivor regions: 6->4(4)
[125.061s][info][gc,heap        ] GC(729) Old regions: 312->341
[125.061s][info][gc,heap        ] GC(729) Humongous regions: 59->59
[125.061s][info][gc,metaspace   ] GC(729) Metaspace: 14678K->14678K(31744K)
[125.061s][info][gc             ] GC(729) Pause Young (G1 Evacuation Pause) 396M->398M(512M) 75.002ms
[125.061s][info][gc,cpu         ] GC(729) User=0.53s Sys=0.00s Real=0.07s
[125.978s][info][gc,start       ] GC(730) Pause Young (G1 Evacuation Pause)
[125.978s][info][gc,task        ] GC(730) Using 8 workers of 8 for evacuation
[126.046s][info][gc,phases      ] GC(730)   Pre Evacuate Collection Set: 0.0ms
[126.046s][info][gc,phases      ] GC(730)   Evacuate Collection Set: 64.1ms
[126.046s][info][gc,phases      ] GC(730)   Post Evacuate Collection Set: 4.0ms
[126.046s][info][gc,phases      ] GC(730)   Other: 0.5ms
[126.046s][info][gc,heap        ] GC(730) Eden regions: 21->0(21)
[126.046s][info][gc,heap        ] GC(730) Survivor regions: 4->4(4)
[126.046s][info][gc,heap        ] GC(730) Old regions: 341->364
[126.046s][info][gc,heap        ] GC(730) Humongous regions: 59->59
[126.046s][info][gc,metaspace   ] GC(730) Metaspace: 14678K->14678K(31744K)
[126.047s][info][gc             ] GC(730) Pause Young (G1 Evacuation Pause) 419M->421M(512M) 69.075ms
[126.047s][info][gc,cpu         ] GC(730) User=0.48s Sys=0.00s Real=0.07s
[126.959s][info][gc,start       ] GC(731) Pause Young (G1 Humongous Allocation)
[126.960s][info][gc,task        ] GC(731) Using 8 workers of 8 for evacuation
[127.016s][info][gc,phases      ] GC(731)   Pre Evacuate Collection Set: 0.0ms
[127.016s][info][gc,phases      ] GC(731)   Evacuate Collection Set: 54.4ms
[127.016s][info][gc,phases      ] GC(731)   Post Evacuate Collection Set: 1.5ms
[127.016s][info][gc,phases      ] GC(731)   Other: 0.6ms
[127.016s][info][gc,heap        ] GC(731) Eden regions: 6->0(21)
[127.016s][info][gc,heap        ] GC(731) Survivor regions: 4->4(4)
[127.016s][info][gc,heap        ] GC(731) Old regions: 364->371
[127.016s][info][gc,heap        ] GC(731) Humongous regions: 59->59
[127.016s][info][gc,metaspace   ] GC(731) Metaspace: 14678K->14678K(31744K)
[127.016s][info][gc             ] GC(731) Pause Young (G1 Humongous Allocation) 427M->428M(512M) 56.973ms
[127.016s][info][gc,cpu         ] GC(731) User=0.41s Sys=0.00s Real=0.06s
[127.018s][info][gc,start       ] GC(732) Pause Full (Allocation Failure)
[127.025s][info][gc,phases,start] GC(732) Phase 1: Mark live objects
[127.040s][info][gc,stringtable ] GC(732) Cleaned string and symbol table, strings: 7396 processed, 138 removed, symbols: 48824 processed, 0 removed
[127.040s][info][gc,phases      ] GC(732) Phase 1: Mark live objects 15.734ms
[127.041s][info][gc,phases,start] GC(732) Phase 2: Prepare for compaction
[127.044s][info][gc,phases      ] GC(732) Phase 2: Prepare for compaction 3.145ms
[127.044s][info][gc,phases,start] GC(732) Phase 3: Adjust pointers and remembered sets
[127.049s][info][gc,phases      ] GC(732) Phase 3: Adjust pointers and remembered sets 4.885ms
[127.049s][info][gc,phases,start] GC(732) Phase 4: Compact heap
[127.051s][info][gc,phases      ] GC(732) Phase 4: Compact heap 2.047ms
[127.053s][info][gc,heap        ] GC(732) Eden regions: 0->0(101)
[127.053s][info][gc,heap        ] GC(732) Survivor regions: 4->0(4)
[127.053s][info][gc,heap        ] GC(732) Old regions: 371->11
[127.053s][info][gc,heap        ] GC(732) Humongous regions: 59->0
[127.053s][info][gc,metaspace   ] GC(732) Metaspace: 14678K->14678K(31744K)
[127.053s][info][gc             ] GC(732) Pause Full (Allocation Failure) 428M->5M(512M) 35.793ms
[127.054s][info][gc,cpu         ] GC(732) User=0.11s Sys=0.02s Real=0.03s
[127.055s][info][gc,marking     ] GC(727) Concurrent Mark From Roots 2302.026ms
[127.055s][info][gc,marking     ] GC(727) Concurrent Mark Abort
[127.055s][info][gc             ] GC(727) Concurrent Cycle 2311.369ms
[127.290s][info][gc,start       ] GC(733) Pause Young (G1 Evacuation Pause)
[127.291s][info][gc,task        ] GC(733) Using 8 workers of 8 for evacuation
[127.559s][info][gc,mmu         ] GC(733) MMU target violated: 201.0ms (200.0ms/201.0ms)
[127.559s][info][gc,phases      ] GC(733)   Pre Evacuate Collection Set: 0.0ms
[127.559s][info][gc,phases      ] GC(733)   Evacuate Collection Set: 266.0ms
[127.559s][info][gc,phases      ] GC(733)   Post Evacuate Collection Set: 1.6ms
[127.559s][info][gc,phases      ] GC(733)   Other: 1.0ms
[127.559s][info][gc,heap        ] GC(733) Eden regions: 101->0(76)
[127.559s][info][gc,heap        ] GC(733) Survivor regions: 0->13(13)
[127.559s][info][gc,heap        ] GC(733) Old regions: 11->100
[127.559s][info][gc,heap        ] GC(733) Humongous regions: 60->60
[127.559s][info][gc,metaspace   ] GC(733) Metaspace: 14678K->14678K(31744K)
[127.559s][info][gc             ] GC(733) Pause Young (G1 Evacuation Pause) 166M->167M(512M) 268.913ms
[127.559s][info][gc,cpu         ] GC(733) User=2.05s Sys=0.02s Real=0.28s
[127.655s][info][gc,start       ] GC(734) Pause Young (G1 Evacuation Pause)
[127.655s][info][gc,task        ] GC(734) Using 8 workers of 8 for evacuation
[127.816s][info][gc,phases      ] GC(734)   Pre Evacuate Collection Set: 0.0ms
[127.816s][info][gc,phases      ] GC(734)   Evacuate Collection Set: 154.4ms
[127.816s][info][gc,phases      ] GC(734)   Post Evacuate Collection Set: 5.7ms
[127.816s][info][gc,phases      ] GC(734)   Other: 0.7ms
[127.816s][info][gc,heap        ] GC(734) Eden regions: 76->0(65)
[127.816s][info][gc,heap        ] GC(734) Survivor regions: 13->12(12)
[127.816s][info][gc,heap        ] GC(734) Old regions: 100->178
[127.816s][info][gc,heap        ] GC(734) Humongous regions: 60->60
[127.816s][info][gc,metaspace   ] GC(734) Metaspace: 14678K->14678K(31744K)
[127.816s][info][gc             ] GC(734) Pause Young (G1 Evacuation Pause) 243M->244M(512M) 161.219ms
[127.816s][info][gc,cpu         ] GC(734) User=1.25s Sys=0.00s Real=0.15s
[127.950s][info][gc,start       ] GC(735) Pause Young (G1 Evacuation Pause)
[127.950s][info][gc,task        ] GC(735) Using 8 workers of 8 for evacuation
[128.079s][info][gc,phases      ] GC(735)   Pre Evacuate Collection Set: 0.0ms
[128.079s][info][gc,phases      ] GC(735)   Evacuate Collection Set: 126.7ms
[128.079s][info][gc,phases      ] GC(735)   Post Evacuate Collection Set: 1.8ms
[128.079s][info][gc,phases      ] GC(735)   Other: 0.9ms
[128.079s][info][gc,heap        ] GC(735) Eden regions: 65->0(44)
[128.079s][info][gc,heap        ] GC(735) Survivor regions: 12->10(10)
[128.079s][info][gc,heap        ] GC(735) Old regions: 178->247
[128.079s][info][gc,heap        ] GC(735) Humongous regions: 60->60
[128.079s][info][gc,metaspace   ] GC(735) Metaspace: 14696K->14696K(31744K)
[128.080s][info][gc             ] GC(735) Pause Young (G1 Evacuation Pause) 309M->311M(512M) 129.713ms
[128.080s][info][gc,cpu         ] GC(735) User=1.00s Sys=0.00s Real=0.12s
[128.813s][info][gc,start       ] GC(736) Pause Initial Mark (G1 Evacuation Pause)
[128.814s][info][gc,task        ] GC(736) Using 8 workers of 8 for evacuation
[128.948s][info][gc,phases      ] GC(736)   Pre Evacuate Collection Set: 0.1ms
[128.948s][info][gc,phases      ] GC(736)   Evacuate Collection Set: 131.0ms
[128.948s][info][gc,phases      ] GC(736)   Post Evacuate Collection Set: 2.6ms
[128.948s][info][gc,phases      ] GC(736)   Other: 0.7ms
[128.948s][info][gc,heap        ] GC(736) Eden regions: 44->0(30)
[128.948s][info][gc,heap        ] GC(736) Survivor regions: 10->7(7)
[128.948s][info][gc,heap        ] GC(736) Old regions: 247->296
[128.948s][info][gc,heap        ] GC(736) Humongous regions: 60->60
[128.949s][info][gc,metaspace   ] GC(736) Metaspace: 14696K->14696K(31744K)
[128.949s][info][gc             ] GC(736) Pause Initial Mark (G1 Evacuation Pause) 355M->357M(512M) 135.258ms
[128.949s][info][gc,cpu         ] GC(736) User=0.97s Sys=0.03s Real=0.13s
[128.949s][info][gc             ] GC(737) Concurrent Cycle
[128.949s][info][gc,marking     ] GC(737) Concurrent Clear Claimed Marks
[128.949s][info][gc,marking     ] GC(737) Concurrent Clear Claimed Marks 0.088ms
[128.949s][info][gc,marking     ] GC(737) Concurrent Scan Root Regions
[128.958s][info][gc,marking     ] GC(737) Concurrent Scan Root Regions 9.017ms
[128.958s][info][gc,marking     ] GC(737) Concurrent Mark (128.958s)
[128.958s][info][gc,marking     ] GC(737) Concurrent Mark From Roots
[128.958s][info][gc,task        ] GC(737) Using 2 workers of 2 for marking
[129.004s][info][gc,start       ] GC(738) Pause Young (G1 Evacuation Pause)
[129.004s][info][gc,task        ] GC(738) Using 8 workers of 8 for evacuation
[129.078s][info][gc,phases      ] GC(738)   Pre Evacuate Collection Set: 0.0ms
[129.078s][info][gc,phases      ] GC(738)   Evacuate Collection Set: 72.4ms
[129.078s][info][gc,phases      ] GC(738)   Post Evacuate Collection Set: 1.2ms
[129.078s][info][gc,phases      ] GC(738)   Other: 0.6ms
[129.078s][info][gc,heap        ] GC(738) Eden regions: 30->0(20)
[129.078s][info][gc,heap        ] GC(738) Survivor regions: 7->5(5)
[129.078s][info][gc,heap        ] GC(738) Old regions: 296->331
[129.078s][info][gc,heap        ] GC(738) Humongous regions: 60->60
[129.078s][info][gc,metaspace   ] GC(738) Metaspace: 14696K->14696K(31744K)
[129.078s][info][gc             ] GC(738) Pause Young (G1 Evacuation Pause) 387M->390M(512M) 74.504ms
[129.078s][info][gc,cpu         ] GC(738) User=0.63s Sys=0.00s Real=0.08s
[129.880s][info][gc,start       ] GC(739) Pause Young (G1 Evacuation Pause)
[129.881s][info][gc,task        ] GC(739) Using 8 workers of 8 for evacuation
[129.972s][info][gc,phases      ] GC(739)   Pre Evacuate Collection Set: 0.0ms
[129.972s][info][gc,phases      ] GC(739)   Evacuate Collection Set: 82.2ms
[129.972s][info][gc,phases      ] GC(739)   Post Evacuate Collection Set: 9.1ms
[129.972s][info][gc,phases      ] GC(739)   Other: 0.5ms
[129.972s][info][gc,heap        ] GC(739) Eden regions: 20->0(21)
[129.972s][info][gc,heap        ] GC(739) Survivor regions: 5->4(4)
[129.972s][info][gc,heap        ] GC(739) Old regions: 331->354
[129.972s][info][gc,heap        ] GC(739) Humongous regions: 60->60
[129.973s][info][gc,metaspace   ] GC(739) Metaspace: 14696K->14696K(31744K)
[129.973s][info][gc             ] GC(739) Pause Young (G1 Evacuation Pause) 410M->412M(512M) 92.185ms
[129.973s][info][gc,cpu         ] GC(739) User=0.69s Sys=0.02s Real=0.09s
[130.067s][info][gc,start       ] GC(740) Pause Young (G1 Evacuation Pause)
[130.068s][info][gc,task        ] GC(740) Using 8 workers of 8 for evacuation
[130.145s][info][gc             ] GC(740) To-space exhausted
[130.145s][info][gc,phases      ] GC(740)   Pre Evacuate Collection Set: 0.1ms
[130.146s][info][gc,phases      ] GC(740)   Evacuate Collection Set: 61.1ms
[130.146s][info][gc,phases      ] GC(740)   Post Evacuate Collection Set: 16.2ms
[130.146s][info][gc,phases      ] GC(740)   Other: 0.7ms
[130.146s][info][gc,heap        ] GC(740) Eden regions: 21->0(21)
[130.146s][info][gc,heap        ] GC(740) Survivor regions: 4->4(4)
[130.146s][info][gc,heap        ] GC(740) Old regions: 354->388
[130.146s][info][gc,heap        ] GC(740) Humongous regions: 120->120
[130.146s][info][gc,metaspace   ] GC(740) Metaspace: 14696K->14696K(31744K)
[130.146s][info][gc             ] GC(740) Pause Young (G1 Evacuation Pause) 493M->506M(512M) 78.420ms
[130.146s][info][gc,cpu         ] GC(740) User=0.64s Sys=0.00s Real=0.09s
[131.056s][info][gc,start       ] GC(741) Pause Young (G1 Evacuation Pause)
[131.056s][info][gc,task        ] GC(741) Using 8 workers of 8 for evacuation
[131.118s][info][gc             ] GC(741) To-space exhausted
[131.118s][info][gc,phases      ] GC(741)   Pre Evacuate Collection Set: 0.1ms
[131.118s][info][gc,phases      ] GC(741)   Evacuate Collection Set: 54.2ms
[131.118s][info][gc,phases      ] GC(741)   Post Evacuate Collection Set: 7.4ms
[131.118s][info][gc,phases      ] GC(741)   Other: 0.9ms
[131.118s][info][gc,heap        ] GC(741) Eden regions: 0->0(25)
[131.118s][info][gc,heap        ] GC(741) Survivor regions: 4->0(4)
[131.118s][info][gc,heap        ] GC(741) Old regions: 388->392
[131.118s][info][gc,heap        ] GC(741) Humongous regions: 120->120
[131.118s][info][gc,metaspace   ] GC(741) Metaspace: 14696K->14696K(31744K)
[131.119s][info][gc             ] GC(741) Pause Young (G1 Evacuation Pause) 506M->506M(512M) 62.988ms
[131.119s][info][gc,cpu         ] GC(741) User=0.30s Sys=0.00s Real=0.06s
[131.119s][info][gc,start       ] GC(742) Pause Young (G1 Evacuation Pause)
[131.119s][info][gc,task        ] GC(742) Using 8 workers of 8 for evacuation
[131.129s][info][gc,phases      ] GC(742)   Pre Evacuate Collection Set: 0.0ms
[131.129s][info][gc,phases      ] GC(742)   Evacuate Collection Set: 8.9ms
[131.129s][info][gc,phases      ] GC(742)   Post Evacuate Collection Set: 0.6ms
[131.129s][info][gc,phases      ] GC(742)   Other: 0.5ms
[131.129s][info][gc,heap        ] GC(742) Eden regions: 0->0(25)
[131.129s][info][gc,heap        ] GC(742) Survivor regions: 0->0(4)
[131.129s][info][gc,heap        ] GC(742) Old regions: 392->392
[131.129s][info][gc,heap        ] GC(742) Humongous regions: 120->120
[131.129s][info][gc,metaspace   ] GC(742) Metaspace: 14696K->14696K(31744K)
[131.129s][info][gc             ] GC(742) Pause Young (G1 Evacuation Pause) 506M->506M(512M) 10.382ms
[131.130s][info][gc,cpu         ] GC(742) User=0.00s Sys=0.00s Real=0.00s
[131.131s][info][gc,start       ] GC(743) Pause Full (Allocation Failure)
[131.133s][info][gc,phases,start] GC(743) Phase 1: Mark live objects
[131.201s][info][gc,stringtable ] GC(743) Cleaned string and symbol table, strings: 7280 processed, 22 removed, symbols: 48829 processed, 0 removed
[131.201s][info][gc,phases      ] GC(743) Phase 1: Mark live objects 68.258ms
[131.201s][info][gc,phases,start] GC(743) Phase 2: Prepare for compaction
[131.204s][info][gc,phases      ] GC(743) Phase 2: Prepare for compaction 2.606ms
[131.204s][info][gc,phases,start] GC(743) Phase 3: Adjust pointers and remembered sets
[131.218s][info][gc,phases      ] GC(743) Phase 3: Adjust pointers and remembered sets 13.476ms
[131.218s][info][gc,phases,start] GC(743) Phase 4: Compact heap
[131.220s][info][gc,phases      ] GC(743) Phase 4: Compact heap 1.998ms
[131.222s][info][gc,heap        ] GC(743) Eden regions: 0->0(95)
[131.222s][info][gc,heap        ] GC(743) Survivor regions: 0->0(4)
[131.222s][info][gc,heap        ] GC(743) Old regions: 392->12
[131.222s][info][gc,heap        ] GC(743) Humongous regions: 120->60
[131.222s][info][gc,metaspace   ] GC(743) Metaspace: 14696K->14696K(31744K)
[131.222s][info][gc             ] GC(743) Pause Full (Allocation Failure) 506M->65M(512M) 91.379ms
[131.223s][info][gc,cpu         ] GC(743) User=0.52s Sys=0.00s Real=0.10s
[131.223s][info][gc,marking     ] GC(737) Concurrent Mark From Roots 2264.648ms
[131.223s][info][gc,marking     ] GC(737) Concurrent Mark Abort
[131.244s][info][gc             ] GC(737) Concurrent Cycle 2294.768ms
[131.328s][info][gc,start       ] GC(744) Pause Young (G1 Evacuation Pause)
[131.329s][info][gc,task        ] GC(744) Using 8 workers of 8 for evacuation
[131.480s][info][gc,phases      ] GC(744)   Pre Evacuate Collection Set: 0.0ms
[131.481s][info][gc,phases      ] GC(744)   Evacuate Collection Set: 149.7ms
[131.481s][info][gc,phases      ] GC(744)   Post Evacuate Collection Set: 1.6ms
[131.481s][info][gc,phases      ] GC(744)   Other: 0.6ms
[131.481s][info][gc,heap        ] GC(744) Eden regions: 95->0(91)
[131.481s][info][gc,heap        ] GC(744) Survivor regions: 0->12(12)
[131.481s][info][gc,heap        ] GC(744) Old regions: 12->95
[131.481s][info][gc,heap        ] GC(744) Humongous regions: 60->60
[131.481s][info][gc,metaspace   ] GC(744) Metaspace: 14698K->14698K(31744K)
[131.481s][info][gc             ] GC(744) Pause Young (G1 Evacuation Pause) 160M->160M(512M) 152.959ms
[131.482s][info][gc,cpu         ] GC(744) User=1.23s Sys=0.02s Real=0.15s
[131.595s][info][gc,start       ] GC(745) Pause Young (G1 Evacuation Pause)
[131.595s][info][gc,task        ] GC(745) Using 8 workers of 8 for evacuation
[131.781s][info][gc,phases      ] GC(745)   Pre Evacuate Collection Set: 0.0ms
[131.781s][info][gc,phases      ] GC(745)   Evacuate Collection Set: 184.0ms
[131.781s][info][gc,phases      ] GC(745)   Post Evacuate Collection Set: 1.3ms
[131.781s][info][gc,phases      ] GC(745)   Other: 0.7ms
[131.781s][info][gc,heap        ] GC(745) Eden regions: 91->0(62)
[131.781s][info][gc,heap        ] GC(745) Survivor regions: 12->13(13)
[131.781s][info][gc,heap        ] GC(745) Old regions: 95->187
[131.781s][info][gc,heap        ] GC(745) Humongous regions: 60->60
[131.781s][info][gc,metaspace   ] GC(745) Metaspace: 14698K->14698K(31744K)
[131.781s][info][gc             ] GC(745) Pause Young (G1 Evacuation Pause) 251M->253M(512M) 186.365ms
[131.781s][info][gc,cpu         ] GC(745) User=1.48s Sys=0.00s Real=0.19s
[131.891s][info][gc,start       ] GC(746) Pause Initial Mark (G1 Evacuation Pause)
[131.892s][info][gc,task        ] GC(746) Using 8 workers of 8 for evacuation
[132.061s][info][gc,phases      ] GC(746)   Pre Evacuate Collection Set: 0.1ms
[132.061s][info][gc,phases      ] GC(746)   Evacuate Collection Set: 167.6ms
[132.061s][info][gc,phases      ] GC(746)   Post Evacuate Collection Set: 1.1ms
[132.061s][info][gc,phases      ] GC(746)   Other: 0.8ms
[132.061s][info][gc,heap        ] GC(746) Eden regions: 62->0(42)
[132.061s][info][gc,heap        ] GC(746) Survivor regions: 13->10(10)
[132.061s][info][gc,heap        ] GC(746) Old regions: 187->253
[132.061s][info][gc,heap        ] GC(746) Humongous regions: 60->60
[132.061s][info][gc,metaspace   ] GC(746) Metaspace: 14743K->14743K(31744K)
[132.062s][info][gc             ] GC(746) Pause Initial Mark (G1 Evacuation Pause) 315M->316M(512M) 170.106ms
[132.062s][info][gc,cpu         ] GC(746) User=1.27s Sys=0.03s Real=0.17s
[132.062s][info][gc             ] GC(747) Concurrent Cycle
[132.062s][info][gc,marking     ] GC(747) Concurrent Clear Claimed Marks
[132.062s][info][gc,marking     ] GC(747) Concurrent Clear Claimed Marks 0.178ms
[132.062s][info][gc,marking     ] GC(747) Concurrent Scan Root Regions
[132.087s][info][gc,marking     ] GC(747) Concurrent Scan Root Regions 24.918ms
[132.087s][info][gc,marking     ] GC(747) Concurrent Mark (132.087s)
[132.087s][info][gc,marking     ] GC(747) Concurrent Mark From Roots
[132.087s][info][gc,task        ] GC(747) Using 2 workers of 2 for marking
[132.894s][info][gc,start       ] GC(748) Pause Young (G1 Evacuation Pause)
[132.894s][info][gc,task        ] GC(748) Using 8 workers of 8 for evacuation
[133.056s][info][gc,phases      ] GC(748)   Pre Evacuate Collection Set: 0.1ms
[133.056s][info][gc,phases      ] GC(748)   Evacuate Collection Set: 148.1ms
[133.056s][info][gc,phases      ] GC(748)   Post Evacuate Collection Set: 12.5ms
[133.056s][info][gc,phases      ] GC(748)   Other: 0.8ms
[133.056s][info][gc,heap        ] GC(748) Eden regions: 42->0(29)
[133.056s][info][gc,heap        ] GC(748) Survivor regions: 10->7(7)
[133.056s][info][gc,heap        ] GC(748) Old regions: 253->300
[133.056s][info][gc,heap        ] GC(748) Humongous regions: 60->60
[133.056s][info][gc,metaspace   ] GC(748) Metaspace: 14748K->14748K(31744K)
[133.056s][info][gc             ] GC(748) Pause Young (G1 Evacuation Pause) 358M->360M(512M) 162.187ms
[133.056s][info][gc,cpu         ] GC(748) User=1.14s Sys=0.08s Real=0.17s
[133.114s][info][gc,start       ] GC(749) Pause Young (G1 Evacuation Pause)
[133.114s][info][gc,task        ] GC(749) Using 8 workers of 8 for evacuation
[133.197s][info][gc,phases      ] GC(749)   Pre Evacuate Collection Set: 0.0ms
[133.221s][info][gc,phases      ] GC(749)   Evacuate Collection Set: 80.5ms
[133.221s][info][gc,phases      ] GC(749)   Post Evacuate Collection Set: 2.2ms
[133.221s][info][gc,phases      ] GC(749)   Other: 0.6ms
[133.221s][info][gc,heap        ] GC(749) Eden regions: 29->0(20)
[133.221s][info][gc,heap        ] GC(749) Survivor regions: 7->5(5)
[133.221s][info][gc,heap        ] GC(749) Old regions: 300->333
[133.221s][info][gc,heap        ] GC(749) Humongous regions: 60->60
[133.221s][info][gc,metaspace   ] GC(749) Metaspace: 14748K->14748K(31744K)
[133.221s][info][gc             ] GC(749) Pause Young (G1 Evacuation Pause) 389M->391M(512M) 107.075ms
[133.221s][info][gc,cpu         ] GC(749) User=0.63s Sys=0.03s Real=0.12s
[134.285s][info][gc,start       ] GC(750) Pause Young (G1 Evacuation Pause)
[134.285s][info][gc,task        ] GC(750) Using 8 workers of 8 for evacuation
[134.382s][info][gc,phases      ] GC(750)   Pre Evacuate Collection Set: 0.1ms
[134.382s][info][gc,phases      ] GC(750)   Evacuate Collection Set: 95.0ms
[134.383s][info][gc,phases      ] GC(750)   Post Evacuate Collection Set: 1.2ms
[134.383s][info][gc,phases      ] GC(750)   Other: 1.4ms
[134.383s][info][gc,heap        ] GC(750) Eden regions: 20->0(21)
[134.383s][info][gc,heap        ] GC(750) Survivor regions: 5->4(4)
[134.383s][info][gc,heap        ] GC(750) Old regions: 333->355
[134.383s][info][gc,heap        ] GC(750) Humongous regions: 60->60
[134.383s][info][gc,metaspace   ] GC(750) Metaspace: 14752K->14752K(31744K)
[134.383s][info][gc             ] GC(750) Pause Young (G1 Evacuation Pause) 411M->412M(512M) 98.808ms
[134.383s][info][gc,cpu         ] GC(750) User=0.58s Sys=0.02s Real=0.11s
[135.662s][info][gc,start       ] GC(751) Pause Young (G1 Humongous Allocation)
[135.662s][info][gc,task        ] GC(751) Using 8 workers of 8 for evacuation
[135.773s][info][gc,phases      ] GC(751)   Pre Evacuate Collection Set: 0.1ms
[135.773s][info][gc,phases      ] GC(751)   Evacuate Collection Set: 109.5ms
[135.773s][info][gc,phases      ] GC(751)   Post Evacuate Collection Set: 0.9ms
[135.773s][info][gc,phases      ] GC(751)   Other: 1.1ms
[135.773s][info][gc,heap        ] GC(751) Eden regions: 20->0(21)
[135.774s][info][gc,heap        ] GC(751) Survivor regions: 4->4(4)
[135.774s][info][gc,heap        ] GC(751) Old regions: 355->377
[135.774s][info][gc,heap        ] GC(751) Humongous regions: 60->60
[135.774s][info][gc,metaspace   ] GC(751) Metaspace: 14752K->14752K(31744K)
[135.774s][info][gc             ] GC(751) Pause Young (G1 Humongous Allocation) 432M->434M(512M) 112.085ms
[135.774s][info][gc,cpu         ] GC(751) User=0.67s Sys=0.02s Real=0.11s
[135.775s][info][gc,start       ] GC(752) Pause Full (Allocation Failure)
[135.779s][info][gc,phases,start] GC(752) Phase 1: Mark live objects
[135.793s][info][gc,stringtable ] GC(752) Cleaned string and symbol table, strings: 7298 processed, 21 removed, symbols: 48835 processed, 0 removed
[135.793s][info][gc,phases      ] GC(752) Phase 1: Mark live objects 14.255ms
[135.793s][info][gc,phases,start] GC(752) Phase 2: Prepare for compaction
[135.797s][info][gc,phases      ] GC(752) Phase 2: Prepare for compaction 3.557ms
[135.797s][info][gc,phases,start] GC(752) Phase 3: Adjust pointers and remembered sets
[135.802s][info][gc,phases      ] GC(752) Phase 3: Adjust pointers and remembered sets 5.109ms
[135.802s][info][gc,phases,start] GC(752) Phase 4: Compact heap
[135.811s][info][gc,phases      ] GC(752) Phase 4: Compact heap 8.842ms
[135.814s][info][gc,heap        ] GC(752) Eden regions: 0->0(91)
[135.814s][info][gc,heap        ] GC(752) Survivor regions: 4->0(4)
[135.814s][info][gc,heap        ] GC(752) Old regions: 377->11
[135.814s][info][gc,heap        ] GC(752) Humongous regions: 60->0
[135.814s][info][gc,metaspace   ] GC(752) Metaspace: 14752K->14752K(31744K)
[135.814s][info][gc             ] GC(752) Pause Full (Allocation Failure) 434M->5M(512M) 39.075ms
[135.815s][info][gc,cpu         ] GC(752) User=0.23s Sys=0.02s Real=0.05s
[135.866s][info][gc,marking     ] GC(747) Concurrent Mark From Roots 3779.156ms
[135.866s][info][gc,marking     ] GC(747) Concurrent Mark Abort
[135.866s][info][gc             ] GC(747) Concurrent Cycle 3804.776ms
[136.002s][info][gc,start       ] GC(753) Pause Young (G1 Evacuation Pause)
[136.002s][info][gc,task        ] GC(753) Using 8 workers of 8 for evacuation
[136.174s][info][gc,phases      ] GC(753)   Pre Evacuate Collection Set: 0.0ms
[136.174s][info][gc,phases      ] GC(753)   Evacuate Collection Set: 170.0ms
[136.175s][info][gc,phases      ] GC(753)   Post Evacuate Collection Set: 1.7ms
[136.175s][info][gc,phases      ] GC(753)   Other: 0.7ms
[136.175s][info][gc,heap        ] GC(753) Eden regions: 91->0(84)
[136.175s][info][gc,heap        ] GC(753) Survivor regions: 0->12(12)
[136.175s][info][gc,heap        ] GC(753) Old regions: 11->91
[136.175s][info][gc,heap        ] GC(753) Humongous regions: 60->60
[136.175s][info][gc,metaspace   ] GC(753) Metaspace: 14754K->14754K(31744K)
[136.175s][info][gc             ] GC(753) Pause Young (G1 Evacuation Pause) 156M->157M(512M) 172.880ms
[136.175s][info][gc,cpu         ] GC(753) User=1.27s Sys=0.08s Real=0.18s
[136.692s][info][gc,start       ] GC(754) Pause Young (G1 Evacuation Pause)
[136.692s][info][gc,task        ] GC(754) Using 8 workers of 8 for evacuation
[136.905s][info][gc,mmu         ] GC(754) MMU target violated: 201.0ms (200.0ms/201.0ms)
[136.905s][info][gc,phases      ] GC(754)   Pre Evacuate Collection Set: 0.1ms
[136.905s][info][gc,phases      ] GC(754)   Evacuate Collection Set: 209.0ms
[136.905s][info][gc,phases      ] GC(754)   Post Evacuate Collection Set: 3.9ms
[136.906s][info][gc,phases      ] GC(754)   Other: 0.9ms
[136.906s][info][gc,heap        ] GC(754) Eden regions: 82->0(66)
[136.906s][info][gc,heap        ] GC(754) Survivor regions: 12->12(12)
[136.906s][info][gc,heap        ] GC(754) Old regions: 91->174
[136.906s][info][gc,heap        ] GC(754) Humongous regions: 60->60
[136.906s][info][gc,metaspace   ] GC(754) Metaspace: 14755K->14755K(31744K)
[136.906s][info][gc             ] GC(754) Pause Young (G1 Evacuation Pause) 239M->240M(512M) 214.233ms
[136.906s][info][gc,cpu         ] GC(754) User=1.66s Sys=0.05s Real=0.23s
[137.061s][info][gc,start       ] GC(755) Pause Young (G1 Evacuation Pause)
[137.061s][info][gc,task        ] GC(755) Using 8 workers of 8 for evacuation
[137.323s][info][gc,mmu         ] GC(755) MMU target violated: 201.0ms (200.0ms/201.0ms)
[137.323s][info][gc,phases      ] GC(755)   Pre Evacuate Collection Set: 0.0ms
[137.323s][info][gc,phases      ] GC(755)   Evacuate Collection Set: 259.7ms
[137.323s][info][gc,phases      ] GC(755)   Post Evacuate Collection Set: 1.4ms
[137.323s][info][gc,phases      ] GC(755)   Other: 0.6ms
[137.323s][info][gc,heap        ] GC(755) Eden regions: 66->0(45)
[137.323s][info][gc,heap        ] GC(755) Survivor regions: 12->10(10)
[137.323s][info][gc,heap        ] GC(755) Old regions: 174->244
[137.323s][info][gc,heap        ] GC(755) Humongous regions: 60->60
[137.323s][info][gc,metaspace   ] GC(755) Metaspace: 14755K->14755K(31744K)
[137.323s][info][gc             ] GC(755) Pause Young (G1 Evacuation Pause) 306M->308M(512M) 262.091ms
[137.323s][info][gc,cpu         ] GC(755) User=1.94s Sys=0.06s Real=0.28s
[138.105s][info][gc,start       ] GC(756) Pause Initial Mark (G1 Evacuation Pause)
[138.105s][info][gc,task        ] GC(756) Using 8 workers of 8 for evacuation
[138.208s][info][gc,phases      ] GC(756)   Pre Evacuate Collection Set: 0.1ms
[138.208s][info][gc,phases      ] GC(756)   Evacuate Collection Set: 101.6ms
[138.208s][info][gc,phases      ] GC(756)   Post Evacuate Collection Set: 1.0ms
[138.208s][info][gc,phases      ] GC(756)   Other: 0.8ms
[138.208s][info][gc,heap        ] GC(756) Eden regions: 45->0(30)
[138.208s][info][gc,heap        ] GC(756) Survivor regions: 10->7(7)
[138.209s][info][gc,heap        ] GC(756) Old regions: 244->294
[138.209s][info][gc,heap        ] GC(756) Humongous regions: 60->60
[138.209s][info][gc,metaspace   ] GC(756) Metaspace: 14756K->14756K(31744K)
[138.209s][info][gc             ] GC(756) Pause Initial Mark (G1 Evacuation Pause) 353M->355M(512M) 104.082ms
[138.209s][info][gc,cpu         ] GC(756) User=0.73s Sys=0.02s Real=0.11s
[138.209s][info][gc             ] GC(757) Concurrent Cycle
[138.209s][info][gc,marking     ] GC(757) Concurrent Clear Claimed Marks
[138.209s][info][gc,marking     ] GC(757) Concurrent Clear Claimed Marks 0.067ms
[138.209s][info][gc,marking     ] GC(757) Concurrent Scan Root Regions
[138.216s][info][gc,marking     ] GC(757) Concurrent Scan Root Regions 6.536ms
[138.216s][info][gc,marking     ] GC(757) Concurrent Mark (138.216s)
[138.216s][info][gc,marking     ] GC(757) Concurrent Mark From Roots
[138.216s][info][gc,task        ] GC(757) Using 2 workers of 2 for marking
[138.901s][info][gc,start       ] GC(758) Pause Young (G1 Evacuation Pause)
[138.901s][info][gc,task        ] GC(758) Using 8 workers of 8 for evacuation
[139.032s][info][gc,phases      ] GC(758)   Pre Evacuate Collection Set: 0.1ms
[139.032s][info][gc,phases      ] GC(758)   Evacuate Collection Set: 129.5ms
[139.032s][info][gc,phases      ] GC(758)   Post Evacuate Collection Set: 1.0ms
[139.032s][info][gc,phases      ] GC(758)   Other: 0.6ms
[139.032s][info][gc,heap        ] GC(758) Eden regions: 30->0(20)
[139.033s][info][gc,heap        ] GC(758) Survivor regions: 7->5(5)
[139.033s][info][gc,heap        ] GC(758) Old regions: 294->328
[139.033s][info][gc,heap        ] GC(758) Humongous regions: 60->60
[139.033s][info][gc,metaspace   ] GC(758) Metaspace: 14756K->14756K(31744K)
[139.033s][info][gc             ] GC(758) Pause Young (G1 Evacuation Pause) 385M->387M(512M) 131.758ms
[139.033s][info][gc,cpu         ] GC(758) User=0.66s Sys=0.00s Real=0.12s
[139.056s][info][gc,start       ] GC(759) Pause Young (G1 Evacuation Pause)
[139.056s][info][gc,task        ] GC(759) Using 8 workers of 8 for evacuation
[139.114s][info][gc,phases      ] GC(759)   Pre Evacuate Collection Set: 0.0ms
[139.114s][info][gc,phases      ] GC(759)   Evacuate Collection Set: 56.1ms
[139.114s][info][gc,phases      ] GC(759)   Post Evacuate Collection Set: 0.8ms
[139.114s][info][gc,phases      ] GC(759)   Other: 0.5ms
[139.114s][info][gc,heap        ] GC(759) Eden regions: 20->0(21)
[139.114s][info][gc,heap        ] GC(759) Survivor regions: 5->4(4)
[139.114s][info][gc,heap        ] GC(759) Old regions: 328->351
[139.114s][info][gc,heap        ] GC(759) Humongous regions: 60->60
[139.114s][info][gc,metaspace   ] GC(759) Metaspace: 14756K->14756K(31744K)
[139.114s][info][gc             ] GC(759) Pause Young (G1 Evacuation Pause) 407M->409M(512M) 57.871ms
[139.114s][info][gc,cpu         ] GC(759) User=0.38s Sys=0.00s Real=0.05s
[139.132s][info][gc,start       ] GC(760) Pause Young (G1 Evacuation Pause)
[139.132s][info][gc,task        ] GC(760) Using 8 workers of 8 for evacuation
[139.174s][info][gc,phases      ] GC(760)   Pre Evacuate Collection Set: 0.0ms
[139.174s][info][gc,phases      ] GC(760)   Evacuate Collection Set: 41.0ms
[139.174s][info][gc,phases      ] GC(760)   Post Evacuate Collection Set: 0.8ms
[139.174s][info][gc,phases      ] GC(760)   Other: 0.6ms
[139.174s][info][gc,heap        ] GC(760) Eden regions: 21->0(21)
[139.174s][info][gc,heap        ] GC(760) Survivor regions: 4->4(4)
[139.174s][info][gc,heap        ] GC(760) Old regions: 351->375
[139.174s][info][gc,heap        ] GC(760) Humongous regions: 60->60
[139.175s][info][gc,metaspace   ] GC(760) Metaspace: 14756K->14756K(31744K)
[139.175s][info][gc             ] GC(760) Pause Young (G1 Evacuation Pause) 430M->433M(512M) 42.702ms
[139.175s][info][gc,cpu         ] GC(760) User=0.25s Sys=0.00s Real=0.04s
[139.181s][info][gc,start       ] GC(761) Pause Young (G1 Humongous Allocation)
[139.182s][info][gc,task        ] GC(761) Using 8 workers of 8 for evacuation
[139.217s][info][gc,phases      ] GC(761)   Pre Evacuate Collection Set: 0.0ms
[139.217s][info][gc,phases      ] GC(761)   Evacuate Collection Set: 34.2ms
[139.217s][info][gc,phases      ] GC(761)   Post Evacuate Collection Set: 0.7ms
[139.217s][info][gc,phases      ] GC(761)   Other: 0.9ms
[139.217s][info][gc,heap        ] GC(761) Eden regions: 7->0(21)
[139.217s][info][gc,heap        ] GC(761) Survivor regions: 4->4(4)
[139.217s][info][gc,heap        ] GC(761) Old regions: 375->384
[139.217s][info][gc,heap        ] GC(761) Humongous regions: 60->60
[139.217s][info][gc,metaspace   ] GC(761) Metaspace: 14756K->14756K(31744K)
[139.218s][info][gc             ] GC(761) Pause Young (G1 Humongous Allocation) 440M->442M(512M) 36.323ms
[139.218s][info][gc,cpu         ] GC(761) User=0.30s Sys=0.03s Real=0.04s
[139.218s][info][gc,start       ] GC(762) Pause Full (Allocation Failure)
[139.221s][info][gc,phases,start] GC(762) Phase 1: Mark live objects
[139.231s][info][gc,stringtable ] GC(762) Cleaned string and symbol table, strings: 7299 processed, 22 removed, symbols: 48835 processed, 0 removed
[139.231s][info][gc,phases      ] GC(762) Phase 1: Mark live objects 10.503ms
[139.231s][info][gc,phases,start] GC(762) Phase 2: Prepare for compaction
[139.234s][info][gc,phases      ] GC(762) Phase 2: Prepare for compaction 2.162ms
[139.234s][info][gc,phases,start] GC(762) Phase 3: Adjust pointers and remembered sets
[139.239s][info][gc,phases      ] GC(762) Phase 3: Adjust pointers and remembered sets 4.962ms
[139.239s][info][gc,phases,start] GC(762) Phase 4: Compact heap
[139.241s][info][gc,phases      ] GC(762) Phase 4: Compact heap 1.808ms
[139.243s][info][gc,heap        ] GC(762) Eden regions: 0->0(83)
[139.243s][info][gc,heap        ] GC(762) Survivor regions: 4->0(4)
[139.243s][info][gc,heap        ] GC(762) Old regions: 384->11
[139.243s][info][gc,heap        ] GC(762) Humongous regions: 60->0
[139.243s][info][gc,metaspace   ] GC(762) Metaspace: 14756K->14756K(31744K)
[139.243s][info][gc             ] GC(762) Pause Full (Allocation Failure) 442M->5M(512M) 24.406ms
[139.243s][info][gc,cpu         ] GC(762) User=0.13s Sys=0.00s Real=0.02s
[139.244s][info][gc,marking     ] GC(757) Concurrent Mark From Roots 1027.855ms
[139.244s][info][gc,marking     ] GC(757) Concurrent Mark Abort
[139.244s][info][gc             ] GC(757) Concurrent Cycle 1034.873ms
[139.390s][info][gc,start       ] GC(763) Pause Young (G1 Evacuation Pause)
[139.390s][info][gc,task        ] GC(763) Using 8 workers of 8 for evacuation
[139.533s][info][gc,phases      ] GC(763)   Pre Evacuate Collection Set: 0.0ms
[139.533s][info][gc,phases      ] GC(763)   Evacuate Collection Set: 141.0ms
[139.533s][info][gc,phases      ] GC(763)   Post Evacuate Collection Set: 2.0ms
[139.533s][info][gc,phases      ] GC(763)   Other: 0.7ms
[139.533s][info][gc,heap        ] GC(763) Eden regions: 83->0(81)
[139.534s][info][gc,heap        ] GC(763) Survivor regions: 0->11(11)
[139.534s][info][gc,heap        ] GC(763) Old regions: 11->84
[139.534s][info][gc,heap        ] GC(763) Humongous regions: 61->61
[139.534s][info][gc,metaspace   ] GC(763) Metaspace: 14756K->14756K(31744K)
[139.534s][info][gc             ] GC(763) Pause Young (G1 Evacuation Pause) 149M->150M(512M) 144.240ms
[139.534s][info][gc,cpu         ] GC(763) User=0.97s Sys=0.00s Real=0.15s
[139.609s][info][gc,start       ] GC(764) Pause Young (G1 Evacuation Pause)
[139.609s][info][gc,task        ] GC(764) Using 8 workers of 8 for evacuation
[139.747s][info][gc,phases      ] GC(764)   Pre Evacuate Collection Set: 0.0ms
[139.747s][info][gc,phases      ] GC(764)   Evacuate Collection Set: 136.4ms
[139.747s][info][gc,phases      ] GC(764)   Post Evacuate Collection Set: 1.5ms
[139.747s][info][gc,phases      ] GC(764)   Other: 0.5ms
[139.747s][info][gc,heap        ] GC(764) Eden regions: 81->0(69)
[139.748s][info][gc,heap        ] GC(764) Survivor regions: 11->12(12)
[139.748s][info][gc,heap        ] GC(764) Old regions: 84->166
[139.748s][info][gc,heap        ] GC(764) Humongous regions: 61->61
[139.748s][info][gc,metaspace   ] GC(764) Metaspace: 14756K->14756K(31744K)
[139.748s][info][gc             ] GC(764) Pause Young (G1 Evacuation Pause) 231M->233M(512M) 138.831ms
[139.748s][info][gc,cpu         ] GC(764) User=1.11s Sys=0.00s Real=0.14s
[139.841s][info][gc,start       ] GC(765) Pause Young (G1 Evacuation Pause)
[139.841s][info][gc,task        ] GC(765) Using 8 workers of 8 for evacuation
[139.990s][info][gc,phases      ] GC(765)   Pre Evacuate Collection Set: 0.1ms
[139.990s][info][gc,phases      ] GC(765)   Evacuate Collection Set: 146.9ms
[139.990s][info][gc,phases      ] GC(765)   Post Evacuate Collection Set: 1.4ms
[139.990s][info][gc,phases      ] GC(765)   Other: 0.7ms
[139.990s][info][gc,heap        ] GC(765) Eden regions: 69->0(46)
[139.990s][info][gc,heap        ] GC(765) Survivor regions: 12->11(11)
[139.990s][info][gc,heap        ] GC(765) Old regions: 166->238
[139.990s][info][gc,heap        ] GC(765) Humongous regions: 61->61
[139.990s][info][gc,metaspace   ] GC(765) Metaspace: 14757K->14757K(31744K)
[139.990s][info][gc             ] GC(765) Pause Young (G1 Evacuation Pause) 302M->304M(512M) 149.592ms
[139.990s][info][gc,cpu         ] GC(765) User=1.11s Sys=0.00s Real=0.14s
[140.094s][info][gc,start       ] GC(766) Pause Initial Mark (G1 Evacuation Pause)
[140.094s][info][gc,task        ] GC(766) Using 8 workers of 8 for evacuation
[140.239s][info][gc,phases      ] GC(766)   Pre Evacuate Collection Set: 0.1ms
[140.239s][info][gc,phases      ] GC(766)   Evacuate Collection Set: 142.7ms
[140.239s][info][gc,phases      ] GC(766)   Post Evacuate Collection Set: 1.4ms
[140.239s][info][gc,phases      ] GC(766)   Other: 0.6ms
[140.239s][info][gc,heap        ] GC(766) Eden regions: 46->0(31)
[140.239s][info][gc,heap        ] GC(766) Survivor regions: 11->8(8)
[140.239s][info][gc,heap        ] GC(766) Old regions: 238->290
[140.239s][info][gc,heap        ] GC(766) Humongous regions: 61->61
[140.239s][info][gc,metaspace   ] GC(766) Metaspace: 14757K->14757K(31744K)
[140.239s][info][gc             ] GC(766) Pause Initial Mark (G1 Evacuation Pause) 350M->353M(512M) 145.338ms
[140.239s][info][gc,cpu         ] GC(766) User=1.09s Sys=0.03s Real=0.14s
[140.239s][info][gc             ] GC(767) Concurrent Cycle
[140.239s][info][gc,marking     ] GC(767) Concurrent Clear Claimed Marks
[140.240s][info][gc,marking     ] GC(767) Concurrent Clear Claimed Marks 0.080ms
[140.240s][info][gc,marking     ] GC(767) Concurrent Scan Root Regions
[140.247s][info][gc,marking     ] GC(767) Concurrent Scan Root Regions 7.521ms
[140.247s][info][gc,marking     ] GC(767) Concurrent Mark (140.247s)
[140.247s][info][gc,marking     ] GC(767) Concurrent Mark From Roots
[140.247s][info][gc,task        ] GC(767) Using 2 workers of 2 for marking
[141.063s][info][gc,start       ] GC(768) Pause Young (G1 Evacuation Pause)
[141.063s][info][gc,task        ] GC(768) Using 8 workers of 8 for evacuation
[141.166s][info][gc,phases      ] GC(768)   Pre Evacuate Collection Set: 0.1ms
[141.166s][info][gc,phases      ] GC(768)   Evacuate Collection Set: 101.3ms
[141.166s][info][gc,phases      ] GC(768)   Post Evacuate Collection Set: 1.0ms
[141.167s][info][gc,phases      ] GC(768)   Other: 1.2ms
[141.167s][info][gc,heap        ] GC(768) Eden regions: 31->0(21)
[141.167s][info][gc,heap        ] GC(768) Survivor regions: 8->5(5)
[141.167s][info][gc,heap        ] GC(768) Old regions: 290->325
[141.167s][info][gc,heap        ] GC(768) Humongous regions: 61->61
[141.167s][info][gc,metaspace   ] GC(768) Metaspace: 14757K->14757K(31744K)
[141.167s][info][gc             ] GC(768) Pause Young (G1 Evacuation Pause) 384M->385M(512M) 103.928ms
[141.167s][info][gc,cpu         ] GC(768) User=0.84s Sys=0.03s Real=0.11s
[141.209s][info][gc,start       ] GC(769) Pause Young (G1 Evacuation Pause)
[141.209s][info][gc,task        ] GC(769) Using 8 workers of 8 for evacuation
[141.279s][info][gc,phases      ] GC(769)   Pre Evacuate Collection Set: 0.1ms
[141.279s][info][gc,phases      ] GC(769)   Evacuate Collection Set: 67.1ms
[141.279s][info][gc,phases      ] GC(769)   Post Evacuate Collection Set: 1.9ms
[141.279s][info][gc,phases      ] GC(769)   Other: 0.6ms
[141.279s][info][gc,heap        ] GC(769) Eden regions: 21->0(21)
[141.279s][info][gc,heap        ] GC(769) Survivor regions: 5->4(4)
[141.279s][info][gc,heap        ] GC(769) Old regions: 325->349
[141.279s][info][gc,heap        ] GC(769) Humongous regions: 61->61
[141.279s][info][gc,metaspace   ] GC(769) Metaspace: 14757K->14757K(31744K)
[141.280s][info][gc             ] GC(769) Pause Young (G1 Evacuation Pause) 406M->408M(512M) 70.240ms
[141.280s][info][gc,cpu         ] GC(769) User=0.48s Sys=0.02s Real=0.07s
[142.199s][info][gc,start       ] GC(770) Pause Young (G1 Evacuation Pause)
[142.199s][info][gc,task        ] GC(770) Using 8 workers of 8 for evacuation
[142.270s][info][gc,phases      ] GC(770)   Pre Evacuate Collection Set: 0.1ms
[142.270s][info][gc,phases      ] GC(770)   Evacuate Collection Set: 68.9ms
[142.270s][info][gc,phases      ] GC(770)   Post Evacuate Collection Set: 1.3ms
[142.270s][info][gc,phases      ] GC(770)   Other: 0.7ms
[142.270s][info][gc,heap        ] GC(770) Eden regions: 21->0(21)
[142.270s][info][gc,heap        ] GC(770) Survivor regions: 4->4(4)
[142.270s][info][gc,heap        ] GC(770) Old regions: 349->372
[142.270s][info][gc,heap        ] GC(770) Humongous regions: 61->61
[142.270s][info][gc,metaspace   ] GC(770) Metaspace: 14757K->14757K(31744K)
[142.270s][info][gc             ] GC(770) Pause Young (G1 Evacuation Pause) 429M->431M(512M) 71.381ms
[142.270s][info][gc,cpu         ] GC(770) User=0.45s Sys=0.02s Real=0.07s
[143.217s][info][gc,start       ] GC(771) Pause Young (G1 Humongous Allocation)
[143.218s][info][gc,task        ] GC(771) Using 8 workers of 8 for evacuation
[143.280s][info][gc,phases      ] GC(771)   Pre Evacuate Collection Set: 0.0ms
[143.280s][info][gc,phases      ] GC(771)   Evacuate Collection Set: 61.3ms
[143.280s][info][gc,phases      ] GC(771)   Post Evacuate Collection Set: 0.7ms
[143.280s][info][gc,phases      ] GC(771)   Other: 0.7ms
[143.280s][info][gc,heap        ] GC(771) Eden regions: 12->0(21)
[143.280s][info][gc,heap        ] GC(771) Survivor regions: 4->4(4)
[143.280s][info][gc,heap        ] GC(771) Old regions: 372->385
[143.280s][info][gc,heap        ] GC(771) Humongous regions: 61->61
[143.281s][info][gc,metaspace   ] GC(771) Metaspace: 14757K->14757K(31744K)
[143.281s][info][gc             ] GC(771) Pause Young (G1 Humongous Allocation) 443M->444M(512M) 63.157ms
[143.281s][info][gc,cpu         ] GC(771) User=0.42s Sys=0.02s Real=0.06s
[143.282s][info][gc,start       ] GC(772) Pause Full (Allocation Failure)
[143.284s][info][gc,phases,start] GC(772) Phase 1: Mark live objects
[143.297s][info][gc,stringtable ] GC(772) Cleaned string and symbol table, strings: 7323 processed, 21 removed, symbols: 48835 processed, 0 removed
[143.297s][info][gc,phases      ] GC(772) Phase 1: Mark live objects 12.699ms
[143.297s][info][gc,phases,start] GC(772) Phase 2: Prepare for compaction
[143.299s][info][gc,phases      ] GC(772) Phase 2: Prepare for compaction 2.230ms
[143.299s][info][gc,phases,start] GC(772) Phase 3: Adjust pointers and remembered sets
[143.304s][info][gc,phases      ] GC(772) Phase 3: Adjust pointers and remembered sets 4.617ms
[143.304s][info][gc,phases,start] GC(772) Phase 4: Compact heap
[143.306s][info][gc,phases      ] GC(772) Phase 4: Compact heap 1.447ms
[143.308s][info][gc,heap        ] GC(772) Eden regions: 0->0(97)
[143.308s][info][gc,heap        ] GC(772) Survivor regions: 4->0(4)
[143.308s][info][gc,heap        ] GC(772) Old regions: 385->11
[143.308s][info][gc,heap        ] GC(772) Humongous regions: 61->0
[143.308s][info][gc,metaspace   ] GC(772) Metaspace: 14757K->14757K(31744K)
[143.308s][info][gc             ] GC(772) Pause Full (Allocation Failure) 444M->5M(512M) 26.099ms
[143.309s][info][gc,cpu         ] GC(772) User=0.13s Sys=0.00s Real=0.02s
[143.309s][info][gc,marking     ] GC(767) Concurrent Mark From Roots 3061.797ms
[143.355s][info][gc,marking     ] GC(767) Concurrent Mark Abort
[143.355s][info][gc             ] GC(767) Concurrent Cycle 3115.467ms
[143.453s][info][gc,start       ] GC(773) Pause Young (G1 Evacuation Pause)
[143.453s][info][gc,task        ] GC(773) Using 8 workers of 8 for evacuation
[143.741s][info][gc,mmu         ] GC(773) MMU target violated: 201.0ms (200.0ms/201.0ms)
[143.741s][info][gc,phases      ] GC(773)   Pre Evacuate Collection Set: 0.1ms
[143.741s][info][gc,phases      ] GC(773)   Evacuate Collection Set: 284.0ms
[143.741s][info][gc,phases      ] GC(773)   Post Evacuate Collection Set: 3.3ms
[143.741s][info][gc,phases      ] GC(773)   Other: 1.5ms
[143.741s][info][gc,heap        ] GC(773) Eden regions: 97->0(72)
[143.742s][info][gc,heap        ] GC(773) Survivor regions: 0->13(13)
[143.742s][info][gc,heap        ] GC(773) Old regions: 11->96
[143.742s][info][gc,heap        ] GC(773) Humongous regions: 61->61
[143.742s][info][gc,metaspace   ] GC(773) Metaspace: 14757K->14757K(31744K)
[143.742s][info][gc             ] GC(773) Pause Young (G1 Evacuation Pause) 163M->164M(512M) 289.166ms
[143.742s][info][gc,cpu         ] GC(773) User=1.98s Sys=0.17s Real=0.28s
[143.830s][info][gc,start       ] GC(774) Pause Young (G1 Evacuation Pause)
[143.830s][info][gc,task        ] GC(774) Using 8 workers of 8 for evacuation
[143.995s][info][gc,phases      ] GC(774)   Pre Evacuate Collection Set: 0.0ms
[143.995s][info][gc,phases      ] GC(774)   Evacuate Collection Set: 162.1ms
[143.995s][info][gc,phases      ] GC(774)   Post Evacuate Collection Set: 2.1ms
[143.995s][info][gc,phases      ] GC(774)   Other: 0.6ms
[143.995s][info][gc,heap        ] GC(774) Eden regions: 72->0(67)
[143.995s][info][gc,heap        ] GC(774) Survivor regions: 13->11(11)
[143.995s][info][gc,heap        ] GC(774) Old regions: 96->172
[143.995s][info][gc,heap        ] GC(774) Humongous regions: 61->61
[143.995s][info][gc,metaspace   ] GC(774) Metaspace: 14757K->14757K(31744K)
[143.995s][info][gc             ] GC(774) Pause Young (G1 Evacuation Pause) 236M->238M(512M) 165.321ms
[143.995s][info][gc,cpu         ] GC(774) User=1.36s Sys=0.00s Real=0.17s
[144.140s][info][gc,start       ] GC(775) Pause Young (G1 Evacuation Pause)
[144.140s][info][gc,task        ] GC(775) Using 8 workers of 8 for evacuation
[144.373s][info][gc,mmu         ] GC(775) MMU target violated: 201.0ms (200.0ms/201.0ms)
[144.373s][info][gc,phases      ] GC(775)   Pre Evacuate Collection Set: 0.1ms
[144.374s][info][gc,phases      ] GC(775)   Evacuate Collection Set: 228.4ms
[144.374s][info][gc,phases      ] GC(775)   Post Evacuate Collection Set: 4.2ms
[144.374s][info][gc,phases      ] GC(775)   Other: 1.1ms
[144.374s][info][gc,heap        ] GC(775) Eden regions: 67->0(46)
[144.374s][info][gc,heap        ] GC(775) Survivor regions: 11->10(10)
[144.374s][info][gc,heap        ] GC(775) Old regions: 172->241
[144.374s][info][gc,heap        ] GC(775) Humongous regions: 61->61
[144.374s][info][gc,metaspace   ] GC(775) Metaspace: 14757K->14757K(31744K)
[144.374s][info][gc             ] GC(775) Pause Young (G1 Evacuation Pause) 305M->306M(512M) 234.257ms
[144.374s][info][gc,cpu         ] GC(775) User=1.80s Sys=0.03s Real=0.23s
[145.189s][info][gc,start       ] GC(776) Pause Initial Mark (G1 Evacuation Pause)
[145.189s][info][gc,task        ] GC(776) Using 8 workers of 8 for evacuation
[145.359s][info][gc,phases      ] GC(776)   Pre Evacuate Collection Set: 0.1ms
[145.360s][info][gc,phases      ] GC(776)   Evacuate Collection Set: 168.0ms
[145.360s][info][gc,phases      ] GC(776)   Post Evacuate Collection Set: 1.8ms
[145.360s][info][gc,phases      ] GC(776)   Other: 0.7ms
[145.360s][info][gc,heap        ] GC(776) Eden regions: 46->0(30)
[145.360s][info][gc,heap        ] GC(776) Survivor regions: 10->7(7)
[145.360s][info][gc,heap        ] GC(776) Old regions: 241->293
[145.360s][info][gc,heap        ] GC(776) Humongous regions: 61->61
[145.360s][info][gc,metaspace   ] GC(776) Metaspace: 14757K->14757K(31744K)
[145.360s][info][gc             ] GC(776) Pause Initial Mark (G1 Evacuation Pause) 352M->355M(512M) 171.296ms
[145.360s][info][gc,cpu         ] GC(776) User=1.23s Sys=0.02s Real=0.16s
[145.360s][info][gc             ] GC(777) Concurrent Cycle
[145.360s][info][gc,marking     ] GC(777) Concurrent Clear Claimed Marks
[145.361s][info][gc,marking     ] GC(777) Concurrent Clear Claimed Marks 0.131ms
[145.361s][info][gc,marking     ] GC(777) Concurrent Scan Root Regions
[145.368s][info][gc,marking     ] GC(777) Concurrent Scan Root Regions 6.919ms
[145.368s][info][gc,marking     ] GC(777) Concurrent Mark (145.368s)
[145.368s][info][gc,marking     ] GC(777) Concurrent Mark From Roots
[145.368s][info][gc,task        ] GC(777) Using 2 workers of 2 for marking
[146.129s][info][gc,start       ] GC(778) Pause Young (G1 Evacuation Pause)
[146.130s][info][gc,task        ] GC(778) Using 8 workers of 8 for evacuation
[146.234s][info][gc,phases      ] GC(778)   Pre Evacuate Collection Set: 0.0ms
[146.234s][info][gc,phases      ] GC(778)   Evacuate Collection Set: 102.3ms
[146.234s][info][gc,phases      ] GC(778)   Post Evacuate Collection Set: 1.2ms
[146.234s][info][gc,phases      ] GC(778)   Other: 0.9ms
[146.234s][info][gc,heap        ] GC(778) Eden regions: 30->0(20)
[146.234s][info][gc,heap        ] GC(778) Survivor regions: 7->5(5)
[146.234s][info][gc,heap        ] GC(778) Old regions: 293->327
[146.234s][info][gc,heap        ] GC(778) Humongous regions: 61->61
[146.234s][info][gc,metaspace   ] GC(778) Metaspace: 14757K->14757K(31744K)
[146.234s][info][gc             ] GC(778) Pause Young (G1 Evacuation Pause) 385M->387M(512M) 104.820ms
[146.234s][info][gc,cpu         ] GC(778) User=0.73s Sys=0.00s Real=0.10s
[146.259s][info][gc,start       ] GC(779) Pause Young (G1 Evacuation Pause)
[146.259s][info][gc,task        ] GC(779) Using 8 workers of 8 for evacuation
[146.335s][info][gc,phases      ] GC(779)   Pre Evacuate Collection Set: 0.0ms
[146.335s][info][gc,phases      ] GC(779)   Evacuate Collection Set: 74.9ms
[146.335s][info][gc,phases      ] GC(779)   Post Evacuate Collection Set: 1.0ms
[146.335s][info][gc,phases      ] GC(779)   Other: 0.6ms
[146.335s][info][gc,heap        ] GC(779) Eden regions: 20->0(21)
[146.335s][info][gc,heap        ] GC(779) Survivor regions: 5->4(4)
[146.336s][info][gc,heap        ] GC(779) Old regions: 327->349
[146.336s][info][gc,heap        ] GC(779) Humongous regions: 61->61
[146.336s][info][gc,metaspace   ] GC(779) Metaspace: 14757K->14757K(31744K)
[146.336s][info][gc             ] GC(779) Pause Young (G1 Evacuation Pause) 407M->408M(512M) 77.093ms
[146.336s][info][gc,cpu         ] GC(779) User=0.59s Sys=0.03s Real=0.09s
[147.167s][info][gc,start       ] GC(780) Pause Young (G1 Evacuation Pause)
[147.167s][info][gc,task        ] GC(780) Using 8 workers of 8 for evacuation
[147.233s][info][gc,phases      ] GC(780)   Pre Evacuate Collection Set: 0.0ms
[147.233s][info][gc,phases      ] GC(780)   Evacuate Collection Set: 64.4ms
[147.233s][info][gc,phases      ] GC(780)   Post Evacuate Collection Set: 0.8ms
[147.233s][info][gc,phases      ] GC(780)   Other: 0.6ms
[147.233s][info][gc,heap        ] GC(780) Eden regions: 21->0(21)
[147.233s][info][gc,heap        ] GC(780) Survivor regions: 4->4(4)
[147.233s][info][gc,heap        ] GC(780) Old regions: 349->372
[147.233s][info][gc,heap        ] GC(780) Humongous regions: 61->61
[147.233s][info][gc,metaspace   ] GC(780) Metaspace: 14757K->14757K(31744K)
[147.233s][info][gc             ] GC(780) Pause Young (G1 Evacuation Pause) 429M->431M(512M) 66.305ms
[147.233s][info][gc,cpu         ] GC(780) User=0.45s Sys=0.00s Real=0.07s
[147.247s][info][gc,start       ] GC(781) Pause Young (G1 Humongous Allocation)
[147.247s][info][gc,task        ] GC(781) Using 8 workers of 8 for evacuation
[147.290s][info][gc,phases      ] GC(781)   Pre Evacuate Collection Set: 0.0ms
[147.290s][info][gc,phases      ] GC(781)   Evacuate Collection Set: 40.8ms
[147.290s][info][gc,phases      ] GC(781)   Post Evacuate Collection Set: 1.5ms
[147.290s][info][gc,phases      ] GC(781)   Other: 0.5ms
[147.290s][info][gc,heap        ] GC(781) Eden regions: 14->0(21)
[147.290s][info][gc,heap        ] GC(781) Survivor regions: 4->4(4)
[147.290s][info][gc,heap        ] GC(781) Old regions: 372->387
[147.290s][info][gc,heap        ] GC(781) Humongous regions: 61->61
[147.290s][info][gc,metaspace   ] GC(781) Metaspace: 14757K->14757K(31744K)
[147.290s][info][gc             ] GC(781) Pause Young (G1 Humongous Allocation) 445M->446M(512M) 43.272ms
[147.290s][info][gc,cpu         ] GC(781) User=0.38s Sys=0.00s Real=0.05s
[147.292s][info][gc,start       ] GC(782) Pause Full (Allocation Failure)
[147.295s][info][gc,phases,start] GC(782) Phase 1: Mark live objects
[147.308s][info][gc,stringtable ] GC(782) Cleaned string and symbol table, strings: 7322 processed, 20 removed, symbols: 48835 processed, 0 removed
[147.308s][info][gc,phases      ] GC(782) Phase 1: Mark live objects 13.015ms
[147.308s][info][gc,phases,start] GC(782) Phase 2: Prepare for compaction
[147.319s][info][gc,phases      ] GC(782) Phase 2: Prepare for compaction 10.736ms
[147.319s][info][gc,phases,start] GC(782) Phase 3: Adjust pointers and remembered sets
[147.325s][info][gc,phases      ] GC(782) Phase 3: Adjust pointers and remembered sets 5.594ms
[147.325s][info][gc,phases,start] GC(782) Phase 4: Compact heap
[147.327s][info][gc,phases      ] GC(782) Phase 4: Compact heap 2.302ms
[147.329s][info][gc,heap        ] GC(782) Eden regions: 1->0(75)
[147.329s][info][gc,heap        ] GC(782) Survivor regions: 4->0(4)
[147.329s][info][gc,heap        ] GC(782) Old regions: 387->12
[147.329s][info][gc,heap        ] GC(782) Humongous regions: 61->0
[147.329s][info][gc,metaspace   ] GC(782) Metaspace: 14757K->14757K(31744K)
[147.329s][info][gc             ] GC(782) Pause Full (Allocation Failure) 446M->6M(512M) 37.745ms
[147.330s][info][gc,cpu         ] GC(782) User=0.03s Sys=0.00s Real=0.05s
[147.377s][info][gc,marking     ] GC(777) Concurrent Mark From Roots 2008.184ms
[147.377s][info][gc,marking     ] GC(777) Concurrent Mark Abort
[147.377s][info][gc             ] GC(777) Concurrent Cycle 2016.432ms
[147.468s][info][gc,start       ] GC(783) Pause Young (G1 Evacuation Pause)
[147.468s][info][gc,task        ] GC(783) Using 8 workers of 8 for evacuation
[147.622s][info][gc,phases      ] GC(783)   Pre Evacuate Collection Set: 0.3ms
[147.622s][info][gc,phases      ] GC(783)   Evacuate Collection Set: 144.7ms
[147.622s][info][gc,phases      ] GC(783)   Post Evacuate Collection Set: 1.1ms
[147.622s][info][gc,phases      ] GC(783)   Other: 7.5ms
[147.622s][info][gc,heap        ] GC(783) Eden regions: 75->0(73)
[147.622s][info][gc,heap        ] GC(783) Survivor regions: 0->10(10)
[147.622s][info][gc,heap        ] GC(783) Old regions: 12->78
[147.622s][info][gc,heap        ] GC(783) Humongous regions: 62->62
[147.622s][info][gc,metaspace   ] GC(783) Metaspace: 14757K->14757K(31744K)
[147.622s][info][gc             ] GC(783) Pause Young (G1 Evacuation Pause) 143M->144M(512M) 154.168ms
[147.623s][info][gc,cpu         ] GC(783) User=1.09s Sys=0.05s Real=0.16s
[147.715s][info][gc,start       ] GC(784) Pause Young (G1 Evacuation Pause)
[147.716s][info][gc,task        ] GC(784) Using 8 workers of 8 for evacuation
[147.842s][info][gc,phases      ] GC(784)   Pre Evacuate Collection Set: 0.1ms
[147.842s][info][gc,phases      ] GC(784)   Evacuate Collection Set: 124.1ms
[147.842s][info][gc,phases      ] GC(784)   Post Evacuate Collection Set: 1.6ms
[147.842s][info][gc,phases      ] GC(784)   Other: 0.6ms
[147.842s][info][gc,heap        ] GC(784) Eden regions: 73->0(73)
[147.842s][info][gc,heap        ] GC(784) Survivor regions: 10->11(11)
[147.842s][info][gc,heap        ] GC(784) Old regions: 78->152
[147.842s][info][gc,heap        ] GC(784) Humongous regions: 62->62
[147.842s][info][gc,metaspace   ] GC(784) Metaspace: 14757K->14757K(31744K)
[147.843s][info][gc             ] GC(784) Pause Young (G1 Evacuation Pause) 217M->218M(512M) 127.066ms
[147.843s][info][gc,cpu         ] GC(784) User=1.00s Sys=0.00s Real=0.13s
[147.934s][info][gc,start       ] GC(785) Pause Young (G1 Evacuation Pause)
[147.934s][info][gc,task        ] GC(785) Using 8 workers of 8 for evacuation
[148.083s][info][gc,phases      ] GC(785)   Pre Evacuate Collection Set: 0.0ms
[148.083s][info][gc,phases      ] GC(785)   Evacuate Collection Set: 146.8ms
[148.083s][info][gc,phases      ] GC(785)   Post Evacuate Collection Set: 1.6ms
[148.083s][info][gc,phases      ] GC(785)   Other: 0.6ms
[148.083s][info][gc,heap        ] GC(785) Eden regions: 73->0(50)
[148.083s][info][gc,heap        ] GC(785) Survivor regions: 11->11(11)
[148.083s][info][gc,heap        ] GC(785) Old regions: 152->226
[148.083s][info][gc,heap        ] GC(785) Humongous regions: 62->62
[148.084s][info][gc,metaspace   ] GC(785) Metaspace: 14757K->14757K(31744K)
[148.084s][info][gc             ] GC(785) Pause Young (G1 Evacuation Pause) 291M->293M(512M) 149.462ms
[148.084s][info][gc,cpu         ] GC(785) User=1.11s Sys=0.02s Real=0.14s
[148.171s][info][gc,start       ] GC(786) Pause Initial Mark (G1 Evacuation Pause)
[148.171s][info][gc,task        ] GC(786) Using 8 workers of 8 for evacuation
[148.301s][info][gc,phases      ] GC(786)   Pre Evacuate Collection Set: 0.1ms
[148.301s][info][gc,phases      ] GC(786)   Evacuate Collection Set: 127.9ms
[148.301s][info][gc,phases      ] GC(786)   Post Evacuate Collection Set: 1.5ms
[148.301s][info][gc,phases      ] GC(786)   Other: 0.7ms
[148.301s][info][gc,heap        ] GC(786) Eden regions: 50->0(34)
[148.301s][info][gc,heap        ] GC(786) Survivor regions: 11->8(8)
[148.301s][info][gc,heap        ] GC(786) Old regions: 226->281
[148.301s][info][gc,heap        ] GC(786) Humongous regions: 62->62
[148.301s][info][gc,metaspace   ] GC(786) Metaspace: 14757K->14757K(31744K)
[148.301s][info][gc             ] GC(786) Pause Initial Mark (G1 Evacuation Pause) 343M->344M(512M) 130.710ms
[148.301s][info][gc,cpu         ] GC(786) User=0.70s Sys=0.00s Real=0.11s
[148.302s][info][gc             ] GC(787) Concurrent Cycle
[148.302s][info][gc,marking     ] GC(787) Concurrent Clear Claimed Marks
[148.302s][info][gc,marking     ] GC(787) Concurrent Clear Claimed Marks 0.103ms
[148.302s][info][gc,marking     ] GC(787) Concurrent Scan Root Regions
[148.342s][info][gc,marking     ] GC(787) Concurrent Scan Root Regions 40.164ms
[148.342s][info][gc,marking     ] GC(787) Concurrent Mark (148.342s)
[148.342s][info][gc,marking     ] GC(787) Concurrent Mark From Roots
[148.343s][info][gc,task        ] GC(787) Using 2 workers of 2 for marking
[149.197s][info][gc,start       ] GC(788) Pause Young (G1 Evacuation Pause)
[149.197s][info][gc,task        ] GC(788) Using 8 workers of 8 for evacuation
[149.307s][info][gc,phases      ] GC(788)   Pre Evacuate Collection Set: 0.0ms
[149.308s][info][gc,phases      ] GC(788)   Evacuate Collection Set: 107.6ms
[149.308s][info][gc,phases      ] GC(788)   Post Evacuate Collection Set: 2.4ms
[149.308s][info][gc,phases      ] GC(788)   Other: 0.7ms
[149.308s][info][gc,heap        ] GC(788) Eden regions: 34->0(22)
[149.308s][info][gc,heap        ] GC(788) Survivor regions: 8->6(6)
[149.308s][info][gc,heap        ] GC(788) Old regions: 281->319
[149.308s][info][gc,heap        ] GC(788) Humongous regions: 62->62
[149.308s][info][gc,metaspace   ] GC(788) Metaspace: 14757K->14757K(31744K)
[149.308s][info][gc             ] GC(788) Pause Young (G1 Evacuation Pause) 378M->381M(512M) 111.564ms
[149.308s][info][gc,cpu         ] GC(788) User=0.73s Sys=0.00s Real=0.11s
[149.342s][info][gc,start       ] GC(789) Pause Young (G1 Evacuation Pause)
[149.343s][info][gc,task        ] GC(789) Using 8 workers of 8 for evacuation
[149.459s][info][gc,phases      ] GC(789)   Pre Evacuate Collection Set: 0.1ms
[149.459s][info][gc,phases      ] GC(789)   Evacuate Collection Set: 114.2ms
[149.459s][info][gc,phases      ] GC(789)   Post Evacuate Collection Set: 1.3ms
[149.459s][info][gc,phases      ] GC(789)   Other: 0.6ms
[149.459s][info][gc,heap        ] GC(789) Eden regions: 22->0(21)
[149.459s][info][gc,heap        ] GC(789) Survivor regions: 6->4(4)
[149.459s][info][gc,heap        ] GC(789) Old regions: 319->345
[149.459s][info][gc,heap        ] GC(789) Humongous regions: 62->62
[149.459s][info][gc,metaspace   ] GC(789) Metaspace: 14757K->14757K(31744K)
[149.459s][info][gc             ] GC(789) Pause Young (G1 Evacuation Pause) 403M->405M(512M) 116.574ms
[149.459s][info][gc,cpu         ] GC(789) User=0.81s Sys=0.03s Real=0.11s
[150.287s][info][gc,start       ] GC(790) Pause Young (G1 Evacuation Pause)
[150.287s][info][gc,task        ] GC(790) Using 8 workers of 8 for evacuation
[150.359s][info][gc,phases      ] GC(790)   Pre Evacuate Collection Set: 0.1ms
[150.359s][info][gc,phases      ] GC(790)   Evacuate Collection Set: 70.1ms
[150.359s][info][gc,phases      ] GC(790)   Post Evacuate Collection Set: 0.9ms
[150.359s][info][gc,phases      ] GC(790)   Other: 0.7ms
[150.359s][info][gc,heap        ] GC(790) Eden regions: 21->0(21)
[150.359s][info][gc,heap        ] GC(790) Survivor regions: 4->4(4)
[150.359s][info][gc,heap        ] GC(790) Old regions: 345->368
[150.359s][info][gc,heap        ] GC(790) Humongous regions: 62->62
[150.359s][info][gc,metaspace   ] GC(790) Metaspace: 14757K->14757K(31744K)
[150.359s][info][gc             ] GC(790) Pause Young (G1 Evacuation Pause) 426M->427M(512M) 72.234ms
[150.359s][info][gc,cpu         ] GC(790) User=0.58s Sys=0.02s Real=0.08s
[150.386s][info][gc,start       ] GC(791) Pause Young (G1 Humongous Allocation)
[150.386s][info][gc,task        ] GC(791) Using 8 workers of 8 for evacuation
[150.445s][info][gc,phases      ] GC(791)   Pre Evacuate Collection Set: 0.0ms
[150.445s][info][gc,phases      ] GC(791)   Evacuate Collection Set: 52.7ms
[150.445s][info][gc,phases      ] GC(791)   Post Evacuate Collection Set: 6.1ms
[150.445s][info][gc,phases      ] GC(791)   Other: 0.6ms
[150.445s][info][gc,heap        ] GC(791) Eden regions: 21->0(21)
[150.445s][info][gc,heap        ] GC(791) Survivor regions: 4->4(4)
[150.445s][info][gc,heap        ] GC(791) Old regions: 368->389
[150.445s][info][gc,heap        ] GC(791) Humongous regions: 62->62
[150.445s][info][gc,metaspace   ] GC(791) Metaspace: 14757K->14757K(31744K)
[150.446s][info][gc             ] GC(791) Pause Young (G1 Humongous Allocation) 447M->449M(512M) 59.712ms
[150.446s][info][gc,cpu         ] GC(791) User=0.34s Sys=0.03s Real=0.05s
[150.447s][info][gc,start       ] GC(792) Pause Full (Allocation Failure)
[150.450s][info][gc,phases,start] GC(792) Phase 1: Mark live objects
[150.464s][info][gc,stringtable ] GC(792) Cleaned string and symbol table, strings: 7330 processed, 18 removed, symbols: 48835 processed, 0 removed
[150.464s][info][gc,phases      ] GC(792) Phase 1: Mark live objects 13.588ms
[150.464s][info][gc,phases,start] GC(792) Phase 2: Prepare for compaction
[150.467s][info][gc,phases      ] GC(792) Phase 2: Prepare for compaction 2.858ms
[150.467s][info][gc,phases,start] GC(792) Phase 3: Adjust pointers and remembered sets
[150.472s][info][gc,phases      ] GC(792) Phase 3: Adjust pointers and remembered sets 5.123ms
[150.472s][info][gc,phases,start] GC(792) Phase 4: Compact heap
[150.474s][info][gc,phases      ] GC(792) Phase 4: Compact heap 1.694ms
[150.476s][info][gc,heap        ] GC(792) Eden regions: 1->0(100)
[150.476s][info][gc,heap        ] GC(792) Survivor regions: 4->0(4)
[150.476s][info][gc,heap        ] GC(792) Old regions: 389->12
[150.476s][info][gc,heap        ] GC(792) Humongous regions: 62->0
[150.476s][info][gc,metaspace   ] GC(792) Metaspace: 14757K->14757K(31744K)
[150.476s][info][gc             ] GC(792) Pause Full (Allocation Failure) 449M->6M(512M) 29.736ms
[150.477s][info][gc,cpu         ] GC(792) User=0.25s Sys=0.02s Real=0.04s
[150.521s][info][gc,marking     ] GC(787) Concurrent Mark From Roots 2178.824ms
[150.521s][info][gc,marking     ] GC(787) Concurrent Mark Abort
[150.521s][info][gc             ] GC(787) Concurrent Cycle 2219.894ms
[150.716s][info][gc,start       ] GC(793) Pause Young (G1 Evacuation Pause)
[150.716s][info][gc,task        ] GC(793) Using 8 workers of 8 for evacuation
[150.941s][info][gc,mmu         ] GC(793) MMU target violated: 201.0ms (200.0ms/201.0ms)
[150.941s][info][gc,phases      ] GC(793)   Pre Evacuate Collection Set: 0.1ms
[150.941s][info][gc,phases      ] GC(793)   Evacuate Collection Set: 222.7ms
[150.941s][info][gc,phases      ] GC(793)   Post Evacuate Collection Set: 1.6ms
[150.941s][info][gc,phases      ] GC(793)   Other: 1.0ms
[150.942s][info][gc,heap        ] GC(793) Eden regions: 100->0(84)
[150.942s][info][gc,heap        ] GC(793) Survivor regions: 0->13(13)
[150.942s][info][gc,heap        ] GC(793) Old regions: 12->101
[150.942s][info][gc,heap        ] GC(793) Humongous regions: 62->62
[150.942s][info][gc,metaspace   ] GC(793) Metaspace: 14757K->14757K(31744K)
[150.942s][info][gc             ] GC(793) Pause Young (G1 Evacuation Pause) 168M->170M(512M) 225.967ms
[150.942s][info][gc,cpu         ] GC(793) User=1.70s Sys=0.00s Real=0.22s
[151.094s][info][gc,start       ] GC(794) Pause Young (G1 Evacuation Pause)
[151.094s][info][gc,task        ] GC(794) Using 8 workers of 8 for evacuation
[151.295s][info][gc,mmu         ] GC(794) MMU target violated: 201.0ms (200.0ms/201.0ms)
[151.299s][info][gc,phases      ] GC(794)   Pre Evacuate Collection Set: 0.0ms
[151.300s][info][gc,phases      ] GC(794)   Evacuate Collection Set: 199.2ms
[151.300s][info][gc,phases      ] GC(794)   Post Evacuate Collection Set: 1.5ms
[151.300s][info][gc,phases      ] GC(794)   Other: 4.9ms
[151.300s][info][gc,heap        ] GC(794) Eden regions: 84->0(61)
[151.300s][info][gc,heap        ] GC(794) Survivor regions: 13->13(13)
[151.300s][info][gc,heap        ] GC(794) Old regions: 101->187
[151.300s][info][gc,heap        ] GC(794) Humongous regions: 62->62
[151.300s][info][gc,metaspace   ] GC(794) Metaspace: 14757K->14757K(31744K)
[151.300s][info][gc             ] GC(794) Pause Young (G1 Evacuation Pause) 254M->255M(512M) 206.223ms
[151.300s][info][gc,cpu         ] GC(794) User=1.61s Sys=0.02s Real=0.22s
[151.376s][info][gc,start       ] GC(795) Pause Initial Mark (G1 Evacuation Pause)
[151.377s][info][gc,task        ] GC(795) Using 8 workers of 8 for evacuation
[151.542s][info][gc,phases      ] GC(795)   Pre Evacuate Collection Set: 0.1ms
[151.542s][info][gc,phases      ] GC(795)   Evacuate Collection Set: 163.5ms
[151.542s][info][gc,phases      ] GC(795)   Post Evacuate Collection Set: 1.3ms
[151.542s][info][gc,phases      ] GC(795)   Other: 0.8ms
[151.542s][info][gc,heap        ] GC(795) Eden regions: 61->0(42)
[151.542s][info][gc,heap        ] GC(795) Survivor regions: 13->10(10)
[151.542s][info][gc,heap        ] GC(795) Old regions: 187->252
[151.542s][info][gc,heap        ] GC(795) Humongous regions: 62->62
[151.542s][info][gc,metaspace   ] GC(795) Metaspace: 14757K->14757K(31744K)
[151.542s][info][gc             ] GC(795) Pause Initial Mark (G1 Evacuation Pause) 316M->318M(512M) 166.056ms
[151.543s][info][gc,cpu         ] GC(795) User=1.25s Sys=0.00s Real=0.16s
[151.543s][info][gc             ] GC(796) Concurrent Cycle
[151.543s][info][gc,marking     ] GC(796) Concurrent Clear Claimed Marks
[151.543s][info][gc,marking     ] GC(796) Concurrent Clear Claimed Marks 0.097ms
[151.543s][info][gc,marking     ] GC(796) Concurrent Scan Root Regions
[151.562s][info][gc,marking     ] GC(796) Concurrent Scan Root Regions 19.423ms
[151.562s][info][gc,marking     ] GC(796) Concurrent Mark (151.562s)
[151.563s][info][gc,marking     ] GC(796) Concurrent Mark From Roots
[151.563s][info][gc,task        ] GC(796) Using 2 workers of 2 for marking
[152.297s][info][gc,start       ] GC(797) Pause Young (G1 Evacuation Pause)
[152.297s][info][gc,task        ] GC(797) Using 8 workers of 8 for evacuation
[152.391s][info][gc,phases      ] GC(797)   Pre Evacuate Collection Set: 0.0ms
[152.391s][info][gc,phases      ] GC(797)   Evacuate Collection Set: 91.8ms
[152.391s][info][gc,phases      ] GC(797)   Post Evacuate Collection Set: 1.5ms
[152.391s][info][gc,phases      ] GC(797)   Other: 0.7ms
[152.391s][info][gc,heap        ] GC(797) Eden regions: 42->0(28)
[152.391s][info][gc,heap        ] GC(797) Survivor regions: 10->7(7)
[152.391s][info][gc,heap        ] GC(797) Old regions: 252->299
[152.391s][info][gc,heap        ] GC(797) Humongous regions: 62->62
[152.391s][info][gc,metaspace   ] GC(797) Metaspace: 14757K->14757K(31744K)
[152.392s][info][gc             ] GC(797) Pause Young (G1 Evacuation Pause) 360M->362M(512M) 94.663ms
[152.392s][info][gc,cpu         ] GC(797) User=0.73s Sys=0.00s Real=0.09s
[152.422s][info][gc,start       ] GC(798) Pause Young (G1 Evacuation Pause)
[152.422s][info][gc,task        ] GC(798) Using 8 workers of 8 for evacuation
[152.506s][info][gc,phases      ] GC(798)   Pre Evacuate Collection Set: 0.0ms
[152.506s][info][gc,phases      ] GC(798)   Evacuate Collection Set: 82.5ms
[152.506s][info][gc,phases      ] GC(798)   Post Evacuate Collection Set: 0.9ms
[152.506s][info][gc,phases      ] GC(798)   Other: 0.6ms
[152.506s][info][gc,heap        ] GC(798) Eden regions: 28->0(20)
[152.506s][info][gc,heap        ] GC(798) Survivor regions: 7->5(5)
[152.506s][info][gc,heap        ] GC(798) Old regions: 299->331
[152.506s][info][gc,heap        ] GC(798) Humongous regions: 62->62
[152.506s][info][gc,metaspace   ] GC(798) Metaspace: 14757K->14757K(31744K)
[152.506s][info][gc             ] GC(798) Pause Young (G1 Evacuation Pause) 390M->392M(512M) 84.598ms
[152.506s][info][gc,cpu         ] GC(798) User=0.63s Sys=0.02s Real=0.09s
[153.303s][info][gc,start       ] GC(799) Pause Young (G1 Evacuation Pause)
[153.303s][info][gc,task        ] GC(799) Using 8 workers of 8 for evacuation
[153.372s][info][gc,phases      ] GC(799)   Pre Evacuate Collection Set: 0.1ms
[153.372s][info][gc,phases      ] GC(799)   Evacuate Collection Set: 66.8ms
[153.372s][info][gc,phases      ] GC(799)   Post Evacuate Collection Set: 0.9ms
[153.372s][info][gc,phases      ] GC(799)   Other: 0.7ms
[153.372s][info][gc,heap        ] GC(799) Eden regions: 20->0(21)
[153.372s][info][gc,heap        ] GC(799) Survivor regions: 5->4(4)
[153.372s][info][gc,heap        ] GC(799) Old regions: 331->354
[153.372s][info][gc,heap        ] GC(799) Humongous regions: 62->62
[153.372s][info][gc,metaspace   ] GC(799) Metaspace: 14757K->14757K(31744K)
[153.372s][info][gc             ] GC(799) Pause Young (G1 Evacuation Pause) 412M->414M(512M) 68.835ms
[153.372s][info][gc,cpu         ] GC(799) User=0.61s Sys=0.00s Real=0.08s
[153.391s][info][gc,start       ] GC(800) Pause Young (G1 Evacuation Pause)
[153.391s][info][gc,task        ] GC(800) Using 8 workers of 8 for evacuation
[153.459s][info][gc,phases      ] GC(800)   Pre Evacuate Collection Set: 0.0ms
[153.459s][info][gc,phases      ] GC(800)   Evacuate Collection Set: 57.8ms
[153.459s][info][gc,phases      ] GC(800)   Post Evacuate Collection Set: 10.1ms
[153.459s][info][gc,phases      ] GC(800)   Other: 0.6ms
[153.459s][info][gc,heap        ] GC(800) Eden regions: 21->0(21)
[153.459s][info][gc,heap        ] GC(800) Survivor regions: 4->4(4)
[153.460s][info][gc,heap        ] GC(800) Old regions: 354->377
[153.460s][info][gc,heap        ] GC(800) Humongous regions: 62->62
[153.460s][info][gc,metaspace   ] GC(800) Metaspace: 14757K->14757K(31744K)
[153.460s][info][gc             ] GC(800) Pause Young (G1 Evacuation Pause) 435M->437M(512M) 68.936ms
[153.460s][info][gc,cpu         ] GC(800) User=0.47s Sys=0.02s Real=0.06s
[154.433s][info][gc,start       ] GC(801) Pause Young (G1 Humongous Allocation)
[154.433s][info][gc,task        ] GC(801) Using 8 workers of 8 for evacuation
[154.521s][info][gc,phases      ] GC(801)   Pre Evacuate Collection Set: 0.1ms
[154.521s][info][gc,phases      ] GC(801)   Evacuate Collection Set: 84.0ms
[154.521s][info][gc,phases      ] GC(801)   Post Evacuate Collection Set: 2.9ms
[154.521s][info][gc,phases      ] GC(801)   Other: 0.8ms
[154.521s][info][gc,heap        ] GC(801) Eden regions: 15->0(21)
[154.521s][info][gc,heap        ] GC(801) Survivor regions: 4->4(4)
[154.521s][info][gc,heap        ] GC(801) Old regions: 377->394
[154.521s][info][gc,heap        ] GC(801) Humongous regions: 62->62
[154.521s][info][gc,metaspace   ] GC(801) Metaspace: 14757K->14757K(31744K)
[154.521s][info][gc             ] GC(801) Pause Young (G1 Humongous Allocation) 451M->454M(512M) 88.126ms
[154.521s][info][gc,cpu         ] GC(801) User=0.59s Sys=0.06s Real=0.09s
[154.535s][info][gc,start       ] GC(802) Pause Full (Allocation Failure)
[154.538s][info][gc,phases,start] GC(802) Phase 1: Mark live objects
[154.566s][info][gc,stringtable ] GC(802) Cleaned string and symbol table, strings: 7343 processed, 24 removed, symbols: 48835 processed, 0 removed
[154.566s][info][gc,phases      ] GC(802) Phase 1: Mark live objects 27.715ms
[154.566s][info][gc,phases,start] GC(802) Phase 2: Prepare for compaction
[154.571s][info][gc,phases      ] GC(802) Phase 2: Prepare for compaction 4.569ms
[154.571s][info][gc,phases,start] GC(802) Phase 3: Adjust pointers and remembered sets
[154.581s][info][gc,phases      ] GC(802) Phase 3: Adjust pointers and remembered sets 10.671ms
[154.582s][info][gc,phases,start] GC(802) Phase 4: Compact heap
[154.586s][info][gc,phases      ] GC(802) Phase 4: Compact heap 4.263ms
[154.589s][info][gc,heap        ] GC(802) Eden regions: 0->0(96)
[154.589s][info][gc,heap        ] GC(802) Survivor regions: 4->0(4)
[154.589s][info][gc,heap        ] GC(802) Old regions: 394->12
[154.589s][info][gc,heap        ] GC(802) Humongous regions: 62->0
[154.589s][info][gc,metaspace   ] GC(802) Metaspace: 14757K->14757K(31744K)
[154.589s][info][gc             ] GC(802) Pause Full (Allocation Failure) 454M->6M(512M) 54.781ms
[154.590s][info][gc,cpu         ] GC(802) User=0.14s Sys=0.05s Real=0.08s
[154.590s][info][gc,marking     ] GC(796) Concurrent Mark From Roots 3027.910ms
[154.641s][info][gc,marking     ] GC(796) Concurrent Mark Abort
[154.641s][info][gc             ] GC(796) Concurrent Cycle 3098.690ms
[154.749s][info][gc,start       ] GC(803) Pause Young (G1 Evacuation Pause)
[154.749s][info][gc,task        ] GC(803) Using 8 workers of 8 for evacuation
[154.917s][info][gc,phases      ] GC(803)   Pre Evacuate Collection Set: 0.0ms
[154.917s][info][gc,phases      ] GC(803)   Evacuate Collection Set: 165.0ms
[154.917s][info][gc,phases      ] GC(803)   Post Evacuate Collection Set: 2.2ms
[154.917s][info][gc,phases      ] GC(803)   Other: 0.8ms
[154.917s][info][gc,heap        ] GC(803) Eden regions: 96->0(90)
[154.917s][info][gc,heap        ] GC(803) Survivor regions: 0->12(12)
[154.917s][info][gc,heap        ] GC(803) Old regions: 12->97
[154.917s][info][gc,heap        ] GC(803) Humongous regions: 62->62
[154.917s][info][gc,metaspace   ] GC(803) Metaspace: 14757K->14757K(31744K)
[154.917s][info][gc             ] GC(803) Pause Young (G1 Evacuation Pause) 164M->165M(512M) 168.384ms
[154.917s][info][gc,cpu         ] GC(803) User=1.13s Sys=0.09s Real=0.16s
[155.018s][info][gc,start       ] GC(804) Pause Young (G1 Evacuation Pause)
[155.018s][info][gc,task        ] GC(804) Using 8 workers of 8 for evacuation
[155.253s][info][gc,mmu         ] GC(804) MMU target violated: 201.0ms (200.0ms/201.0ms)
[155.254s][info][gc,phases      ] GC(804)   Pre Evacuate Collection Set: 0.0ms
[155.254s][info][gc,phases      ] GC(804)   Evacuate Collection Set: 232.1ms
[155.254s][info][gc,phases      ] GC(804)   Post Evacuate Collection Set: 2.2ms
[155.254s][info][gc,phases      ] GC(804)   Other: 1.4ms
[155.254s][info][gc,heap        ] GC(804) Eden regions: 90->0(61)
[155.254s][info][gc,heap        ] GC(804) Survivor regions: 12->13(13)
[155.254s][info][gc,heap        ] GC(804) Old regions: 97->188
[155.254s][info][gc,heap        ] GC(804) Humongous regions: 62->62
[155.254s][info][gc,metaspace   ] GC(804) Metaspace: 14757K->14757K(31744K)
[155.254s][info][gc             ] GC(804) Pause Young (G1 Evacuation Pause) 255M->256M(512M) 236.421ms
[155.254s][info][gc,cpu         ] GC(804) User=1.83s Sys=0.06s Real=0.24s
[155.392s][info][gc,start       ] GC(805) Pause Initial Mark (G1 Evacuation Pause)
[155.392s][info][gc,task        ] GC(805) Using 8 workers of 8 for evacuation
[155.551s][info][gc,phases      ] GC(805)   Pre Evacuate Collection Set: 0.1ms
[155.551s][info][gc,phases      ] GC(805)   Evacuate Collection Set: 155.9ms
[155.551s][info][gc,phases      ] GC(805)   Post Evacuate Collection Set: 1.9ms
[155.551s][info][gc,phases      ] GC(805)   Other: 1.2ms
[155.551s][info][gc,heap        ] GC(805) Eden regions: 61->0(42)
[155.551s][info][gc,heap        ] GC(805) Survivor regions: 13->10(10)
[155.551s][info][gc,heap        ] GC(805) Old regions: 188->253
[155.551s][info][gc,heap        ] GC(805) Humongous regions: 62->62
[155.551s][info][gc,metaspace   ] GC(805) Metaspace: 14757K->14757K(31744K)
[155.551s][info][gc             ] GC(805) Pause Initial Mark (G1 Evacuation Pause) 317M->319M(512M) 159.727ms
[155.551s][info][gc,cpu         ] GC(805) User=1.17s Sys=0.05s Real=0.16s
[155.552s][info][gc             ] GC(806) Concurrent Cycle
[155.552s][info][gc,marking     ] GC(806) Concurrent Clear Claimed Marks
[155.552s][info][gc,marking     ] GC(806) Concurrent Clear Claimed Marks 0.098ms
[155.552s][info][gc,marking     ] GC(806) Concurrent Scan Root Regions
[155.587s][info][gc,marking     ] GC(806) Concurrent Scan Root Regions 34.799ms
[155.587s][info][gc,marking     ] GC(806) Concurrent Mark (155.587s)
[155.587s][info][gc,marking     ] GC(806) Concurrent Mark From Roots
[155.587s][info][gc,task        ] GC(806) Using 2 workers of 2 for marking
[156.258s][info][gc,start       ] GC(807) Pause Young (G1 Evacuation Pause)
[156.259s][info][gc,task        ] GC(807) Using 8 workers of 8 for evacuation
[156.337s][info][gc,phases      ] GC(807)   Pre Evacuate Collection Set: 0.0ms
[156.337s][info][gc,phases      ] GC(807)   Evacuate Collection Set: 76.4ms
[156.337s][info][gc,phases      ] GC(807)   Post Evacuate Collection Set: 1.3ms
[156.337s][info][gc,phases      ] GC(807)   Other: 0.8ms
[156.337s][info][gc,heap        ] GC(807) Eden regions: 42->0(28)
[156.337s][info][gc,heap        ] GC(807) Survivor regions: 10->7(7)
[156.337s][info][gc,heap        ] GC(807) Old regions: 253->299
[156.337s][info][gc,heap        ] GC(807) Humongous regions: 62->62
[156.337s][info][gc,metaspace   ] GC(807) Metaspace: 14757K->14757K(31744K)
[156.337s][info][gc             ] GC(807) Pause Young (G1 Evacuation Pause) 361M->362M(512M) 79.049ms
[156.338s][info][gc,cpu         ] GC(807) User=0.63s Sys=0.00s Real=0.09s
[156.397s][info][gc,start       ] GC(808) Pause Young (G1 Evacuation Pause)
[156.397s][info][gc,task        ] GC(808) Using 8 workers of 8 for evacuation
[156.471s][info][gc,phases      ] GC(808)   Pre Evacuate Collection Set: 0.0ms
[156.471s][info][gc,phases      ] GC(808)   Evacuate Collection Set: 72.0ms
[156.471s][info][gc,phases      ] GC(808)   Post Evacuate Collection Set: 1.5ms
[156.471s][info][gc,phases      ] GC(808)   Other: 0.6ms
[156.471s][info][gc,heap        ] GC(808) Eden regions: 28->0(20)
[156.471s][info][gc,heap        ] GC(808) Survivor regions: 7->5(5)
[156.471s][info][gc,heap        ] GC(808) Old regions: 299->331
[156.471s][info][gc,heap        ] GC(808) Humongous regions: 62->62
[156.471s][info][gc,metaspace   ] GC(808) Metaspace: 14757K->14757K(31744K)
[156.471s][info][gc             ] GC(808) Pause Young (G1 Evacuation Pause) 390M->391M(512M) 74.577ms
[156.471s][info][gc,cpu         ] GC(808) User=0.58s Sys=0.03s Real=0.08s
[156.490s][info][gc,start       ] GC(809) Pause Young (G1 Evacuation Pause)
[156.490s][info][gc,task        ] GC(809) Using 8 workers of 8 for evacuation
[156.555s][info][gc,phases      ] GC(809)   Pre Evacuate Collection Set: 0.1ms
[156.555s][info][gc,phases      ] GC(809)   Evacuate Collection Set: 62.1ms
[156.556s][info][gc,phases      ] GC(809)   Post Evacuate Collection Set: 2.3ms
[156.556s][info][gc,phases      ] GC(809)   Other: 0.7ms
[156.556s][info][gc,heap        ] GC(809) Eden regions: 20->0(21)
[156.556s][info][gc,heap        ] GC(809) Survivor regions: 5->4(4)
[156.556s][info][gc,heap        ] GC(809) Old regions: 331->354
[156.556s][info][gc,heap        ] GC(809) Humongous regions: 62->62
[156.556s][info][gc,metaspace   ] GC(809) Metaspace: 14757K->14757K(31744K)
[156.556s][info][gc             ] GC(809) Pause Young (G1 Evacuation Pause) 411M->414M(512M) 65.729ms
[156.556s][info][gc,cpu         ] GC(809) User=0.48s Sys=0.00s Real=0.07s
[157.385s][info][gc,start       ] GC(810) Pause Young (G1 Evacuation Pause)
[157.385s][info][gc,task        ] GC(810) Using 8 workers of 8 for evacuation
[157.469s][info][gc,phases      ] GC(810)   Pre Evacuate Collection Set: 0.1ms
[157.469s][info][gc,phases      ] GC(810)   Evacuate Collection Set: 81.8ms
[157.469s][info][gc,phases      ] GC(810)   Post Evacuate Collection Set: 0.9ms
[157.469s][info][gc,phases      ] GC(810)   Other: 0.8ms
[157.469s][info][gc,heap        ] GC(810) Eden regions: 21->0(21)
[157.469s][info][gc,heap        ] GC(810) Survivor regions: 4->4(4)
[157.469s][info][gc,heap        ] GC(810) Old regions: 354->377
[157.469s][info][gc,heap        ] GC(810) Humongous regions: 62->62
[157.469s][info][gc,metaspace   ] GC(810) Metaspace: 14757K->14757K(31744K)
[157.469s][info][gc             ] GC(810) Pause Young (G1 Evacuation Pause) 435M->437M(512M) 83.985ms
[157.469s][info][gc,cpu         ] GC(810) User=0.66s Sys=0.00s Real=0.09s
[157.487s][info][gc,start       ] GC(811) Pause Young (G1 Humongous Allocation)
[157.487s][info][gc,task        ] GC(811) Using 8 workers of 8 for evacuation
[157.562s][info][gc,phases      ] GC(811)   Pre Evacuate Collection Set: 0.0ms
[157.562s][info][gc,phases      ] GC(811)   Evacuate Collection Set: 73.5ms
[157.562s][info][gc,phases      ] GC(811)   Post Evacuate Collection Set: 1.6ms
[157.563s][info][gc,phases      ] GC(811)   Other: 0.7ms
[157.563s][info][gc,heap        ] GC(811) Eden regions: 16->0(21)
[157.563s][info][gc,heap        ] GC(811) Survivor regions: 4->4(4)
[157.563s][info][gc,heap        ] GC(811) Old regions: 377->395
[157.563s][info][gc,heap        ] GC(811) Humongous regions: 62->62
[157.563s][info][gc,metaspace   ] GC(811) Metaspace: 14757K->14757K(31744K)
[157.563s][info][gc             ] GC(811) Pause Young (G1 Humongous Allocation) 452M->454M(512M) 76.148ms
[157.563s][info][gc,cpu         ] GC(811) User=0.53s Sys=0.00s Real=0.09s
[157.572s][info][gc,start       ] GC(812) Pause Full (Allocation Failure)
[157.574s][info][gc,phases,start] GC(812) Phase 1: Mark live objects
[157.602s][info][gc,stringtable ] GC(812) Cleaned string and symbol table, strings: 7340 processed, 21 removed, symbols: 48835 processed, 0 removed
[157.602s][info][gc,phases      ] GC(812) Phase 1: Mark live objects 27.568ms
[157.602s][info][gc,phases,start] GC(812) Phase 2: Prepare for compaction
[157.605s][info][gc,phases      ] GC(812) Phase 2: Prepare for compaction 2.930ms
[157.605s][info][gc,phases,start] GC(812) Phase 3: Adjust pointers and remembered sets
[157.616s][info][gc,phases      ] GC(812) Phase 3: Adjust pointers and remembered sets 10.773ms
[157.616s][info][gc,phases,start] GC(812) Phase 4: Compact heap
[157.618s][info][gc,phases      ] GC(812) Phase 4: Compact heap 2.319ms
[157.621s][info][gc,heap        ] GC(812) Eden regions: 0->0(94)
[157.621s][info][gc,heap        ] GC(812) Survivor regions: 4->0(4)
[157.621s][info][gc,heap        ] GC(812) Old regions: 395->10
[157.621s][info][gc,heap        ] GC(812) Humongous regions: 62->0
[157.621s][info][gc,metaspace   ] GC(812) Metaspace: 14757K->14757K(31744K)
[157.621s][info][gc             ] GC(812) Pause Full (Allocation Failure) 454M->6M(512M) 49.379ms
[157.623s][info][gc,cpu         ] GC(812) User=0.28s Sys=0.02s Real=0.06s
[157.675s][info][gc,marking     ] GC(806) Concurrent Mark From Roots 2088.345ms
[157.675s][info][gc,marking     ] GC(806) Concurrent Mark Abort
[157.675s][info][gc             ] GC(806) Concurrent Cycle 2123.836ms
[157.796s][info][gc,start       ] GC(813) Pause Young (G1 Evacuation Pause)
[157.796s][info][gc,task        ] GC(813) Using 8 workers of 8 for evacuation
[158.149s][info][gc,mmu         ] GC(813) MMU target violated: 201.0ms (200.0ms/201.0ms)
[158.150s][info][gc,phases      ] GC(813)   Pre Evacuate Collection Set: 0.0ms
[158.150s][info][gc,phases      ] GC(813)   Evacuate Collection Set: 339.5ms
[158.150s][info][gc,phases      ] GC(813)   Post Evacuate Collection Set: 13.0ms
[158.150s][info][gc,phases      ] GC(813)   Other: 1.8ms
[158.150s][info][gc,heap        ] GC(813) Eden regions: 94->0(56)
[158.150s][info][gc,heap        ] GC(813) Survivor regions: 0->12(12)
[158.150s][info][gc,heap        ] GC(813) Old regions: 10->93
[158.150s][info][gc,heap        ] GC(813) Humongous regions: 63->63
[158.150s][info][gc,metaspace   ] GC(813) Metaspace: 14757K->14757K(31744K)
[158.150s][info][gc             ] GC(813) Pause Young (G1 Evacuation Pause) 163M->164M(512M) 354.639ms
[158.150s][info][gc,cpu         ] GC(813) User=1.94s Sys=0.06s Real=0.35s
[158.255s][info][gc,start       ] GC(814) Pause Young (G1 Evacuation Pause)
[158.255s][info][gc,task        ] GC(814) Using 8 workers of 8 for evacuation
[158.420s][info][gc,phases      ] GC(814)   Pre Evacuate Collection Set: 0.0ms
[158.420s][info][gc,phases      ] GC(814)   Evacuate Collection Set: 162.4ms
[158.420s][info][gc,phases      ] GC(814)   Post Evacuate Collection Set: 1.4ms
[158.420s][info][gc,phases      ] GC(814)   Other: 0.5ms
[158.420s][info][gc,heap        ] GC(814) Eden regions: 56->0(61)
[158.420s][info][gc,heap        ] GC(814) Survivor regions: 12->9(9)
[158.420s][info][gc,heap        ] GC(814) Old regions: 93->154
[158.420s][info][gc,heap        ] GC(814) Humongous regions: 63->63
[158.420s][info][gc,metaspace   ] GC(814) Metaspace: 14758K->14758K(31744K)
[158.420s][info][gc             ] GC(814) Pause Young (G1 Evacuation Pause) 220M->221M(512M) 165.114ms
[158.420s][info][gc,cpu         ] GC(814) User=1.20s Sys=0.06s Real=0.18s
[158.480s][info][gc,start       ] GC(815) Pause Young (G1 Evacuation Pause)
[158.480s][info][gc,task        ] GC(815) Using 8 workers of 8 for evacuation
[158.626s][info][gc,phases      ] GC(815)   Pre Evacuate Collection Set: 0.1ms
[158.635s][info][gc,phases      ] GC(815)   Evacuate Collection Set: 143.6ms
[158.635s][info][gc,phases      ] GC(815)   Post Evacuate Collection Set: 1.6ms
[158.635s][info][gc,phases      ] GC(815)   Other: 0.7ms
[158.635s][info][gc,heap        ] GC(815) Eden regions: 60->0(54)
[158.635s][info][gc,heap        ] GC(815) Survivor regions: 9->9(9)
[158.635s][info][gc,heap        ] GC(815) Old regions: 154->215
[158.635s][info][gc,heap        ] GC(815) Humongous regions: 63->63
[158.636s][info][gc,metaspace   ] GC(815) Metaspace: 14758K->14758K(31744K)
[158.636s][info][gc             ] GC(815) Pause Young (G1 Evacuation Pause) 281M->283M(512M) 155.461ms
[158.636s][info][gc,cpu         ] GC(815) User=1.14s Sys=0.02s Real=0.16s
[159.231s][info][gc,start       ] GC(816) Pause Initial Mark (G1 Evacuation Pause)
[159.231s][info][gc,task        ] GC(816) Using 8 workers of 8 for evacuation
[159.350s][info][gc,phases      ] GC(816)   Pre Evacuate Collection Set: 0.1ms
[159.350s][info][gc,phases      ] GC(816)   Evacuate Collection Set: 116.8ms
[159.350s][info][gc,phases      ] GC(816)   Post Evacuate Collection Set: 1.4ms
[159.350s][info][gc,phases      ] GC(816)   Other: 0.8ms
[159.350s][info][gc,heap        ] GC(816) Eden regions: 54->0(36)
[159.350s][info][gc,heap        ] GC(816) Survivor regions: 9->8(8)
[159.350s][info][gc,heap        ] GC(816) Old regions: 215->272
[159.350s][info][gc,heap        ] GC(816) Humongous regions: 63->63
[159.350s][info][gc,metaspace   ] GC(816) Metaspace: 14758K->14758K(31744K)
[159.351s][info][gc             ] GC(816) Pause Initial Mark (G1 Evacuation Pause) 337M->338M(512M) 119.519ms
[159.351s][info][gc,cpu         ] GC(816) User=0.88s Sys=0.00s Real=0.11s
[159.351s][info][gc             ] GC(817) Concurrent Cycle
[159.351s][info][gc,marking     ] GC(817) Concurrent Clear Claimed Marks
[159.351s][info][gc,marking     ] GC(817) Concurrent Clear Claimed Marks 0.126ms
[159.351s][info][gc,marking     ] GC(817) Concurrent Scan Root Regions
[159.357s][info][gc,marking     ] GC(817) Concurrent Scan Root Regions 6.171ms
[159.358s][info][gc,marking     ] GC(817) Concurrent Mark (159.358s)
[159.358s][info][gc,marking     ] GC(817) Concurrent Mark From Roots
[159.358s][info][gc,task        ] GC(817) Using 2 workers of 2 for marking
[159.425s][info][gc,start       ] GC(818) Pause Young (G1 Evacuation Pause)
[159.425s][info][gc,task        ] GC(818) Using 8 workers of 8 for evacuation
[159.513s][info][gc,phases      ] GC(818)   Pre Evacuate Collection Set: 0.0ms
[159.513s][info][gc,phases      ] GC(818)   Evacuate Collection Set: 86.0ms
[159.513s][info][gc,phases      ] GC(818)   Post Evacuate Collection Set: 1.4ms
[159.513s][info][gc,phases      ] GC(818)   Other: 0.5ms
[159.513s][info][gc,heap        ] GC(818) Eden regions: 36->0(25)
[159.513s][info][gc,heap        ] GC(818) Survivor regions: 8->6(6)
[159.513s][info][gc,heap        ] GC(818) Old regions: 272->311
[159.513s][info][gc,heap        ] GC(818) Humongous regions: 63->63
[159.513s][info][gc,metaspace   ] GC(818) Metaspace: 14758K->14758K(31744K)
[159.513s][info][gc             ] GC(818) Pause Young (G1 Evacuation Pause) 374M->376M(512M) 88.631ms
[159.513s][info][gc,cpu         ] GC(818) User=0.72s Sys=0.03s Real=0.09s
[159.555s][info][gc,start       ] GC(819) Pause Young (G1 Evacuation Pause)
[159.556s][info][gc,task        ] GC(819) Using 8 workers of 8 for evacuation
[159.644s][info][gc,phases      ] GC(819)   Pre Evacuate Collection Set: 0.0ms
[159.644s][info][gc,phases      ] GC(819)   Evacuate Collection Set: 74.3ms
[159.644s][info][gc,phases      ] GC(819)   Post Evacuate Collection Set: 13.3ms
[159.644s][info][gc,phases      ] GC(819)   Other: 0.5ms
[159.644s][info][gc,heap        ] GC(819) Eden regions: 25->0(21)
[159.644s][info][gc,heap        ] GC(819) Survivor regions: 6->4(4)
[159.644s][info][gc,heap        ] GC(819) Old regions: 311->340
[159.644s][info][gc,heap        ] GC(819) Humongous regions: 63->63
[159.644s][info][gc,metaspace   ] GC(819) Metaspace: 14758K->14758K(31744K)
[159.644s][info][gc             ] GC(819) Pause Young (G1 Evacuation Pause) 401M->403M(512M) 88.579ms
[159.644s][info][gc,cpu         ] GC(819) User=0.61s Sys=0.02s Real=0.08s
[160.524s][info][gc,start       ] GC(820) Pause Young (G1 Evacuation Pause)
[160.524s][info][gc,task        ] GC(820) Using 8 workers of 8 for evacuation
[160.594s][info][gc,phases      ] GC(820)   Pre Evacuate Collection Set: 0.1ms
[160.594s][info][gc,phases      ] GC(820)   Evacuate Collection Set: 63.8ms
[160.594s][info][gc,phases      ] GC(820)   Post Evacuate Collection Set: 4.9ms
[160.594s][info][gc,phases      ] GC(820)   Other: 1.0ms
[160.594s][info][gc,heap        ] GC(820) Eden regions: 21->0(21)
[160.594s][info][gc,heap        ] GC(820) Survivor regions: 4->4(4)
[160.594s][info][gc,heap        ] GC(820) Old regions: 340->362
[160.594s][info][gc,heap        ] GC(820) Humongous regions: 63->63
[160.594s][info][gc,metaspace   ] GC(820) Metaspace: 14759K->14759K(31744K)
[160.594s][info][gc             ] GC(820) Pause Young (G1 Evacuation Pause) 424M->425M(512M) 70.241ms
[160.594s][info][gc,cpu         ] GC(820) User=0.44s Sys=0.06s Real=0.06s
[161.736s][info][gc,start       ] GC(821) Pause Young (G1 Evacuation Pause)
[161.736s][info][gc,task        ] GC(821) Using 8 workers of 8 for evacuation
[161.811s][info][gc,phases      ] GC(821)   Pre Evacuate Collection Set: 0.1ms
[161.811s][info][gc,phases      ] GC(821)   Evacuate Collection Set: 72.9ms
[161.811s][info][gc,phases      ] GC(821)   Post Evacuate Collection Set: 1.6ms
[161.811s][info][gc,phases      ] GC(821)   Other: 1.1ms
[161.811s][info][gc,heap        ] GC(821) Eden regions: 21->0(21)
[161.811s][info][gc,heap        ] GC(821) Survivor regions: 4->4(4)
[161.811s][info][gc,heap        ] GC(821) Old regions: 362->385
[161.811s][info][gc,heap        ] GC(821) Humongous regions: 63->63
[161.812s][info][gc,metaspace   ] GC(821) Metaspace: 14759K->14759K(31744K)
[161.812s][info][gc             ] GC(821) Pause Young (G1 Evacuation Pause) 446M->448M(512M) 75.953ms
[161.812s][info][gc,cpu         ] GC(821) User=0.56s Sys=0.00s Real=0.07s
[162.827s][info][gc,start       ] GC(822) Pause Young (G1 Humongous Allocation)
[162.827s][info][gc,task        ] GC(822) Using 8 workers of 8 for evacuation
[162.901s][info][gc,phases      ] GC(822)   Pre Evacuate Collection Set: 0.0ms
[162.901s][info][gc,phases      ] GC(822)   Evacuate Collection Set: 68.5ms
[162.901s][info][gc,phases      ] GC(822)   Post Evacuate Collection Set: 0.8ms
[162.901s][info][gc,phases      ] GC(822)   Other: 5.2ms
[162.901s][info][gc,heap        ] GC(822) Eden regions: 9->0(21)
[162.901s][info][gc,heap        ] GC(822) Survivor regions: 4->4(4)
[162.901s][info][gc,heap        ] GC(822) Old regions: 385->395
[162.901s][info][gc,heap        ] GC(822) Humongous regions: 63->63
[162.901s][info][gc,metaspace   ] GC(822) Metaspace: 14759K->14759K(31744K)
[162.901s][info][gc             ] GC(822) Pause Young (G1 Humongous Allocation) 457M->457M(512M) 74.812ms
[162.901s][info][gc,cpu         ] GC(822) User=0.45s Sys=0.03s Real=0.08s
[162.903s][info][gc,start       ] GC(823) Pause Full (Allocation Failure)
[162.907s][info][gc,phases,start] GC(823) Phase 1: Mark live objects
[162.925s][info][gc,stringtable ] GC(823) Cleaned string and symbol table, strings: 7355 processed, 29 removed, symbols: 48835 processed, 0 removed
[162.925s][info][gc,phases      ] GC(823) Phase 1: Mark live objects 17.435ms
[162.925s][info][gc,phases,start] GC(823) Phase 2: Prepare for compaction
[162.929s][info][gc,phases      ] GC(823) Phase 2: Prepare for compaction 3.807ms
[162.929s][info][gc,phases,start] GC(823) Phase 3: Adjust pointers and remembered sets
[162.938s][info][gc,phases      ] GC(823) Phase 3: Adjust pointers and remembered sets 9.278ms
[162.938s][info][gc,phases,start] GC(823) Phase 4: Compact heap
[162.941s][info][gc,phases      ] GC(823) Phase 4: Compact heap 2.408ms
[162.943s][info][gc,heap        ] GC(823) Eden regions: 0->0(80)
[162.943s][info][gc,heap        ] GC(823) Survivor regions: 4->0(4)
[162.943s][info][gc,heap        ] GC(823) Old regions: 395->11
[162.943s][info][gc,heap        ] GC(823) Humongous regions: 63->0
[162.943s][info][gc,metaspace   ] GC(823) Metaspace: 14759K->14759K(31744K)
[162.943s][info][gc             ] GC(823) Pause Full (Allocation Failure) 457M->6M(512M) 39.983ms
[162.944s][info][gc,cpu         ] GC(823) User=0.23s Sys=0.00s Real=0.04s
[162.944s][info][gc,marking     ] GC(817) Concurrent Mark From Roots 3586.577ms
[162.944s][info][gc,marking     ] GC(817) Concurrent Mark Abort
[162.944s][info][gc             ] GC(817) Concurrent Cycle 3593.617ms
[163.130s][info][gc,start       ] GC(824) Pause Young (G1 Evacuation Pause)
[163.130s][info][gc,task        ] GC(824) Using 8 workers of 8 for evacuation
[163.343s][info][gc,mmu         ] GC(824) MMU target violated: 201.0ms (200.0ms/201.0ms)
[163.343s][info][gc,phases      ] GC(824)   Pre Evacuate Collection Set: 0.1ms
[163.343s][info][gc,phases      ] GC(824)   Evacuate Collection Set: 210.2ms
[163.343s][info][gc,phases      ] GC(824)   Post Evacuate Collection Set: 2.3ms
[163.343s][info][gc,phases      ] GC(824)   Other: 0.7ms
[163.343s][info][gc,heap        ] GC(824) Eden regions: 80->0(69)
[163.343s][info][gc,heap        ] GC(824) Survivor regions: 0->10(10)
[163.344s][info][gc,heap        ] GC(824) Old regions: 11->82
[163.344s][info][gc,heap        ] GC(824) Humongous regions: 63->63
[163.344s][info][gc,metaspace   ] GC(824) Metaspace: 14759K->14759K(31744K)
[163.344s][info][gc             ] GC(824) Pause Young (G1 Evacuation Pause) 149M->149M(512M) 213.595ms
[163.344s][info][gc,cpu         ] GC(824) User=1.55s Sys=0.03s Real=0.21s
[163.465s][info][gc,start       ] GC(825) Pause Young (G1 Evacuation Pause)
[163.465s][info][gc,task        ] GC(825) Using 8 workers of 8 for evacuation
[163.647s][info][gc,phases      ] GC(825)   Pre Evacuate Collection Set: 0.0ms
[163.647s][info][gc,phases      ] GC(825)   Evacuate Collection Set: 170.0ms
[163.647s][info][gc,phases      ] GC(825)   Post Evacuate Collection Set: 10.9ms
[163.647s][info][gc,phases      ] GC(825)   Other: 0.6ms
[163.647s][info][gc,heap        ] GC(825) Eden regions: 66->0(69)
[163.647s][info][gc,heap        ] GC(825) Survivor regions: 10->10(10)
[163.648s][info][gc,heap        ] GC(825) Old regions: 82->149
[163.648s][info][gc,heap        ] GC(825) Humongous regions: 63->63
[163.648s][info][gc,metaspace   ] GC(825) Metaspace: 14759K->14759K(31744K)
[163.648s][info][gc             ] GC(825) Pause Young (G1 Evacuation Pause) 215M->217M(512M) 182.503ms
[163.648s][info][gc,cpu         ] GC(825) User=1.38s Sys=0.03s Real=0.19s
[164.112s][info][gc,start       ] GC(826) Pause Young (G1 Evacuation Pause)
[164.112s][info][gc,task        ] GC(826) Using 8 workers of 8 for evacuation
[164.267s][info][gc,phases      ] GC(826)   Pre Evacuate Collection Set: 0.0ms
[164.267s][info][gc,phases      ] GC(826)   Evacuate Collection Set: 152.7ms
[164.267s][info][gc,phases      ] GC(826)   Post Evacuate Collection Set: 1.6ms
[164.267s][info][gc,phases      ] GC(826)   Other: 0.6ms
[164.267s][info][gc,heap        ] GC(826) Eden regions: 67->0(52)
[164.268s][info][gc,heap        ] GC(826) Survivor regions: 10->10(10)
[164.268s][info][gc,heap        ] GC(826) Old regions: 149->218
[164.268s][info][gc,heap        ] GC(826) Humongous regions: 63->63
[164.268s][info][gc,metaspace   ] GC(826) Metaspace: 14759K->14759K(31744K)
[164.268s][info][gc             ] GC(826) Pause Young (G1 Evacuation Pause) 284M->285M(512M) 155.676ms
[164.268s][info][gc,cpu         ] GC(826) User=0.98s Sys=0.02s Real=0.17s
[164.355s][info][gc,start       ] GC(827) Pause Initial Mark (G1 Evacuation Pause)
[164.355s][info][gc,task        ] GC(827) Using 8 workers of 8 for evacuation
[164.515s][info][gc,phases      ] GC(827)   Pre Evacuate Collection Set: 0.1ms
[164.515s][info][gc,phases      ] GC(827)   Evacuate Collection Set: 156.8ms
[164.515s][info][gc,phases      ] GC(827)   Post Evacuate Collection Set: 1.9ms
[164.515s][info][gc,phases      ] GC(827)   Other: 0.7ms
[164.515s][info][gc,heap        ] GC(827) Eden regions: 52->0(36)
[164.515s][info][gc,heap        ] GC(827) Survivor regions: 10->8(8)
[164.515s][info][gc,heap        ] GC(827) Old regions: 218->273
[164.515s][info][gc,heap        ] GC(827) Humongous regions: 63->63
[164.515s][info][gc,metaspace   ] GC(827) Metaspace: 14759K->14759K(31744K)
[164.515s][info][gc             ] GC(827) Pause Initial Mark (G1 Evacuation Pause) 337M->339M(512M) 159.943ms
[164.515s][info][gc,cpu         ] GC(827) User=1.14s Sys=0.00s Real=0.16s
[164.515s][info][gc             ] GC(828) Concurrent Cycle
[164.516s][info][gc,marking     ] GC(828) Concurrent Clear Claimed Marks
[164.516s][info][gc,marking     ] GC(828) Concurrent Clear Claimed Marks 0.119ms
[164.516s][info][gc,marking     ] GC(828) Concurrent Scan Root Regions
[164.540s][info][gc,marking     ] GC(828) Concurrent Scan Root Regions 24.596ms
[164.541s][info][gc,marking     ] GC(828) Concurrent Mark (164.540s)
[164.541s][info][gc,marking     ] GC(828) Concurrent Mark From Roots
[164.541s][info][gc,task        ] GC(828) Using 2 workers of 2 for marking
[164.577s][info][gc,start       ] GC(829) Pause Young (G1 Evacuation Pause)
[164.577s][info][gc,task        ] GC(829) Using 8 workers of 8 for evacuation
[164.678s][info][gc,phases      ] GC(829)   Pre Evacuate Collection Set: 0.0ms
[164.678s][info][gc,phases      ] GC(829)   Evacuate Collection Set: 99.1ms
[164.678s][info][gc,phases      ] GC(829)   Post Evacuate Collection Set: 1.5ms
[164.678s][info][gc,phases      ] GC(829)   Other: 0.7ms
[164.678s][info][gc,heap        ] GC(829) Eden regions: 36->0(24)
[164.678s][info][gc,heap        ] GC(829) Survivor regions: 8->6(6)
[164.678s][info][gc,heap        ] GC(829) Old regions: 273->313
[164.678s][info][gc,heap        ] GC(829) Humongous regions: 63->63
[164.678s][info][gc,metaspace   ] GC(829) Metaspace: 14759K->14759K(31744K)
[164.679s][info][gc             ] GC(829) Pause Young (G1 Evacuation Pause) 375M->376M(512M) 102.045ms
[164.679s][info][gc,cpu         ] GC(829) User=0.75s Sys=0.00s Real=0.09s
[165.461s][info][gc,start       ] GC(830) Pause Young (G1 Evacuation Pause)
[165.461s][info][gc,task        ] GC(830) Using 8 workers of 8 for evacuation
[165.520s][info][gc,phases      ] GC(830)   Pre Evacuate Collection Set: 0.0ms
[165.520s][info][gc,phases      ] GC(830)   Evacuate Collection Set: 57.8ms
[165.521s][info][gc,phases      ] GC(830)   Post Evacuate Collection Set: 1.1ms
[165.521s][info][gc,phases      ] GC(830)   Other: 0.6ms
[165.521s][info][gc,heap        ] GC(830) Eden regions: 24->0(21)
[165.521s][info][gc,heap        ] GC(830) Survivor regions: 6->4(4)
[165.521s][info][gc,heap        ] GC(830) Old regions: 313->341
[165.521s][info][gc,heap        ] GC(830) Humongous regions: 63->63
[165.521s][info][gc,metaspace   ] GC(830) Metaspace: 14759K->14759K(31744K)
[165.521s][info][gc             ] GC(830) Pause Young (G1 Evacuation Pause) 400M->402M(512M) 59.888ms
[165.521s][info][gc,cpu         ] GC(830) User=0.38s Sys=0.00s Real=0.05s
[165.555s][info][gc,start       ] GC(831) Pause Young (G1 Evacuation Pause)
[165.555s][info][gc,task        ] GC(831) Using 8 workers of 8 for evacuation
[165.636s][info][gc,phases      ] GC(831)   Pre Evacuate Collection Set: 0.1ms
[165.636s][info][gc,phases      ] GC(831)   Evacuate Collection Set: 70.7ms
[165.636s][info][gc,phases      ] GC(831)   Post Evacuate Collection Set: 9.8ms
[165.636s][info][gc,phases      ] GC(831)   Other: 0.7ms
[165.636s][info][gc,heap        ] GC(831) Eden regions: 21->0(21)
[165.636s][info][gc,heap        ] GC(831) Survivor regions: 4->4(4)
[165.637s][info][gc,heap        ] GC(831) Old regions: 341->364
[165.637s][info][gc,heap        ] GC(831) Humongous regions: 63->63
[165.637s][info][gc,metaspace   ] GC(831) Metaspace: 14759K->14759K(31744K)
[165.637s][info][gc             ] GC(831) Pause Young (G1 Evacuation Pause) 423M->426M(512M) 81.739ms
[165.637s][info][gc,cpu         ] GC(831) User=0.59s Sys=0.05s Real=0.09s
[166.560s][info][gc,start       ] GC(832) Pause Young (G1 Evacuation Pause)
[166.560s][info][gc,task        ] GC(832) Using 8 workers of 8 for evacuation
[166.665s][info][gc,phases      ] GC(832)   Pre Evacuate Collection Set: 0.0ms
[166.665s][info][gc,phases      ] GC(832)   Evacuate Collection Set: 102.4ms
[166.665s][info][gc,phases      ] GC(832)   Post Evacuate Collection Set: 1.7ms
[166.665s][info][gc,phases      ] GC(832)   Other: 0.7ms
[166.665s][info][gc,heap        ] GC(832) Eden regions: 21->0(21)
[166.665s][info][gc,heap        ] GC(832) Survivor regions: 4->4(4)
[166.665s][info][gc,heap        ] GC(832) Old regions: 364->387
[166.665s][info][gc,heap        ] GC(832) Humongous regions: 63->63
[166.665s][info][gc,metaspace   ] GC(832) Metaspace: 14759K->14759K(31744K)
[166.666s][info][gc             ] GC(832) Pause Young (G1 Evacuation Pause) 447M->448M(512M) 105.177ms
[166.666s][info][gc,cpu         ] GC(832) User=0.59s Sys=0.00s Real=0.10s
[166.743s][info][gc,start       ] GC(833) Pause Young (G1 Humongous Allocation)
[166.743s][info][gc,task        ] GC(833) Using 8 workers of 8 for evacuation
[166.809s][info][gc,phases      ] GC(833)   Pre Evacuate Collection Set: 0.0ms
[166.809s][info][gc,phases      ] GC(833)   Evacuate Collection Set: 60.8ms
[166.809s][info][gc,phases      ] GC(833)   Post Evacuate Collection Set: 5.1ms
[166.810s][info][gc,phases      ] GC(833)   Other: 0.5ms
[166.810s][info][gc,heap        ] GC(833) Eden regions: 11->0(21)
[166.810s][info][gc,heap        ] GC(833) Survivor regions: 4->4(4)
[166.810s][info][gc,heap        ] GC(833) Old regions: 387->399
[166.810s][info][gc,heap        ] GC(833) Humongous regions: 63->63
[166.810s][info][gc,metaspace   ] GC(833) Metaspace: 14759K->14759K(31744K)
[166.810s][info][gc             ] GC(833) Pause Young (G1 Humongous Allocation) 459M->461M(512M) 67.101ms
[166.810s][info][gc,cpu         ] GC(833) User=0.53s Sys=0.00s Real=0.07s
[166.811s][info][gc,start       ] GC(834) Pause Full (Allocation Failure)
[166.815s][info][gc,phases,start] GC(834) Phase 1: Mark live objects
[166.831s][info][gc,stringtable ] GC(834) Cleaned string and symbol table, strings: 7344 processed, 18 removed, symbols: 48835 processed, 0 removed
[166.831s][info][gc,phases      ] GC(834) Phase 1: Mark live objects 15.954ms
[166.831s][info][gc,phases,start] GC(834) Phase 2: Prepare for compaction
[166.834s][info][gc,phases      ] GC(834) Phase 2: Prepare for compaction 3.032ms
[166.834s][info][gc,phases,start] GC(834) Phase 3: Adjust pointers and remembered sets
[166.839s][info][gc,phases      ] GC(834) Phase 3: Adjust pointers and remembered sets 4.676ms
[166.839s][info][gc,phases,start] GC(834) Phase 4: Compact heap
[166.841s][info][gc,phases      ] GC(834) Phase 4: Compact heap 1.910ms
[166.843s][info][gc,heap        ] GC(834) Eden regions: 1->0(84)
[166.843s][info][gc,heap        ] GC(834) Survivor regions: 4->0(4)
[166.843s][info][gc,heap        ] GC(834) Old regions: 399->11
[166.843s][info][gc,heap        ] GC(834) Humongous regions: 63->0
[166.843s][info][gc,metaspace   ] GC(834) Metaspace: 14759K->14759K(31744K)
[166.843s][info][gc             ] GC(834) Pause Full (Allocation Failure) 461M->6M(512M) 31.883ms
[166.844s][info][gc,cpu         ] GC(834) User=0.20s Sys=0.02s Real=0.03s
[166.844s][info][gc,marking     ] GC(828) Concurrent Mark From Roots 2303.733ms
[166.844s][info][gc,marking     ] GC(828) Concurrent Mark Abort
[166.844s][info][gc             ] GC(828) Concurrent Cycle 2328.902ms
[166.970s][info][gc,start       ] GC(835) Pause Young (G1 Evacuation Pause)
[166.970s][info][gc,task        ] GC(835) Using 8 workers of 8 for evacuation
[167.117s][info][gc,phases      ] GC(835)   Pre Evacuate Collection Set: 0.0ms
[167.117s][info][gc,phases      ] GC(835)   Evacuate Collection Set: 144.7ms
[167.117s][info][gc,phases      ] GC(835)   Post Evacuate Collection Set: 1.2ms
[167.117s][info][gc,phases      ] GC(835)   Other: 0.7ms
[167.117s][info][gc,heap        ] GC(835) Eden regions: 84->0(82)
[167.117s][info][gc,heap        ] GC(835) Survivor regions: 0->11(11)
[167.117s][info][gc,heap        ] GC(835) Old regions: 11->85
[167.117s][info][gc,heap        ] GC(835) Humongous regions: 63->63
[167.117s][info][gc,metaspace   ] GC(835) Metaspace: 14759K->14759K(31744K)
[167.117s][info][gc             ] GC(835) Pause Young (G1 Evacuation Pause) 153M->154M(512M) 146.895ms
[167.117s][info][gc,cpu         ] GC(835) User=1.09s Sys=0.00s Real=0.14s
[167.237s][info][gc,start       ] GC(836) Pause Young (G1 Evacuation Pause)
[167.237s][info][gc,task        ] GC(836) Using 8 workers of 8 for evacuation
[167.467s][info][gc,mmu         ] GC(836) MMU target violated: 201.0ms (200.0ms/201.0ms)
[167.467s][info][gc,phases      ] GC(836)   Pre Evacuate Collection Set: 0.1ms
[167.467s][info][gc,phases      ] GC(836)   Evacuate Collection Set: 228.8ms
[167.467s][info][gc,phases      ] GC(836)   Post Evacuate Collection Set: 1.2ms
[167.467s][info][gc,phases      ] GC(836)   Other: 0.7ms
[167.467s][info][gc,heap        ] GC(836) Eden regions: 78->0(69)
[167.468s][info][gc,heap        ] GC(836) Survivor regions: 11->12(12)
[167.468s][info][gc,heap        ] GC(836) Old regions: 85->164
[167.468s][info][gc,heap        ] GC(836) Humongous regions: 63->63
[167.468s][info][gc,metaspace   ] GC(836) Metaspace: 14759K->14759K(31744K)
[167.468s][info][gc             ] GC(836) Pause Young (G1 Evacuation Pause) 232M->234M(512M) 231.145ms
[167.468s][info][gc,cpu         ] GC(836) User=1.69s Sys=0.17s Real=0.23s
[167.607s][info][gc,start       ] GC(837) Pause Young (G1 Evacuation Pause)
[167.607s][info][gc,task        ] GC(837) Using 8 workers of 8 for evacuation
[167.771s][info][gc,phases      ] GC(837)   Pre Evacuate Collection Set: 0.0ms
[167.771s][info][gc,phases      ] GC(837)   Evacuate Collection Set: 161.9ms
[167.771s][info][gc,phases      ] GC(837)   Post Evacuate Collection Set: 1.1ms
[167.771s][info][gc,phases      ] GC(837)   Other: 0.6ms
[167.773s][info][gc,heap        ] GC(837) Eden regions: 69->0(46)
[167.774s][info][gc,heap        ] GC(837) Survivor regions: 12->11(11)
[167.774s][info][gc,heap        ] GC(837) Old regions: 164->236
[167.774s][info][gc,heap        ] GC(837) Humongous regions: 63->63
[167.774s][info][gc,metaspace   ] GC(837) Metaspace: 14759K->14759K(31744K)
[167.774s][info][gc             ] GC(837) Pause Young (G1 Evacuation Pause) 303M->305M(512M) 166.658ms
[167.774s][info][gc,cpu         ] GC(837) User=1.33s Sys=0.05s Real=0.17s
[168.451s][info][gc,start       ] GC(838) Pause Initial Mark (G1 Evacuation Pause)
[168.451s][info][gc,task        ] GC(838) Using 8 workers of 8 for evacuation
[168.567s][info][gc,phases      ] GC(838)   Pre Evacuate Collection Set: 0.1ms
[168.567s][info][gc,phases      ] GC(838)   Evacuate Collection Set: 113.6ms
[168.567s][info][gc,phases      ] GC(838)   Post Evacuate Collection Set: 1.5ms
[168.567s][info][gc,phases      ] GC(838)   Other: 1.0ms
[168.567s][info][gc,heap        ] GC(838) Eden regions: 46->0(31)
[168.567s][info][gc,heap        ] GC(838) Survivor regions: 11->8(8)
[168.567s][info][gc,heap        ] GC(838) Old regions: 236->287
[168.567s][info][gc,heap        ] GC(838) Humongous regions: 63->63
[168.567s][info][gc,metaspace   ] GC(838) Metaspace: 14759K->14759K(31744K)
[168.568s][info][gc             ] GC(838) Pause Initial Mark (G1 Evacuation Pause) 351M->353M(512M) 116.850ms
[168.568s][info][gc,cpu         ] GC(838) User=0.88s Sys=0.00s Real=0.11s
[168.568s][info][gc             ] GC(839) Concurrent Cycle
[168.568s][info][gc,marking     ] GC(839) Concurrent Clear Claimed Marks
[168.568s][info][gc,marking     ] GC(839) Concurrent Clear Claimed Marks 0.096ms
[168.568s][info][gc,marking     ] GC(839) Concurrent Scan Root Regions
[168.574s][info][gc,marking     ] GC(839) Concurrent Scan Root Regions 6.333ms
[168.575s][info][gc,marking     ] GC(839) Concurrent Mark (168.575s)
[168.575s][info][gc,marking     ] GC(839) Concurrent Mark From Roots
[168.575s][info][gc,task        ] GC(839) Using 2 workers of 2 for marking
[168.628s][info][gc,start       ] GC(840) Pause Young (G1 Evacuation Pause)
[168.628s][info][gc,task        ] GC(840) Using 8 workers of 8 for evacuation
[168.704s][info][gc,phases      ] GC(840)   Pre Evacuate Collection Set: 0.1ms
[168.704s][info][gc,phases      ] GC(840)   Evacuate Collection Set: 74.3ms
[168.704s][info][gc,phases      ] GC(840)   Post Evacuate Collection Set: 1.2ms
[168.704s][info][gc,phases      ] GC(840)   Other: 0.8ms
[168.704s][info][gc,heap        ] GC(840) Eden regions: 31->0(21)
[168.704s][info][gc,heap        ] GC(840) Survivor regions: 8->5(5)
[168.704s][info][gc,heap        ] GC(840) Old regions: 287->323
[168.704s][info][gc,heap        ] GC(840) Humongous regions: 63->63
[168.704s][info][gc,metaspace   ] GC(840) Metaspace: 14759K->14759K(31744K)
[168.705s][info][gc             ] GC(840) Pause Young (G1 Evacuation Pause) 384M->386M(512M) 76.632ms
[168.705s][info][gc,cpu         ] GC(840) User=0.63s Sys=0.00s Real=0.07s
[168.747s][info][gc,start       ] GC(841) Pause Young (G1 Evacuation Pause)
[168.747s][info][gc,task        ] GC(841) Using 8 workers of 8 for evacuation
[168.811s][info][gc,phases      ] GC(841)   Pre Evacuate Collection Set: 0.0ms
[168.811s][info][gc,phases      ] GC(841)   Evacuate Collection Set: 62.4ms
[168.811s][info][gc,phases      ] GC(841)   Post Evacuate Collection Set: 1.1ms
[168.811s][info][gc,phases      ] GC(841)   Other: 0.6ms
[168.811s][info][gc,heap        ] GC(841) Eden regions: 21->0(21)
[168.811s][info][gc,heap        ] GC(841) Survivor regions: 5->4(4)
[168.811s][info][gc,heap        ] GC(841) Old regions: 323->346
[168.811s][info][gc,heap        ] GC(841) Humongous regions: 63->63
[168.811s][info][gc,metaspace   ] GC(841) Metaspace: 14759K->14759K(31744K)
[168.811s][info][gc             ] GC(841) Pause Young (G1 Evacuation Pause) 407M->408M(512M) 64.695ms
[168.811s][info][gc,cpu         ] GC(841) User=0.48s Sys=0.02s Real=0.06s
[169.689s][info][gc,start       ] GC(842) Pause Young (G1 Evacuation Pause)
[169.690s][info][gc,task        ] GC(842) Using 8 workers of 8 for evacuation
[169.784s][info][gc,phases      ] GC(842)   Pre Evacuate Collection Set: 0.1ms
[169.784s][info][gc,phases      ] GC(842)   Evacuate Collection Set: 91.3ms
[169.784s][info][gc,phases      ] GC(842)   Post Evacuate Collection Set: 2.5ms
[169.784s][info][gc,phases      ] GC(842)   Other: 1.5ms
[169.784s][info][gc,heap        ] GC(842) Eden regions: 21->0(21)
[169.784s][info][gc,heap        ] GC(842) Survivor regions: 4->4(4)
[169.784s][info][gc,heap        ] GC(842) Old regions: 346->369
[169.784s][info][gc,heap        ] GC(842) Humongous regions: 63->63
[169.784s][info][gc,metaspace   ] GC(842) Metaspace: 14760K->14760K(31744K)
[169.785s][info][gc             ] GC(842) Pause Young (G1 Evacuation Pause) 429M->431M(512M) 95.918ms
[169.785s][info][gc,cpu         ] GC(842) User=0.56s Sys=0.11s Real=0.13s
[170.661s][info][gc,start       ] GC(843) Pause Young (G1 Evacuation Pause)
[170.661s][info][gc,task        ] GC(843) Using 8 workers of 8 for evacuation
[170.715s][info][gc,phases      ] GC(843)   Pre Evacuate Collection Set: 0.1ms
[170.715s][info][gc,phases      ] GC(843)   Evacuate Collection Set: 52.6ms
[170.716s][info][gc,phases      ] GC(843)   Post Evacuate Collection Set: 0.9ms
[170.716s][info][gc,phases      ] GC(843)   Other: 0.5ms
[170.716s][info][gc,heap        ] GC(843) Eden regions: 21->0(21)
[170.716s][info][gc,heap        ] GC(843) Survivor regions: 4->4(4)
[170.716s][info][gc,heap        ] GC(843) Old regions: 369->392
[170.716s][info][gc,heap        ] GC(843) Humongous regions: 63->63
[170.716s][info][gc,metaspace   ] GC(843) Metaspace: 14760K->14760K(31744K)
[170.716s][info][gc             ] GC(843) Pause Young (G1 Evacuation Pause) 452M->454M(512M) 54.488ms
[170.716s][info][gc,cpu         ] GC(843) User=0.44s Sys=0.03s Real=0.06s
[170.727s][info][gc,start       ] GC(844) Pause Young (G1 Humongous Allocation)
[170.728s][info][gc,task        ] GC(844) Using 8 workers of 8 for evacuation
[170.774s][info][gc,phases      ] GC(844)   Pre Evacuate Collection Set: 0.0ms
[170.774s][info][gc,phases      ] GC(844)   Evacuate Collection Set: 45.1ms
[170.774s][info][gc,phases      ] GC(844)   Post Evacuate Collection Set: 0.8ms
[170.774s][info][gc,phases      ] GC(844)   Other: 0.6ms
[170.774s][info][gc,heap        ] GC(844) Eden regions: 9->0(21)
[170.774s][info][gc,heap        ] GC(844) Survivor regions: 4->4(4)
[170.774s][info][gc,heap        ] GC(844) Old regions: 392->403
[170.774s][info][gc,heap        ] GC(844) Humongous regions: 63->63
[170.774s][info][gc,metaspace   ] GC(844) Metaspace: 14760K->14760K(31744K)
[170.774s][info][gc             ] GC(844) Pause Young (G1 Humongous Allocation) 462M->465M(512M) 46.950ms
[170.774s][info][gc,cpu         ] GC(844) User=0.25s Sys=0.00s Real=0.05s
[170.775s][info][gc,start       ] GC(845) Pause Full (Allocation Failure)
[170.777s][info][gc,phases,start] GC(845) Phase 1: Mark live objects
[170.790s][info][gc,stringtable ] GC(845) Cleaned string and symbol table, strings: 7351 processed, 24 removed, symbols: 48835 processed, 0 removed
[170.790s][info][gc,phases      ] GC(845) Phase 1: Mark live objects 12.689ms
[170.790s][info][gc,phases,start] GC(845) Phase 2: Prepare for compaction
[170.792s][info][gc,phases      ] GC(845) Phase 2: Prepare for compaction 2.385ms
[170.793s][info][gc,phases,start] GC(845) Phase 3: Adjust pointers and remembered sets
[170.798s][info][gc,phases      ] GC(845) Phase 3: Adjust pointers and remembered sets 5.376ms
[170.798s][info][gc,phases,start] GC(845) Phase 4: Compact heap
[170.800s][info][gc,phases      ] GC(845) Phase 4: Compact heap 1.588ms
[170.802s][info][gc,heap        ] GC(845) Eden regions: 0->0(95)
[170.802s][info][gc,heap        ] GC(845) Survivor regions: 4->0(4)
[170.802s][info][gc,heap        ] GC(845) Old regions: 403->12
[170.802s][info][gc,heap        ] GC(845) Humongous regions: 63->0
[170.802s][info][gc,metaspace   ] GC(845) Metaspace: 14760K->14760K(31744K)
[170.802s][info][gc             ] GC(845) Pause Full (Allocation Failure) 465M->6M(512M) 26.616ms
[170.803s][info][gc,cpu         ] GC(845) User=0.13s Sys=0.00s Real=0.02s
[170.803s][info][gc,marking     ] GC(839) Concurrent Mark From Roots 2228.588ms
[170.851s][info][gc,marking     ] GC(839) Concurrent Mark Abort
[170.851s][info][gc             ] GC(839) Concurrent Cycle 2283.206ms
[170.936s][info][gc,start       ] GC(846) Pause Young (G1 Evacuation Pause)
[170.936s][info][gc,task        ] GC(846) Using 8 workers of 8 for evacuation
[171.112s][info][gc,phases      ] GC(846)   Pre Evacuate Collection Set: 0.0ms
[171.112s][info][gc,phases      ] GC(846)   Evacuate Collection Set: 173.9ms
[171.112s][info][gc,phases      ] GC(846)   Post Evacuate Collection Set: 1.4ms
[171.112s][info][gc,phases      ] GC(846)   Other: 0.6ms
[171.112s][info][gc,heap        ] GC(846) Eden regions: 95->0(88)
[171.112s][info][gc,heap        ] GC(846) Survivor regions: 0->12(12)
[171.112s][info][gc,heap        ] GC(846) Old regions: 12->96
[171.112s][info][gc,heap        ] GC(846) Humongous regions: 64->64
[171.112s][info][gc,metaspace   ] GC(846) Metaspace: 14760K->14760K(31744K)
[171.112s][info][gc             ] GC(846) Pause Young (G1 Evacuation Pause) 165M->166M(512M) 176.352ms
[171.112s][info][gc,cpu         ] GC(846) User=1.31s Sys=0.03s Real=0.18s
[171.196s][info][gc,start       ] GC(847) Pause Young (G1 Evacuation Pause)
[171.196s][info][gc,task        ] GC(847) Using 8 workers of 8 for evacuation
[171.377s][info][gc,phases      ] GC(847)   Pre Evacuate Collection Set: 0.0ms
[171.377s][info][gc,phases      ] GC(847)   Evacuate Collection Set: 179.0ms
[171.377s][info][gc,phases      ] GC(847)   Post Evacuate Collection Set: 1.5ms
[171.377s][info][gc,phases      ] GC(847)   Other: 0.6ms
[171.377s][info][gc,heap        ] GC(847) Eden regions: 88->0(61)
[171.377s][info][gc,heap        ] GC(847) Survivor regions: 12->13(13)
[171.377s][info][gc,heap        ] GC(847) Old regions: 96->185
[171.377s][info][gc,heap        ] GC(847) Humongous regions: 64->64
[171.377s][info][gc,metaspace   ] GC(847) Metaspace: 14760K->14760K(31744K)
[171.378s][info][gc             ] GC(847) Pause Young (G1 Evacuation Pause) 254M->256M(512M) 181.643ms
[171.378s][info][gc,cpu         ] GC(847) User=1.34s Sys=0.03s Real=0.18s
[171.472s][info][gc,start       ] GC(848) Pause Initial Mark (G1 Evacuation Pause)
[171.472s][info][gc,task        ] GC(848) Using 8 workers of 8 for evacuation
[171.574s][info][gc,phases      ] GC(848)   Pre Evacuate Collection Set: 0.1ms
[171.574s][info][gc,phases      ] GC(848)   Evacuate Collection Set: 100.1ms
[171.574s][info][gc,phases      ] GC(848)   Post Evacuate Collection Set: 1.2ms
[171.574s][info][gc,phases      ] GC(848)   Other: 0.6ms
[171.574s][info][gc,heap        ] GC(848) Eden regions: 61->0(42)
[171.574s][info][gc,heap        ] GC(848) Survivor regions: 13->10(10)
[171.574s][info][gc,heap        ] GC(848) Old regions: 185->251
[171.574s][info][gc,heap        ] GC(848) Humongous regions: 64->64
[171.574s][info][gc,metaspace   ] GC(848) Metaspace: 14760K->14760K(31744K)
[171.574s][info][gc             ] GC(848) Pause Initial Mark (G1 Evacuation Pause) 317M->319M(512M) 102.371ms
[171.574s][info][gc,cpu         ] GC(848) User=0.86s Sys=0.02s Real=0.11s
[171.574s][info][gc             ] GC(849) Concurrent Cycle
[171.575s][info][gc,marking     ] GC(849) Concurrent Clear Claimed Marks
[171.575s][info][gc,marking     ] GC(849) Concurrent Clear Claimed Marks 0.098ms
[171.575s][info][gc,marking     ] GC(849) Concurrent Scan Root Regions
[171.604s][info][gc,marking     ] GC(849) Concurrent Scan Root Regions 29.413ms
[171.604s][info][gc,marking     ] GC(849) Concurrent Mark (171.604s)
[171.604s][info][gc,marking     ] GC(849) Concurrent Mark From Roots
[171.604s][info][gc,task        ] GC(849) Using 2 workers of 2 for marking
[171.644s][info][gc,start       ] GC(850) Pause Young (G1 Evacuation Pause)
[171.644s][info][gc,task        ] GC(850) Using 8 workers of 8 for evacuation
[171.742s][info][gc,phases      ] GC(850)   Pre Evacuate Collection Set: 0.0ms
[171.742s][info][gc,phases      ] GC(850)   Evacuate Collection Set: 92.7ms
[171.742s][info][gc,phases      ] GC(850)   Post Evacuate Collection Set: 4.0ms
[171.742s][info][gc,phases      ] GC(850)   Other: 0.6ms
[171.742s][info][gc,heap        ] GC(850) Eden regions: 42->0(28)
[171.742s][info][gc,heap        ] GC(850) Survivor regions: 10->7(7)
[171.742s][info][gc,heap        ] GC(850) Old regions: 251->298
[171.742s][info][gc,heap        ] GC(850) Humongous regions: 64->64
[171.742s][info][gc,metaspace   ] GC(850) Metaspace: 14770K->14770K(31744K)
[171.742s][info][gc             ] GC(850) Pause Young (G1 Evacuation Pause) 361M->363M(512M) 97.997ms
[171.742s][info][gc,cpu         ] GC(850) User=0.77s Sys=0.00s Real=0.11s
[171.792s][info][gc,start       ] GC(851) Pause Young (G1 Evacuation Pause)
[171.792s][info][gc,task        ] GC(851) Using 8 workers of 8 for evacuation
[171.857s][info][gc,phases      ] GC(851)   Pre Evacuate Collection Set: 0.0ms
[171.857s][info][gc,phases      ] GC(851)   Evacuate Collection Set: 63.4ms
[171.858s][info][gc,phases      ] GC(851)   Post Evacuate Collection Set: 1.0ms
[171.858s][info][gc,phases      ] GC(851)   Other: 0.6ms
[171.858s][info][gc,heap        ] GC(851) Eden regions: 28->0(20)
[171.858s][info][gc,heap        ] GC(851) Survivor regions: 7->5(5)
[171.858s][info][gc,heap        ] GC(851) Old regions: 298->330
[171.858s][info][gc,heap        ] GC(851) Humongous regions: 64->64
[171.858s][info][gc,metaspace   ] GC(851) Metaspace: 14770K->14770K(31744K)
[171.858s][info][gc             ] GC(851) Pause Young (G1 Evacuation Pause) 391M->393M(512M) 65.579ms
[171.858s][info][gc,cpu         ] GC(851) User=0.50s Sys=0.00s Real=0.06s
[172.612s][info][gc,start       ] GC(852) Pause Young (G1 Evacuation Pause)
[172.613s][info][gc,task        ] GC(852) Using 8 workers of 8 for evacuation
[172.714s][info][gc,phases      ] GC(852)   Pre Evacuate Collection Set: 0.0ms
[172.714s][info][gc,phases      ] GC(852)   Evacuate Collection Set: 97.4ms
[172.714s][info][gc,phases      ] GC(852)   Post Evacuate Collection Set: 3.4ms
[172.714s][info][gc,phases      ] GC(852)   Other: 0.6ms
[172.714s][info][gc,heap        ] GC(852) Eden regions: 20->0(21)
[172.714s][info][gc,heap        ] GC(852) Survivor regions: 5->4(4)
[172.714s][info][gc,heap        ] GC(852) Old regions: 330->353
[172.714s][info][gc,heap        ] GC(852) Humongous regions: 64->64
[172.714s][info][gc,metaspace   ] GC(852) Metaspace: 14770K->14770K(31744K)
[172.714s][info][gc             ] GC(852) Pause Young (G1 Evacuation Pause) 413M->415M(512M) 102.020ms
[172.715s][info][gc,cpu         ] GC(852) User=0.91s Sys=0.02s Real=0.13s
[172.745s][info][gc,start       ] GC(853) Pause Young (G1 Evacuation Pause)
[172.745s][info][gc,task        ] GC(853) Using 8 workers of 8 for evacuation
[172.795s][info][gc,phases      ] GC(853)   Pre Evacuate Collection Set: 0.1ms
[172.795s][info][gc,phases      ] GC(853)   Evacuate Collection Set: 47.9ms
[172.795s][info][gc,phases      ] GC(853)   Post Evacuate Collection Set: 1.1ms
[172.795s][info][gc,phases      ] GC(853)   Other: 0.7ms
[172.795s][info][gc,heap        ] GC(853) Eden regions: 21->0(21)
[172.795s][info][gc,heap        ] GC(853) Survivor regions: 4->4(4)
[172.795s][info][gc,heap        ] GC(853) Old regions: 353->376
[172.795s][info][gc,heap        ] GC(853) Humongous regions: 64->64
[172.795s][info][gc,metaspace   ] GC(853) Metaspace: 14770K->14770K(31744K)
[172.796s][info][gc             ] GC(853) Pause Young (G1 Evacuation Pause) 436M->438M(512M) 50.604ms
[172.796s][info][gc,cpu         ] GC(853) User=0.38s Sys=0.00s Real=0.05s
[172.814s][info][gc,start       ] GC(854) Pause Young (G1 Evacuation Pause)
[172.814s][info][gc,task        ] GC(854) Using 8 workers of 8 for evacuation
[172.878s][info][gc,phases      ] GC(854)   Pre Evacuate Collection Set: 0.0ms
[172.878s][info][gc,phases      ] GC(854)   Evacuate Collection Set: 61.7ms
[172.878s][info][gc,phases      ] GC(854)   Post Evacuate Collection Set: 1.1ms
[172.878s][info][gc,phases      ] GC(854)   Other: 0.8ms
[172.878s][info][gc,heap        ] GC(854) Eden regions: 21->0(21)
[172.878s][info][gc,heap        ] GC(854) Survivor regions: 4->4(4)
[172.878s][info][gc,heap        ] GC(854) Old regions: 376->399
[172.878s][info][gc,heap        ] GC(854) Humongous regions: 64->64
[172.878s][info][gc,metaspace   ] GC(854) Metaspace: 14770K->14770K(31744K)
[172.878s][info][gc             ] GC(854) Pause Young (G1 Evacuation Pause) 459M->461M(512M) 64.182ms
[172.878s][info][gc,cpu         ] GC(854) User=0.50s Sys=0.00s Real=0.06s
[173.875s][info][gc,start       ] GC(855) Pause Young (G1 Humongous Allocation)
[173.875s][info][gc,task        ] GC(855) Using 8 workers of 8 for evacuation
[173.942s][info][gc,phases      ] GC(855)   Pre Evacuate Collection Set: 0.0ms
[173.942s][info][gc,phases      ] GC(855)   Evacuate Collection Set: 65.7ms
[173.942s][info][gc,phases      ] GC(855)   Post Evacuate Collection Set: 0.9ms
[173.942s][info][gc,phases      ] GC(855)   Other: 0.6ms
[173.942s][info][gc,heap        ] GC(855) Eden regions: 6->0(21)
[173.942s][info][gc,heap        ] GC(855) Survivor regions: 4->4(4)
[173.942s][info][gc,heap        ] GC(855) Old regions: 399->407
[173.942s][info][gc,heap        ] GC(855) Humongous regions: 64->64
[173.943s][info][gc,metaspace   ] GC(855) Metaspace: 14770K->14770K(31744K)
[173.943s][info][gc             ] GC(855) Pause Young (G1 Humongous Allocation) 467M->469M(512M) 67.982ms
[173.943s][info][gc,cpu         ] GC(855) User=0.28s Sys=0.00s Real=0.06s
[173.944s][info][gc,start       ] GC(856) Pause Full (Allocation Failure)
[173.946s][info][gc,phases,start] GC(856) Phase 1: Mark live objects
[173.976s][info][gc,stringtable ] GC(856) Cleaned string and symbol table, strings: 7351 processed, 18 removed, symbols: 48835 processed, 0 removed
[173.976s][info][gc,phases      ] GC(856) Phase 1: Mark live objects 29.847ms
[173.976s][info][gc,phases,start] GC(856) Phase 2: Prepare for compaction
[174.029s][info][gc,phases      ] GC(856) Phase 2: Prepare for compaction 52.766ms
[174.029s][info][gc,phases,start] GC(856) Phase 3: Adjust pointers and remembered sets
[174.039s][info][gc,phases      ] GC(856) Phase 3: Adjust pointers and remembered sets 9.863ms
[174.039s][info][gc,phases,start] GC(856) Phase 4: Compact heap
[174.041s][info][gc,phases      ] GC(856) Phase 4: Compact heap 1.717ms
[174.043s][info][gc,heap        ] GC(856) Eden regions: 1->0(106)
[174.043s][info][gc,heap        ] GC(856) Survivor regions: 4->0(4)
[174.043s][info][gc,heap        ] GC(856) Old regions: 407->13
[174.043s][info][gc,heap        ] GC(856) Humongous regions: 64->0
[174.043s][info][gc,metaspace   ] GC(856) Metaspace: 14770K->14770K(31744K)
[174.043s][info][gc             ] GC(856) Pause Full (Allocation Failure) 469M->6M(512M) 99.537ms
[174.044s][info][gc,cpu         ] GC(856) User=0.30s Sys=0.02s Real=0.11s
[174.044s][info][gc,marking     ] GC(849) Concurrent Mark From Roots 2440.012ms
[174.044s][info][gc,marking     ] GC(849) Concurrent Mark Abort
[174.044s][info][gc             ] GC(849) Concurrent Cycle 2469.937ms
[174.226s][info][gc,start       ] GC(857) Pause Young (G1 Evacuation Pause)
[174.227s][info][gc,task        ] GC(857) Using 8 workers of 8 for evacuation
[174.431s][info][gc,mmu         ] GC(857) MMU target violated: 201.0ms (200.0ms/201.0ms)
[174.431s][info][gc,phases      ] GC(857)   Pre Evacuate Collection Set: 0.1ms
[174.431s][info][gc,phases      ] GC(857)   Evacuate Collection Set: 201.7ms
[174.431s][info][gc,phases      ] GC(857)   Post Evacuate Collection Set: 2.2ms
[174.431s][info][gc,phases      ] GC(857)   Other: 0.9ms
[174.431s][info][gc,heap        ] GC(857) Eden regions: 106->0(86)
[174.431s][info][gc,heap        ] GC(857) Survivor regions: 0->14(14)
[174.432s][info][gc,heap        ] GC(857) Old regions: 13->106
[174.432s][info][gc,heap        ] GC(857) Humongous regions: 64->64
[174.432s][info][gc,metaspace   ] GC(857) Metaspace: 14772K->14772K(31744K)
[174.432s][info][gc             ] GC(857) Pause Young (G1 Evacuation Pause) 176M->177M(512M) 205.217ms
[174.432s][info][gc,cpu         ] GC(857) User=1.50s Sys=0.00s Real=0.20s
[174.570s][info][gc,start       ] GC(858) Pause Young (G1 Evacuation Pause)
[174.570s][info][gc,task        ] GC(858) Using 8 workers of 8 for evacuation
[174.728s][info][gc,phases      ] GC(858)   Pre Evacuate Collection Set: 0.1ms
[174.728s][info][gc,phases      ] GC(858)   Evacuate Collection Set: 154.1ms
[174.728s][info][gc,phases      ] GC(858)   Post Evacuate Collection Set: 3.3ms
[174.729s][info][gc,phases      ] GC(858)   Other: 0.7ms
[174.729s][info][gc,heap        ] GC(858) Eden regions: 86->0(58)
[174.729s][info][gc,heap        ] GC(858) Survivor regions: 14->13(13)
[174.729s][info][gc,heap        ] GC(858) Old regions: 106->195
[174.729s][info][gc,heap        ] GC(858) Humongous regions: 64->64
[174.729s][info][gc,metaspace   ] GC(858) Metaspace: 14772K->14772K(31744K)
[174.729s][info][gc             ] GC(858) Pause Young (G1 Evacuation Pause) 263M->265M(512M) 158.640ms
[174.729s][info][gc,cpu         ] GC(858) User=1.20s Sys=0.00s Real=0.16s
[174.822s][info][gc,start       ] GC(859) Pause Initial Mark (G1 Evacuation Pause)
[174.822s][info][gc,task        ] GC(859) Using 8 workers of 8 for evacuation
[174.985s][info][gc,phases      ] GC(859)   Pre Evacuate Collection Set: 0.1ms
[174.985s][info][gc,phases      ] GC(859)   Evacuate Collection Set: 159.9ms
[174.985s][info][gc,phases      ] GC(859)   Post Evacuate Collection Set: 1.9ms
[174.985s][info][gc,phases      ] GC(859)   Other: 0.9ms
[174.985s][info][gc,heap        ] GC(859) Eden regions: 58->0(40)
[174.985s][info][gc,heap        ] GC(859) Survivor regions: 13->9(9)
[174.985s][info][gc,heap        ] GC(859) Old regions: 195->259
[174.985s][info][gc,heap        ] GC(859) Humongous regions: 64->64
[174.985s][info][gc,metaspace   ] GC(859) Metaspace: 14772K->14772K(31744K)
[174.986s][info][gc             ] GC(859) Pause Initial Mark (G1 Evacuation Pause) 323M->325M(512M) 163.234ms
[174.986s][info][gc,cpu         ] GC(859) User=1.34s Sys=0.03s Real=0.16s
[174.986s][info][gc             ] GC(860) Concurrent Cycle
[174.986s][info][gc,marking     ] GC(860) Concurrent Clear Claimed Marks
[174.986s][info][gc,marking     ] GC(860) Concurrent Clear Claimed Marks 0.070ms
[174.986s][info][gc,marking     ] GC(860) Concurrent Scan Root Regions
[174.998s][info][gc,marking     ] GC(860) Concurrent Scan Root Regions 12.575ms
[174.999s][info][gc,marking     ] GC(860) Concurrent Mark (174.999s)
[174.999s][info][gc,marking     ] GC(860) Concurrent Mark From Roots
[174.999s][info][gc,task        ] GC(860) Using 2 workers of 2 for marking
[175.717s][info][gc,start       ] GC(861) Pause Young (G1 Evacuation Pause)
[175.717s][info][gc,task        ] GC(861) Using 8 workers of 8 for evacuation
[175.806s][info][gc,phases      ] GC(861)   Pre Evacuate Collection Set: 0.0ms
[175.806s][info][gc,phases      ] GC(861)   Evacuate Collection Set: 86.7ms
[175.806s][info][gc,phases      ] GC(861)   Post Evacuate Collection Set: 1.5ms
[175.806s][info][gc,phases      ] GC(861)   Other: 1.0ms
[175.806s][info][gc,heap        ] GC(861) Eden regions: 40->0(26)
[175.806s][info][gc,heap        ] GC(861) Survivor regions: 9->7(7)
[175.806s][info][gc,heap        ] GC(861) Old regions: 259->303
[175.806s][info][gc,heap        ] GC(861) Humongous regions: 64->64
[175.807s][info][gc,metaspace   ] GC(861) Metaspace: 14772K->14772K(31744K)
[175.813s][info][gc             ] GC(861) Pause Young (G1 Evacuation Pause) 365M->367M(512M) 96.567ms
[175.814s][info][gc,cpu         ] GC(861) User=0.72s Sys=0.00s Real=0.09s
[175.861s][info][gc,start       ] GC(862) Pause Young (G1 Evacuation Pause)
[175.862s][info][gc,task        ] GC(862) Using 8 workers of 8 for evacuation
[175.971s][info][gc,phases      ] GC(862)   Pre Evacuate Collection Set: 0.1ms
[175.971s][info][gc,phases      ] GC(862)   Evacuate Collection Set: 105.4ms
[175.971s][info][gc,phases      ] GC(862)   Post Evacuate Collection Set: 3.3ms
[175.971s][info][gc,phases      ] GC(862)   Other: 0.9ms
[175.972s][info][gc,heap        ] GC(862) Eden regions: 26->0(20)
[175.972s][info][gc,heap        ] GC(862) Survivor regions: 7->5(5)
[175.972s][info][gc,heap        ] GC(862) Old regions: 303->333
[175.972s][info][gc,heap        ] GC(862) Humongous regions: 64->64
[175.972s][info][gc,metaspace   ] GC(862) Metaspace: 14772K->14772K(31744K)
[175.972s][info][gc             ] GC(862) Pause Young (G1 Evacuation Pause) 393M->395M(512M) 110.610ms
[175.972s][info][gc,cpu         ] GC(862) User=0.86s Sys=0.00s Real=0.12s
[176.869s][info][gc,start       ] GC(863) Pause Young (G1 Evacuation Pause)
[176.869s][info][gc,task        ] GC(863) Using 8 workers of 8 for evacuation
[176.958s][info][gc,phases      ] GC(863)   Pre Evacuate Collection Set: 0.0ms
[176.958s][info][gc,phases      ] GC(863)   Evacuate Collection Set: 83.8ms
[176.958s][info][gc,phases      ] GC(863)   Post Evacuate Collection Set: 4.2ms
[176.958s][info][gc,phases      ] GC(863)   Other: 0.7ms
[176.958s][info][gc,heap        ] GC(863) Eden regions: 20->0(21)
[176.958s][info][gc,heap        ] GC(863) Survivor regions: 5->4(4)
[176.958s][info][gc,heap        ] GC(863) Old regions: 333->357
[176.958s][info][gc,heap        ] GC(863) Humongous regions: 64->64
[176.958s][info][gc,metaspace   ] GC(863) Metaspace: 14772K->14772K(31744K)
[176.967s][info][gc             ] GC(863) Pause Young (G1 Evacuation Pause) 415M->418M(512M) 97.904ms
[176.967s][info][gc,cpu         ] GC(863) User=0.70s Sys=0.06s Real=0.11s
[177.883s][info][gc,start       ] GC(864) Pause Young (G1 Evacuation Pause)
[177.883s][info][gc,task        ] GC(864) Using 8 workers of 8 for evacuation
[177.945s][info][gc,phases      ] GC(864)   Pre Evacuate Collection Set: 0.1ms
[177.945s][info][gc,phases      ] GC(864)   Evacuate Collection Set: 60.3ms
[177.945s][info][gc,phases      ] GC(864)   Post Evacuate Collection Set: 0.9ms
[177.945s][info][gc,phases      ] GC(864)   Other: 0.9ms
[177.945s][info][gc,heap        ] GC(864) Eden regions: 21->0(21)
[177.945s][info][gc,heap        ] GC(864) Survivor regions: 4->4(4)
[177.945s][info][gc,heap        ] GC(864) Old regions: 357->379
[177.945s][info][gc,heap        ] GC(864) Humongous regions: 64->64
[177.946s][info][gc,metaspace   ] GC(864) Metaspace: 14774K->14774K(31744K)
[177.946s][info][gc             ] GC(864) Pause Young (G1 Evacuation Pause) 439M->440M(512M) 62.518ms
[177.946s][info][gc,cpu         ] GC(864) User=0.36s Sys=0.02s Real=0.06s
[178.870s][info][gc,start       ] GC(865) Pause Young (G1 Evacuation Pause)
[178.870s][info][gc,task        ] GC(865) Using 8 workers of 8 for evacuation
[178.932s][info][gc,phases      ] GC(865)   Pre Evacuate Collection Set: 0.1ms
[178.932s][info][gc,phases      ] GC(865)   Evacuate Collection Set: 59.8ms
[178.932s][info][gc,phases      ] GC(865)   Post Evacuate Collection Set: 0.8ms
[178.932s][info][gc,phases      ] GC(865)   Other: 0.9ms
[178.932s][info][gc,heap        ] GC(865) Eden regions: 21->0(21)
[178.932s][info][gc,heap        ] GC(865) Survivor regions: 4->4(4)
[178.932s][info][gc,heap        ] GC(865) Old regions: 379->402
[178.932s][info][gc,heap        ] GC(865) Humongous regions: 64->64
[178.932s][info][gc,metaspace   ] GC(865) Metaspace: 14774K->14774K(31744K)
[178.932s][info][gc             ] GC(865) Pause Young (G1 Evacuation Pause) 461M->463M(512M) 61.909ms
[178.932s][info][gc,cpu         ] GC(865) User=0.41s Sys=0.05s Real=0.06s
[178.939s][info][gc,start       ] GC(866) Pause Young (G1 Humongous Allocation)
[178.939s][info][gc,task        ] GC(866) Using 8 workers of 8 for evacuation
[178.976s][info][gc,phases      ] GC(866)   Pre Evacuate Collection Set: 0.0ms
[178.976s][info][gc,phases      ] GC(866)   Evacuate Collection Set: 36.1ms
[178.976s][info][gc,phases      ] GC(866)   Post Evacuate Collection Set: 0.7ms
[178.976s][info][gc,phases      ] GC(866)   Other: 0.6ms
[178.976s][info][gc,heap        ] GC(866) Eden regions: 7->0(21)
[178.976s][info][gc,heap        ] GC(866) Survivor regions: 4->4(4)
[178.976s][info][gc,heap        ] GC(866) Old regions: 402->410
[178.976s][info][gc,heap        ] GC(866) Humongous regions: 64->64
[178.976s][info][gc,metaspace   ] GC(866) Metaspace: 14774K->14774K(31744K)
[178.976s][info][gc             ] GC(866) Pause Young (G1 Humongous Allocation) 470M->471M(512M) 37.800ms
[178.976s][info][gc,cpu         ] GC(866) User=0.25s Sys=0.00s Real=0.03s
[179.888s][info][gc,start       ] GC(867) Pause Full (Allocation Failure)
[179.892s][info][gc,phases,start] GC(867) Phase 1: Mark live objects
[179.911s][info][gc,stringtable ] GC(867) Cleaned string and symbol table, strings: 7355 processed, 34 removed, symbols: 48835 processed, 0 removed
[179.911s][info][gc,phases      ] GC(867) Phase 1: Mark live objects 18.629ms
[179.911s][info][gc,phases,start] GC(867) Phase 2: Prepare for compaction
[179.914s][info][gc,phases      ] GC(867) Phase 2: Prepare for compaction 3.055ms
[179.914s][info][gc,phases,start] GC(867) Phase 3: Adjust pointers and remembered sets
[179.921s][info][gc,phases      ] GC(867) Phase 3: Adjust pointers and remembered sets 7.625ms
[179.922s][info][gc,phases,start] GC(867) Phase 4: Compact heap
[179.928s][info][gc,phases      ] GC(867) Phase 4: Compact heap 6.347ms
[179.930s][info][gc,heap        ] GC(867) Eden regions: 1->0(110)
[179.931s][info][gc,heap        ] GC(867) Survivor regions: 4->0(4)
[179.931s][info][gc,heap        ] GC(867) Old regions: 410->10
[179.931s][info][gc,heap        ] GC(867) Humongous regions: 64->0
[179.931s][info][gc,metaspace   ] GC(867) Metaspace: 14774K->14770K(31744K)
[179.931s][info][gc             ] GC(867) Pause Full (Allocation Failure) 471M->6M(512M) 42.354ms
[179.931s][info][gc,cpu         ] GC(867) User=0.25s Sys=0.00s Real=0.05s
[179.932s][info][gc,marking     ] GC(860) Concurrent Mark From Roots 4933.197ms
[179.932s][info][gc,marking     ] GC(860) Concurrent Mark Abort
[179.932s][info][gc             ] GC(860) Concurrent Cycle 4946.335ms
[180.191s][info][gc,start       ] GC(868) Pause Young (G1 Evacuation Pause)
[180.191s][info][gc,task        ] GC(868) Using 8 workers of 8 for evacuation
[180.459s][info][gc,mmu         ] GC(868) MMU target violated: 201.0ms (200.0ms/201.0ms)
[180.459s][info][gc,phases      ] GC(868)   Pre Evacuate Collection Set: 0.0ms
[180.459s][info][gc,phases      ] GC(868)   Evacuate Collection Set: 263.9ms
[180.459s][info][gc,phases      ] GC(868)   Post Evacuate Collection Set: 2.9ms
[180.459s][info][gc,phases      ] GC(868)   Other: 0.8ms
[180.459s][info][gc,heap        ] GC(868) Eden regions: 110->0(83)
[180.459s][info][gc,heap        ] GC(868) Survivor regions: 0->14(14)
[180.459s][info][gc,heap        ] GC(868) Old regions: 10->107
[180.459s][info][gc,heap        ] GC(868) Humongous regions: 65->65
[180.459s][info][gc,metaspace   ] GC(868) Metaspace: 14770K->14770K(31744K)
[180.459s][info][gc             ] GC(868) Pause Young (G1 Evacuation Pause) 181M->182M(512M) 267.986ms
[180.459s][info][gc,cpu         ] GC(868) User=1.98s Sys=0.11s Real=0.27s
[180.565s][info][gc,start       ] GC(869) Pause Young (G1 Evacuation Pause)
[180.565s][info][gc,task        ] GC(869) Using 8 workers of 8 for evacuation
[180.737s][info][gc,phases      ] GC(869)   Pre Evacuate Collection Set: 0.0ms
[180.737s][info][gc,phases      ] GC(869)   Evacuate Collection Set: 169.3ms
[180.737s][info][gc,phases      ] GC(869)   Post Evacuate Collection Set: 2.1ms
[180.737s][info][gc,phases      ] GC(869)   Other: 0.7ms
[180.737s][info][gc,heap        ] GC(869) Eden regions: 83->0(59)
[180.737s][info][gc,heap        ] GC(869) Survivor regions: 14->13(13)
[180.737s][info][gc,heap        ] GC(869) Old regions: 107->192
[180.737s][info][gc,heap        ] GC(869) Humongous regions: 65->65
[180.737s][info][gc,metaspace   ] GC(869) Metaspace: 14770K->14770K(31744K)
[180.737s][info][gc             ] GC(869) Pause Young (G1 Evacuation Pause) 265M->266M(512M) 172.710ms
[180.737s][info][gc,cpu         ] GC(869) User=1.28s Sys=0.00s Real=0.17s
[180.826s][info][gc,start       ] GC(870) Pause Initial Mark (G1 Evacuation Pause)
[180.826s][info][gc,task        ] GC(870) Using 8 workers of 8 for evacuation
[180.983s][info][gc,phases      ] GC(870)   Pre Evacuate Collection Set: 0.1ms
[180.983s][info][gc,phases      ] GC(870)   Evacuate Collection Set: 155.2ms
[180.983s][info][gc,phases      ] GC(870)   Post Evacuate Collection Set: 1.2ms
[180.983s][info][gc,phases      ] GC(870)   Other: 0.7ms
[180.983s][info][gc,heap        ] GC(870) Eden regions: 59->0(40)
[180.983s][info][gc,heap        ] GC(870) Survivor regions: 13->9(9)
[180.983s][info][gc,heap        ] GC(870) Old regions: 192->257
[180.983s][info][gc,heap        ] GC(870) Humongous regions: 65->65
[180.983s][info][gc,metaspace   ] GC(870) Metaspace: 14770K->14770K(31744K)
[180.983s][info][gc             ] GC(870) Pause Initial Mark (G1 Evacuation Pause) 325M->327M(512M) 157.655ms
[180.984s][info][gc,cpu         ] GC(870) User=1.19s Sys=0.05s Real=0.16s
[180.984s][info][gc             ] GC(871) Concurrent Cycle
[180.984s][info][gc,marking     ] GC(871) Concurrent Clear Claimed Marks
[180.984s][info][gc,marking     ] GC(871) Concurrent Clear Claimed Marks 0.067ms
[180.984s][info][gc,marking     ] GC(871) Concurrent Scan Root Regions
[180.990s][info][gc,marking     ] GC(871) Concurrent Scan Root Regions 5.797ms
[180.990s][info][gc,marking     ] GC(871) Concurrent Mark (180.990s)
[180.990s][info][gc,marking     ] GC(871) Concurrent Mark From Roots
[180.990s][info][gc,task        ] GC(871) Using 2 workers of 2 for marking
[181.755s][info][gc,start       ] GC(872) Pause Young (G1 Evacuation Pause)
[181.755s][info][gc,task        ] GC(872) Using 8 workers of 8 for evacuation
[181.881s][info][gc,phases      ] GC(872)   Pre Evacuate Collection Set: 0.1ms
[181.881s][info][gc,phases      ] GC(872)   Evacuate Collection Set: 119.7ms
[181.881s][info][gc,phases      ] GC(872)   Post Evacuate Collection Set: 5.7ms
[181.881s][info][gc,phases      ] GC(872)   Other: 0.7ms
[181.881s][info][gc,heap        ] GC(872) Eden regions: 40->0(27)
[181.881s][info][gc,heap        ] GC(872) Survivor regions: 9->7(7)
[181.881s][info][gc,heap        ] GC(872) Old regions: 257->301
[181.881s][info][gc,heap        ] GC(872) Humongous regions: 65->65
[181.881s][info][gc,metaspace   ] GC(872) Metaspace: 14770K->14770K(31744K)
[181.881s][info][gc             ] GC(872) Pause Young (G1 Evacuation Pause) 367M->369M(512M) 126.558ms
[181.881s][info][gc,cpu         ] GC(872) User=0.83s Sys=0.05s Real=0.12s
[181.944s][info][gc,start       ] GC(873) Pause Young (G1 Evacuation Pause)
[181.944s][info][gc,task        ] GC(873) Using 8 workers of 8 for evacuation
[182.009s][info][gc,phases      ] GC(873)   Pre Evacuate Collection Set: 0.0ms
[182.010s][info][gc,phases      ] GC(873)   Evacuate Collection Set: 63.3ms
[182.010s][info][gc,phases      ] GC(873)   Post Evacuate Collection Set: 1.4ms
[182.010s][info][gc,phases      ] GC(873)   Other: 0.5ms
[182.010s][info][gc,heap        ] GC(873) Eden regions: 27->0(20)
[182.010s][info][gc,heap        ] GC(873) Survivor regions: 7->5(5)
[182.010s][info][gc,heap        ] GC(873) Old regions: 301->332
[182.010s][info][gc,heap        ] GC(873) Humongous regions: 65->65
[182.010s][info][gc,metaspace   ] GC(873) Metaspace: 14770K->14770K(31744K)
[182.010s][info][gc             ] GC(873) Pause Young (G1 Evacuation Pause) 396M->398M(512M) 65.614ms
[182.010s][info][gc,cpu         ] GC(873) User=0.50s Sys=0.00s Real=0.06s
[182.839s][info][gc,start       ] GC(874) Pause Young (G1 Evacuation Pause)
[182.839s][info][gc,task        ] GC(874) Using 8 workers of 8 for evacuation
[182.905s][info][gc,phases      ] GC(874)   Pre Evacuate Collection Set: 0.1ms
[182.906s][info][gc,phases      ] GC(874)   Evacuate Collection Set: 55.2ms
[182.906s][info][gc,phases      ] GC(874)   Post Evacuate Collection Set: 10.2ms
[182.906s][info][gc,phases      ] GC(874)   Other: 0.8ms
[182.906s][info][gc,heap        ] GC(874) Eden regions: 20->0(21)
[182.906s][info][gc,heap        ] GC(874) Survivor regions: 5->4(4)
[182.906s][info][gc,heap        ] GC(874) Old regions: 332->354
[182.906s][info][gc,heap        ] GC(874) Humongous regions: 65->65
[182.906s][info][gc,metaspace   ] GC(874) Metaspace: 14770K->14770K(31744K)
[182.906s][info][gc             ] GC(874) Pause Young (G1 Evacuation Pause) 418M->419M(512M) 67.422ms
[182.906s][info][gc,cpu         ] GC(874) User=0.38s Sys=0.00s Real=0.07s
[182.941s][info][gc,start       ] GC(875) Pause Young (G1 Evacuation Pause)
[182.941s][info][gc,task        ] GC(875) Using 8 workers of 8 for evacuation
[182.989s][info][gc,phases      ] GC(875)   Pre Evacuate Collection Set: 0.0ms
[182.989s][info][gc,phases      ] GC(875)   Evacuate Collection Set: 45.8ms
[182.989s][info][gc,phases      ] GC(875)   Post Evacuate Collection Set: 1.2ms
[182.989s][info][gc,phases      ] GC(875)   Other: 0.6ms
[182.989s][info][gc,heap        ] GC(875) Eden regions: 21->0(21)
[182.989s][info][gc,heap        ] GC(875) Survivor regions: 4->4(4)
[182.989s][info][gc,heap        ] GC(875) Old regions: 354->377
[182.989s][info][gc,heap        ] GC(875) Humongous regions: 65->65
[182.989s][info][gc,metaspace   ] GC(875) Metaspace: 14770K->14770K(31744K)
[182.989s][info][gc             ] GC(875) Pause Young (G1 Evacuation Pause) 440M->442M(512M) 48.097ms
[182.989s][info][gc,cpu         ] GC(875) User=0.36s Sys=0.02s Real=0.05s
[183.016s][info][gc,start       ] GC(876) Pause Young (G1 Evacuation Pause)
[183.016s][info][gc,task        ] GC(876) Using 8 workers of 8 for evacuation
[183.085s][info][gc,phases      ] GC(876)   Pre Evacuate Collection Set: 0.0ms
[183.085s][info][gc,phases      ] GC(876)   Evacuate Collection Set: 67.2ms
[183.085s][info][gc,phases      ] GC(876)   Post Evacuate Collection Set: 1.6ms
[183.085s][info][gc,phases      ] GC(876)   Other: 0.5ms
[183.085s][info][gc,heap        ] GC(876) Eden regions: 21->0(21)
[183.085s][info][gc,heap        ] GC(876) Survivor regions: 4->4(4)
[183.085s][info][gc,heap        ] GC(876) Old regions: 377->400
[183.086s][info][gc,heap        ] GC(876) Humongous regions: 65->65
[183.086s][info][gc,metaspace   ] GC(876) Metaspace: 14770K->14770K(31744K)
[183.086s][info][gc             ] GC(876) Pause Young (G1 Evacuation Pause) 463M->465M(512M) 69.825ms
[183.086s][info][gc,cpu         ] GC(876) User=0.61s Sys=0.00s Real=0.07s
[184.051s][info][gc,start       ] GC(877) Pause Young (G1 Humongous Allocation)
[184.051s][info][gc,task        ] GC(877) Using 8 workers of 8 for evacuation
[184.096s][info][gc,phases      ] GC(877)   Pre Evacuate Collection Set: 0.1ms
[184.096s][info][gc,phases      ] GC(877)   Evacuate Collection Set: 42.4ms
[184.096s][info][gc,phases      ] GC(877)   Post Evacuate Collection Set: 1.4ms
[184.096s][info][gc,phases      ] GC(877)   Other: 0.7ms
[184.096s][info][gc,heap        ] GC(877) Eden regions: 7->0(21)
[184.096s][info][gc,heap        ] GC(877) Survivor regions: 4->4(4)
[184.096s][info][gc,heap        ] GC(877) Old regions: 400->408
[184.096s][info][gc,heap        ] GC(877) Humongous regions: 65->65
[184.096s][info][gc,metaspace   ] GC(877) Metaspace: 14770K->14770K(31744K)
[184.096s][info][gc             ] GC(877) Pause Young (G1 Humongous Allocation) 472M->473M(512M) 44.971ms
[184.096s][info][gc,cpu         ] GC(877) User=0.36s Sys=0.00s Real=0.05s
[184.097s][info][gc,start       ] GC(878) Pause Full (Allocation Failure)
[184.101s][info][gc,phases,start] GC(878) Phase 1: Mark live objects
[184.118s][info][gc,stringtable ] GC(878) Cleaned string and symbol table, strings: 7346 processed, 0 removed, symbols: 48835 processed, 1 removed
[184.119s][info][gc,phases      ] GC(878) Phase 1: Mark live objects 17.528ms
[184.119s][info][gc,phases,start] GC(878) Phase 2: Prepare for compaction
[184.121s][info][gc,phases      ] GC(878) Phase 2: Prepare for compaction 2.350ms
[184.121s][info][gc,phases,start] GC(878) Phase 3: Adjust pointers and remembered sets
[184.127s][info][gc,phases      ] GC(878) Phase 3: Adjust pointers and remembered sets 5.790ms
[184.127s][info][gc,phases,start] GC(878) Phase 4: Compact heap
[184.129s][info][gc,phases      ] GC(878) Phase 4: Compact heap 1.781ms
[184.131s][info][gc,heap        ] GC(878) Eden regions: 0->0(98)
[184.131s][info][gc,heap        ] GC(878) Survivor regions: 4->0(4)
[184.131s][info][gc,heap        ] GC(878) Old regions: 408->12
[184.131s][info][gc,heap        ] GC(878) Humongous regions: 65->0
[184.131s][info][gc,metaspace   ] GC(878) Metaspace: 14770K->14770K(31744K)
[184.131s][info][gc             ] GC(878) Pause Full (Allocation Failure) 473M->6M(512M) 33.766ms
[184.132s][info][gc,cpu         ] GC(878) User=0.14s Sys=0.00s Real=0.03s
[184.132s][info][gc,marking     ] GC(871) Concurrent Mark From Roots 3142.550ms
[184.202s][info][gc,marking     ] GC(871) Concurrent Mark Abort
[184.202s][info][gc             ] GC(871) Concurrent Cycle 3218.359ms
[184.326s][info][gc,start       ] GC(879) Pause Young (G1 Evacuation Pause)
[184.326s][info][gc,task        ] GC(879) Using 8 workers of 8 for evacuation
[184.498s][info][gc,phases      ] GC(879)   Pre Evacuate Collection Set: 0.1ms
[184.498s][info][gc,phases      ] GC(879)   Evacuate Collection Set: 169.7ms
[184.498s][info][gc,phases      ] GC(879)   Post Evacuate Collection Set: 1.9ms
[184.498s][info][gc,phases      ] GC(879)   Other: 0.8ms
[184.498s][info][gc,heap        ] GC(879) Eden regions: 98->0(88)
[184.499s][info][gc,heap        ] GC(879) Survivor regions: 0->13(13)
[184.499s][info][gc,heap        ] GC(879) Old regions: 12->98
[184.499s][info][gc,heap        ] GC(879) Humongous regions: 65->65
[184.499s][info][gc,metaspace   ] GC(879) Metaspace: 14770K->14770K(31744K)
[184.499s][info][gc             ] GC(879) Pause Young (G1 Evacuation Pause) 169M->170M(512M) 173.199ms
[184.499s][info][gc,cpu         ] GC(879) User=1.34s Sys=0.02s Real=0.17s
[184.629s][info][gc,start       ] GC(880) Pause Young (G1 Evacuation Pause)
[184.630s][info][gc,task        ] GC(880) Using 8 workers of 8 for evacuation
[184.879s][info][gc,mmu         ] GC(880) MMU target violated: 201.0ms (200.0ms/201.0ms)
[184.880s][info][gc,phases      ] GC(880)   Pre Evacuate Collection Set: 0.1ms
[184.880s][info][gc,phases      ] GC(880)   Evacuate Collection Set: 246.7ms
[184.880s][info][gc,phases      ] GC(880)   Post Evacuate Collection Set: 2.2ms
[184.880s][info][gc,phases      ] GC(880)   Other: 1.3ms
[184.880s][info][gc,heap        ] GC(880) Eden regions: 88->0(60)
[184.880s][info][gc,heap        ] GC(880) Survivor regions: 13->13(13)
[184.880s][info][gc,heap        ] GC(880) Old regions: 98->188
[184.880s][info][gc,heap        ] GC(880) Humongous regions: 65->65
[184.880s][info][gc,metaspace   ] GC(880) Metaspace: 14770K->14770K(31744K)
[184.880s][info][gc             ] GC(880) Pause Young (G1 Evacuation Pause) 258M->260M(512M) 250.704ms
[184.880s][info][gc,cpu         ] GC(880) User=1.94s Sys=0.05s Real=0.25s
[185.003s][info][gc,start       ] GC(881) Pause Initial Mark (G1 Evacuation Pause)
[185.003s][info][gc,task        ] GC(881) Using 8 workers of 8 for evacuation
[185.145s][info][gc,phases      ] GC(881)   Pre Evacuate Collection Set: 0.1ms
[185.145s][info][gc,phases      ] GC(881)   Evacuate Collection Set: 140.0ms
[185.145s][info][gc,phases      ] GC(881)   Post Evacuate Collection Set: 1.6ms
[185.145s][info][gc,phases      ] GC(881)   Other: 0.7ms
[185.145s][info][gc,heap        ] GC(881) Eden regions: 60->0(41)
[185.145s][info][gc,heap        ] GC(881) Survivor regions: 13->10(10)
[185.145s][info][gc,heap        ] GC(881) Old regions: 188->253
[185.145s][info][gc,heap        ] GC(881) Humongous regions: 65->65
[185.146s][info][gc,metaspace   ] GC(881) Metaspace: 14770K->14770K(31744K)
[185.146s][info][gc             ] GC(881) Pause Initial Mark (G1 Evacuation Pause) 320M->322M(512M) 142.891ms
[185.146s][info][gc,cpu         ] GC(881) User=1.11s Sys=0.00s Real=0.14s
[185.146s][info][gc             ] GC(882) Concurrent Cycle
[185.146s][info][gc,marking     ] GC(882) Concurrent Clear Claimed Marks
[185.146s][info][gc,marking     ] GC(882) Concurrent Clear Claimed Marks 0.085ms
[185.146s][info][gc,marking     ] GC(882) Concurrent Scan Root Regions
[185.176s][info][gc,marking     ] GC(882) Concurrent Scan Root Regions 29.672ms
[185.176s][info][gc,marking     ] GC(882) Concurrent Mark (185.176s)
[185.176s][info][gc,marking     ] GC(882) Concurrent Mark From Roots
[185.176s][info][gc,task        ] GC(882) Using 2 workers of 2 for marking
[185.988s][info][gc,start       ] GC(883) Pause Young (G1 Evacuation Pause)
[185.988s][info][gc,task        ] GC(883) Using 8 workers of 8 for evacuation
[186.111s][info][gc,phases      ] GC(883)   Pre Evacuate Collection Set: 0.0ms
[186.111s][info][gc,phases      ] GC(883)   Evacuate Collection Set: 119.6ms
[186.111s][info][gc,phases      ] GC(883)   Post Evacuate Collection Set: 2.6ms
[186.111s][info][gc,phases      ] GC(883)   Other: 1.1ms
[186.111s][info][gc,heap        ] GC(883) Eden regions: 41->0(27)
[186.111s][info][gc,heap        ] GC(883) Survivor regions: 10->7(7)
[186.111s][info][gc,heap        ] GC(883) Old regions: 253->299
[186.111s][info][gc,heap        ] GC(883) Humongous regions: 65->65
[186.111s][info][gc,metaspace   ] GC(883) Metaspace: 14770K->14770K(31744K)
[186.111s][info][gc             ] GC(883) Pause Young (G1 Evacuation Pause) 363M->365M(512M) 123.736ms
[186.111s][info][gc,cpu         ] GC(883) User=0.92s Sys=0.03s Real=0.13s
[186.164s][info][gc,start       ] GC(884) Pause Young (G1 Evacuation Pause)
[186.164s][info][gc,task        ] GC(884) Using 8 workers of 8 for evacuation
[186.284s][info][gc,phases      ] GC(884)   Pre Evacuate Collection Set: 0.1ms
[186.284s][info][gc,phases      ] GC(884)   Evacuate Collection Set: 116.7ms
[186.284s][info][gc,phases      ] GC(884)   Post Evacuate Collection Set: 2.5ms
[186.284s][info][gc,phases      ] GC(884)   Other: 0.8ms
[186.284s][info][gc,heap        ] GC(884) Eden regions: 27->0(20)
[186.284s][info][gc,heap        ] GC(884) Survivor regions: 7->5(5)
[186.284s][info][gc,heap        ] GC(884) Old regions: 299->330
[186.284s][info][gc,heap        ] GC(884) Humongous regions: 65->65
[186.284s][info][gc,metaspace   ] GC(884) Metaspace: 14770K->14770K(31744K)
[186.284s][info][gc             ] GC(884) Pause Young (G1 Evacuation Pause) 392M->394M(512M) 120.520ms
[186.284s][info][gc,cpu         ] GC(884) User=0.77s Sys=0.06s Real=0.13s
[187.149s][info][gc,start       ] GC(885) Pause Young (G1 Evacuation Pause)
[187.149s][info][gc,task        ] GC(885) Using 8 workers of 8 for evacuation
[187.205s][info][gc,phases      ] GC(885)   Pre Evacuate Collection Set: 0.1ms
[187.205s][info][gc,phases      ] GC(885)   Evacuate Collection Set: 54.2ms
[187.205s][info][gc,phases      ] GC(885)   Post Evacuate Collection Set: 0.9ms
[187.205s][info][gc,phases      ] GC(885)   Other: 0.7ms
[187.205s][info][gc,heap        ] GC(885) Eden regions: 20->0(21)
[187.205s][info][gc,heap        ] GC(885) Survivor regions: 5->4(4)
[187.205s][info][gc,heap        ] GC(885) Old regions: 330->353
[187.205s][info][gc,heap        ] GC(885) Humongous regions: 65->65
[187.206s][info][gc,metaspace   ] GC(885) Metaspace: 14770K->14770K(31744K)
[187.206s][info][gc             ] GC(885) Pause Young (G1 Evacuation Pause) 414M->416M(512M) 56.352ms
[187.206s][info][gc,cpu         ] GC(885) User=0.36s Sys=0.00s Real=0.06s
[188.048s][info][gc,start       ] GC(886) Pause Young (G1 Evacuation Pause)
[188.048s][info][gc,task        ] GC(886) Using 8 workers of 8 for evacuation
[188.108s][info][gc,phases      ] GC(886)   Pre Evacuate Collection Set: 0.1ms
[188.108s][info][gc,phases      ] GC(886)   Evacuate Collection Set: 53.6ms
[188.108s][info][gc,phases      ] GC(886)   Post Evacuate Collection Set: 5.5ms
[188.108s][info][gc,phases      ] GC(886)   Other: 0.6ms
[188.108s][info][gc,heap        ] GC(886) Eden regions: 21->0(21)
[188.108s][info][gc,heap        ] GC(886) Survivor regions: 4->4(4)
[188.108s][info][gc,heap        ] GC(886) Old regions: 353->375
[188.108s][info][gc,heap        ] GC(886) Humongous regions: 65->65
[188.108s][info][gc,metaspace   ] GC(886) Metaspace: 14770K->14770K(31744K)
[188.108s][info][gc             ] GC(886) Pause Young (G1 Evacuation Pause) 437M->438M(512M) 60.359ms
[188.108s][info][gc,cpu         ] GC(886) User=0.27s Sys=0.03s Real=0.06s
[188.978s][info][gc,start       ] GC(887) Pause Young (G1 Evacuation Pause)
[188.978s][info][gc,task        ] GC(887) Using 8 workers of 8 for evacuation
[189.055s][info][gc,phases      ] GC(887)   Pre Evacuate Collection Set: 0.0ms
[189.056s][info][gc,phases      ] GC(887)   Evacuate Collection Set: 76.2ms
[189.056s][info][gc,phases      ] GC(887)   Post Evacuate Collection Set: 0.8ms
[189.056s][info][gc,phases      ] GC(887)   Other: 0.6ms
[189.056s][info][gc,heap        ] GC(887) Eden regions: 21->0(21)
[189.056s][info][gc,heap        ] GC(887) Survivor regions: 4->4(4)
[189.056s][info][gc,heap        ] GC(887) Old regions: 375->397
[189.056s][info][gc,heap        ] GC(887) Humongous regions: 65->65
[189.056s][info][gc,metaspace   ] GC(887) Metaspace: 14770K->14770K(31744K)
[189.056s][info][gc             ] GC(887) Pause Young (G1 Evacuation Pause) 459M->460M(512M) 78.270ms
[189.056s][info][gc,cpu         ] GC(887) User=0.47s Sys=0.00s Real=0.07s
[189.074s][info][gc,start       ] GC(888) Pause Young (G1 Humongous Allocation)
[189.074s][info][gc,task        ] GC(888) Using 8 workers of 8 for evacuation
[189.135s][info][gc,phases      ] GC(888)   Pre Evacuate Collection Set: 0.0ms
[189.135s][info][gc,phases      ] GC(888)   Evacuate Collection Set: 60.3ms
[189.136s][info][gc,phases      ] GC(888)   Post Evacuate Collection Set: 0.7ms
[189.136s][info][gc,phases      ] GC(888)   Other: 0.6ms
[189.136s][info][gc,heap        ] GC(888) Eden regions: 14->0(21)
[189.136s][info][gc,heap        ] GC(888) Survivor regions: 4->4(4)
[189.136s][info][gc,heap        ] GC(888) Old regions: 397->412
[189.136s][info][gc,heap        ] GC(888) Humongous regions: 65->65
[189.136s][info][gc,metaspace   ] GC(888) Metaspace: 14770K->14770K(31744K)
[189.136s][info][gc             ] GC(888) Pause Young (G1 Humongous Allocation) 474M->475M(512M) 62.141ms
[189.136s][info][gc,cpu         ] GC(888) User=0.39s Sys=0.00s Real=0.06s
[189.137s][info][gc,start       ] GC(889) Pause Full (Allocation Failure)
[189.151s][info][gc,phases,start] GC(889) Phase 1: Mark live objects
[189.171s][info][gc,stringtable ] GC(889) Cleaned string and symbol table, strings: 7346 processed, 19 removed, symbols: 48834 processed, 0 removed
[189.171s][info][gc,phases      ] GC(889) Phase 1: Mark live objects 20.734ms
[189.171s][info][gc,phases,start] GC(889) Phase 2: Prepare for compaction
[189.175s][info][gc,phases      ] GC(889) Phase 2: Prepare for compaction 3.549ms
[189.175s][info][gc,phases,start] GC(889) Phase 3: Adjust pointers and remembered sets
[189.182s][info][gc,phases      ] GC(889) Phase 3: Adjust pointers and remembered sets 7.411ms
[189.183s][info][gc,phases,start] GC(889) Phase 4: Compact heap
[189.185s][info][gc,phases      ] GC(889) Phase 4: Compact heap 1.979ms
[189.188s][info][gc,heap        ] GC(889) Eden regions: 0->0(96)
[189.188s][info][gc,heap        ] GC(889) Survivor regions: 4->0(4)
[189.188s][info][gc,heap        ] GC(889) Old regions: 412->14
[189.188s][info][gc,heap        ] GC(889) Humongous regions: 65->0
[189.188s][info][gc,metaspace   ] GC(889) Metaspace: 14770K->14770K(31744K)
[189.188s][info][gc             ] GC(889) Pause Full (Allocation Failure) 475M->7M(512M) 51.156ms
[189.190s][info][gc,cpu         ] GC(889) User=0.13s Sys=0.02s Real=0.06s
[189.222s][info][gc,marking     ] GC(882) Concurrent Mark From Roots 4045.697ms
[189.222s][info][gc,marking     ] GC(882) Concurrent Mark Abort
[189.222s][info][gc             ] GC(882) Concurrent Cycle 4076.041ms
[189.384s][info][gc,start       ] GC(890) Pause Young (G1 Evacuation Pause)
[189.384s][info][gc,task        ] GC(890) Using 8 workers of 8 for evacuation
[189.584s][info][gc,mmu         ] GC(890) MMU target violated: 200.4ms (200.0ms/201.0ms)
[189.585s][info][gc,phases      ] GC(890)   Pre Evacuate Collection Set: 0.1ms
[189.585s][info][gc,phases      ] GC(890)   Evacuate Collection Set: 198.4ms
[189.585s][info][gc,phases      ] GC(890)   Post Evacuate Collection Set: 1.5ms
[189.585s][info][gc,phases      ] GC(890)   Other: 0.9ms
[189.585s][info][gc,heap        ] GC(890) Eden regions: 96->0(85)
[189.585s][info][gc,heap        ] GC(890) Survivor regions: 0->12(12)
[189.585s][info][gc,heap        ] GC(890) Old regions: 14->99
[189.585s][info][gc,heap        ] GC(890) Humongous regions: 65->65
[189.585s][info][gc,metaspace   ] GC(890) Metaspace: 14770K->14770K(31744K)
[189.585s][info][gc             ] GC(890) Pause Young (G1 Evacuation Pause) 168M->169M(512M) 201.298ms
[189.585s][info][gc,cpu         ] GC(890) User=1.48s Sys=0.00s Real=0.19s
[189.720s][info][gc,start       ] GC(891) Pause Young (G1 Evacuation Pause)
[189.720s][info][gc,task        ] GC(891) Using 8 workers of 8 for evacuation
[189.980s][info][gc,mmu         ] GC(891) MMU target violated: 201.0ms (200.0ms/201.0ms)
[189.980s][info][gc,phases      ] GC(891)   Pre Evacuate Collection Set: 0.1ms
[189.980s][info][gc,phases      ] GC(891)   Evacuate Collection Set: 250.2ms
[189.980s][info][gc,phases      ] GC(891)   Post Evacuate Collection Set: 8.8ms
[189.980s][info][gc,phases      ] GC(891)   Other: 0.9ms
[189.980s][info][gc,heap        ] GC(891) Eden regions: 83->0(62)
[189.980s][info][gc,heap        ] GC(891) Survivor regions: 12->12(12)
[189.980s][info][gc,heap        ] GC(891) Old regions: 99->184
[189.981s][info][gc,heap        ] GC(891) Humongous regions: 65->65
[189.981s][info][gc,metaspace   ] GC(891) Metaspace: 14770K->14770K(31744K)
[189.981s][info][gc             ] GC(891) Pause Young (G1 Evacuation Pause) 252M->254M(512M) 260.263ms
[189.981s][info][gc,cpu         ] GC(891) User=1.89s Sys=0.00s Real=0.27s
[190.072s][info][gc,start       ] GC(892) Pause Young (G1 Evacuation Pause)
[190.072s][info][gc,task        ] GC(892) Using 8 workers of 8 for evacuation
[190.264s][info][gc,phases      ] GC(892)   Pre Evacuate Collection Set: 0.0ms
[190.265s][info][gc,phases      ] GC(892)   Evacuate Collection Set: 190.5ms
[190.265s][info][gc,phases      ] GC(892)   Post Evacuate Collection Set: 1.4ms
[190.265s][info][gc,phases      ] GC(892)   Other: 0.8ms
[190.265s][info][gc,heap        ] GC(892) Eden regions: 62->0(42)
[190.265s][info][gc,heap        ] GC(892) Survivor regions: 12->10(10)
[190.265s][info][gc,heap        ] GC(892) Old regions: 184->250
[190.265s][info][gc,heap        ] GC(892) Humongous regions: 65->65
[190.265s][info][gc,metaspace   ] GC(892) Metaspace: 14770K->14770K(31744K)
[190.265s][info][gc             ] GC(892) Pause Young (G1 Evacuation Pause) 316M->318M(512M) 193.175ms
[190.265s][info][gc,cpu         ] GC(892) User=1.55s Sys=0.06s Real=0.20s
[191.042s][info][gc,start       ] GC(893) Pause Initial Mark (G1 Evacuation Pause)
[191.042s][info][gc,task        ] GC(893) Using 8 workers of 8 for evacuation
[191.197s][info][gc,phases      ] GC(893)   Pre Evacuate Collection Set: 0.1ms
[191.197s][info][gc,phases      ] GC(893)   Evacuate Collection Set: 152.3ms
[191.197s][info][gc,phases      ] GC(893)   Post Evacuate Collection Set: 1.5ms
[191.197s][info][gc,phases      ] GC(893)   Other: 0.7ms
[191.197s][info][gc,heap        ] GC(893) Eden regions: 42->0(28)
[191.197s][info][gc,heap        ] GC(893) Survivor regions: 10->7(7)
[191.197s][info][gc,heap        ] GC(893) Old regions: 250->297
[191.197s][info][gc,heap        ] GC(893) Humongous regions: 65->65
[191.197s][info][gc,metaspace   ] GC(893) Metaspace: 14770K->14770K(31744K)
[191.197s][info][gc             ] GC(893) Pause Initial Mark (G1 Evacuation Pause) 360M->361M(512M) 154.977ms
[191.197s][info][gc,cpu         ] GC(893) User=0.95s Sys=0.08s Real=0.16s
[191.197s][info][gc             ] GC(894) Concurrent Cycle
[191.197s][info][gc,marking     ] GC(894) Concurrent Clear Claimed Marks
[191.198s][info][gc,marking     ] GC(894) Concurrent Clear Claimed Marks 0.095ms
[191.198s][info][gc,marking     ] GC(894) Concurrent Scan Root Regions
[191.235s][info][gc,marking     ] GC(894) Concurrent Scan Root Regions 37.179ms
[191.235s][info][gc,marking     ] GC(894) Concurrent Mark (191.235s)
[191.235s][info][gc,marking     ] GC(894) Concurrent Mark From Roots
[191.235s][info][gc,task        ] GC(894) Using 2 workers of 2 for marking
[191.239s][info][gc,start       ] GC(895) Pause Young (G1 Evacuation Pause)
[191.239s][info][gc,task        ] GC(895) Using 8 workers of 8 for evacuation
[191.335s][info][gc,phases      ] GC(895)   Pre Evacuate Collection Set: 0.0ms
[191.335s][info][gc,phases      ] GC(895)   Evacuate Collection Set: 91.8ms
[191.335s][info][gc,phases      ] GC(895)   Post Evacuate Collection Set: 3.0ms
[191.335s][info][gc,phases      ] GC(895)   Other: 0.6ms
[191.335s][info][gc,heap        ] GC(895) Eden regions: 28->0(20)
[191.335s][info][gc,heap        ] GC(895) Survivor regions: 7->5(5)
[191.335s][info][gc,heap        ] GC(895) Old regions: 297->329
[191.335s][info][gc,heap        ] GC(895) Humongous regions: 65->65
[191.335s][info][gc,metaspace   ] GC(895) Metaspace: 14770K->14770K(31744K)
[191.335s][info][gc             ] GC(895) Pause Young (G1 Evacuation Pause) 389M->391M(512M) 95.987ms
[191.335s][info][gc,cpu         ] GC(895) User=0.70s Sys=0.00s Real=0.10s
[192.396s][info][gc,start       ] GC(896) Pause Young (G1 Evacuation Pause)
[192.396s][info][gc,task        ] GC(896) Using 8 workers of 8 for evacuation
[192.459s][info][gc,phases      ] GC(896)   Pre Evacuate Collection Set: 0.1ms
[192.459s][info][gc,phases      ] GC(896)   Evacuate Collection Set: 60.8ms
[192.459s][info][gc,phases      ] GC(896)   Post Evacuate Collection Set: 1.5ms
[192.459s][info][gc,phases      ] GC(896)   Other: 0.9ms
[192.460s][info][gc,heap        ] GC(896) Eden regions: 20->0(21)
[192.460s][info][gc,heap        ] GC(896) Survivor regions: 5->4(4)
[192.460s][info][gc,heap        ] GC(896) Old regions: 329->351
[192.460s][info][gc,heap        ] GC(896) Humongous regions: 65->65
[192.460s][info][gc,metaspace   ] GC(896) Metaspace: 14770K->14770K(31744K)
[192.460s][info][gc             ] GC(896) Pause Young (G1 Evacuation Pause) 411M->413M(512M) 64.181ms
[192.460s][info][gc,cpu         ] GC(896) User=0.48s Sys=0.00s Real=0.07s
[193.380s][info][gc,start       ] GC(897) Pause Young (G1 Evacuation Pause)
[193.380s][info][gc,task        ] GC(897) Using 8 workers of 8 for evacuation
[193.455s][info][gc,phases      ] GC(897)   Pre Evacuate Collection Set: 0.1ms
[193.455s][info][gc,phases      ] GC(897)   Evacuate Collection Set: 72.1ms
[193.455s][info][gc,phases      ] GC(897)   Post Evacuate Collection Set: 2.5ms
[193.455s][info][gc,phases      ] GC(897)   Other: 1.0ms
[193.455s][info][gc,heap        ] GC(897) Eden regions: 21->0(21)
[193.455s][info][gc,heap        ] GC(897) Survivor regions: 4->4(4)
[193.456s][info][gc,heap        ] GC(897) Old regions: 351->374
[193.456s][info][gc,heap        ] GC(897) Humongous regions: 65->65
[193.456s][info][gc,metaspace   ] GC(897) Metaspace: 14770K->14770K(31744K)
[193.456s][info][gc             ] GC(897) Pause Young (G1 Evacuation Pause) 434M->436M(512M) 76.147ms
[193.456s][info][gc,cpu         ] GC(897) User=0.50s Sys=0.00s Real=0.07s
[195.517s][info][gc,start       ] GC(898) Pause Young (G1 Evacuation Pause)
[195.517s][info][gc,task        ] GC(898) Using 8 workers of 8 for evacuation
[195.601s][info][gc,phases      ] GC(898)   Pre Evacuate Collection Set: 0.1ms
[195.601s][info][gc,phases      ] GC(898)   Evacuate Collection Set: 81.7ms
[195.601s][info][gc,phases      ] GC(898)   Post Evacuate Collection Set: 1.1ms
[195.601s][info][gc,phases      ] GC(898)   Other: 0.8ms
[195.601s][info][gc,heap        ] GC(898) Eden regions: 21->0(21)
[195.601s][info][gc,heap        ] GC(898) Survivor regions: 4->4(4)
[195.601s][info][gc,heap        ] GC(898) Old regions: 374->396
[195.601s][info][gc,heap        ] GC(898) Humongous regions: 65->65
[195.601s][info][gc,metaspace   ] GC(898) Metaspace: 14770K->14770K(31744K)
[195.601s][info][gc             ] GC(898) Pause Young (G1 Evacuation Pause) 457M->457M(512M) 84.342ms
[195.601s][info][gc,cpu         ] GC(898) User=0.56s Sys=0.00s Real=0.08s
[196.626s][info][gc,start       ] GC(899) Pause Young (G1 Humongous Allocation)
[196.626s][info][gc,task        ] GC(899) Using 8 workers of 8 for evacuation
[196.782s][info][gc,phases      ] GC(899)   Pre Evacuate Collection Set: 0.1ms
[196.782s][info][gc,phases      ] GC(899)   Evacuate Collection Set: 153.0ms
[196.782s][info][gc,phases      ] GC(899)   Post Evacuate Collection Set: 2.2ms
[196.782s][info][gc,phases      ] GC(899)   Other: 1.2ms
[196.783s][info][gc,heap        ] GC(899) Eden regions: 20->0(21)
[196.783s][info][gc,heap        ] GC(899) Survivor regions: 4->4(4)
[196.783s][info][gc,heap        ] GC(899) Old regions: 396->417
[196.783s][info][gc,heap        ] GC(899) Humongous regions: 65->65
[196.783s][info][gc,metaspace   ] GC(899) Metaspace: 14776K->14776K(31744K)
[196.783s][info][gc             ] GC(899) Pause Young (G1 Humongous Allocation) 477M->478M(512M) 156.884ms
[196.783s][info][gc,cpu         ] GC(899) User=0.66s Sys=0.03s Real=0.15s
[196.785s][info][gc,start       ] GC(900) Pause Full (Allocation Failure)
[196.789s][info][gc,phases,start] GC(900) Phase 1: Mark live objects
[196.805s][info][gc,stringtable ] GC(900) Cleaned string and symbol table, strings: 7370 processed, 30 removed, symbols: 48835 processed, 0 removed
[196.805s][info][gc,phases      ] GC(900) Phase 1: Mark live objects 16.898ms
[196.806s][info][gc,phases,start] GC(900) Phase 2: Prepare for compaction
[196.809s][info][gc,phases      ] GC(900) Phase 2: Prepare for compaction 3.107ms
[196.809s][info][gc,phases,start] GC(900) Phase 3: Adjust pointers and remembered sets
[196.817s][info][gc,phases      ] GC(900) Phase 3: Adjust pointers and remembered sets 8.538ms
[196.817s][info][gc,phases,start] GC(900) Phase 4: Compact heap
[196.820s][info][gc,phases      ] GC(900) Phase 4: Compact heap 2.895ms
[196.824s][info][gc,heap        ] GC(900) Eden regions: 0->0(77)
[196.824s][info][gc,heap        ] GC(900) Survivor regions: 4->0(4)
[196.824s][info][gc,heap        ] GC(900) Old regions: 417->13
[196.824s][info][gc,heap        ] GC(900) Humongous regions: 65->0
[196.824s][info][gc,metaspace   ] GC(900) Metaspace: 14776K->14776K(31744K)
[196.824s][info][gc             ] GC(900) Pause Full (Allocation Failure) 478M->7M(512M) 39.303ms
[196.838s][info][gc,cpu         ] GC(900) User=0.17s Sys=0.02s Real=0.06s
[196.838s][info][gc,marking     ] GC(894) Concurrent Mark From Roots 5603.004ms
[196.884s][info][gc,marking     ] GC(894) Concurrent Mark Abort
[196.884s][info][gc             ] GC(894) Concurrent Cycle 5686.598ms
[196.964s][info][gc,start       ] GC(901) Pause Young (G1 Evacuation Pause)
[196.965s][info][gc,task        ] GC(901) Using 8 workers of 8 for evacuation
[197.108s][info][gc,phases      ] GC(901)   Pre Evacuate Collection Set: 0.1ms
[197.108s][info][gc,phases      ] GC(901)   Evacuate Collection Set: 141.1ms
[197.108s][info][gc,phases      ] GC(901)   Post Evacuate Collection Set: 1.3ms
[197.108s][info][gc,phases      ] GC(901)   Other: 3.1ms
[197.108s][info][gc,heap        ] GC(901) Eden regions: 77->0(76)
[197.108s][info][gc,heap        ] GC(901) Survivor regions: 0->10(10)
[197.108s][info][gc,heap        ] GC(901) Old regions: 13->82
[197.108s][info][gc,heap        ] GC(901) Humongous regions: 66->66
[197.108s][info][gc,metaspace   ] GC(901) Metaspace: 14776K->14776K(31744K)
[197.108s][info][gc             ] GC(901) Pause Young (G1 Evacuation Pause) 150M->152M(512M) 144.345ms
[197.108s][info][gc,cpu         ] GC(901) User=1.13s Sys=0.02s Real=0.16s
[197.184s][info][gc,start       ] GC(902) Pause Young (G1 Evacuation Pause)
[197.184s][info][gc,task        ] GC(902) Using 8 workers of 8 for evacuation
[197.372s][info][gc,phases      ] GC(902)   Pre Evacuate Collection Set: 0.1ms
[197.372s][info][gc,phases      ] GC(902)   Evacuate Collection Set: 186.1ms
[197.372s][info][gc,phases      ] GC(902)   Post Evacuate Collection Set: 1.3ms
[197.372s][info][gc,phases      ] GC(902)   Other: 0.7ms
[197.372s][info][gc,heap        ] GC(902) Eden regions: 76->0(70)
[197.372s][info][gc,heap        ] GC(902) Survivor regions: 10->11(11)
[197.372s][info][gc,heap        ] GC(902) Old regions: 82->159
[197.372s][info][gc,heap        ] GC(902) Humongous regions: 66->66
[197.372s][info][gc,metaspace   ] GC(902) Metaspace: 14776K->14776K(31744K)
[197.373s][info][gc             ] GC(902) Pause Young (G1 Evacuation Pause) 228M->230M(512M) 188.645ms
[197.373s][info][gc,cpu         ] GC(902) User=1.39s Sys=0.05s Real=0.19s
[197.846s][info][gc,start       ] GC(903) Pause Young (G1 Evacuation Pause)
[197.847s][info][gc,task        ] GC(903) Using 8 workers of 8 for evacuation
[198.003s][info][gc,phases      ] GC(903)   Pre Evacuate Collection Set: 0.1ms
[198.003s][info][gc,phases      ] GC(903)   Evacuate Collection Set: 154.7ms
[198.003s][info][gc,phases      ] GC(903)   Post Evacuate Collection Set: 1.3ms
[198.003s][info][gc,phases      ] GC(903)   Other: 0.7ms
[198.003s][info][gc,heap        ] GC(903) Eden regions: 70->0(47)
[198.004s][info][gc,heap        ] GC(903) Survivor regions: 11->11(11)
[198.004s][info][gc,heap        ] GC(903) Old regions: 159->231
[198.004s][info][gc,heap        ] GC(903) Humongous regions: 66->66
[198.004s][info][gc,metaspace   ] GC(903) Metaspace: 14776K->14776K(31744K)
[198.004s][info][gc             ] GC(903) Pause Young (G1 Evacuation Pause) 300M->301M(512M) 157.283ms
[198.004s][info][gc,cpu         ] GC(903) User=1.16s Sys=0.02s Real=0.16s
[198.086s][info][gc,start       ] GC(904) Pause Initial Mark (G1 Evacuation Pause)
[198.086s][info][gc,task        ] GC(904) Using 8 workers of 8 for evacuation
[198.202s][info][gc,phases      ] GC(904)   Pre Evacuate Collection Set: 0.1ms
[198.202s][info][gc,phases      ] GC(904)   Evacuate Collection Set: 113.9ms
[198.202s][info][gc,phases      ] GC(904)   Post Evacuate Collection Set: 1.1ms
[198.202s][info][gc,phases      ] GC(904)   Other: 0.7ms
[198.202s][info][gc,heap        ] GC(904) Eden regions: 47->0(32)
[198.202s][info][gc,heap        ] GC(904) Survivor regions: 11->8(8)
[198.202s][info][gc,heap        ] GC(904) Old regions: 231->283
[198.202s][info][gc,heap        ] GC(904) Humongous regions: 66->66
[198.202s][info][gc,metaspace   ] GC(904) Metaspace: 14776K->14776K(31744K)
[198.203s][info][gc             ] GC(904) Pause Initial Mark (G1 Evacuation Pause) 348M->350M(512M) 116.407ms
[198.203s][info][gc,cpu         ] GC(904) User=0.95s Sys=0.00s Real=0.13s
[198.203s][info][gc             ] GC(905) Concurrent Cycle
[198.203s][info][gc,marking     ] GC(905) Concurrent Clear Claimed Marks
[198.203s][info][gc,marking     ] GC(905) Concurrent Clear Claimed Marks 0.119ms
[198.203s][info][gc,marking     ] GC(905) Concurrent Scan Root Regions
[198.209s][info][gc,marking     ] GC(905) Concurrent Scan Root Regions 5.496ms
[198.209s][info][gc,marking     ] GC(905) Concurrent Mark (198.209s)
[198.209s][info][gc,marking     ] GC(905) Concurrent Mark From Roots
[198.209s][info][gc,task        ] GC(905) Using 2 workers of 2 for marking
[198.275s][info][gc,start       ] GC(906) Pause Young (G1 Evacuation Pause)
[198.275s][info][gc,task        ] GC(906) Using 8 workers of 8 for evacuation
[198.356s][info][gc,phases      ] GC(906)   Pre Evacuate Collection Set: 0.0ms
[198.356s][info][gc,phases      ] GC(906)   Evacuate Collection Set: 79.4ms
[198.356s][info][gc,phases      ] GC(906)   Post Evacuate Collection Set: 1.6ms
[198.356s][info][gc,phases      ] GC(906)   Other: 0.6ms
[198.356s][info][gc,heap        ] GC(906) Eden regions: 32->0(21)
[198.356s][info][gc,heap        ] GC(906) Survivor regions: 8->5(5)
[198.356s][info][gc,heap        ] GC(906) Old regions: 283->320
[198.356s][info][gc,heap        ] GC(906) Humongous regions: 66->66
[198.356s][info][gc,metaspace   ] GC(906) Metaspace: 14776K->14776K(31744K)
[198.356s][info][gc             ] GC(906) Pause Young (G1 Evacuation Pause) 382M->384M(512M) 81.919ms
[198.357s][info][gc,cpu         ] GC(906) User=0.66s Sys=0.09s Real=0.08s
[199.251s][info][gc,start       ] GC(907) Pause Young (G1 Evacuation Pause)
[199.251s][info][gc,task        ] GC(907) Using 8 workers of 8 for evacuation
[199.309s][info][gc,phases      ] GC(907)   Pre Evacuate Collection Set: 0.1ms
[199.309s][info][gc,phases      ] GC(907)   Evacuate Collection Set: 56.0ms
[199.309s][info][gc,phases      ] GC(907)   Post Evacuate Collection Set: 1.1ms
[199.309s][info][gc,phases      ] GC(907)   Other: 1.1ms
[199.309s][info][gc,heap        ] GC(907) Eden regions: 21->0(21)
[199.309s][info][gc,heap        ] GC(907) Survivor regions: 5->4(4)
[199.309s][info][gc,heap        ] GC(907) Old regions: 320->344
[199.309s][info][gc,heap        ] GC(907) Humongous regions: 66->66
[199.309s][info][gc,metaspace   ] GC(907) Metaspace: 14776K->14776K(31744K)
[199.309s][info][gc             ] GC(907) Pause Young (G1 Evacuation Pause) 405M->407M(512M) 58.515ms
[199.309s][info][gc,cpu         ] GC(907) User=0.38s Sys=0.00s Real=0.05s
[200.190s][info][gc,start       ] GC(908) Pause Young (G1 Evacuation Pause)
[200.190s][info][gc,task        ] GC(908) Using 8 workers of 8 for evacuation
[200.245s][info][gc,phases      ] GC(908)   Pre Evacuate Collection Set: 0.1ms
[200.245s][info][gc,phases      ] GC(908)   Evacuate Collection Set: 53.3ms
[200.246s][info][gc,phases      ] GC(908)   Post Evacuate Collection Set: 1.1ms
[200.246s][info][gc,phases      ] GC(908)   Other: 0.7ms
[200.246s][info][gc,heap        ] GC(908) Eden regions: 21->0(21)
[200.246s][info][gc,heap        ] GC(908) Survivor regions: 4->4(4)
[200.246s][info][gc,heap        ] GC(908) Old regions: 344->367
[200.246s][info][gc,heap        ] GC(908) Humongous regions: 66->66
[200.246s][info][gc,metaspace   ] GC(908) Metaspace: 14776K->14776K(31744K)
[200.246s][info][gc             ] GC(908) Pause Young (G1 Evacuation Pause) 428M->430M(512M) 55.482ms
[200.246s][info][gc,cpu         ] GC(908) User=0.45s Sys=0.02s Real=0.07s
[200.290s][info][gc,start       ] GC(909) Pause Young (G1 Evacuation Pause)
[200.291s][info][gc,task        ] GC(909) Using 8 workers of 8 for evacuation
[200.344s][info][gc,phases      ] GC(909)   Pre Evacuate Collection Set: 0.0ms
[200.344s][info][gc,phases      ] GC(909)   Evacuate Collection Set: 52.2ms
[200.344s][info][gc,phases      ] GC(909)   Post Evacuate Collection Set: 0.8ms
[200.344s][info][gc,phases      ] GC(909)   Other: 0.6ms
[200.344s][info][gc,heap        ] GC(909) Eden regions: 21->0(21)
[200.344s][info][gc,heap        ] GC(909) Survivor regions: 4->4(4)
[200.344s][info][gc,heap        ] GC(909) Old regions: 367->390
[200.344s][info][gc,heap        ] GC(909) Humongous regions: 66->66
[200.344s][info][gc,metaspace   ] GC(909) Metaspace: 14776K->14776K(31744K)
[200.344s][info][gc             ] GC(909) Pause Young (G1 Evacuation Pause) 451M->453M(512M) 53.970ms
[200.344s][info][gc,cpu         ] GC(909) User=0.50s Sys=0.00s Real=0.06s
[201.296s][info][gc,start       ] GC(910) Pause Young (G1 Evacuation Pause)
[201.296s][info][gc,task        ] GC(910) Using 8 workers of 8 for evacuation
[201.398s][info][gc,phases      ] GC(910)   Pre Evacuate Collection Set: 0.1ms
[201.398s][info][gc,phases      ] GC(910)   Evacuate Collection Set: 99.9ms
[201.398s][info][gc,phases      ] GC(910)   Post Evacuate Collection Set: 1.1ms
[201.398s][info][gc,phases      ] GC(910)   Other: 0.8ms
[201.398s][info][gc,heap        ] GC(910) Eden regions: 21->0(21)
[201.398s][info][gc,heap        ] GC(910) Survivor regions: 4->4(4)
[201.398s][info][gc,heap        ] GC(910) Old regions: 390->412
[201.398s][info][gc,heap        ] GC(910) Humongous regions: 66->66
[201.398s][info][gc,metaspace   ] GC(910) Metaspace: 14776K->14776K(31744K)
[201.399s][info][gc             ] GC(910) Pause Young (G1 Evacuation Pause) 474M->476M(512M) 102.401ms
[201.399s][info][gc,cpu         ] GC(910) User=0.63s Sys=0.00s Real=0.12s
[202.409s][info][gc,start       ] GC(911) Pause Young (G1 Humongous Allocation)
[202.409s][info][gc,task        ] GC(911) Using 8 workers of 8 for evacuation
[202.462s][info][gc,phases      ] GC(911)   Pre Evacuate Collection Set: 0.0ms
[202.462s][info][gc,phases      ] GC(911)   Evacuate Collection Set: 49.0ms
[202.462s][info][gc,phases      ] GC(911)   Post Evacuate Collection Set: 3.0ms
[202.462s][info][gc,phases      ] GC(911)   Other: 0.5ms
[202.462s][info][gc,heap        ] GC(911) Eden regions: 9->0(21)
[202.462s][info][gc,heap        ] GC(911) Survivor regions: 4->4(4)
[202.462s][info][gc,heap        ] GC(911) Old regions: 412->422
[202.462s][info][gc,heap        ] GC(911) Humongous regions: 66->66
[202.462s][info][gc,metaspace   ] GC(911) Metaspace: 14777K->14777K(31744K)
[202.462s][info][gc             ] GC(911) Pause Young (G1 Humongous Allocation) 484M->485M(512M) 53.185ms
[202.462s][info][gc,cpu         ] GC(911) User=0.22s Sys=0.00s Real=0.03s
[202.464s][info][gc,start       ] GC(912) Pause Full (Allocation Failure)
[202.470s][info][gc,phases,start] GC(912) Phase 1: Mark live objects
[202.489s][info][gc,stringtable ] GC(912) Cleaned string and symbol table, strings: 7360 processed, 20 removed, symbols: 48835 processed, 0 removed
[202.490s][info][gc,phases      ] GC(912) Phase 1: Mark live objects 19.520ms
[202.490s][info][gc,phases,start] GC(912) Phase 2: Prepare for compaction
[202.494s][info][gc,phases      ] GC(912) Phase 2: Prepare for compaction 4.559ms
[202.494s][info][gc,phases,start] GC(912) Phase 3: Adjust pointers and remembered sets
[202.502s][info][gc,phases      ] GC(912) Phase 3: Adjust pointers and remembered sets 7.170ms
[202.502s][info][gc,phases,start] GC(912) Phase 4: Compact heap
[202.504s][info][gc,phases      ] GC(912) Phase 4: Compact heap 2.550ms
[202.507s][info][gc,heap        ] GC(912) Eden regions: 0->0(98)
[202.507s][info][gc,heap        ] GC(912) Survivor regions: 4->0(4)
[202.507s][info][gc,heap        ] GC(912) Old regions: 422->12
[202.507s][info][gc,heap        ] GC(912) Humongous regions: 66->0
[202.507s][info][gc,metaspace   ] GC(912) Metaspace: 14777K->14777K(31744K)
[202.507s][info][gc             ] GC(912) Pause Full (Allocation Failure) 485M->7M(512M) 42.475ms
[202.507s][info][gc,cpu         ] GC(912) User=0.23s Sys=0.00s Real=0.04s
[202.508s][info][gc,marking     ] GC(905) Concurrent Mark From Roots 4299.060ms
[202.508s][info][gc,marking     ] GC(905) Concurrent Mark Abort
[202.544s][info][gc             ] GC(905) Concurrent Cycle 4341.326ms
[202.632s][info][gc,start       ] GC(913) Pause Young (G1 Evacuation Pause)
[202.633s][info][gc,task        ] GC(913) Using 8 workers of 8 for evacuation
[202.823s][info][gc,phases      ] GC(913)   Pre Evacuate Collection Set: 0.0ms
[202.823s][info][gc,phases      ] GC(913)   Evacuate Collection Set: 188.3ms
[202.823s][info][gc,phases      ] GC(913)   Post Evacuate Collection Set: 1.4ms
[202.823s][info][gc,phases      ] GC(913)   Other: 0.7ms
[202.823s][info][gc,heap        ] GC(913) Eden regions: 98->0(88)
[202.823s][info][gc,heap        ] GC(913) Survivor regions: 0->13(13)
[202.823s][info][gc,heap        ] GC(913) Old regions: 12->98
[202.823s][info][gc,heap        ] GC(913) Humongous regions: 66->66
[202.823s][info][gc,metaspace   ] GC(913) Metaspace: 14777K->14777K(31744K)
[202.823s][info][gc             ] GC(913) Pause Young (G1 Evacuation Pause) 171M->172M(512M) 190.815ms
[202.823s][info][gc,cpu         ] GC(913) User=1.33s Sys=0.09s Real=0.19s
[202.963s][info][gc,start       ] GC(914) Pause Young (G1 Evacuation Pause)
[202.963s][info][gc,task        ] GC(914) Using 8 workers of 8 for evacuation
[203.161s][info][gc,phases      ] GC(914)   Pre Evacuate Collection Set: 0.1ms
[203.161s][info][gc,phases      ] GC(914)   Evacuate Collection Set: 194.3ms
[203.161s][info][gc,phases      ] GC(914)   Post Evacuate Collection Set: 2.8ms
[203.161s][info][gc,phases      ] GC(914)   Other: 0.7ms
[203.161s][info][gc,heap        ] GC(914) Eden regions: 88->0(60)
[203.161s][info][gc,heap        ] GC(914) Survivor regions: 13->13(13)
[203.161s][info][gc,heap        ] GC(914) Old regions: 98->188
[203.161s][info][gc,heap        ] GC(914) Humongous regions: 66->66
[203.161s][info][gc,metaspace   ] GC(914) Metaspace: 14777K->14777K(31744K)
[203.161s][info][gc             ] GC(914) Pause Young (G1 Evacuation Pause) 260M->261M(512M) 198.200ms
[203.161s][info][gc,cpu         ] GC(914) User=1.58s Sys=0.05s Real=0.20s
[203.301s][info][gc,start       ] GC(915) Pause Young (G1 Evacuation Pause)
[203.301s][info][gc,task        ] GC(915) Using 8 workers of 8 for evacuation
[203.459s][info][gc,phases      ] GC(915)   Pre Evacuate Collection Set: 0.1ms
[203.459s][info][gc,phases      ] GC(915)   Evacuate Collection Set: 153.2ms
[203.459s][info][gc,phases      ] GC(915)   Post Evacuate Collection Set: 4.7ms
[203.459s][info][gc,phases      ] GC(915)   Other: 0.7ms
[203.459s][info][gc,heap        ] GC(915) Eden regions: 60->0(41)
[203.459s][info][gc,heap        ] GC(915) Survivor regions: 13->10(10)
[203.459s][info][gc,heap        ] GC(915) Old regions: 188->252
[203.459s][info][gc,heap        ] GC(915) Humongous regions: 66->66
[203.459s][info][gc,metaspace   ] GC(915) Metaspace: 14777K->14777K(31744K)
[203.459s][info][gc             ] GC(915) Pause Young (G1 Evacuation Pause) 321M->322M(512M) 158.956ms
[203.460s][info][gc,cpu         ] GC(915) User=1.09s Sys=0.08s Real=0.16s
[204.301s][info][gc,start       ] GC(916) Pause Initial Mark (G1 Evacuation Pause)
[204.301s][info][gc,task        ] GC(916) Using 8 workers of 8 for evacuation
[204.527s][info][gc,mmu         ] GC(916) MMU target violated: 201.0ms (200.0ms/201.0ms)
[204.527s][info][gc,phases      ] GC(916)   Pre Evacuate Collection Set: 0.1ms
[204.527s][info][gc,phases      ] GC(916)   Evacuate Collection Set: 223.7ms
[204.528s][info][gc,phases      ] GC(916)   Post Evacuate Collection Set: 1.4ms
[204.528s][info][gc,phases      ] GC(916)   Other: 1.2ms
[204.528s][info][gc,heap        ] GC(916) Eden regions: 41->0(28)
[204.528s][info][gc,heap        ] GC(916) Survivor regions: 10->7(7)
[204.528s][info][gc,heap        ] GC(916) Old regions: 252->297
[204.528s][info][gc,heap        ] GC(916) Humongous regions: 66->66
[204.528s][info][gc,metaspace   ] GC(916) Metaspace: 14778K->14778K(31744K)
[204.528s][info][gc             ] GC(916) Pause Initial Mark (G1 Evacuation Pause) 363M->365M(512M) 226.876ms
[204.528s][info][gc,cpu         ] GC(916) User=1.09s Sys=0.03s Real=0.24s
[204.528s][info][gc             ] GC(917) Concurrent Cycle
[204.528s][info][gc,marking     ] GC(917) Concurrent Clear Claimed Marks
[204.528s][info][gc,marking     ] GC(917) Concurrent Clear Claimed Marks 0.092ms
[204.528s][info][gc,marking     ] GC(917) Concurrent Scan Root Regions
[204.538s][info][gc,marking     ] GC(917) Concurrent Scan Root Regions 9.151ms
[204.538s][info][gc,marking     ] GC(917) Concurrent Mark (204.538s)
[204.538s][info][gc,marking     ] GC(917) Concurrent Mark From Roots
[204.538s][info][gc,task        ] GC(917) Using 2 workers of 2 for marking
[205.701s][info][gc,start       ] GC(918) Pause Young (G1 Evacuation Pause)
[205.702s][info][gc,task        ] GC(918) Using 8 workers of 8 for evacuation
[205.800s][info][gc,phases      ] GC(918)   Pre Evacuate Collection Set: 0.1ms
[205.800s][info][gc,phases      ] GC(918)   Evacuate Collection Set: 96.5ms
[205.800s][info][gc,phases      ] GC(918)   Post Evacuate Collection Set: 1.3ms
[205.800s][info][gc,phases      ] GC(918)   Other: 0.7ms
[205.800s][info][gc,heap        ] GC(918) Eden regions: 28->0(20)
[205.800s][info][gc,heap        ] GC(918) Survivor regions: 7->5(5)
[205.800s][info][gc,heap        ] GC(918) Old regions: 297->329
[205.800s][info][gc,heap        ] GC(918) Humongous regions: 66->66
[205.800s][info][gc,metaspace   ] GC(918) Metaspace: 14778K->14778K(31744K)
[205.801s][info][gc             ] GC(918) Pause Young (G1 Evacuation Pause) 393M->394M(512M) 99.156ms
[205.801s][info][gc,cpu         ] GC(918) User=0.63s Sys=0.03s Real=0.10s
[207.580s][info][gc,start       ] GC(919) Pause Young (G1 Evacuation Pause)
[207.580s][info][gc,task        ] GC(919) Using 8 workers of 8 for evacuation
[207.659s][info][gc,phases      ] GC(919)   Pre Evacuate Collection Set: 0.0ms
[207.659s][info][gc,phases      ] GC(919)   Evacuate Collection Set: 77.3ms
[207.659s][info][gc,phases      ] GC(919)   Post Evacuate Collection Set: 0.9ms
[207.659s][info][gc,phases      ] GC(919)   Other: 0.8ms
[207.659s][info][gc,heap        ] GC(919) Eden regions: 20->0(21)
[207.659s][info][gc,heap        ] GC(919) Survivor regions: 5->4(4)
[207.659s][info][gc,heap        ] GC(919) Old regions: 329->351
[207.659s][info][gc,heap        ] GC(919) Humongous regions: 66->66
[207.659s][info][gc,metaspace   ] GC(919) Metaspace: 14778K->14778K(31744K)
[207.659s][info][gc             ] GC(919) Pause Young (G1 Evacuation Pause) 414M->415M(512M) 79.835ms
[207.659s][info][gc,cpu         ] GC(919) User=0.44s Sys=0.00s Real=0.06s
[209.391s][info][gc,start       ] GC(920) Pause Young (G1 Evacuation Pause)
[209.391s][info][gc,task        ] GC(920) Using 8 workers of 8 for evacuation
[209.460s][info][gc,phases      ] GC(920)   Pre Evacuate Collection Set: 0.1ms
[209.460s][info][gc,phases      ] GC(920)   Evacuate Collection Set: 66.1ms
[209.460s][info][gc,phases      ] GC(920)   Post Evacuate Collection Set: 1.5ms
[209.460s][info][gc,phases      ] GC(920)   Other: 0.8ms
[209.460s][info][gc,heap        ] GC(920) Eden regions: 21->0(21)
[209.460s][info][gc,heap        ] GC(920) Survivor regions: 4->4(4)
[209.460s][info][gc,heap        ] GC(920) Old regions: 351->373
[209.460s][info][gc,heap        ] GC(920) Humongous regions: 66->66
[209.460s][info][gc,metaspace   ] GC(920) Metaspace: 14780K->14780K(31744K)
[209.460s][info][gc             ] GC(920) Pause Young (G1 Evacuation Pause) 436M->438M(512M) 68.810ms
[209.460s][info][gc,cpu         ] GC(920) User=0.47s Sys=0.00s Real=0.07s
[210.399s][info][gc,start       ] GC(921) Pause Young (G1 Evacuation Pause)
[210.399s][info][gc,task        ] GC(921) Using 8 workers of 8 for evacuation
[210.471s][info][gc,phases      ] GC(921)   Pre Evacuate Collection Set: 0.0ms
[210.471s][info][gc,phases      ] GC(921)   Evacuate Collection Set: 71.1ms
[210.471s][info][gc,phases      ] GC(921)   Post Evacuate Collection Set: 0.7ms
[210.471s][info][gc,phases      ] GC(921)   Other: 0.5ms
[210.471s][info][gc,heap        ] GC(921) Eden regions: 21->0(21)
[210.471s][info][gc,heap        ] GC(921) Survivor regions: 4->4(4)
[210.471s][info][gc,heap        ] GC(921) Old regions: 373->396
[210.471s][info][gc,heap        ] GC(921) Humongous regions: 66->66
[210.471s][info][gc,metaspace   ] GC(921) Metaspace: 14780K->14780K(31744K)
[210.471s][info][gc             ] GC(921) Pause Young (G1 Evacuation Pause) 459M->461M(512M) 72.710ms
[210.471s][info][gc,cpu         ] GC(921) User=0.56s Sys=0.00s Real=0.08s
[210.493s][info][gc,start       ] GC(922) Pause Young (G1 Humongous Allocation)
[210.493s][info][gc,task        ] GC(922) Using 8 workers of 8 for evacuation
[210.559s][info][gc,phases      ] GC(922)   Pre Evacuate Collection Set: 0.0ms
[210.559s][info][gc,phases      ] GC(922)   Evacuate Collection Set: 63.9ms
[210.559s][info][gc,phases      ] GC(922)   Post Evacuate Collection Set: 2.0ms
[210.559s][info][gc,phases      ] GC(922)   Other: 0.7ms
[210.559s][info][gc,heap        ] GC(922) Eden regions: 20->0(21)
[210.559s][info][gc,heap        ] GC(922) Survivor regions: 4->4(4)
[210.560s][info][gc,heap        ] GC(922) Old regions: 396->418
[210.560s][info][gc,heap        ] GC(922) Humongous regions: 66->66
[210.560s][info][gc,metaspace   ] GC(922) Metaspace: 14780K->14780K(31744K)
[210.560s][info][gc             ] GC(922) Pause Young (G1 Humongous Allocation) 481M->482M(512M) 66.872ms
[210.560s][info][gc,cpu         ] GC(922) User=0.44s Sys=0.00s Real=0.06s
[210.561s][info][gc,start       ] GC(923) Pause Full (Allocation Failure)
[210.565s][info][gc,phases,start] GC(923) Phase 1: Mark live objects
[210.582s][info][gc,stringtable ] GC(923) Cleaned string and symbol table, strings: 7358 processed, 18 removed, symbols: 48836 processed, 0 removed
[210.582s][info][gc,phases      ] GC(923) Phase 1: Mark live objects 16.610ms
[210.582s][info][gc,phases,start] GC(923) Phase 2: Prepare for compaction
[210.585s][info][gc,phases      ] GC(923) Phase 2: Prepare for compaction 2.556ms
[210.585s][info][gc,phases,start] GC(923) Phase 3: Adjust pointers and remembered sets
[210.592s][info][gc,phases      ] GC(923) Phase 3: Adjust pointers and remembered sets 7.040ms
[210.592s][info][gc,phases,start] GC(923) Phase 4: Compact heap
[210.593s][info][gc,phases      ] GC(923) Phase 4: Compact heap 1.622ms
[210.596s][info][gc,heap        ] GC(923) Eden regions: 0->0(63)
[210.596s][info][gc,heap        ] GC(923) Survivor regions: 4->0(4)
[210.596s][info][gc,heap        ] GC(923) Old regions: 418->12
[210.596s][info][gc,heap        ] GC(923) Humongous regions: 66->0
[210.596s][info][gc,metaspace   ] GC(923) Metaspace: 14780K->14780K(31744K)
[210.596s][info][gc             ] GC(923) Pause Full (Allocation Failure) 482M->7M(512M) 35.167ms
[210.597s][info][gc,cpu         ] GC(923) User=0.25s Sys=0.00s Real=0.03s
[210.597s][info][gc,marking     ] GC(917) Concurrent Mark From Roots 6059.517ms
[210.666s][info][gc,marking     ] GC(917) Concurrent Mark Abort
[210.666s][info][gc             ] GC(917) Concurrent Cycle 6137.611ms
[210.723s][info][gc,start       ] GC(924) Pause Young (G1 Evacuation Pause)
[210.724s][info][gc,task        ] GC(924) Using 8 workers of 8 for evacuation
[210.825s][info][gc,phases      ] GC(924)   Pre Evacuate Collection Set: 0.0ms
[210.825s][info][gc,phases      ] GC(924)   Evacuate Collection Set: 98.1ms
[210.825s][info][gc,phases      ] GC(924)   Post Evacuate Collection Set: 3.1ms
[210.825s][info][gc,phases      ] GC(924)   Other: 0.7ms
[210.825s][info][gc,heap        ] GC(924) Eden regions: 63->0(67)
[210.826s][info][gc,heap        ] GC(924) Survivor regions: 0->8(8)
[210.826s][info][gc,heap        ] GC(924) Old regions: 12->69
[210.826s][info][gc,heap        ] GC(924) Humongous regions: 66->66
[210.826s][info][gc,metaspace   ] GC(924) Metaspace: 14780K->14780K(31744K)
[210.826s][info][gc             ] GC(924) Pause Young (G1 Evacuation Pause) 136M->138M(512M) 102.483ms
[210.826s][info][gc,cpu         ] GC(924) User=0.86s Sys=0.02s Real=0.11s
[210.915s][info][gc,start       ] GC(925) Pause Young (G1 Evacuation Pause)
[210.915s][info][gc,task        ] GC(925) Using 8 workers of 8 for evacuation
[211.056s][info][gc,phases      ] GC(925)   Pre Evacuate Collection Set: 0.1ms
[211.056s][info][gc,phases      ] GC(925)   Evacuate Collection Set: 136.8ms
[211.056s][info][gc,phases      ] GC(925)   Post Evacuate Collection Set: 3.7ms
[211.056s][info][gc,phases      ] GC(925)   Other: 0.7ms
[211.056s][info][gc,heap        ] GC(925) Eden regions: 67->0(72)
[211.056s][info][gc,heap        ] GC(925) Survivor regions: 8->10(10)
[211.056s][info][gc,heap        ] GC(925) Old regions: 69->136
[211.056s][info][gc,heap        ] GC(925) Humongous regions: 66->66
[211.056s][info][gc,metaspace   ] GC(925) Metaspace: 14780K->14780K(31744K)
[211.056s][info][gc             ] GC(925) Pause Young (G1 Evacuation Pause) 205M->207M(512M) 141.508ms
[211.056s][info][gc,cpu         ] GC(925) User=1.00s Sys=0.00s Real=0.13s
[211.170s][info][gc,start       ] GC(926) Pause Young (G1 Evacuation Pause)
[211.170s][info][gc,task        ] GC(926) Using 8 workers of 8 for evacuation
[211.336s][info][gc,phases      ] GC(926)   Pre Evacuate Collection Set: 0.0ms
[211.336s][info][gc,phases      ] GC(926)   Evacuate Collection Set: 164.5ms
[211.336s][info][gc,phases      ] GC(926)   Post Evacuate Collection Set: 1.3ms
[211.336s][info][gc,phases      ] GC(926)   Other: 0.7ms
[211.336s][info][gc,heap        ] GC(926) Eden regions: 72->0(54)
[211.337s][info][gc,heap        ] GC(926) Survivor regions: 10->11(11)
[211.337s][info][gc,heap        ] GC(926) Old regions: 136->209
[211.337s][info][gc,heap        ] GC(926) Humongous regions: 66->66
[211.337s][info][gc,metaspace   ] GC(926) Metaspace: 14780K->14780K(31744K)
[211.337s][info][gc             ] GC(926) Pause Young (G1 Evacuation Pause) 279M->281M(512M) 167.028ms
[211.337s][info][gc,cpu         ] GC(926) User=1.25s Sys=0.05s Real=0.17s
[211.442s][info][gc,start       ] GC(927) Pause Young (G1 Evacuation Pause)
[211.442s][info][gc,task        ] GC(927) Using 8 workers of 8 for evacuation
[211.595s][info][gc,phases      ] GC(927)   Pre Evacuate Collection Set: 0.1ms
[211.596s][info][gc,phases      ] GC(927)   Evacuate Collection Set: 151.1ms
[211.596s][info][gc,phases      ] GC(927)   Post Evacuate Collection Set: 1.7ms
[211.596s][info][gc,phases      ] GC(927)   Other: 0.7ms
[211.596s][info][gc,heap        ] GC(927) Eden regions: 54->0(36)
[211.596s][info][gc,heap        ] GC(927) Survivor regions: 11->9(9)
[211.596s][info][gc,heap        ] GC(927) Old regions: 209->267
[211.596s][info][gc,heap        ] GC(927) Humongous regions: 66->66
[211.596s][info][gc,metaspace   ] GC(927) Metaspace: 14780K->14780K(31744K)
[211.596s][info][gc             ] GC(927) Pause Young (G1 Evacuation Pause) 335M->337M(512M) 153.991ms
[211.596s][info][gc,cpu         ] GC(927) User=1.00s Sys=0.09s Real=0.14s
[212.416s][info][gc,start       ] GC(928) Pause Initial Mark (G1 Evacuation Pause)
[212.416s][info][gc,task        ] GC(928) Using 8 workers of 8 for evacuation
[212.644s][info][gc,mmu         ] GC(928) MMU target violated: 201.0ms (200.0ms/201.0ms)
[212.644s][info][gc,phases      ] GC(928)   Pre Evacuate Collection Set: 0.1ms
[212.644s][info][gc,phases      ] GC(928)   Evacuate Collection Set: 224.6ms
[212.644s][info][gc,phases      ] GC(928)   Post Evacuate Collection Set: 1.8ms
[212.644s][info][gc,phases      ] GC(928)   Other: 1.2ms
[212.644s][info][gc,heap        ] GC(928) Eden regions: 36->0(25)
[212.644s][info][gc,heap        ] GC(928) Survivor regions: 9->6(6)
[212.644s][info][gc,heap        ] GC(928) Old regions: 267->308
[212.644s][info][gc,heap        ] GC(928) Humongous regions: 66->66
[212.644s][info][gc,metaspace   ] GC(928) Metaspace: 14780K->14780K(31744K)
[212.645s][info][gc             ] GC(928) Pause Initial Mark (G1 Evacuation Pause) 373M->374M(512M) 228.253ms
[212.645s][info][gc,cpu         ] GC(928) User=1.05s Sys=0.05s Real=0.22s
[212.645s][info][gc             ] GC(929) Concurrent Cycle
[212.645s][info][gc,marking     ] GC(929) Concurrent Clear Claimed Marks
[212.645s][info][gc,marking     ] GC(929) Concurrent Clear Claimed Marks 0.115ms
[212.645s][info][gc,marking     ] GC(929) Concurrent Scan Root Regions
[212.650s][info][gc,marking     ] GC(929) Concurrent Scan Root Regions 4.409ms
[212.650s][info][gc,marking     ] GC(929) Concurrent Mark (212.650s)
[212.650s][info][gc,marking     ] GC(929) Concurrent Mark From Roots
[212.650s][info][gc,task        ] GC(929) Using 2 workers of 2 for marking
[213.496s][info][gc,start       ] GC(930) Pause Young (G1 Evacuation Pause)
[213.496s][info][gc,task        ] GC(930) Using 8 workers of 8 for evacuation
[213.566s][info][gc,phases      ] GC(930)   Pre Evacuate Collection Set: 0.1ms
[213.566s][info][gc,phases      ] GC(930)   Evacuate Collection Set: 64.4ms
[213.566s][info][gc,phases      ] GC(930)   Post Evacuate Collection Set: 4.8ms
[213.566s][info][gc,phases      ] GC(930)   Other: 1.2ms
[213.566s][info][gc,heap        ] GC(930) Eden regions: 25->0(21)
[213.566s][info][gc,heap        ] GC(930) Survivor regions: 6->4(4)
[213.566s][info][gc,heap        ] GC(930) Old regions: 308->336
[213.566s][info][gc,heap        ] GC(930) Humongous regions: 66->66
[213.566s][info][gc,metaspace   ] GC(930) Metaspace: 14780K->14780K(31744K)
[213.566s][info][gc             ] GC(930) Pause Young (G1 Evacuation Pause) 399M->401M(512M) 70.864ms
[213.567s][info][gc,cpu         ] GC(930) User=0.45s Sys=0.02s Real=0.07s
[214.414s][info][gc,start       ] GC(931) Pause Young (G1 Evacuation Pause)
[214.414s][info][gc,task        ] GC(931) Using 8 workers of 8 for evacuation
[214.483s][info][gc,phases      ] GC(931)   Pre Evacuate Collection Set: 0.0ms
[214.483s][info][gc,phases      ] GC(931)   Evacuate Collection Set: 66.5ms
[214.483s][info][gc,phases      ] GC(931)   Post Evacuate Collection Set: 1.9ms
[214.483s][info][gc,phases      ] GC(931)   Other: 0.9ms
[214.483s][info][gc,heap        ] GC(931) Eden regions: 21->0(21)
[214.483s][info][gc,heap        ] GC(931) Survivor regions: 4->4(4)
[214.483s][info][gc,heap        ] GC(931) Old regions: 336->359
[214.483s][info][gc,heap        ] GC(931) Humongous regions: 66->66
[214.483s][info][gc,metaspace   ] GC(931) Metaspace: 14780K->14780K(31744K)
[214.483s][info][gc             ] GC(931) Pause Young (G1 Evacuation Pause) 422M->424M(512M) 69.697ms
[214.483s][info][gc,cpu         ] GC(931) User=0.48s Sys=0.00s Real=0.08s
[214.525s][info][gc,start       ] GC(932) Pause Young (G1 Evacuation Pause)
[214.526s][info][gc,task        ] GC(932) Using 8 workers of 8 for evacuation
[214.587s][info][gc,phases      ] GC(932)   Pre Evacuate Collection Set: 0.0ms
[214.587s][info][gc,phases      ] GC(932)   Evacuate Collection Set: 59.2ms
[214.587s][info][gc,phases      ] GC(932)   Post Evacuate Collection Set: 1.6ms
[214.587s][info][gc,phases      ] GC(932)   Other: 0.6ms
[214.587s][info][gc,heap        ] GC(932) Eden regions: 21->0(21)
[214.587s][info][gc,heap        ] GC(932) Survivor regions: 4->4(4)
[214.587s][info][gc,heap        ] GC(932) Old regions: 359->382
[214.587s][info][gc,heap        ] GC(932) Humongous regions: 66->66
[214.587s][info][gc,metaspace   ] GC(932) Metaspace: 14780K->14780K(31744K)
[214.587s][info][gc             ] GC(932) Pause Young (G1 Evacuation Pause) 445M->447M(512M) 61.619ms
[214.587s][info][gc,cpu         ] GC(932) User=0.38s Sys=0.00s Real=0.06s
[215.457s][info][gc,start       ] GC(933) Pause Young (G1 Evacuation Pause)
[215.457s][info][gc,task        ] GC(933) Using 8 workers of 8 for evacuation
[215.515s][info][gc,phases      ] GC(933)   Pre Evacuate Collection Set: 0.1ms
[215.515s][info][gc,phases      ] GC(933)   Evacuate Collection Set: 55.8ms
[215.515s][info][gc,phases      ] GC(933)   Post Evacuate Collection Set: 1.3ms
[215.515s][info][gc,phases      ] GC(933)   Other: 0.7ms
[215.515s][info][gc,heap        ] GC(933) Eden regions: 21->0(21)
[215.515s][info][gc,heap        ] GC(933) Survivor regions: 4->4(4)
[215.515s][info][gc,heap        ] GC(933) Old regions: 382->405
[215.515s][info][gc,heap        ] GC(933) Humongous regions: 66->66
[215.515s][info][gc,metaspace   ] GC(933) Metaspace: 14780K->14780K(31744K)
[215.515s][info][gc             ] GC(933) Pause Young (G1 Evacuation Pause) 468M->470M(512M) 58.508ms
[215.515s][info][gc,cpu         ] GC(933) User=0.44s Sys=0.03s Real=0.06s
[215.547s][info][gc,start       ] GC(934) Pause Young (G1 Humongous Allocation)
[215.547s][info][gc,task        ] GC(934) Using 8 workers of 8 for evacuation
[215.607s][info][gc             ] GC(934) To-space exhausted
[215.607s][info][gc,phases      ] GC(934)   Pre Evacuate Collection Set: 0.0ms
[215.607s][info][gc,phases      ] GC(934)   Evacuate Collection Set: 50.1ms
[215.607s][info][gc,phases      ] GC(934)   Post Evacuate Collection Set: 9.5ms
[215.607s][info][gc,phases      ] GC(934)   Other: 0.7ms
[215.607s][info][gc,heap        ] GC(934) Eden regions: 19->0(21)
[215.607s][info][gc,heap        ] GC(934) Survivor regions: 4->4(4)
[215.607s][info][gc,heap        ] GC(934) Old regions: 405->429
[215.607s][info][gc,heap        ] GC(934) Humongous regions: 66->66
[215.607s][info][gc,metaspace   ] GC(934) Metaspace: 14780K->14780K(31744K)
[215.607s][info][gc             ] GC(934) Pause Young (G1 Humongous Allocation) 488M->494M(512M) 60.616ms
[215.607s][info][gc,cpu         ] GC(934) User=0.45s Sys=0.00s Real=0.06s
[215.608s][info][gc,start       ] GC(935) Pause Full (Allocation Failure)
[215.612s][info][gc,phases,start] GC(935) Phase 1: Mark live objects
[215.629s][info][gc,stringtable ] GC(935) Cleaned string and symbol table, strings: 7358 processed, 31 removed, symbols: 48836 processed, 0 removed
[215.630s][info][gc,phases      ] GC(935) Phase 1: Mark live objects 17.732ms
[215.630s][info][gc,phases,start] GC(935) Phase 2: Prepare for compaction
[215.633s][info][gc,phases      ] GC(935) Phase 2: Prepare for compaction 3.357ms
[215.633s][info][gc,phases,start] GC(935) Phase 3: Adjust pointers and remembered sets
[215.639s][info][gc,phases      ] GC(935) Phase 3: Adjust pointers and remembered sets 5.992ms
[215.639s][info][gc,phases,start] GC(935) Phase 4: Compact heap
[215.642s][info][gc,phases      ] GC(935) Phase 4: Compact heap 2.438ms
[215.644s][info][gc,heap        ] GC(935) Eden regions: 1->0(62)
[215.644s][info][gc,heap        ] GC(935) Survivor regions: 4->0(4)
[215.644s][info][gc,heap        ] GC(935) Old regions: 429->14
[215.644s][info][gc,heap        ] GC(935) Humongous regions: 66->0
[215.644s][info][gc,metaspace   ] GC(935) Metaspace: 14780K->14776K(31744K)
[215.645s][info][gc             ] GC(935) Pause Full (Allocation Failure) 494M->7M(512M) 36.193ms
[215.645s][info][gc,cpu         ] GC(935) User=0.23s Sys=0.00s Real=0.03s
[215.646s][info][gc,marking     ] GC(929) Concurrent Mark From Roots 2995.981ms
[215.646s][info][gc,marking     ] GC(929) Concurrent Mark Abort
[215.646s][info][gc             ] GC(929) Concurrent Cycle 3000.946ms
[215.762s][info][gc,start       ] GC(936) Pause Young (G1 Evacuation Pause)
[215.762s][info][gc,task        ] GC(936) Using 8 workers of 8 for evacuation
[215.865s][info][gc,phases      ] GC(936)   Pre Evacuate Collection Set: 0.0ms
[215.865s][info][gc,phases      ] GC(936)   Evacuate Collection Set: 100.6ms
[215.865s][info][gc,phases      ] GC(936)   Post Evacuate Collection Set: 2.4ms
[215.866s][info][gc,phases      ] GC(936)   Other: 0.7ms
[215.866s][info][gc,heap        ] GC(936) Eden regions: 62->0(65)
[215.866s][info][gc,heap        ] GC(936) Survivor regions: 0->8(8)
[215.866s][info][gc,heap        ] GC(936) Old regions: 14->69
[215.866s][info][gc,heap        ] GC(936) Humongous regions: 67->67
[215.866s][info][gc,metaspace   ] GC(936) Metaspace: 14776K->14776K(31744K)
[215.866s][info][gc             ] GC(936) Pause Young (G1 Evacuation Pause) 136M->137M(512M) 104.286ms
[215.866s][info][gc,cpu         ] GC(936) User=0.69s Sys=0.02s Real=0.09s
[215.944s][info][gc,start       ] GC(937) Pause Young (G1 Evacuation Pause)
[215.944s][info][gc,task        ] GC(937) Using 8 workers of 8 for evacuation
[216.089s][info][gc,phases      ] GC(937)   Pre Evacuate Collection Set: 0.0ms
[216.089s][info][gc,phases      ] GC(937)   Evacuate Collection Set: 143.1ms
[216.089s][info][gc,phases      ] GC(937)   Post Evacuate Collection Set: 1.5ms
[216.089s][info][gc,phases      ] GC(937)   Other: 0.6ms
[216.089s][info][gc,heap        ] GC(937) Eden regions: 65->0(70)
[216.089s][info][gc,heap        ] GC(937) Survivor regions: 8->10(10)
[216.089s][info][gc,heap        ] GC(937) Old regions: 69->134
[216.089s][info][gc,heap        ] GC(937) Humongous regions: 67->67
[216.089s][info][gc,metaspace   ] GC(937) Metaspace: 14776K->14776K(31744K)
[216.089s][info][gc             ] GC(937) Pause Young (G1 Evacuation Pause) 202M->204M(512M) 145.852ms
[216.090s][info][gc,cpu         ] GC(937) User=1.09s Sys=0.03s Real=0.15s
[216.193s][info][gc,start       ] GC(938) Pause Young (G1 Evacuation Pause)
[216.193s][info][gc,task        ] GC(938) Using 8 workers of 8 for evacuation
[216.324s][info][gc,phases      ] GC(938)   Pre Evacuate Collection Set: 0.1ms
[216.325s][info][gc,phases      ] GC(938)   Evacuate Collection Set: 129.4ms
[216.325s][info][gc,phases      ] GC(938)   Post Evacuate Collection Set: 1.3ms
[216.325s][info][gc,phases      ] GC(938)   Other: 0.9ms
[216.325s][info][gc,heap        ] GC(938) Eden regions: 70->0(55)
[216.325s][info][gc,heap        ] GC(938) Survivor regions: 10->10(10)
[216.325s][info][gc,heap        ] GC(938) Old regions: 134->205
[216.325s][info][gc,heap        ] GC(938) Humongous regions: 67->67
[216.325s][info][gc,metaspace   ] GC(938) Metaspace: 14776K->14776K(31744K)
[216.325s][info][gc             ] GC(938) Pause Young (G1 Evacuation Pause) 274M->275M(512M) 132.303ms
[216.325s][info][gc,cpu         ] GC(938) User=0.95s Sys=0.02s Real=0.13s
[216.410s][info][gc,start       ] GC(939) Pause Young (G1 Evacuation Pause)
[216.410s][info][gc,task        ] GC(939) Using 8 workers of 8 for evacuation
[216.560s][info][gc,phases      ] GC(939)   Pre Evacuate Collection Set: 0.0ms
[216.560s][info][gc,phases      ] GC(939)   Evacuate Collection Set: 147.2ms
[216.560s][info][gc,phases      ] GC(939)   Post Evacuate Collection Set: 1.8ms
[216.560s][info][gc,phases      ] GC(939)   Other: 0.6ms
[216.560s][info][gc,heap        ] GC(939) Eden regions: 55->0(37)
[216.560s][info][gc,heap        ] GC(939) Survivor regions: 10->9(9)
[216.560s][info][gc,heap        ] GC(939) Old regions: 205->263
[216.560s][info][gc,heap        ] GC(939) Humongous regions: 67->67
[216.560s][info][gc,metaspace   ] GC(939) Metaspace: 14776K->14776K(31744K)
[216.560s][info][gc             ] GC(939) Pause Young (G1 Evacuation Pause) 330M->332M(512M) 150.069ms
[216.560s][info][gc,cpu         ] GC(939) User=1.06s Sys=0.03s Real=0.16s
[216.598s][info][gc,start       ] GC(940) Pause Initial Mark (G1 Evacuation Pause)
[216.598s][info][gc,task        ] GC(940) Using 8 workers of 8 for evacuation
[216.716s][info][gc,phases      ] GC(940)   Pre Evacuate Collection Set: 0.1ms
[216.716s][info][gc,phases      ] GC(940)   Evacuate Collection Set: 112.8ms
[216.716s][info][gc,phases      ] GC(940)   Post Evacuate Collection Set: 4.3ms
[216.716s][info][gc,phases      ] GC(940)   Other: 0.7ms
[216.716s][info][gc,heap        ] GC(940) Eden regions: 37->0(25)
[216.716s][info][gc,heap        ] GC(940) Survivor regions: 9->6(6)
[216.716s][info][gc,heap        ] GC(940) Old regions: 263->305
[216.716s][info][gc,heap        ] GC(940) Humongous regions: 67->67
[216.716s][info][gc,metaspace   ] GC(940) Metaspace: 14776K->14776K(31744K)
[216.716s][info][gc             ] GC(940) Pause Initial Mark (G1 Evacuation Pause) 369M->371M(512M) 118.254ms
[216.716s][info][gc,cpu         ] GC(940) User=0.92s Sys=0.06s Real=0.12s
[216.716s][info][gc             ] GC(941) Concurrent Cycle
[216.716s][info][gc,marking     ] GC(941) Concurrent Clear Claimed Marks
[216.717s][info][gc,marking     ] GC(941) Concurrent Clear Claimed Marks 0.095ms
[216.717s][info][gc,marking     ] GC(941) Concurrent Scan Root Regions
[216.721s][info][gc,marking     ] GC(941) Concurrent Scan Root Regions 4.592ms
[216.721s][info][gc,marking     ] GC(941) Concurrent Mark (216.721s)
[216.721s][info][gc,marking     ] GC(941) Concurrent Mark From Roots
[216.721s][info][gc,task        ] GC(941) Using 2 workers of 2 for marking
[218.344s][info][gc,start       ] GC(942) Pause Young (G1 Evacuation Pause)
[218.344s][info][gc,task        ] GC(942) Using 8 workers of 8 for evacuation
[218.442s][info][gc,phases      ] GC(942)   Pre Evacuate Collection Set: 0.0ms
[218.442s][info][gc,phases      ] GC(942)   Evacuate Collection Set: 96.3ms
[218.442s][info][gc,phases      ] GC(942)   Post Evacuate Collection Set: 1.7ms
[218.442s][info][gc,phases      ] GC(942)   Other: 0.6ms
[218.442s][info][gc,heap        ] GC(942) Eden regions: 25->0(21)
[218.442s][info][gc,heap        ] GC(942) Survivor regions: 6->4(4)
[218.442s][info][gc,heap        ] GC(942) Old regions: 305->333
[218.442s][info][gc,heap        ] GC(942) Humongous regions: 67->67
[218.443s][info][gc,metaspace   ] GC(942) Metaspace: 14776K->14776K(31744K)
[218.443s][info][gc             ] GC(942) Pause Young (G1 Evacuation Pause) 396M->397M(512M) 99.128ms
[218.443s][info][gc,cpu         ] GC(942) User=0.70s Sys=0.00s Real=0.09s
[218.465s][info][gc,start       ] GC(943) Pause Young (G1 Evacuation Pause)
[218.465s][info][gc,task        ] GC(943) Using 8 workers of 8 for evacuation
[218.556s][info][gc,phases      ] GC(943)   Pre Evacuate Collection Set: 0.1ms
[218.556s][info][gc,phases      ] GC(943)   Evacuate Collection Set: 90.0ms
[218.556s][info][gc,phases      ] GC(943)   Post Evacuate Collection Set: 0.8ms
[218.556s][info][gc,phases      ] GC(943)   Other: 0.6ms
[218.557s][info][gc,heap        ] GC(943) Eden regions: 21->0(21)
[218.557s][info][gc,heap        ] GC(943) Survivor regions: 4->4(4)
[218.557s][info][gc,heap        ] GC(943) Old regions: 333->356
[218.557s][info][gc,heap        ] GC(943) Humongous regions: 67->67
[218.557s][info][gc,metaspace   ] GC(943) Metaspace: 14776K->14776K(31744K)
[218.557s][info][gc             ] GC(943) Pause Young (G1 Evacuation Pause) 418M->420M(512M) 91.868ms
[218.557s][info][gc,cpu         ] GC(943) User=0.70s Sys=0.03s Real=0.09s
[218.581s][info][gc,start       ] GC(944) Pause Young (G1 Evacuation Pause)
[218.581s][info][gc,task        ] GC(944) Using 8 workers of 8 for evacuation
[218.640s][info][gc,phases      ] GC(944)   Pre Evacuate Collection Set: 0.0ms
[218.640s][info][gc,phases      ] GC(944)   Evacuate Collection Set: 57.2ms
[218.640s][info][gc,phases      ] GC(944)   Post Evacuate Collection Set: 1.3ms
[218.640s][info][gc,phases      ] GC(944)   Other: 0.6ms
[218.640s][info][gc,heap        ] GC(944) Eden regions: 21->0(21)
[218.640s][info][gc,heap        ] GC(944) Survivor regions: 4->4(4)
[218.640s][info][gc,heap        ] GC(944) Old regions: 356->378
[218.640s][info][gc,heap        ] GC(944) Humongous regions: 67->67
[218.640s][info][gc,metaspace   ] GC(944) Metaspace: 14776K->14776K(31744K)
[218.640s][info][gc             ] GC(944) Pause Young (G1 Evacuation Pause) 441M->442M(512M) 59.465ms
[218.640s][info][gc,cpu         ] GC(944) User=0.50s Sys=0.00s Real=0.06s
[219.553s][info][gc,start       ] GC(945) Pause Young (G1 Evacuation Pause)
[219.553s][info][gc,task        ] GC(945) Using 8 workers of 8 for evacuation
[219.631s][info][gc,phases      ] GC(945)   Pre Evacuate Collection Set: 0.1ms
[219.632s][info][gc,phases      ] GC(945)   Evacuate Collection Set: 63.8ms
[219.632s][info][gc,phases      ] GC(945)   Post Evacuate Collection Set: 13.8ms
[219.632s][info][gc,phases      ] GC(945)   Other: 0.6ms
[219.632s][info][gc,heap        ] GC(945) Eden regions: 21->0(21)
[219.632s][info][gc,heap        ] GC(945) Survivor regions: 4->4(4)
[219.632s][info][gc,heap        ] GC(945) Old regions: 378->401
[219.632s][info][gc,heap        ] GC(945) Humongous regions: 67->67
[219.632s][info][gc,metaspace   ] GC(945) Metaspace: 14776K->14776K(31744K)
[219.632s][info][gc             ] GC(945) Pause Young (G1 Evacuation Pause) 463M->465M(512M) 78.519ms
[219.632s][info][gc,cpu         ] GC(945) User=0.59s Sys=0.00s Real=0.08s
[220.600s][info][gc,start       ] GC(946) Pause Young (G1 Evacuation Pause)
[220.600s][info][gc,task        ] GC(946) Using 8 workers of 8 for evacuation
[220.771s][info][gc             ] GC(946) To-space exhausted
[220.771s][info][gc,phases      ] GC(946)   Pre Evacuate Collection Set: 0.1ms
[220.771s][info][gc,phases      ] GC(946)   Evacuate Collection Set: 157.2ms
[220.771s][info][gc,phases      ] GC(946)   Post Evacuate Collection Set: 13.2ms
[220.771s][info][gc,phases      ] GC(946)   Other: 0.8ms
[220.771s][info][gc,heap        ] GC(946) Eden regions: 21->0(21)
[220.771s][info][gc,heap        ] GC(946) Survivor regions: 4->4(4)
[220.771s][info][gc,heap        ] GC(946) Old regions: 401->434
[220.771s][info][gc,heap        ] GC(946) Humongous regions: 67->67
[220.771s][info][gc,metaspace   ] GC(946) Metaspace: 14776K->14776K(31744K)
[220.772s][info][gc             ] GC(946) Pause Young (G1 Evacuation Pause) 486M->498M(512M) 171.753ms
[220.772s][info][gc,cpu         ] GC(946) User=0.70s Sys=0.00s Real=0.18s
[220.775s][info][gc,start       ] GC(947) Pause Young (G1 Humongous Allocation)
[220.775s][info][gc,task        ] GC(947) Using 8 workers of 8 for evacuation
[220.838s][info][gc             ] GC(947) To-space exhausted
[220.838s][info][gc,phases      ] GC(947)   Pre Evacuate Collection Set: 0.0ms
[220.838s][info][gc,phases      ] GC(947)   Evacuate Collection Set: 55.5ms
[220.838s][info][gc,phases      ] GC(947)   Post Evacuate Collection Set: 6.3ms
[220.838s][info][gc,phases      ] GC(947)   Other: 0.8ms
[220.838s][info][gc,heap        ] GC(947) Eden regions: 3->0(23)
[220.838s][info][gc,heap        ] GC(947) Survivor regions: 4->2(4)
[220.838s][info][gc,heap        ] GC(947) Old regions: 434->443
[220.838s][info][gc,heap        ] GC(947) Humongous regions: 67->67
[220.838s][info][gc,metaspace   ] GC(947) Metaspace: 14776K->14776K(31744K)
[220.838s][info][gc             ] GC(947) Pause Young (G1 Humongous Allocation) 501M->505M(512M) 63.185ms
[220.839s][info][gc,cpu         ] GC(947) User=0.53s Sys=0.00s Real=0.07s
[220.840s][info][gc,start       ] GC(948) Pause Full (Allocation Failure)
[220.843s][info][gc,phases,start] GC(948) Phase 1: Mark live objects
[220.859s][info][gc,stringtable ] GC(948) Cleaned string and symbol table, strings: 7347 processed, 20 removed, symbols: 48836 processed, 1 removed
[220.859s][info][gc,phases      ] GC(948) Phase 1: Mark live objects 16.497ms
[220.859s][info][gc,phases,start] GC(948) Phase 2: Prepare for compaction
[220.863s][info][gc,phases      ] GC(948) Phase 2: Prepare for compaction 3.245ms
[220.863s][info][gc,phases,start] GC(948) Phase 3: Adjust pointers and remembered sets
[220.871s][info][gc,phases      ] GC(948) Phase 3: Adjust pointers and remembered sets 7.916ms
[220.871s][info][gc,phases,start] GC(948) Phase 4: Compact heap
[220.873s][info][gc,phases      ] GC(948) Phase 4: Compact heap 2.167ms
[220.876s][info][gc,heap        ] GC(948) Eden regions: 0->0(87)
[220.876s][info][gc,heap        ] GC(948) Survivor regions: 2->0(4)
[220.876s][info][gc,heap        ] GC(948) Old regions: 443->13
[220.876s][info][gc,heap        ] GC(948) Humongous regions: 67->0
[220.876s][info][gc,metaspace   ] GC(948) Metaspace: 14776K->14776K(31744K)
[220.876s][info][gc             ] GC(948) Pause Full (Allocation Failure) 505M->7M(512M) 36.476ms
[220.877s][info][gc,cpu         ] GC(948) User=0.03s Sys=0.00s Real=0.03s
[220.878s][info][gc,marking     ] GC(941) Concurrent Mark From Roots 4156.290ms
[220.941s][info][gc,marking     ] GC(941) Concurrent Mark Abort
[220.942s][info][gc             ] GC(941) Concurrent Cycle 4225.172ms
[221.053s][info][gc,start       ] GC(949) Pause Young (G1 Evacuation Pause)
[221.053s][info][gc,task        ] GC(949) Using 8 workers of 8 for evacuation
[221.190s][info][gc,phases      ] GC(949)   Pre Evacuate Collection Set: 0.1ms
[221.190s][info][gc,phases      ] GC(949)   Evacuate Collection Set: 132.7ms
[221.190s][info][gc,phases      ] GC(949)   Post Evacuate Collection Set: 2.9ms
[221.190s][info][gc,phases      ] GC(949)   Other: 0.9ms
[221.190s][info][gc,heap        ] GC(949) Eden regions: 87->0(86)
[221.190s][info][gc,heap        ] GC(949) Survivor regions: 0->11(11)
[221.190s][info][gc,heap        ] GC(949) Old regions: 13->90
[221.190s][info][gc,heap        ] GC(949) Humongous regions: 67->67
[221.190s][info][gc,metaspace   ] GC(949) Metaspace: 14776K->14776K(31744K)
[221.190s][info][gc             ] GC(949) Pause Young (G1 Evacuation Pause) 161M->161M(512M) 137.067ms
[221.190s][info][gc,cpu         ] GC(949) User=1.05s Sys=0.05s Real=0.15s
[221.345s][info][gc,start       ] GC(950) Pause Young (G1 Evacuation Pause)
[221.345s][info][gc,task        ] GC(950) Using 8 workers of 8 for evacuation
[221.508s][info][gc,phases      ] GC(950)   Pre Evacuate Collection Set: 0.1ms
[221.509s][info][gc,phases      ] GC(950)   Evacuate Collection Set: 161.3ms
[221.509s][info][gc,phases      ] GC(950)   Post Evacuate Collection Set: 1.3ms
[221.509s][info][gc,phases      ] GC(950)   Other: 0.8ms
[221.509s][info][gc,heap        ] GC(950) Eden regions: 86->0(64)
[221.509s][info][gc,heap        ] GC(950) Survivor regions: 11->13(13)
[221.509s][info][gc,heap        ] GC(950) Old regions: 90->175
[221.509s][info][gc,heap        ] GC(950) Humongous regions: 67->67
[221.509s][info][gc,metaspace   ] GC(950) Metaspace: 14776K->14776K(31744K)
[221.509s][info][gc             ] GC(950) Pause Young (G1 Evacuation Pause) 247M->249M(512M) 164.071ms
[221.509s][info][gc,cpu         ] GC(950) User=1.36s Sys=0.00s Real=0.16s
[221.613s][info][gc,start       ] GC(951) Pause Young (G1 Evacuation Pause)
[221.613s][info][gc,task        ] GC(951) Using 8 workers of 8 for evacuation
[221.782s][info][gc,phases      ] GC(951)   Pre Evacuate Collection Set: 0.0ms
[221.782s][info][gc,phases      ] GC(951)   Evacuate Collection Set: 164.8ms
[221.782s][info][gc,phases      ] GC(951)   Post Evacuate Collection Set: 3.5ms
[221.782s][info][gc,phases      ] GC(951)   Other: 0.6ms
[221.782s][info][gc,heap        ] GC(951) Eden regions: 64->0(43)
[221.782s][info][gc,heap        ] GC(951) Survivor regions: 13->10(10)
[221.782s][info][gc,heap        ] GC(951) Old regions: 175->244
[221.782s][info][gc,heap        ] GC(951) Humongous regions: 67->67
[221.782s][info][gc,metaspace   ] GC(951) Metaspace: 14776K->14776K(31744K)
[221.782s][info][gc             ] GC(951) Pause Young (G1 Evacuation Pause) 313M->315M(512M) 169.430ms
[221.782s][info][gc,cpu         ] GC(951) User=1.33s Sys=0.03s Real=0.17s
[222.473s][info][gc,start       ] GC(952) Pause Initial Mark (G1 Evacuation Pause)
[222.473s][info][gc,task        ] GC(952) Using 8 workers of 8 for evacuation
[222.590s][info][gc,phases      ] GC(952)   Pre Evacuate Collection Set: 0.1ms
[222.590s][info][gc,phases      ] GC(952)   Evacuate Collection Set: 115.3ms
[222.590s][info][gc,phases      ] GC(952)   Post Evacuate Collection Set: 1.5ms
[222.591s][info][gc,phases      ] GC(952)   Other: 0.9ms
[222.591s][info][gc,heap        ] GC(952) Eden regions: 43->0(29)
[222.591s][info][gc,heap        ] GC(952) Survivor regions: 10->7(7)
[222.591s][info][gc,heap        ] GC(952) Old regions: 244->292
[222.591s][info][gc,heap        ] GC(952) Humongous regions: 67->67
[222.591s][info][gc,metaspace   ] GC(952) Metaspace: 14776K->14776K(31744K)
[222.591s][info][gc             ] GC(952) Pause Initial Mark (G1 Evacuation Pause) 358M->360M(512M) 118.175ms
[222.591s][info][gc,cpu         ] GC(952) User=0.98s Sys=0.00s Real=0.13s
[222.591s][info][gc             ] GC(953) Concurrent Cycle
[222.591s][info][gc,marking     ] GC(953) Concurrent Clear Claimed Marks
[222.591s][info][gc,marking     ] GC(953) Concurrent Clear Claimed Marks 0.100ms
[222.591s][info][gc,marking     ] GC(953) Concurrent Scan Root Regions
[222.632s][info][gc,marking     ] GC(953) Concurrent Scan Root Regions 41.262ms
[222.633s][info][gc,start       ] GC(954) Pause Young (G1 Evacuation Pause)
[222.633s][info][gc,marking     ] GC(953) Concurrent Mark (222.633s)
[222.633s][info][gc,task        ] GC(954) Using 8 workers of 8 for evacuation
[222.633s][info][gc,marking     ] GC(953) Concurrent Mark From Roots
[222.633s][info][gc,task        ] GC(953) Using 2 workers of 2 for marking
[222.722s][info][gc,phases      ] GC(954)   Pre Evacuate Collection Set: 1.5ms
[222.723s][info][gc,phases      ] GC(954)   Evacuate Collection Set: 86.8ms
[222.723s][info][gc,phases      ] GC(954)   Post Evacuate Collection Set: 2.3ms
[222.723s][info][gc,phases      ] GC(954)   Other: 0.7ms
[222.723s][info][gc,heap        ] GC(954) Eden regions: 29->0(20)
[222.723s][info][gc,heap        ] GC(954) Survivor regions: 7->5(5)
[222.723s][info][gc,heap        ] GC(954) Old regions: 292->325
[222.723s][info][gc,heap        ] GC(954) Humongous regions: 67->67
[222.723s][info][gc,metaspace   ] GC(954) Metaspace: 14776K->14776K(31744K)
[222.723s][info][gc             ] GC(954) Pause Young (G1 Evacuation Pause) 389M->391M(512M) 90.279ms
[222.723s][info][gc,cpu         ] GC(954) User=0.50s Sys=0.02s Real=0.09s
[222.763s][info][gc,start       ] GC(955) Pause Young (G1 Evacuation Pause)
[222.763s][info][gc,task        ] GC(955) Using 8 workers of 8 for evacuation
[222.847s][info][gc,phases      ] GC(955)   Pre Evacuate Collection Set: 0.0ms
[222.847s][info][gc,phases      ] GC(955)   Evacuate Collection Set: 80.9ms
[222.847s][info][gc,phases      ] GC(955)   Post Evacuate Collection Set: 2.7ms
[222.847s][info][gc,phases      ] GC(955)   Other: 0.6ms
[222.847s][info][gc,heap        ] GC(955) Eden regions: 20->0(21)
[222.847s][info][gc,heap        ] GC(955) Survivor regions: 5->4(4)
[222.847s][info][gc,heap        ] GC(955) Old regions: 325->348
[222.847s][info][gc,heap        ] GC(955) Humongous regions: 67->67
[222.847s][info][gc,metaspace   ] GC(955) Metaspace: 14776K->14776K(31744K)
[222.848s][info][gc             ] GC(955) Pause Young (G1 Evacuation Pause) 411M->413M(512M) 84.709ms
[222.848s][info][gc,cpu         ] GC(955) User=0.61s Sys=0.00s Real=0.09s
[223.700s][info][gc,start       ] GC(956) Pause Young (G1 Evacuation Pause)
[223.701s][info][gc,task        ] GC(956) Using 8 workers of 8 for evacuation
[223.764s][info][gc,phases      ] GC(956)   Pre Evacuate Collection Set: 0.0ms
[223.764s][info][gc,phases      ] GC(956)   Evacuate Collection Set: 60.4ms
[223.764s][info][gc,phases      ] GC(956)   Post Evacuate Collection Set: 2.2ms
[223.764s][info][gc,phases      ] GC(956)   Other: 0.8ms
[223.764s][info][gc,heap        ] GC(956) Eden regions: 21->0(21)
[223.764s][info][gc,heap        ] GC(956) Survivor regions: 4->4(4)
[223.764s][info][gc,heap        ] GC(956) Old regions: 348->371
[223.764s][info][gc,heap        ] GC(956) Humongous regions: 67->67
[223.764s][info][gc,metaspace   ] GC(956) Metaspace: 14776K->14776K(31744K)
[223.764s][info][gc             ] GC(956) Pause Young (G1 Evacuation Pause) 434M->436M(512M) 63.831ms
[223.764s][info][gc,cpu         ] GC(956) User=0.38s Sys=0.00s Real=0.05s
[224.700s][info][gc,start       ] GC(957) Pause Young (G1 Evacuation Pause)
[224.700s][info][gc,task        ] GC(957) Using 8 workers of 8 for evacuation
[224.759s][info][gc,phases      ] GC(957)   Pre Evacuate Collection Set: 0.1ms
[224.759s][info][gc,phases      ] GC(957)   Evacuate Collection Set: 55.5ms
[224.759s][info][gc,phases      ] GC(957)   Post Evacuate Collection Set: 3.3ms
[224.760s][info][gc,phases      ] GC(957)   Other: 0.9ms
[224.760s][info][gc,heap        ] GC(957) Eden regions: 21->0(21)
[224.760s][info][gc,heap        ] GC(957) Survivor regions: 4->4(4)
[224.760s][info][gc,heap        ] GC(957) Old regions: 371->394
[224.760s][info][gc,heap        ] GC(957) Humongous regions: 67->67
[224.760s][info][gc,metaspace   ] GC(957) Metaspace: 14776K->14776K(31744K)
[224.760s][info][gc             ] GC(957) Pause Young (G1 Evacuation Pause) 457M->459M(512M) 60.290ms
[224.760s][info][gc,cpu         ] GC(957) User=0.36s Sys=0.02s Real=0.06s
[224.789s][info][gc,start       ] GC(958) Pause Young (G1 Evacuation Pause)
[224.789s][info][gc,task        ] GC(958) Using 8 workers of 8 for evacuation
[224.854s][info][gc,phases      ] GC(958)   Pre Evacuate Collection Set: 0.0ms
[224.854s][info][gc,phases      ] GC(958)   Evacuate Collection Set: 61.9ms
[224.854s][info][gc,phases      ] GC(958)   Post Evacuate Collection Set: 2.2ms
[224.854s][info][gc,phases      ] GC(958)   Other: 0.7ms
[224.854s][info][gc,heap        ] GC(958) Eden regions: 21->0(21)
[224.854s][info][gc,heap        ] GC(958) Survivor regions: 4->4(4)
[224.854s][info][gc,heap        ] GC(958) Old regions: 394->416
[224.854s][info][gc,heap        ] GC(958) Humongous regions: 67->67
[224.854s][info][gc,metaspace   ] GC(958) Metaspace: 14776K->14776K(31744K)
[224.854s][info][gc             ] GC(958) Pause Young (G1 Evacuation Pause) 480M->481M(512M) 65.305ms
[224.854s][info][gc,cpu         ] GC(958) User=0.52s Sys=0.00s Real=0.08s
[225.797s][info][gc,start       ] GC(959) Pause Young (G1 Humongous Allocation)
[225.797s][info][gc,task        ] GC(959) Using 8 workers of 8 for evacuation
[225.856s][info][gc             ] GC(959) To-space exhausted
[225.856s][info][gc,phases      ] GC(959)   Pre Evacuate Collection Set: 0.0ms
[225.856s][info][gc,phases      ] GC(959)   Evacuate Collection Set: 50.0ms
[225.856s][info][gc,phases      ] GC(959)   Post Evacuate Collection Set: 7.5ms
[225.856s][info][gc,phases      ] GC(959)   Other: 1.6ms
[225.856s][info][gc,heap        ] GC(959) Eden regions: 12->0(21)
[225.856s][info][gc,heap        ] GC(959) Survivor regions: 4->4(4)
[225.856s][info][gc,heap        ] GC(959) Old regions: 416->436
[225.856s][info][gc,heap        ] GC(959) Humongous regions: 67->67
[225.856s][info][gc,metaspace   ] GC(959) Metaspace: 14776K->14776K(31744K)
[225.856s][info][gc             ] GC(959) Pause Young (G1 Humongous Allocation) 493M->501M(512M) 58.793ms
[225.856s][info][gc,cpu         ] GC(959) User=0.42s Sys=0.00s Real=0.06s
[225.857s][info][gc,start       ] GC(960) Pause Full (Allocation Failure)
[225.861s][info][gc,phases,start] GC(960) Phase 1: Mark live objects
[225.880s][info][gc,stringtable ] GC(960) Cleaned string and symbol table, strings: 7364 processed, 19 removed, symbols: 48835 processed, 0 removed
[225.880s][info][gc,phases      ] GC(960) Phase 1: Mark live objects 19.041ms
[225.880s][info][gc,phases,start] GC(960) Phase 2: Prepare for compaction
[225.883s][info][gc,phases      ] GC(960) Phase 2: Prepare for compaction 3.545ms
[225.883s][info][gc,phases,start] GC(960) Phase 3: Adjust pointers and remembered sets
[225.892s][info][gc,phases      ] GC(960) Phase 3: Adjust pointers and remembered sets 8.100ms
[225.892s][info][gc,phases,start] GC(960) Phase 4: Compact heap
[225.908s][info][gc,phases      ] GC(960) Phase 4: Compact heap 16.461ms
[225.913s][info][gc,heap        ] GC(960) Eden regions: 0->0(99)
[225.913s][info][gc,heap        ] GC(960) Survivor regions: 4->0(4)
[225.913s][info][gc,heap        ] GC(960) Old regions: 436->13
[225.913s][info][gc,heap        ] GC(960) Humongous regions: 67->0
[225.913s][info][gc,metaspace   ] GC(960) Metaspace: 14778K->14778K(31744K)
[225.913s][info][gc             ] GC(960) Pause Full (Allocation Failure) 501M->7M(512M) 55.472ms
[225.914s][info][gc,cpu         ] GC(960) User=0.16s Sys=0.00s Real=0.05s
[225.915s][info][gc,marking     ] GC(953) Concurrent Mark From Roots 3282.232ms
[225.960s][info][gc,marking     ] GC(953) Concurrent Mark Abort
[225.961s][info][gc             ] GC(953) Concurrent Cycle 3369.539ms
[226.076s][info][gc,start       ] GC(961) Pause Young (G1 Evacuation Pause)
[226.076s][info][gc,task        ] GC(961) Using 8 workers of 8 for evacuation
[226.248s][info][gc,phases      ] GC(961)   Pre Evacuate Collection Set: 0.0ms
[226.248s][info][gc,phases      ] GC(961)   Evacuate Collection Set: 169.6ms
[226.248s][info][gc,phases      ] GC(961)   Post Evacuate Collection Set: 1.6ms
[226.248s][info][gc,phases      ] GC(961)   Other: 0.9ms
[226.248s][info][gc,heap        ] GC(961) Eden regions: 99->0(87)
[226.248s][info][gc,heap        ] GC(961) Survivor regions: 0->13(13)
[226.248s][info][gc,heap        ] GC(961) Old regions: 13->100
[226.248s][info][gc,heap        ] GC(961) Humongous regions: 68->68
[226.248s][info][gc,metaspace   ] GC(961) Metaspace: 14779K->14779K(31744K)
[226.248s][info][gc             ] GC(961) Pause Young (G1 Evacuation Pause) 174M->175M(512M) 172.442ms
[226.248s][info][gc,cpu         ] GC(961) User=1.34s Sys=0.02s Real=0.17s
[226.379s][info][gc,start       ] GC(962) Pause Young (G1 Evacuation Pause)
[226.379s][info][gc,task        ] GC(962) Using 8 workers of 8 for evacuation
[226.546s][info][gc,phases      ] GC(962)   Pre Evacuate Collection Set: 0.0ms
[226.546s][info][gc,phases      ] GC(962)   Evacuate Collection Set: 165.1ms
[226.546s][info][gc,phases      ] GC(962)   Post Evacuate Collection Set: 1.1ms
[226.546s][info][gc,phases      ] GC(962)   Other: 0.6ms
[226.546s][info][gc,heap        ] GC(962) Eden regions: 87->0(59)
[226.546s][info][gc,heap        ] GC(962) Survivor regions: 13->13(13)
[226.546s][info][gc,heap        ] GC(962) Old regions: 100->188
[226.546s][info][gc,heap        ] GC(962) Humongous regions: 68->68
[226.546s][info][gc,metaspace   ] GC(962) Metaspace: 14779K->14779K(31744K)
[226.546s][info][gc             ] GC(962) Pause Young (G1 Evacuation Pause) 262M->263M(512M) 167.340ms
[226.546s][info][gc,cpu         ] GC(962) User=1.34s Sys=0.02s Real=0.17s
[226.657s][info][gc,start       ] GC(963) Pause Initial Mark (G1 Evacuation Pause)
[226.657s][info][gc,task        ] GC(963) Using 8 workers of 8 for evacuation
[226.794s][info][gc,phases      ] GC(963)   Pre Evacuate Collection Set: 0.1ms
[226.794s][info][gc,phases      ] GC(963)   Evacuate Collection Set: 134.9ms
[226.794s][info][gc,phases      ] GC(963)   Post Evacuate Collection Set: 1.2ms
[226.794s][info][gc,phases      ] GC(963)   Other: 0.6ms
[226.794s][info][gc,heap        ] GC(963) Eden regions: 59->0(40)
[226.794s][info][gc,heap        ] GC(963) Survivor regions: 13->9(9)
[226.794s][info][gc,heap        ] GC(963) Old regions: 188->253
[226.794s][info][gc,heap        ] GC(963) Humongous regions: 68->68
[226.794s][info][gc,metaspace   ] GC(963) Metaspace: 14779K->14779K(31744K)
[226.795s][info][gc             ] GC(963) Pause Initial Mark (G1 Evacuation Pause) 322M->324M(512M) 137.292ms
[226.795s][info][gc,cpu         ] GC(963) User=1.03s Sys=0.08s Real=0.14s
[226.795s][info][gc             ] GC(964) Concurrent Cycle
[226.795s][info][gc,marking     ] GC(964) Concurrent Clear Claimed Marks
[226.795s][info][gc,marking     ] GC(964) Concurrent Clear Claimed Marks 0.106ms
[226.795s][info][gc,marking     ] GC(964) Concurrent Scan Root Regions
[226.833s][info][gc,marking     ] GC(964) Concurrent Scan Root Regions 37.588ms
[226.833s][info][gc,marking     ] GC(964) Concurrent Mark (226.833s)
[226.833s][info][gc,marking     ] GC(964) Concurrent Mark From Roots
[226.833s][info][gc,task        ] GC(964) Using 2 workers of 2 for marking
[227.543s][info][gc,start       ] GC(965) Pause Young (G1 Evacuation Pause)
[227.544s][info][gc,task        ] GC(965) Using 8 workers of 8 for evacuation
[227.685s][info][gc,phases      ] GC(965)   Pre Evacuate Collection Set: 0.1ms
[227.686s][info][gc,phases      ] GC(965)   Evacuate Collection Set: 139.6ms
[227.686s][info][gc,phases      ] GC(965)   Post Evacuate Collection Set: 1.7ms
[227.686s][info][gc,phases      ] GC(965)   Other: 0.8ms
[227.686s][info][gc,heap        ] GC(965) Eden regions: 40->0(27)
[227.686s][info][gc,heap        ] GC(965) Survivor regions: 9->7(7)
[227.686s][info][gc,heap        ] GC(965) Old regions: 253->297
[227.686s][info][gc,heap        ] GC(965) Humongous regions: 68->68
[227.686s][info][gc,metaspace   ] GC(965) Metaspace: 14779K->14779K(31744K)
[227.686s][info][gc             ] GC(965) Pause Young (G1 Evacuation Pause) 364M->366M(512M) 142.654ms
[227.686s][info][gc,cpu         ] GC(965) User=0.86s Sys=0.08s Real=0.14s
[227.781s][info][gc,start       ] GC(966) Pause Young (G1 Evacuation Pause)
[227.781s][info][gc,task        ] GC(966) Using 8 workers of 8 for evacuation
[227.863s][info][gc,phases      ] GC(966)   Pre Evacuate Collection Set: 0.1ms
[227.863s][info][gc,phases      ] GC(966)   Evacuate Collection Set: 78.4ms
[227.863s][info][gc,phases      ] GC(966)   Post Evacuate Collection Set: 2.9ms
[227.863s][info][gc,phases      ] GC(966)   Other: 0.7ms
[227.863s][info][gc,heap        ] GC(966) Eden regions: 27->0(20)
[227.863s][info][gc,heap        ] GC(966) Survivor regions: 7->5(5)
[227.863s][info][gc,heap        ] GC(966) Old regions: 297->328
[227.863s][info][gc,heap        ] GC(966) Humongous regions: 68->68
[227.863s][info][gc,metaspace   ] GC(966) Metaspace: 14779K->14779K(31744K)
[227.863s][info][gc             ] GC(966) Pause Young (G1 Evacuation Pause) 393M->395M(512M) 82.414ms
[227.863s][info][gc,cpu         ] GC(966) User=0.59s Sys=0.00s Real=0.08s
[228.739s][info][gc,start       ] GC(967) Pause Young (G1 Evacuation Pause)
[228.740s][info][gc,task        ] GC(967) Using 8 workers of 8 for evacuation
[228.815s][info][gc,phases      ] GC(967)   Pre Evacuate Collection Set: 0.0ms
[228.815s][info][gc,phases      ] GC(967)   Evacuate Collection Set: 73.5ms
[228.815s][info][gc,phases      ] GC(967)   Post Evacuate Collection Set: 1.4ms
[228.815s][info][gc,phases      ] GC(967)   Other: 0.7ms
[228.815s][info][gc,heap        ] GC(967) Eden regions: 20->0(21)
[228.815s][info][gc,heap        ] GC(967) Survivor regions: 5->4(4)
[228.815s][info][gc,heap        ] GC(967) Old regions: 328->350
[228.815s][info][gc,heap        ] GC(967) Humongous regions: 68->68
[228.815s][info][gc,metaspace   ] GC(967) Metaspace: 14780K->14780K(31744K)
[228.816s][info][gc             ] GC(967) Pause Young (G1 Evacuation Pause) 415M->416M(512M) 76.223ms
[228.816s][info][gc,cpu         ] GC(967) User=0.58s Sys=0.03s Real=0.07s
[228.844s][info][gc,start       ] GC(968) Pause Young (G1 Evacuation Pause)
[228.844s][info][gc,task        ] GC(968) Using 8 workers of 8 for evacuation
[228.905s][info][gc,phases      ] GC(968)   Pre Evacuate Collection Set: 0.1ms
[228.905s][info][gc,phases      ] GC(968)   Evacuate Collection Set: 59.0ms
[228.905s][info][gc,phases      ] GC(968)   Post Evacuate Collection Set: 0.8ms
[228.905s][info][gc,phases      ] GC(968)   Other: 1.0ms
[228.905s][info][gc,heap        ] GC(968) Eden regions: 21->0(21)
[228.905s][info][gc,heap        ] GC(968) Survivor regions: 4->4(4)
[228.906s][info][gc,heap        ] GC(968) Old regions: 350->373
[228.906s][info][gc,heap        ] GC(968) Humongous regions: 68->68
[228.906s][info][gc,metaspace   ] GC(968) Metaspace: 14780K->14780K(31744K)
[228.906s][info][gc             ] GC(968) Pause Young (G1 Evacuation Pause) 437M->439M(512M) 61.934ms
[228.906s][info][gc,cpu         ] GC(968) User=0.50s Sys=0.00s Real=0.06s
[230.994s][info][gc,start       ] GC(969) Pause Young (G1 Evacuation Pause)
[230.994s][info][gc,task        ] GC(969) Using 8 workers of 8 for evacuation
[231.073s][info][gc,phases      ] GC(969)   Pre Evacuate Collection Set: 0.1ms
[231.073s][info][gc,phases      ] GC(969)   Evacuate Collection Set: 77.0ms
[231.073s][info][gc,phases      ] GC(969)   Post Evacuate Collection Set: 1.3ms
[231.073s][info][gc,phases      ] GC(969)   Other: 0.9ms
[231.073s][info][gc,heap        ] GC(969) Eden regions: 21->0(21)
[231.073s][info][gc,heap        ] GC(969) Survivor regions: 4->4(4)
[231.073s][info][gc,heap        ] GC(969) Old regions: 373->396
[231.073s][info][gc,heap        ] GC(969) Humongous regions: 68->68
[231.073s][info][gc,metaspace   ] GC(969) Metaspace: 14780K->14780K(31744K)
[231.073s][info][gc             ] GC(969) Pause Young (G1 Evacuation Pause) 460M->462M(512M) 79.597ms
[231.074s][info][gc,cpu         ] GC(969) User=0.66s Sys=0.00s Real=0.08s
[233.081s][info][gc,start       ] GC(970) Pause Young (G1 Evacuation Pause)
[233.081s][info][gc,task        ] GC(970) Using 8 workers of 8 for evacuation
[233.170s][info][gc             ] GC(970) To-space exhausted
[233.170s][info][gc,phases      ] GC(970)   Pre Evacuate Collection Set: 0.1ms
[233.170s][info][gc,phases      ] GC(970)   Evacuate Collection Set: 80.6ms
[233.170s][info][gc,phases      ] GC(970)   Post Evacuate Collection Set: 7.3ms
[233.170s][info][gc,phases      ] GC(970)   Other: 0.9ms
[233.170s][info][gc,heap        ] GC(970) Eden regions: 21->0(21)
[233.170s][info][gc,heap        ] GC(970) Survivor regions: 4->4(4)
[233.170s][info][gc,heap        ] GC(970) Old regions: 396->422
[233.170s][info][gc,heap        ] GC(970) Humongous regions: 68->68
[233.170s][info][gc,metaspace   ] GC(970) Metaspace: 14780K->14780K(31744K)
[233.170s][info][gc             ] GC(970) Pause Young (G1 Evacuation Pause) 483M->488M(512M) 89.495ms
[233.170s][info][gc,cpu         ] GC(970) User=0.77s Sys=0.00s Real=0.12s
[234.279s][info][gc,start       ] GC(971) Pause Young (G1 Humongous Allocation)
[234.279s][info][gc,task        ] GC(971) Using 8 workers of 8 for evacuation
[234.346s][info][gc             ] GC(971) To-space exhausted
[234.346s][info][gc,phases      ] GC(971)   Pre Evacuate Collection Set: 0.0ms
[234.346s][info][gc,phases      ] GC(971)   Evacuate Collection Set: 53.2ms
[234.347s][info][gc,phases      ] GC(971)   Post Evacuate Collection Set: 13.7ms
[234.347s][info][gc,phases      ] GC(971)   Other: 0.7ms
[234.347s][info][gc,heap        ] GC(971) Eden regions: 12->0(24)
[234.347s][info][gc,heap        ] GC(971) Survivor regions: 4->1(4)
[234.347s][info][gc,heap        ] GC(971) Old regions: 422->442
[234.347s][info][gc,heap        ] GC(971) Humongous regions: 68->68
[234.347s][info][gc,metaspace   ] GC(971) Metaspace: 14780K->14780K(31744K)
[234.347s][info][gc             ] GC(971) Pause Young (G1 Humongous Allocation) 499M->504M(512M) 67.918ms
[234.347s][info][gc,cpu         ] GC(971) User=0.42s Sys=0.02s Real=0.07s
[235.441s][info][gc,start       ] GC(972) Pause Full (Allocation Failure)
[235.448s][info][gc,phases,start] GC(972) Phase 1: Mark live objects
[235.472s][info][gc,stringtable ] GC(972) Cleaned string and symbol table, strings: 7375 processed, 7 removed, symbols: 48835 processed, 0 removed
[235.472s][info][gc,phases      ] GC(972) Phase 1: Mark live objects 24.081ms
[235.472s][info][gc,phases,start] GC(972) Phase 2: Prepare for compaction
[235.476s][info][gc,phases      ] GC(972) Phase 2: Prepare for compaction 3.511ms
[235.476s][info][gc,phases,start] GC(972) Phase 3: Adjust pointers and remembered sets
[235.482s][info][gc,phases      ] GC(972) Phase 3: Adjust pointers and remembered sets 6.019ms
[235.482s][info][gc,phases,start] GC(972) Phase 4: Compact heap
[235.485s][info][gc,phases      ] GC(972) Phase 4: Compact heap 2.370ms
[235.487s][info][gc,heap        ] GC(972) Eden regions: 1->0(109)
[235.487s][info][gc,heap        ] GC(972) Survivor regions: 1->0(4)
[235.487s][info][gc,heap        ] GC(972) Old regions: 442->15
[235.487s][info][gc,heap        ] GC(972) Humongous regions: 68->0
[235.487s][info][gc,metaspace   ] GC(972) Metaspace: 14780K->14780K(31744K)
[235.487s][info][gc             ] GC(972) Pause Full (Allocation Failure) 504M->7M(512M) 46.424ms
[235.488s][info][gc,cpu         ] GC(972) User=0.23s Sys=0.00s Real=0.05s
[235.488s][info][gc,marking     ] GC(964) Concurrent Mark From Roots 8655.386ms
[235.488s][info][gc,marking     ] GC(964) Concurrent Mark Abort
[235.488s][info][gc             ] GC(964) Concurrent Cycle 8693.563ms
[235.751s][info][gc,start       ] GC(973) Pause Young (G1 Evacuation Pause)
[235.752s][info][gc,task        ] GC(973) Using 8 workers of 8 for evacuation
[235.920s][info][gc,phases      ] GC(973)   Pre Evacuate Collection Set: 0.0ms
[235.920s][info][gc,phases      ] GC(973)   Evacuate Collection Set: 166.2ms
[235.920s][info][gc,phases      ] GC(973)   Post Evacuate Collection Set: 1.5ms
[235.920s][info][gc,phases      ] GC(973)   Other: 0.7ms
[235.920s][info][gc,heap        ] GC(973) Eden regions: 109->0(83)
[235.920s][info][gc,heap        ] GC(973) Survivor regions: 0->14(14)
[235.920s][info][gc,heap        ] GC(973) Old regions: 15->111
[235.920s][info][gc,heap        ] GC(973) Humongous regions: 68->68
[235.920s][info][gc,metaspace   ] GC(973) Metaspace: 14780K->14780K(31744K)
[235.920s][info][gc             ] GC(973) Pause Young (G1 Evacuation Pause) 184M->185M(512M) 169.022ms
[235.921s][info][gc,cpu         ] GC(973) User=1.28s Sys=0.05s Real=0.17s
[236.413s][info][gc,start       ] GC(974) Pause Young (G1 Evacuation Pause)
[236.413s][info][gc,task        ] GC(974) Using 8 workers of 8 for evacuation
[236.644s][info][gc,mmu         ] GC(974) MMU target violated: 201.0ms (200.0ms/201.0ms)
[236.644s][info][gc,phases      ] GC(974)   Pre Evacuate Collection Set: 0.1ms
[236.644s][info][gc,phases      ] GC(974)   Evacuate Collection Set: 228.9ms
[236.644s][info][gc,phases      ] GC(974)   Post Evacuate Collection Set: 1.6ms
[236.644s][info][gc,phases      ] GC(974)   Other: 1.1ms
[236.644s][info][gc,heap        ] GC(974) Eden regions: 83->0(57)
[236.644s][info][gc,heap        ] GC(974) Survivor regions: 14->13(13)
[236.644s][info][gc,heap        ] GC(974) Old regions: 111->196
[236.644s][info][gc,heap        ] GC(974) Humongous regions: 68->68
[236.644s][info][gc,metaspace   ] GC(974) Metaspace: 14780K->14780K(31744K)
[236.645s][info][gc             ] GC(974) Pause Young (G1 Evacuation Pause) 268M->269M(512M) 231.959ms
[236.645s][info][gc,cpu         ] GC(974) User=1.52s Sys=0.22s Real=0.22s
[236.705s][info][gc,start       ] GC(975) Pause Initial Mark (G1 Evacuation Pause)
[236.705s][info][gc,task        ] GC(975) Using 8 workers of 8 for evacuation
[236.864s][info][gc,phases      ] GC(975)   Pre Evacuate Collection Set: 0.1ms
[236.864s][info][gc,phases      ] GC(975)   Evacuate Collection Set: 156.9ms
[236.864s][info][gc,phases      ] GC(975)   Post Evacuate Collection Set: 1.8ms
[236.864s][info][gc,phases      ] GC(975)   Other: 0.8ms
[236.865s][info][gc,heap        ] GC(975) Eden regions: 57->0(38)
[236.865s][info][gc,heap        ] GC(975) Survivor regions: 13->9(9)
[236.865s][info][gc,heap        ] GC(975) Old regions: 196->260
[236.865s][info][gc,heap        ] GC(975) Humongous regions: 68->68
[236.865s][info][gc,metaspace   ] GC(975) Metaspace: 14780K->14780K(31744K)
[236.865s][info][gc             ] GC(975) Pause Initial Mark (G1 Evacuation Pause) 326M->329M(512M) 160.171ms
[236.865s][info][gc,cpu         ] GC(975) User=1.20s Sys=0.00s Real=0.17s
[236.865s][info][gc             ] GC(976) Concurrent Cycle
[236.866s][info][gc,marking     ] GC(976) Concurrent Clear Claimed Marks
[236.866s][info][gc,marking     ] GC(976) Concurrent Clear Claimed Marks 0.111ms
[236.866s][info][gc,marking     ] GC(976) Concurrent Scan Root Regions
[236.907s][info][gc,marking     ] GC(976) Concurrent Scan Root Regions 41.176ms
[236.907s][info][gc,marking     ] GC(976) Concurrent Mark (236.907s)
[236.907s][info][gc,marking     ] GC(976) Concurrent Mark From Roots
[236.907s][info][gc,task        ] GC(976) Using 2 workers of 2 for marking
[236.908s][info][gc,start       ] GC(977) Pause Young (G1 Evacuation Pause)
[236.908s][info][gc,task        ] GC(977) Using 8 workers of 8 for evacuation
[237.049s][info][gc,phases      ] GC(977)   Pre Evacuate Collection Set: 0.0ms
[237.049s][info][gc,phases      ] GC(977)   Evacuate Collection Set: 139.8ms
[237.049s][info][gc,phases      ] GC(977)   Post Evacuate Collection Set: 1.0ms
[237.049s][info][gc,phases      ] GC(977)   Other: 0.5ms
[237.049s][info][gc,heap        ] GC(977) Eden regions: 38->0(26)
[237.049s][info][gc,heap        ] GC(977) Survivor regions: 9->6(6)
[237.049s][info][gc,heap        ] GC(977) Old regions: 260->302
[237.049s][info][gc,heap        ] GC(977) Humongous regions: 68->68
[237.049s][info][gc,metaspace   ] GC(977) Metaspace: 14780K->14780K(31744K)
[237.049s][info][gc             ] GC(977) Pause Young (G1 Evacuation Pause) 367M->368M(512M) 141.700ms
[237.049s][info][gc,cpu         ] GC(977) User=1.11s Sys=0.02s Real=0.14s
[237.849s][info][gc,start       ] GC(978) Pause Young (G1 Evacuation Pause)
[237.849s][info][gc,task        ] GC(978) Using 8 workers of 8 for evacuation
[237.928s][info][gc,phases      ] GC(978)   Pre Evacuate Collection Set: 0.0ms
[237.928s][info][gc,phases      ] GC(978)   Evacuate Collection Set: 77.9ms
[237.928s][info][gc,phases      ] GC(978)   Post Evacuate Collection Set: 1.1ms
[237.928s][info][gc,phases      ] GC(978)   Other: 0.7ms
[237.928s][info][gc,heap        ] GC(978) Eden regions: 26->0(21)
[237.928s][info][gc,heap        ] GC(978) Survivor regions: 6->4(4)
[237.929s][info][gc,heap        ] GC(978) Old regions: 302->332
[237.929s][info][gc,heap        ] GC(978) Humongous regions: 68->68
[237.929s][info][gc,metaspace   ] GC(978) Metaspace: 14780K->14780K(31744K)
[237.929s][info][gc             ] GC(978) Pause Young (G1 Evacuation Pause) 394M->396M(512M) 80.263ms
[237.929s][info][gc,cpu         ] GC(978) User=0.58s Sys=0.00s Real=0.08s
[237.957s][info][gc,start       ] GC(979) Pause Young (G1 Evacuation Pause)
[237.957s][info][gc,task        ] GC(979) Using 8 workers of 8 for evacuation
[238.023s][info][gc,phases      ] GC(979)   Pre Evacuate Collection Set: 0.0ms
[238.023s][info][gc,phases      ] GC(979)   Evacuate Collection Set: 62.0ms
[238.023s][info][gc,phases      ] GC(979)   Post Evacuate Collection Set: 3.0ms
[238.023s][info][gc,phases      ] GC(979)   Other: 0.6ms
[238.023s][info][gc,heap        ] GC(979) Eden regions: 21->0(21)
[238.023s][info][gc,heap        ] GC(979) Survivor regions: 4->4(4)
[238.023s][info][gc,heap        ] GC(979) Old regions: 332->355
[238.023s][info][gc,heap        ] GC(979) Humongous regions: 68->68
[238.023s][info][gc,metaspace   ] GC(979) Metaspace: 14780K->14780K(31744K)
[238.023s][info][gc             ] GC(979) Pause Young (G1 Evacuation Pause) 417M->419M(512M) 65.966ms
[238.023s][info][gc,cpu         ] GC(979) User=0.48s Sys=0.00s Real=0.06s
[238.853s][info][gc,start       ] GC(980) Pause Young (G1 Evacuation Pause)
[238.854s][info][gc,task        ] GC(980) Using 8 workers of 8 for evacuation
[238.946s][info][gc,phases      ] GC(980)   Pre Evacuate Collection Set: 0.1ms
[238.946s][info][gc,phases      ] GC(980)   Evacuate Collection Set: 88.5ms
[238.946s][info][gc,phases      ] GC(980)   Post Evacuate Collection Set: 2.6ms
[238.946s][info][gc,phases      ] GC(980)   Other: 1.3ms
[238.946s][info][gc,heap        ] GC(980) Eden regions: 21->0(21)
[238.946s][info][gc,heap        ] GC(980) Survivor regions: 4->4(4)
[238.946s][info][gc,heap        ] GC(980) Old regions: 355->377
[238.946s][info][gc,heap        ] GC(980) Humongous regions: 68->68
[238.946s][info][gc,metaspace   ] GC(980) Metaspace: 14780K->14780K(31744K)
[238.947s][info][gc             ] GC(980) Pause Young (G1 Evacuation Pause) 440M->441M(512M) 93.317ms
[238.947s][info][gc,cpu         ] GC(980) User=0.56s Sys=0.00s Real=0.09s
[238.984s][info][gc,start       ] GC(981) Pause Young (G1 Evacuation Pause)
[238.984s][info][gc,task        ] GC(981) Using 8 workers of 8 for evacuation
[239.063s][info][gc,phases      ] GC(981)   Pre Evacuate Collection Set: 0.0ms
[239.063s][info][gc,phases      ] GC(981)   Evacuate Collection Set: 74.5ms
[239.063s][info][gc,phases      ] GC(981)   Post Evacuate Collection Set: 4.3ms
[239.063s][info][gc,phases      ] GC(981)   Other: 0.6ms
[239.063s][info][gc,heap        ] GC(981) Eden regions: 21->0(21)
[239.063s][info][gc,heap        ] GC(981) Survivor regions: 4->4(4)
[239.063s][info][gc,heap        ] GC(981) Old regions: 377->400
[239.063s][info][gc,heap        ] GC(981) Humongous regions: 68->68
[239.063s][info][gc,metaspace   ] GC(981) Metaspace: 14780K->14780K(31744K)
[239.064s][info][gc             ] GC(981) Pause Young (G1 Evacuation Pause) 462M->464M(512M) 80.068ms
[239.064s][info][gc,cpu         ] GC(981) User=0.33s Sys=0.00s Real=0.05s
[240.033s][info][gc,start       ] GC(982) Pause Young (G1 Evacuation Pause)
[240.033s][info][gc,task        ] GC(982) Using 8 workers of 8 for evacuation
[240.098s][info][gc             ] GC(982) To-space exhausted
[240.099s][info][gc,phases      ] GC(982)   Pre Evacuate Collection Set: 0.0ms
[240.099s][info][gc,phases      ] GC(982)   Evacuate Collection Set: 55.2ms
[240.099s][info][gc,phases      ] GC(982)   Post Evacuate Collection Set: 10.1ms
[240.099s][info][gc,phases      ] GC(982)   Other: 0.7ms
[240.099s][info][gc,heap        ] GC(982) Eden regions: 21->0(21)
[240.099s][info][gc,heap        ] GC(982) Survivor regions: 4->4(4)
[240.099s][info][gc,heap        ] GC(982) Old regions: 400->426
[240.099s][info][gc,heap        ] GC(982) Humongous regions: 68->68
[240.099s][info][gc,metaspace   ] GC(982) Metaspace: 14780K->14780K(31744K)
[240.099s][info][gc             ] GC(982) Pause Young (G1 Evacuation Pause) 485M->490M(512M) 66.347ms
[240.099s][info][gc,cpu         ] GC(982) User=0.36s Sys=0.00s Real=0.07s
[241.185s][info][gc,start       ] GC(983) Pause Young (G1 Humongous Allocation)
[241.186s][info][gc,task        ] GC(983) Using 8 workers of 8 for evacuation
[241.266s][info][gc             ] GC(983) To-space exhausted
[241.266s][info][gc,phases      ] GC(983)   Pre Evacuate Collection Set: 0.0ms
[241.266s][info][gc,phases      ] GC(983)   Evacuate Collection Set: 66.6ms
[241.266s][info][gc,phases      ] GC(983)   Post Evacuate Collection Set: 13.6ms
[241.266s][info][gc,phases      ] GC(983)   Other: 0.9ms
[241.267s][info][gc,heap        ] GC(983) Eden regions: 11->0(24)
[241.267s][info][gc,heap        ] GC(983) Survivor regions: 4->1(4)
[241.267s][info][gc,heap        ] GC(983) Old regions: 426->443
[241.267s][info][gc,heap        ] GC(983) Humongous regions: 68->68
[241.267s][info][gc,metaspace   ] GC(983) Metaspace: 14780K->14780K(31744K)
[241.267s][info][gc             ] GC(983) Pause Young (G1 Humongous Allocation) 501M->504M(512M) 81.379ms
[241.267s][info][gc,cpu         ] GC(983) User=0.45s Sys=0.00s Real=0.08s
[241.268s][info][gc,start       ] GC(984) Pause Full (Allocation Failure)
[241.274s][info][gc,phases,start] GC(984) Phase 1: Mark live objects
[241.293s][info][gc,stringtable ] GC(984) Cleaned string and symbol table, strings: 7372 processed, 27 removed, symbols: 48835 processed, 0 removed
[241.293s][info][gc,phases      ] GC(984) Phase 1: Mark live objects 19.054ms
[241.293s][info][gc,phases,start] GC(984) Phase 2: Prepare for compaction
[241.297s][info][gc,phases      ] GC(984) Phase 2: Prepare for compaction 3.904ms
[241.297s][info][gc,phases,start] GC(984) Phase 3: Adjust pointers and remembered sets
[241.303s][info][gc,phases      ] GC(984) Phase 3: Adjust pointers and remembered sets 5.375ms
[241.303s][info][gc,phases,start] GC(984) Phase 4: Compact heap
[241.305s][info][gc,phases      ] GC(984) Phase 4: Compact heap 2.070ms
[241.308s][info][gc,heap        ] GC(984) Eden regions: 0->0(102)
[241.308s][info][gc,heap        ] GC(984) Survivor regions: 1->0(4)
[241.308s][info][gc,heap        ] GC(984) Old regions: 443->14
[241.308s][info][gc,heap        ] GC(984) Humongous regions: 68->0
[241.308s][info][gc,metaspace   ] GC(984) Metaspace: 14780K->14780K(31744K)
[241.308s][info][gc             ] GC(984) Pause Full (Allocation Failure) 504M->7M(512M) 40.023ms
[241.309s][info][gc,cpu         ] GC(984) User=0.23s Sys=0.00s Real=0.05s
[241.310s][info][gc,marking     ] GC(976) Concurrent Mark From Roots 4402.698ms
[241.371s][info][gc,marking     ] GC(976) Concurrent Mark Abort
[241.371s][info][gc             ] GC(976) Concurrent Cycle 4505.933ms
[241.474s][info][gc,start       ] GC(985) Pause Young (G1 Evacuation Pause)
[241.474s][info][gc,task        ] GC(985) Using 8 workers of 8 for evacuation
[241.671s][info][gc,phases      ] GC(985)   Pre Evacuate Collection Set: 0.0ms
[241.671s][info][gc,phases      ] GC(985)   Evacuate Collection Set: 193.7ms
[241.671s][info][gc,phases      ] GC(985)   Post Evacuate Collection Set: 2.6ms
[241.672s][info][gc,phases      ] GC(985)   Other: 0.9ms
[241.672s][info][gc,heap        ] GC(985) Eden regions: 102->0(84)
[241.672s][info][gc,heap        ] GC(985) Survivor regions: 0->13(13)
[241.672s][info][gc,heap        ] GC(985) Old regions: 14->103
[241.672s][info][gc,heap        ] GC(985) Humongous regions: 68->68
[241.672s][info][gc,metaspace   ] GC(985) Metaspace: 14780K->14780K(31744K)
[241.672s][info][gc             ] GC(985) Pause Young (G1 Evacuation Pause) 177M->177M(512M) 197.782ms
[241.672s][info][gc,cpu         ] GC(985) User=1.52s Sys=0.06s Real=0.20s
[241.870s][info][gc,start       ] GC(986) Pause Young (G1 Evacuation Pause)
[241.870s][info][gc,task        ] GC(986) Using 8 workers of 8 for evacuation
[242.116s][info][gc,mmu         ] GC(986) MMU target violated: 201.0ms (200.0ms/201.0ms)
[242.117s][info][gc,phases      ] GC(986)   Pre Evacuate Collection Set: 0.1ms
[242.117s][info][gc,phases      ] GC(986)   Evacuate Collection Set: 240.3ms
[242.117s][info][gc,phases      ] GC(986)   Post Evacuate Collection Set: 5.3ms
[242.117s][info][gc,phases      ] GC(986)   Other: 1.0ms
[242.117s][info][gc,heap        ] GC(986) Eden regions: 84->0(59)
[242.117s][info][gc,heap        ] GC(986) Survivor regions: 13->13(13)
[242.117s][info][gc,heap        ] GC(986) Old regions: 103->190
[242.117s][info][gc,heap        ] GC(986) Humongous regions: 68->68
[242.117s][info][gc,metaspace   ] GC(986) Metaspace: 14780K->14780K(31744K)
[242.117s][info][gc             ] GC(986) Pause Young (G1 Evacuation Pause) 261M->264M(512M) 246.951ms
[242.117s][info][gc,cpu         ] GC(986) User=1.81s Sys=0.02s Real=0.25s
[242.737s][info][gc,start       ] GC(987) Pause Initial Mark (G1 Evacuation Pause)
[242.737s][info][gc,task        ] GC(987) Using 8 workers of 8 for evacuation
[242.889s][info][gc,phases      ] GC(987)   Pre Evacuate Collection Set: 0.1ms
[242.889s][info][gc,phases      ] GC(987)   Evacuate Collection Set: 147.1ms
[242.889s][info][gc,phases      ] GC(987)   Post Evacuate Collection Set: 3.7ms
[242.889s][info][gc,phases      ] GC(987)   Other: 1.0ms
[242.889s][info][gc,heap        ] GC(987) Eden regions: 59->0(40)
[242.889s][info][gc,heap        ] GC(987) Survivor regions: 13->9(9)
[242.889s][info][gc,heap        ] GC(987) Old regions: 190->255
[242.889s][info][gc,heap        ] GC(987) Humongous regions: 68->68
[242.889s][info][gc,metaspace   ] GC(987) Metaspace: 14780K->14780K(31744K)
[242.889s][info][gc             ] GC(987) Pause Initial Mark (G1 Evacuation Pause) 323M->325M(512M) 152.332ms
[242.890s][info][gc,cpu         ] GC(987) User=1.13s Sys=0.00s Real=0.14s
[242.891s][info][gc             ] GC(988) Concurrent Cycle
[242.891s][info][gc,marking     ] GC(988) Concurrent Clear Claimed Marks
[242.891s][info][gc,marking     ] GC(988) Concurrent Clear Claimed Marks 0.105ms
[242.891s][info][gc,marking     ] GC(988) Concurrent Scan Root Regions
[242.940s][info][gc,marking     ] GC(988) Concurrent Scan Root Regions 49.005ms
[242.940s][info][gc,marking     ] GC(988) Concurrent Mark (242.940s)
[242.940s][info][gc,marking     ] GC(988) Concurrent Mark From Roots
[242.940s][info][gc,task        ] GC(988) Using 2 workers of 2 for marking
[242.980s][info][gc,start       ] GC(989) Pause Young (G1 Evacuation Pause)
[242.980s][info][gc,task        ] GC(989) Using 8 workers of 8 for evacuation
[243.111s][info][gc,phases      ] GC(989)   Pre Evacuate Collection Set: 0.0ms
[243.111s][info][gc,phases      ] GC(989)   Evacuate Collection Set: 129.0ms
[243.111s][info][gc,phases      ] GC(989)   Post Evacuate Collection Set: 1.5ms
[243.111s][info][gc,phases      ] GC(989)   Other: 0.6ms
[243.111s][info][gc,heap        ] GC(989) Eden regions: 40->0(26)
[243.111s][info][gc,heap        ] GC(989) Survivor regions: 9->7(7)
[243.111s][info][gc,heap        ] GC(989) Old regions: 255->299
[243.112s][info][gc,heap        ] GC(989) Humongous regions: 68->68
[243.112s][info][gc,metaspace   ] GC(989) Metaspace: 14780K->14780K(31744K)
[243.112s][info][gc             ] GC(989) Pause Young (G1 Evacuation Pause) 365M->367M(512M) 131.548ms
[243.112s][info][gc,cpu         ] GC(989) User=0.95s Sys=0.00s Real=0.14s
[243.932s][info][gc,start       ] GC(990) Pause Young (G1 Evacuation Pause)
[243.932s][info][gc,task        ] GC(990) Using 8 workers of 8 for evacuation
[244.133s][info][gc,mmu         ] GC(990) MMU target violated: 200.5ms (200.0ms/201.0ms)
[244.133s][info][gc,phases      ] GC(990)   Pre Evacuate Collection Set: 0.1ms
[244.133s][info][gc,phases      ] GC(990)   Evacuate Collection Set: 198.3ms
[244.134s][info][gc,phases      ] GC(990)   Post Evacuate Collection Set: 1.7ms
[244.134s][info][gc,phases      ] GC(990)   Other: 1.0ms
[244.134s][info][gc,heap        ] GC(990) Eden regions: 26->0(20)
[244.134s][info][gc,heap        ] GC(990) Survivor regions: 7->5(5)
[244.134s][info][gc,heap        ] GC(990) Old regions: 299->329
[244.134s][info][gc,heap        ] GC(990) Humongous regions: 68->68
[244.134s][info][gc,metaspace   ] GC(990) Metaspace: 14789K->14789K(31744K)
[244.134s][info][gc             ] GC(990) Pause Young (G1 Evacuation Pause) 393M->395M(512M) 201.708ms
[244.134s][info][gc,cpu         ] GC(990) User=0.83s Sys=0.03s Real=0.20s
[244.951s][info][gc,start       ] GC(991) Pause Young (G1 Evacuation Pause)
[244.951s][info][gc,task        ] GC(991) Using 8 workers of 8 for evacuation
[245.031s][info][gc,phases      ] GC(991)   Pre Evacuate Collection Set: 0.1ms
[245.031s][info][gc,phases      ] GC(991)   Evacuate Collection Set: 76.4ms
[245.031s][info][gc,phases      ] GC(991)   Post Evacuate Collection Set: 2.8ms
[245.032s][info][gc,phases      ] GC(991)   Other: 0.6ms
[245.032s][info][gc,heap        ] GC(991) Eden regions: 20->0(21)
[245.032s][info][gc,heap        ] GC(991) Survivor regions: 5->4(4)
[245.032s][info][gc,heap        ] GC(991) Old regions: 329->352
[245.032s][info][gc,heap        ] GC(991) Humongous regions: 68->68
[245.032s][info][gc,metaspace   ] GC(991) Metaspace: 14789K->14789K(31744K)
[245.032s][info][gc             ] GC(991) Pause Young (G1 Evacuation Pause) 415M->417M(512M) 80.654ms
[245.032s][info][gc,cpu         ] GC(991) User=0.41s Sys=0.05s Real=0.09s
[245.073s][info][gc,start       ] GC(992) Pause Young (G1 Evacuation Pause)
[245.073s][info][gc,task        ] GC(992) Using 8 workers of 8 for evacuation
[245.135s][info][gc,phases      ] GC(992)   Pre Evacuate Collection Set: 0.0ms
[245.135s][info][gc,phases      ] GC(992)   Evacuate Collection Set: 55.1ms
[245.135s][info][gc,phases      ] GC(992)   Post Evacuate Collection Set: 5.9ms
[245.135s][info][gc,phases      ] GC(992)   Other: 0.6ms
[245.135s][info][gc,heap        ] GC(992) Eden regions: 21->0(21)
[245.136s][info][gc,heap        ] GC(992) Survivor regions: 4->4(4)
[245.136s][info][gc,heap        ] GC(992) Old regions: 352->375
[245.136s][info][gc,heap        ] GC(992) Humongous regions: 68->68
[245.136s][info][gc,metaspace   ] GC(992) Metaspace: 14789K->14789K(31744K)
[245.136s][info][gc             ] GC(992) Pause Young (G1 Evacuation Pause) 438M->440M(512M) 62.513ms
[245.136s][info][gc,cpu         ] GC(992) User=0.13s Sys=0.05s Real=0.06s
[245.990s][info][gc,start       ] GC(993) Pause Young (G1 Evacuation Pause)
[245.990s][info][gc,task        ] GC(993) Using 8 workers of 8 for evacuation
[246.085s][info][gc,phases      ] GC(993)   Pre Evacuate Collection Set: 0.1ms
[246.086s][info][gc,phases      ] GC(993)   Evacuate Collection Set: 94.0ms
[246.086s][info][gc,phases      ] GC(993)   Post Evacuate Collection Set: 1.0ms
[246.086s][info][gc,phases      ] GC(993)   Other: 0.6ms
[246.086s][info][gc,heap        ] GC(993) Eden regions: 21->0(21)
[246.086s][info][gc,heap        ] GC(993) Survivor regions: 4->4(4)
[246.086s][info][gc,heap        ] GC(993) Old regions: 375->398
[246.086s][info][gc,heap        ] GC(993) Humongous regions: 68->68
[246.086s][info][gc,metaspace   ] GC(993) Metaspace: 14789K->14789K(31744K)
[246.086s][info][gc             ] GC(993) Pause Young (G1 Evacuation Pause) 461M->463M(512M) 96.018ms
[246.086s][info][gc,cpu         ] GC(993) User=0.73s Sys=0.00s Real=0.10s
[246.111s][info][gc,start       ] GC(994) Pause Young (G1 Evacuation Pause)
[246.111s][info][gc,task        ] GC(994) Using 8 workers of 8 for evacuation
[246.187s][info][gc             ] GC(994) To-space exhausted
[246.187s][info][gc,phases      ] GC(994)   Pre Evacuate Collection Set: 0.1ms
[246.187s][info][gc,phases      ] GC(994)   Evacuate Collection Set: 65.9ms
[246.187s][info][gc,phases      ] GC(994)   Post Evacuate Collection Set: 9.7ms
[246.187s][info][gc,phases      ] GC(994)   Other: 0.8ms
[246.187s][info][gc,heap        ] GC(994) Eden regions: 21->0(21)
[246.187s][info][gc,heap        ] GC(994) Survivor regions: 4->4(4)
[246.187s][info][gc,heap        ] GC(994) Old regions: 398->426
[246.187s][info][gc,heap        ] GC(994) Humongous regions: 68->68
[246.187s][info][gc,metaspace   ] GC(994) Metaspace: 14789K->14789K(31744K)
[246.188s][info][gc             ] GC(994) Pause Young (G1 Evacuation Pause) 484M->491M(512M) 77.010ms
[246.188s][info][gc,cpu         ] GC(994) User=0.53s Sys=0.00s Real=0.08s
[247.142s][info][gc,start       ] GC(995) Pause Young (G1 Evacuation Pause)
[247.142s][info][gc,task        ] GC(995) Using 8 workers of 8 for evacuation
[247.233s][info][gc             ] GC(995) To-space exhausted
[247.233s][info][gc,phases      ] GC(995)   Pre Evacuate Collection Set: 0.1ms
[247.233s][info][gc,phases      ] GC(995)   Evacuate Collection Set: 72.7ms
[247.233s][info][gc,phases      ] GC(995)   Post Evacuate Collection Set: 17.4ms
[247.233s][info][gc,phases      ] GC(995)   Other: 0.6ms
[247.233s][info][gc,heap        ] GC(995) Eden regions: 14->0(25)
[247.233s][info][gc,heap        ] GC(995) Survivor regions: 4->0(4)
[247.233s][info][gc,heap        ] GC(995) Old regions: 426->444
[247.233s][info][gc,heap        ] GC(995) Humongous regions: 68->68
[247.233s][info][gc,metaspace   ] GC(995) Metaspace: 14789K->14789K(31744K)
[247.233s][info][gc             ] GC(995) Pause Young (G1 Evacuation Pause) 505M->505M(512M) 91.057ms
[247.233s][info][gc,cpu         ] GC(995) User=0.63s Sys=0.03s Real=0.09s
[247.234s][info][gc,start       ] GC(996) Pause Young (G1 Evacuation Pause)
[247.234s][info][gc,task        ] GC(996) Using 8 workers of 8 for evacuation
[247.256s][info][gc,phases      ] GC(996)   Pre Evacuate Collection Set: 0.0ms
[247.256s][info][gc,phases      ] GC(996)   Evacuate Collection Set: 21.2ms
[247.256s][info][gc,phases      ] GC(996)   Post Evacuate Collection Set: 0.6ms
[247.256s][info][gc,phases      ] GC(996)   Other: 0.4ms
[247.257s][info][gc,heap        ] GC(996) Eden regions: 0->0(25)
[247.257s][info][gc,heap        ] GC(996) Survivor regions: 0->0(4)
[247.257s][info][gc,heap        ] GC(996) Old regions: 444->444
[247.257s][info][gc,heap        ] GC(996) Humongous regions: 68->68
[247.257s][info][gc,metaspace   ] GC(996) Metaspace: 14789K->14789K(31744K)
[247.257s][info][gc             ] GC(996) Pause Young (G1 Evacuation Pause) 505M->505M(512M) 22.953ms
[247.257s][info][gc,cpu         ] GC(996) User=0.23s Sys=0.00s Real=0.02s
[247.258s][info][gc,start       ] GC(997) Pause Full (Allocation Failure)
[247.261s][info][gc,phases,start] GC(997) Phase 1: Mark live objects
[248.319s][info][gc,stringtable ] GC(997) Cleaned string and symbol table, strings: 7367 processed, 19 removed, symbols: 48835 processed, 0 removed
[248.319s][info][gc,phases      ] GC(997) Phase 1: Mark live objects 1058.736ms
[248.319s][info][gc,phases,start] GC(997) Phase 2: Prepare for compaction
[248.442s][info][gc,phases      ] GC(997) Phase 2: Prepare for compaction 122.862ms
[248.442s][info][gc,phases,start] GC(997) Phase 3: Adjust pointers and remembered sets
[248.833s][info][gc,phases      ] GC(997) Phase 3: Adjust pointers and remembered sets 390.608ms
[248.833s][info][gc,phases,start] GC(997) Phase 4: Compact heap
[248.988s][info][gc,phases      ] GC(997) Phase 4: Compact heap 154.750ms
[248.992s][info][gc,heap        ] GC(997) Eden regions: 0->0(25)
[248.992s][info][gc,heap        ] GC(997) Survivor regions: 0->0(4)
[248.992s][info][gc,heap        ] GC(997) Old regions: 444->417
[248.992s][info][gc,heap        ] GC(997) Humongous regions: 68->68
[248.992s][info][gc,metaspace   ] GC(997) Metaspace: 14789K->14789K(31744K)
[248.992s][info][gc             ] GC(997) Pause Full (Allocation Failure) 505M->481M(512M) 1734.078ms
[248.993s][info][gc,cpu         ] GC(997) User=12.88s Sys=0.13s Real=1.73s
[248.993s][info][gc,marking     ] GC(988) Concurrent Mark From Roots 6053.072ms
[249.988s][info][gc,marking     ] GC(988) Concurrent Mark Abort
[249.989s][info][gc             ] GC(988) Concurrent Cycle 7098.005ms
[249.993s][info][gc,start       ] GC(998) Pause Initial Mark (G1 Humongous Allocation)
[249.993s][info][gc,task        ] GC(998) Using 8 workers of 8 for evacuation
[250.005s][info][gc,phases      ] GC(998)   Pre Evacuate Collection Set: 0.1ms
[250.005s][info][gc,phases      ] GC(998)   Evacuate Collection Set: 10.0ms
[250.005s][info][gc,phases      ] GC(998)   Post Evacuate Collection Set: 1.2ms
[250.005s][info][gc,phases      ] GC(998)   Other: 0.6ms
[250.005s][info][gc,heap        ] GC(998) Eden regions: 3->0(22)
[250.005s][info][gc,heap        ] GC(998) Survivor regions: 0->3(4)
[250.005s][info][gc,heap        ] GC(998) Old regions: 417->417
[250.005s][info][gc,heap        ] GC(998) Humongous regions: 68->68
[250.005s][info][gc,metaspace   ] GC(998) Metaspace: 14789K->14789K(31744K)
[250.005s][info][gc             ] GC(998) Pause Initial Mark (G1 Humongous Allocation) 483M->483M(512M) 12.276ms
[250.005s][info][gc,cpu         ] GC(998) User=0.02s Sys=0.00s Real=0.02s
[250.005s][info][gc             ] GC(999) Concurrent Cycle
[250.005s][info][gc,marking     ] GC(999) Concurrent Clear Claimed Marks
[250.005s][info][gc,marking     ] GC(999) Concurrent Clear Claimed Marks 0.082ms
[250.005s][info][gc,marking     ] GC(999) Concurrent Scan Root Regions
[250.007s][info][gc,marking     ] GC(999) Concurrent Scan Root Regions 2.051ms
[250.008s][info][gc,marking     ] GC(999) Concurrent Mark (250.008s)
[250.008s][info][gc,start       ] GC(1000) Pause Young (G1 Humongous Allocation)
[250.008s][info][gc,marking     ] GC(999) Concurrent Mark From Roots
[250.008s][info][gc,task        ] GC(1000) Using 8 workers of 8 for evacuation
[250.008s][info][gc,task        ] GC(999) Using 2 workers of 2 for marking
[250.022s][info][gc,phases      ] GC(1000)   Pre Evacuate Collection Set: 0.0ms
[250.022s][info][gc,phases      ] GC(1000)   Evacuate Collection Set: 13.1ms
[250.022s][info][gc,phases      ] GC(1000)   Post Evacuate Collection Set: 0.4ms
[250.022s][info][gc,phases      ] GC(1000)   Other: 0.7ms
[250.022s][info][gc,heap        ] GC(1000) Eden regions: 1->0(24)
[250.022s][info][gc,heap        ] GC(1000) Survivor regions: 3->1(4)
[250.022s][info][gc,heap        ] GC(1000) Old regions: 417->420
[250.022s][info][gc,heap        ] GC(1000) Humongous regions: 68->68
[250.022s][info][gc,metaspace   ] GC(1000) Metaspace: 14789K->14789K(31744K)
[250.023s][info][gc             ] GC(1000) Pause Young (G1 Humongous Allocation) 483M->483M(512M) 14.925ms
[250.023s][info][gc,cpu         ] GC(1000) User=0.00s Sys=0.03s Real=0.02s
[250.024s][info][gc,start       ] GC(1001) Pause Full (Allocation Failure)
[250.052s][info][gc,phases,start] GC(1001) Phase 1: Mark live objects
[250.067s][info][gc,stringtable ] GC(1001) Cleaned string and symbol table, strings: 7348 processed, 0 removed, symbols: 48835 processed, 0 removed
[250.068s][info][gc,phases      ] GC(1001) Phase 1: Mark live objects 15.972ms
[250.068s][info][gc,phases,start] GC(1001) Phase 2: Prepare for compaction
[250.071s][info][gc,phases      ] GC(1001) Phase 2: Prepare for compaction 2.983ms
[250.071s][info][gc,phases,start] GC(1001) Phase 3: Adjust pointers and remembered sets
[250.077s][info][gc,phases      ] GC(1001) Phase 3: Adjust pointers and remembered sets 6.328ms
[250.077s][info][gc,phases,start] GC(1001) Phase 4: Compact heap
[250.079s][info][gc,phases      ] GC(1001) Phase 4: Compact heap 2.317ms
[250.082s][info][gc,heap        ] GC(1001) Eden regions: 0->0(97)
[250.082s][info][gc,heap        ] GC(1001) Survivor regions: 1->0(4)
[250.082s][info][gc,heap        ] GC(1001) Old regions: 420->14
[250.082s][info][gc,heap        ] GC(1001) Humongous regions: 68->0
[250.082s][info][gc,metaspace   ] GC(1001) Metaspace: 14789K->14789K(31744K)
[250.082s][info][gc             ] GC(1001) Pause Full (Allocation Failure) 483M->8M(512M) 58.707ms
[250.083s][info][gc,cpu         ] GC(1001) User=0.27s Sys=0.00s Real=0.05s
[250.083s][info][gc,marking     ] GC(999) Concurrent Mark From Roots 75.790ms
[250.124s][info][gc,marking     ] GC(999) Concurrent Mark Abort
[250.124s][info][gc             ] GC(999) Concurrent Cycle 119.210ms
[250.503s][info][gc,start       ] GC(1002) Pause Young (G1 Evacuation Pause)
[250.504s][info][gc,task        ] GC(1002) Using 8 workers of 8 for evacuation
[250.720s][info][gc,mmu         ] GC(1002) MMU target violated: 201.0ms (200.0ms/201.0ms)
[250.721s][info][gc,phases      ] GC(1002)   Pre Evacuate Collection Set: 0.1ms
[250.721s][info][gc,phases      ] GC(1002)   Evacuate Collection Set: 212.8ms
[250.721s][info][gc,phases      ] GC(1002)   Post Evacuate Collection Set: 3.2ms
[250.721s][info][gc,phases      ] GC(1002)   Other: 1.1ms
[250.721s][info][gc,heap        ] GC(1002) Eden regions: 97->0(78)
[250.721s][info][gc,heap        ] GC(1002) Survivor regions: 0->13(13)
[250.721s][info][gc,heap        ] GC(1002) Old regions: 14->98
[250.721s][info][gc,heap        ] GC(1002) Humongous regions: 69->69
[250.721s][info][gc,metaspace   ] GC(1002) Metaspace: 14789K->14789K(31744K)
[250.721s][info][gc             ] GC(1002) Pause Young (G1 Evacuation Pause) 174M->173M(512M) 217.477ms
[250.721s][info][gc,cpu         ] GC(1002) User=1.66s Sys=0.08s Real=0.22s
[250.818s][info][gc,start       ] GC(1003) Pause Young (G1 Evacuation Pause)
[250.818s][info][gc,task        ] GC(1003) Using 8 workers of 8 for evacuation
[251.037s][info][gc,mmu         ] GC(1003) MMU target violated: 201.0ms (200.0ms/201.0ms)
[251.038s][info][gc,phases      ] GC(1003)   Pre Evacuate Collection Set: 0.1ms
[251.038s][info][gc,phases      ] GC(1003)   Evacuate Collection Set: 216.9ms
[251.038s][info][gc,phases      ] GC(1003)   Post Evacuate Collection Set: 2.0ms
[251.038s][info][gc,phases      ] GC(1003)   Other: 0.9ms
[251.038s][info][gc,heap        ] GC(1003) Eden regions: 76->0(64)
[251.038s][info][gc,heap        ] GC(1003) Survivor regions: 13->12(12)
[251.038s][info][gc,heap        ] GC(1003) Old regions: 98->177
[251.038s][info][gc,heap        ] GC(1003) Humongous regions: 69->69
[251.038s][info][gc,metaspace   ] GC(1003) Metaspace: 14789K->14789K(31744K)
[251.039s][info][gc             ] GC(1003) Pause Young (G1 Evacuation Pause) 249M->251M(512M) 220.746ms
[251.039s][info][gc,cpu         ] GC(1003) User=1.63s Sys=0.02s Real=0.23s
[251.125s][info][gc,start       ] GC(1004) Pause Young (G1 Evacuation Pause)
[251.125s][info][gc,task        ] GC(1004) Using 8 workers of 8 for evacuation
[251.282s][info][gc,phases      ] GC(1004)   Pre Evacuate Collection Set: 0.1ms
[251.282s][info][gc,phases      ] GC(1004)   Evacuate Collection Set: 154.5ms
[251.282s][info][gc,phases      ] GC(1004)   Post Evacuate Collection Set: 1.6ms
[251.282s][info][gc,phases      ] GC(1004)   Other: 0.7ms
[251.282s][info][gc,heap        ] GC(1004) Eden regions: 64->0(43)
[251.282s][info][gc,heap        ] GC(1004) Survivor regions: 12->10(10)
[251.282s][info][gc,heap        ] GC(1004) Old regions: 177->244
[251.282s][info][gc,heap        ] GC(1004) Humongous regions: 69->69
[251.282s][info][gc,metaspace   ] GC(1004) Metaspace: 14789K->14789K(31744K)
[251.282s][info][gc             ] GC(1004) Pause Young (G1 Evacuation Pause) 315M->316M(512M) 157.452ms
[251.282s][info][gc,cpu         ] GC(1004) User=1.25s Sys=0.00s Real=0.15s
[252.031s][info][gc,start       ] GC(1005) Pause Initial Mark (G1 Evacuation Pause)
[252.032s][info][gc,task        ] GC(1005) Using 8 workers of 8 for evacuation
[252.260s][info][gc,mmu         ] GC(1005) MMU target violated: 201.0ms (200.0ms/201.0ms)
[252.260s][info][gc,phases      ] GC(1005)   Pre Evacuate Collection Set: 0.1ms
[252.261s][info][gc,phases      ] GC(1005)   Evacuate Collection Set: 226.5ms
[252.261s][info][gc,phases      ] GC(1005)   Post Evacuate Collection Set: 1.4ms
[252.261s][info][gc,phases      ] GC(1005)   Other: 1.0ms
[252.261s][info][gc,heap        ] GC(1005) Eden regions: 43->0(29)
[252.261s][info][gc,heap        ] GC(1005) Survivor regions: 10->7(7)
[252.261s][info][gc,heap        ] GC(1005) Old regions: 244->291
[252.261s][info][gc,heap        ] GC(1005) Humongous regions: 69->69
[252.261s][info][gc,metaspace   ] GC(1005) Metaspace: 14789K->14789K(31744K)
[252.261s][info][gc             ] GC(1005) Pause Initial Mark (G1 Evacuation Pause) 359M->361M(512M) 229.463ms
[252.261s][info][gc,cpu         ] GC(1005) User=1.14s Sys=0.05s Real=0.24s
[252.261s][info][gc             ] GC(1006) Concurrent Cycle
[252.261s][info][gc,marking     ] GC(1006) Concurrent Clear Claimed Marks
[252.261s][info][gc,marking     ] GC(1006) Concurrent Clear Claimed Marks 0.095ms
[252.261s][info][gc,marking     ] GC(1006) Concurrent Scan Root Regions
[252.280s][info][gc,marking     ] GC(1006) Concurrent Scan Root Regions 18.766ms
[252.280s][info][gc,marking     ] GC(1006) Concurrent Mark (252.280s)
[252.280s][info][gc,marking     ] GC(1006) Concurrent Mark From Roots
[252.280s][info][gc,task        ] GC(1006) Using 2 workers of 2 for marking
[253.032s][info][gc,start       ] GC(1007) Pause Young (G1 Evacuation Pause)
[253.032s][info][gc,task        ] GC(1007) Using 8 workers of 8 for evacuation
[253.124s][info][gc,phases      ] GC(1007)   Pre Evacuate Collection Set: 0.0ms
[253.124s][info][gc,phases      ] GC(1007)   Evacuate Collection Set: 88.6ms
[253.124s][info][gc,phases      ] GC(1007)   Post Evacuate Collection Set: 2.4ms
[253.124s][info][gc,phases      ] GC(1007)   Other: 0.6ms
[253.124s][info][gc,heap        ] GC(1007) Eden regions: 29->0(20)
[253.124s][info][gc,heap        ] GC(1007) Survivor regions: 7->5(5)
[253.124s][info][gc,heap        ] GC(1007) Old regions: 291->324
[253.124s][info][gc,heap        ] GC(1007) Humongous regions: 69->69
[253.124s][info][gc,metaspace   ] GC(1007) Metaspace: 14789K->14789K(31744K)
[253.124s][info][gc             ] GC(1007) Pause Young (G1 Evacuation Pause) 390M->391M(512M) 92.173ms
[253.124s][info][gc,cpu         ] GC(1007) User=0.70s Sys=0.02s Real=0.09s
[253.163s][info][gc,start       ] GC(1008) Pause Young (G1 Evacuation Pause)
[253.163s][info][gc,task        ] GC(1008) Using 8 workers of 8 for evacuation
[253.229s][info][gc,phases      ] GC(1008)   Pre Evacuate Collection Set: 0.0ms
[253.229s][info][gc,phases      ] GC(1008)   Evacuate Collection Set: 64.5ms
[253.230s][info][gc,phases      ] GC(1008)   Post Evacuate Collection Set: 1.0ms
[253.230s][info][gc,phases      ] GC(1008)   Other: 0.7ms
[253.230s][info][gc,heap        ] GC(1008) Eden regions: 20->0(21)
[253.230s][info][gc,heap        ] GC(1008) Survivor regions: 5->4(4)
[253.230s][info][gc,heap        ] GC(1008) Old regions: 324->347
[253.230s][info][gc,heap        ] GC(1008) Humongous regions: 69->69
[253.230s][info][gc,metaspace   ] GC(1008) Metaspace: 14789K->14789K(31744K)
[253.230s][info][gc             ] GC(1008) Pause Young (G1 Evacuation Pause) 411M->413M(512M) 66.881ms
[253.230s][info][gc,cpu         ] GC(1008) User=0.47s Sys=0.00s Real=0.07s
[253.255s][info][gc,start       ] GC(1009) Pause Young (G1 Evacuation Pause)
[253.255s][info][gc,task        ] GC(1009) Using 8 workers of 8 for evacuation
[253.310s][info][gc,phases      ] GC(1009)   Pre Evacuate Collection Set: 0.1ms
[253.311s][info][gc,phases      ] GC(1009)   Evacuate Collection Set: 53.7ms
[253.311s][info][gc,phases      ] GC(1009)   Post Evacuate Collection Set: 1.6ms
[253.311s][info][gc,phases      ] GC(1009)   Other: 0.7ms
[253.311s][info][gc,heap        ] GC(1009) Eden regions: 21->0(21)
[253.311s][info][gc,heap        ] GC(1009) Survivor regions: 4->4(4)
[253.311s][info][gc,heap        ] GC(1009) Old regions: 347->369
[253.311s][info][gc,heap        ] GC(1009) Humongous regions: 69->69
[253.311s][info][gc,metaspace   ] GC(1009) Metaspace: 14789K->14789K(31744K)
[253.311s][info][gc             ] GC(1009) Pause Young (G1 Evacuation Pause) 434M->436M(512M) 56.502ms
[253.311s][info][gc,cpu         ] GC(1009) User=0.31s Sys=0.03s Real=0.05s
[254.197s][info][gc,start       ] GC(1010) Pause Young (G1 Evacuation Pause)
[254.197s][info][gc,task        ] GC(1010) Using 8 workers of 8 for evacuation
[254.250s][info][gc,phases      ] GC(1010)   Pre Evacuate Collection Set: 0.1ms
[254.251s][info][gc,phases      ] GC(1010)   Evacuate Collection Set: 51.6ms
[254.251s][info][gc,phases      ] GC(1010)   Post Evacuate Collection Set: 1.1ms
[254.251s][info][gc,phases      ] GC(1010)   Other: 0.8ms
[254.251s][info][gc,heap        ] GC(1010) Eden regions: 21->0(21)
[254.251s][info][gc,heap        ] GC(1010) Survivor regions: 4->4(4)
[254.251s][info][gc,heap        ] GC(1010) Old regions: 369->393
[254.251s][info][gc,heap        ] GC(1010) Humongous regions: 69->69
[254.251s][info][gc,metaspace   ] GC(1010) Metaspace: 14793K->14793K(31744K)
[254.251s][info][gc             ] GC(1010) Pause Young (G1 Evacuation Pause) 457M->459M(512M) 54.500ms
[254.251s][info][gc,cpu         ] GC(1010) User=0.38s Sys=0.00s Real=0.05s
[254.279s][info][gc,start       ] GC(1011) Pause Young (G1 Evacuation Pause)
[254.279s][info][gc,task        ] GC(1011) Using 8 workers of 8 for evacuation
[254.381s][info][gc             ] GC(1011) To-space exhausted
[254.381s][info][gc,phases      ] GC(1011)   Pre Evacuate Collection Set: 0.0ms
[254.381s][info][gc,phases      ] GC(1011)   Evacuate Collection Set: 93.2ms
[254.381s][info][gc,phases      ] GC(1011)   Post Evacuate Collection Set: 8.3ms
[254.381s][info][gc,phases      ] GC(1011)   Other: 0.8ms
[254.381s][info][gc,heap        ] GC(1011) Eden regions: 21->0(21)
[254.381s][info][gc,heap        ] GC(1011) Survivor regions: 4->4(4)
[254.381s][info][gc,heap        ] GC(1011) Old regions: 393->417
[254.381s][info][gc,heap        ] GC(1011) Humongous regions: 69->69
[254.381s][info][gc,metaspace   ] GC(1011) Metaspace: 14793K->14793K(31744K)
[254.382s][info][gc             ] GC(1011) Pause Young (G1 Evacuation Pause) 480M->484M(512M) 102.590ms
[254.382s][info][gc,cpu         ] GC(1011) User=0.72s Sys=0.03s Real=0.10s
[255.386s][info][gc,start       ] GC(1012) Pause Young (G1 Humongous Allocation)
[255.386s][info][gc,task        ] GC(1012) Using 8 workers of 8 for evacuation
[255.528s][info][gc             ] GC(1012) To-space exhausted
[255.528s][info][gc,phases      ] GC(1012)   Pre Evacuate Collection Set: 0.0ms
[255.528s][info][gc,phases      ] GC(1012)   Evacuate Collection Set: 107.7ms
[255.528s][info][gc,phases      ] GC(1012)   Post Evacuate Collection Set: 33.7ms
[255.528s][info][gc,phases      ] GC(1012)   Other: 0.6ms
[255.528s][info][gc,heap        ] GC(1012) Eden regions: 21->0(24)
[255.528s][info][gc,heap        ] GC(1012) Survivor regions: 4->1(4)
[255.528s][info][gc,heap        ] GC(1012) Old regions: 417->442
[255.528s][info][gc,heap        ] GC(1012) Humongous regions: 69->69
[255.528s][info][gc,metaspace   ] GC(1012) Metaspace: 14793K->14793K(31744K)
[255.528s][info][gc             ] GC(1012) Pause Young (G1 Humongous Allocation) 504M->505M(512M) 142.356ms
[255.528s][info][gc,cpu         ] GC(1012) User=0.97s Sys=0.03s Real=0.14s
[255.529s][info][gc,start       ] GC(1013) Pause Full (Allocation Failure)
[255.532s][info][gc,phases,start] GC(1013) Phase 1: Mark live objects
[255.551s][info][gc,stringtable ] GC(1013) Cleaned string and symbol table, strings: 7374 processed, 26 removed, symbols: 48835 processed, 0 removed
[255.551s][info][gc,phases      ] GC(1013) Phase 1: Mark live objects 18.904ms
[255.551s][info][gc,phases,start] GC(1013) Phase 2: Prepare for compaction
[255.554s][info][gc,phases      ] GC(1013) Phase 2: Prepare for compaction 2.920ms
[255.554s][info][gc,phases,start] GC(1013) Phase 3: Adjust pointers and remembered sets
[255.561s][info][gc,phases      ] GC(1013) Phase 3: Adjust pointers and remembered sets 7.068ms
[255.561s][info][gc,phases,start] GC(1013) Phase 4: Compact heap
[255.563s][info][gc,phases      ] GC(1013) Phase 4: Compact heap 2.168ms
[255.566s][info][gc,heap        ] GC(1013) Eden regions: 0->0(70)
[255.566s][info][gc,heap        ] GC(1013) Survivor regions: 1->0(4)
[255.566s][info][gc,heap        ] GC(1013) Old regions: 442->14
[255.566s][info][gc,heap        ] GC(1013) Humongous regions: 69->0
[255.566s][info][gc,metaspace   ] GC(1013) Metaspace: 14793K->14793K(31744K)
[255.566s][info][gc             ] GC(1013) Pause Full (Allocation Failure) 505M->8M(512M) 36.746ms
[255.567s][info][gc,cpu         ] GC(1013) User=0.25s Sys=0.00s Real=0.03s
[255.567s][info][gc,marking     ] GC(1006) Concurrent Mark From Roots 3286.782ms
[255.567s][info][gc,marking     ] GC(1006) Concurrent Mark Abort
[255.567s][info][gc             ] GC(1006) Concurrent Cycle 3306.131ms
[255.716s][info][gc,start       ] GC(1014) Pause Young (G1 Evacuation Pause)
[255.716s][info][gc,task        ] GC(1014) Using 8 workers of 8 for evacuation
[255.860s][info][gc,phases      ] GC(1014)   Pre Evacuate Collection Set: 0.0ms
[255.861s][info][gc,phases      ] GC(1014)   Evacuate Collection Set: 141.4ms
[255.861s][info][gc,phases      ] GC(1014)   Post Evacuate Collection Set: 1.3ms
[255.861s][info][gc,phases      ] GC(1014)   Other: 0.9ms
[255.861s][info][gc,heap        ] GC(1014) Eden regions: 70->0(67)
[255.861s][info][gc,heap        ] GC(1014) Survivor regions: 0->9(9)
[255.861s][info][gc,heap        ] GC(1014) Old regions: 14->76
[255.861s][info][gc,heap        ] GC(1014) Humongous regions: 69->69
[255.861s][info][gc,metaspace   ] GC(1014) Metaspace: 14793K->14793K(31744K)
[255.861s][info][gc             ] GC(1014) Pause Young (G1 Evacuation Pause) 147M->147M(512M) 145.286ms
[255.861s][info][gc,cpu         ] GC(1014) User=1.05s Sys=0.05s Real=0.14s
[255.943s][info][gc,start       ] GC(1015) Pause Young (G1 Evacuation Pause)
[255.943s][info][gc,task        ] GC(1015) Using 8 workers of 8 for evacuation
[256.157s][info][gc,mmu         ] GC(1015) MMU target violated: 201.0ms (200.0ms/201.0ms)
[256.157s][info][gc,phases      ] GC(1015)   Pre Evacuate Collection Set: 0.0ms
[256.157s][info][gc,phases      ] GC(1015)   Evacuate Collection Set: 203.0ms
[256.157s][info][gc,phases      ] GC(1015)   Post Evacuate Collection Set: 10.4ms
[256.157s][info][gc,phases      ] GC(1015)   Other: 1.1ms
[256.157s][info][gc,heap        ] GC(1015) Eden regions: 67->0(63)
[256.157s][info][gc,heap        ] GC(1015) Survivor regions: 9->10(10)
[256.158s][info][gc,heap        ] GC(1015) Old regions: 76->144
[256.158s][info][gc,heap        ] GC(1015) Humongous regions: 69->69
[256.158s][info][gc,metaspace   ] GC(1015) Metaspace: 14793K->14793K(31744K)
[256.158s][info][gc             ] GC(1015) Pause Young (G1 Evacuation Pause) 214M->216M(512M) 215.173ms
[256.158s][info][gc,cpu         ] GC(1015) User=1.58s Sys=0.06s Real=0.22s
[256.252s][info][gc,start       ] GC(1016) Pause Young (G1 Evacuation Pause)
[256.252s][info][gc,task        ] GC(1016) Using 8 workers of 8 for evacuation
[256.380s][info][gc,phases      ] GC(1016)   Pre Evacuate Collection Set: 0.1ms
[256.380s][info][gc,phases      ] GC(1016)   Evacuate Collection Set: 125.6ms
[256.380s][info][gc,phases      ] GC(1016)   Post Evacuate Collection Set: 1.2ms
[256.380s][info][gc,phases      ] GC(1016)   Other: 0.7ms
[256.380s][info][gc,heap        ] GC(1016) Eden regions: 63->0(54)
[256.380s][info][gc,heap        ] GC(1016) Survivor regions: 10->10(10)
[256.380s][info][gc,heap        ] GC(1016) Old regions: 144->208
[256.380s][info][gc,heap        ] GC(1016) Humongous regions: 69->69
[256.380s][info][gc,metaspace   ] GC(1016) Metaspace: 14793K->14793K(31744K)
[256.380s][info][gc             ] GC(1016) Pause Young (G1 Evacuation Pause) 279M->281M(512M) 127.924ms
[256.380s][info][gc,cpu         ] GC(1016) User=0.98s Sys=0.03s Real=0.13s
[256.955s][info][gc,start       ] GC(1017) Pause Young (G1 Evacuation Pause)
[256.956s][info][gc,task        ] GC(1017) Using 8 workers of 8 for evacuation
[257.076s][info][gc,phases      ] GC(1017)   Pre Evacuate Collection Set: 0.1ms
[257.076s][info][gc,phases      ] GC(1017)   Evacuate Collection Set: 117.9ms
[257.076s][info][gc,phases      ] GC(1017)   Post Evacuate Collection Set: 1.3ms
[257.076s][info][gc,phases      ] GC(1017)   Other: 1.4ms
[257.076s][info][gc,heap        ] GC(1017) Eden regions: 54->0(36)
[257.076s][info][gc,heap        ] GC(1017) Survivor regions: 10->8(8)
[257.076s][info][gc,heap        ] GC(1017) Old regions: 208->265
[257.076s][info][gc,heap        ] GC(1017) Humongous regions: 69->69
[257.076s][info][gc,metaspace   ] GC(1017) Metaspace: 14797K->14797K(31744K)
[257.076s][info][gc             ] GC(1017) Pause Young (G1 Evacuation Pause) 335M->336M(512M) 121.119ms
[257.077s][info][gc,cpu         ] GC(1017) User=0.84s Sys=0.00s Real=0.11s
[257.135s][info][gc,start       ] GC(1018) Pause Initial Mark (G1 Evacuation Pause)
[257.135s][info][gc,task        ] GC(1018) Using 8 workers of 8 for evacuation
[257.281s][info][gc,phases      ] GC(1018)   Pre Evacuate Collection Set: 0.1ms
[257.281s][info][gc,phases      ] GC(1018)   Evacuate Collection Set: 135.2ms
[257.281s][info][gc,phases      ] GC(1018)   Post Evacuate Collection Set: 9.5ms
[257.281s][info][gc,phases      ] GC(1018)   Other: 1.0ms
[257.281s][info][gc,heap        ] GC(1018) Eden regions: 36->0(25)
[257.281s][info][gc,heap        ] GC(1018) Survivor regions: 8->6(6)
[257.281s][info][gc,heap        ] GC(1018) Old regions: 265->305
[257.281s][info][gc,heap        ] GC(1018) Humongous regions: 69->69
[257.281s][info][gc,metaspace   ] GC(1018) Metaspace: 14797K->14797K(31744K)
[257.281s][info][gc             ] GC(1018) Pause Initial Mark (G1 Evacuation Pause) 372M->374M(512M) 146.348ms
[257.281s][info][gc,cpu         ] GC(1018) User=0.94s Sys=0.02s Real=0.14s
[257.282s][info][gc             ] GC(1019) Concurrent Cycle
[257.282s][info][gc,marking     ] GC(1019) Concurrent Clear Claimed Marks
[257.282s][info][gc,marking     ] GC(1019) Concurrent Clear Claimed Marks 0.212ms
[257.282s][info][gc,marking     ] GC(1019) Concurrent Scan Root Regions
[257.288s][info][gc,marking     ] GC(1019) Concurrent Scan Root Regions 5.673ms
[257.288s][info][gc,marking     ] GC(1019) Concurrent Mark (257.288s)
[257.288s][info][gc,marking     ] GC(1019) Concurrent Mark From Roots
[257.288s][info][gc,task        ] GC(1019) Using 2 workers of 2 for marking
[257.345s][info][gc,start       ] GC(1020) Pause Young (G1 Evacuation Pause)
[257.346s][info][gc,task        ] GC(1020) Using 8 workers of 8 for evacuation
[257.423s][info][gc,phases      ] GC(1020)   Pre Evacuate Collection Set: 0.1ms
[257.423s][info][gc,phases      ] GC(1020)   Evacuate Collection Set: 75.8ms
[257.423s][info][gc,phases      ] GC(1020)   Post Evacuate Collection Set: 1.3ms
[257.423s][info][gc,phases      ] GC(1020)   Other: 1.3ms
[257.423s][info][gc,heap        ] GC(1020) Eden regions: 25->0(21)
[257.423s][info][gc,heap        ] GC(1020) Survivor regions: 6->4(4)
[257.423s][info][gc,heap        ] GC(1020) Old regions: 305->335
[257.423s][info][gc,heap        ] GC(1020) Humongous regions: 69->69
[257.424s][info][gc,metaspace   ] GC(1020) Metaspace: 14797K->14797K(31744K)
[257.424s][info][gc             ] GC(1020) Pause Young (G1 Evacuation Pause) 399M->401M(512M) 78.862ms
[257.424s][info][gc,cpu         ] GC(1020) User=0.58s Sys=0.02s Real=0.08s
[258.308s][info][gc,start       ] GC(1021) Pause Young (G1 Evacuation Pause)
[258.308s][info][gc,task        ] GC(1021) Using 8 workers of 8 for evacuation
[258.388s][info][gc,phases      ] GC(1021)   Pre Evacuate Collection Set: 0.1ms
[258.388s][info][gc,phases      ] GC(1021)   Evacuate Collection Set: 75.7ms
[258.388s][info][gc,phases      ] GC(1021)   Post Evacuate Collection Set: 4.1ms
[258.388s][info][gc,phases      ] GC(1021)   Other: 0.9ms
[258.388s][info][gc,heap        ] GC(1021) Eden regions: 21->0(21)
[258.388s][info][gc,heap        ] GC(1021) Survivor regions: 4->4(4)
[258.389s][info][gc,heap        ] GC(1021) Old regions: 335->357
[258.389s][info][gc,heap        ] GC(1021) Humongous regions: 69->69
[258.389s][info][gc,metaspace   ] GC(1021) Metaspace: 14798K->14798K(31744K)
[258.389s][info][gc             ] GC(1021) Pause Young (G1 Evacuation Pause) 422M->424M(512M) 81.169ms
[258.389s][info][gc,cpu         ] GC(1021) User=0.59s Sys=0.02s Real=0.09s
[259.218s][info][gc,start       ] GC(1022) Pause Young (G1 Evacuation Pause)
[259.218s][info][gc,task        ] GC(1022) Using 8 workers of 8 for evacuation
[259.290s][info][gc,phases      ] GC(1022)   Pre Evacuate Collection Set: 0.1ms
[259.290s][info][gc,phases      ] GC(1022)   Evacuate Collection Set: 70.7ms
[259.291s][info][gc,phases      ] GC(1022)   Post Evacuate Collection Set: 1.0ms
[259.291s][info][gc,phases      ] GC(1022)   Other: 0.7ms
[259.291s][info][gc,heap        ] GC(1022) Eden regions: 21->0(21)
[259.291s][info][gc,heap        ] GC(1022) Survivor regions: 4->4(4)
[259.291s][info][gc,heap        ] GC(1022) Old regions: 357->381
[259.291s][info][gc,heap        ] GC(1022) Humongous regions: 69->69
[259.291s][info][gc,metaspace   ] GC(1022) Metaspace: 14799K->14799K(31744K)
[259.291s][info][gc             ] GC(1022) Pause Young (G1 Evacuation Pause) 445M->447M(512M) 73.070ms
[259.291s][info][gc,cpu         ] GC(1022) User=0.56s Sys=0.02s Real=0.07s
[259.314s][info][gc,start       ] GC(1023) Pause Young (G1 Evacuation Pause)
[259.314s][info][gc,task        ] GC(1023) Using 8 workers of 8 for evacuation
[259.365s][info][gc,phases      ] GC(1023)   Pre Evacuate Collection Set: 0.0ms
[259.365s][info][gc,phases      ] GC(1023)   Evacuate Collection Set: 49.7ms
[259.365s][info][gc,phases      ] GC(1023)   Post Evacuate Collection Set: 0.7ms
[259.365s][info][gc,phases      ] GC(1023)   Other: 0.5ms
[259.365s][info][gc,heap        ] GC(1023) Eden regions: 21->0(21)
[259.365s][info][gc,heap        ] GC(1023) Survivor regions: 4->4(4)
[259.365s][info][gc,heap        ] GC(1023) Old regions: 381->403
[259.365s][info][gc,heap        ] GC(1023) Humongous regions: 69->69
[259.366s][info][gc,metaspace   ] GC(1023) Metaspace: 14799K->14799K(31744K)
[259.366s][info][gc             ] GC(1023) Pause Young (G1 Evacuation Pause) 468M->470M(512M) 51.358ms
[259.366s][info][gc,cpu         ] GC(1023) User=0.38s Sys=0.02s Real=0.06s
[260.313s][info][gc,start       ] GC(1024) Pause Young (G1 Evacuation Pause)
[260.313s][info][gc,task        ] GC(1024) Using 8 workers of 8 for evacuation
[260.473s][info][gc             ] GC(1024) To-space exhausted
[260.473s][info][gc,phases      ] GC(1024)   Pre Evacuate Collection Set: 0.1ms
[260.473s][info][gc,phases      ] GC(1024)   Evacuate Collection Set: 143.0ms
[260.473s][info][gc,phases      ] GC(1024)   Post Evacuate Collection Set: 16.3ms
[260.473s][info][gc,phases      ] GC(1024)   Other: 0.8ms
[260.473s][info][gc,heap        ] GC(1024) Eden regions: 21->0(21)
[260.473s][info][gc,heap        ] GC(1024) Survivor regions: 4->4(4)
[260.473s][info][gc,heap        ] GC(1024) Old regions: 403->428
[260.473s][info][gc,heap        ] GC(1024) Humongous regions: 69->69
[260.473s][info][gc,metaspace   ] GC(1024) Metaspace: 14799K->14799K(31744K)
[260.473s][info][gc             ] GC(1024) Pause Young (G1 Evacuation Pause) 491M->495M(512M) 160.475ms
[260.473s][info][gc,cpu         ] GC(1024) User=0.70s Sys=0.00s Real=0.15s
[261.461s][info][gc,start       ] GC(1025) Pause Young (G1 Evacuation Pause)
[261.461s][info][gc,task        ] GC(1025) Using 8 workers of 8 for evacuation
[261.534s][info][gc             ] GC(1025) To-space exhausted
[261.534s][info][gc,phases      ] GC(1025)   Pre Evacuate Collection Set: 0.1ms
[261.535s][info][gc,phases      ] GC(1025)   Evacuate Collection Set: 54.5ms
[261.535s][info][gc,phases      ] GC(1025)   Post Evacuate Collection Set: 18.0ms
[261.535s][info][gc,phases      ] GC(1025)   Other: 0.7ms
[261.535s][info][gc,heap        ] GC(1025) Eden regions: 11->0(25)
[261.535s][info][gc,heap        ] GC(1025) Survivor regions: 4->0(4)
[261.535s][info][gc,heap        ] GC(1025) Old regions: 428->443
[261.535s][info][gc,heap        ] GC(1025) Humongous regions: 69->69
[261.535s][info][gc,metaspace   ] GC(1025) Metaspace: 14799K->14799K(31744K)
[261.535s][info][gc             ] GC(1025) Pause Young (G1 Evacuation Pause) 506M->506M(512M) 73.603ms
[261.535s][info][gc,cpu         ] GC(1025) User=0.61s Sys=0.00s Real=0.08s
[261.536s][info][gc,start       ] GC(1026) Pause Young (G1 Evacuation Pause)
[261.536s][info][gc,task        ] GC(1026) Using 8 workers of 8 for evacuation
[261.557s][info][gc,phases      ] GC(1026)   Pre Evacuate Collection Set: 0.0ms
[261.557s][info][gc,phases      ] GC(1026)   Evacuate Collection Set: 19.7ms
[261.557s][info][gc,phases      ] GC(1026)   Post Evacuate Collection Set: 1.1ms
[261.557s][info][gc,phases      ] GC(1026)   Other: 0.4ms
[261.557s][info][gc,heap        ] GC(1026) Eden regions: 0->0(25)
[261.557s][info][gc,heap        ] GC(1026) Survivor regions: 0->0(4)
[261.557s][info][gc,heap        ] GC(1026) Old regions: 443->443
[261.557s][info][gc,heap        ] GC(1026) Humongous regions: 69->69
[261.557s][info][gc,metaspace   ] GC(1026) Metaspace: 14799K->14799K(31744K)
[261.557s][info][gc             ] GC(1026) Pause Young (G1 Evacuation Pause) 506M->506M(512M) 21.733ms
[261.557s][info][gc,cpu         ] GC(1026) User=0.11s Sys=0.03s Real=0.03s
[261.558s][info][gc,start       ] GC(1027) Pause Full (Allocation Failure)
[261.562s][info][gc,phases,start] GC(1027) Phase 1: Mark live objects
[262.679s][info][gc,stringtable ] GC(1027) Cleaned string and symbol table, strings: 7380 processed, 32 removed, symbols: 48836 processed, 0 removed
[262.679s][info][gc,phases      ] GC(1027) Phase 1: Mark live objects 1117.042ms
[262.679s][info][gc,phases,start] GC(1027) Phase 2: Prepare for compaction
[262.781s][info][gc,phases      ] GC(1027) Phase 2: Prepare for compaction 101.856ms
[262.782s][info][gc,phases,start] GC(1027) Phase 3: Adjust pointers and remembered sets
[263.099s][info][gc,phases      ] GC(1027) Phase 3: Adjust pointers and remembered sets 316.516ms
[263.099s][info][gc,phases,start] GC(1027) Phase 4: Compact heap
[263.273s][info][gc,phases      ] GC(1027) Phase 4: Compact heap 174.372ms
[263.276s][info][gc,heap        ] GC(1027) Eden regions: 0->0(25)
[263.276s][info][gc,heap        ] GC(1027) Survivor regions: 0->0(4)
[263.276s][info][gc,heap        ] GC(1027) Old regions: 443->419
[263.276s][info][gc,heap        ] GC(1027) Humongous regions: 69->69
[263.276s][info][gc,metaspace   ] GC(1027) Metaspace: 14799K->14795K(31744K)
[263.276s][info][gc             ] GC(1027) Pause Full (Allocation Failure) 506M->483M(512M) 1717.609ms
[263.277s][info][gc,cpu         ] GC(1027) User=12.69s Sys=0.11s Real=1.71s
[263.278s][info][gc,marking     ] GC(1019) Concurrent Mark From Roots 5989.850ms
[263.278s][info][gc,marking     ] GC(1019) Concurrent Mark Abort
[263.278s][info][gc             ] GC(1019) Concurrent Cycle 5996.144ms
[264.255s][info][gc,start       ] GC(1028) Pause Initial Mark (G1 Humongous Allocation)
[264.256s][info][gc,task        ] GC(1028) Using 8 workers of 8 for evacuation
[264.278s][info][gc,phases      ] GC(1028)   Pre Evacuate Collection Set: 0.1ms
[264.278s][info][gc,phases      ] GC(1028)   Evacuate Collection Set: 21.0ms
[264.278s][info][gc,phases      ] GC(1028)   Post Evacuate Collection Set: 0.8ms
[264.278s][info][gc,phases      ] GC(1028)   Other: 0.9ms
[264.278s][info][gc,heap        ] GC(1028) Eden regions: 6->0(21)
[264.278s][info][gc,heap        ] GC(1028) Survivor regions: 0->4(4)
[264.278s][info][gc,heap        ] GC(1028) Old regions: 419->421
[264.278s][info][gc,heap        ] GC(1028) Humongous regions: 69->69
[264.278s][info][gc,metaspace   ] GC(1028) Metaspace: 14799K->14799K(31744K)
[264.279s][info][gc             ] GC(1028) Pause Initial Mark (G1 Humongous Allocation) 489M->489M(512M) 23.214ms
[264.279s][info][gc,cpu         ] GC(1028) User=0.08s Sys=0.00s Real=0.01s
[264.279s][info][gc             ] GC(1029) Concurrent Cycle
[264.279s][info][gc,marking     ] GC(1029) Concurrent Clear Claimed Marks
[264.279s][info][gc,marking     ] GC(1029) Concurrent Clear Claimed Marks 0.139ms
[264.279s][info][gc,marking     ] GC(1029) Concurrent Scan Root Regions
[264.284s][info][gc,marking     ] GC(1029) Concurrent Scan Root Regions 4.578ms
[264.284s][info][gc,marking     ] GC(1029) Concurrent Mark (264.284s)
[264.284s][info][gc,marking     ] GC(1029) Concurrent Mark From Roots
[264.284s][info][gc,task        ] GC(1029) Using 2 workers of 2 for marking
[265.274s][info][gc,start       ] GC(1030) Pause Young (G1 Humongous Allocation)
[265.274s][info][gc,task        ] GC(1030) Using 8 workers of 8 for evacuation
[265.298s][info][gc,phases      ] GC(1030)   Pre Evacuate Collection Set: 0.0ms
[265.298s][info][gc,phases      ] GC(1030)   Evacuate Collection Set: 22.4ms
[265.298s][info][gc,phases      ] GC(1030)   Post Evacuate Collection Set: 1.0ms
[265.298s][info][gc,phases      ] GC(1030)   Other: 0.8ms
[265.298s][info][gc,heap        ] GC(1030) Eden regions: 1->0(24)
[265.298s][info][gc,heap        ] GC(1030) Survivor regions: 4->1(4)
[265.299s][info][gc,heap        ] GC(1030) Old regions: 421->425
[265.299s][info][gc,heap        ] GC(1030) Humongous regions: 69->69
[265.299s][info][gc,metaspace   ] GC(1030) Metaspace: 14799K->14799K(31744K)
[265.299s][info][gc             ] GC(1030) Pause Young (G1 Humongous Allocation) 489M->489M(512M) 24.362ms
[265.299s][info][gc,cpu         ] GC(1030) User=0.16s Sys=0.02s Real=0.03s
[265.300s][info][gc,start       ] GC(1031) Pause Full (Allocation Failure)
[265.303s][info][gc,phases,start] GC(1031) Phase 1: Mark live objects
[265.322s][info][gc,stringtable ] GC(1031) Cleaned string and symbol table, strings: 7368 processed, 19 removed, symbols: 48836 processed, 1 removed
[265.322s][info][gc,phases      ] GC(1031) Phase 1: Mark live objects 18.901ms
[265.322s][info][gc,phases,start] GC(1031) Phase 2: Prepare for compaction
[265.325s][info][gc,phases      ] GC(1031) Phase 2: Prepare for compaction 2.854ms
[265.325s][info][gc,phases,start] GC(1031) Phase 3: Adjust pointers and remembered sets
[265.332s][info][gc,phases      ] GC(1031) Phase 3: Adjust pointers and remembered sets 6.889ms
[265.332s][info][gc,phases,start] GC(1031) Phase 4: Compact heap
[265.335s][info][gc,phases      ] GC(1031) Phase 4: Compact heap 3.323ms
[265.345s][info][gc,heap        ] GC(1031) Eden regions: 0->0(96)
[265.345s][info][gc,heap        ] GC(1031) Survivor regions: 1->0(4)
[265.345s][info][gc,heap        ] GC(1031) Old regions: 425->14
[265.346s][info][gc,heap        ] GC(1031) Humongous regions: 69->0
[265.346s][info][gc,metaspace   ] GC(1031) Metaspace: 14799K->14799K(31744K)
[265.346s][info][gc             ] GC(1031) Pause Full (Allocation Failure) 489M->8M(512M) 45.914ms
[265.348s][info][gc,cpu         ] GC(1031) User=0.11s Sys=0.05s Real=0.04s
[265.349s][info][gc,marking     ] GC(1029) Concurrent Mark From Roots 1064.574ms
[265.392s][info][gc,marking     ] GC(1029) Concurrent Mark Abort
[265.392s][info][gc             ] GC(1029) Concurrent Cycle 1113.450ms
[265.729s][info][gc,start       ] GC(1032) Pause Young (G1 Evacuation Pause)
[265.729s][info][gc,task        ] GC(1032) Using 8 workers of 8 for evacuation
[265.964s][info][gc,mmu         ] GC(1032) MMU target violated: 201.0ms (200.0ms/201.0ms)
[265.964s][info][gc,phases      ] GC(1032)   Pre Evacuate Collection Set: 0.0ms
[265.964s][info][gc,phases      ] GC(1032)   Evacuate Collection Set: 233.2ms
[265.964s][info][gc,phases      ] GC(1032)   Post Evacuate Collection Set: 1.3ms
[265.964s][info][gc,phases      ] GC(1032)   Other: 0.9ms
[265.964s][info][gc,heap        ] GC(1032) Eden regions: 96->0(76)
[265.964s][info][gc,heap        ] GC(1032) Survivor regions: 0->12(12)
[265.964s][info][gc,heap        ] GC(1032) Old regions: 14->98
[265.964s][info][gc,heap        ] GC(1032) Humongous regions: 70->70
[265.964s][info][gc,metaspace   ] GC(1032) Metaspace: 14800K->14800K(31744K)
[265.965s][info][gc             ] GC(1032) Pause Young (G1 Evacuation Pause) 174M->174M(512M) 235.749ms
[265.965s][info][gc,cpu         ] GC(1032) User=1.69s Sys=0.13s Real=0.23s
[266.081s][info][gc,start       ] GC(1033) Pause Young (G1 Evacuation Pause)
[266.081s][info][gc,task        ] GC(1033) Using 8 workers of 8 for evacuation
[266.217s][info][gc,phases      ] GC(1033)   Pre Evacuate Collection Set: 0.1ms
[266.217s][info][gc,phases      ] GC(1033)   Evacuate Collection Set: 133.5ms
[266.217s][info][gc,phases      ] GC(1033)   Post Evacuate Collection Set: 1.2ms
[266.217s][info][gc,phases      ] GC(1033)   Other: 0.8ms
[266.217s][info][gc,heap        ] GC(1033) Eden regions: 74->0(64)
[266.217s][info][gc,heap        ] GC(1033) Survivor regions: 12->11(11)
[266.217s][info][gc,heap        ] GC(1033) Old regions: 98->175
[266.217s][info][gc,heap        ] GC(1033) Humongous regions: 70->70
[266.217s][info][gc,metaspace   ] GC(1033) Metaspace: 14800K->14800K(31744K)
[266.217s][info][gc             ] GC(1033) Pause Young (G1 Evacuation Pause) 248M->249M(512M) 136.167ms
[266.217s][info][gc,cpu         ] GC(1033) User=1.09s Sys=0.00s Real=0.15s
[266.316s][info][gc,start       ] GC(1034) Pause Young (G1 Evacuation Pause)
[266.316s][info][gc,task        ] GC(1034) Using 8 workers of 8 for evacuation
[266.423s][info][gc,phases      ] GC(1034)   Pre Evacuate Collection Set: 0.1ms
[266.423s][info][gc,phases      ] GC(1034)   Evacuate Collection Set: 105.3ms
[266.423s][info][gc,phases      ] GC(1034)   Post Evacuate Collection Set: 1.1ms
[266.423s][info][gc,phases      ] GC(1034)   Other: 0.7ms
[266.424s][info][gc,heap        ] GC(1034) Eden regions: 64->0(43)
[266.424s][info][gc,heap        ] GC(1034) Survivor regions: 11->10(10)
[266.424s][info][gc,heap        ] GC(1034) Old regions: 175->242
[266.424s][info][gc,heap        ] GC(1034) Humongous regions: 70->70
[266.424s][info][gc,metaspace   ] GC(1034) Metaspace: 14800K->14800K(31744K)
[266.424s][info][gc             ] GC(1034) Pause Young (G1 Evacuation Pause) 313M->315M(512M) 107.475ms
[266.424s][info][gc,cpu         ] GC(1034) User=0.75s Sys=0.02s Real=0.11s
[266.998s][info][gc,start       ] GC(1035) Pause Initial Mark (G1 Evacuation Pause)
[266.999s][info][gc,task        ] GC(1035) Using 8 workers of 8 for evacuation
[267.097s][info][gc,phases      ] GC(1035)   Pre Evacuate Collection Set: 0.1ms
[267.097s][info][gc,phases      ] GC(1035)   Evacuate Collection Set: 97.1ms
[267.097s][info][gc,phases      ] GC(1035)   Post Evacuate Collection Set: 1.1ms
[267.097s][info][gc,phases      ] GC(1035)   Other: 0.6ms
[267.097s][info][gc,heap        ] GC(1035) Eden regions: 43->0(29)
[267.097s][info][gc,heap        ] GC(1035) Survivor regions: 10->7(7)
[267.097s][info][gc,heap        ] GC(1035) Old regions: 242->289
[267.097s][info][gc,heap        ] GC(1035) Humongous regions: 70->70
[267.097s][info][gc,metaspace   ] GC(1035) Metaspace: 14800K->14800K(31744K)
[267.098s][info][gc             ] GC(1035) Pause Initial Mark (G1 Evacuation Pause) 358M->360M(512M) 99.174ms
[267.098s][info][gc,cpu         ] GC(1035) User=0.72s Sys=0.02s Real=0.09s
[267.098s][info][gc             ] GC(1036) Concurrent Cycle
[267.098s][info][gc,marking     ] GC(1036) Concurrent Clear Claimed Marks
[267.098s][info][gc,marking     ] GC(1036) Concurrent Clear Claimed Marks 0.096ms
[267.098s][info][gc,marking     ] GC(1036) Concurrent Scan Root Regions
[267.109s][info][gc,marking     ] GC(1036) Concurrent Scan Root Regions 10.583ms
[267.109s][info][gc,marking     ] GC(1036) Concurrent Mark (267.109s)
[267.109s][info][gc,marking     ] GC(1036) Concurrent Mark From Roots
[267.109s][info][gc,task        ] GC(1036) Using 2 workers of 2 for marking
[267.132s][info][gc,start       ] GC(1037) Pause Young (G1 Evacuation Pause)
[267.132s][info][gc,task        ] GC(1037) Using 8 workers of 8 for evacuation
[267.202s][info][gc,phases      ] GC(1037)   Pre Evacuate Collection Set: 0.0ms
[267.202s][info][gc,phases      ] GC(1037)   Evacuate Collection Set: 68.3ms
[267.202s][info][gc,phases      ] GC(1037)   Post Evacuate Collection Set: 0.9ms
[267.202s][info][gc,phases      ] GC(1037)   Other: 0.6ms
[267.202s][info][gc,heap        ] GC(1037) Eden regions: 29->0(20)
[267.202s][info][gc,heap        ] GC(1037) Survivor regions: 7->5(5)
[267.202s][info][gc,heap        ] GC(1037) Old regions: 289->323
[267.202s][info][gc,heap        ] GC(1037) Humongous regions: 70->70
[267.202s][info][gc,metaspace   ] GC(1037) Metaspace: 14800K->14800K(31744K)
[267.202s][info][gc             ] GC(1037) Pause Young (G1 Evacuation Pause) 389M->391M(512M) 70.238ms
[267.202s][info][gc,cpu         ] GC(1037) User=0.50s Sys=0.00s Real=0.07s
[267.225s][info][gc,start       ] GC(1038) Pause Young (G1 Evacuation Pause)
[267.225s][info][gc,task        ] GC(1038) Using 8 workers of 8 for evacuation
[267.281s][info][gc,phases      ] GC(1038)   Pre Evacuate Collection Set: 0.0ms
[267.281s][info][gc,phases      ] GC(1038)   Evacuate Collection Set: 53.1ms
[267.281s][info][gc,phases      ] GC(1038)   Post Evacuate Collection Set: 2.3ms
[267.281s][info][gc,phases      ] GC(1038)   Other: 0.5ms
[267.282s][info][gc,heap        ] GC(1038) Eden regions: 20->0(21)
[267.282s][info][gc,heap        ] GC(1038) Survivor regions: 5->4(4)
[267.282s][info][gc,heap        ] GC(1038) Old regions: 323->346
[267.282s][info][gc,heap        ] GC(1038) Humongous regions: 70->70
[267.282s][info][gc,metaspace   ] GC(1038) Metaspace: 14800K->14800K(31744K)
[267.282s][info][gc             ] GC(1038) Pause Young (G1 Evacuation Pause) 411M->413M(512M) 56.658ms
[267.282s][info][gc,cpu         ] GC(1038) User=0.47s Sys=0.00s Real=0.06s
[267.299s][info][gc,start       ] GC(1039) Pause Young (G1 Evacuation Pause)
[267.299s][info][gc,task        ] GC(1039) Using 8 workers of 8 for evacuation
[267.357s][info][gc,phases      ] GC(1039)   Pre Evacuate Collection Set: 0.0ms
[267.357s][info][gc,phases      ] GC(1039)   Evacuate Collection Set: 57.3ms
[267.357s][info][gc,phases      ] GC(1039)   Post Evacuate Collection Set: 0.7ms
[267.357s][info][gc,phases      ] GC(1039)   Other: 0.5ms
[267.357s][info][gc,heap        ] GC(1039) Eden regions: 21->0(21)
[267.357s][info][gc,heap        ] GC(1039) Survivor regions: 4->4(4)
[267.357s][info][gc,heap        ] GC(1039) Old regions: 346->368
[267.357s][info][gc,heap        ] GC(1039) Humongous regions: 70->70
[267.357s][info][gc,metaspace   ] GC(1039) Metaspace: 14800K->14800K(31744K)
[267.358s][info][gc             ] GC(1039) Pause Young (G1 Evacuation Pause) 434M->436M(512M) 58.897ms
[267.358s][info][gc,cpu         ] GC(1039) User=0.36s Sys=0.02s Real=0.06s
[267.398s][info][gc,start       ] GC(1040) Pause Young (G1 Evacuation Pause)
[267.398s][info][gc,task        ] GC(1040) Using 8 workers of 8 for evacuation
[267.443s][info][gc,phases      ] GC(1040)   Pre Evacuate Collection Set: 0.0ms
[267.443s][info][gc,phases      ] GC(1040)   Evacuate Collection Set: 43.4ms
[267.443s][info][gc,phases      ] GC(1040)   Post Evacuate Collection Set: 0.8ms
[267.443s][info][gc,phases      ] GC(1040)   Other: 0.6ms
[267.443s][info][gc,heap        ] GC(1040) Eden regions: 21->0(21)
[267.443s][info][gc,heap        ] GC(1040) Survivor regions: 4->4(4)
[267.443s][info][gc,heap        ] GC(1040) Old regions: 368->392
[267.443s][info][gc,heap        ] GC(1040) Humongous regions: 70->70
[267.443s][info][gc,metaspace   ] GC(1040) Metaspace: 14800K->14800K(31744K)
[267.443s][info][gc             ] GC(1040) Pause Young (G1 Evacuation Pause) 457M->459M(512M) 45.492ms
[267.444s][info][gc,cpu         ] GC(1040) User=0.25s Sys=0.00s Real=0.04s
[268.274s][info][gc,start       ] GC(1041) Pause Young (G1 Evacuation Pause)
[268.274s][info][gc,task        ] GC(1041) Using 8 workers of 8 for evacuation
[268.405s][info][gc             ] GC(1041) To-space exhausted
[268.405s][info][gc,phases      ] GC(1041)   Pre Evacuate Collection Set: 0.1ms
[268.405s][info][gc,phases      ] GC(1041)   Evacuate Collection Set: 124.5ms
[268.405s][info][gc,phases      ] GC(1041)   Post Evacuate Collection Set: 5.6ms
[268.405s][info][gc,phases      ] GC(1041)   Other: 0.8ms
[268.405s][info][gc,heap        ] GC(1041) Eden regions: 21->0(21)
[268.405s][info][gc,heap        ] GC(1041) Survivor regions: 4->4(4)
[268.405s][info][gc,heap        ] GC(1041) Old regions: 392->421
[268.405s][info][gc,heap        ] GC(1041) Humongous regions: 70->70
[268.405s][info][gc,metaspace   ] GC(1041) Metaspace: 14801K->14801K(31744K)
[268.405s][info][gc             ] GC(1041) Pause Young (G1 Evacuation Pause) 480M->489M(512M) 131.161ms
[268.405s][info][gc,cpu         ] GC(1041) User=0.36s Sys=0.00s Real=0.13s
[268.419s][info][gc,start       ] GC(1042) Pause Young (G1 Evacuation Pause)
[268.419s][info][gc,task        ] GC(1042) Using 8 workers of 8 for evacuation
[268.532s][info][gc             ] GC(1042) To-space exhausted
[268.532s][info][gc,phases      ] GC(1042)   Pre Evacuate Collection Set: 0.0ms
[268.532s][info][gc,phases      ] GC(1042)   Evacuate Collection Set: 75.9ms
[268.532s][info][gc,phases      ] GC(1042)   Post Evacuate Collection Set: 36.5ms
[268.532s][info][gc,phases      ] GC(1042)   Other: 0.7ms
[268.533s][info][gc,heap        ] GC(1042) Eden regions: 17->0(25)
[268.533s][info][gc,heap        ] GC(1042) Survivor regions: 4->0(4)
[268.533s][info][gc,heap        ] GC(1042) Old regions: 421->442
[268.533s][info][gc,heap        ] GC(1042) Humongous regions: 70->70
[268.533s][info][gc,metaspace   ] GC(1042) Metaspace: 14801K->14801K(31744K)
[268.533s][info][gc             ] GC(1042) Pause Young (G1 Evacuation Pause) 506M->506M(512M) 113.567ms
[268.533s][info][gc,cpu         ] GC(1042) User=0.78s Sys=0.02s Real=0.13s
[269.522s][info][gc,start       ] GC(1043) Pause Young (G1 Evacuation Pause)
[269.522s][info][gc,task        ] GC(1043) Using 8 workers of 8 for evacuation
[269.551s][info][gc,phases      ] GC(1043)   Pre Evacuate Collection Set: 0.0ms
[269.551s][info][gc,phases      ] GC(1043)   Evacuate Collection Set: 23.8ms
[269.551s][info][gc,phases      ] GC(1043)   Post Evacuate Collection Set: 4.8ms
[269.551s][info][gc,phases      ] GC(1043)   Other: 0.6ms
[269.551s][info][gc,heap        ] GC(1043) Eden regions: 0->0(25)
[269.551s][info][gc,heap        ] GC(1043) Survivor regions: 0->0(4)
[269.551s][info][gc,heap        ] GC(1043) Old regions: 442->442
[269.551s][info][gc,heap        ] GC(1043) Humongous regions: 70->70
[269.551s][info][gc,metaspace   ] GC(1043) Metaspace: 14801K->14801K(31744K)
[269.552s][info][gc             ] GC(1043) Pause Young (G1 Evacuation Pause) 506M->506M(512M) 29.527ms
[269.552s][info][gc,cpu         ] GC(1043) User=0.09s Sys=0.02s Real=0.02s
[269.552s][info][gc,start       ] GC(1044) Pause Young (G1 Evacuation Pause)
[269.552s][info][gc,task        ] GC(1044) Using 8 workers of 8 for evacuation
[269.559s][info][gc,phases      ] GC(1044)   Pre Evacuate Collection Set: 0.0ms
[269.559s][info][gc,phases      ] GC(1044)   Evacuate Collection Set: 0.8ms
[269.559s][info][gc,phases      ] GC(1044)   Post Evacuate Collection Set: 6.0ms
[269.559s][info][gc,phases      ] GC(1044)   Other: 0.5ms
[269.559s][info][gc,heap        ] GC(1044) Eden regions: 0->0(25)
[269.559s][info][gc,heap        ] GC(1044) Survivor regions: 0->0(4)
[269.559s][info][gc,heap        ] GC(1044) Old regions: 442->442
[269.559s][info][gc,heap        ] GC(1044) Humongous regions: 70->70
[269.559s][info][gc,metaspace   ] GC(1044) Metaspace: 14801K->14801K(31744K)
[269.560s][info][gc             ] GC(1044) Pause Young (G1 Evacuation Pause) 506M->506M(512M) 7.640ms
[269.560s][info][gc,cpu         ] GC(1044) User=0.06s Sys=0.02s Real=0.01s
[269.560s][info][gc,start       ] GC(1045) Pause Full (Allocation Failure)
[269.564s][info][gc,phases,start] GC(1045) Phase 1: Mark live objects
[270.798s][info][gc,stringtable ] GC(1045) Cleaned string and symbol table, strings: 7379 processed, 30 removed, symbols: 48835 processed, 0 removed
[270.798s][info][gc,phases      ] GC(1045) Phase 1: Mark live objects 1234.369ms
[270.798s][info][gc,phases,start] GC(1045) Phase 2: Prepare for compaction
[270.911s][info][gc,phases      ] GC(1045) Phase 2: Prepare for compaction 113.359ms
[270.912s][info][gc,phases,start] GC(1045) Phase 3: Adjust pointers and remembered sets
[271.242s][info][gc,phases      ] GC(1045) Phase 3: Adjust pointers and remembered sets 330.284ms
[271.242s][info][gc,phases,start] GC(1045) Phase 4: Compact heap
[271.395s][info][gc,phases      ] GC(1045) Phase 4: Compact heap 152.317ms
[271.399s][info][gc,heap        ] GC(1045) Eden regions: 0->0(25)
[271.399s][info][gc,heap        ] GC(1045) Survivor regions: 0->0(4)
[271.400s][info][gc,heap        ] GC(1045) Old regions: 442->417
[271.400s][info][gc,heap        ] GC(1045) Humongous regions: 70->70
[271.400s][info][gc,metaspace   ] GC(1045) Metaspace: 14801K->14801K(31744K)
[271.400s][info][gc             ] GC(1045) Pause Full (Allocation Failure) 506M->482M(512M) 1839.460ms
[271.401s][info][gc,cpu         ] GC(1045) User=13.14s Sys=0.27s Real=1.85s
[271.401s][info][gc,marking     ] GC(1036) Concurrent Mark From Roots 4292.760ms
[271.402s][info][gc,marking     ] GC(1036) Concurrent Mark Abort
[271.402s][info][gc             ] GC(1036) Concurrent Cycle 4303.859ms
[272.651s][info][gc,start       ] GC(1046) Pause Initial Mark (G1 Humongous Allocation)
[272.651s][info][gc,task        ] GC(1046) Using 8 workers of 8 for evacuation
[272.693s][info][gc,phases      ] GC(1046)   Pre Evacuate Collection Set: 0.1ms
[272.693s][info][gc,phases      ] GC(1046)   Evacuate Collection Set: 39.6ms
[272.693s][info][gc,phases      ] GC(1046)   Post Evacuate Collection Set: 1.1ms
[272.693s][info][gc,phases      ] GC(1046)   Other: 1.1ms
[272.693s][info][gc,heap        ] GC(1046) Eden regions: 12->0(21)
[272.693s][info][gc,heap        ] GC(1046) Survivor regions: 0->4(4)
[272.693s][info][gc,heap        ] GC(1046) Old regions: 417->424
[272.693s][info][gc,heap        ] GC(1046) Humongous regions: 70->70
[272.693s][info][gc,metaspace   ] GC(1046) Metaspace: 14801K->14801K(31744K)
[272.694s][info][gc             ] GC(1046) Pause Initial Mark (G1 Humongous Allocation) 493M->492M(512M) 42.271ms
[272.694s][info][gc,cpu         ] GC(1046) User=0.19s Sys=0.02s Real=0.04s
[272.694s][info][gc             ] GC(1047) Concurrent Cycle
[272.694s][info][gc,marking     ] GC(1047) Concurrent Clear Claimed Marks
[272.694s][info][gc,marking     ] GC(1047) Concurrent Clear Claimed Marks 0.098ms
[272.694s][info][gc,marking     ] GC(1047) Concurrent Scan Root Regions
[272.698s][info][gc,marking     ] GC(1047) Concurrent Scan Root Regions 4.291ms
[272.698s][info][gc,marking     ] GC(1047) Concurrent Mark (272.698s)
[272.698s][info][gc,marking     ] GC(1047) Concurrent Mark From Roots
[272.699s][info][gc,task        ] GC(1047) Using 2 workers of 2 for marking
[273.815s][info][gc,start       ] GC(1048) Pause Young (G1 Humongous Allocation)
[273.815s][info][gc,task        ] GC(1048) Using 8 workers of 8 for evacuation
[273.894s][info][gc,phases      ] GC(1048)   Pre Evacuate Collection Set: 0.0ms
[273.894s][info][gc,phases      ] GC(1048)   Evacuate Collection Set: 68.2ms
[273.894s][info][gc,phases      ] GC(1048)   Post Evacuate Collection Set: 9.6ms
[273.894s][info][gc,phases      ] GC(1048)   Other: 0.6ms
[273.894s][info][gc,heap        ] GC(1048) Eden regions: 1->0(24)
[273.894s][info][gc,heap        ] GC(1048) Survivor regions: 4->1(4)
[273.894s][info][gc,heap        ] GC(1048) Old regions: 424->429
[273.894s][info][gc,heap        ] GC(1048) Humongous regions: 70->70
[273.894s][info][gc,metaspace   ] GC(1048) Metaspace: 14801K->14801K(31744K)
[273.894s][info][gc             ] GC(1048) Pause Young (G1 Humongous Allocation) 492M->493M(512M) 78.887ms
[273.894s][info][gc,cpu         ] GC(1048) User=0.28s Sys=0.03s Real=0.08s
[273.900s][info][gc,start       ] GC(1049) Pause Full (Allocation Failure)
[273.904s][info][gc,phases,start] GC(1049) Phase 1: Mark live objects
[273.962s][info][gc,stringtable ] GC(1049) Cleaned string and symbol table, strings: 7349 processed, 0 removed, symbols: 48835 processed, 0 removed
[273.963s][info][gc,phases      ] GC(1049) Phase 1: Mark live objects 58.741ms
[273.963s][info][gc,phases,start] GC(1049) Phase 2: Prepare for compaction
[273.970s][info][gc,phases      ] GC(1049) Phase 2: Prepare for compaction 7.743ms
[273.971s][info][gc,phases,start] GC(1049) Phase 3: Adjust pointers and remembered sets
[273.985s][info][gc,phases      ] GC(1049) Phase 3: Adjust pointers and remembered sets 14.437ms
[273.985s][info][gc,phases,start] GC(1049) Phase 4: Compact heap
[273.999s][info][gc,phases      ] GC(1049) Phase 4: Compact heap 13.690ms
[274.003s][info][gc,heap        ] GC(1049) Eden regions: 0->0(93)
[274.004s][info][gc,heap        ] GC(1049) Survivor regions: 1->0(4)
[274.004s][info][gc,heap        ] GC(1049) Old regions: 429->14
[274.004s][info][gc,heap        ] GC(1049) Humongous regions: 70->0
[274.004s][info][gc,metaspace   ] GC(1049) Metaspace: 14801K->14801K(31744K)
[274.004s][info][gc             ] GC(1049) Pause Full (Allocation Failure) 493M->8M(512M) 103.549ms
[274.005s][info][gc,cpu         ] GC(1049) User=0.02s Sys=0.00s Real=0.07s
[274.006s][info][gc,marking     ] GC(1047) Concurrent Mark From Roots 1307.386ms
[274.052s][info][gc,marking     ] GC(1047) Concurrent Mark Abort
[274.052s][info][gc             ] GC(1047) Concurrent Cycle 1358.755ms
[274.220s][info][gc,start       ] GC(1050) Pause Young (G1 Evacuation Pause)
[274.220s][info][gc,task        ] GC(1050) Using 8 workers of 8 for evacuation
[274.521s][info][gc,mmu         ] GC(1050) MMU target violated: 201.0ms (200.0ms/201.0ms)
[274.522s][info][gc,phases      ] GC(1050)   Pre Evacuate Collection Set: 0.1ms
[274.522s][info][gc,phases      ] GC(1050)   Evacuate Collection Set: 297.8ms
[274.522s][info][gc,phases      ] GC(1050)   Post Evacuate Collection Set: 2.5ms
[274.522s][info][gc,phases      ] GC(1050)   Other: 1.0ms
[274.522s][info][gc,heap        ] GC(1050) Eden regions: 93->0(65)
[274.522s][info][gc,heap        ] GC(1050) Survivor regions: 0->12(12)
[274.522s][info][gc,heap        ] GC(1050) Old regions: 14->95
[274.522s][info][gc,heap        ] GC(1050) Humongous regions: 70->70
[274.522s][info][gc,metaspace   ] GC(1050) Metaspace: 14801K->14801K(31744K)
[274.522s][info][gc             ] GC(1050) Pause Young (G1 Evacuation Pause) 171M->171M(512M) 302.022ms
[274.522s][info][gc,cpu         ] GC(1050) User=1.92s Sys=0.08s Real=0.30s
[274.645s][info][gc,start       ] GC(1051) Pause Young (G1 Evacuation Pause)
[274.645s][info][gc,task        ] GC(1051) Using 8 workers of 8 for evacuation
[274.839s][info][gc,phases      ] GC(1051)   Pre Evacuate Collection Set: 0.0ms
[274.839s][info][gc,phases      ] GC(1051)   Evacuate Collection Set: 191.7ms
[274.839s][info][gc,phases      ] GC(1051)   Post Evacuate Collection Set: 2.1ms
[274.839s][info][gc,phases      ] GC(1051)   Other: 0.6ms
[274.839s][info][gc,heap        ] GC(1051) Eden regions: 65->0(63)
[274.839s][info][gc,heap        ] GC(1051) Survivor regions: 12->10(10)
[274.839s][info][gc,heap        ] GC(1051) Old regions: 95->165
[274.839s][info][gc,heap        ] GC(1051) Humongous regions: 70->70
[274.839s][info][gc,metaspace   ] GC(1051) Metaspace: 14801K->14801K(31744K)
[274.840s][info][gc             ] GC(1051) Pause Young (G1 Evacuation Pause) 236M->239M(512M) 194.773ms
[274.840s][info][gc,cpu         ] GC(1051) User=1.38s Sys=0.00s Real=0.19s
[274.924s][info][gc,start       ] GC(1052) Pause Young (G1 Evacuation Pause)
[274.924s][info][gc,task        ] GC(1052) Using 8 workers of 8 for evacuation
[275.112s][info][gc,phases      ] GC(1052)   Pre Evacuate Collection Set: 0.1ms
[275.112s][info][gc,phases      ] GC(1052)   Evacuate Collection Set: 185.4ms
[275.112s][info][gc,phases      ] GC(1052)   Post Evacuate Collection Set: 1.5ms
[275.112s][info][gc,phases      ] GC(1052)   Other: 0.7ms
[275.112s][info][gc,heap        ] GC(1052) Eden regions: 63->0(46)
[275.112s][info][gc,heap        ] GC(1052) Survivor regions: 10->10(10)
[275.112s][info][gc,heap        ] GC(1052) Old regions: 165->230
[275.112s][info][gc,heap        ] GC(1052) Humongous regions: 70->70
[275.112s][info][gc,metaspace   ] GC(1052) Metaspace: 14801K->14801K(31744K)
[275.112s][info][gc             ] GC(1052) Pause Young (G1 Evacuation Pause) 302M->304M(512M) 188.063ms
[275.112s][info][gc,cpu         ] GC(1052) User=1.02s Sys=0.05s Real=0.15s
[275.210s][info][gc,start       ] GC(1053) Pause Initial Mark (G1 Evacuation Pause)
[275.210s][info][gc,task        ] GC(1053) Using 8 workers of 8 for evacuation
[275.361s][info][gc,phases      ] GC(1053)   Pre Evacuate Collection Set: 0.1ms
[275.361s][info][gc,phases      ] GC(1053)   Evacuate Collection Set: 149.1ms
[275.361s][info][gc,phases      ] GC(1053)   Post Evacuate Collection Set: 1.5ms
[275.361s][info][gc,phases      ] GC(1053)   Other: 0.8ms
[275.361s][info][gc,heap        ] GC(1053) Eden regions: 46->0(31)
[275.362s][info][gc,heap        ] GC(1053) Survivor regions: 10->7(7)
[275.362s][info][gc,heap        ] GC(1053) Old regions: 230->281
[275.362s][info][gc,heap        ] GC(1053) Humongous regions: 70->70
[275.362s][info][gc,metaspace   ] GC(1053) Metaspace: 14801K->14801K(31744K)
[275.362s][info][gc             ] GC(1053) Pause Initial Mark (G1 Evacuation Pause) 350M->352M(512M) 151.979ms
[275.362s][info][gc,cpu         ] GC(1053) User=0.94s Sys=0.00s Real=0.15s
[275.362s][info][gc             ] GC(1054) Concurrent Cycle
[275.362s][info][gc,marking     ] GC(1054) Concurrent Clear Claimed Marks
[275.362s][info][gc,marking     ] GC(1054) Concurrent Clear Claimed Marks 0.123ms
[275.363s][info][gc,marking     ] GC(1054) Concurrent Scan Root Regions
[275.387s][info][gc,marking     ] GC(1054) Concurrent Scan Root Regions 24.752ms
[275.387s][info][gc,marking     ] GC(1054) Concurrent Mark (275.387s)
[275.388s][info][gc,marking     ] GC(1054) Concurrent Mark From Roots
[275.388s][info][gc,task        ] GC(1054) Using 2 workers of 2 for marking
[275.443s][info][gc,start       ] GC(1055) Pause Young (G1 Evacuation Pause)
[275.444s][info][gc,task        ] GC(1055) Using 8 workers of 8 for evacuation
[275.567s][info][gc,phases      ] GC(1055)   Pre Evacuate Collection Set: 0.0ms
[275.567s][info][gc,phases      ] GC(1055)   Evacuate Collection Set: 107.2ms
[275.567s][info][gc,phases      ] GC(1055)   Post Evacuate Collection Set: 15.3ms
[275.567s][info][gc,phases      ] GC(1055)   Other: 0.6ms
[275.567s][info][gc,heap        ] GC(1055) Eden regions: 31->0(21)
[275.567s][info][gc,heap        ] GC(1055) Survivor regions: 7->5(5)
[275.567s][info][gc,heap        ] GC(1055) Old regions: 281->316
[275.567s][info][gc,heap        ] GC(1055) Humongous regions: 70->70
[275.567s][info][gc,metaspace   ] GC(1055) Metaspace: 14801K->14801K(31744K)
[275.567s][info][gc             ] GC(1055) Pause Young (G1 Evacuation Pause) 383M->385M(512M) 123.613ms
[275.567s][info][gc,cpu         ] GC(1055) User=0.72s Sys=0.00s Real=0.11s
[275.622s][info][gc,start       ] GC(1056) Pause Young (G1 Evacuation Pause)
[275.622s][info][gc,task        ] GC(1056) Using 8 workers of 8 for evacuation
[275.721s][info][gc,phases      ] GC(1056)   Pre Evacuate Collection Set: 0.0ms
[275.721s][info][gc,phases      ] GC(1056)   Evacuate Collection Set: 82.7ms
[275.722s][info][gc,phases      ] GC(1056)   Post Evacuate Collection Set: 16.3ms
[275.722s][info][gc,phases      ] GC(1056)   Other: 0.6ms
[275.722s][info][gc,heap        ] GC(1056) Eden regions: 21->0(21)
[275.722s][info][gc,heap        ] GC(1056) Survivor regions: 5->4(4)
[275.722s][info][gc,heap        ] GC(1056) Old regions: 316->339
[275.722s][info][gc,heap        ] GC(1056) Humongous regions: 70->70
[275.722s][info][gc,metaspace   ] GC(1056) Metaspace: 14802K->14802K(31744K)
[275.722s][info][gc             ] GC(1056) Pause Young (G1 Evacuation Pause) 406M->407M(512M) 100.044ms
[275.722s][info][gc,cpu         ] GC(1056) User=0.55s Sys=0.06s Real=0.09s
[275.828s][info][gc,start       ] GC(1057) Pause Young (G1 Evacuation Pause)
[275.828s][info][gc,task        ] GC(1057) Using 8 workers of 8 for evacuation
[275.901s][info][gc,phases      ] GC(1057)   Pre Evacuate Collection Set: 0.1ms
[275.901s][info][gc,phases      ] GC(1057)   Evacuate Collection Set: 70.2ms
[275.901s][info][gc,phases      ] GC(1057)   Post Evacuate Collection Set: 2.0ms
[275.901s][info][gc,phases      ] GC(1057)   Other: 0.5ms
[275.901s][info][gc,heap        ] GC(1057) Eden regions: 21->0(21)
[275.901s][info][gc,heap        ] GC(1057) Survivor regions: 4->4(4)
[275.901s][info][gc,heap        ] GC(1057) Old regions: 339->362
[275.901s][info][gc,heap        ] GC(1057) Humongous regions: 70->70
[275.901s][info][gc,metaspace   ] GC(1057) Metaspace: 14802K->14802K(31744K)
[275.901s][info][gc             ] GC(1057) Pause Young (G1 Evacuation Pause) 428M->430M(512M) 73.187ms
[275.901s][info][gc,cpu         ] GC(1057) User=0.63s Sys=0.00s Real=0.08s
[275.975s][info][gc,start       ] GC(1058) Pause Young (G1 Evacuation Pause)
[275.975s][info][gc,task        ] GC(1058) Using 8 workers of 8 for evacuation
[276.030s][info][gc,phases      ] GC(1058)   Pre Evacuate Collection Set: 0.1ms
[276.031s][info][gc,phases      ] GC(1058)   Evacuate Collection Set: 52.8ms
[276.031s][info][gc,phases      ] GC(1058)   Post Evacuate Collection Set: 2.1ms
[276.031s][info][gc,phases      ] GC(1058)   Other: 0.7ms
[276.031s][info][gc,heap        ] GC(1058) Eden regions: 21->0(21)
[276.031s][info][gc,heap        ] GC(1058) Survivor regions: 4->4(4)
[276.031s][info][gc,heap        ] GC(1058) Old regions: 362->385
[276.031s][info][gc,heap        ] GC(1058) Humongous regions: 70->70
[276.031s][info][gc,metaspace   ] GC(1058) Metaspace: 14802K->14802K(31744K)
[276.031s][info][gc             ] GC(1058) Pause Young (G1 Evacuation Pause) 451M->453M(512M) 56.323ms
[276.031s][info][gc,cpu         ] GC(1058) User=0.28s Sys=0.00s Real=0.06s
[276.109s][info][gc,start       ] GC(1059) Pause Young (G1 Evacuation Pause)
[276.109s][info][gc,task        ] GC(1059) Using 8 workers of 8 for evacuation
[276.184s][info][gc,phases      ] GC(1059)   Pre Evacuate Collection Set: 0.0ms
[276.184s][info][gc,phases      ] GC(1059)   Evacuate Collection Set: 70.6ms
[276.184s][info][gc,phases      ] GC(1059)   Post Evacuate Collection Set: 3.5ms
[276.184s][info][gc,phases      ] GC(1059)   Other: 0.6ms
[276.184s][info][gc,heap        ] GC(1059) Eden regions: 21->0(21)
[276.184s][info][gc,heap        ] GC(1059) Survivor regions: 4->4(4)
[276.184s][info][gc,heap        ] GC(1059) Old regions: 385->408
[276.184s][info][gc,heap        ] GC(1059) Humongous regions: 70->70
[276.184s][info][gc,metaspace   ] GC(1059) Metaspace: 14802K->14802K(31744K)
[276.184s][info][gc             ] GC(1059) Pause Young (G1 Evacuation Pause) 474M->476M(512M) 75.445ms
[276.185s][info][gc,cpu         ] GC(1059) User=0.48s Sys=0.00s Real=0.08s
[276.210s][info][gc,start       ] GC(1060) Pause Young (G1 Evacuation Pause)
[276.210s][info][gc,task        ] GC(1060) Using 8 workers of 8 for evacuation
[276.340s][info][gc             ] GC(1060) To-space exhausted
[276.340s][info][gc,phases      ] GC(1060)   Pre Evacuate Collection Set: 0.0ms
[276.340s][info][gc,phases      ] GC(1060)   Evacuate Collection Set: 73.1ms
[276.340s][info][gc,phases      ] GC(1060)   Post Evacuate Collection Set: 55.9ms
[276.340s][info][gc,phases      ] GC(1060)   Other: 0.8ms
[276.340s][info][gc,heap        ] GC(1060) Eden regions: 21->0(21)
[276.340s][info][gc,heap        ] GC(1060) Survivor regions: 4->4(4)
[276.340s][info][gc,heap        ] GC(1060) Old regions: 408->432
[276.340s][info][gc,heap        ] GC(1060) Humongous regions: 70->70
[276.340s][info][gc,metaspace   ] GC(1060) Metaspace: 14802K->14802K(31744K)
[276.340s][info][gc             ] GC(1060) Pause Young (G1 Evacuation Pause) 497M->500M(512M) 130.111ms
[276.340s][info][gc,cpu         ] GC(1060) User=0.66s Sys=0.02s Real=0.13s
[276.375s][info][gc,start       ] GC(1061) Pause Young (G1 Evacuation Pause)
[276.375s][info][gc,task        ] GC(1061) Using 8 workers of 8 for evacuation
[276.466s][info][gc             ] GC(1061) To-space exhausted
[276.466s][info][gc,phases      ] GC(1061)   Pre Evacuate Collection Set: 0.1ms
[276.466s][info][gc,phases      ] GC(1061)   Evacuate Collection Set: 46.9ms
[276.466s][info][gc,phases      ] GC(1061)   Post Evacuate Collection Set: 43.6ms
[276.466s][info][gc,phases      ] GC(1061)   Other: 0.9ms
[276.466s][info][gc,heap        ] GC(1061) Eden regions: 6->0(25)
[276.467s][info][gc,heap        ] GC(1061) Survivor regions: 4->0(4)
[276.467s][info][gc,heap        ] GC(1061) Old regions: 432->442
[276.467s][info][gc,heap        ] GC(1061) Humongous regions: 70->70
[276.467s][info][gc,metaspace   ] GC(1061) Metaspace: 14802K->14802K(31744K)
[276.467s][info][gc             ] GC(1061) Pause Young (G1 Evacuation Pause) 506M->506M(512M) 92.249ms
[276.467s][info][gc,cpu         ] GC(1061) User=0.41s Sys=0.00s Real=0.10s
[276.468s][info][gc,start       ] GC(1062) Pause Young (G1 Evacuation Pause)
[276.468s][info][gc,task        ] GC(1062) Using 8 workers of 8 for evacuation
[276.502s][info][gc,phases      ] GC(1062)   Pre Evacuate Collection Set: 0.0ms
[276.502s][info][gc,phases      ] GC(1062)   Evacuate Collection Set: 24.4ms
[276.502s][info][gc,phases      ] GC(1062)   Post Evacuate Collection Set: 9.0ms
[276.502s][info][gc,phases      ] GC(1062)   Other: 0.5ms
[276.502s][info][gc,heap        ] GC(1062) Eden regions: 0->0(25)
[276.502s][info][gc,heap        ] GC(1062) Survivor regions: 0->0(4)
[276.502s][info][gc,heap        ] GC(1062) Old regions: 442->442
[276.502s][info][gc,heap        ] GC(1062) Humongous regions: 70->70
[276.503s][info][gc,metaspace   ] GC(1062) Metaspace: 14802K->14802K(31744K)
[276.503s][info][gc             ] GC(1062) Pause Young (G1 Evacuation Pause) 506M->506M(512M) 34.513ms
[276.503s][info][gc,cpu         ] GC(1062) User=0.23s Sys=0.00s Real=0.02s
[276.504s][info][gc,start       ] GC(1063) Pause Full (Allocation Failure)
[276.513s][info][gc,phases,start] GC(1063) Phase 1: Mark live objects
[277.983s][info][gc,stringtable ] GC(1063) Cleaned string and symbol table, strings: 7371 processed, 22 removed, symbols: 48835 processed, 0 removed
[277.983s][info][gc,phases      ] GC(1063) Phase 1: Mark live objects 1469.895ms
[277.983s][info][gc,phases,start] GC(1063) Phase 2: Prepare for compaction
[278.128s][info][gc,phases      ] GC(1063) Phase 2: Prepare for compaction 144.703ms
[278.128s][info][gc,phases,start] GC(1063) Phase 3: Adjust pointers and remembered sets
[278.497s][info][gc,phases      ] GC(1063) Phase 3: Adjust pointers and remembered sets 368.944ms
[278.498s][info][gc,phases,start] GC(1063) Phase 4: Compact heap
[278.697s][info][gc,phases      ] GC(1063) Phase 4: Compact heap 199.149ms
[278.699s][info][gc,heap        ] GC(1063) Eden regions: 0->0(25)
[278.700s][info][gc,heap        ] GC(1063) Survivor regions: 0->0(4)
[278.700s][info][gc,heap        ] GC(1063) Old regions: 442->420
[278.700s][info][gc,heap        ] GC(1063) Humongous regions: 70->70
[278.700s][info][gc,metaspace   ] GC(1063) Metaspace: 14802K->14802K(31744K)
[278.700s][info][gc             ] GC(1063) Pause Full (Allocation Failure) 506M->485M(512M) 2195.309ms
[278.701s][info][gc,cpu         ] GC(1063) User=14.11s Sys=0.14s Real=2.21s
[278.701s][info][gc,marking     ] GC(1054) Concurrent Mark From Roots 3313.680ms
[278.701s][info][gc,marking     ] GC(1054) Concurrent Mark Abort
[278.701s][info][gc             ] GC(1054) Concurrent Cycle 3339.156ms
[278.735s][info][gc,start       ] GC(1064) Pause Initial Mark (G1 Humongous Allocation)
[278.735s][info][gc,task        ] GC(1064) Using 8 workers of 8 for evacuation
[278.768s][info][gc,phases      ] GC(1064)   Pre Evacuate Collection Set: 0.1ms
[278.768s][info][gc,phases      ] GC(1064)   Evacuate Collection Set: 31.5ms
[278.769s][info][gc,phases      ] GC(1064)   Post Evacuate Collection Set: 1.6ms
[278.769s][info][gc,phases      ] GC(1064)   Other: 0.6ms
[278.769s][info][gc,heap        ] GC(1064) Eden regions: 11->0(21)
[278.769s][info][gc,heap        ] GC(1064) Survivor regions: 0->4(4)
[278.769s][info][gc,heap        ] GC(1064) Old regions: 420->426
[278.769s][info][gc,heap        ] GC(1064) Humongous regions: 70->70
[278.769s][info][gc,metaspace   ] GC(1064) Metaspace: 14803K->14803K(31744K)
[278.769s][info][gc             ] GC(1064) Pause Initial Mark (G1 Humongous Allocation) 496M->495M(512M) 34.036ms
[278.769s][info][gc,cpu         ] GC(1064) User=0.11s Sys=0.00s Real=0.01s
[278.769s][info][gc             ] GC(1065) Concurrent Cycle
[278.769s][info][gc,marking     ] GC(1065) Concurrent Clear Claimed Marks
[278.769s][info][gc,marking     ] GC(1065) Concurrent Clear Claimed Marks 0.091ms
[278.769s][info][gc,marking     ] GC(1065) Concurrent Scan Root Regions
[278.773s][info][gc,marking     ] GC(1065) Concurrent Scan Root Regions 3.600ms
[278.773s][info][gc,marking     ] GC(1065) Concurrent Mark (278.773s)
[278.773s][info][gc,marking     ] GC(1065) Concurrent Mark From Roots
[278.773s][info][gc,start       ] GC(1066) Pause Young (G1 Humongous Allocation)
[278.773s][info][gc,task        ] GC(1065) Using 2 workers of 2 for marking
[278.773s][info][gc,task        ] GC(1066) Using 8 workers of 8 for evacuation
[278.802s][info][gc,phases      ] GC(1066)   Pre Evacuate Collection Set: 2.7ms
[278.802s][info][gc,phases      ] GC(1066)   Evacuate Collection Set: 20.4ms
[278.802s][info][gc,phases      ] GC(1066)   Post Evacuate Collection Set: 0.5ms
[278.803s][info][gc,phases      ] GC(1066)   Other: 8.5ms
[278.803s][info][gc,heap        ] GC(1066) Eden regions: 0->0(25)
[278.803s][info][gc,heap        ] GC(1066) Survivor regions: 4->0(4)
[278.803s][info][gc,heap        ] GC(1066) Old regions: 426->431
[278.803s][info][gc,heap        ] GC(1066) Humongous regions: 70->70
[278.803s][info][gc,metaspace   ] GC(1066) Metaspace: 14803K->14803K(31744K)
[278.803s][info][gc             ] GC(1066) Pause Young (G1 Humongous Allocation) 495M->495M(512M) 30.033ms
[278.803s][info][gc,cpu         ] GC(1066) User=0.09s Sys=0.02s Real=0.02s
[278.805s][info][gc,start       ] GC(1067) Pause Full (Allocation Failure)
[278.807s][info][gc,phases,start] GC(1067) Phase 1: Mark live objects
[278.847s][info][gc,stringtable ] GC(1067) Cleaned string and symbol table, strings: 7368 processed, 19 removed, symbols: 48835 processed, 0 removed
[278.847s][info][gc,phases      ] GC(1067) Phase 1: Mark live objects 40.436ms
[278.847s][info][gc,phases,start] GC(1067) Phase 2: Prepare for compaction
[278.851s][info][gc,phases      ] GC(1067) Phase 2: Prepare for compaction 4.069ms
[278.851s][info][gc,phases,start] GC(1067) Phase 3: Adjust pointers and remembered sets
[278.862s][info][gc,phases      ] GC(1067) Phase 3: Adjust pointers and remembered sets 10.755ms
[278.862s][info][gc,phases,start] GC(1067) Phase 4: Compact heap
[278.870s][info][gc,phases      ] GC(1067) Phase 4: Compact heap 4.407ms
[278.876s][info][gc,heap        ] GC(1067) Eden regions: 0->0(91)
[278.876s][info][gc,heap        ] GC(1067) Survivor regions: 0->0(4)
[278.877s][info][gc,heap        ] GC(1067) Old regions: 431->15
[278.877s][info][gc,heap        ] GC(1067) Humongous regions: 70->0
[278.877s][info][gc,metaspace   ] GC(1067) Metaspace: 14803K->14803K(31744K)
[278.877s][info][gc             ] GC(1067) Pause Full (Allocation Failure) 495M->8M(512M) 72.217ms
[278.878s][info][gc,cpu         ] GC(1067) User=0.28s Sys=0.00s Real=0.08s
[278.878s][info][gc,marking     ] GC(1065) Concurrent Mark From Roots 105.316ms
[278.878s][info][gc,marking     ] GC(1065) Concurrent Mark Abort
[278.878s][info][gc             ] GC(1065) Concurrent Cycle 109.456ms
[278.992s][info][gc,start       ] GC(1068) Pause Young (G1 Evacuation Pause)
[278.992s][info][gc,task        ] GC(1068) Using 8 workers of 8 for evacuation
[279.242s][info][gc,mmu         ] GC(1068) MMU target violated: 201.0ms (200.0ms/201.0ms)
[279.242s][info][gc,phases      ] GC(1068)   Pre Evacuate Collection Set: 0.0ms
[279.242s][info][gc,phases      ] GC(1068)   Evacuate Collection Set: 246.0ms
[279.242s][info][gc,phases      ] GC(1068)   Post Evacuate Collection Set: 3.2ms
[279.242s][info][gc,phases      ] GC(1068)   Other: 0.8ms
[279.242s][info][gc,heap        ] GC(1068) Eden regions: 91->0(70)
[279.242s][info][gc,heap        ] GC(1068) Survivor regions: 0->12(12)
[279.242s][info][gc,heap        ] GC(1068) Old regions: 15->95
[279.242s][info][gc,heap        ] GC(1068) Humongous regions: 70->70
[279.242s][info][gc,metaspace   ] GC(1068) Metaspace: 14803K->14803K(31744K)
[279.243s][info][gc             ] GC(1068) Pause Young (G1 Evacuation Pause) 169M->169M(512M) 250.475ms
[279.243s][info][gc,cpu         ] GC(1068) User=1.89s Sys=0.06s Real=0.26s
[279.378s][info][gc,start       ] GC(1069) Pause Young (G1 Evacuation Pause)
[279.379s][info][gc,task        ] GC(1069) Using 8 workers of 8 for evacuation
[279.560s][info][gc,phases      ] GC(1069)   Pre Evacuate Collection Set: 0.0ms
[279.560s][info][gc,phases      ] GC(1069)   Evacuate Collection Set: 179.0ms
[279.560s][info][gc,phases      ] GC(1069)   Post Evacuate Collection Set: 2.0ms
[279.560s][info][gc,phases      ] GC(1069)   Other: 0.5ms
[279.560s][info][gc,heap        ] GC(1069) Eden regions: 70->0(67)
[279.560s][info][gc,heap        ] GC(1069) Survivor regions: 12->11(11)
[279.560s][info][gc,heap        ] GC(1069) Old regions: 95->167
[279.560s][info][gc,heap        ] GC(1069) Humongous regions: 70->70
[279.560s][info][gc,metaspace   ] GC(1069) Metaspace: 14803K->14803K(31744K)
[279.560s][info][gc             ] GC(1069) Pause Young (G1 Evacuation Pause) 239M->241M(512M) 181.860ms
[279.560s][info][gc,cpu         ] GC(1069) User=1.42s Sys=0.02s Real=0.18s
[279.652s][info][gc,start       ] GC(1070) Pause Young (G1 Evacuation Pause)
[279.652s][info][gc,task        ] GC(1070) Using 8 workers of 8 for evacuation
[279.770s][info][gc,phases      ] GC(1070)   Pre Evacuate Collection Set: 0.0ms
[279.770s][info][gc,phases      ] GC(1070)   Evacuate Collection Set: 116.7ms
[279.770s][info][gc,phases      ] GC(1070)   Post Evacuate Collection Set: 1.1ms
[279.770s][info][gc,phases      ] GC(1070)   Other: 0.6ms
[279.770s][info][gc,heap        ] GC(1070) Eden regions: 67->0(44)
[279.770s][info][gc,heap        ] GC(1070) Survivor regions: 11->10(10)
[279.770s][info][gc,heap        ] GC(1070) Old regions: 167->237
[279.770s][info][gc,heap        ] GC(1070) Humongous regions: 70->70
[279.771s][info][gc,metaspace   ] GC(1070) Metaspace: 14809K->14809K(31744K)
[279.771s][info][gc             ] GC(1070) Pause Young (G1 Evacuation Pause) 308M->310M(512M) 118.812ms
[279.771s][info][gc,cpu         ] GC(1070) User=0.88s Sys=0.00s Real=0.11s
[279.841s][info][gc,start       ] GC(1071) Pause Initial Mark (G1 Evacuation Pause)
[279.841s][info][gc,task        ] GC(1071) Using 8 workers of 8 for evacuation
[279.987s][info][gc,phases      ] GC(1071)   Pre Evacuate Collection Set: 0.1ms
[279.987s][info][gc,phases      ] GC(1071)   Evacuate Collection Set: 144.8ms
[279.987s][info][gc,phases      ] GC(1071)   Post Evacuate Collection Set: 1.0ms
[279.987s][info][gc,phases      ] GC(1071)   Other: 0.6ms
[279.987s][info][gc,heap        ] GC(1071) Eden regions: 44->0(30)
[279.987s][info][gc,heap        ] GC(1071) Survivor regions: 10->7(7)
[279.987s][info][gc,heap        ] GC(1071) Old regions: 237->286
[279.987s][info][gc,heap        ] GC(1071) Humongous regions: 70->70
[279.987s][info][gc,metaspace   ] GC(1071) Metaspace: 14809K->14809K(31744K)
[279.988s][info][gc             ] GC(1071) Pause Initial Mark (G1 Evacuation Pause) 354M->356M(512M) 146.898ms
[279.988s][info][gc,cpu         ] GC(1071) User=0.97s Sys=0.02s Real=0.15s
[279.988s][info][gc             ] GC(1072) Concurrent Cycle
[279.988s][info][gc,marking     ] GC(1072) Concurrent Clear Claimed Marks
[279.988s][info][gc,marking     ] GC(1072) Concurrent Clear Claimed Marks 0.093ms
[279.988s][info][gc,marking     ] GC(1072) Concurrent Scan Root Regions
[280.005s][info][gc,marking     ] GC(1072) Concurrent Scan Root Regions 17.496ms
[280.005s][info][gc,marking     ] GC(1072) Concurrent Mark (280.005s)
[280.006s][info][gc,marking     ] GC(1072) Concurrent Mark From Roots
[280.006s][info][gc,task        ] GC(1072) Using 2 workers of 2 for marking
[280.060s][info][gc,start       ] GC(1073) Pause Young (G1 Evacuation Pause)
[280.060s][info][gc,task        ] GC(1073) Using 8 workers of 8 for evacuation
[280.159s][info][gc,phases      ] GC(1073)   Pre Evacuate Collection Set: 0.1ms
[280.159s][info][gc,phases      ] GC(1073)   Evacuate Collection Set: 97.2ms
[280.159s][info][gc,phases      ] GC(1073)   Post Evacuate Collection Set: 1.8ms
[280.159s][info][gc,phases      ] GC(1073)   Other: 0.7ms
[280.160s][info][gc,heap        ] GC(1073) Eden regions: 30->0(20)
[280.160s][info][gc,heap        ] GC(1073) Survivor regions: 7->5(5)
[280.160s][info][gc,heap        ] GC(1073) Old regions: 286->320
[280.160s][info][gc,heap        ] GC(1073) Humongous regions: 70->70
[280.160s][info][gc,metaspace   ] GC(1073) Metaspace: 14809K->14809K(31744K)
[280.160s][info][gc             ] GC(1073) Pause Young (G1 Evacuation Pause) 386M->388M(512M) 100.338ms
[280.160s][info][gc,cpu         ] GC(1073) User=0.88s Sys=0.02s Real=0.11s
[280.189s][info][gc,start       ] GC(1074) Pause Young (G1 Evacuation Pause)
[280.189s][info][gc,task        ] GC(1074) Using 8 workers of 8 for evacuation
[280.254s][info][gc,phases      ] GC(1074)   Pre Evacuate Collection Set: 0.1ms
[280.254s][info][gc,phases      ] GC(1074)   Evacuate Collection Set: 63.5ms
[280.254s][info][gc,phases      ] GC(1074)   Post Evacuate Collection Set: 0.8ms
[280.254s][info][gc,phases      ] GC(1074)   Other: 0.7ms
[280.254s][info][gc,heap        ] GC(1074) Eden regions: 20->0(21)
[280.254s][info][gc,heap        ] GC(1074) Survivor regions: 5->4(4)
[280.254s][info][gc,heap        ] GC(1074) Old regions: 320->342
[280.254s][info][gc,heap        ] GC(1074) Humongous regions: 70->70
[280.254s][info][gc,metaspace   ] GC(1074) Metaspace: 14809K->14809K(31744K)
[280.255s][info][gc             ] GC(1074) Pause Young (G1 Evacuation Pause) 408M->409M(512M) 65.432ms
[280.255s][info][gc,cpu         ] GC(1074) User=0.48s Sys=0.02s Real=0.06s
[280.296s][info][gc,start       ] GC(1075) Pause Young (G1 Evacuation Pause)
[280.296s][info][gc,task        ] GC(1075) Using 8 workers of 8 for evacuation
[280.356s][info][gc,phases      ] GC(1075)   Pre Evacuate Collection Set: 0.0ms
[280.356s][info][gc,phases      ] GC(1075)   Evacuate Collection Set: 54.8ms
[280.356s][info][gc,phases      ] GC(1075)   Post Evacuate Collection Set: 4.8ms
[280.356s][info][gc,phases      ] GC(1075)   Other: 0.6ms
[280.356s][info][gc,heap        ] GC(1075) Eden regions: 21->0(21)
[280.356s][info][gc,heap        ] GC(1075) Survivor regions: 4->4(4)
[280.356s][info][gc,heap        ] GC(1075) Old regions: 342->365
[280.356s][info][gc,heap        ] GC(1075) Humongous regions: 70->70
[280.356s][info][gc,metaspace   ] GC(1075) Metaspace: 14809K->14809K(31744K)
[280.356s][info][gc             ] GC(1075) Pause Young (G1 Evacuation Pause) 430M->432M(512M) 60.688ms
[280.357s][info][gc,cpu         ] GC(1075) User=0.42s Sys=0.02s Real=0.06s
[280.420s][info][gc,start       ] GC(1076) Pause Young (G1 Evacuation Pause)
[280.420s][info][gc,task        ] GC(1076) Using 8 workers of 8 for evacuation
[280.519s][info][gc,phases      ] GC(1076)   Pre Evacuate Collection Set: 0.0ms
[280.519s][info][gc,phases      ] GC(1076)   Evacuate Collection Set: 94.4ms
[280.520s][info][gc,phases      ] GC(1076)   Post Evacuate Collection Set: 4.9ms
[280.520s][info][gc,phases      ] GC(1076)   Other: 0.6ms
[280.520s][info][gc,heap        ] GC(1076) Eden regions: 21->0(21)
[280.520s][info][gc,heap        ] GC(1076) Survivor regions: 4->4(4)
[280.520s][info][gc,heap        ] GC(1076) Old regions: 365->388
[280.520s][info][gc,heap        ] GC(1076) Humongous regions: 70->70
[280.520s][info][gc,metaspace   ] GC(1076) Metaspace: 14809K->14809K(31744K)
[280.520s][info][gc             ] GC(1076) Pause Young (G1 Evacuation Pause) 453M->455M(512M) 100.261ms
[280.520s][info][gc,cpu         ] GC(1076) User=0.56s Sys=0.08s Real=0.09s
[280.541s][info][gc,start       ] GC(1077) Pause Young (G1 Evacuation Pause)
[280.541s][info][gc,task        ] GC(1077) Using 8 workers of 8 for evacuation
[280.628s][info][gc,phases      ] GC(1077)   Pre Evacuate Collection Set: 0.0ms
[280.628s][info][gc,phases      ] GC(1077)   Evacuate Collection Set: 72.1ms
[280.628s][info][gc,phases      ] GC(1077)   Post Evacuate Collection Set: 14.6ms
[280.628s][info][gc,phases      ] GC(1077)   Other: 0.5ms
[280.628s][info][gc,heap        ] GC(1077) Eden regions: 21->0(21)
[280.628s][info][gc,heap        ] GC(1077) Survivor regions: 4->4(4)
[280.628s][info][gc,heap        ] GC(1077) Old regions: 388->411
[280.628s][info][gc,heap        ] GC(1077) Humongous regions: 70->70
[280.628s][info][gc,metaspace   ] GC(1077) Metaspace: 14810K->14810K(31744K)
[280.628s][info][gc             ] GC(1077) Pause Young (G1 Evacuation Pause) 476M->478M(512M) 87.539ms
[280.628s][info][gc,cpu         ] GC(1077) User=0.56s Sys=0.03s Real=0.08s
[280.745s][info][gc,start       ] GC(1078) Pause Young (G1 Evacuation Pause)
[280.745s][info][gc,task        ] GC(1078) Using 8 workers of 8 for evacuation
[280.871s][info][gc             ] GC(1078) To-space exhausted
[280.871s][info][gc,phases      ] GC(1078)   Pre Evacuate Collection Set: 0.1ms
[280.871s][info][gc,phases      ] GC(1078)   Evacuate Collection Set: 93.0ms
[280.871s][info][gc,phases      ] GC(1078)   Post Evacuate Collection Set: 31.6ms
[280.871s][info][gc,phases      ] GC(1078)   Other: 0.7ms
[280.871s][info][gc,heap        ] GC(1078) Eden regions: 21->0(24)
[280.871s][info][gc,heap        ] GC(1078) Survivor regions: 4->1(4)
[280.871s][info][gc,heap        ] GC(1078) Old regions: 411->439
[280.871s][info][gc,heap        ] GC(1078) Humongous regions: 70->70
[280.871s][info][gc,metaspace   ] GC(1078) Metaspace: 14810K->14810K(31744K)
[280.871s][info][gc             ] GC(1078) Pause Young (G1 Evacuation Pause) 499M->503M(512M) 125.913ms
[280.871s][info][gc,cpu         ] GC(1078) User=0.98s Sys=0.03s Real=0.13s
[280.875s][info][gc,start       ] GC(1079) Pause Young (G1 Evacuation Pause)
[280.876s][info][gc,task        ] GC(1079) Using 8 workers of 8 for evacuation
[280.973s][info][gc             ] GC(1079) To-space exhausted
[280.973s][info][gc,phases      ] GC(1079)   Pre Evacuate Collection Set: 0.1ms
[280.973s][info][gc,phases      ] GC(1079)   Evacuate Collection Set: 62.1ms
[280.973s][info][gc,phases      ] GC(1079)   Post Evacuate Collection Set: 33.9ms
[280.973s][info][gc,phases      ] GC(1079)   Other: 1.4ms
[280.973s][info][gc,heap        ] GC(1079) Eden regions: 2->0(25)
[280.973s][info][gc,heap        ] GC(1079) Survivor regions: 1->0(4)
[280.973s][info][gc,heap        ] GC(1079) Old regions: 439->442
[280.973s][info][gc,heap        ] GC(1079) Humongous regions: 70->70
[280.973s][info][gc,metaspace   ] GC(1079) Metaspace: 14810K->14810K(31744K)
[280.973s][info][gc             ] GC(1079) Pause Young (G1 Evacuation Pause) 505M->505M(512M) 97.847ms
[280.973s][info][gc,cpu         ] GC(1079) User=0.58s Sys=0.00s Real=0.09s
[280.975s][info][gc,start       ] GC(1080) Pause Young (G1 Evacuation Pause)
[280.975s][info][gc,task        ] GC(1080) Using 8 workers of 8 for evacuation
[280.984s][info][gc,phases      ] GC(1080)   Pre Evacuate Collection Set: 0.0ms
[280.984s][info][gc,phases      ] GC(1080)   Evacuate Collection Set: 7.9ms
[280.985s][info][gc,phases      ] GC(1080)   Post Evacuate Collection Set: 1.3ms
[280.985s][info][gc,phases      ] GC(1080)   Other: 0.4ms
[280.985s][info][gc,heap        ] GC(1080) Eden regions: 0->0(25)
[280.985s][info][gc,heap        ] GC(1080) Survivor regions: 0->0(4)
[280.985s][info][gc,heap        ] GC(1080) Old regions: 442->442
[280.985s][info][gc,heap        ] GC(1080) Humongous regions: 70->70
[280.985s][info][gc,metaspace   ] GC(1080) Metaspace: 14810K->14810K(31744K)
[280.985s][info][gc             ] GC(1080) Pause Young (G1 Evacuation Pause) 505M->505M(512M) 10.165ms
[280.985s][info][gc,cpu         ] GC(1080) User=0.08s Sys=0.02s Real=0.01s
[280.987s][info][gc,start       ] GC(1081) Pause Full (Allocation Failure)
[280.989s][info][gc,phases,start] GC(1081) Phase 1: Mark live objects
[282.100s][info][gc,stringtable ] GC(1081) Cleaned string and symbol table, strings: 7369 processed, 19 removed, symbols: 48835 processed, 0 removed
[282.100s][info][gc,phases      ] GC(1081) Phase 1: Mark live objects 1111.837ms
[282.100s][info][gc,phases,start] GC(1081) Phase 2: Prepare for compaction
[282.209s][info][gc,phases      ] GC(1081) Phase 2: Prepare for compaction 108.686ms
[282.209s][info][gc,phases,start] GC(1081) Phase 3: Adjust pointers and remembered sets
[282.546s][info][gc,phases      ] GC(1081) Phase 3: Adjust pointers and remembered sets 336.360ms
[282.546s][info][gc,phases,start] GC(1081) Phase 4: Compact heap
[282.698s][info][gc,phases      ] GC(1081) Phase 4: Compact heap 151.931ms
[282.706s][info][gc,heap        ] GC(1081) Eden regions: 0->0(25)
[282.706s][info][gc,heap        ] GC(1081) Survivor regions: 0->0(4)
[282.706s][info][gc,heap        ] GC(1081) Old regions: 442->418
[282.706s][info][gc,heap        ] GC(1081) Humongous regions: 70->70
[282.706s][info][gc,metaspace   ] GC(1081) Metaspace: 14810K->14810K(31744K)
[282.706s][info][gc             ] GC(1081) Pause Full (Allocation Failure) 505M->484M(512M) 1719.116ms
[282.707s][info][gc,cpu         ] GC(1081) User=13.02s Sys=0.06s Real=1.73s
[282.708s][info][gc,marking     ] GC(1072) Concurrent Mark From Roots 2702.806ms
[282.708s][info][gc,marking     ] GC(1072) Concurrent Mark Abort
[282.709s][info][gc             ] GC(1072) Concurrent Cycle 2720.847ms
[282.760s][info][gc,start       ] GC(1082) Pause Initial Mark (G1 Humongous Allocation)
[282.760s][info][gc,task        ] GC(1082) Using 8 workers of 8 for evacuation
[282.811s][info][gc             ] GC(1082) To-space exhausted
[282.811s][info][gc,phases      ] GC(1082)   Pre Evacuate Collection Set: 0.1ms
[282.811s][info][gc,phases      ] GC(1082)   Evacuate Collection Set: 42.9ms
[282.811s][info][gc,phases      ] GC(1082)   Post Evacuate Collection Set: 7.4ms
[282.811s][info][gc,phases      ] GC(1082)   Other: 1.0ms
[282.811s][info][gc,heap        ] GC(1082) Eden regions: 14->0(21)
[282.811s][info][gc,heap        ] GC(1082) Survivor regions: 0->4(4)
[282.811s][info][gc,heap        ] GC(1082) Old regions: 418->432
[282.811s][info][gc,heap        ] GC(1082) Humongous regions: 70->70
[282.811s][info][gc,metaspace   ] GC(1082) Metaspace: 14813K->14813K(31744K)
[282.812s][info][gc             ] GC(1082) Pause Initial Mark (G1 Humongous Allocation) 498M->502M(512M) 51.817ms
[282.812s][info][gc,cpu         ] GC(1082) User=0.31s Sys=0.02s Real=0.06s
[282.812s][info][gc             ] GC(1083) Concurrent Cycle
[282.812s][info][gc,marking     ] GC(1083) Concurrent Clear Claimed Marks
[282.812s][info][gc,marking     ] GC(1083) Concurrent Clear Claimed Marks 0.083ms
[282.812s][info][gc,marking     ] GC(1083) Concurrent Scan Root Regions
[282.816s][info][gc,marking     ] GC(1083) Concurrent Scan Root Regions 3.728ms
[282.816s][info][gc,marking     ] GC(1083) Concurrent Mark (282.816s)
[282.816s][info][gc,start       ] GC(1084) Pause Young (G1 Humongous Allocation)
[282.816s][info][gc,marking     ] GC(1083) Concurrent Mark From Roots
[282.816s][info][gc,task        ] GC(1084) Using 8 workers of 8 for evacuation
[282.817s][info][gc,task        ] GC(1083) Using 2 workers of 2 for marking
[282.854s][info][gc             ] GC(1084) To-space exhausted
[282.854s][info][gc,phases      ] GC(1084)   Pre Evacuate Collection Set: 3.8ms
[282.854s][info][gc,phases      ] GC(1084)   Evacuate Collection Set: 29.9ms
[282.854s][info][gc,phases      ] GC(1084)   Post Evacuate Collection Set: 6.6ms
[282.854s][info][gc,phases      ] GC(1084)   Other: 1.1ms
[282.854s][info][gc,heap        ] GC(1084) Eden regions: 1->0(24)
[282.854s][info][gc,heap        ] GC(1084) Survivor regions: 4->1(4)
[282.854s][info][gc,heap        ] GC(1084) Old regions: 432->439
[282.854s][info][gc,heap        ] GC(1084) Humongous regions: 70->70
[282.854s][info][gc,metaspace   ] GC(1084) Metaspace: 14813K->14813K(31744K)
[282.854s][info][gc             ] GC(1084) Pause Young (G1 Humongous Allocation) 502M->505M(512M) 38.143ms
[282.855s][info][gc,cpu         ] GC(1084) User=0.16s Sys=0.00s Real=0.04s
[282.856s][info][gc,start       ] GC(1085) Pause Full (Allocation Failure)
[282.858s][info][gc,phases,start] GC(1085) Phase 1: Mark live objects
[282.880s][info][gc,stringtable ] GC(1085) Cleaned string and symbol table, strings: 7373 processed, 19 removed, symbols: 48835 processed, 0 removed
[282.880s][info][gc,phases      ] GC(1085) Phase 1: Mark live objects 21.985ms
[282.880s][info][gc,phases,start] GC(1085) Phase 2: Prepare for compaction
[282.883s][info][gc,phases      ] GC(1085) Phase 2: Prepare for compaction 2.799ms
[282.883s][info][gc,phases,start] GC(1085) Phase 3: Adjust pointers and remembered sets
[282.909s][info][gc,phases      ] GC(1085) Phase 3: Adjust pointers and remembered sets 25.457ms
[282.909s][info][gc,phases,start] GC(1085) Phase 4: Compact heap
[282.912s][info][gc,phases      ] GC(1085) Phase 4: Compact heap 2.900ms
[282.914s][info][gc,heap        ] GC(1085) Eden regions: 0->0(103)
[282.914s][info][gc,heap        ] GC(1085) Survivor regions: 1->0(4)
[282.914s][info][gc,heap        ] GC(1085) Old regions: 439->14
[282.914s][info][gc,heap        ] GC(1085) Humongous regions: 70->0
[282.914s][info][gc,metaspace   ] GC(1085) Metaspace: 14813K->14813K(31744K)
[282.914s][info][gc             ] GC(1085) Pause Full (Allocation Failure) 505M->8M(512M) 58.284ms
[282.915s][info][gc,cpu         ] GC(1085) User=0.19s Sys=0.00s Real=0.06s
[282.915s][info][gc,marking     ] GC(1083) Concurrent Mark From Roots 98.715ms
[282.915s][info][gc,marking     ] GC(1083) Concurrent Mark Abort
[282.915s][info][gc             ] GC(1083) Concurrent Cycle 103.419ms
[283.154s][info][gc,start       ] GC(1086) Pause Young (G1 Evacuation Pause)
[283.154s][info][gc,task        ] GC(1086) Using 8 workers of 8 for evacuation
[283.429s][info][gc,mmu         ] GC(1086) MMU target violated: 201.0ms (200.0ms/201.0ms)
[283.430s][info][gc,phases      ] GC(1086)   Pre Evacuate Collection Set: 0.0ms
[283.430s][info][gc,phases      ] GC(1086)   Evacuate Collection Set: 271.5ms
[283.430s][info][gc,phases      ] GC(1086)   Post Evacuate Collection Set: 2.5ms
[283.430s][info][gc,phases      ] GC(1086)   Other: 1.3ms
[283.430s][info][gc,heap        ] GC(1086) Eden regions: 103->0(74)
[283.430s][info][gc,heap        ] GC(1086) Survivor regions: 0->13(13)
[283.430s][info][gc,heap        ] GC(1086) Old regions: 14->105
[283.430s][info][gc,heap        ] GC(1086) Humongous regions: 71->71
[283.430s][info][gc,metaspace   ] GC(1086) Metaspace: 14813K->14813K(31744K)
[283.430s][info][gc             ] GC(1086) Pause Young (G1 Evacuation Pause) 182M->183M(512M) 275.650ms
[283.430s][info][gc,cpu         ] GC(1086) User=2.03s Sys=0.17s Real=0.27s
[283.544s][info][gc,start       ] GC(1087) Pause Young (G1 Evacuation Pause)
[283.544s][info][gc,task        ] GC(1087) Using 8 workers of 8 for evacuation
[283.728s][info][gc,phases      ] GC(1087)   Pre Evacuate Collection Set: 0.0ms
[283.728s][info][gc,phases      ] GC(1087)   Evacuate Collection Set: 179.8ms
[283.728s][info][gc,phases      ] GC(1087)   Post Evacuate Collection Set: 3.4ms
[283.728s][info][gc,phases      ] GC(1087)   Other: 0.8ms
[283.728s][info][gc,heap        ] GC(1087) Eden regions: 74->0(62)
[283.728s][info][gc,heap        ] GC(1087) Survivor regions: 13->11(11)
[283.728s][info][gc,heap        ] GC(1087) Old regions: 105->182
[283.728s][info][gc,heap        ] GC(1087) Humongous regions: 71->71
[283.729s][info][gc,metaspace   ] GC(1087) Metaspace: 14813K->14813K(31744K)
[283.729s][info][gc             ] GC(1087) Pause Young (G1 Evacuation Pause) 257M->258M(512M) 184.388ms
[283.729s][info][gc,cpu         ] GC(1087) User=1.36s Sys=0.00s Real=0.18s
[283.840s][info][gc,start       ] GC(1088) Pause Young (G1 Evacuation Pause)
[283.841s][info][gc,task        ] GC(1088) Using 8 workers of 8 for evacuation
[283.990s][info][gc,phases      ] GC(1088)   Pre Evacuate Collection Set: 0.0ms
[283.991s][info][gc,phases      ] GC(1088)   Evacuate Collection Set: 147.7ms
[283.991s][info][gc,phases      ] GC(1088)   Post Evacuate Collection Set: 1.5ms
[283.991s][info][gc,phases      ] GC(1088)   Other: 0.8ms
[283.991s][info][gc,heap        ] GC(1088) Eden regions: 62->0(41)
[283.991s][info][gc,heap        ] GC(1088) Survivor regions: 11->10(10)
[283.991s][info][gc,heap        ] GC(1088) Old regions: 182->247
[283.991s][info][gc,heap        ] GC(1088) Humongous regions: 71->71
[283.991s][info][gc,metaspace   ] GC(1088) Metaspace: 14813K->14813K(31744K)
[283.991s][info][gc             ] GC(1088) Pause Young (G1 Evacuation Pause) 320M->322M(512M) 150.628ms
[283.991s][info][gc,cpu         ] GC(1088) User=1.17s Sys=0.02s Real=0.16s
[284.045s][info][gc,start       ] GC(1089) Pause Initial Mark (G1 Evacuation Pause)
[284.045s][info][gc,task        ] GC(1089) Using 8 workers of 8 for evacuation
[284.159s][info][gc,phases      ] GC(1089)   Pre Evacuate Collection Set: 0.1ms
[284.159s][info][gc,phases      ] GC(1089)   Evacuate Collection Set: 112.7ms
[284.159s][info][gc,phases      ] GC(1089)   Post Evacuate Collection Set: 1.1ms
[284.160s][info][gc,phases      ] GC(1089)   Other: 0.6ms
[284.160s][info][gc,heap        ] GC(1089) Eden regions: 41->0(28)
[284.160s][info][gc,heap        ] GC(1089) Survivor regions: 10->7(7)
[284.160s][info][gc,heap        ] GC(1089) Old regions: 247->292
[284.160s][info][gc,heap        ] GC(1089) Humongous regions: 71->71
[284.160s][info][gc,metaspace   ] GC(1089) Metaspace: 14813K->14813K(31744K)
[284.160s][info][gc             ] GC(1089) Pause Initial Mark (G1 Evacuation Pause) 363M->364M(512M) 115.293ms
[284.160s][info][gc,cpu         ] GC(1089) User=0.88s Sys=0.00s Real=0.11s
[284.160s][info][gc             ] GC(1090) Concurrent Cycle
[284.160s][info][gc,marking     ] GC(1090) Concurrent Clear Claimed Marks
[284.160s][info][gc,marking     ] GC(1090) Concurrent Clear Claimed Marks 0.120ms
[284.160s][info][gc,marking     ] GC(1090) Concurrent Scan Root Regions
[284.185s][info][gc,marking     ] GC(1090) Concurrent Scan Root Regions 24.679ms
[284.185s][info][gc,marking     ] GC(1090) Concurrent Mark (284.185s)
[284.185s][info][gc,marking     ] GC(1090) Concurrent Mark From Roots
[284.185s][info][gc,task        ] GC(1090) Using 2 workers of 2 for marking
[284.230s][info][gc,start       ] GC(1091) Pause Young (G1 Evacuation Pause)
[284.230s][info][gc,task        ] GC(1091) Using 8 workers of 8 for evacuation
[284.317s][info][gc,phases      ] GC(1091)   Pre Evacuate Collection Set: 0.0ms
[284.317s][info][gc,phases      ] GC(1091)   Evacuate Collection Set: 67.3ms
[284.317s][info][gc,phases      ] GC(1091)   Post Evacuate Collection Set: 19.5ms
[284.317s][info][gc,phases      ] GC(1091)   Other: 0.7ms
[284.317s][info][gc,heap        ] GC(1091) Eden regions: 28->0(20)
[284.317s][info][gc,heap        ] GC(1091) Survivor regions: 7->5(5)
[284.317s][info][gc,heap        ] GC(1091) Old regions: 292->324
[284.317s][info][gc,heap        ] GC(1091) Humongous regions: 71->71
[284.318s][info][gc,metaspace   ] GC(1091) Metaspace: 14813K->14813K(31744K)
[284.318s][info][gc             ] GC(1091) Pause Young (G1 Evacuation Pause) 392M->394M(512M) 88.032ms
[284.318s][info][gc,cpu         ] GC(1091) User=0.66s Sys=0.00s Real=0.09s
[284.340s][info][gc,start       ] GC(1092) Pause Young (G1 Evacuation Pause)
[284.340s][info][gc,task        ] GC(1092) Using 8 workers of 8 for evacuation
[284.401s][info][gc,phases      ] GC(1092)   Pre Evacuate Collection Set: 0.0ms
[284.401s][info][gc,phases      ] GC(1092)   Evacuate Collection Set: 58.9ms
[284.401s][info][gc,phases      ] GC(1092)   Post Evacuate Collection Set: 1.2ms
[284.401s][info][gc,phases      ] GC(1092)   Other: 0.6ms
[284.401s][info][gc,heap        ] GC(1092) Eden regions: 20->0(21)
[284.401s][info][gc,heap        ] GC(1092) Survivor regions: 5->4(4)
[284.401s][info][gc,heap        ] GC(1092) Old regions: 324->347
[284.401s][info][gc,heap        ] GC(1092) Humongous regions: 71->71
[284.401s][info][gc,metaspace   ] GC(1092) Metaspace: 14813K->14813K(31744K)
[284.401s][info][gc             ] GC(1092) Pause Young (G1 Evacuation Pause) 414M->416M(512M) 61.356ms
[284.402s][info][gc,cpu         ] GC(1092) User=0.38s Sys=0.03s Real=0.06s
[284.425s][info][gc,start       ] GC(1093) Pause Young (G1 Evacuation Pause)
[284.425s][info][gc,task        ] GC(1093) Using 8 workers of 8 for evacuation
[284.483s][info][gc,phases      ] GC(1093)   Pre Evacuate Collection Set: 0.1ms
[284.483s][info][gc,phases      ] GC(1093)   Evacuate Collection Set: 56.9ms
[284.483s][info][gc,phases      ] GC(1093)   Post Evacuate Collection Set: 0.9ms
[284.483s][info][gc,phases      ] GC(1093)   Other: 0.7ms
[284.484s][info][gc,heap        ] GC(1093) Eden regions: 21->0(21)
[284.484s][info][gc,heap        ] GC(1093) Survivor regions: 4->4(4)
[284.484s][info][gc,heap        ] GC(1093) Old regions: 347->369
[284.484s][info][gc,heap        ] GC(1093) Humongous regions: 71->71
[284.484s][info][gc,metaspace   ] GC(1093) Metaspace: 14813K->14813K(31744K)
[284.484s][info][gc             ] GC(1093) Pause Young (G1 Evacuation Pause) 437M->438M(512M) 58.948ms
[284.484s][info][gc,cpu         ] GC(1093) User=0.48s Sys=0.00s Real=0.06s
[284.505s][info][gc,start       ] GC(1094) Pause Young (G1 Evacuation Pause)
[284.505s][info][gc,task        ] GC(1094) Using 8 workers of 8 for evacuation
[284.581s][info][gc,phases      ] GC(1094)   Pre Evacuate Collection Set: 0.1ms
[284.581s][info][gc,phases      ] GC(1094)   Evacuate Collection Set: 61.3ms
[284.581s][info][gc,phases      ] GC(1094)   Post Evacuate Collection Set: 13.9ms
[284.581s][info][gc,phases      ] GC(1094)   Other: 0.7ms
[284.581s][info][gc,heap        ] GC(1094) Eden regions: 21->0(21)
[284.581s][info][gc,heap        ] GC(1094) Survivor regions: 4->4(4)
[284.581s][info][gc,heap        ] GC(1094) Old regions: 369->392
[284.581s][info][gc,heap        ] GC(1094) Humongous regions: 71->71
[284.581s][info][gc,metaspace   ] GC(1094) Metaspace: 14813K->14813K(31744K)
[284.581s][info][gc             ] GC(1094) Pause Young (G1 Evacuation Pause) 459M->461M(512M) 76.295ms
[284.582s][info][gc,cpu         ] GC(1094) User=0.34s Sys=0.06s Real=0.09s
[284.606s][info][gc,start       ] GC(1095) Pause Young (G1 Evacuation Pause)
[284.606s][info][gc,task        ] GC(1095) Using 8 workers of 8 for evacuation
[284.679s][info][gc             ] GC(1095) To-space exhausted
[284.679s][info][gc,phases      ] GC(1095)   Pre Evacuate Collection Set: 0.0ms
[284.679s][info][gc,phases      ] GC(1095)   Evacuate Collection Set: 65.4ms
[284.679s][info][gc,phases      ] GC(1095)   Post Evacuate Collection Set: 7.2ms
[284.679s][info][gc,phases      ] GC(1095)   Other: 0.8ms
[284.679s][info][gc,heap        ] GC(1095) Eden regions: 21->0(21)
[284.679s][info][gc,heap        ] GC(1095) Survivor regions: 4->4(4)
[284.679s][info][gc,heap        ] GC(1095) Old regions: 392->417
[284.679s][info][gc,heap        ] GC(1095) Humongous regions: 71->71
[284.680s][info][gc,metaspace   ] GC(1095) Metaspace: 14813K->14813K(31744K)
[284.680s][info][gc             ] GC(1095) Pause Young (G1 Evacuation Pause) 482M->486M(512M) 74.015ms
[284.680s][info][gc,cpu         ] GC(1095) User=0.48s Sys=0.00s Real=0.08s
[284.711s][info][gc,start       ] GC(1096) Pause Young (G1 Evacuation Pause)
[284.712s][info][gc,task        ] GC(1096) Using 8 workers of 8 for evacuation
[284.816s][info][gc             ] GC(1096) To-space exhausted
[284.816s][info][gc,phases      ] GC(1096)   Pre Evacuate Collection Set: 0.0ms
[284.816s][info][gc,phases      ] GC(1096)   Evacuate Collection Set: 73.2ms
[284.816s][info][gc,phases      ] GC(1096)   Post Evacuate Collection Set: 30.1ms
[284.816s][info][gc,phases      ] GC(1096)   Other: 1.2ms
[284.816s][info][gc,heap        ] GC(1096) Eden regions: 20->0(25)
[284.816s][info][gc,heap        ] GC(1096) Survivor regions: 4->0(4)
[284.816s][info][gc,heap        ] GC(1096) Old regions: 417->441
[284.816s][info][gc,heap        ] GC(1096) Humongous regions: 71->71
[284.816s][info][gc,metaspace   ] GC(1096) Metaspace: 14814K->14814K(31744K)
[284.816s][info][gc             ] GC(1096) Pause Young (G1 Evacuation Pause) 506M->506M(512M) 104.805ms
[284.816s][info][gc,cpu         ] GC(1096) User=0.59s Sys=0.02s Real=0.09s
[284.817s][info][gc,start       ] GC(1097) Pause Young (G1 Evacuation Pause)
[284.817s][info][gc,task        ] GC(1097) Using 8 workers of 8 for evacuation
[284.836s][info][gc,phases      ] GC(1097)   Pre Evacuate Collection Set: 0.0ms
[284.836s][info][gc,phases      ] GC(1097)   Evacuate Collection Set: 18.2ms
[284.836s][info][gc,phases      ] GC(1097)   Post Evacuate Collection Set: 0.6ms
[284.836s][info][gc,phases      ] GC(1097)   Other: 0.4ms
[284.836s][info][gc,heap        ] GC(1097) Eden regions: 0->0(25)
[284.836s][info][gc,heap        ] GC(1097) Survivor regions: 0->0(4)
[284.836s][info][gc,heap        ] GC(1097) Old regions: 441->441
[284.836s][info][gc,heap        ] GC(1097) Humongous regions: 71->71
[284.836s][info][gc,metaspace   ] GC(1097) Metaspace: 14814K->14814K(31744K)
[284.836s][info][gc             ] GC(1097) Pause Young (G1 Evacuation Pause) 506M->506M(512M) 19.618ms
[284.836s][info][gc,cpu         ] GC(1097) User=0.25s Sys=0.00s Real=0.03s
[284.838s][info][gc,start       ] GC(1098) Pause Full (Allocation Failure)
[284.841s][info][gc,phases,start] GC(1098) Phase 1: Mark live objects
[286.044s][info][gc,stringtable ] GC(1098) Cleaned string and symbol table, strings: 7373 processed, 19 removed, symbols: 48835 processed, 0 removed
[286.044s][info][gc,phases      ] GC(1098) Phase 1: Mark live objects 1203.061ms
[286.044s][info][gc,phases,start] GC(1098) Phase 2: Prepare for compaction
[286.186s][info][gc,phases      ] GC(1098) Phase 2: Prepare for compaction 142.028ms
[286.186s][info][gc,phases,start] GC(1098) Phase 3: Adjust pointers and remembered sets
[286.576s][info][gc,phases      ] GC(1098) Phase 3: Adjust pointers and remembered sets 389.149ms
[286.576s][info][gc,phases,start] GC(1098) Phase 4: Compact heap
[286.756s][info][gc,phases      ] GC(1098) Phase 4: Compact heap 179.865ms
[286.759s][info][gc,heap        ] GC(1098) Eden regions: 0->0(25)
[286.760s][info][gc,heap        ] GC(1098) Survivor regions: 0->0(4)
[286.760s][info][gc,heap        ] GC(1098) Old regions: 441->421
[286.760s][info][gc,heap        ] GC(1098) Humongous regions: 71->71
[286.760s][info][gc,metaspace   ] GC(1098) Metaspace: 14814K->14814K(31744K)
[286.760s][info][gc             ] GC(1098) Pause Full (Allocation Failure) 506M->489M(512M) 1921.960ms
[286.770s][info][gc,cpu         ] GC(1098) User=14.08s Sys=0.09s Real=1.93s
[286.771s][info][gc,marking     ] GC(1090) Concurrent Mark From Roots 2585.775ms
[286.771s][info][gc,marking     ] GC(1090) Concurrent Mark Abort
[286.771s][info][gc             ] GC(1090) Concurrent Cycle 2611.148ms
[286.788s][info][gc,start       ] GC(1099) Pause Initial Mark (G1 Humongous Allocation)
[286.788s][info][gc,task        ] GC(1099) Using 8 workers of 8 for evacuation
[286.847s][info][gc             ] GC(1099) To-space exhausted
[286.847s][info][gc,phases      ] GC(1099)   Pre Evacuate Collection Set: 0.1ms
[286.847s][info][gc,phases      ] GC(1099)   Evacuate Collection Set: 39.3ms
[286.847s][info][gc,phases      ] GC(1099)   Post Evacuate Collection Set: 19.5ms
[286.847s][info][gc,phases      ] GC(1099)   Other: 0.9ms
[286.847s][info][gc,heap        ] GC(1099) Eden regions: 13->0(21)
[286.848s][info][gc,heap        ] GC(1099) Survivor regions: 0->4(4)
[286.848s][info][gc,heap        ] GC(1099) Old regions: 421->434
[286.848s][info][gc,heap        ] GC(1099) Humongous regions: 71->71
[286.848s][info][gc,metaspace   ] GC(1099) Metaspace: 14814K->14814K(31744K)
[286.848s][info][gc             ] GC(1099) Pause Initial Mark (G1 Humongous Allocation) 501M->506M(512M) 60.213ms
[286.848s][info][gc,cpu         ] GC(1099) User=0.31s Sys=0.02s Real=0.06s
[286.848s][info][gc             ] GC(1100) Concurrent Cycle
[286.848s][info][gc,marking     ] GC(1100) Concurrent Clear Claimed Marks
[286.848s][info][gc,marking     ] GC(1100) Concurrent Clear Claimed Marks 0.106ms
[286.848s][info][gc,marking     ] GC(1100) Concurrent Scan Root Regions
[286.852s][info][gc,marking     ] GC(1100) Concurrent Scan Root Regions 3.765ms
[286.852s][info][gc,start       ] GC(1101) Pause Young (G1 Humongous Allocation)
[286.852s][info][gc,marking     ] GC(1100) Concurrent Mark (286.852s)
[286.852s][info][gc,task        ] GC(1101) Using 8 workers of 8 for evacuation
[286.852s][info][gc,marking     ] GC(1100) Concurrent Mark From Roots
[286.852s][info][gc,task        ] GC(1100) Using 2 workers of 2 for marking
[286.892s][info][gc             ] GC(1101) To-space exhausted
[286.892s][info][gc,phases      ] GC(1101)   Pre Evacuate Collection Set: 3.2ms
[286.892s][info][gc,phases      ] GC(1101)   Evacuate Collection Set: 32.4ms
[286.892s][info][gc,phases      ] GC(1101)   Post Evacuate Collection Set: 6.4ms
[286.892s][info][gc,phases      ] GC(1101)   Other: 0.9ms
[286.892s][info][gc,heap        ] GC(1101) Eden regions: 0->0(25)
[286.892s][info][gc,heap        ] GC(1101) Survivor regions: 4->0(4)
[286.892s][info][gc,heap        ] GC(1101) Old regions: 434->441
[286.892s][info][gc,heap        ] GC(1101) Humongous regions: 71->71
[286.892s][info][gc,metaspace   ] GC(1101) Metaspace: 14814K->14814K(31744K)
[286.892s][info][gc             ] GC(1101) Pause Young (G1 Humongous Allocation) 506M->509M(512M) 40.353ms
[286.893s][info][gc,cpu         ] GC(1101) User=0.05s Sys=0.05s Real=0.05s
[286.894s][info][gc,start       ] GC(1102) Pause Full (Allocation Failure)
[286.898s][info][gc,phases,start] GC(1102) Phase 1: Mark live objects
[286.931s][info][gc,stringtable ] GC(1102) Cleaned string and symbol table, strings: 7378 processed, 19 removed, symbols: 48835 processed, 0 removed
[286.931s][info][gc,phases      ] GC(1102) Phase 1: Mark live objects 32.999ms
[286.931s][info][gc,phases,start] GC(1102) Phase 2: Prepare for compaction
[286.939s][info][gc,phases      ] GC(1102) Phase 2: Prepare for compaction 7.938ms
[286.939s][info][gc,phases,start] GC(1102) Phase 3: Adjust pointers and remembered sets
[286.948s][info][gc,phases      ] GC(1102) Phase 3: Adjust pointers and remembered sets 8.551ms
[286.948s][info][gc,phases,start] GC(1102) Phase 4: Compact heap
[286.951s][info][gc,phases      ] GC(1102) Phase 4: Compact heap 2.640ms
[286.954s][info][gc,heap        ] GC(1102) Eden regions: 0->0(107)
[286.954s][info][gc,heap        ] GC(1102) Survivor regions: 0->0(4)
[286.954s][info][gc,heap        ] GC(1102) Old regions: 441->14
[286.954s][info][gc,heap        ] GC(1102) Humongous regions: 71->0
[286.954s][info][gc,metaspace   ] GC(1102) Metaspace: 14814K->14814K(31744K)
[286.954s][info][gc             ] GC(1102) Pause Full (Allocation Failure) 509M->9M(512M) 59.947ms
[286.955s][info][gc,cpu         ] GC(1102) User=0.34s Sys=0.00s Real=0.06s
[286.955s][info][gc,marking     ] GC(1100) Concurrent Mark From Roots 102.879ms
[286.955s][info][gc,marking     ] GC(1100) Concurrent Mark Abort
[286.956s][info][gc             ] GC(1100) Concurrent Cycle 107.626ms
[287.082s][info][gc,start       ] GC(1103) Pause Young (G1 Evacuation Pause)
[287.082s][info][gc,task        ] GC(1103) Using 8 workers of 8 for evacuation
[287.369s][info][gc,mmu         ] GC(1103) MMU target violated: 201.0ms (200.0ms/201.0ms)
[287.369s][info][gc,phases      ] GC(1103)   Pre Evacuate Collection Set: 0.0ms
[287.369s][info][gc,phases      ] GC(1103)   Evacuate Collection Set: 284.5ms
[287.369s][info][gc,phases      ] GC(1103)   Post Evacuate Collection Set: 1.5ms
[287.369s][info][gc,phases      ] GC(1103)   Other: 0.8ms
[287.369s][info][gc,heap        ] GC(1103) Eden regions: 107->0(75)
[287.369s][info][gc,heap        ] GC(1103) Survivor regions: 0->14(14)
[287.369s][info][gc,heap        ] GC(1103) Old regions: 14->108
[287.369s][info][gc,heap        ] GC(1103) Humongous regions: 71->71
[287.370s][info][gc,metaspace   ] GC(1103) Metaspace: 14814K->14814K(31744K)
[287.370s][info][gc             ] GC(1103) Pause Young (G1 Evacuation Pause) 187M->187M(512M) 287.252ms
[287.370s][info][gc,cpu         ] GC(1103) User=2.11s Sys=0.06s Real=0.29s
[287.491s][info][gc,start       ] GC(1104) Pause Young (G1 Evacuation Pause)
[287.491s][info][gc,task        ] GC(1104) Using 8 workers of 8 for evacuation
[287.654s][info][gc,phases      ] GC(1104)   Pre Evacuate Collection Set: 0.0ms
[287.654s][info][gc,phases      ] GC(1104)   Evacuate Collection Set: 155.2ms
[287.654s][info][gc,phases      ] GC(1104)   Post Evacuate Collection Set: 6.7ms
[287.654s][info][gc,phases      ] GC(1104)   Other: 0.6ms
[287.654s][info][gc,heap        ] GC(1104) Eden regions: 75->0(60)
[287.654s][info][gc,heap        ] GC(1104) Survivor regions: 14->12(12)
[287.654s][info][gc,heap        ] GC(1104) Old regions: 108->187
[287.654s][info][gc,heap        ] GC(1104) Humongous regions: 71->71
[287.654s][info][gc,metaspace   ] GC(1104) Metaspace: 14814K->14814K(31744K)
[287.654s][info][gc             ] GC(1104) Pause Young (G1 Evacuation Pause) 262M->264M(512M) 162.906ms
[287.654s][info][gc,cpu         ] GC(1104) User=1.11s Sys=0.02s Real=0.16s
[287.715s][info][gc,start       ] GC(1105) Pause Initial Mark (G1 Evacuation Pause)
[287.715s][info][gc,task        ] GC(1105) Using 8 workers of 8 for evacuation
[287.863s][info][gc,phases      ] GC(1105)   Pre Evacuate Collection Set: 0.1ms
[287.863s][info][gc,phases      ] GC(1105)   Evacuate Collection Set: 143.8ms
[287.863s][info][gc,phases      ] GC(1105)   Post Evacuate Collection Set: 3.5ms
[287.863s][info][gc,phases      ] GC(1105)   Other: 0.8ms
[287.863s][info][gc,heap        ] GC(1105) Eden regions: 60->0(40)
[287.863s][info][gc,heap        ] GC(1105) Survivor regions: 12->9(9)
[287.863s][info][gc,heap        ] GC(1105) Old regions: 187->251
[287.863s][info][gc,heap        ] GC(1105) Humongous regions: 71->71
[287.863s][info][gc,metaspace   ] GC(1105) Metaspace: 14814K->14814K(31744K)
[287.863s][info][gc             ] GC(1105) Pause Initial Mark (G1 Evacuation Pause) 324M->326M(512M) 148.601ms
[287.864s][info][gc,cpu         ] GC(1105) User=1.22s Sys=0.02s Real=0.15s
[287.864s][info][gc             ] GC(1106) Concurrent Cycle
[287.864s][info][gc,marking     ] GC(1106) Concurrent Clear Claimed Marks
[287.864s][info][gc,marking     ] GC(1106) Concurrent Clear Claimed Marks 0.104ms
[287.864s][info][gc,marking     ] GC(1106) Concurrent Scan Root Regions
[287.883s][info][gc,marking     ] GC(1106) Concurrent Scan Root Regions 18.953ms
[287.883s][info][gc,marking     ] GC(1106) Concurrent Mark (287.883s)
[287.883s][info][gc,marking     ] GC(1106) Concurrent Mark From Roots
[287.883s][info][gc,task        ] GC(1106) Using 2 workers of 2 for marking
[287.950s][info][gc,start       ] GC(1107) Pause Young (G1 Evacuation Pause)
[287.950s][info][gc,task        ] GC(1107) Using 8 workers of 8 for evacuation
[288.084s][info][gc,phases      ] GC(1107)   Pre Evacuate Collection Set: 0.1ms
[288.084s][info][gc,phases      ] GC(1107)   Evacuate Collection Set: 129.8ms
[288.085s][info][gc,phases      ] GC(1107)   Post Evacuate Collection Set: 3.1ms
[288.085s][info][gc,phases      ] GC(1107)   Other: 1.0ms
[288.085s][info][gc,heap        ] GC(1107) Eden regions: 40->0(27)
[288.085s][info][gc,heap        ] GC(1107) Survivor regions: 9->7(7)
[288.085s][info][gc,heap        ] GC(1107) Old regions: 251->295
[288.085s][info][gc,heap        ] GC(1107) Humongous regions: 71->71
[288.085s][info][gc,metaspace   ] GC(1107) Metaspace: 14818K->14818K(31744K)
[288.085s][info][gc             ] GC(1107) Pause Young (G1 Evacuation Pause) 366M->368M(512M) 134.883ms
[288.085s][info][gc,cpu         ] GC(1107) User=0.53s Sys=0.00s Real=0.10s
[288.207s][info][gc,start       ] GC(1108) Pause Young (G1 Evacuation Pause)
[288.207s][info][gc,task        ] GC(1108) Using 8 workers of 8 for evacuation
[288.275s][info][gc,phases      ] GC(1108)   Pre Evacuate Collection Set: 0.1ms
[288.275s][info][gc,phases      ] GC(1108)   Evacuate Collection Set: 66.5ms
[288.275s][info][gc,phases      ] GC(1108)   Post Evacuate Collection Set: 1.3ms
[288.275s][info][gc,phases      ] GC(1108)   Other: 0.7ms
[288.275s][info][gc,heap        ] GC(1108) Eden regions: 27->0(20)
[288.275s][info][gc,heap        ] GC(1108) Survivor regions: 7->5(5)
[288.276s][info][gc,heap        ] GC(1108) Old regions: 295->325
[288.276s][info][gc,heap        ] GC(1108) Humongous regions: 71->71
[288.276s][info][gc,metaspace   ] GC(1108) Metaspace: 14818K->14818K(31744K)
[288.276s][info][gc             ] GC(1108) Pause Young (G1 Evacuation Pause) 395M->396M(512M) 69.054ms
[288.276s][info][gc,cpu         ] GC(1108) User=0.45s Sys=0.05s Real=0.07s
[288.310s][info][gc,start       ] GC(1109) Pause Young (G1 Evacuation Pause)
[288.310s][info][gc,task        ] GC(1109) Using 8 workers of 8 for evacuation
[288.360s][info][gc,phases      ] GC(1109)   Pre Evacuate Collection Set: 0.1ms
[288.360s][info][gc,phases      ] GC(1109)   Evacuate Collection Set: 48.4ms
[288.360s][info][gc,phases      ] GC(1109)   Post Evacuate Collection Set: 1.1ms
[288.360s][info][gc,phases      ] GC(1109)   Other: 0.8ms
[288.360s][info][gc,heap        ] GC(1109) Eden regions: 20->0(21)
[288.360s][info][gc,heap        ] GC(1109) Survivor regions: 5->4(4)
[288.360s][info][gc,heap        ] GC(1109) Old regions: 325->349
[288.360s][info][gc,heap        ] GC(1109) Humongous regions: 71->71
[288.360s][info][gc,metaspace   ] GC(1109) Metaspace: 14818K->14818K(31744K)
[288.360s][info][gc             ] GC(1109) Pause Young (G1 Evacuation Pause) 416M->418M(512M) 50.785ms
[288.360s][info][gc,cpu         ] GC(1109) User=0.36s Sys=0.00s Real=0.04s
[288.379s][info][gc,start       ] GC(1110) Pause Young (G1 Evacuation Pause)
[288.380s][info][gc,task        ] GC(1110) Using 8 workers of 8 for evacuation
[288.447s][info][gc,phases      ] GC(1110)   Pre Evacuate Collection Set: 0.0ms
[288.447s][info][gc,phases      ] GC(1110)   Evacuate Collection Set: 65.0ms
[288.447s][info][gc,phases      ] GC(1110)   Post Evacuate Collection Set: 1.6ms
[288.447s][info][gc,phases      ] GC(1110)   Other: 0.5ms
[288.447s][info][gc,heap        ] GC(1110) Eden regions: 21->0(21)
[288.447s][info][gc,heap        ] GC(1110) Survivor regions: 4->4(4)
[288.447s][info][gc,heap        ] GC(1110) Old regions: 349->372
[288.447s][info][gc,heap        ] GC(1110) Humongous regions: 71->71
[288.447s][info][gc,metaspace   ] GC(1110) Metaspace: 14818K->14818K(31744K)
[288.447s][info][gc             ] GC(1110) Pause Young (G1 Evacuation Pause) 439M->442M(512M) 67.596ms
[288.447s][info][gc,cpu         ] GC(1110) User=0.61s Sys=0.00s Real=0.07s
[288.466s][info][gc,start       ] GC(1111) Pause Young (G1 Evacuation Pause)
[288.466s][info][gc,task        ] GC(1111) Using 8 workers of 8 for evacuation
[288.527s][info][gc,phases      ] GC(1111)   Pre Evacuate Collection Set: 0.0ms
[288.528s][info][gc,phases      ] GC(1111)   Evacuate Collection Set: 58.9ms
[288.528s][info][gc,phases      ] GC(1111)   Post Evacuate Collection Set: 2.4ms
[288.528s][info][gc,phases      ] GC(1111)   Other: 0.6ms
[288.528s][info][gc,heap        ] GC(1111) Eden regions: 21->0(21)
[288.528s][info][gc,heap        ] GC(1111) Survivor regions: 4->4(4)
[288.528s][info][gc,heap        ] GC(1111) Old regions: 372->395
[288.528s][info][gc,heap        ] GC(1111) Humongous regions: 71->71
[288.528s][info][gc,metaspace   ] GC(1111) Metaspace: 14818K->14818K(31744K)
[288.528s][info][gc             ] GC(1111) Pause Young (G1 Evacuation Pause) 463M->465M(512M) 62.594ms
[288.528s][info][gc,cpu         ] GC(1111) User=0.47s Sys=0.00s Real=0.06s
[288.546s][info][gc,start       ] GC(1112) Pause Young (G1 Evacuation Pause)
[288.546s][info][gc,task        ] GC(1112) Using 8 workers of 8 for evacuation
[288.603s][info][gc             ] GC(1112) To-space exhausted
[288.604s][info][gc,phases      ] GC(1112)   Pre Evacuate Collection Set: 0.1ms
[288.604s][info][gc,phases      ] GC(1112)   Evacuate Collection Set: 48.1ms
[288.604s][info][gc,phases      ] GC(1112)   Post Evacuate Collection Set: 7.9ms
[288.604s][info][gc,phases      ] GC(1112)   Other: 2.1ms
[288.604s][info][gc,heap        ] GC(1112) Eden regions: 21->0(21)
[288.605s][info][gc,heap        ] GC(1112) Survivor regions: 4->4(4)
[288.605s][info][gc,heap        ] GC(1112) Old regions: 395->420
[288.605s][info][gc,heap        ] GC(1112) Humongous regions: 71->71
[288.605s][info][gc,metaspace   ] GC(1112) Metaspace: 14818K->14818K(31744K)
[288.605s][info][gc             ] GC(1112) Pause Young (G1 Evacuation Pause) 486M->490M(512M) 59.038ms
[288.605s][info][gc,cpu         ] GC(1112) User=0.38s Sys=0.02s Real=0.06s
[288.627s][info][gc,start       ] GC(1113) Pause Young (G1 Evacuation Pause)
[288.627s][info][gc,task        ] GC(1113) Using 8 workers of 8 for evacuation
[288.763s][info][gc             ] GC(1113) To-space exhausted
[288.763s][info][gc,phases      ] GC(1113)   Pre Evacuate Collection Set: 0.0ms
[288.763s][info][gc,phases      ] GC(1113)   Evacuate Collection Set: 90.9ms
[288.763s][info][gc,phases      ] GC(1113)   Post Evacuate Collection Set: 45.0ms
[288.763s][info][gc,phases      ] GC(1113)   Other: 0.7ms
[288.763s][info][gc,heap        ] GC(1113) Eden regions: 17->0(25)
[288.763s][info][gc,heap        ] GC(1113) Survivor regions: 4->0(4)
[288.763s][info][gc,heap        ] GC(1113) Old regions: 420->441
[288.763s][info][gc,heap        ] GC(1113) Humongous regions: 71->71
[288.763s][info][gc,metaspace   ] GC(1113) Metaspace: 14818K->14818K(31744K)
[288.764s][info][gc             ] GC(1113) Pause Young (G1 Evacuation Pause) 507M->507M(512M) 136.963ms
[288.764s][info][gc,cpu         ] GC(1113) User=0.81s Sys=0.00s Real=0.14s
[288.764s][info][gc,start       ] GC(1114) Pause Young (G1 Evacuation Pause)
[288.764s][info][gc,task        ] GC(1114) Using 8 workers of 8 for evacuation
[288.803s][info][gc,phases      ] GC(1114)   Pre Evacuate Collection Set: 0.0ms
[288.803s][info][gc,phases      ] GC(1114)   Evacuate Collection Set: 37.5ms
[288.803s][info][gc,phases      ] GC(1114)   Post Evacuate Collection Set: 0.7ms
[288.803s][info][gc,phases      ] GC(1114)   Other: 0.6ms
[288.803s][info][gc,heap        ] GC(1114) Eden regions: 0->0(25)
[288.803s][info][gc,heap        ] GC(1114) Survivor regions: 0->0(4)
[288.803s][info][gc,heap        ] GC(1114) Old regions: 441->441
[288.803s][info][gc,heap        ] GC(1114) Humongous regions: 71->71
[288.803s][info][gc,metaspace   ] GC(1114) Metaspace: 14818K->14818K(31744K)
[288.803s][info][gc             ] GC(1114) Pause Young (G1 Evacuation Pause) 507M->507M(512M) 39.374ms
[288.804s][info][gc,cpu         ] GC(1114) User=0.14s Sys=0.00s Real=0.04s
[288.805s][info][gc,start       ] GC(1115) Pause Full (Allocation Failure)
[288.807s][info][gc,phases,start] GC(1115) Phase 1: Mark live objects
[290.005s][info][gc,stringtable ] GC(1115) Cleaned string and symbol table, strings: 7378 processed, 19 removed, symbols: 48835 processed, 0 removed
[290.005s][info][gc,phases      ] GC(1115) Phase 1: Mark live objects 1198.105ms
[290.005s][info][gc,phases,start] GC(1115) Phase 2: Prepare for compaction
[290.123s][info][gc,phases      ] GC(1115) Phase 2: Prepare for compaction 117.883ms
[290.123s][info][gc,phases,start] GC(1115) Phase 3: Adjust pointers and remembered sets
[290.502s][info][gc,phases      ] GC(1115) Phase 3: Adjust pointers and remembered sets 378.483ms
[290.502s][info][gc,phases,start] GC(1115) Phase 4: Compact heap
[290.666s][info][gc,phases      ] GC(1115) Phase 4: Compact heap 164.582ms
[290.671s][info][gc,heap        ] GC(1115) Eden regions: 0->0(25)
[290.671s][info][gc,heap        ] GC(1115) Survivor regions: 0->0(4)
[290.671s][info][gc,heap        ] GC(1115) Old regions: 441->421
[290.671s][info][gc,heap        ] GC(1115) Humongous regions: 71->71
[290.671s][info][gc,metaspace   ] GC(1115) Metaspace: 14818K->14818K(31744K)
[290.671s][info][gc             ] GC(1115) Pause Full (Allocation Failure) 507M->487M(512M) 1866.368ms
[290.672s][info][gc,cpu         ] GC(1115) User=13.66s Sys=0.16s Real=1.87s
[290.673s][info][gc,marking     ] GC(1106) Concurrent Mark From Roots 2789.420ms
[290.673s][info][gc,marking     ] GC(1106) Concurrent Mark Abort
[290.673s][info][gc             ] GC(1106) Concurrent Cycle 2809.023ms
[290.692s][info][gc,start       ] GC(1116) Pause Initial Mark (G1 Humongous Allocation)
[290.693s][info][gc,task        ] GC(1116) Using 8 workers of 8 for evacuation
[290.799s][info][gc             ] GC(1116) To-space exhausted
[290.799s][info][gc,phases      ] GC(1116)   Pre Evacuate Collection Set: 0.1ms
[290.799s][info][gc,phases      ] GC(1116)   Evacuate Collection Set: 80.8ms
[290.799s][info][gc,phases      ] GC(1116)   Post Evacuate Collection Set: 24.5ms
[290.799s][info][gc,phases      ] GC(1116)   Other: 0.9ms
[290.799s][info][gc,heap        ] GC(1116) Eden regions: 17->0(22)
[290.799s][info][gc,heap        ] GC(1116) Survivor regions: 0->3(4)
[290.799s][info][gc,heap        ] GC(1116) Old regions: 421->438
[290.799s][info][gc,heap        ] GC(1116) Humongous regions: 71->71
[290.799s][info][gc,metaspace   ] GC(1116) Metaspace: 14818K->14818K(31744K)
[290.799s][info][gc             ] GC(1116) Pause Initial Mark (G1 Humongous Allocation) 504M->507M(512M) 106.789ms
[290.799s][info][gc,cpu         ] GC(1116) User=0.66s Sys=0.00s Real=0.11s
[290.799s][info][gc             ] GC(1117) Concurrent Cycle
[290.799s][info][gc,marking     ] GC(1117) Concurrent Clear Claimed Marks
[290.800s][info][gc,marking     ] GC(1117) Concurrent Clear Claimed Marks 0.140ms
[290.800s][info][gc,marking     ] GC(1117) Concurrent Scan Root Regions
[290.803s][info][gc,marking     ] GC(1117) Concurrent Scan Root Regions 2.807ms
[290.803s][info][gc,start       ] GC(1118) Pause Young (G1 Humongous Allocation)
[290.803s][info][gc,marking     ] GC(1117) Concurrent Mark (290.803s)
[290.803s][info][gc,task        ] GC(1118) Using 8 workers of 8 for evacuation
[290.803s][info][gc,marking     ] GC(1117) Concurrent Mark From Roots
[290.803s][info][gc,task        ] GC(1117) Using 2 workers of 2 for marking
[290.857s][info][gc             ] GC(1118) To-space exhausted
[290.857s][info][gc,phases      ] GC(1118)   Pre Evacuate Collection Set: 2.7ms
[290.857s][info][gc,phases      ] GC(1118)   Evacuate Collection Set: 37.4ms
[290.857s][info][gc,phases      ] GC(1118)   Post Evacuate Collection Set: 15.9ms
[290.857s][info][gc,phases      ] GC(1118)   Other: 0.9ms
[290.857s][info][gc,heap        ] GC(1118) Eden regions: 0->0(25)
[290.857s][info][gc,heap        ] GC(1118) Survivor regions: 3->0(4)
[290.857s][info][gc,heap        ] GC(1118) Old regions: 438->441
[290.857s][info][gc,heap        ] GC(1118) Humongous regions: 71->71
[290.857s][info][gc,metaspace   ] GC(1118) Metaspace: 14818K->14818K(31744K)
[290.857s][info][gc             ] GC(1118) Pause Young (G1 Humongous Allocation) 507M->507M(512M) 54.805ms
[290.857s][info][gc,cpu         ] GC(1118) User=0.34s Sys=0.00s Real=0.05s
[290.859s][info][gc,start       ] GC(1119) Pause Full (Allocation Failure)
[290.865s][info][gc,phases,start] GC(1119) Phase 1: Mark live objects
[290.885s][info][gc,stringtable ] GC(1119) Cleaned string and symbol table, strings: 7359 processed, 0 removed, symbols: 48835 processed, 0 removed
[290.885s][info][gc,phases      ] GC(1119) Phase 1: Mark live objects 20.322ms
[290.885s][info][gc,phases,start] GC(1119) Phase 2: Prepare for compaction
[290.890s][info][gc,phases      ] GC(1119) Phase 2: Prepare for compaction 4.426ms
[290.890s][info][gc,phases,start] GC(1119) Phase 3: Adjust pointers and remembered sets
[290.904s][info][gc,phases      ] GC(1119) Phase 3: Adjust pointers and remembered sets 14.208ms
[290.904s][info][gc,phases,start] GC(1119) Phase 4: Compact heap
[290.908s][info][gc,phases      ] GC(1119) Phase 4: Compact heap 4.366ms
[290.912s][info][gc,heap        ] GC(1119) Eden regions: 0->0(120)
[290.912s][info][gc,heap        ] GC(1119) Survivor regions: 0->0(4)
[290.912s][info][gc,heap        ] GC(1119) Old regions: 441->14
[290.912s][info][gc,heap        ] GC(1119) Humongous regions: 71->0
[290.912s][info][gc,metaspace   ] GC(1119) Metaspace: 14818K->14818K(31744K)
[290.912s][info][gc             ] GC(1119) Pause Full (Allocation Failure) 507M->9M(512M) 53.489ms
[290.913s][info][gc,cpu         ] GC(1119) User=0.05s Sys=0.00s Real=0.06s
[290.914s][info][gc,marking     ] GC(1117) Concurrent Mark From Roots 111.496ms
[290.914s][info][gc,marking     ] GC(1117) Concurrent Mark Abort
[290.914s][info][gc             ] GC(1117) Concurrent Cycle 115.004ms
[291.106s][info][gc,start       ] GC(1120) Pause Young (G1 Evacuation Pause)
[291.106s][info][gc,task        ] GC(1120) Using 8 workers of 8 for evacuation
[291.386s][info][gc,mmu         ] GC(1120) MMU target violated: 201.0ms (200.0ms/201.0ms)
[291.387s][info][gc,phases      ] GC(1120)   Pre Evacuate Collection Set: 0.1ms
[291.387s][info][gc,phases      ] GC(1120)   Evacuate Collection Set: 271.1ms
[291.387s][info][gc,phases      ] GC(1120)   Post Evacuate Collection Set: 8.5ms
[291.387s][info][gc,phases      ] GC(1120)   Other: 1.2ms
[291.387s][info][gc,heap        ] GC(1120) Eden regions: 120->0(83)
[291.387s][info][gc,heap        ] GC(1120) Survivor regions: 0->15(15)
[291.387s][info][gc,heap        ] GC(1120) Old regions: 14->120
[291.387s][info][gc,heap        ] GC(1120) Humongous regions: 71->71
[291.387s][info][gc,metaspace   ] GC(1120) Metaspace: 14818K->14818K(31744K)
[291.387s][info][gc             ] GC(1120) Pause Young (G1 Evacuation Pause) 200M->200M(512M) 281.180ms
[291.387s][info][gc,cpu         ] GC(1120) User=1.95s Sys=0.05s Real=0.29s
[291.571s][info][gc,start       ] GC(1121) Pause Young (G1 Evacuation Pause)
[291.571s][info][gc,task        ] GC(1121) Using 8 workers of 8 for evacuation
[291.796s][info][gc,mmu         ] GC(1121) MMU target violated: 201.0ms (200.0ms/201.0ms)
[291.796s][info][gc,phases      ] GC(1121)   Pre Evacuate Collection Set: 0.1ms
[291.796s][info][gc,phases      ] GC(1121)   Evacuate Collection Set: 222.1ms
[291.797s][info][gc,phases      ] GC(1121)   Post Evacuate Collection Set: 2.2ms
[291.797s][info][gc,phases      ] GC(1121)   Other: 0.7ms
[291.797s][info][gc,heap        ] GC(1121) Eden regions: 83->0(54)
[291.797s][info][gc,heap        ] GC(1121) Survivor regions: 15->13(13)
[291.797s][info][gc,heap        ] GC(1121) Old regions: 120->207
[291.797s][info][gc,heap        ] GC(1121) Humongous regions: 71->71
[291.797s][info][gc,metaspace   ] GC(1121) Metaspace: 14818K->14818K(31744K)
[291.797s][info][gc             ] GC(1121) Pause Young (G1 Evacuation Pause) 283M->285M(512M) 225.886ms
[291.797s][info][gc,cpu         ] GC(1121) User=1.70s Sys=0.00s Real=0.22s
[291.940s][info][gc,start       ] GC(1122) Pause Initial Mark (G1 Evacuation Pause)
[291.940s][info][gc,task        ] GC(1122) Using 8 workers of 8 for evacuation
[292.101s][info][gc,phases      ] GC(1122)   Pre Evacuate Collection Set: 0.1ms
[292.101s][info][gc,phases      ] GC(1122)   Evacuate Collection Set: 158.2ms
[292.101s][info][gc,phases      ] GC(1122)   Post Evacuate Collection Set: 1.6ms
[292.101s][info][gc,phases      ] GC(1122)   Other: 1.1ms
[292.101s][info][gc,heap        ] GC(1122) Eden regions: 54->0(35)
[292.101s][info][gc,heap        ] GC(1122) Survivor regions: 13->9(9)
[292.101s][info][gc,heap        ] GC(1122) Old regions: 207->266
[292.101s][info][gc,heap        ] GC(1122) Humongous regions: 71->71
[292.101s][info][gc,metaspace   ] GC(1122) Metaspace: 14818K->14818K(31744K)
[292.101s][info][gc             ] GC(1122) Pause Initial Mark (G1 Evacuation Pause) 339M->341M(512M) 161.205ms
[292.101s][info][gc,cpu         ] GC(1122) User=1.34s Sys=0.02s Real=0.17s
[292.101s][info][gc             ] GC(1123) Concurrent Cycle
[292.101s][info][gc,marking     ] GC(1123) Concurrent Clear Claimed Marks
[292.102s][info][gc,marking     ] GC(1123) Concurrent Clear Claimed Marks 0.084ms
[292.102s][info][gc,marking     ] GC(1123) Concurrent Scan Root Regions
[292.114s][info][gc,marking     ] GC(1123) Concurrent Scan Root Regions 12.166ms
[292.114s][info][gc,marking     ] GC(1123) Concurrent Mark (292.114s)
[292.114s][info][gc,marking     ] GC(1123) Concurrent Mark From Roots
[292.114s][info][gc,task        ] GC(1123) Using 2 workers of 2 for marking
[292.174s][info][gc,start       ] GC(1124) Pause Young (G1 Evacuation Pause)
[292.174s][info][gc,task        ] GC(1124) Using 8 workers of 8 for evacuation
[292.250s][info][gc,phases      ] GC(1124)   Pre Evacuate Collection Set: 0.1ms
[292.250s][info][gc,phases      ] GC(1124)   Evacuate Collection Set: 74.4ms
[292.250s][info][gc,phases      ] GC(1124)   Post Evacuate Collection Set: 1.2ms
[292.250s][info][gc,phases      ] GC(1124)   Other: 0.7ms
[292.250s][info][gc,heap        ] GC(1124) Eden regions: 35->0(24)
[292.250s][info][gc,heap        ] GC(1124) Survivor regions: 9->6(6)
[292.250s][info][gc,heap        ] GC(1124) Old regions: 266->306
[292.250s][info][gc,heap        ] GC(1124) Humongous regions: 71->71
[292.250s][info][gc,metaspace   ] GC(1124) Metaspace: 14818K->14818K(31744K)
[292.250s][info][gc             ] GC(1124) Pause Young (G1 Evacuation Pause) 376M->378M(512M) 76.761ms
[292.251s][info][gc,cpu         ] GC(1124) User=0.61s Sys=0.00s Real=0.08s
[292.289s][info][gc,start       ] GC(1125) Pause Young (G1 Evacuation Pause)
[292.289s][info][gc,task        ] GC(1125) Using 8 workers of 8 for evacuation
[292.384s][info][gc,phases      ] GC(1125)   Pre Evacuate Collection Set: 0.0ms
[292.384s][info][gc,phases      ] GC(1125)   Evacuate Collection Set: 85.2ms
[292.384s][info][gc,phases      ] GC(1125)   Post Evacuate Collection Set: 9.1ms
[292.384s][info][gc,phases      ] GC(1125)   Other: 0.6ms
[292.384s][info][gc,heap        ] GC(1125) Eden regions: 24->0(21)
[292.384s][info][gc,heap        ] GC(1125) Survivor regions: 6->4(4)
[292.384s][info][gc,heap        ] GC(1125) Old regions: 306->334
[292.384s][info][gc,heap        ] GC(1125) Humongous regions: 71->71
[292.384s][info][gc,metaspace   ] GC(1125) Metaspace: 14818K->14818K(31744K)
[292.385s][info][gc             ] GC(1125) Pause Young (G1 Evacuation Pause) 402M->404M(512M) 95.479ms
[292.385s][info][gc,cpu         ] GC(1125) User=0.81s Sys=0.02s Real=0.11s
[292.412s][info][gc,start       ] GC(1126) Pause Young (G1 Evacuation Pause)
[292.412s][info][gc,task        ] GC(1126) Using 8 workers of 8 for evacuation
[292.544s][info][gc,phases      ] GC(1126)   Pre Evacuate Collection Set: 0.1ms
[292.544s][info][gc,phases      ] GC(1126)   Evacuate Collection Set: 116.3ms
[292.544s][info][gc,phases      ] GC(1126)   Post Evacuate Collection Set: 14.9ms
[292.544s][info][gc,phases      ] GC(1126)   Other: 0.6ms
[292.544s][info][gc,heap        ] GC(1126) Eden regions: 21->0(21)
[292.544s][info][gc,heap        ] GC(1126) Survivor regions: 4->4(4)
[292.544s][info][gc,heap        ] GC(1126) Old regions: 334->357
[292.544s][info][gc,heap        ] GC(1126) Humongous regions: 71->71
[292.544s][info][gc,metaspace   ] GC(1126) Metaspace: 14818K->14818K(31744K)
[292.544s][info][gc             ] GC(1126) Pause Young (G1 Evacuation Pause) 425M->427M(512M) 132.322ms
[292.544s][info][gc,cpu         ] GC(1126) User=0.89s Sys=0.05s Real=0.14s
[292.671s][info][gc,start       ] GC(1127) Pause Young (G1 Evacuation Pause)
[292.671s][info][gc,task        ] GC(1127) Using 8 workers of 8 for evacuation
[292.755s][info][gc,phases      ] GC(1127)   Pre Evacuate Collection Set: 0.0ms
[292.755s][info][gc,phases      ] GC(1127)   Evacuate Collection Set: 66.9ms
[292.755s][info][gc,phases      ] GC(1127)   Post Evacuate Collection Set: 16.7ms
[292.755s][info][gc,phases      ] GC(1127)   Other: 0.6ms
[292.755s][info][gc,heap        ] GC(1127) Eden regions: 21->0(21)
[292.755s][info][gc,heap        ] GC(1127) Survivor regions: 4->4(4)
[292.755s][info][gc,heap        ] GC(1127) Old regions: 357->380
[292.755s][info][gc,heap        ] GC(1127) Humongous regions: 71->71
[292.755s][info][gc,metaspace   ] GC(1127) Metaspace: 14818K->14818K(31744K)
[292.756s][info][gc             ] GC(1127) Pause Young (G1 Evacuation Pause) 448M->449M(512M) 84.677ms
[292.756s][info][gc,cpu         ] GC(1127) User=0.56s Sys=0.02s Real=0.08s
[292.833s][info][gc,start       ] GC(1128) Pause Young (G1 Evacuation Pause)
[292.833s][info][gc,task        ] GC(1128) Using 8 workers of 8 for evacuation
[292.904s][info][gc,phases      ] GC(1128)   Pre Evacuate Collection Set: 0.1ms
[292.904s][info][gc,phases      ] GC(1128)   Evacuate Collection Set: 69.0ms
[292.904s][info][gc,phases      ] GC(1128)   Post Evacuate Collection Set: 1.1ms
[292.904s][info][gc,phases      ] GC(1128)   Other: 0.6ms
[292.904s][info][gc,heap        ] GC(1128) Eden regions: 21->0(21)
[292.904s][info][gc,heap        ] GC(1128) Survivor regions: 4->4(4)
[292.904s][info][gc,heap        ] GC(1128) Old regions: 380->402
[292.904s][info][gc,heap        ] GC(1128) Humongous regions: 71->71
[292.904s][info][gc,metaspace   ] GC(1128) Metaspace: 14818K->14818K(31744K)
[292.904s][info][gc             ] GC(1128) Pause Young (G1 Evacuation Pause) 470M->472M(512M) 71.203ms
[292.904s][info][gc,cpu         ] GC(1128) User=0.61s Sys=0.00s Real=0.08s
[292.923s][info][gc,start       ] GC(1129) Pause Young (G1 Evacuation Pause)
[292.923s][info][gc,task        ] GC(1129) Using 8 workers of 8 for evacuation
[293.052s][info][gc             ] GC(1129) To-space exhausted
[293.053s][info][gc,phases      ] GC(1129)   Pre Evacuate Collection Set: 0.0ms
[293.053s][info][gc,phases      ] GC(1129)   Evacuate Collection Set: 97.1ms
[293.053s][info][gc,phases      ] GC(1129)   Post Evacuate Collection Set: 31.5ms
[293.053s][info][gc,phases      ] GC(1129)   Other: 0.6ms
[293.053s][info][gc,heap        ] GC(1129) Eden regions: 21->0(21)
[293.053s][info][gc,heap        ] GC(1129) Survivor regions: 4->4(4)
[293.053s][info][gc,heap        ] GC(1129) Old regions: 402->433
[293.053s][info][gc,heap        ] GC(1129) Humongous regions: 71->71
[293.053s][info][gc,metaspace   ] GC(1129) Metaspace: 14818K->14818K(31744K)
[293.053s][info][gc             ] GC(1129) Pause Young (G1 Evacuation Pause) 493M->503M(512M) 129.615ms
[293.053s][info][gc,cpu         ] GC(1129) User=0.91s Sys=0.05s Real=0.14s
[293.064s][info][gc,start       ] GC(1130) Pause Young (G1 Evacuation Pause)
[293.064s][info][gc,task        ] GC(1130) Using 8 workers of 8 for evacuation
[293.108s][info][gc             ] GC(1130) To-space exhausted
[293.108s][info][gc,phases      ] GC(1130)   Pre Evacuate Collection Set: 0.0ms
[293.108s][info][gc,phases      ] GC(1130)   Evacuate Collection Set: 31.8ms
[293.108s][info][gc,phases      ] GC(1130)   Post Evacuate Collection Set: 11.6ms
[293.108s][info][gc,phases      ] GC(1130)   Other: 0.6ms
[293.108s][info][gc,heap        ] GC(1130) Eden regions: 4->0(25)
[293.108s][info][gc,heap        ] GC(1130) Survivor regions: 4->0(4)
[293.108s][info][gc,heap        ] GC(1130) Old regions: 433->441
[293.108s][info][gc,heap        ] GC(1130) Humongous regions: 71->71
[293.108s][info][gc,metaspace   ] GC(1130) Metaspace: 14818K->14818K(31744K)
[293.108s][info][gc             ] GC(1130) Pause Young (G1 Evacuation Pause) 507M->507M(512M) 44.346ms
[293.108s][info][gc,cpu         ] GC(1130) User=0.25s Sys=0.00s Real=0.05s
[293.109s][info][gc,start       ] GC(1131) Pause Young (G1 Evacuation Pause)
[293.109s][info][gc,task        ] GC(1131) Using 8 workers of 8 for evacuation
[293.133s][info][gc,phases      ] GC(1131)   Pre Evacuate Collection Set: 0.0ms
[293.133s][info][gc,phases      ] GC(1131)   Evacuate Collection Set: 13.6ms
[293.133s][info][gc,phases      ] GC(1131)   Post Evacuate Collection Set: 9.8ms
[293.133s][info][gc,phases      ] GC(1131)   Other: 0.5ms
[293.133s][info][gc,heap        ] GC(1131) Eden regions: 0->0(25)
[293.133s][info][gc,heap        ] GC(1131) Survivor regions: 0->0(4)
[293.133s][info][gc,heap        ] GC(1131) Old regions: 441->441
[293.133s][info][gc,heap        ] GC(1131) Humongous regions: 71->71
[293.133s][info][gc,metaspace   ] GC(1131) Metaspace: 14818K->14818K(31744K)
[293.133s][info][gc             ] GC(1131) Pause Young (G1 Evacuation Pause) 507M->507M(512M) 24.538ms
[293.133s][info][gc,cpu         ] GC(1131) User=0.17s Sys=0.02s Real=0.03s
[293.134s][info][gc,start       ] GC(1132) Pause Full (Allocation Failure)
[293.138s][info][gc,phases,start] GC(1132) Phase 1: Mark live objects
[294.487s][info][gc,stringtable ] GC(1132) Cleaned string and symbol table, strings: 7378 processed, 19 removed, symbols: 48835 processed, 0 removed
[294.487s][info][gc,phases      ] GC(1132) Phase 1: Mark live objects 1348.842ms
[294.487s][info][gc,phases,start] GC(1132) Phase 2: Prepare for compaction
[294.595s][info][gc,phases      ] GC(1132) Phase 2: Prepare for compaction 107.777ms
[294.595s][info][gc,phases,start] GC(1132) Phase 3: Adjust pointers and remembered sets
[294.951s][info][gc,phases      ] GC(1132) Phase 3: Adjust pointers and remembered sets 356.151ms
[294.951s][info][gc,phases,start] GC(1132) Phase 4: Compact heap
[295.216s][info][gc,phases      ] GC(1132) Phase 4: Compact heap 264.062ms
[295.221s][info][gc,heap        ] GC(1132) Eden regions: 0->0(25)
[295.221s][info][gc,heap        ] GC(1132) Survivor regions: 0->0(4)
[295.221s][info][gc,heap        ] GC(1132) Old regions: 441->415
[295.221s][info][gc,heap        ] GC(1132) Humongous regions: 71->71
[295.221s][info][gc,metaspace   ] GC(1132) Metaspace: 14818K->14818K(31744K)
[295.221s][info][gc             ] GC(1132) Pause Full (Allocation Failure) 507M->482M(512M) 2086.577ms
[295.222s][info][gc,cpu         ] GC(1132) User=13.41s Sys=0.22s Real=2.08s
[295.222s][info][gc,marking     ] GC(1123) Concurrent Mark From Roots 3108.191ms
[295.222s][info][gc,marking     ] GC(1123) Concurrent Mark Abort
[295.223s][info][gc             ] GC(1123) Concurrent Cycle 3121.179ms
[295.254s][info][gc,start       ] GC(1133) Pause Initial Mark (G1 Humongous Allocation)
[295.254s][info][gc,task        ] GC(1133) Using 8 workers of 8 for evacuation
[295.392s][info][gc             ] GC(1133) To-space exhausted
[295.392s][info][gc,phases      ] GC(1133)   Pre Evacuate Collection Set: 0.1ms
[295.392s][info][gc,phases      ] GC(1133)   Evacuate Collection Set: 99.0ms
[295.392s][info][gc,phases      ] GC(1133)   Post Evacuate Collection Set: 38.4ms
[295.392s][info][gc,phases      ] GC(1133)   Other: 0.9ms
[295.393s][info][gc,heap        ] GC(1133) Eden regions: 25->0(24)
[295.393s][info][gc,heap        ] GC(1133) Survivor regions: 0->1(4)
[295.393s][info][gc,heap        ] GC(1133) Old regions: 415->440
[295.393s][info][gc,heap        ] GC(1133) Humongous regions: 71->71
[295.393s][info][gc,metaspace   ] GC(1133) Metaspace: 14820K->14820K(31744K)
[295.393s][info][gc             ] GC(1133) Pause Initial Mark (G1 Humongous Allocation) 506M->507M(512M) 138.756ms
[295.393s][info][gc,cpu         ] GC(1133) User=0.89s Sys=0.03s Real=0.13s
[295.393s][info][gc             ] GC(1134) Concurrent Cycle
[295.393s][info][gc,marking     ] GC(1134) Concurrent Clear Claimed Marks
[295.393s][info][gc,marking     ] GC(1134) Concurrent Clear Claimed Marks 0.122ms
[295.393s][info][gc,marking     ] GC(1134) Concurrent Scan Root Regions
[295.396s][info][gc,marking     ] GC(1134) Concurrent Scan Root Regions 2.129ms
[295.396s][info][gc,start       ] GC(1135) Pause Young (G1 Evacuation Pause)
[295.396s][info][gc,marking     ] GC(1134) Concurrent Mark (295.396s)
[295.396s][info][gc,task        ] GC(1135) Using 8 workers of 8 for evacuation
[295.396s][info][gc,marking     ] GC(1134) Concurrent Mark From Roots
[295.396s][info][gc,task        ] GC(1134) Using 2 workers of 2 for marking
[295.460s][info][gc             ] GC(1135) To-space exhausted
[295.460s][info][gc,phases      ] GC(1135)   Pre Evacuate Collection Set: 2.2ms
[295.460s][info][gc,phases      ] GC(1135)   Evacuate Collection Set: 41.6ms
[295.460s][info][gc,phases      ] GC(1135)   Post Evacuate Collection Set: 21.0ms
[295.460s][info][gc,phases      ] GC(1135)   Other: 1.6ms
[295.460s][info][gc,heap        ] GC(1135) Eden regions: 0->0(25)
[295.460s][info][gc,heap        ] GC(1135) Survivor regions: 1->0(4)
[295.460s][info][gc,heap        ] GC(1135) Old regions: 440->441
[295.460s][info][gc,heap        ] GC(1135) Humongous regions: 71->71
[295.460s][info][gc,metaspace   ] GC(1135) Metaspace: 14820K->14820K(31744K)
[295.460s][info][gc             ] GC(1135) Pause Young (G1 Evacuation Pause) 507M->507M(512M) 64.645ms
[295.460s][info][gc,cpu         ] GC(1135) User=0.20s Sys=0.00s Real=0.04s
[295.461s][info][gc,start       ] GC(1136) Pause Young (G1 Evacuation Pause)
[295.461s][info][gc,task        ] GC(1136) Using 8 workers of 8 for evacuation
[295.477s][info][gc,phases      ] GC(1136)   Pre Evacuate Collection Set: 0.1ms
[295.477s][info][gc,phases      ] GC(1136)   Evacuate Collection Set: 10.0ms
[295.477s][info][gc,phases      ] GC(1136)   Post Evacuate Collection Set: 5.4ms
[295.477s][info][gc,phases      ] GC(1136)   Other: 0.5ms
[295.477s][info][gc,heap        ] GC(1136) Eden regions: 0->0(25)
[295.477s][info][gc,heap        ] GC(1136) Survivor regions: 0->0(4)
[295.477s][info][gc,heap        ] GC(1136) Old regions: 441->441
[295.477s][info][gc,heap        ] GC(1136) Humongous regions: 71->71
[295.477s][info][gc,metaspace   ] GC(1136) Metaspace: 14820K->14820K(31744K)
[295.477s][info][gc             ] GC(1136) Pause Young (G1 Evacuation Pause) 507M->507M(512M) 16.337ms
[295.477s][info][gc,cpu         ] GC(1136) User=0.00s Sys=0.09s Real=0.04s
[295.477s][info][gc,start       ] GC(1137) Pause Young (G1 Humongous Allocation)
[295.478s][info][gc,task        ] GC(1137) Using 8 workers of 8 for evacuation
[295.497s][info][gc,phases      ] GC(1137)   Pre Evacuate Collection Set: 0.0ms
[295.497s][info][gc,phases      ] GC(1137)   Evacuate Collection Set: 16.9ms
[295.497s][info][gc,phases      ] GC(1137)   Post Evacuate Collection Set: 1.4ms
[295.497s][info][gc,phases      ] GC(1137)   Other: 0.9ms
[295.497s][info][gc,heap        ] GC(1137) Eden regions: 0->0(25)
[295.497s][info][gc,heap        ] GC(1137) Survivor regions: 0->0(4)
[295.497s][info][gc,heap        ] GC(1137) Old regions: 441->441
[295.497s][info][gc,heap        ] GC(1137) Humongous regions: 71->71
[295.497s][info][gc,metaspace   ] GC(1137) Metaspace: 14820K->14820K(31744K)
[295.497s][info][gc             ] GC(1137) Pause Young (G1 Humongous Allocation) 507M->507M(512M) 19.674ms
[295.497s][info][gc,cpu         ] GC(1137) User=0.00s Sys=0.00s Real=0.01s
[295.499s][info][gc,start       ] GC(1138) Pause Full (Allocation Failure)
[295.502s][info][gc,phases,start] GC(1138) Phase 1: Mark live objects
[295.525s][info][gc,stringtable ] GC(1138) Cleaned string and symbol table, strings: 7381 processed, 19 removed, symbols: 48835 processed, 0 removed
[295.525s][info][gc,phases      ] GC(1138) Phase 1: Mark live objects 23.051ms
[295.525s][info][gc,phases,start] GC(1138) Phase 2: Prepare for compaction
[295.531s][info][gc,phases      ] GC(1138) Phase 2: Prepare for compaction 5.854ms
[295.531s][info][gc,phases,start] GC(1138) Phase 3: Adjust pointers and remembered sets
[295.544s][info][gc,phases      ] GC(1138) Phase 3: Adjust pointers and remembered sets 12.534ms
[295.544s][info][gc,phases,start] GC(1138) Phase 4: Compact heap
[295.552s][info][gc,phases      ] GC(1138) Phase 4: Compact heap 8.513ms
[295.555s][info][gc,heap        ] GC(1138) Eden regions: 0->0(117)
[295.555s][info][gc,heap        ] GC(1138) Survivor regions: 0->0(4)
[295.555s][info][gc,heap        ] GC(1138) Old regions: 441->13
[295.555s][info][gc,heap        ] GC(1138) Humongous regions: 71->0
[295.555s][info][gc,metaspace   ] GC(1138) Metaspace: 14820K->14820K(31744K)
[295.555s][info][gc             ] GC(1138) Pause Full (Allocation Failure) 507M->9M(512M) 55.587ms
[295.556s][info][gc,cpu         ] GC(1138) User=0.28s Sys=0.00s Real=0.05s
[295.556s][info][gc,marking     ] GC(1134) Concurrent Mark From Roots 160.089ms
[295.556s][info][gc,marking     ] GC(1134) Concurrent Mark Abort
[295.556s][info][gc             ] GC(1134) Concurrent Cycle 162.978ms
[295.744s][info][gc,start       ] GC(1139) Pause Young (G1 Evacuation Pause)
[295.744s][info][gc,task        ] GC(1139) Using 8 workers of 8 for evacuation
[296.027s][info][gc,mmu         ] GC(1139) MMU target violated: 201.0ms (200.0ms/201.0ms)
[296.027s][info][gc,phases      ] GC(1139)   Pre Evacuate Collection Set: 0.1ms
[296.027s][info][gc,phases      ] GC(1139)   Evacuate Collection Set: 278.3ms
[296.027s][info][gc,phases      ] GC(1139)   Post Evacuate Collection Set: 3.8ms
[296.027s][info][gc,phases      ] GC(1139)   Other: 1.2ms
[296.027s][info][gc,heap        ] GC(1139) Eden regions: 117->0(81)
[296.027s][info][gc,heap        ] GC(1139) Survivor regions: 0->15(15)
[296.028s][info][gc,heap        ] GC(1139) Old regions: 13->117
[296.028s][info][gc,heap        ] GC(1139) Humongous regions: 72->72
[296.028s][info][gc,metaspace   ] GC(1139) Metaspace: 14820K->14820K(31744K)
[296.028s][info][gc             ] GC(1139) Pause Young (G1 Evacuation Pause) 198M->199M(512M) 283.950ms
[296.028s][info][gc,cpu         ] GC(1139) User=2.00s Sys=0.03s Real=0.30s
[296.156s][info][gc,start       ] GC(1140) Pause Young (G1 Evacuation Pause)
[296.157s][info][gc,task        ] GC(1140) Using 8 workers of 8 for evacuation
[296.361s][info][gc,mmu         ] GC(1140) MMU target violated: 201.0ms (200.0ms/201.0ms)
[296.362s][info][gc,phases      ] GC(1140)   Pre Evacuate Collection Set: 0.1ms
[296.362s][info][gc,phases      ] GC(1140)   Evacuate Collection Set: 200.2ms
[296.363s][info][gc,phases      ] GC(1140)   Post Evacuate Collection Set: 3.8ms
[296.363s][info][gc,phases      ] GC(1140)   Other: 2.0ms
[296.363s][info][gc,heap        ] GC(1140) Eden regions: 81->0(55)
[296.363s][info][gc,heap        ] GC(1140) Survivor regions: 15->12(12)
[296.363s][info][gc,heap        ] GC(1140) Old regions: 117->202
[296.363s][info][gc,heap        ] GC(1140) Humongous regions: 72->72
[296.363s][info][gc,metaspace   ] GC(1140) Metaspace: 14820K->14820K(31744K)
[296.363s][info][gc             ] GC(1140) Pause Young (G1 Evacuation Pause) 280M->282M(512M) 206.539ms
[296.363s][info][gc,cpu         ] GC(1140) User=1.63s Sys=0.00s Real=0.20s
[296.472s][info][gc,start       ] GC(1141) Pause Initial Mark (G1 Evacuation Pause)
[296.472s][info][gc,task        ] GC(1141) Using 8 workers of 8 for evacuation
[296.609s][info][gc,phases      ] GC(1141)   Pre Evacuate Collection Set: 0.1ms
[296.609s][info][gc,phases      ] GC(1141)   Evacuate Collection Set: 133.7ms
[296.609s][info][gc,phases      ] GC(1141)   Post Evacuate Collection Set: 2.9ms
[296.609s][info][gc,phases      ] GC(1141)   Other: 0.7ms
[296.609s][info][gc,heap        ] GC(1141) Eden regions: 55->0(36)
[296.609s][info][gc,heap        ] GC(1141) Survivor regions: 12->9(9)
[296.609s][info][gc,heap        ] GC(1141) Old regions: 202->262
[296.609s][info][gc,heap        ] GC(1141) Humongous regions: 72->72
[296.609s][info][gc,metaspace   ] GC(1141) Metaspace: 14820K->14820K(31744K)
[296.609s][info][gc             ] GC(1141) Pause Initial Mark (G1 Evacuation Pause) 337M->339M(512M) 137.731ms
[296.609s][info][gc,cpu         ] GC(1141) User=0.98s Sys=0.00s Real=0.12s
[296.610s][info][gc             ] GC(1142) Concurrent Cycle
[296.610s][info][gc,marking     ] GC(1142) Concurrent Clear Claimed Marks
[296.610s][info][gc,marking     ] GC(1142) Concurrent Clear Claimed Marks 0.110ms
[296.610s][info][gc,marking     ] GC(1142) Concurrent Scan Root Regions
[296.639s][info][gc,marking     ] GC(1142) Concurrent Scan Root Regions 29.620ms
[296.640s][info][gc,marking     ] GC(1142) Concurrent Mark (296.640s)
[296.640s][info][gc,marking     ] GC(1142) Concurrent Mark From Roots
[296.640s][info][gc,task        ] GC(1142) Using 2 workers of 2 for marking
[296.709s][info][gc,start       ] GC(1143) Pause Young (G1 Evacuation Pause)
[296.709s][info][gc,task        ] GC(1143) Using 8 workers of 8 for evacuation
[296.811s][info][gc,phases      ] GC(1143)   Pre Evacuate Collection Set: 0.0ms
[296.811s][info][gc,phases      ] GC(1143)   Evacuate Collection Set: 100.0ms
[296.811s][info][gc,phases      ] GC(1143)   Post Evacuate Collection Set: 1.1ms
[296.811s][info][gc,phases      ] GC(1143)   Other: 0.6ms
[296.812s][info][gc,heap        ] GC(1143) Eden regions: 36->0(24)
[296.812s][info][gc,heap        ] GC(1143) Survivor regions: 9->6(6)
[296.812s][info][gc,heap        ] GC(1143) Old regions: 262->303
[296.812s][info][gc,heap        ] GC(1143) Humongous regions: 72->72
[296.812s][info][gc,metaspace   ] GC(1143) Metaspace: 14820K->14820K(31744K)
[296.812s][info][gc             ] GC(1143) Pause Young (G1 Evacuation Pause) 375M->376M(512M) 103.193ms
[296.813s][info][gc,cpu         ] GC(1143) User=0.78s Sys=0.02s Real=0.10s
[296.874s][info][gc,start       ] GC(1144) Pause Young (G1 Evacuation Pause)
[296.874s][info][gc,task        ] GC(1144) Using 8 workers of 8 for evacuation
[296.951s][info][gc,phases      ] GC(1144)   Pre Evacuate Collection Set: 0.0ms
[296.951s][info][gc,phases      ] GC(1144)   Evacuate Collection Set: 75.8ms
[296.951s][info][gc,phases      ] GC(1144)   Post Evacuate Collection Set: 0.8ms
[296.951s][info][gc,phases      ] GC(1144)   Other: 0.6ms
[296.951s][info][gc,heap        ] GC(1144) Eden regions: 24->0(21)
[296.951s][info][gc,heap        ] GC(1144) Survivor regions: 6->4(4)
[296.951s][info][gc,heap        ] GC(1144) Old regions: 303->330
[296.951s][info][gc,heap        ] GC(1144) Humongous regions: 72->72
[296.951s][info][gc,metaspace   ] GC(1144) Metaspace: 14820K->14820K(31744K)
[296.952s][info][gc             ] GC(1144) Pause Young (G1 Evacuation Pause) 400M->402M(512M) 77.602ms
[296.952s][info][gc,cpu         ] GC(1144) User=0.56s Sys=0.05s Real=0.08s
[296.975s][info][gc,start       ] GC(1145) Pause Young (G1 Evacuation Pause)
[296.975s][info][gc,task        ] GC(1145) Using 8 workers of 8 for evacuation
[297.042s][info][gc,phases      ] GC(1145)   Pre Evacuate Collection Set: 0.0ms
[297.042s][info][gc,phases      ] GC(1145)   Evacuate Collection Set: 64.3ms
[297.042s][info][gc,phases      ] GC(1145)   Post Evacuate Collection Set: 2.4ms
[297.042s][info][gc,phases      ] GC(1145)   Other: 0.6ms
[297.042s][info][gc,heap        ] GC(1145) Eden regions: 21->0(21)
[297.043s][info][gc,heap        ] GC(1145) Survivor regions: 4->4(4)
[297.043s][info][gc,heap        ] GC(1145) Old regions: 330->353
[297.043s][info][gc,heap        ] GC(1145) Humongous regions: 72->72
[297.043s][info][gc,metaspace   ] GC(1145) Metaspace: 14820K->14820K(31744K)
[297.043s][info][gc             ] GC(1145) Pause Young (G1 Evacuation Pause) 423M->424M(512M) 67.888ms
[297.043s][info][gc,cpu         ] GC(1145) User=0.42s Sys=0.00s Real=0.07s
[297.081s][info][gc,start       ] GC(1146) Pause Young (G1 Evacuation Pause)
[297.081s][info][gc,task        ] GC(1146) Using 8 workers of 8 for evacuation
[297.166s][info][gc,phases      ] GC(1146)   Pre Evacuate Collection Set: 0.1ms
[297.166s][info][gc,phases      ] GC(1146)   Evacuate Collection Set: 83.2ms
[297.166s][info][gc,phases      ] GC(1146)   Post Evacuate Collection Set: 1.2ms
[297.166s][info][gc,phases      ] GC(1146)   Other: 0.7ms
[297.166s][info][gc,heap        ] GC(1146) Eden regions: 21->0(21)
[297.166s][info][gc,heap        ] GC(1146) Survivor regions: 4->4(4)
[297.166s][info][gc,heap        ] GC(1146) Old regions: 353->376
[297.166s][info][gc,heap        ] GC(1146) Humongous regions: 72->72
[297.166s][info][gc,metaspace   ] GC(1146) Metaspace: 14820K->14820K(31744K)
[297.166s][info][gc             ] GC(1146) Pause Young (G1 Evacuation Pause) 445M->447M(512M) 85.830ms
[297.167s][info][gc,cpu         ] GC(1146) User=0.56s Sys=0.05s Real=0.09s
[297.195s][info][gc,start       ] GC(1147) Pause Young (G1 Evacuation Pause)
[297.195s][info][gc,task        ] GC(1147) Using 8 workers of 8 for evacuation
[297.263s][info][gc,phases      ] GC(1147)   Pre Evacuate Collection Set: 0.1ms
[297.263s][info][gc,phases      ] GC(1147)   Evacuate Collection Set: 66.8ms
[297.264s][info][gc,phases      ] GC(1147)   Post Evacuate Collection Set: 1.0ms
[297.264s][info][gc,phases      ] GC(1147)   Other: 0.8ms
[297.264s][info][gc,heap        ] GC(1147) Eden regions: 21->0(21)
[297.264s][info][gc,heap        ] GC(1147) Survivor regions: 4->4(4)
[297.264s][info][gc,heap        ] GC(1147) Old regions: 376->399
[297.264s][info][gc,heap        ] GC(1147) Humongous regions: 72->72
[297.264s][info][gc,metaspace   ] GC(1147) Metaspace: 14820K->14820K(31744K)
[297.264s][info][gc             ] GC(1147) Pause Young (G1 Evacuation Pause) 468M->471M(512M) 68.989ms
[297.264s][info][gc,cpu         ] GC(1147) User=0.42s Sys=0.00s Real=0.07s
[297.290s][info][gc,start       ] GC(1148) Pause Young (G1 Evacuation Pause)
[297.291s][info][gc,task        ] GC(1148) Using 8 workers of 8 for evacuation
[297.357s][info][gc             ] GC(1148) To-space exhausted
[297.357s][info][gc,phases      ] GC(1148)   Pre Evacuate Collection Set: 0.0ms
[297.357s][info][gc,phases      ] GC(1148)   Evacuate Collection Set: 53.9ms
[297.357s][info][gc,phases      ] GC(1148)   Post Evacuate Collection Set: 11.8ms
[297.357s][info][gc,phases      ] GC(1148)   Other: 0.7ms
[297.357s][info][gc,heap        ] GC(1148) Eden regions: 21->0(21)
[297.357s][info][gc,heap        ] GC(1148) Survivor regions: 4->4(4)
[297.357s][info][gc,heap        ] GC(1148) Old regions: 399->424
[297.357s][info][gc,heap        ] GC(1148) Humongous regions: 72->72
[297.357s][info][gc,metaspace   ] GC(1148) Metaspace: 14820K->14820K(31744K)
[297.357s][info][gc             ] GC(1148) Pause Young (G1 Evacuation Pause) 492M->496M(512M) 66.903ms
[297.357s][info][gc,cpu         ] GC(1148) User=0.47s Sys=0.02s Real=0.08s
[297.373s][info][gc,start       ] GC(1149) Pause Young (G1 Evacuation Pause)
[297.374s][info][gc,task        ] GC(1149) Using 8 workers of 8 for evacuation
[297.459s][info][gc             ] GC(1149) To-space exhausted
[297.459s][info][gc,phases      ] GC(1149)   Pre Evacuate Collection Set: 0.1ms
[297.459s][info][gc,phases      ] GC(1149)   Evacuate Collection Set: 59.1ms
[297.459s][info][gc,phases      ] GC(1149)   Post Evacuate Collection Set: 23.9ms
[297.459s][info][gc,phases      ] GC(1149)   Other: 3.5ms
[297.459s][info][gc,heap        ] GC(1149) Eden regions: 12->0(25)
[297.459s][info][gc,heap        ] GC(1149) Survivor regions: 4->0(4)
[297.459s][info][gc,heap        ] GC(1149) Old regions: 424->440
[297.459s][info][gc,heap        ] GC(1149) Humongous regions: 72->72
[297.459s][info][gc,metaspace   ] GC(1149) Metaspace: 14820K->14820K(31744K)
[297.460s][info][gc             ] GC(1149) Pause Young (G1 Evacuation Pause) 508M->508M(512M) 86.790ms
[297.460s][info][gc,cpu         ] GC(1149) User=0.58s Sys=0.02s Real=0.09s
[297.460s][info][gc,start       ] GC(1150) Pause Young (G1 Evacuation Pause)
[297.460s][info][gc,task        ] GC(1150) Using 8 workers of 8 for evacuation
[297.478s][info][gc,phases      ] GC(1150)   Pre Evacuate Collection Set: 0.0ms
[297.479s][info][gc,phases      ] GC(1150)   Evacuate Collection Set: 17.0ms
[297.479s][info][gc,phases      ] GC(1150)   Post Evacuate Collection Set: 0.7ms
[297.479s][info][gc,phases      ] GC(1150)   Other: 0.4ms
[297.479s][info][gc,heap        ] GC(1150) Eden regions: 0->0(25)
[297.479s][info][gc,heap        ] GC(1150) Survivor regions: 0->0(4)
[297.479s][info][gc,heap        ] GC(1150) Old regions: 440->440
[297.479s][info][gc,heap        ] GC(1150) Humongous regions: 72->72
[297.479s][info][gc,metaspace   ] GC(1150) Metaspace: 14820K->14820K(31744K)
[297.479s][info][gc             ] GC(1150) Pause Young (G1 Evacuation Pause) 508M->508M(512M) 18.525ms
[297.479s][info][gc,cpu         ] GC(1150) User=0.11s Sys=0.00s Real=0.01s
[297.483s][info][gc,start       ] GC(1151) Pause Young (G1 Evacuation Pause)
[297.483s][info][gc,task        ] GC(1151) Using 8 workers of 8 for evacuation
[297.488s][info][gc,phases      ] GC(1151)   Pre Evacuate Collection Set: 0.1ms
[297.488s][info][gc,phases      ] GC(1151)   Evacuate Collection Set: 3.1ms
[297.488s][info][gc,phases      ] GC(1151)   Post Evacuate Collection Set: 1.4ms
[297.488s][info][gc,phases      ] GC(1151)   Other: 0.6ms
[297.488s][info][gc,heap        ] GC(1151) Eden regions: 0->0(25)
[297.488s][info][gc,heap        ] GC(1151) Survivor regions: 0->0(4)
[297.488s][info][gc,heap        ] GC(1151) Old regions: 440->440
[297.489s][info][gc,heap        ] GC(1151) Humongous regions: 72->72
[297.489s][info][gc,metaspace   ] GC(1151) Metaspace: 14820K->14820K(31744K)
[297.489s][info][gc             ] GC(1151) Pause Young (G1 Evacuation Pause) 508M->508M(512M) 5.436ms
[297.489s][info][gc,cpu         ] GC(1151) User=0.00s Sys=0.00s Real=0.00s
[297.490s][info][gc,start       ] GC(1152) Pause Young (G1 Evacuation Pause)
[297.490s][info][gc,task        ] GC(1152) Using 8 workers of 8 for evacuation
[297.492s][info][gc,phases      ] GC(1152)   Pre Evacuate Collection Set: 0.0ms
[297.492s][info][gc,phases      ] GC(1152)   Evacuate Collection Set: 1.0ms
[297.492s][info][gc,phases      ] GC(1152)   Post Evacuate Collection Set: 1.4ms
[297.492s][info][gc,phases      ] GC(1152)   Other: 0.3ms
[297.492s][info][gc,heap        ] GC(1152) Eden regions: 0->0(25)
[297.492s][info][gc,heap        ] GC(1152) Survivor regions: 0->0(4)
[297.493s][info][gc,heap        ] GC(1152) Old regions: 440->440
[297.493s][info][gc,heap        ] GC(1152) Humongous regions: 72->72
[297.493s][info][gc,metaspace   ] GC(1152) Metaspace: 14820K->14820K(31744K)
[297.493s][info][gc             ] GC(1152) Pause Young (G1 Evacuation Pause) 508M->508M(512M) 3.138ms
[297.493s][info][gc,cpu         ] GC(1152) User=0.00s Sys=0.00s Real=0.00s
[297.493s][info][gc,start       ] GC(1153) Pause Full (Allocation Failure)
[297.496s][info][gc,phases,start] GC(1153) Phase 1: Mark live objects
[298.726s][info][gc,stringtable ] GC(1153) Cleaned string and symbol table, strings: 7382 processed, 19 removed, symbols: 48835 processed, 0 removed
[298.726s][info][gc,phases      ] GC(1153) Phase 1: Mark live objects 1229.648ms
[298.726s][info][gc,phases,start] GC(1153) Phase 2: Prepare for compaction
[298.845s][info][gc,phases      ] GC(1153) Phase 2: Prepare for compaction 118.321ms
[298.845s][info][gc,phases,start] GC(1153) Phase 3: Adjust pointers and remembered sets
[299.211s][info][gc,phases      ] GC(1153) Phase 3: Adjust pointers and remembered sets 366.521ms
[299.211s][info][gc,phases,start] GC(1153) Phase 4: Compact heap
[299.410s][info][gc,phases      ] GC(1153) Phase 4: Compact heap 198.578ms
[299.415s][info][gc,heap        ] GC(1153) Eden regions: 0->0(25)
[299.415s][info][gc,heap        ] GC(1153) Survivor regions: 0->0(4)
[299.415s][info][gc,heap        ] GC(1153) Old regions: 440->419
[299.415s][info][gc,heap        ] GC(1153) Humongous regions: 72->72
[299.415s][info][gc,metaspace   ] GC(1153) Metaspace: 14820K->14820K(31744K)
[299.415s][info][gc             ] GC(1153) Pause Full (Allocation Failure) 508M->488M(512M) 1921.682ms
[299.416s][info][gc,cpu         ] GC(1153) User=13.48s Sys=0.09s Real=1.93s
[299.417s][info][gc,marking     ] GC(1142) Concurrent Mark From Roots 2777.228ms
[299.417s][info][gc,marking     ] GC(1142) Concurrent Mark Abort
[299.417s][info][gc             ] GC(1142) Concurrent Cycle 2807.454ms
[299.444s][info][gc,start       ] GC(1154) Pause Young (G1 Evacuation Pause)
[299.444s][info][gc,task        ] GC(1154) Using 8 workers of 8 for evacuation
[299.570s][info][gc             ] GC(1154) To-space exhausted
[299.570s][info][gc,phases      ] GC(1154)   Pre Evacuate Collection Set: 0.0ms
[299.570s][info][gc,phases      ] GC(1154)   Evacuate Collection Set: 78.4ms
[299.570s][info][gc,phases      ] GC(1154)   Post Evacuate Collection Set: 45.9ms
[299.570s][info][gc,phases      ] GC(1154)   Other: 1.0ms
[299.570s][info][gc,heap        ] GC(1154) Eden regions: 21->0(25)
[299.570s][info][gc,heap        ] GC(1154) Survivor regions: 0->0(4)
[299.570s][info][gc,heap        ] GC(1154) Old regions: 419->440
[299.570s][info][gc,heap        ] GC(1154) Humongous regions: 72->72
[299.570s][info][gc,metaspace   ] GC(1154) Metaspace: 14820K->14820K(31744K)
[299.570s][info][gc             ] GC(1154) Pause Young (G1 Evacuation Pause) 509M->509M(512M) 125.841ms
[299.570s][info][gc,cpu         ] GC(1154) User=0.75s Sys=0.03s Real=0.13s
[299.571s][info][gc,start       ] GC(1155) Pause Initial Mark (G1 Evacuation Pause)
[299.571s][info][gc,task        ] GC(1155) Using 8 workers of 8 for evacuation
[299.616s][info][gc,phases      ] GC(1155)   Pre Evacuate Collection Set: 0.1ms
[299.616s][info][gc,phases      ] GC(1155)   Evacuate Collection Set: 43.3ms
[299.616s][info][gc,phases      ] GC(1155)   Post Evacuate Collection Set: 0.7ms
[299.616s][info][gc,phases      ] GC(1155)   Other: 0.5ms
[299.616s][info][gc,heap        ] GC(1155) Eden regions: 0->0(25)
[299.616s][info][gc,heap        ] GC(1155) Survivor regions: 0->0(4)
[299.616s][info][gc,heap        ] GC(1155) Old regions: 440->440
[299.616s][info][gc,heap        ] GC(1155) Humongous regions: 72->72
[299.616s][info][gc,metaspace   ] GC(1155) Metaspace: 14820K->14820K(31744K)
[299.616s][info][gc             ] GC(1155) Pause Initial Mark (G1 Evacuation Pause) 509M->509M(512M) 45.044ms
[299.616s][info][gc,cpu         ] GC(1155) User=0.16s Sys=0.00s Real=0.05s
[299.617s][info][gc             ] GC(1156) Concurrent Cycle
[299.617s][info][gc,marking     ] GC(1156) Concurrent Clear Claimed Marks
[299.617s][info][gc,marking     ] GC(1156) Concurrent Clear Claimed Marks 0.078ms
[299.617s][info][gc,marking     ] GC(1156) Concurrent Scan Root Regions
[299.617s][info][gc,marking     ] GC(1156) Concurrent Scan Root Regions 0.038ms
[299.617s][info][gc,marking     ] GC(1156) Concurrent Mark (299.617s)
[299.617s][info][gc,marking     ] GC(1156) Concurrent Mark From Roots
[299.617s][info][gc,task        ] GC(1156) Using 2 workers of 2 for marking
[299.617s][info][gc,start       ] GC(1157) Pause Full (Allocation Failure)
[299.621s][info][gc,phases,start] GC(1157) Phase 1: Mark live objects
[300.831s][info][gc,stringtable ] GC(1157) Cleaned string and symbol table, strings: 7382 processed, 19 removed, symbols: 48835 processed, 0 removed
[300.831s][info][gc,phases      ] GC(1157) Phase 1: Mark live objects 1210.582ms
[300.831s][info][gc,phases,start] GC(1157) Phase 2: Prepare for compaction
[300.926s][info][gc,phases      ] GC(1157) Phase 2: Prepare for compaction 94.424ms
[300.926s][info][gc,phases,start] GC(1157) Phase 3: Adjust pointers and remembered sets
[301.286s][info][gc,phases      ] GC(1157) Phase 3: Adjust pointers and remembered sets 359.767ms
[301.286s][info][gc,phases,start] GC(1157) Phase 4: Compact heap
[301.518s][info][gc,phases      ] GC(1157) Phase 4: Compact heap 232.051ms
[301.523s][info][gc,heap        ] GC(1157) Eden regions: 0->0(25)
[301.523s][info][gc,heap        ] GC(1157) Survivor regions: 0->0(4)
[301.523s][info][gc,heap        ] GC(1157) Old regions: 440->439
[301.523s][info][gc,heap        ] GC(1157) Humongous regions: 72->72
[301.523s][info][gc,metaspace   ] GC(1157) Metaspace: 14820K->14820K(31744K)
[301.523s][info][gc             ] GC(1157) Pause Full (Allocation Failure) 509M->509M(512M) 1905.598ms
[301.531s][info][gc,cpu         ] GC(1157) User=13.08s Sys=0.14s Real=1.90s
[301.534s][info][gc,start       ] GC(1158) Pause Young (G1 Humongous Allocation)
[301.534s][info][gc,task        ] GC(1158) Using 8 workers of 8 for evacuation
[301.547s][info][gc,marking     ] GC(1156) Concurrent Mark From Roots 1929.816ms
[301.551s][info][gc             ] GC(1158) To-space exhausted
[301.551s][info][gc,phases      ] GC(1158)   Pre Evacuate Collection Set: 0.0ms
[301.551s][info][gc,phases      ] GC(1158)   Evacuate Collection Set: 12.8ms
[301.551s][info][gc,phases      ] GC(1158)   Post Evacuate Collection Set: 3.8ms
[301.551s][info][gc,phases      ] GC(1158)   Other: 0.6ms
[301.551s][info][gc,heap        ] GC(1158) Eden regions: 1->0(25)
[301.551s][info][gc,heap        ] GC(1158) Survivor regions: 0->0(4)
[301.551s][info][gc,heap        ] GC(1158) Old regions: 439->440
[301.551s][info][gc,heap        ] GC(1158) Humongous regions: 72->72
[301.551s][info][gc,metaspace   ] GC(1158) Metaspace: 14820K->14820K(31744K)
[301.551s][info][gc             ] GC(1158) Pause Young (G1 Humongous Allocation) 509M->509M(512M) 17.648ms
[301.551s][info][gc,cpu         ] GC(1158) User=0.16s Sys=0.03s Real=0.02s
[301.552s][info][gc,marking     ] GC(1156) Concurrent Mark Abort
[301.552s][info][gc             ] GC(1156) Concurrent Cycle 1935.104ms
[301.552s][info][gc,start       ] GC(1159) Pause Young (G1 Evacuation Pause)
[301.552s][info][gc,task        ] GC(1159) Using 8 workers of 8 for evacuation
[301.564s][info][gc,phases      ] GC(1159)   Pre Evacuate Collection Set: 0.0ms
[301.564s][info][gc,phases      ] GC(1159)   Evacuate Collection Set: 11.5ms
[301.564s][info][gc,phases      ] GC(1159)   Post Evacuate Collection Set: 0.3ms
[301.564s][info][gc,phases      ] GC(1159)   Other: 0.4ms
[301.564s][info][gc,heap        ] GC(1159) Eden regions: 0->0(25)
[301.564s][info][gc,heap        ] GC(1159) Survivor regions: 0->0(4)
[301.564s][info][gc,heap        ] GC(1159) Old regions: 440->440
[301.564s][info][gc,heap        ] GC(1159) Humongous regions: 72->72
[301.564s][info][gc,metaspace   ] GC(1159) Metaspace: 14820K->14820K(31744K)
[301.564s][info][gc             ] GC(1159) Pause Young (G1 Evacuation Pause) 509M->509M(512M) 12.537ms
[301.564s][info][gc,cpu         ] GC(1159) User=0.09s Sys=0.02s Real=0.03s
[301.565s][info][gc,start       ] GC(1160) Pause Initial Mark (G1 Evacuation Pause)
[301.565s][info][gc,task        ] GC(1160) Using 8 workers of 8 for evacuation
[301.576s][info][gc,phases      ] GC(1160)   Pre Evacuate Collection Set: 0.0ms
[301.576s][info][gc,phases      ] GC(1160)   Evacuate Collection Set: 10.6ms
[301.576s][info][gc,phases      ] GC(1160)   Post Evacuate Collection Set: 0.4ms
[301.576s][info][gc,phases      ] GC(1160)   Other: 0.4ms
[301.576s][info][gc,heap        ] GC(1160) Eden regions: 0->0(25)
[301.576s][info][gc,heap        ] GC(1160) Survivor regions: 0->0(4)
[301.576s][info][gc,heap        ] GC(1160) Old regions: 440->440
[301.576s][info][gc,heap        ] GC(1160) Humongous regions: 72->72
[301.576s][info][gc,metaspace   ] GC(1160) Metaspace: 14820K->14820K(31744K)
[301.577s][info][gc             ] GC(1160) Pause Initial Mark (G1 Evacuation Pause) 509M->509M(512M) 11.733ms
[301.577s][info][gc,cpu         ] GC(1160) User=0.00s Sys=0.00s Real=0.00s
[301.577s][info][gc             ] GC(1161) Concurrent Cycle
[301.577s][info][gc,marking     ] GC(1161) Concurrent Clear Claimed Marks
[301.577s][info][gc,marking     ] GC(1161) Concurrent Clear Claimed Marks 0.058ms
[301.577s][info][gc,marking     ] GC(1161) Concurrent Scan Root Regions
[301.577s][info][gc,marking     ] GC(1161) Concurrent Scan Root Regions 0.034ms
[301.577s][info][gc,marking     ] GC(1161) Concurrent Mark (301.577s)
[301.577s][info][gc,marking     ] GC(1161) Concurrent Mark From Roots
[301.577s][info][gc,task        ] GC(1161) Using 2 workers of 2 for marking
[301.577s][info][gc,start       ] GC(1162) Pause Full (Allocation Failure)
[301.579s][info][gc,phases,start] GC(1162) Phase 1: Mark live objects
[301.596s][info][gc,stringtable ] GC(1162) Cleaned string and symbol table, strings: 7363 processed, 7 removed, symbols: 48835 processed, 0 removed
[301.596s][info][gc,phases      ] GC(1162) Phase 1: Mark live objects 16.919ms
[301.596s][info][gc,phases,start] GC(1162) Phase 2: Prepare for compaction
[301.599s][info][gc,phases      ] GC(1162) Phase 2: Prepare for compaction 3.255ms
[301.600s][info][gc,phases,start] GC(1162) Phase 3: Adjust pointers and remembered sets
[301.607s][info][gc,phases      ] GC(1162) Phase 3: Adjust pointers and remembered sets 7.136ms
[301.607s][info][gc,phases,start] GC(1162) Phase 4: Compact heap
[301.610s][info][gc,phases      ] GC(1162) Phase 4: Compact heap 3.066ms
[301.613s][info][gc,heap        ] GC(1162) Eden regions: 0->0(173)
[301.613s][info][gc,heap        ] GC(1162) Survivor regions: 0->0(4)
[301.613s][info][gc,heap        ] GC(1162) Old regions: 440->15
[301.613s][info][gc,heap        ] GC(1162) Humongous regions: 72->0
[301.613s][info][gc,metaspace   ] GC(1162) Metaspace: 14820K->14801K(31744K)
[301.613s][info][gc             ] GC(1162) Pause Full (Allocation Failure) 509M->9M(512M) 35.630ms
[301.614s][info][gc,cpu         ] GC(1162) User=0.17s Sys=0.02s Real=0.05s
[301.614s][info][gc,marking     ] GC(1161) Concurrent Mark From Roots 37.170ms
[301.614s][info][gc,marking     ] GC(1161) Concurrent Mark Abort
[301.614s][info][gc             ] GC(1161) Concurrent Cycle 37.549ms
[301.789s][info][gc,start       ] GC(1163) Pause Young (G1 Evacuation Pause)
[301.789s][info][gc,task        ] GC(1163) Using 8 workers of 8 for evacuation
[302.202s][info][gc,mmu         ] GC(1163) MMU target violated: 201.0ms (200.0ms/201.0ms)
[302.202s][info][gc,phases      ] GC(1163)   Pre Evacuate Collection Set: 0.0ms
[302.202s][info][gc,phases      ] GC(1163)   Evacuate Collection Set: 409.8ms
[302.202s][info][gc,phases      ] GC(1163)   Post Evacuate Collection Set: 2.0ms
[302.202s][info][gc,phases      ] GC(1163)   Other: 1.0ms
[302.202s][info][gc,heap        ] GC(1163) Eden regions: 173->0(72)
[302.202s][info][gc,heap        ] GC(1163) Survivor regions: 0->22(22)
[302.202s][info][gc,heap        ] GC(1163) Old regions: 15->168
[302.202s][info][gc,heap        ] GC(1163) Humongous regions: 72->72
[302.202s][info][gc,metaspace   ] GC(1163) Metaspace: 14813K->14813K(31744K)
[302.203s][info][gc             ] GC(1163) Pause Young (G1 Evacuation Pause) 254M->255M(512M) 413.442ms
[302.203s][info][gc,cpu         ] GC(1163) User=2.75s Sys=0.23s Real=0.40s
[302.420s][info][gc,start       ] GC(1164) Pause Young (G1 Evacuation Pause)
[302.420s][info][gc,task        ] GC(1164) Using 8 workers of 8 for evacuation
[302.585s][info][gc,phases      ] GC(1164)   Pre Evacuate Collection Set: 0.0ms
[302.585s][info][gc,phases      ] GC(1164)   Evacuate Collection Set: 162.2ms
[302.585s][info][gc,phases      ] GC(1164)   Post Evacuate Collection Set: 1.7ms
[302.585s][info][gc,phases      ] GC(1164)   Other: 0.7ms
[302.585s][info][gc,heap        ] GC(1164) Eden regions: 72->0(42)
[302.585s][info][gc,heap        ] GC(1164) Survivor regions: 22->12(12)
[302.585s][info][gc,heap        ] GC(1164) Old regions: 168->251
[302.585s][info][gc,heap        ] GC(1164) Humongous regions: 72->72
[302.585s][info][gc,metaspace   ] GC(1164) Metaspace: 14813K->14813K(31744K)
[302.585s][info][gc             ] GC(1164) Pause Young (G1 Evacuation Pause) 327M->329M(512M) 165.172ms
[302.585s][info][gc,cpu         ] GC(1164) User=1.22s Sys=0.05s Real=0.17s
[302.646s][info][gc,start       ] GC(1165) Pause Initial Mark (G1 Evacuation Pause)
[302.646s][info][gc,task        ] GC(1165) Using 8 workers of 8 for evacuation
[302.759s][info][gc,phases      ] GC(1165)   Pre Evacuate Collection Set: 0.1ms
[302.759s][info][gc,phases      ] GC(1165)   Evacuate Collection Set: 110.2ms
[302.759s][info][gc,phases      ] GC(1165)   Post Evacuate Collection Set: 1.7ms
[302.759s][info][gc,phases      ] GC(1165)   Other: 1.3ms
[302.759s][info][gc,heap        ] GC(1165) Eden regions: 42->0(25)
[302.759s][info][gc,heap        ] GC(1165) Survivor regions: 12->7(7)
[302.759s][info][gc,heap        ] GC(1165) Old regions: 251->301
[302.759s][info][gc,heap        ] GC(1165) Humongous regions: 72->72
[302.759s][info][gc,metaspace   ] GC(1165) Metaspace: 14813K->14813K(31744K)
[302.759s][info][gc             ] GC(1165) Pause Initial Mark (G1 Evacuation Pause) 371M->374M(512M) 113.623ms
[302.759s][info][gc,cpu         ] GC(1165) User=0.73s Sys=0.02s Real=0.11s
[302.759s][info][gc             ] GC(1166) Concurrent Cycle
[302.759s][info][gc,marking     ] GC(1166) Concurrent Clear Claimed Marks
[302.760s][info][gc,marking     ] GC(1166) Concurrent Clear Claimed Marks 0.099ms
[302.760s][info][gc,marking     ] GC(1166) Concurrent Scan Root Regions
[302.766s][info][gc,marking     ] GC(1166) Concurrent Scan Root Regions 5.915ms
[302.766s][info][gc,marking     ] GC(1166) Concurrent Mark (302.766s)
[302.766s][info][gc,marking     ] GC(1166) Concurrent Mark From Roots
[302.766s][info][gc,task        ] GC(1166) Using 2 workers of 2 for marking
[302.820s][info][gc,start       ] GC(1167) Pause Young (G1 Evacuation Pause)
[302.820s][info][gc,task        ] GC(1167) Using 8 workers of 8 for evacuation
[302.933s][info][gc,phases      ] GC(1167)   Pre Evacuate Collection Set: 0.1ms
[302.933s][info][gc,phases      ] GC(1167)   Evacuate Collection Set: 109.2ms
[302.934s][info][gc,phases      ] GC(1167)   Post Evacuate Collection Set: 3.3ms
[302.934s][info][gc,phases      ] GC(1167)   Other: 0.6ms
[302.934s][info][gc,heap        ] GC(1167) Eden regions: 25->0(21)
[302.934s][info][gc,heap        ] GC(1167) Survivor regions: 7->4(4)
[302.934s][info][gc,heap        ] GC(1167) Old regions: 301->331
[302.934s][info][gc,heap        ] GC(1167) Humongous regions: 72->72
[302.934s][info][gc,metaspace   ] GC(1167) Metaspace: 14813K->14813K(31744K)
[302.934s][info][gc             ] GC(1167) Pause Young (G1 Evacuation Pause) 399M->401M(512M) 113.422ms
[302.934s][info][gc,cpu         ] GC(1167) User=0.84s Sys=0.00s Real=0.13s
[302.962s][info][gc,start       ] GC(1168) Pause Young (G1 Evacuation Pause)
[302.962s][info][gc,task        ] GC(1168) Using 8 workers of 8 for evacuation
[303.008s][info][gc,phases      ] GC(1168)   Pre Evacuate Collection Set: 0.1ms
[303.008s][info][gc,phases      ] GC(1168)   Evacuate Collection Set: 44.9ms
[303.008s][info][gc,phases      ] GC(1168)   Post Evacuate Collection Set: 0.8ms
[303.008s][info][gc,phases      ] GC(1168)   Other: 0.6ms
[303.008s][info][gc,heap        ] GC(1168) Eden regions: 21->0(21)
[303.008s][info][gc,heap        ] GC(1168) Survivor regions: 4->4(4)
[303.008s][info][gc,heap        ] GC(1168) Old regions: 331->354
[303.008s][info][gc,heap        ] GC(1168) Humongous regions: 72->72
[303.008s][info][gc,metaspace   ] GC(1168) Metaspace: 14813K->14813K(31744K)
[303.008s][info][gc             ] GC(1168) Pause Young (G1 Evacuation Pause) 422M->424M(512M) 46.707ms
[303.009s][info][gc,cpu         ] GC(1168) User=0.50s Sys=0.00s Real=0.05s
[303.039s][info][gc,start       ] GC(1169) Pause Young (G1 Evacuation Pause)
[303.040s][info][gc,task        ] GC(1169) Using 8 workers of 8 for evacuation
[303.118s][info][gc,phases      ] GC(1169)   Pre Evacuate Collection Set: 0.0ms
[303.118s][info][gc,phases      ] GC(1169)   Evacuate Collection Set: 76.7ms
[303.118s][info][gc,phases      ] GC(1169)   Post Evacuate Collection Set: 1.4ms
[303.118s][info][gc,phases      ] GC(1169)   Other: 0.6ms
[303.118s][info][gc,heap        ] GC(1169) Eden regions: 21->0(21)
[303.118s][info][gc,heap        ] GC(1169) Survivor regions: 4->4(4)
[303.118s][info][gc,heap        ] GC(1169) Old regions: 354->377
[303.118s][info][gc,heap        ] GC(1169) Humongous regions: 72->72
[303.118s][info][gc,metaspace   ] GC(1169) Metaspace: 14813K->14813K(31744K)
[303.119s][info][gc             ] GC(1169) Pause Young (G1 Evacuation Pause) 445M->447M(512M) 79.156ms
[303.119s][info][gc,cpu         ] GC(1169) User=0.50s Sys=0.00s Real=0.06s
[303.148s][info][gc,start       ] GC(1170) Pause Young (G1 Evacuation Pause)
[303.148s][info][gc,task        ] GC(1170) Using 8 workers of 8 for evacuation
[303.241s][info][gc,phases      ] GC(1170)   Pre Evacuate Collection Set: 0.0ms
[303.241s][info][gc,phases      ] GC(1170)   Evacuate Collection Set: 82.5ms
[303.241s][info][gc,phases      ] GC(1170)   Post Evacuate Collection Set: 9.7ms
[303.241s][info][gc,phases      ] GC(1170)   Other: 0.5ms
[303.241s][info][gc,heap        ] GC(1170) Eden regions: 21->0(21)
[303.241s][info][gc,heap        ] GC(1170) Survivor regions: 4->4(4)
[303.241s][info][gc,heap        ] GC(1170) Old regions: 377->401
[303.241s][info][gc,heap        ] GC(1170) Humongous regions: 72->72
[303.241s][info][gc,metaspace   ] GC(1170) Metaspace: 14813K->14813K(31744K)
[303.241s][info][gc             ] GC(1170) Pause Young (G1 Evacuation Pause) 468M->471M(512M) 93.072ms
[303.241s][info][gc,cpu         ] GC(1170) User=0.66s Sys=0.02s Real=0.09s
[303.267s][info][gc,start       ] GC(1171) Pause Young (G1 Evacuation Pause)
[303.267s][info][gc,task        ] GC(1171) Using 8 workers of 8 for evacuation
[303.454s][info][gc             ] GC(1171) To-space exhausted
[303.454s][info][gc,phases      ] GC(1171)   Pre Evacuate Collection Set: 0.0ms
[303.454s][info][gc,phases      ] GC(1171)   Evacuate Collection Set: 75.3ms
[303.454s][info][gc,phases      ] GC(1171)   Post Evacuate Collection Set: 111.6ms
[303.454s][info][gc,phases      ] GC(1171)   Other: 0.7ms
[303.455s][info][gc,heap        ] GC(1171) Eden regions: 21->0(21)
[303.455s][info][gc,heap        ] GC(1171) Survivor regions: 4->4(4)
[303.455s][info][gc,heap        ] GC(1171) Old regions: 401->431
[303.455s][info][gc,heap        ] GC(1171) Humongous regions: 72->72
[303.455s][info][gc,metaspace   ] GC(1171) Metaspace: 14813K->14813K(31744K)
[303.463s][info][gc             ] GC(1171) Pause Young (G1 Evacuation Pause) 492M->501M(512M) 196.213ms
[303.463s][info][gc,cpu         ] GC(1171) User=0.75s Sys=0.03s Real=0.19s
[303.472s][info][gc,start       ] GC(1172) Pause Young (G1 Evacuation Pause)
[303.472s][info][gc,task        ] GC(1172) Using 8 workers of 8 for evacuation
[303.540s][info][gc             ] GC(1172) To-space exhausted
[303.540s][info][gc,phases      ] GC(1172)   Pre Evacuate Collection Set: 0.1ms
[303.540s][info][gc,phases      ] GC(1172)   Evacuate Collection Set: 42.8ms
[303.540s][info][gc,phases      ] GC(1172)   Post Evacuate Collection Set: 24.9ms
[303.541s][info][gc,phases      ] GC(1172)   Other: 0.8ms
[303.541s][info][gc,heap        ] GC(1172) Eden regions: 5->0(25)
[303.541s][info][gc,heap        ] GC(1172) Survivor regions: 4->0(4)
[303.541s][info][gc,heap        ] GC(1172) Old regions: 431->440
[303.541s][info][gc,heap        ] GC(1172) Humongous regions: 72->72
[303.541s][info][gc,metaspace   ] GC(1172) Metaspace: 14813K->14813K(31744K)
[303.541s][info][gc             ] GC(1172) Pause Young (G1 Evacuation Pause) 506M->506M(512M) 69.039ms
[303.541s][info][gc,cpu         ] GC(1172) User=0.39s Sys=0.00s Real=0.08s
[303.541s][info][gc,start       ] GC(1173) Pause Young (G1 Evacuation Pause)
[303.542s][info][gc,task        ] GC(1173) Using 8 workers of 8 for evacuation
[303.555s][info][gc,phases      ] GC(1173)   Pre Evacuate Collection Set: 0.0ms
[303.555s][info][gc,phases      ] GC(1173)   Evacuate Collection Set: 11.1ms
[303.555s][info][gc,phases      ] GC(1173)   Post Evacuate Collection Set: 1.6ms
[303.555s][info][gc,phases      ] GC(1173)   Other: 0.6ms
[303.555s][info][gc,heap        ] GC(1173) Eden regions: 0->0(25)
[303.555s][info][gc,heap        ] GC(1173) Survivor regions: 0->0(4)
[303.555s][info][gc,heap        ] GC(1173) Old regions: 440->440
[303.555s][info][gc,heap        ] GC(1173) Humongous regions: 72->72
[303.555s][info][gc,metaspace   ] GC(1173) Metaspace: 14813K->14813K(31744K)
[303.555s][info][gc             ] GC(1173) Pause Young (G1 Evacuation Pause) 506M->506M(512M) 13.777ms
[303.555s][info][gc,cpu         ] GC(1173) User=0.00s Sys=0.00s Real=0.01s
[303.556s][info][gc,start       ] GC(1174) Pause Young (G1 Evacuation Pause)
[303.556s][info][gc,task        ] GC(1174) Using 8 workers of 8 for evacuation
[303.570s][info][gc,phases      ] GC(1174)   Pre Evacuate Collection Set: 0.0ms
[303.570s][info][gc,phases      ] GC(1174)   Evacuate Collection Set: 11.4ms
[303.570s][info][gc,phases      ] GC(1174)   Post Evacuate Collection Set: 1.9ms
[303.570s][info][gc,phases      ] GC(1174)   Other: 0.5ms
[303.570s][info][gc,heap        ] GC(1174) Eden regions: 0->0(25)
[303.570s][info][gc,heap        ] GC(1174) Survivor regions: 0->0(4)
[303.570s][info][gc,heap        ] GC(1174) Old regions: 440->440
[303.570s][info][gc,heap        ] GC(1174) Humongous regions: 72->72
[303.570s][info][gc,metaspace   ] GC(1174) Metaspace: 14813K->14813K(31744K)
[303.570s][info][gc             ] GC(1174) Pause Young (G1 Evacuation Pause) 506M->506M(512M) 14.389ms
[303.570s][info][gc,cpu         ] GC(1174) User=0.00s Sys=0.00s Real=0.00s
[303.571s][info][gc,start       ] GC(1175) Pause Full (Allocation Failure)
[303.574s][info][gc,phases,start] GC(1175) Phase 1: Mark live objects
[304.800s][info][gc,stringtable ] GC(1175) Cleaned string and symbol table, strings: 7418 processed, 0 removed, symbols: 48838 processed, 5 removed
[304.800s][info][gc,phases      ] GC(1175) Phase 1: Mark live objects 1226.362ms
[304.800s][info][gc,phases,start] GC(1175) Phase 2: Prepare for compaction
[304.917s][info][gc,phases      ] GC(1175) Phase 2: Prepare for compaction 116.837ms
[304.918s][info][gc,phases,start] GC(1175) Phase 3: Adjust pointers and remembered sets
[305.310s][info][gc,phases      ] GC(1175) Phase 3: Adjust pointers and remembered sets 392.467ms
[305.310s][info][gc,phases,start] GC(1175) Phase 4: Compact heap
[305.480s][info][gc,phases      ] GC(1175) Phase 4: Compact heap 169.780ms
[305.485s][info][gc,heap        ] GC(1175) Eden regions: 0->0(25)
[305.485s][info][gc,heap        ] GC(1175) Survivor regions: 0->0(4)
[305.485s][info][gc,heap        ] GC(1175) Old regions: 440->413
[305.485s][info][gc,heap        ] GC(1175) Humongous regions: 72->72
[305.485s][info][gc,metaspace   ] GC(1175) Metaspace: 14813K->14813K(31744K)
[305.485s][info][gc             ] GC(1175) Pause Full (Allocation Failure) 506M->480M(512M) 1914.281ms
[305.487s][info][gc,cpu         ] GC(1175) User=13.89s Sys=0.14s Real=1.93s
[305.489s][info][gc,marking     ] GC(1166) Concurrent Mark From Roots 2723.218ms
[305.489s][info][gc,marking     ] GC(1166) Concurrent Mark Abort
[305.489s][info][gc             ] GC(1166) Concurrent Cycle 2729.822ms
[305.512s][info][gc,start       ] GC(1176) Pause Young (G1 Evacuation Pause)
[305.512s][info][gc,task        ] GC(1176) Using 8 workers of 8 for evacuation
[305.644s][info][gc             ] GC(1176) To-space exhausted
[305.645s][info][gc,phases      ] GC(1176)   Pre Evacuate Collection Set: 0.1ms
[305.645s][info][gc,phases      ] GC(1176)   Evacuate Collection Set: 96.0ms
[305.645s][info][gc,phases      ] GC(1176)   Post Evacuate Collection Set: 35.2ms
[305.645s][info][gc,phases      ] GC(1176)   Other: 1.0ms
[305.645s][info][gc,heap        ] GC(1176) Eden regions: 25->0(23)
[305.645s][info][gc,heap        ] GC(1176) Survivor regions: 0->2(4)
[305.645s][info][gc,heap        ] GC(1176) Old regions: 413->438
[305.645s][info][gc,heap        ] GC(1176) Humongous regions: 72->72
[305.645s][info][gc,metaspace   ] GC(1176) Metaspace: 14813K->14813K(31744K)
[305.645s][info][gc             ] GC(1176) Pause Young (G1 Evacuation Pause) 505M->507M(512M) 132.748ms
[305.645s][info][gc,cpu         ] GC(1176) User=0.78s Sys=0.00s Real=0.13s
[305.646s][info][gc,start       ] GC(1177) Pause Initial Mark (G1 Evacuation Pause)
[305.646s][info][gc,task        ] GC(1177) Using 8 workers of 8 for evacuation
[305.711s][info][gc             ] GC(1177) To-space exhausted
[305.711s][info][gc,phases      ] GC(1177)   Pre Evacuate Collection Set: 0.1ms
[305.711s][info][gc,phases      ] GC(1177)   Evacuate Collection Set: 37.3ms
[305.711s][info][gc,phases      ] GC(1177)   Post Evacuate Collection Set: 26.5ms
[305.711s][info][gc,phases      ] GC(1177)   Other: 0.9ms
[305.711s][info][gc,heap        ] GC(1177) Eden regions: 0->0(25)
[305.711s][info][gc,heap        ] GC(1177) Survivor regions: 2->0(4)
[305.711s][info][gc,heap        ] GC(1177) Old regions: 438->440
[305.711s][info][gc,heap        ] GC(1177) Humongous regions: 72->72
[305.711s][info][gc,metaspace   ] GC(1177) Metaspace: 14813K->14813K(31744K)
[305.712s][info][gc             ] GC(1177) Pause Initial Mark (G1 Evacuation Pause) 507M->507M(512M) 65.296ms
[305.712s][info][gc,cpu         ] GC(1177) User=0.19s Sys=0.02s Real=0.07s
[305.712s][info][gc             ] GC(1178) Concurrent Cycle
[305.712s][info][gc,marking     ] GC(1178) Concurrent Clear Claimed Marks
[305.712s][info][gc,marking     ] GC(1178) Concurrent Clear Claimed Marks 0.071ms
[305.712s][info][gc,marking     ] GC(1178) Concurrent Scan Root Regions
[305.712s][info][gc,marking     ] GC(1178) Concurrent Scan Root Regions 0.039ms
[305.712s][info][gc,marking     ] GC(1178) Concurrent Mark (305.712s)
[305.712s][info][gc,marking     ] GC(1178) Concurrent Mark From Roots
[305.712s][info][gc,task        ] GC(1178) Using 2 workers of 2 for marking
[305.716s][info][gc,start       ] GC(1179) Pause Full (Allocation Failure)
[305.722s][info][gc,phases,start] GC(1179) Phase 1: Mark live objects
[307.197s][info][gc,stringtable ] GC(1179) Cleaned string and symbol table, strings: 7418 processed, 55 removed, symbols: 48833 processed, 0 removed
[307.198s][info][gc,phases      ] GC(1179) Phase 1: Mark live objects 1475.925ms
[307.198s][info][gc,phases,start] GC(1179) Phase 2: Prepare for compaction
[307.317s][info][gc,phases      ] GC(1179) Phase 2: Prepare for compaction 119.311ms
[307.317s][info][gc,phases,start] GC(1179) Phase 3: Adjust pointers and remembered sets
[307.792s][info][gc,phases      ] GC(1179) Phase 3: Adjust pointers and remembered sets 474.794ms
[307.802s][info][gc,phases,start] GC(1179) Phase 4: Compact heap
[307.936s][info][gc,phases      ] GC(1179) Phase 4: Compact heap 134.011ms
[307.940s][info][gc,heap        ] GC(1179) Eden regions: 0->0(25)
[307.940s][info][gc,heap        ] GC(1179) Survivor regions: 0->0(4)
[307.940s][info][gc,heap        ] GC(1179) Old regions: 440->437
[307.940s][info][gc,heap        ] GC(1179) Humongous regions: 72->72
[307.940s][info][gc,metaspace   ] GC(1179) Metaspace: 14813K->14813K(31744K)
[307.940s][info][gc             ] GC(1179) Pause Full (Allocation Failure) 507M->505M(512M) 2224.771ms
[307.941s][info][gc,cpu         ] GC(1179) User=15.92s Sys=0.13s Real=2.24s
[307.942s][info][gc,marking     ] GC(1178) Concurrent Mark From Roots 2229.933ms
[307.942s][info][gc,marking     ] GC(1178) Concurrent Mark Abort
[307.942s][info][gc             ] GC(1178) Concurrent Cycle 2230.414ms
[307.945s][info][gc,start       ] GC(1180) Pause Young (G1 Evacuation Pause)
[307.945s][info][gc,task        ] GC(1180) Using 8 workers of 8 for evacuation
[307.970s][info][gc             ] GC(1180) To-space exhausted
[307.970s][info][gc,phases      ] GC(1180)   Pre Evacuate Collection Set: 0.0ms
[307.970s][info][gc,phases      ] GC(1180)   Evacuate Collection Set: 17.2ms
[307.970s][info][gc,phases      ] GC(1180)   Post Evacuate Collection Set: 7.1ms
[307.970s][info][gc,phases      ] GC(1180)   Other: 0.7ms
[307.971s][info][gc,heap        ] GC(1180) Eden regions: 3->0(25)
[307.971s][info][gc,heap        ] GC(1180) Survivor regions: 0->0(4)
[307.971s][info][gc,heap        ] GC(1180) Old regions: 437->440
[307.971s][info][gc,heap        ] GC(1180) Humongous regions: 72->72
[307.971s][info][gc,metaspace   ] GC(1180) Metaspace: 14813K->14813K(31744K)
[307.971s][info][gc             ] GC(1180) Pause Young (G1 Evacuation Pause) 508M->508M(512M) 25.359ms
[307.971s][info][gc,cpu         ] GC(1180) User=0.00s Sys=0.00s Real=0.00s
[307.972s][info][gc,start       ] GC(1181) Pause Initial Mark (G1 Evacuation Pause)
[307.972s][info][gc,task        ] GC(1181) Using 8 workers of 8 for evacuation
[307.982s][info][gc,phases      ] GC(1181)   Pre Evacuate Collection Set: 0.1ms
[307.982s][info][gc,phases      ] GC(1181)   Evacuate Collection Set: 9.1ms
[307.982s][info][gc,phases      ] GC(1181)   Post Evacuate Collection Set: 0.5ms
[307.982s][info][gc,phases      ] GC(1181)   Other: 0.5ms
[307.982s][info][gc,heap        ] GC(1181) Eden regions: 0->0(25)
[307.982s][info][gc,heap        ] GC(1181) Survivor regions: 0->0(4)
[307.982s][info][gc,heap        ] GC(1181) Old regions: 440->440
[307.982s][info][gc,heap        ] GC(1181) Humongous regions: 72->72
[307.982s][info][gc,metaspace   ] GC(1181) Metaspace: 14813K->14813K(31744K)
[307.982s][info][gc             ] GC(1181) Pause Initial Mark (G1 Evacuation Pause) 508M->508M(512M) 10.480ms
[307.982s][info][gc,cpu         ] GC(1181) User=0.09s Sys=0.09s Real=0.04s
[307.982s][info][gc             ] GC(1182) Concurrent Cycle
[307.983s][info][gc,marking     ] GC(1182) Concurrent Clear Claimed Marks
[307.983s][info][gc,marking     ] GC(1182) Concurrent Clear Claimed Marks 0.060ms
[307.983s][info][gc,marking     ] GC(1182) Concurrent Scan Root Regions
[307.983s][info][gc,marking     ] GC(1182) Concurrent Scan Root Regions 0.036ms
[307.983s][info][gc,marking     ] GC(1182) Concurrent Mark (307.983s)
[307.983s][info][gc,marking     ] GC(1182) Concurrent Mark From Roots
[307.983s][info][gc,task        ] GC(1182) Using 2 workers of 2 for marking
[307.983s][info][gc,start       ] GC(1183) Pause Full (Allocation Failure)
[307.986s][info][gc,phases,start] GC(1183) Phase 1: Mark live objects
[309.287s][info][gc,stringtable ] GC(1183) Cleaned string and symbol table, strings: 7363 processed, 7 removed, symbols: 48833 processed, 0 removed
[309.287s][info][gc,phases      ] GC(1183) Phase 1: Mark live objects 1300.579ms
[309.287s][info][gc,phases,start] GC(1183) Phase 2: Prepare for compaction
[309.397s][info][gc,phases      ] GC(1183) Phase 2: Prepare for compaction 110.526ms
[309.397s][info][gc,phases,start] GC(1183) Phase 3: Adjust pointers and remembered sets
[309.803s][info][gc,phases      ] GC(1183) Phase 3: Adjust pointers and remembered sets 405.989ms
[309.804s][info][gc,phases,start] GC(1183) Phase 4: Compact heap
[309.937s][info][gc,phases      ] GC(1183) Phase 4: Compact heap 133.610ms
[309.940s][info][gc,heap        ] GC(1183) Eden regions: 0->0(25)
[309.940s][info][gc,heap        ] GC(1183) Survivor regions: 0->0(4)
[309.941s][info][gc,heap        ] GC(1183) Old regions: 440->438
[309.941s][info][gc,heap        ] GC(1183) Humongous regions: 72->72
[309.941s][info][gc,metaspace   ] GC(1183) Metaspace: 14813K->14797K(31744K)
[309.941s][info][gc             ] GC(1183) Pause Full (Allocation Failure) 508M->508M(512M) 1957.343ms
[309.942s][info][gc,cpu         ] GC(1183) User=14.52s Sys=0.17s Real=1.95s
[309.942s][info][gc,marking     ] GC(1182) Concurrent Mark From Roots 1959.167ms
[309.942s][info][gc,marking     ] GC(1182) Concurrent Mark Abort
[309.942s][info][gc             ] GC(1182) Concurrent Cycle 1959.596ms
[309.945s][info][gc,start       ] GC(1184) Pause Young (G1 Evacuation Pause)
[309.945s][info][gc,task        ] GC(1184) Using 8 workers of 8 for evacuation
[309.962s][info][gc             ] GC(1184) To-space exhausted
[309.963s][info][gc,phases      ] GC(1184)   Pre Evacuate Collection Set: 0.0ms
[309.963s][info][gc,phases      ] GC(1184)   Evacuate Collection Set: 11.8ms
[309.963s][info][gc,phases      ] GC(1184)   Post Evacuate Collection Set: 4.7ms
[309.963s][info][gc,phases      ] GC(1184)   Other: 0.6ms
[309.963s][info][gc,heap        ] GC(1184) Eden regions: 2->0(25)
[309.963s][info][gc,heap        ] GC(1184) Survivor regions: 0->0(4)
[309.963s][info][gc,heap        ] GC(1184) Old regions: 438->440
[309.963s][info][gc,heap        ] GC(1184) Humongous regions: 72->72
[309.963s][info][gc,metaspace   ] GC(1184) Metaspace: 14797K->14797K(31744K)
[309.963s][info][gc             ] GC(1184) Pause Young (G1 Evacuation Pause) 510M->510M(512M) 17.442ms
[309.963s][info][gc,cpu         ] GC(1184) User=0.11s Sys=0.00s Real=0.03s
[309.963s][info][gc,start       ] GC(1185) Pause Initial Mark (G1 Evacuation Pause)
[309.963s][info][gc,task        ] GC(1185) Using 8 workers of 8 for evacuation
[309.970s][info][gc,phases      ] GC(1185)   Pre Evacuate Collection Set: 0.0ms
[309.970s][info][gc,phases      ] GC(1185)   Evacuate Collection Set: 6.2ms
[309.970s][info][gc,phases      ] GC(1185)   Post Evacuate Collection Set: 0.3ms
[309.970s][info][gc,phases      ] GC(1185)   Other: 0.4ms
[309.970s][info][gc,heap        ] GC(1185) Eden regions: 0->0(25)
[309.970s][info][gc,heap        ] GC(1185) Survivor regions: 0->0(4)
[309.970s][info][gc,heap        ] GC(1185) Old regions: 440->440
[309.970s][info][gc,heap        ] GC(1185) Humongous regions: 72->72
[309.970s][info][gc,metaspace   ] GC(1185) Metaspace: 14797K->14797K(31744K)
[309.970s][info][gc             ] GC(1185) Pause Initial Mark (G1 Evacuation Pause) 510M->510M(512M) 7.328ms
[309.971s][info][gc,cpu         ] GC(1185) User=0.00s Sys=0.00s Real=0.01s
[309.971s][info][gc             ] GC(1186) Concurrent Cycle
[309.971s][info][gc,marking     ] GC(1186) Concurrent Clear Claimed Marks
[309.971s][info][gc,marking     ] GC(1186) Concurrent Clear Claimed Marks 0.065ms
[309.971s][info][gc,marking     ] GC(1186) Concurrent Scan Root Regions
[309.971s][info][gc,marking     ] GC(1186) Concurrent Scan Root Regions 0.066ms
[309.971s][info][gc,marking     ] GC(1186) Concurrent Mark (309.971s)
[309.971s][info][gc,marking     ] GC(1186) Concurrent Mark From Roots
[309.971s][info][gc,task        ] GC(1186) Using 2 workers of 2 for marking
[309.971s][info][gc,start       ] GC(1187) Pause Full (Allocation Failure)
[309.973s][info][gc,phases,start] GC(1187) Phase 1: Mark live objects
[311.159s][info][gc,stringtable ] GC(1187) Cleaned string and symbol table, strings: 7356 processed, 0 removed, symbols: 48833 processed, 4 removed
[311.160s][info][gc,phases      ] GC(1187) Phase 1: Mark live objects 1186.155ms
[311.160s][info][gc,phases,start] GC(1187) Phase 2: Prepare for compaction
[311.281s][info][gc,phases      ] GC(1187) Phase 2: Prepare for compaction 121.560ms
[311.281s][info][gc,phases,start] GC(1187) Phase 3: Adjust pointers and remembered sets
[311.647s][info][gc,phases      ] GC(1187) Phase 3: Adjust pointers and remembered sets 365.650ms
[311.648s][info][gc,phases,start] GC(1187) Phase 4: Compact heap
[311.783s][info][gc,phases      ] GC(1187) Phase 4: Compact heap 134.855ms
[311.786s][info][gc,heap        ] GC(1187) Eden regions: 0->0(25)
[311.786s][info][gc,heap        ] GC(1187) Survivor regions: 0->0(4)
[311.786s][info][gc,heap        ] GC(1187) Old regions: 440->438
[311.786s][info][gc,heap        ] GC(1187) Humongous regions: 72->72
[311.786s][info][gc,metaspace   ] GC(1187) Metaspace: 14797K->14797K(31744K)
[311.786s][info][gc             ] GC(1187) Pause Full (Allocation Failure) 510M->509M(512M) 1814.960ms
[311.788s][info][gc,cpu         ] GC(1187) User=13.02s Sys=0.08s Real=1.82s
[311.791s][info][gc,marking     ] GC(1186) Concurrent Mark From Roots 1819.552ms
[311.791s][info][gc,start       ] GC(1188) Pause Young (G1 Evacuation Pause)
[311.791s][info][gc,task        ] GC(1188) Using 8 workers of 8 for evacuation
[311.808s][info][gc             ] GC(1188) To-space exhausted
[311.808s][info][gc,phases      ] GC(1188)   Pre Evacuate Collection Set: 0.0ms
[311.809s][info][gc,phases      ] GC(1188)   Evacuate Collection Set: 10.7ms
[311.809s][info][gc,phases      ] GC(1188)   Post Evacuate Collection Set: 6.1ms
[311.809s][info][gc,phases      ] GC(1188)   Other: 0.9ms
[311.809s][info][gc,heap        ] GC(1188) Eden regions: 2->0(25)
[311.809s][info][gc,heap        ] GC(1188) Survivor regions: 0->0(4)
[311.809s][info][gc,heap        ] GC(1188) Old regions: 438->440
[311.809s][info][gc,heap        ] GC(1188) Humongous regions: 72->72
[311.809s][info][gc,metaspace   ] GC(1188) Metaspace: 14801K->14801K(31744K)
[311.809s][info][gc             ] GC(1188) Pause Young (G1 Evacuation Pause) 511M->511M(512M) 18.719ms
[311.809s][info][gc,cpu         ] GC(1188) User=0.00s Sys=0.00s Real=0.02s
[311.810s][info][gc,marking     ] GC(1186) Concurrent Mark Abort
[311.810s][info][gc,start       ] GC(1189) Pause Young (G1 Evacuation Pause)
[311.810s][info][gc,task        ] GC(1189) Using 8 workers of 8 for evacuation
[311.815s][info][gc,phases      ] GC(1189)   Pre Evacuate Collection Set: 0.1ms
[311.815s][info][gc,phases      ] GC(1189)   Evacuate Collection Set: 3.8ms
[311.815s][info][gc,phases      ] GC(1189)   Post Evacuate Collection Set: 0.3ms
[311.815s][info][gc,phases      ] GC(1189)   Other: 0.6ms
[311.815s][info][gc,heap        ] GC(1189) Eden regions: 0->0(25)
[311.815s][info][gc,heap        ] GC(1189) Survivor regions: 0->0(4)
[311.815s][info][gc,heap        ] GC(1189) Old regions: 440->440
[311.815s][info][gc,heap        ] GC(1189) Humongous regions: 72->72
[311.815s][info][gc,metaspace   ] GC(1189) Metaspace: 14801K->14801K(31744K)
[311.815s][info][gc             ] GC(1189) Pause Young (G1 Evacuation Pause) 511M->511M(512M) 5.154ms
[311.816s][info][gc,cpu         ] GC(1189) User=0.00s Sys=0.00s Real=0.00s
[311.816s][info][gc             ] GC(1186) Concurrent Cycle 1845.052ms
[311.816s][info][gc,start       ] GC(1190) Pause Full (Allocation Failure)
[311.818s][info][gc,phases,start] GC(1190) Phase 1: Mark live objects
[312.847s][info][gc,stringtable ] GC(1190) Cleaned string and symbol table, strings: 7367 processed, 13 removed, symbols: 48830 processed, 0 removed
[312.847s][info][gc,phases      ] GC(1190) Phase 1: Mark live objects 1029.716ms
[312.847s][info][gc,phases,start] GC(1190) Phase 2: Prepare for compaction
[312.957s][info][gc,phases      ] GC(1190) Phase 2: Prepare for compaction 109.943ms
[312.958s][info][gc,phases,start] GC(1190) Phase 3: Adjust pointers and remembered sets
[313.299s][info][gc,phases      ] GC(1190) Phase 3: Adjust pointers and remembered sets 341.060ms
[313.299s][info][gc,phases,start] GC(1190) Phase 4: Compact heap
[313.422s][info][gc,phases      ] GC(1190) Phase 4: Compact heap 122.871ms
[313.425s][info][gc,heap        ] GC(1190) Eden regions: 0->0(25)
[313.425s][info][gc,heap        ] GC(1190) Survivor regions: 0->0(4)
[313.425s][info][gc,heap        ] GC(1190) Old regions: 440->440
[313.425s][info][gc,heap        ] GC(1190) Humongous regions: 72->72
[313.425s][info][gc,metaspace   ] GC(1190) Metaspace: 14801K->14759K(31744K)
[313.425s][info][gc             ] GC(1190) Pause Full (Allocation Failure) 511M->511M(512M) 1608.495ms
[313.426s][info][gc,cpu         ] GC(1190) User=12.09s Sys=0.05s Real=1.62s
[313.427s][info][gc,start       ] GC(1191) Pause Full (Allocation Failure)
[313.427s][info][gc,phases,start] GC(1191) Phase 1: Mark live objects
[314.690s][info][gc,stringtable ] GC(1191) Cleaned string and symbol table, strings: 7354 processed, 0 removed, symbols: 48830 processed, 10 removed
[314.690s][info][gc,phases      ] GC(1191) Phase 1: Mark live objects 1262.254ms
[314.690s][info][gc,phases,start] GC(1191) Phase 2: Prepare for compaction
[314.788s][info][gc,phases      ] GC(1191) Phase 2: Prepare for compaction 98.715ms
[314.789s][info][gc,phases,start] GC(1191) Phase 3: Adjust pointers and remembered sets
[315.191s][info][gc,phases      ] GC(1191) Phase 3: Adjust pointers and remembered sets 402.776ms
[315.192s][info][gc,phases,start] GC(1191) Phase 4: Compact heap
[315.283s][info][gc,phases      ] GC(1191) Phase 4: Compact heap 91.219ms
[315.286s][info][gc,heap        ] GC(1191) Eden regions: 0->0(25)
[315.286s][info][gc,heap        ] GC(1191) Survivor regions: 0->0(4)
[315.286s][info][gc,heap        ] GC(1191) Old regions: 440->440
[315.286s][info][gc,heap        ] GC(1191) Humongous regions: 72->72
[315.286s][info][gc,metaspace   ] GC(1191) Metaspace: 14759K->14759K(31744K)
[315.286s][info][gc             ] GC(1191) Pause Full (Allocation Failure) 511M->511M(512M) 1859.251ms
[315.287s][info][gc,cpu         ] GC(1191) User=13.59s Sys=0.08s Real=1.85s
[315.288s][info][gc,start       ] GC(1192) Pause Initial Mark (G1 Evacuation Pause)
[315.288s][info][gc,task        ] GC(1192) Using 8 workers of 8 for evacuation
[315.290s][info][gc,phases      ] GC(1192)   Pre Evacuate Collection Set: 0.1ms
[315.290s][info][gc,phases      ] GC(1192)   Evacuate Collection Set: 1.2ms
[315.290s][info][gc,phases      ] GC(1192)   Post Evacuate Collection Set: 0.5ms
[315.291s][info][gc,phases      ] GC(1192)   Other: 0.5ms
[315.291s][info][gc,heap        ] GC(1192) Eden regions: 0->0(25)
[315.291s][info][gc,heap        ] GC(1192) Survivor regions: 0->0(4)
[315.291s][info][gc,heap        ] GC(1192) Old regions: 440->440
[315.291s][info][gc,heap        ] GC(1192) Humongous regions: 72->72
[315.291s][info][gc,metaspace   ] GC(1192) Metaspace: 14759K->14759K(31744K)
[315.291s][info][gc             ] GC(1192) Pause Initial Mark (G1 Evacuation Pause) 511M->511M(512M) 2.541ms
[315.291s][info][gc,cpu         ] GC(1192) User=0.00s Sys=0.00s Real=0.00s
[315.291s][info][gc             ] GC(1193) Concurrent Cycle
[315.291s][info][gc,marking     ] GC(1193) Concurrent Clear Claimed Marks
[315.291s][info][gc,marking     ] GC(1193) Concurrent Clear Claimed Marks 0.049ms
[315.291s][info][gc,marking     ] GC(1193) Concurrent Scan Root Regions
[315.291s][info][gc,marking     ] GC(1193) Concurrent Scan Root Regions 0.036ms
[315.291s][info][gc,start       ] GC(1194) Pause Young (G1 Evacuation Pause)
[315.291s][info][gc,marking     ] GC(1193) Concurrent Mark (315.291s)
[315.291s][info][gc,task        ] GC(1194) Using 8 workers of 8 for evacuation
[315.291s][info][gc,marking     ] GC(1193) Concurrent Mark From Roots
[315.291s][info][gc,task        ] GC(1193) Using 2 workers of 2 for marking
[315.295s][info][gc,phases      ] GC(1194)   Pre Evacuate Collection Set: 0.0ms
[315.295s][info][gc,phases      ] GC(1194)   Evacuate Collection Set: 2.6ms
[315.295s][info][gc,phases      ] GC(1194)   Post Evacuate Collection Set: 0.3ms
[315.295s][info][gc,phases      ] GC(1194)   Other: 0.5ms
[315.295s][info][gc,heap        ] GC(1194) Eden regions: 0->0(25)
[315.295s][info][gc,heap        ] GC(1194) Survivor regions: 0->0(4)
[315.295s][info][gc,heap        ] GC(1194) Old regions: 440->440
[315.295s][info][gc,heap        ] GC(1194) Humongous regions: 72->72
[315.295s][info][gc,metaspace   ] GC(1194) Metaspace: 14759K->14759K(31744K)
[315.295s][info][gc             ] GC(1194) Pause Young (G1 Evacuation Pause) 511M->511M(512M) 3.710ms
[315.295s][info][gc,cpu         ] GC(1194) User=0.00s Sys=0.00s Real=0.00s
[315.295s][info][gc,start       ] GC(1195) Pause Young (G1 Evacuation Pause)
[315.295s][info][gc,task        ] GC(1195) Using 8 workers of 8 for evacuation
[315.298s][info][gc,phases      ] GC(1195)   Pre Evacuate Collection Set: 0.0ms
[315.298s][info][gc,phases      ] GC(1195)   Evacuate Collection Set: 1.7ms
[315.298s][info][gc,phases      ] GC(1195)   Post Evacuate Collection Set: 0.3ms
[315.298s][info][gc,phases      ] GC(1195)   Other: 0.4ms
[315.298s][info][gc,heap        ] GC(1195) Eden regions: 0->0(25)
[315.298s][info][gc,heap        ] GC(1195) Survivor regions: 0->0(4)
[315.298s][info][gc,heap        ] GC(1195) Old regions: 440->440
[315.298s][info][gc,heap        ] GC(1195) Humongous regions: 72->72
[315.298s][info][gc,metaspace   ] GC(1195) Metaspace: 14759K->14759K(31744K)
[315.298s][info][gc             ] GC(1195) Pause Young (G1 Evacuation Pause) 511M->511M(512M) 2.768ms
[315.298s][info][gc,cpu         ] GC(1195) User=0.00s Sys=0.00s Real=0.00s
[315.298s][info][gc,start       ] GC(1196) Pause Young (G1 Evacuation Pause)
[315.298s][info][gc,task        ] GC(1196) Using 8 workers of 8 for evacuation
[315.300s][info][gc,phases      ] GC(1196)   Pre Evacuate Collection Set: 0.0ms
[315.300s][info][gc,phases      ] GC(1196)   Evacuate Collection Set: 0.7ms
[315.300s][info][gc,phases      ] GC(1196)   Post Evacuate Collection Set: 0.3ms
[315.300s][info][gc,phases      ] GC(1196)   Other: 0.3ms
[315.300s][info][gc,heap        ] GC(1196) Eden regions: 0->0(25)
[315.300s][info][gc,heap        ] GC(1196) Survivor regions: 0->0(4)
[315.300s][info][gc,heap        ] GC(1196) Old regions: 440->440
[315.300s][info][gc,heap        ] GC(1196) Humongous regions: 72->72
[315.300s][info][gc,metaspace   ] GC(1196) Metaspace: 14759K->14759K(31744K)
[315.300s][info][gc             ] GC(1196) Pause Young (G1 Evacuation Pause) 511M->511M(512M) 1.696ms
[315.300s][info][gc,cpu         ] GC(1196) User=0.00s Sys=0.00s Real=0.00s
[315.301s][info][gc,start       ] GC(1197) Pause Full (Allocation Failure)
[315.304s][info][gc,phases,start] GC(1197) Phase 1: Mark live objects
[316.481s][info][gc,stringtable ] GC(1197) Cleaned string and symbol table, strings: 7354 processed, 11 removed, symbols: 48820 processed, 0 removed
[316.481s][info][gc,phases      ] GC(1197) Phase 1: Mark live objects 1177.332ms
[316.481s][info][gc,phases,start] GC(1197) Phase 2: Prepare for compaction
[316.591s][info][gc,phases      ] GC(1197) Phase 2: Prepare for compaction 109.824ms
[316.591s][info][gc,phases,start] GC(1197) Phase 3: Adjust pointers and remembered sets
[316.978s][info][gc,phases      ] GC(1197) Phase 3: Adjust pointers and remembered sets 386.558ms
[316.978s][info][gc,phases,start] GC(1197) Phase 4: Compact heap
[317.186s][info][gc,phases      ] GC(1197) Phase 4: Compact heap 208.376ms
[317.192s][info][gc,heap        ] GC(1197) Eden regions: 0->0(25)
[317.192s][info][gc,heap        ] GC(1197) Survivor regions: 0->0(4)
[317.192s][info][gc,heap        ] GC(1197) Old regions: 440->440
[317.192s][info][gc,heap        ] GC(1197) Humongous regions: 72->72
[317.192s][info][gc,metaspace   ] GC(1197) Metaspace: 14759K->14752K(31744K)
[317.192s][info][gc             ] GC(1197) Pause Full (Allocation Failure) 511M->511M(512M) 1891.001ms
[317.194s][info][gc,cpu         ] GC(1197) User=13.00s Sys=0.09s Real=1.90s
[317.195s][info][gc,start       ] GC(1198) Pause Full (Allocation Failure)
[317.197s][info][gc,phases,start] GC(1198) Phase 1: Mark live objects
[318.452s][info][gc,stringtable ] GC(1198) Cleaned string and symbol table, strings: 7343 processed, 0 removed, symbols: 48820 processed, 2 removed
[318.452s][info][gc,phases      ] GC(1198) Phase 1: Mark live objects 1255.198ms
[318.452s][info][gc,phases,start] GC(1198) Phase 2: Prepare for compaction
[318.548s][info][gc,phases      ] GC(1198) Phase 2: Prepare for compaction 96.310ms
[318.548s][info][gc,phases,start] GC(1198) Phase 3: Adjust pointers and remembered sets
[318.909s][info][gc,phases      ] GC(1198) Phase 3: Adjust pointers and remembered sets 360.832ms
[318.909s][info][gc,phases,start] GC(1198) Phase 4: Compact heap
[319.000s][info][gc,phases      ] GC(1198) Phase 4: Compact heap 90.456ms
[319.002s][info][gc,heap        ] GC(1198) Eden regions: 0->0(25)
[319.002s][info][gc,heap        ] GC(1198) Survivor regions: 0->0(4)
[319.002s][info][gc,heap        ] GC(1198) Old regions: 440->440
[319.002s][info][gc,heap        ] GC(1198) Humongous regions: 72->72
[319.002s][info][gc,metaspace   ] GC(1198) Metaspace: 14752K->14752K(31744K)
[319.002s][info][gc             ] GC(1198) Pause Full (Allocation Failure) 511M->511M(512M) 1806.819ms
[319.003s][info][gc,cpu         ] GC(1198) User=12.97s Sys=0.17s Real=1.81s
[319.004s][info][gc,marking     ] GC(1193) Concurrent Mark From Roots 3712.194ms
[319.004s][info][gc,start       ] GC(1199) Pause Young (G1 Evacuation Pause)
[319.004s][info][gc,task        ] GC(1199) Using 8 workers of 8 for evacuation
[319.005s][info][gc,phases      ] GC(1199)   Pre Evacuate Collection Set: 0.0ms
[319.005s][info][gc,phases      ] GC(1199)   Evacuate Collection Set: 1.0ms
[319.005s][info][gc,phases      ] GC(1199)   Post Evacuate Collection Set: 0.3ms
[319.005s][info][gc,phases      ] GC(1199)   Other: 0.4ms
[319.005s][info][gc,heap        ] GC(1199) Eden regions: 0->0(25)
[319.006s][info][gc,heap        ] GC(1199) Survivor regions: 0->0(4)
[319.006s][info][gc,heap        ] GC(1199) Old regions: 440->440
[319.006s][info][gc,heap        ] GC(1199) Humongous regions: 72->72
[319.006s][info][gc,metaspace   ] GC(1199) Metaspace: 14752K->14752K(31744K)
[319.006s][info][gc             ] GC(1199) Pause Young (G1 Evacuation Pause) 511M->511M(512M) 1.926ms
[319.006s][info][gc,cpu         ] GC(1199) User=0.00s Sys=0.00s Real=0.00s
[319.006s][info][gc,marking     ] GC(1193) Concurrent Mark Abort
[319.006s][info][gc             ] GC(1193) Concurrent Cycle 3714.917ms
[319.007s][info][gc,start       ] GC(1200) Pause Young (G1 Evacuation Pause)
[319.007s][info][gc,task        ] GC(1200) Using 8 workers of 8 for evacuation
[319.008s][info][gc,phases      ] GC(1200)   Pre Evacuate Collection Set: 0.0ms
[319.008s][info][gc,phases      ] GC(1200)   Evacuate Collection Set: 0.8ms
[319.008s][info][gc,phases      ] GC(1200)   Post Evacuate Collection Set: 0.2ms
[319.008s][info][gc,phases      ] GC(1200)   Other: 0.3ms
[319.008s][info][gc,heap        ] GC(1200) Eden regions: 0->0(25)
[319.008s][info][gc,heap        ] GC(1200) Survivor regions: 0->0(4)
[319.008s][info][gc,heap        ] GC(1200) Old regions: 440->440
[319.008s][info][gc,heap        ] GC(1200) Humongous regions: 72->72
[319.008s][info][gc,metaspace   ] GC(1200) Metaspace: 14752K->14752K(31744K)
[319.009s][info][gc             ] GC(1200) Pause Young (G1 Evacuation Pause) 511M->511M(512M) 1.847ms
[319.009s][info][gc,cpu         ] GC(1200) User=0.02s Sys=0.00s Real=0.01s
[319.009s][info][gc,start       ] GC(1201) Pause Full (Allocation Failure)
[319.010s][info][gc,phases,start] GC(1201) Phase 1: Mark live objects
[320.134s][info][gc,stringtable ] GC(1201) Cleaned string and symbol table, strings: 7343 processed, 0 removed, symbols: 48818 processed, 0 removed
[320.134s][info][gc,phases      ] GC(1201) Phase 1: Mark live objects 1124.350ms
[320.134s][info][gc,phases,start] GC(1201) Phase 2: Prepare for compaction
[320.241s][info][gc,phases      ] GC(1201) Phase 2: Prepare for compaction 106.933ms
[320.241s][info][gc,phases,start] GC(1201) Phase 3: Adjust pointers and remembered sets
[320.578s][info][gc,phases      ] GC(1201) Phase 3: Adjust pointers and remembered sets 336.329ms
[320.578s][info][gc,phases,start] GC(1201) Phase 4: Compact heap
[320.708s][info][gc,phases      ] GC(1201) Phase 4: Compact heap 130.522ms
[320.711s][info][gc,heap        ] GC(1201) Eden regions: 0->0(25)
[320.712s][info][gc,heap        ] GC(1201) Survivor regions: 0->0(4)
[320.712s][info][gc,heap        ] GC(1201) Old regions: 440->440
[320.712s][info][gc,heap        ] GC(1201) Humongous regions: 72->72
[320.712s][info][gc,metaspace   ] GC(1201) Metaspace: 14752K->14752K(31744K)
[320.712s][info][gc             ] GC(1201) Pause Full (Allocation Failure) 511M->511M(512M) 1702.491ms
[320.713s][info][gc,cpu         ] GC(1201) User=12.59s Sys=0.08s Real=1.69s
[320.713s][info][gc,start       ] GC(1202) Pause Full (Allocation Failure)
[320.714s][info][gc,phases,start] GC(1202) Phase 1: Mark live objects
[322.023s][info][gc,stringtable ] GC(1202) Cleaned string and symbol table, strings: 7343 processed, 0 removed, symbols: 48818 processed, 0 removed
[322.023s][info][gc,phases      ] GC(1202) Phase 1: Mark live objects 1309.261ms
[322.023s][info][gc,phases,start] GC(1202) Phase 2: Prepare for compaction
[322.143s][info][gc,phases      ] GC(1202) Phase 2: Prepare for compaction 119.728ms
[322.143s][info][gc,phases,start] GC(1202) Phase 3: Adjust pointers and remembered sets
[322.506s][info][gc,phases      ] GC(1202) Phase 3: Adjust pointers and remembered sets 363.144ms
[322.507s][info][gc,phases,start] GC(1202) Phase 4: Compact heap
[322.609s][info][gc,phases      ] GC(1202) Phase 4: Compact heap 102.001ms
[322.613s][info][gc,heap        ] GC(1202) Eden regions: 0->0(25)
[322.613s][info][gc,heap        ] GC(1202) Survivor regions: 0->0(4)
[322.614s][info][gc,heap        ] GC(1202) Old regions: 440->440
[322.614s][info][gc,heap        ] GC(1202) Humongous regions: 72->72
[322.614s][info][gc,metaspace   ] GC(1202) Metaspace: 14752K->14752K(31744K)
[322.614s][info][gc             ] GC(1202) Pause Full (Allocation Failure) 511M->511M(512M) 1900.516ms
[322.615s][info][gc,cpu         ] GC(1202) User=13.50s Sys=0.09s Real=1.91s
[322.617s][info][gc,start       ] GC(1203) Pause Initial Mark (G1 Evacuation Pause)
[322.617s][info][gc,task        ] GC(1203) Using 8 workers of 8 for evacuation
[322.630s][info][gc,phases      ] GC(1203)   Pre Evacuate Collection Set: 0.1ms
[322.630s][info][gc,phases      ] GC(1203)   Evacuate Collection Set: 10.7ms
[322.630s][info][gc,phases      ] GC(1203)   Post Evacuate Collection Set: 1.5ms
[322.630s][info][gc,phases      ] GC(1203)   Other: 0.8ms
[322.630s][info][gc,heap        ] GC(1203) Eden regions: 0->0(25)
[322.630s][info][gc,heap        ] GC(1203) Survivor regions: 0->0(4)
[322.630s][info][gc,heap        ] GC(1203) Old regions: 440->440
[322.630s][info][gc,heap        ] GC(1203) Humongous regions: 72->72
[322.630s][info][gc,metaspace   ] GC(1203) Metaspace: 14752K->14752K(31744K)
[322.630s][info][gc             ] GC(1203) Pause Initial Mark (G1 Evacuation Pause) 511M->511M(512M) 13.416ms
[322.630s][info][gc,cpu         ] GC(1203) User=0.00s Sys=0.00s Real=0.01s
[322.630s][info][gc             ] GC(1204) Concurrent Cycle
[322.630s][info][gc,marking     ] GC(1204) Concurrent Clear Claimed Marks
[322.631s][info][gc,marking     ] GC(1204) Concurrent Clear Claimed Marks 0.097ms
[322.631s][info][gc,start       ] GC(1205) Pause Young (G1 Evacuation Pause)
[322.631s][info][gc,marking     ] GC(1204) Concurrent Scan Root Regions
[322.631s][info][gc,task        ] GC(1205) Using 8 workers of 8 for evacuation
[322.631s][info][gc,marking     ] GC(1204) Concurrent Scan Root Regions 0.156ms
[322.631s][info][gc,marking     ] GC(1204) Concurrent Mark (322.631s)
[322.631s][info][gc,marking     ] GC(1204) Concurrent Mark From Roots
[322.631s][info][gc,task        ] GC(1204) Using 2 workers of 2 for marking
[322.635s][info][gc,phases      ] GC(1205)   Pre Evacuate Collection Set: 0.0ms
[322.635s][info][gc,phases      ] GC(1205)   Evacuate Collection Set: 2.6ms
[322.635s][info][gc,phases      ] GC(1205)   Post Evacuate Collection Set: 0.7ms
[322.635s][info][gc,phases      ] GC(1205)   Other: 0.7ms
[322.635s][info][gc,heap        ] GC(1205) Eden regions: 0->0(25)
[322.635s][info][gc,heap        ] GC(1205) Survivor regions: 0->0(4)
[322.635s][info][gc,heap        ] GC(1205) Old regions: 440->440
[322.635s][info][gc,heap        ] GC(1205) Humongous regions: 72->72
[322.635s][info][gc,metaspace   ] GC(1205) Metaspace: 14752K->14752K(31744K)
[322.635s][info][gc             ] GC(1205) Pause Young (G1 Evacuation Pause) 511M->511M(512M) 4.504ms
[322.635s][info][gc,cpu         ] GC(1205) User=0.00s Sys=0.00s Real=0.00s
[322.636s][info][gc,start       ] GC(1206) Pause Full (Allocation Failure)
[322.640s][info][gc,phases,start] GC(1206) Phase 1: Mark live objects
[323.927s][info][gc,stringtable ] GC(1206) Cleaned string and symbol table, strings: 7343 processed, 0 removed, symbols: 48818 processed, 0 removed
[323.927s][info][gc,phases      ] GC(1206) Phase 1: Mark live objects 1287.158ms
[323.927s][info][gc,phases,start] GC(1206) Phase 2: Prepare for compaction
[324.024s][info][gc,phases      ] GC(1206) Phase 2: Prepare for compaction 97.042ms
[324.024s][info][gc,phases,start] GC(1206) Phase 3: Adjust pointers and remembered sets
[324.310s][info][gc,phases      ] GC(1206) Phase 3: Adjust pointers and remembered sets 286.008ms
[324.310s][info][gc,phases,start] GC(1206) Phase 4: Compact heap
[324.394s][info][gc,phases      ] GC(1206) Phase 4: Compact heap 83.999ms
[324.397s][info][gc,heap        ] GC(1206) Eden regions: 0->0(25)
[324.397s][info][gc,heap        ] GC(1206) Survivor regions: 0->0(4)
[324.397s][info][gc,heap        ] GC(1206) Old regions: 440->440
[324.397s][info][gc,heap        ] GC(1206) Humongous regions: 72->72
[324.397s][info][gc,metaspace   ] GC(1206) Metaspace: 14752K->14752K(31744K)
[324.397s][info][gc             ] GC(1206) Pause Full (Allocation Failure) 511M->511M(512M) 1761.272ms
[324.399s][info][gc,cpu         ] GC(1206) User=12.28s Sys=0.19s Real=1.78s
[324.399s][info][gc,start       ] GC(1207) Pause Full (Allocation Failure)
[324.400s][info][gc,phases,start] GC(1207) Phase 1: Mark live objects
[325.638s][info][gc,stringtable ] GC(1207) Cleaned string and symbol table, strings: 7343 processed, 0 removed, symbols: 48818 processed, 0 removed
[325.638s][info][gc,phases      ] GC(1207) Phase 1: Mark live objects 1238.215ms
[325.638s][info][gc,phases,start] GC(1207) Phase 2: Prepare for compaction
[325.755s][info][gc,phases      ] GC(1207) Phase 2: Prepare for compaction 116.348ms
[325.755s][info][gc,phases,start] GC(1207) Phase 3: Adjust pointers and remembered sets
[326.142s][info][gc,phases      ] GC(1207) Phase 3: Adjust pointers and remembered sets 387.279ms
[326.142s][info][gc,phases,start] GC(1207) Phase 4: Compact heap
[326.233s][info][gc,phases      ] GC(1207) Phase 4: Compact heap 90.705ms
[326.236s][info][gc,heap        ] GC(1207) Eden regions: 0->0(25)
[326.236s][info][gc,heap        ] GC(1207) Survivor regions: 0->0(4)
[326.236s][info][gc,heap        ] GC(1207) Old regions: 440->440
[326.236s][info][gc,heap        ] GC(1207) Humongous regions: 72->72
[326.236s][info][gc,metaspace   ] GC(1207) Metaspace: 14752K->14752K(31744K)
[326.236s][info][gc             ] GC(1207) Pause Full (Allocation Failure) 511M->511M(512M) 1837.242ms
[326.238s][info][gc,cpu         ] GC(1207) User=12.67s Sys=0.20s Real=1.84s
[326.238s][info][gc,marking     ] GC(1204) Concurrent Mark From Roots 3606.878ms
[326.238s][info][gc,start       ] GC(1208) Pause Young (G1 Evacuation Pause)
[326.238s][info][gc,task        ] GC(1208) Using 8 workers of 8 for evacuation
[326.245s][info][gc,phases      ] GC(1208)   Pre Evacuate Collection Set: 0.0ms
[326.245s][info][gc,phases      ] GC(1208)   Evacuate Collection Set: 5.7ms
[326.245s][info][gc,phases      ] GC(1208)   Post Evacuate Collection Set: 0.5ms
[326.245s][info][gc,phases      ] GC(1208)   Other: 0.4ms
[326.245s][info][gc,heap        ] GC(1208) Eden regions: 0->0(25)
[326.245s][info][gc,heap        ] GC(1208) Survivor regions: 0->0(4)
[326.245s][info][gc,heap        ] GC(1208) Old regions: 440->440
[326.245s][info][gc,heap        ] GC(1208) Humongous regions: 72->72
[326.245s][info][gc,metaspace   ] GC(1208) Metaspace: 14752K->14752K(31744K)
[326.245s][info][gc             ] GC(1208) Pause Young (G1 Evacuation Pause) 511M->511M(512M) 6.941ms
[326.245s][info][gc,cpu         ] GC(1208) User=0.00s Sys=0.00s Real=0.01s
[326.245s][info][gc,marking     ] GC(1204) Concurrent Mark Abort
[326.245s][info][gc,start       ] GC(1209) Pause Young (G1 Evacuation Pause)
[326.246s][info][gc,task        ] GC(1209) Using 8 workers of 8 for evacuation
[326.247s][info][gc,phases      ] GC(1209)   Pre Evacuate Collection Set: 0.0ms
[326.247s][info][gc,phases      ] GC(1209)   Evacuate Collection Set: 1.2ms
[326.247s][info][gc,phases      ] GC(1209)   Post Evacuate Collection Set: 0.4ms
[326.248s][info][gc,phases      ] GC(1209)   Other: 0.4ms
[326.248s][info][gc,heap        ] GC(1209) Eden regions: 0->0(25)
[326.248s][info][gc,heap        ] GC(1209) Survivor regions: 0->0(4)
[326.248s][info][gc,heap        ] GC(1209) Old regions: 440->440
[326.248s][info][gc,heap        ] GC(1209) Humongous regions: 72->72
[326.248s][info][gc,metaspace   ] GC(1209) Metaspace: 14752K->14752K(31744K)
[326.248s][info][gc             ] GC(1209) Pause Young (G1 Evacuation Pause) 511M->511M(512M) 2.253ms
[326.248s][info][gc,cpu         ] GC(1209) User=0.00s Sys=0.00s Real=0.00s
[326.248s][info][gc             ] GC(1204) Concurrent Cycle 3617.679ms
[326.248s][info][gc,start       ] GC(1210) Pause Full (Allocation Failure)
[326.249s][info][gc,phases,start] GC(1210) Phase 1: Mark live objects
[327.499s][info][gc,stringtable ] GC(1210) Cleaned string and symbol table, strings: 7343 processed, 0 removed, symbols: 48818 processed, 0 removed
[327.499s][info][gc,phases      ] GC(1210) Phase 1: Mark live objects 1249.754ms
[327.499s][info][gc,phases,start] GC(1210) Phase 2: Prepare for compaction
[327.575s][info][gc,phases      ] GC(1210) Phase 2: Prepare for compaction 76.167ms
[327.575s][info][gc,phases,start] GC(1210) Phase 3: Adjust pointers and remembered sets
[327.866s][info][gc,phases      ] GC(1210) Phase 3: Adjust pointers and remembered sets 290.562ms
[327.866s][info][gc,phases,start] GC(1210) Phase 4: Compact heap
[327.957s][info][gc,phases      ] GC(1210) Phase 4: Compact heap 91.005ms
[327.960s][info][gc,heap        ] GC(1210) Eden regions: 0->0(25)
[327.960s][info][gc,heap        ] GC(1210) Survivor regions: 0->0(4)
[327.960s][info][gc,heap        ] GC(1210) Old regions: 440->440
[327.960s][info][gc,heap        ] GC(1210) Humongous regions: 72->72
[327.960s][info][gc,metaspace   ] GC(1210) Metaspace: 14752K->14752K(31744K)
[327.960s][info][gc             ] GC(1210) Pause Full (Allocation Failure) 511M->511M(512M) 1711.419ms
[327.975s][info][gc,cpu         ] GC(1210) User=12.53s Sys=0.23s Real=1.73s
[327.976s][info][gc,start       ] GC(1211) Pause Full (Allocation Failure)
[327.976s][info][gc,phases,start] GC(1211) Phase 1: Mark live objects
[328.998s][info][gc,stringtable ] GC(1211) Cleaned string and symbol table, strings: 7343 processed, 0 removed, symbols: 48818 processed, 0 removed
[328.998s][info][gc,phases      ] GC(1211) Phase 1: Mark live objects 1021.857ms
[328.998s][info][gc,phases,start] GC(1211) Phase 2: Prepare for compaction
[329.086s][info][gc,phases      ] GC(1211) Phase 2: Prepare for compaction 88.051ms
[329.086s][info][gc,phases,start] GC(1211) Phase 3: Adjust pointers and remembered sets
[329.440s][info][gc,phases      ] GC(1211) Phase 3: Adjust pointers and remembered sets 353.724ms
[329.440s][info][gc,phases,start] GC(1211) Phase 4: Compact heap
[329.536s][info][gc,phases      ] GC(1211) Phase 4: Compact heap 95.218ms
[329.539s][info][gc,heap        ] GC(1211) Eden regions: 0->0(25)
[329.539s][info][gc,heap        ] GC(1211) Survivor regions: 0->0(4)
[329.539s][info][gc,heap        ] GC(1211) Old regions: 440->440
[329.539s][info][gc,heap        ] GC(1211) Humongous regions: 72->72
[329.539s][info][gc,metaspace   ] GC(1211) Metaspace: 14752K->14752K(31744K)
[329.539s][info][gc             ] GC(1211) Pause Full (Allocation Failure) 511M->511M(512M) 1563.100ms
[329.541s][info][gc,cpu         ] GC(1211) User=11.94s Sys=0.08s Real=1.56s
[329.542s][info][gc,start       ] GC(1212) Pause Initial Mark (G1 Evacuation Pause)
[329.542s][info][gc,task        ] GC(1212) Using 8 workers of 8 for evacuation
[329.557s][info][gc,phases      ] GC(1212)   Pre Evacuate Collection Set: 0.1ms
[329.557s][info][gc,phases      ] GC(1212)   Evacuate Collection Set: 13.3ms
[329.557s][info][gc,phases      ] GC(1212)   Post Evacuate Collection Set: 1.1ms
[329.557s][info][gc,phases      ] GC(1212)   Other: 0.6ms
[329.557s][info][gc,heap        ] GC(1212) Eden regions: 0->0(25)
[329.558s][info][gc,heap        ] GC(1212) Survivor regions: 0->0(4)
[329.558s][info][gc,heap        ] GC(1212) Old regions: 440->440
[329.558s][info][gc,heap        ] GC(1212) Humongous regions: 72->72
[329.558s][info][gc,metaspace   ] GC(1212) Metaspace: 14753K->14753K(31744K)
[329.558s][info][gc             ] GC(1212) Pause Initial Mark (G1 Evacuation Pause) 511M->511M(512M) 15.555ms
[329.558s][info][gc,cpu         ] GC(1212) User=0.00s Sys=0.03s Real=0.02s
[329.558s][info][gc             ] GC(1213) Concurrent Cycle
[329.558s][info][gc,start       ] GC(1214) Pause Young (G1 Evacuation Pause)
[329.558s][info][gc,marking     ] GC(1213) Concurrent Clear Claimed Marks
[329.558s][info][gc,task        ] GC(1214) Using 8 workers of 8 for evacuation
[329.563s][info][gc,marking     ] GC(1213) Concurrent Clear Claimed Marks 4.757ms
[329.563s][info][gc,marking     ] GC(1213) Concurrent Scan Root Regions
[329.563s][info][gc,marking     ] GC(1213) Concurrent Scan Root Regions 0.066ms
[329.563s][info][gc,marking     ] GC(1213) Concurrent Mark (329.563s)
[329.563s][info][gc,marking     ] GC(1213) Concurrent Mark From Roots
[329.563s][info][gc,task        ] GC(1213) Using 2 workers of 2 for marking
[329.564s][info][gc,phases      ] GC(1214)   Pre Evacuate Collection Set: 0.0ms
[329.565s][info][gc,phases      ] GC(1214)   Evacuate Collection Set: 5.4ms
[329.565s][info][gc,phases      ] GC(1214)   Post Evacuate Collection Set: 0.3ms
[329.565s][info][gc,phases      ] GC(1214)   Other: 0.5ms
[329.565s][info][gc,heap        ] GC(1214) Eden regions: 0->0(25)
[329.565s][info][gc,heap        ] GC(1214) Survivor regions: 0->0(4)
[329.565s][info][gc,heap        ] GC(1214) Old regions: 440->440
[329.565s][info][gc,heap        ] GC(1214) Humongous regions: 72->72
[329.565s][info][gc,metaspace   ] GC(1214) Metaspace: 14753K->14753K(31744K)
[329.565s][info][gc             ] GC(1214) Pause Young (G1 Evacuation Pause) 511M->511M(512M) 6.967ms
[329.565s][info][gc,cpu         ] GC(1214) User=0.00s Sys=0.00s Real=0.01s
[329.566s][info][gc,start       ] GC(1215) Pause Full (Allocation Failure)
[329.568s][info][gc,phases,start] GC(1215) Phase 1: Mark live objects
[330.791s][info][gc,stringtable ] GC(1215) Cleaned string and symbol table, strings: 7343 processed, 0 removed, symbols: 48820 processed, 0 removed
[330.791s][info][gc,phases      ] GC(1215) Phase 1: Mark live objects 1223.016ms
[330.792s][info][gc,phases,start] GC(1215) Phase 2: Prepare for compaction
[330.889s][info][gc,phases      ] GC(1215) Phase 2: Prepare for compaction 97.616ms
[330.889s][info][gc,phases,start] GC(1215) Phase 3: Adjust pointers and remembered sets
[331.202s][info][gc,phases      ] GC(1215) Phase 3: Adjust pointers and remembered sets 313.023ms
[331.202s][info][gc,phases,start] GC(1215) Phase 4: Compact heap
[331.314s][info][gc,phases      ] GC(1215) Phase 4: Compact heap 111.120ms
[331.316s][info][gc,heap        ] GC(1215) Eden regions: 0->0(25)
[331.316s][info][gc,heap        ] GC(1215) Survivor regions: 0->0(4)
[331.316s][info][gc,heap        ] GC(1215) Old regions: 440->440
[331.316s][info][gc,heap        ] GC(1215) Humongous regions: 72->72
[331.316s][info][gc,metaspace   ] GC(1215) Metaspace: 14753K->14753K(31744K)
[331.317s][info][gc             ] GC(1215) Pause Full (Allocation Failure) 511M->511M(512M) 1750.167ms
[331.318s][info][gc,cpu         ] GC(1215) User=12.59s Sys=0.16s Real=1.74s
[331.318s][info][gc,start       ] GC(1216) Pause Full (Allocation Failure)
[331.319s][info][gc,phases,start] GC(1216) Phase 1: Mark live objects
[332.293s][info][gc,stringtable ] GC(1216) Cleaned string and symbol table, strings: 7343 processed, 0 removed, symbols: 48820 processed, 0 removed
[332.294s][info][gc,phases      ] GC(1216) Phase 1: Mark live objects 974.592ms
[332.294s][info][gc,phases,start] GC(1216) Phase 2: Prepare for compaction
[332.368s][info][gc,phases      ] GC(1216) Phase 2: Prepare for compaction 74.020ms
[332.368s][info][gc,phases,start] GC(1216) Phase 3: Adjust pointers and remembered sets
[332.683s][info][gc,phases      ] GC(1216) Phase 3: Adjust pointers and remembered sets 315.004ms
[332.683s][info][gc,phases,start] GC(1216) Phase 4: Compact heap
[332.774s][info][gc,phases      ] GC(1216) Phase 4: Compact heap 90.849ms
[332.778s][info][gc,heap        ] GC(1216) Eden regions: 0->0(25)
[332.778s][info][gc,heap        ] GC(1216) Survivor regions: 0->0(4)
[332.778s][info][gc,heap        ] GC(1216) Old regions: 440->440
[332.778s][info][gc,heap        ] GC(1216) Humongous regions: 72->72
[332.778s][info][gc,metaspace   ] GC(1216) Metaspace: 14753K->14753K(31744K)
[332.778s][info][gc             ] GC(1216) Pause Full (Allocation Failure) 511M->511M(512M) 1459.954ms
[332.779s][info][gc,cpu         ] GC(1216) User=10.98s Sys=0.06s Real=1.47s
[332.780s][info][gc,marking     ] GC(1213) Concurrent Mark From Roots 3216.412ms
[332.780s][info][gc,start       ] GC(1217) Pause Young (G1 Evacuation Pause)
[332.780s][info][gc,task        ] GC(1217) Using 8 workers of 8 for evacuation
[332.782s][info][gc,phases      ] GC(1217)   Pre Evacuate Collection Set: 0.0ms
[332.782s][info][gc,phases      ] GC(1217)   Evacuate Collection Set: 1.0ms
[332.782s][info][gc,phases      ] GC(1217)   Post Evacuate Collection Set: 0.3ms
[332.782s][info][gc,phases      ] GC(1217)   Other: 0.4ms
[332.782s][info][gc,heap        ] GC(1217) Eden regions: 0->0(25)
[332.782s][info][gc,heap        ] GC(1217) Survivor regions: 0->0(4)
[332.782s][info][gc,heap        ] GC(1217) Old regions: 440->440
[332.782s][info][gc,heap        ] GC(1217) Humongous regions: 72->72
[332.782s][info][gc,metaspace   ] GC(1217) Metaspace: 14753K->14753K(31744K)
[332.782s][info][gc             ] GC(1217) Pause Young (G1 Evacuation Pause) 511M->511M(512M) 2.022ms
[332.782s][info][gc,cpu         ] GC(1217) User=0.00s Sys=0.00s Real=0.00s
[332.782s][info][gc,marking     ] GC(1213) Concurrent Mark Abort
[332.783s][info][gc,start       ] GC(1218) Pause Young (G1 Evacuation Pause)
[332.783s][info][gc,task        ] GC(1218) Using 8 workers of 8 for evacuation
[332.795s][info][gc,phases      ] GC(1218)   Pre Evacuate Collection Set: 0.0ms
[332.795s][info][gc,phases      ] GC(1218)   Evacuate Collection Set: 11.5ms
[332.795s][info][gc,phases      ] GC(1218)   Post Evacuate Collection Set: 0.2ms
[332.795s][info][gc,phases      ] GC(1218)   Other: 0.4ms
[332.795s][info][gc,heap        ] GC(1218) Eden regions: 0->0(25)
[332.795s][info][gc,heap        ] GC(1218) Survivor regions: 0->0(4)
[332.795s][info][gc,heap        ] GC(1218) Old regions: 440->440
[332.795s][info][gc,heap        ] GC(1218) Humongous regions: 72->72
[332.795s][info][gc,metaspace   ] GC(1218) Metaspace: 14753K->14753K(31744K)
[332.795s][info][gc             ] GC(1218) Pause Young (G1 Evacuation Pause) 511M->511M(512M) 12.490ms
[332.795s][info][gc,cpu         ] GC(1218) User=0.09s Sys=0.02s Real=0.02s
[332.795s][info][gc             ] GC(1213) Concurrent Cycle 3237.199ms
[332.796s][info][gc,start       ] GC(1219) Pause Full (Allocation Failure)
[332.797s][info][gc,phases,start] GC(1219) Phase 1: Mark live objects
[334.142s][info][gc,stringtable ] GC(1219) Cleaned string and symbol table, strings: 7343 processed, 0 removed, symbols: 48820 processed, 0 removed
[334.143s][info][gc,phases      ] GC(1219) Phase 1: Mark live objects 1346.022ms
[334.143s][info][gc,phases,start] GC(1219) Phase 2: Prepare for compaction
[334.260s][info][gc,phases      ] GC(1219) Phase 2: Prepare for compaction 117.139ms
[334.260s][info][gc,phases,start] GC(1219) Phase 3: Adjust pointers and remembered sets
[334.657s][info][gc,phases      ] GC(1219) Phase 3: Adjust pointers and remembered sets 396.610ms
[334.657s][info][gc,phases,start] GC(1219) Phase 4: Compact heap
[334.829s][info][gc,phases      ] GC(1219) Phase 4: Compact heap 172.191ms
[334.833s][info][gc,heap        ] GC(1219) Eden regions: 0->0(25)
[334.833s][info][gc,heap        ] GC(1219) Survivor regions: 0->0(4)
[334.833s][info][gc,heap        ] GC(1219) Old regions: 440->440
[334.833s][info][gc,heap        ] GC(1219) Humongous regions: 72->72
[334.833s][info][gc,metaspace   ] GC(1219) Metaspace: 14753K->14753K(31744K)
[334.833s][info][gc             ] GC(1219) Pause Full (Allocation Failure) 511M->511M(512M) 2037.177ms
[334.834s][info][gc,cpu         ] GC(1219) User=14.45s Sys=0.17s Real=2.04s
[334.835s][info][gc,start       ] GC(1220) Pause Full (Allocation Failure)
[334.835s][info][gc,phases,start] GC(1220) Phase 1: Mark live objects
[336.208s][info][gc,stringtable ] GC(1220) Cleaned string and symbol table, strings: 7343 processed, 0 removed, symbols: 48820 processed, 0 removed
[336.208s][info][gc,phases      ] GC(1220) Phase 1: Mark live objects 1372.498ms
[336.208s][info][gc,phases,start] GC(1220) Phase 2: Prepare for compaction
[336.324s][info][gc,phases      ] GC(1220) Phase 2: Prepare for compaction 116.060ms
[336.324s][info][gc,phases,start] GC(1220) Phase 3: Adjust pointers and remembered sets
[336.748s][info][gc,phases      ] GC(1220) Phase 3: Adjust pointers and remembered sets 424.123ms
[336.748s][info][gc,phases,start] GC(1220) Phase 4: Compact heap
[336.989s][info][gc,phases      ] GC(1220) Phase 4: Compact heap 240.822ms
[336.992s][info][gc,heap        ] GC(1220) Eden regions: 0->0(25)
[336.992s][info][gc,heap        ] GC(1220) Survivor regions: 0->0(4)
[336.992s][info][gc,heap        ] GC(1220) Old regions: 440->440
[336.992s][info][gc,heap        ] GC(1220) Humongous regions: 72->72
[336.992s][info][gc,metaspace   ] GC(1220) Metaspace: 14753K->14753K(31744K)
[336.992s][info][gc             ] GC(1220) Pause Full (Allocation Failure) 511M->511M(512M) 2157.660ms
[336.994s][info][gc,cpu         ] GC(1220) User=15.16s Sys=0.16s Real=2.15s
[336.994s][info][gc,start       ] GC(1221) Pause Initial Mark (G1 Evacuation Pause)
[336.994s][info][gc,task        ] GC(1221) Using 8 workers of 8 for evacuation
[336.999s][info][gc,phases      ] GC(1221)   Pre Evacuate Collection Set: 0.1ms
[336.999s][info][gc,phases      ] GC(1221)   Evacuate Collection Set: 1.6ms
[336.999s][info][gc,phases      ] GC(1221)   Post Evacuate Collection Set: 0.3ms
[337.000s][info][gc,phases      ] GC(1221)   Other: 3.0ms
[337.000s][info][gc,heap        ] GC(1221) Eden regions: 0->0(25)
[337.000s][info][gc,heap        ] GC(1221) Survivor regions: 0->0(4)
[337.000s][info][gc,heap        ] GC(1221) Old regions: 440->440
[337.000s][info][gc,heap        ] GC(1221) Humongous regions: 72->72
[337.000s][info][gc,metaspace   ] GC(1221) Metaspace: 14753K->14753K(31744K)
[337.000s][info][gc             ] GC(1221) Pause Initial Mark (G1 Evacuation Pause) 511M->511M(512M) 5.379ms
[337.000s][info][gc,cpu         ] GC(1221) User=0.00s Sys=0.02s Real=0.02s
[337.000s][info][gc             ] GC(1222) Concurrent Cycle
[337.000s][info][gc,marking     ] GC(1222) Concurrent Clear Claimed Marks
[337.000s][info][gc,marking     ] GC(1222) Concurrent Clear Claimed Marks 0.061ms
[337.000s][info][gc,marking     ] GC(1222) Concurrent Scan Root Regions
[337.000s][info][gc,marking     ] GC(1222) Concurrent Scan Root Regions 0.046ms
[337.000s][info][gc,start       ] GC(1223) Pause Young (G1 Evacuation Pause)
[337.000s][info][gc,marking     ] GC(1222) Concurrent Mark (337.000s)
[337.000s][info][gc,task        ] GC(1223) Using 8 workers of 8 for evacuation
[337.000s][info][gc,marking     ] GC(1222) Concurrent Mark From Roots
[337.001s][info][gc,task        ] GC(1222) Using 2 workers of 2 for marking
[337.007s][info][gc,phases      ] GC(1223)   Pre Evacuate Collection Set: 0.0ms
[337.008s][info][gc,phases      ] GC(1223)   Evacuate Collection Set: 6.4ms
[337.008s][info][gc,phases      ] GC(1223)   Post Evacuate Collection Set: 0.4ms
[337.008s][info][gc,phases      ] GC(1223)   Other: 0.5ms
[337.008s][info][gc,heap        ] GC(1223) Eden regions: 0->0(25)
[337.008s][info][gc,heap        ] GC(1223) Survivor regions: 0->0(4)
[337.008s][info][gc,heap        ] GC(1223) Old regions: 440->440
[337.008s][info][gc,heap        ] GC(1223) Humongous regions: 72->72
[337.008s][info][gc,metaspace   ] GC(1223) Metaspace: 14753K->14753K(31744K)
[337.008s][info][gc             ] GC(1223) Pause Young (G1 Evacuation Pause) 511M->511M(512M) 7.586ms
[337.008s][info][gc,cpu         ] GC(1223) User=0.00s Sys=0.00s Real=0.00s
[337.009s][info][gc,start       ] GC(1224) Pause Full (Allocation Failure)
[337.011s][info][gc,phases,start] GC(1224) Phase 1: Mark live objects
[337.028s][info][gc,stringtable ] GC(1224) Cleaned string and symbol table, strings: 7343 processed, 0 removed, symbols: 48820 processed, 0 removed
[337.028s][info][gc,phases      ] GC(1224) Phase 1: Mark live objects 17.585ms
[337.028s][info][gc,phases,start] GC(1224) Phase 2: Prepare for compaction
[337.032s][info][gc,phases      ] GC(1224) Phase 2: Prepare for compaction 3.004ms
[337.032s][info][gc,phases,start] GC(1224) Phase 3: Adjust pointers and remembered sets
[337.040s][info][gc,phases      ] GC(1224) Phase 3: Adjust pointers and remembered sets 8.429ms
[337.040s][info][gc,phases,start] GC(1224) Phase 4: Compact heap
[337.048s][info][gc,phases      ] GC(1224) Phase 4: Compact heap 7.878ms
[337.053s][info][gc,heap        ] GC(1224) Eden regions: 0->0(259)
[337.053s][info][gc,heap        ] GC(1224) Survivor regions: 0->0(4)
[337.053s][info][gc,heap        ] GC(1224) Old regions: 440->15
[337.053s][info][gc,heap        ] GC(1224) Humongous regions: 72->0
[337.053s][info][gc,metaspace   ] GC(1224) Metaspace: 14753K->14753K(31744K)
[337.053s][info][gc             ] GC(1224) Pause Full (Allocation Failure) 511M->9M(512M) 44.667ms
[337.054s][info][gc,cpu         ] GC(1224) User=0.13s Sys=0.00s Real=0.03s
[337.055s][info][gc,marking     ] GC(1222) Concurrent Mark From Roots 54.603ms
[337.055s][info][gc,marking     ] GC(1222) Concurrent Mark Abort
[337.055s][info][gc             ] GC(1222) Concurrent Cycle 55.221ms
[337.075s][info][gc,heap,exit   ] Heap
[337.076s][info][gc,heap,exit   ]  garbage-first heap   total 524288K, used 12115K [0x00000000e0000000, 0x0000000100000000)
[337.076s][info][gc,heap,exit   ]   region size 1024K, 3 young (3072K), 0 survivors (0K)
[337.076s][info][gc,heap,exit   ]  Metaspace       used 14851K, capacity 15384K, committed 15744K, reserved 31744K
[337.076s][info][gc,heap,exit   ]   class space    used 1402K, capacity 1547K, committed 1664K, reserved 17408K
