[0.102s][info][gc] Using Parallel
[0.102s][info][gc,heap,coops] Heap address: 0x00000000e0000000, size: 512 MB, Compressed Oops mode: 32-bit
[1.648s][info][gc,start     ] GC(0) Pause Young (Allocation Failure)
[2.043s][info][gc,heap      ] GC(0) PSYoungGen: 131584K->21483K(153088K)
[2.044s][info][gc,heap      ] GC(0) ParOldGen: 0K->94768K(349696K)
[2.044s][info][gc,metaspace ] GC(0) Metaspace: 10507K->10507K(27648K)
[2.044s][info][gc           ] GC(0) Pause Young (Allocation Failure) 128M->113M(491M) 396.101ms
[2.044s][info][gc,cpu       ] GC(0) User=1.55s Sys=0.55s Real=0.39s
[2.188s][info][gc,start     ] GC(1) Pause Young (Allocation Failure)
[2.564s][info][gc,heap      ] GC(1) PSYoungGen: 153067K->21489K(153088K)
[2.564s][info][gc,heap      ] GC(1) ParOldGen: 94768K->173404K(349696K)
[2.564s][info][gc,metaspace ] GC(1) Metaspace: 10508K->10508K(27648K)
[2.564s][info][gc           ] GC(1) Pause Young (Allocation Failure) 242M->190M(491M) 376.536ms
[2.564s][info][gc,cpu       ] GC(1) User=1.92s Sys=0.36s Real=0.37s
[2.636s][info][gc,start     ] GC(2) Pause Young (Allocation Failure)
[2.997s][info][gc,heap      ] GC(2) PSYoungGen: 153073K->21504K(153088K)
[2.997s][info][gc,heap      ] GC(2) ParOldGen: 173404K->243709K(349696K)
[2.997s][info][gc,metaspace ] GC(2) Metaspace: 10508K->10508K(27648K)
[2.997s][info][gc           ] GC(2) Pause Young (Allocation Failure) 318M->258M(491M) 361.418ms
[2.998s][info][gc,cpu       ] GC(2) User=1.42s Sys=0.44s Real=0.36s
[3.105s][info][gc,start     ] GC(3) Pause Young (Allocation Failure)
[4.220s][info][gc,promotion ] Promotion failed
[4.220s][info][gc,heap      ] GC(3) PSYoungGen: 153088K->153088K(153088K)
[4.220s][info][gc,heap      ] GC(3) ParOldGen: 243709K->349692K(349696K)
[4.220s][info][gc,metaspace ] GC(3) Metaspace: 10508K->10508K(27648K)
[4.220s][info][gc           ] GC(3) Pause Young (Allocation Failure) 387M->490M(491M) 1115.423ms
[4.220s][info][gc,cpu       ] GC(3) User=4.33s Sys=0.42s Real=1.13s
[4.221s][info][gc,start     ] GC(4) Pause Full (Ergonomics)
[4.221s][info][gc,phases,start] GC(4) Marking Phase
[4.415s][info][gc,phases      ] GC(4) Marking Phase 193.600ms
[4.415s][info][gc,phases,start] GC(4) Summary Phase
[4.415s][info][gc,phases      ] GC(4) Summary Phase 0.130ms
[4.415s][info][gc,phases,start] GC(4) Adjust Roots
[4.420s][info][gc,phases      ] GC(4) Adjust Roots 5.208ms
[4.420s][info][gc,phases,start] GC(4) Compaction Phase
[4.734s][info][gc,phases      ] GC(4) Compaction Phase 314.271ms
[4.735s][info][gc,phases,start] GC(4) Post Compact
[4.767s][info][gc,phases      ] GC(4) Post Compact 32.754ms
[4.770s][info][gc,heap        ] GC(4) PSYoungGen: 153088K->0K(153088K)
[4.770s][info][gc,heap        ] GC(4) ParOldGen: 349692K->81214K(333312K)
[4.770s][info][gc,metaspace   ] GC(4) Metaspace: 10508K->10508K(27648K)
[4.771s][info][gc             ] GC(4) Pause Full (Ergonomics) 490M->79M(475M) 549.820ms
[4.771s][info][gc,cpu         ] GC(4) User=1.77s Sys=0.02s Real=0.55s
[4.893s][info][gc,start       ] GC(5) Pause Young (Allocation Failure)
[5.433s][info][gc,heap        ] GC(5) PSYoungGen: 131584K->21477K(153088K)
[5.433s][info][gc,heap        ] GC(5) ParOldGen: 81214K->191750K(333312K)
[5.433s][info][gc,metaspace   ] GC(5) Metaspace: 10508K->10508K(27648K)
[5.434s][info][gc             ] GC(5) Pause Young (Allocation Failure) 207M->208M(475M) 541.024ms
[5.435s][info][gc,cpu         ] GC(5) User=2.50s Sys=0.03s Real=0.54s
[5.531s][info][gc,start       ] GC(6) Pause Young (Allocation Failure)
[5.684s][info][gc,heap        ] GC(6) PSYoungGen: 153061K->21484K(80384K)
[5.684s][info][gc,heap        ] GC(6) ParOldGen: 191750K->220686K(333312K)
[5.684s][info][gc,metaspace   ] GC(6) Metaspace: 10508K->10508K(27648K)
[5.684s][info][gc             ] GC(6) Pause Young (Allocation Failure) 336M->236M(404M) 152.967ms
[5.684s][info][gc,cpu         ] GC(6) User=0.59s Sys=0.00s Real=0.15s
[5.685s][info][gc,start       ] GC(7) Pause Full (Ergonomics)
[5.685s][info][gc,phases,start] GC(7) Marking Phase
[5.787s][info][gc,phases      ] GC(7) Marking Phase 102.551ms
[5.788s][info][gc,phases,start] GC(7) Summary Phase
[5.788s][info][gc,phases      ] GC(7) Summary Phase 0.117ms
[5.788s][info][gc,phases,start] GC(7) Adjust Roots
[5.791s][info][gc,phases      ] GC(7) Adjust Roots 2.800ms
[5.791s][info][gc,phases,start] GC(7) Compaction Phase
[5.907s][info][gc,phases      ] GC(7) Compaction Phase 115.809ms
[5.907s][info][gc,phases,start] GC(7) Post Compact
[5.911s][info][gc,phases      ] GC(7) Post Compact 4.403ms
[5.912s][info][gc,heap        ] GC(7) PSYoungGen: 21484K->0K(116736K)
[5.912s][info][gc,heap        ] GC(7) ParOldGen: 220686K->51924K(349696K)
[5.912s][info][gc,metaspace   ] GC(7) Metaspace: 10508K->10508K(27648K)
[5.912s][info][gc             ] GC(7) Pause Full (Ergonomics) 236M->50M(455M) 227.199ms
[5.912s][info][gc,cpu         ] GC(7) User=0.69s Sys=0.00s Real=0.22s
[5.954s][info][gc,start       ] GC(8) Pause Young (Allocation Failure)
[6.508s][info][gc,heap        ] GC(8) PSYoungGen: 58880K->57856K(116736K)
[6.508s][info][gc,heap        ] GC(8) ParOldGen: 51924K->53052K(349696K)
[6.508s][info][gc,metaspace   ] GC(8) Metaspace: 10508K->10508K(27648K)
[6.508s][info][gc             ] GC(8) Pause Young (Allocation Failure) 108M->108M(455M) 554.182ms
[6.508s][info][gc,cpu         ] GC(8) User=3.64s Sys=0.02s Real=0.56s
[6.529s][info][gc,start       ] GC(9) Pause Young (Allocation Failure)
[7.716s][info][gc,heap        ] GC(9) PSYoungGen: 100136K->57856K(116736K)
[7.716s][info][gc,heap        ] GC(9) ParOldGen: 53052K->94828K(349696K)
[7.716s][info][gc,metaspace   ] GC(9) Metaspace: 10508K->10508K(27648K)
[7.716s][info][gc             ] GC(9) Pause Young (Allocation Failure) 149M->149M(455M) 1187.261ms
[7.716s][info][gc,cpu         ] GC(9) User=8.22s Sys=0.00s Real=1.18s
[7.753s][info][gc,start       ] GC(10) Pause Young (Allocation Failure)
[8.466s][info][gc,heap        ] GC(10) PSYoungGen: 116736K->57843K(116736K)
[8.466s][info][gc,heap        ] GC(10) ParOldGen: 94828K->153932K(349696K)
[8.466s][info][gc,metaspace   ] GC(10) Metaspace: 10508K->10508K(27648K)
[8.466s][info][gc             ] GC(10) Pause Young (Allocation Failure) 206M->206M(455M) 713.007ms
[8.466s][info][gc,cpu         ] GC(10) User=4.92s Sys=0.03s Real=0.72s
[8.503s][info][gc,start       ] GC(11) Pause Young (Allocation Failure)
[8.706s][info][gc,heap        ] GC(11) PSYoungGen: 116723K->57843K(116736K)
[8.706s][info][gc,heap        ] GC(11) ParOldGen: 153932K->213036K(349696K)
[8.706s][info][gc,metaspace   ] GC(11) Metaspace: 10508K->10508K(27648K)
[8.706s][info][gc             ] GC(11) Pause Young (Allocation Failure) 264M->264M(455M) 203.781ms
[8.706s][info][gc,cpu         ] GC(11) User=1.52s Sys=0.00s Real=0.20s
[8.726s][info][gc,start       ] GC(12) Pause Young (Allocation Failure)
[8.806s][info][gc,heap        ] GC(12) PSYoungGen: 116723K->23577K(116736K)
[8.806s][info][gc,heap        ] GC(12) ParOldGen: 213036K->213036K(349696K)
[8.806s][info][gc,metaspace   ] GC(12) Metaspace: 10508K->10508K(27648K)
[8.806s][info][gc             ] GC(12) Pause Young (Allocation Failure) 322M->231M(455M) 80.084ms
[8.806s][info][gc,cpu         ] GC(12) User=0.61s Sys=0.00s Real=0.08s
[8.829s][info][gc,start       ] GC(13) Pause Young (Allocation Failure)
[9.026s][info][gc,heap        ] GC(13) PSYoungGen: 82457K->57856K(116736K)
[9.026s][info][gc,heap        ] GC(13) ParOldGen: 213036K->237534K(349696K)
[9.026s][info][gc,metaspace   ] GC(13) Metaspace: 10508K->10508K(27648K)
[9.026s][info][gc             ] GC(13) Pause Young (Allocation Failure) 288M->288M(455M) 196.997ms
[9.026s][info][gc,cpu         ] GC(13) User=1.23s Sys=0.00s Real=0.20s
[9.026s][info][gc,start       ] GC(14) Pause Full (Ergonomics)
[9.026s][info][gc,phases,start] GC(14) Marking Phase
[9.191s][info][gc,phases      ] GC(14) Marking Phase 164.545ms
[9.191s][info][gc,phases,start] GC(14) Summary Phase
[9.191s][info][gc,phases      ] GC(14) Summary Phase 0.073ms
[9.191s][info][gc,phases,start] GC(14) Adjust Roots
[9.194s][info][gc,phases      ] GC(14) Adjust Roots 3.401ms
[9.195s][info][gc,phases,start] GC(14) Compaction Phase
[9.421s][info][gc,phases      ] GC(14) Compaction Phase 226.024ms
[9.421s][info][gc,phases,start] GC(14) Post Compact
[9.426s][info][gc,phases      ] GC(14) Post Compact 4.980ms
[9.426s][info][gc,heap        ] GC(14) PSYoungGen: 57856K->0K(116736K)
[9.426s][info][gc,heap        ] GC(14) ParOldGen: 237534K->84097K(349696K)
[9.426s][info][gc,metaspace   ] GC(14) Metaspace: 10508K->10508K(27648K)
[9.426s][info][gc             ] GC(14) Pause Full (Ergonomics) 288M->82M(455M) 399.974ms
[9.426s][info][gc,cpu         ] GC(14) User=1.61s Sys=0.02s Real=0.40s
[9.450s][info][gc,start       ] GC(15) Pause Young (Allocation Failure)
[10.020s][info][gc,heap        ] GC(15) PSYoungGen: 58880K->57856K(116736K)
[10.020s][info][gc,heap        ] GC(15) ParOldGen: 84097K->85265K(349696K)
[10.020s][info][gc,metaspace   ] GC(15) Metaspace: 10508K->10508K(27648K)
[10.020s][info][gc             ] GC(15) Pause Young (Allocation Failure) 139M->139M(455M) 570.136ms
[10.021s][info][gc,cpu         ] GC(15) User=3.52s Sys=0.06s Real=0.57s
[10.045s][info][gc,start       ] GC(16) Pause Young (Allocation Failure)
[10.775s][info][gc,heap        ] GC(16) PSYoungGen: 116736K->57824K(116736K)
[10.776s][info][gc,heap        ] GC(16) ParOldGen: 85265K->144377K(349696K)
[10.776s][info][gc,metaspace   ] GC(16) Metaspace: 10508K->10508K(27648K)
[10.776s][info][gc             ] GC(16) Pause Young (Allocation Failure) 197M->197M(455M) 731.025ms
[10.776s][info][gc,cpu         ] GC(16) User=4.38s Sys=0.03s Real=0.74s
[10.859s][info][gc,start       ] GC(17) Pause Young (Allocation Failure)
[11.125s][info][gc,heap        ] GC(17) PSYoungGen: 116704K->57856K(116736K)
[11.125s][info][gc,heap        ] GC(17) ParOldGen: 144377K->203273K(349696K)
[11.125s][info][gc,metaspace   ] GC(17) Metaspace: 10508K->10508K(27648K)
[11.126s][info][gc             ] GC(17) Pause Young (Allocation Failure) 254M->255M(455M) 266.547ms
[11.126s][info][gc,cpu         ] GC(17) User=1.73s Sys=0.00s Real=0.25s
[11.160s][info][gc,start       ] GC(18) Pause Young (Allocation Failure)
[12.320s][info][gc,heap        ] GC(18) PSYoungGen: 114316K->55840K(116736K)
[12.320s][info][gc,heap        ] GC(18) ParOldGen: 203273K->261329K(349696K)
[12.320s][info][gc,metaspace   ] GC(18) Metaspace: 10508K->10508K(27648K)
[12.320s][info][gc             ] GC(18) Pause Young (Allocation Failure) 310M->309M(455M) 1159.988ms
[12.320s][info][gc,cpu         ] GC(18) User=6.34s Sys=0.08s Real=1.17s
[12.320s][info][gc,start       ] GC(19) Pause Full (Ergonomics)
[12.320s][info][gc,phases,start] GC(19) Marking Phase
[12.337s][info][gc,phases      ] GC(19) Marking Phase 16.843ms
[12.337s][info][gc,phases,start] GC(19) Summary Phase
[12.337s][info][gc,phases      ] GC(19) Summary Phase 0.113ms
[12.337s][info][gc,phases,start] GC(19) Adjust Roots
[12.339s][info][gc,phases      ] GC(19) Adjust Roots 1.461ms
[12.339s][info][gc,phases,start] GC(19) Compaction Phase
[12.341s][info][gc,phases      ] GC(19) Compaction Phase 2.486ms
[12.341s][info][gc,phases,start] GC(19) Post Compact
[12.351s][info][gc,phases      ] GC(19) Post Compact 9.965ms
[12.353s][info][gc,heap        ] GC(19) PSYoungGen: 55840K->0K(116736K)
[12.353s][info][gc,heap        ] GC(19) ParOldGen: 261329K->2048K(323072K)
[12.353s][info][gc,metaspace   ] GC(19) Metaspace: 10508K->10508K(27648K)
[12.354s][info][gc             ] GC(19) Pause Full (Ergonomics) 309M->2M(429M) 33.390ms
[12.354s][info][gc,cpu         ] GC(19) User=0.08s Sys=0.00s Real=0.03s
[12.388s][info][gc,start       ] GC(20) Pause Young (Allocation Failure)
[12.523s][info][gc,heap        ] GC(20) PSYoungGen: 58880K->57830K(116736K)
[12.523s][info][gc,heap        ] GC(20) ParOldGen: 2048K->3176K(323072K)
[12.523s][info][gc,metaspace   ] GC(20) Metaspace: 10508K->10508K(27648K)
[12.524s][info][gc             ] GC(20) Pause Young (Allocation Failure) 59M->59M(429M) 135.816ms
[12.524s][info][gc,cpu         ] GC(20) User=0.86s Sys=0.00s Real=0.14s
[12.551s][info][gc,start       ] GC(21) Pause Young (Allocation Failure)
[12.796s][info][gc,heap        ] GC(21) PSYoungGen: 116710K->57856K(116736K)
[12.796s][info][gc,heap        ] GC(21) ParOldGen: 3176K->62166K(323072K)
[12.796s][info][gc,metaspace   ] GC(21) Metaspace: 10508K->10508K(27648K)
[12.796s][info][gc             ] GC(21) Pause Young (Allocation Failure) 117M->117M(429M) 245.451ms
[12.796s][info][gc,cpu         ] GC(21) User=1.53s Sys=0.00s Real=0.25s
[12.819s][info][gc,start       ] GC(22) Pause Young (Allocation Failure)
[13.739s][info][gc,heap        ] GC(22) PSYoungGen: 102433K->43776K(116736K)
[13.739s][info][gc,heap        ] GC(22) ParOldGen: 62166K->120222K(323072K)
[13.739s][info][gc,metaspace   ] GC(22) Metaspace: 10508K->10508K(27648K)
[13.739s][info][gc             ] GC(22) Pause Young (Allocation Failure) 160M->160M(429M) 920.222ms
[13.739s][info][gc,cpu         ] GC(22) User=5.72s Sys=0.09s Real=0.93s
[13.764s][info][gc,start       ] GC(23) Pause Young (Allocation Failure)
[14.204s][info][gc,heap        ] GC(23) PSYoungGen: 102656K->57837K(116736K)
[14.204s][info][gc,heap        ] GC(23) ParOldGen: 120222K->165110K(323072K)
[14.204s][info][gc,metaspace   ] GC(23) Metaspace: 10508K->10508K(27648K)
[14.204s][info][gc             ] GC(23) Pause Young (Allocation Failure) 217M->217M(429M) 440.068ms
[14.205s][info][gc,cpu         ] GC(23) User=2.52s Sys=0.02s Real=0.45s
[14.232s][info][gc,start       ] GC(24) Pause Young (Allocation Failure)
[14.564s][info][gc,heap        ] GC(24) PSYoungGen: 116717K->57856K(116736K)
[14.564s][info][gc,heap        ] GC(24) ParOldGen: 165110K->224132K(323072K)
[14.564s][info][gc,metaspace   ] GC(24) Metaspace: 10508K->10508K(27648K)
[14.565s][info][gc             ] GC(24) Pause Young (Allocation Failure) 275M->275M(429M) 332.191ms
[14.565s][info][gc,cpu         ] GC(24) User=2.16s Sys=0.00s Real=0.35s
[14.565s][info][gc,start       ] GC(25) Pause Full (Ergonomics)
[14.565s][info][gc,phases,start] GC(25) Marking Phase
[14.917s][info][gc,phases      ] GC(25) Marking Phase 351.611ms
[14.918s][info][gc,phases,start] GC(25) Summary Phase
[14.918s][info][gc,phases      ] GC(25) Summary Phase 0.160ms
[14.918s][info][gc,phases,start] GC(25) Adjust Roots
[14.920s][info][gc,phases      ] GC(25) Adjust Roots 1.707ms
[14.920s][info][gc,phases,start] GC(25) Compaction Phase
[15.270s][info][gc,phases      ] GC(25) Compaction Phase 350.093ms
[15.270s][info][gc,phases,start] GC(25) Post Compact
[15.276s][info][gc,phases      ] GC(25) Post Compact 6.010ms
[15.276s][info][gc,heap        ] GC(25) PSYoungGen: 57856K->0K(116736K)
[15.276s][info][gc,heap        ] GC(25) ParOldGen: 224132K->119531K(349696K)
[15.277s][info][gc,metaspace   ] GC(25) Metaspace: 10508K->10508K(27648K)
[15.277s][info][gc             ] GC(25) Pause Full (Ergonomics) 275M->116M(455M) 711.764ms
[15.277s][info][gc,cpu         ] GC(25) User=3.22s Sys=0.00s Real=0.70s
[15.314s][info][gc,start       ] GC(26) Pause Young (Allocation Failure)
[15.831s][info][gc,heap        ] GC(26) PSYoungGen: 46855K->46496K(116736K)
[15.831s][info][gc,heap        ] GC(26) ParOldGen: 119531K->119531K(349696K)
[15.831s][info][gc,metaspace   ] GC(26) Metaspace: 10508K->10508K(27648K)
[15.831s][info][gc             ] GC(26) Pause Young (Allocation Failure) 162M->162M(455M) 517.622ms
[15.831s][info][gc,cpu         ] GC(26) User=3.05s Sys=0.05s Real=0.52s
[15.869s][info][gc,start       ] GC(27) Pause Young (Allocation Failure)
[16.350s][info][gc,heap        ] GC(27) PSYoungGen: 105376K->57844K(116736K)
[16.351s][info][gc,heap        ] GC(27) ParOldGen: 119531K->167195K(349696K)
[16.351s][info][gc,metaspace   ] GC(27) Metaspace: 10508K->10508K(27648K)
[16.351s][info][gc             ] GC(27) Pause Young (Allocation Failure) 219M->219M(455M) 481.741ms
[16.351s][info][gc,cpu         ] GC(27) User=2.55s Sys=0.06s Real=0.48s
[16.385s][info][gc,start       ] GC(28) Pause Young (Allocation Failure)
[16.610s][info][gc,heap        ] GC(28) PSYoungGen: 116724K->57856K(116736K)
[16.610s][info][gc,heap        ] GC(28) ParOldGen: 167195K->226191K(349696K)
[16.610s][info][gc,metaspace   ] GC(28) Metaspace: 10508K->10508K(27648K)
[16.610s][info][gc             ] GC(28) Pause Young (Allocation Failure) 277M->277M(455M) 225.829ms
[16.610s][info][gc,cpu         ] GC(28) User=1.56s Sys=0.00s Real=0.24s
[16.635s][info][gc,start       ] GC(29) Pause Young (Allocation Failure)
[17.638s][info][gc,heap        ] GC(29) PSYoungGen: 107043K->49312K(116736K)
[17.638s][info][gc,heap        ] GC(29) ParOldGen: 226191K->284255K(349696K)
[17.638s][info][gc,metaspace   ] GC(29) Metaspace: 10508K->10508K(27648K)
[17.638s][info][gc             ] GC(29) Pause Young (Allocation Failure) 325M->325M(455M) 1003.414ms
[17.638s][info][gc,cpu         ] GC(29) User=5.88s Sys=0.16s Real=1.00s
[17.639s][info][gc,start       ] GC(30) Pause Full (Ergonomics)
[17.639s][info][gc,phases,start] GC(30) Marking Phase
[17.655s][info][gc,phases      ] GC(30) Marking Phase 16.296ms
[17.655s][info][gc,phases,start] GC(30) Summary Phase
[17.655s][info][gc,phases      ] GC(30) Summary Phase 0.068ms
[17.655s][info][gc,phases,start] GC(30) Adjust Roots
[17.657s][info][gc,phases      ] GC(30) Adjust Roots 1.393ms
[17.657s][info][gc,phases,start] GC(30) Compaction Phase
[17.666s][info][gc,phases      ] GC(30) Compaction Phase 8.824ms
[17.666s][info][gc,phases,start] GC(30) Post Compact
[17.675s][info][gc,phases      ] GC(30) Post Compact 9.791ms
[17.676s][info][gc,heap        ] GC(30) PSYoungGen: 49312K->0K(116736K)
[17.676s][info][gc,heap        ] GC(30) ParOldGen: 284255K->2048K(331264K)
[17.676s][info][gc,metaspace   ] GC(30) Metaspace: 10508K->10508K(27648K)
[17.676s][info][gc             ] GC(30) Pause Full (Ergonomics) 325M->2M(437M) 37.419ms
[17.676s][info][gc,cpu         ] GC(30) User=0.03s Sys=0.00s Real=0.04s
[17.697s][info][gc,start       ] GC(31) Pause Young (Allocation Failure)
[17.863s][info][gc,heap        ] GC(31) PSYoungGen: 58880K->57850K(116736K)
[17.863s][info][gc,heap        ] GC(31) ParOldGen: 2048K->3128K(331264K)
[17.863s][info][gc,metaspace   ] GC(31) Metaspace: 10508K->10508K(27648K)
[17.863s][info][gc             ] GC(31) Pause Young (Allocation Failure) 59M->59M(437M) 166.052ms
[17.863s][info][gc,cpu         ] GC(31) User=1.06s Sys=0.05s Real=0.17s
[17.889s][info][gc,start       ] GC(32) Pause Young (Allocation Failure)
[18.102s][info][gc,heap        ] GC(32) PSYoungGen: 116730K->57856K(116736K)
[18.102s][info][gc,heap        ] GC(32) ParOldGen: 3128K->62154K(331264K)
[18.111s][info][gc,metaspace   ] GC(32) Metaspace: 10508K->10508K(27648K)
[18.111s][info][gc             ] GC(32) Pause Young (Allocation Failure) 117M->117M(437M) 222.495ms
[18.111s][info][gc,cpu         ] GC(32) User=1.47s Sys=0.06s Real=0.22s
[18.140s][info][gc,start       ] GC(33) Pause Young (Allocation Failure)
[19.033s][info][gc,heap        ] GC(33) PSYoungGen: 110558K->52032K(116736K)
[19.033s][info][gc,heap        ] GC(33) ParOldGen: 62154K->120210K(331264K)
[19.033s][info][gc,metaspace   ] GC(33) Metaspace: 10508K->10508K(27648K)
[19.033s][info][gc             ] GC(33) Pause Young (Allocation Failure) 168M->168M(437M) 893.318ms
[19.033s][info][gc,cpu         ] GC(33) User=5.08s Sys=0.00s Real=0.90s
[19.058s][info][gc,start       ] GC(34) Pause Young (Allocation Failure)
[19.507s][info][gc,heap        ] GC(34) PSYoungGen: 110912K->57825K(116736K)
[19.507s][info][gc,heap        ] GC(34) ParOldGen: 120210K->172282K(331264K)
[19.507s][info][gc,metaspace   ] GC(34) Metaspace: 10533K->10533K(27648K)
[19.507s][info][gc             ] GC(34) Pause Young (Allocation Failure) 225M->224M(437M) 448.706ms
[19.507s][info][gc,cpu         ] GC(34) User=2.84s Sys=0.03s Real=0.45s
[19.537s][info][gc,start       ] GC(35) Pause Young (Allocation Failure)
[19.826s][info][gc,heap        ] GC(35) PSYoungGen: 116705K->57856K(116736K)
[19.826s][info][gc,heap        ] GC(35) ParOldGen: 172282K->230140K(331264K)
[19.826s][info][gc,metaspace   ] GC(35) Metaspace: 10859K->10859K(27648K)
[19.826s][info][gc             ] GC(35) Pause Young (Allocation Failure) 282M->281M(437M) 289.091ms
[19.826s][info][gc,cpu         ] GC(35) User=1.97s Sys=0.00s Real=0.29s
[19.854s][info][gc,start       ] GC(36) Pause Young (Allocation Failure)
[21.157s][info][gc,heap        ] GC(36) PSYoungGen: 116209K->57088K(116736K)
[21.157s][info][gc,heap        ] GC(36) ParOldGen: 230140K->288076K(331264K)
[21.157s][info][gc,metaspace   ] GC(36) Metaspace: 11033K->11033K(27648K)
[21.157s][info][gc             ] GC(36) Pause Young (Allocation Failure) 338M->337M(437M) 1302.659ms
[21.157s][info][gc,cpu         ] GC(36) User=8.69s Sys=0.08s Real=1.31s
[21.157s][info][gc,start       ] GC(37) Pause Full (Ergonomics)
[21.157s][info][gc,phases,start] GC(37) Marking Phase
[21.188s][info][gc,phases      ] GC(37) Marking Phase 31.166ms
[21.189s][info][gc,phases,start] GC(37) Summary Phase
[21.189s][info][gc,phases      ] GC(37) Summary Phase 0.110ms
[21.189s][info][gc,phases,start] GC(37) Adjust Roots
[21.190s][info][gc,phases      ] GC(37) Adjust Roots 1.707ms
[21.190s][info][gc,phases,start] GC(37) Compaction Phase
[21.202s][info][gc,phases      ] GC(37) Compaction Phase 11.664ms
[21.202s][info][gc,phases,start] GC(37) Post Compact
[21.213s][info][gc,phases      ] GC(37) Post Compact 11.087ms
[21.214s][info][gc,heap        ] GC(37) PSYoungGen: 57088K->0K(116736K)
[21.214s][info][gc,heap        ] GC(37) ParOldGen: 288076K->2115K(338432K)
[21.214s][info][gc,metaspace   ] GC(37) Metaspace: 11033K->11033K(27648K)
[21.214s][info][gc             ] GC(37) Pause Full (Ergonomics) 337M->2M(444M) 56.865ms
[21.214s][info][gc,cpu         ] GC(37) User=0.28s Sys=0.00s Real=0.05s
[21.243s][info][gc,start       ] GC(38) Pause Young (Allocation Failure)
[21.390s][info][gc,heap        ] GC(38) PSYoungGen: 58880K->57832K(116736K)
[21.390s][info][gc,heap        ] GC(38) ParOldGen: 2115K->3011K(338432K)
[21.390s][info][gc,metaspace   ] GC(38) Metaspace: 11185K->11185K(29696K)
[21.390s][info][gc             ] GC(38) Pause Young (Allocation Failure) 59M->59M(444M) 147.110ms
[21.391s][info][gc,cpu         ] GC(38) User=1.05s Sys=0.00s Real=0.14s
[21.421s][info][gc,start       ] GC(39) Pause Young (Allocation Failure)
[21.718s][info][gc,heap        ] GC(39) PSYoungGen: 116712K->57856K(116736K)
[21.719s][info][gc,heap        ] GC(39) ParOldGen: 3011K->61891K(338432K)
[21.719s][info][gc,metaspace   ] GC(39) Metaspace: 11242K->11242K(29696K)
[21.719s][info][gc             ] GC(39) Pause Young (Allocation Failure) 116M->116M(444M) 298.304ms
[21.719s][info][gc,cpu         ] GC(39) User=1.98s Sys=0.02s Real=0.29s
[21.749s][info][gc,start       ] GC(40) Pause Young (Allocation Failure)
[22.855s][info][gc,heap        ] GC(40) PSYoungGen: 116116K->57856K(116736K)
[22.855s][info][gc,heap        ] GC(40) ParOldGen: 61891K->119955K(338432K)
[22.855s][info][gc,metaspace   ] GC(40) Metaspace: 11242K->11242K(29696K)
[22.855s][info][gc             ] GC(40) Pause Young (Allocation Failure) 173M->173M(444M) 1106.009ms
[22.855s][info][gc,cpu         ] GC(40) User=7.67s Sys=0.05s Real=1.11s
[22.875s][info][gc,start       ] GC(41) Pause Young (Allocation Failure)
[23.481s][info][gc,heap        ] GC(41) PSYoungGen: 116736K->57838K(116736K)
[23.481s][info][gc,heap        ] GC(41) ParOldGen: 119955K->178843K(338432K)
[23.481s][info][gc,metaspace   ] GC(41) Metaspace: 11246K->11246K(29696K)
[23.481s][info][gc             ] GC(41) Pause Young (Allocation Failure) 231M->231M(444M) 606.453ms
[23.482s][info][gc,cpu         ] GC(41) User=3.91s Sys=0.02s Real=0.61s
[23.522s][info][gc,start       ] GC(42) Pause Young (Allocation Failure)
[23.845s][info][gc,heap        ] GC(42) PSYoungGen: 116718K->57856K(116736K)
[23.845s][info][gc,heap        ] GC(42) ParOldGen: 178843K->237297K(338432K)
[23.845s][info][gc,metaspace   ] GC(42) Metaspace: 11487K->11487K(29696K)
[23.845s][info][gc             ] GC(42) Pause Young (Allocation Failure) 288M->288M(444M) 322.708ms
[23.845s][info][gc,cpu         ] GC(42) User=2.23s Sys=0.02s Real=0.32s
[23.879s][info][gc,start       ] GC(43) Pause Young (Allocation Failure)
[25.321s][info][gc,heap        ] GC(43) PSYoungGen: 116736K->57856K(116736K)
[25.321s][info][gc,heap        ] GC(43) ParOldGen: 237297K->296177K(338432K)
[25.321s][info][gc,metaspace   ] GC(43) Metaspace: 11694K->11694K(29696K)
[25.321s][info][gc             ] GC(43) Pause Young (Allocation Failure) 345M->345M(444M) 1442.255ms
[25.321s][info][gc,cpu         ] GC(43) User=10.09s Sys=0.11s Real=1.45s
[25.321s][info][gc,start       ] GC(44) Pause Full (Ergonomics)
[25.321s][info][gc,phases,start] GC(44) Marking Phase
[25.729s][info][gc,phases      ] GC(44) Marking Phase 407.339ms
[25.729s][info][gc,phases,start] GC(44) Summary Phase
[25.729s][info][gc,phases      ] GC(44) Summary Phase 0.110ms
[25.729s][info][gc,phases,start] GC(44) Adjust Roots
[25.733s][info][gc,phases      ] GC(44) Adjust Roots 4.129ms
[25.733s][info][gc,phases,start] GC(44) Compaction Phase
[26.721s][info][gc,phases      ] GC(44) Compaction Phase 987.560ms
[26.721s][info][gc,phases,start] GC(44) Post Compact
[26.728s][info][gc,phases      ] GC(44) Post Compact 6.716ms
[26.728s][info][gc,heap        ] GC(44) PSYoungGen: 57856K->0K(116736K)
[26.728s][info][gc,heap        ] GC(44) ParOldGen: 296177K->177460K(349696K)
[26.728s][info][gc,metaspace   ] GC(44) Metaspace: 11694K->11694K(29696K)
[26.728s][info][gc             ] GC(44) Pause Full (Ergonomics) 345M->173M(455M) 1406.852ms
[26.728s][info][gc,cpu         ] GC(44) User=4.67s Sys=0.00s Real=1.40s
[26.761s][info][gc,start       ] GC(45) Pause Young (Allocation Failure)
[26.890s][info][gc,heap        ] GC(45) PSYoungGen: 58880K->57845K(116736K)
[26.890s][info][gc,heap        ] GC(45) ParOldGen: 177460K->177668K(349696K)
[26.890s][info][gc,metaspace   ] GC(45) Metaspace: 11995K->11995K(29696K)
[26.890s][info][gc             ] GC(45) Pause Young (Allocation Failure) 230M->229M(455M) 128.620ms
[26.890s][info][gc,cpu         ] GC(45) User=0.98s Sys=0.00s Real=0.13s
[26.915s][info][gc,start       ] GC(46) Pause Young (Allocation Failure)
[27.198s][info][gc,heap        ] GC(46) PSYoungGen: 116725K->57856K(116736K)
[27.198s][info][gc,heap        ] GC(46) ParOldGen: 177668K->236529K(349696K)
[27.198s][info][gc,metaspace   ] GC(46) Metaspace: 12262K->12262K(29696K)
[27.198s][info][gc             ] GC(46) Pause Young (Allocation Failure) 287M->287M(455M) 282.950ms
[27.198s][info][gc,cpu         ] GC(46) User=2.22s Sys=0.00s Real=0.29s
[27.226s][info][gc,start       ] GC(47) Pause Young (Allocation Failure)
[28.737s][info][gc,heap        ] GC(47) PSYoungGen: 116736K->57856K(116736K)
[28.737s][info][gc,heap        ] GC(47) ParOldGen: 236529K->295569K(349696K)
[28.737s][info][gc,metaspace   ] GC(47) Metaspace: 12455K->12455K(29696K)
[28.737s][info][gc             ] GC(47) Pause Young (Allocation Failure) 344M->345M(455M) 1511.554ms
[28.737s][info][gc,cpu         ] GC(47) User=10.95s Sys=0.08s Real=1.52s
[28.738s][info][gc,start       ] GC(48) Pause Full (Ergonomics)
[28.738s][info][gc,phases,start] GC(48) Marking Phase
[29.166s][info][gc,phases      ] GC(48) Marking Phase 427.970ms
[29.166s][info][gc,phases,start] GC(48) Summary Phase
[29.166s][info][gc,phases      ] GC(48) Summary Phase 0.069ms
[29.166s][info][gc,phases,start] GC(48) Adjust Roots
[29.169s][info][gc,phases      ] GC(48) Adjust Roots 3.190ms
[29.169s][info][gc,phases,start] GC(48) Compaction Phase
[30.239s][info][gc,phases      ] GC(48) Compaction Phase 1070.019ms
[30.240s][info][gc,phases,start] GC(48) Post Compact
[30.247s][info][gc,phases      ] GC(48) Post Compact 7.143ms
[30.247s][info][gc,heap        ] GC(48) PSYoungGen: 57856K->0K(116736K)
[30.247s][info][gc,heap        ] GC(48) ParOldGen: 295569K->175142K(349696K)
[30.247s][info][gc,metaspace   ] GC(48) Metaspace: 12455K->12455K(29696K)
[30.247s][info][gc             ] GC(48) Pause Full (Ergonomics) 345M->171M(455M) 1509.579ms
[30.247s][info][gc,cpu         ] GC(48) User=4.56s Sys=0.00s Real=1.51s
[30.301s][info][gc,start       ] GC(49) Pause Young (Allocation Failure)
[30.432s][info][gc,heap        ] GC(49) PSYoungGen: 58880K->57851K(116736K)
[30.432s][info][gc,heap        ] GC(49) ParOldGen: 175142K->175934K(349696K)
[30.432s][info][gc,metaspace   ] GC(49) Metaspace: 12455K->12455K(29696K)
[30.432s][info][gc             ] GC(49) Pause Young (Allocation Failure) 228M->228M(455M) 130.473ms
[30.432s][info][gc,cpu         ] GC(49) User=0.98s Sys=0.03s Real=0.14s
[30.463s][info][gc,start       ] GC(50) Pause Young (Allocation Failure)
[30.706s][info][gc,heap        ] GC(50) PSYoungGen: 116731K->57856K(116736K)
[30.706s][info][gc,heap        ] GC(50) ParOldGen: 175934K->234954K(349696K)
[30.706s][info][gc,metaspace   ] GC(50) Metaspace: 12455K->12455K(29696K)
[30.706s][info][gc             ] GC(50) Pause Young (Allocation Failure) 285M->285M(455M) 242.980ms
[30.706s][info][gc,cpu         ] GC(50) User=1.80s Sys=0.00s Real=0.24s
[30.734s][info][gc,start       ] GC(51) Pause Young (Allocation Failure)
[31.820s][info][gc,heap        ] GC(51) PSYoungGen: 116736K->57856K(116736K)
[31.820s][info][gc,heap        ] GC(51) ParOldGen: 234954K->293346K(349696K)
[31.820s][info][gc,metaspace   ] GC(51) Metaspace: 12472K->12472K(29696K)
[31.820s][info][gc             ] GC(51) Pause Young (Allocation Failure) 343M->342M(455M) 1085.749ms
[31.820s][info][gc,cpu         ] GC(51) User=6.67s Sys=0.11s Real=1.08s
[31.820s][info][gc,start       ] GC(52) Pause Full (Ergonomics)
[31.820s][info][gc,phases,start] GC(52) Marking Phase
[32.181s][info][gc,phases      ] GC(52) Marking Phase 361.472ms
[32.182s][info][gc,phases,start] GC(52) Summary Phase
[32.182s][info][gc,phases      ] GC(52) Summary Phase 0.091ms
[32.182s][info][gc,phases,start] GC(52) Adjust Roots
[32.185s][info][gc,phases      ] GC(52) Adjust Roots 3.641ms
[32.186s][info][gc,phases,start] GC(52) Compaction Phase
[33.142s][info][gc,phases      ] GC(52) Compaction Phase 956.529ms
[33.142s][info][gc,phases,start] GC(52) Post Compact
[33.148s][info][gc,phases      ] GC(52) Post Compact 5.452ms
[33.148s][info][gc,heap        ] GC(52) PSYoungGen: 57856K->0K(116736K)
[33.148s][info][gc,heap        ] GC(52) ParOldGen: 293346K->170142K(349696K)
[33.148s][info][gc,metaspace   ] GC(52) Metaspace: 12472K->12472K(29696K)
[33.148s][info][gc             ] GC(52) Pause Full (Ergonomics) 342M->166M(455M) 1328.131ms
[33.148s][info][gc,cpu         ] GC(52) User=4.14s Sys=0.00s Real=1.32s
[33.183s][info][gc,start       ] GC(53) Pause Young (Allocation Failure)
[33.359s][info][gc,heap        ] GC(53) PSYoungGen: 58880K->57826K(116736K)
[33.359s][info][gc,heap        ] GC(53) ParOldGen: 170142K->170742K(349696K)
[33.359s][info][gc,metaspace   ] GC(53) Metaspace: 12542K->12542K(29696K)
[33.359s][info][gc             ] GC(53) Pause Young (Allocation Failure) 223M->223M(455M) 175.652ms
[33.359s][info][gc,cpu         ] GC(53) User=1.36s Sys=0.00s Real=0.19s
[33.392s][info][gc,start       ] GC(54) Pause Young (Allocation Failure)
[33.593s][info][gc,heap        ] GC(54) PSYoungGen: 116706K->57856K(116736K)
[33.593s][info][gc,heap        ] GC(54) ParOldGen: 170742K->229393K(349696K)
[33.593s][info][gc,metaspace   ] GC(54) Metaspace: 12727K->12727K(29696K)
[33.593s][info][gc             ] GC(54) Pause Young (Allocation Failure) 280M->280M(455M) 200.777ms
[33.593s][info][gc,cpu         ] GC(54) User=1.45s Sys=0.02s Real=0.20s
[33.642s][info][gc,start       ] GC(55) Pause Young (Allocation Failure)
[34.721s][info][gc,heap        ] GC(55) PSYoungGen: 116736K->57856K(116736K)
[34.721s][info][gc,heap        ] GC(55) ParOldGen: 229393K->288369K(349696K)
[34.721s][info][gc,metaspace   ] GC(55) Metaspace: 12865K->12865K(29696K)
[34.721s][info][gc             ] GC(55) Pause Young (Allocation Failure) 338M->338M(455M) 1079.762ms
[34.721s][info][gc,cpu         ] GC(55) User=7.45s Sys=0.06s Real=1.08s
[34.722s][info][gc,start       ] GC(56) Pause Full (Ergonomics)
[34.722s][info][gc,phases,start] GC(56) Marking Phase
[35.091s][info][gc,phases      ] GC(56) Marking Phase 369.396ms
[35.091s][info][gc,phases,start] GC(56) Summary Phase
[35.091s][info][gc,phases      ] GC(56) Summary Phase 0.068ms
[35.091s][info][gc,phases,start] GC(56) Adjust Roots
[35.094s][info][gc,phases      ] GC(56) Adjust Roots 2.360ms
[35.094s][info][gc,phases,start] GC(56) Compaction Phase
[36.068s][info][gc,phases      ] GC(56) Compaction Phase 974.272ms
[36.068s][info][gc,phases,start] GC(56) Post Compact
[36.071s][info][gc,phases      ] GC(56) Post Compact 2.524ms
[36.071s][info][gc,heap        ] GC(56) PSYoungGen: 57856K->0K(116736K)
[36.071s][info][gc,heap        ] GC(56) ParOldGen: 288369K->162471K(349696K)
[36.071s][info][gc,metaspace   ] GC(56) Metaspace: 12865K->12865K(29696K)
[36.071s][info][gc             ] GC(56) Pause Full (Ergonomics) 338M->158M(455M) 1349.315ms
[36.071s][info][gc,cpu         ] GC(56) User=4.33s Sys=0.00s Real=1.34s
[36.095s][info][gc,start       ] GC(57) Pause Young (Allocation Failure)
[36.347s][info][gc,heap        ] GC(57) PSYoungGen: 58880K->57833K(116736K)
[36.347s][info][gc,heap        ] GC(57) ParOldGen: 162471K->163103K(349696K)
[36.347s][info][gc,metaspace   ] GC(57) Metaspace: 12925K->12925K(29696K)
[36.348s][info][gc             ] GC(57) Pause Young (Allocation Failure) 216M->215M(455M) 252.286ms
[36.348s][info][gc,cpu         ] GC(57) User=1.33s Sys=0.02s Real=0.25s
[36.379s][info][gc,start       ] GC(58) Pause Young (Allocation Failure)
[36.592s][info][gc,heap        ] GC(58) PSYoungGen: 116713K->57856K(116736K)
[36.593s][info][gc,heap        ] GC(58) ParOldGen: 163103K->222008K(349696K)
[36.593s][info][gc,metaspace   ] GC(58) Metaspace: 12925K->12925K(29696K)
[36.593s][info][gc             ] GC(58) Pause Young (Allocation Failure) 273M->273M(455M) 213.530ms
[36.593s][info][gc,cpu         ] GC(58) User=1.61s Sys=0.02s Real=0.22s
[36.618s][info][gc,start       ] GC(59) Pause Young (Allocation Failure)
[37.784s][info][gc,heap        ] GC(59) PSYoungGen: 116736K->57856K(116736K)
[37.784s][info][gc,heap        ] GC(59) ParOldGen: 222008K->281248K(349696K)
[37.784s][info][gc,metaspace   ] GC(59) Metaspace: 12925K->12925K(29696K)
[37.784s][info][gc             ] GC(59) Pause Young (Allocation Failure) 330M->331M(455M) 1166.596ms
[37.785s][info][gc,cpu         ] GC(59) User=7.47s Sys=0.13s Real=1.15s
[37.785s][info][gc,start       ] GC(60) Pause Full (Ergonomics)
[37.785s][info][gc,phases,start] GC(60) Marking Phase
[38.120s][info][gc,phases      ] GC(60) Marking Phase 335.100ms
[38.120s][info][gc,phases,start] GC(60) Summary Phase
[38.120s][info][gc,phases      ] GC(60) Summary Phase 0.080ms
[38.120s][info][gc,phases,start] GC(60) Adjust Roots
[38.124s][info][gc,phases      ] GC(60) Adjust Roots 3.536ms
[38.124s][info][gc,phases,start] GC(60) Compaction Phase
[39.280s][info][gc,phases      ] GC(60) Compaction Phase 1155.968ms
[39.280s][info][gc,phases,start] GC(60) Post Compact
[39.286s][info][gc,phases      ] GC(60) Post Compact 6.537ms
[39.287s][info][gc,heap        ] GC(60) PSYoungGen: 57856K->0K(116736K)
[39.287s][info][gc,heap        ] GC(60) ParOldGen: 281248K->152520K(349696K)
[39.287s][info][gc,metaspace   ] GC(60) Metaspace: 12925K->12925K(29696K)
[39.287s][info][gc             ] GC(60) Pause Full (Ergonomics) 331M->148M(455M) 1502.062ms
[39.287s][info][gc,cpu         ] GC(60) User=4.02s Sys=0.02s Real=1.51s
[39.413s][info][gc,start       ] GC(61) Pause Young (Allocation Failure)
[39.782s][info][gc,heap        ] GC(61) PSYoungGen: 40939K->39104K(116736K)
[39.783s][info][gc,heap        ] GC(61) ParOldGen: 152520K->152528K(349696K)
[39.783s][info][gc,metaspace   ] GC(61) Metaspace: 13185K->13185K(29696K)
[39.783s][info][gc             ] GC(61) Pause Young (Allocation Failure) 188M->187M(455M) 370.271ms
[39.783s][info][gc,cpu         ] GC(61) User=1.70s Sys=0.11s Real=0.37s
[39.846s][info][gc,start       ] GC(62) Pause Young (Allocation Failure)
[40.262s][info][gc,heap        ] GC(62) PSYoungGen: 97984K->57839K(116736K)
[40.262s][info][gc,heap        ] GC(62) ParOldGen: 152528K->192328K(349696K)
[40.262s][info][gc,metaspace   ] GC(62) Metaspace: 13226K->13226K(29696K)
[40.262s][info][gc             ] GC(62) Pause Young (Allocation Failure) 244M->244M(455M) 415.955ms
[40.262s][info][gc,cpu         ] GC(62) User=1.94s Sys=0.03s Real=0.45s
[40.317s][info][gc,start       ] GC(63) Pause Young (Allocation Failure)
[40.705s][info][gc,heap        ] GC(63) PSYoungGen: 116719K->57856K(116736K)
[40.705s][info][gc,heap        ] GC(63) ParOldGen: 192328K->251176K(349696K)
[40.705s][info][gc,metaspace   ] GC(63) Metaspace: 13327K->13327K(29696K)
[40.706s][info][gc             ] GC(63) Pause Young (Allocation Failure) 301M->301M(455M) 388.435ms
[40.706s][info][gc,cpu         ] GC(63) User=2.16s Sys=0.02s Real=0.40s
[40.706s][info][gc,start       ] GC(64) Pause Full (Ergonomics)
[40.706s][info][gc,phases,start] GC(64) Marking Phase
[41.005s][info][gc,phases      ] GC(64) Marking Phase 298.957ms
[41.006s][info][gc,phases,start] GC(64) Summary Phase
[41.006s][info][gc,phases      ] GC(64) Summary Phase 0.087ms
[41.006s][info][gc,phases,start] GC(64) Adjust Roots
[41.009s][info][gc,phases      ] GC(64) Adjust Roots 3.153ms
[41.009s][info][gc,phases,start] GC(64) Compaction Phase
[41.370s][info][gc,phases      ] GC(64) Compaction Phase 360.891ms
[41.370s][info][gc,phases,start] GC(64) Post Compact
[41.376s][info][gc,phases      ] GC(64) Post Compact 5.463ms
[41.376s][info][gc,heap        ] GC(64) PSYoungGen: 57856K->0K(116736K)
[41.376s][info][gc,heap        ] GC(64) ParOldGen: 251176K->119905K(349696K)
[41.376s][info][gc,metaspace   ] GC(64) Metaspace: 13327K->13327K(29696K)
[41.376s][info][gc             ] GC(64) Pause Full (Ergonomics) 301M->117M(455M) 669.812ms
[41.376s][info][gc,cpu         ] GC(64) User=2.67s Sys=0.08s Real=0.66s
[41.423s][info][gc,start       ] GC(65) Pause Young (Allocation Failure)
[41.899s][info][gc,heap        ] GC(65) PSYoungGen: 58880K->57856K(116736K)
[41.899s][info][gc,heap        ] GC(65) ParOldGen: 119905K->121009K(349696K)
[41.900s][info][gc,metaspace   ] GC(65) Metaspace: 13400K->13400K(31744K)
[41.900s][info][gc             ] GC(65) Pause Young (Allocation Failure) 174M->174M(455M) 476.576ms
[41.900s][info][gc,cpu         ] GC(65) User=3.33s Sys=0.03s Real=0.48s
[41.937s][info][gc,start       ] GC(66) Pause Young (Allocation Failure)
[42.716s][info][gc,heap        ] GC(66) PSYoungGen: 116736K->57846K(116736K)
[42.716s][info][gc,heap        ] GC(66) ParOldGen: 121009K->179913K(349696K)
[42.717s][info][gc,metaspace   ] GC(66) Metaspace: 13446K->13446K(31744K)
[42.717s][info][gc             ] GC(66) Pause Young (Allocation Failure) 232M->232M(455M) 779.883ms
[42.717s][info][gc,cpu         ] GC(66) User=4.59s Sys=0.08s Real=0.78s
[42.764s][info][gc,start       ] GC(67) Pause Young (Allocation Failure)
[43.088s][info][gc,heap        ] GC(67) PSYoungGen: 116726K->57856K(116736K)
[43.089s][info][gc,heap        ] GC(67) ParOldGen: 179913K->238599K(349696K)
[43.089s][info][gc,metaspace   ] GC(67) Metaspace: 13446K->13446K(31744K)
[43.089s][info][gc             ] GC(67) Pause Young (Allocation Failure) 289M->289M(455M) 324.926ms
[43.089s][info][gc,cpu         ] GC(67) User=1.94s Sys=0.02s Real=0.32s
[43.131s][info][gc,start       ] GC(68) Pause Young (Allocation Failure)
[44.027s][info][gc,heap        ] GC(68) PSYoungGen: 116736K->57856K(116736K)
[44.027s][info][gc,heap        ] GC(68) ParOldGen: 238599K->297663K(349696K)
[44.027s][info][gc,metaspace   ] GC(68) Metaspace: 13536K->13536K(31744K)
[44.027s][info][gc             ] GC(68) Pause Young (Allocation Failure) 347M->347M(455M) 895.817ms
[44.027s][info][gc,cpu         ] GC(68) User=5.84s Sys=0.05s Real=0.90s
[44.027s][info][gc,start       ] GC(69) Pause Full (Ergonomics)
[44.027s][info][gc,phases,start] GC(69) Marking Phase
[44.440s][info][gc,phases      ] GC(69) Marking Phase 412.426ms
[44.440s][info][gc,phases,start] GC(69) Summary Phase
[44.440s][info][gc,phases      ] GC(69) Summary Phase 0.099ms
[44.440s][info][gc,phases,start] GC(69) Adjust Roots
[44.443s][info][gc,phases      ] GC(69) Adjust Roots 3.264ms
[44.443s][info][gc,phases,start] GC(69) Compaction Phase
[45.262s][info][gc,phases      ] GC(69) Compaction Phase 818.177ms
[45.262s][info][gc,phases,start] GC(69) Post Compact
[45.267s][info][gc,phases      ] GC(69) Post Compact 5.745ms
[45.267s][info][gc,heap        ] GC(69) PSYoungGen: 57856K->0K(116736K)
[45.268s][info][gc,heap        ] GC(69) ParOldGen: 297663K->163232K(349696K)
[45.268s][info][gc,metaspace   ] GC(69) Metaspace: 13536K->13536K(31744K)
[45.268s][info][gc             ] GC(69) Pause Full (Ergonomics) 347M->159M(455M) 1240.449ms
[45.268s][info][gc,cpu         ] GC(69) User=4.34s Sys=0.03s Real=1.24s
[45.291s][info][gc,start       ] GC(70) Pause Young (Allocation Failure)
[45.615s][info][gc,heap        ] GC(70) PSYoungGen: 34725K->34080K(116736K)
[45.615s][info][gc,heap        ] GC(70) ParOldGen: 163232K->163232K(349696K)
[45.615s][info][gc,metaspace   ] GC(70) Metaspace: 13690K->13690K(31744K)
[45.615s][info][gc             ] GC(70) Pause Young (Allocation Failure) 193M->192M(455M) 324.190ms
[45.615s][info][gc,cpu         ] GC(70) User=2.31s Sys=0.05s Real=0.33s
[45.658s][info][gc,start       ] GC(71) Pause Young (Allocation Failure)
[45.928s][info][gc,heap        ] GC(71) PSYoungGen: 92960K->57277K(116736K)
[45.928s][info][gc,heap        ] GC(71) ParOldGen: 163232K->197320K(349696K)
[45.928s][info][gc,metaspace   ] GC(71) Metaspace: 13877K->13877K(31744K)
[45.928s][info][gc             ] GC(71) Pause Young (Allocation Failure) 250M->248M(455M) 269.711ms
[45.928s][info][gc,cpu         ] GC(71) User=1.69s Sys=0.06s Real=0.27s
[46.001s][info][gc,start       ] GC(72) Pause Young (Allocation Failure)
[46.257s][info][gc,heap        ] GC(72) PSYoungGen: 116157K->57248K(116736K)
[46.261s][info][gc,heap        ] GC(72) ParOldGen: 197320K->254573K(349696K)
[46.261s][info][gc,metaspace   ] GC(72) Metaspace: 14149K->14149K(31744K)
[46.262s][info][gc             ] GC(72) Pause Young (Allocation Failure) 306M->304M(455M) 260.631ms
[46.262s][info][gc,cpu         ] GC(72) User=1.84s Sys=0.00s Real=0.26s
[46.262s][info][gc,start       ] GC(73) Pause Full (Ergonomics)
[46.262s][info][gc,phases,start] GC(73) Marking Phase
[46.499s][info][gc,phases      ] GC(73) Marking Phase 237.051ms
[46.499s][info][gc,phases,start] GC(73) Summary Phase
[46.499s][info][gc,phases      ] GC(73) Summary Phase 0.058ms
[46.499s][info][gc,phases,start] GC(73) Adjust Roots
[46.502s][info][gc,phases      ] GC(73) Adjust Roots 3.223ms
[46.502s][info][gc,phases,start] GC(73) Compaction Phase
[46.824s][info][gc,phases      ] GC(73) Compaction Phase 321.554ms
[46.824s][info][gc,phases,start] GC(73) Post Compact
[46.828s][info][gc,phases      ] GC(73) Post Compact 4.099ms
[46.828s][info][gc,heap        ] GC(73) PSYoungGen: 57248K->0K(116736K)
[46.828s][info][gc,heap        ] GC(73) ParOldGen: 254573K->117180K(349696K)
[46.828s][info][gc,metaspace   ] GC(73) Metaspace: 14149K->14149K(31744K)
[46.829s][info][gc             ] GC(73) Pause Full (Ergonomics) 304M->114M(455M) 566.729ms
[46.829s][info][gc,cpu         ] GC(73) User=2.63s Sys=0.02s Real=0.56s
[46.891s][info][gc,start       ] GC(74) Pause Young (Allocation Failure)
[47.380s][info][gc,heap        ] GC(74) PSYoungGen: 58880K->57856K(116736K)
[47.380s][info][gc,heap        ] GC(74) ParOldGen: 117180K->117292K(349696K)
[47.380s][info][gc,metaspace   ] GC(74) Metaspace: 14217K->14217K(31744K)
[47.381s][info][gc             ] GC(74) Pause Young (Allocation Failure) 171M->171M(455M) 489.424ms
[47.381s][info][gc,cpu         ] GC(74) User=3.03s Sys=0.09s Real=0.50s
[47.414s][info][gc,start       ] GC(75) Pause Young (Allocation Failure)
[48.219s][info][gc,heap        ] GC(75) PSYoungGen: 116736K->57827K(116736K)
[48.220s][info][gc,heap        ] GC(75) ParOldGen: 117292K->175876K(349696K)
[48.220s][info][gc,metaspace   ] GC(75) Metaspace: 14236K->14236K(31744K)
[48.220s][info][gc             ] GC(75) Pause Young (Allocation Failure) 228M->228M(455M) 806.176ms
[48.220s][info][gc,cpu         ] GC(75) User=5.16s Sys=0.13s Real=0.82s
[48.265s][info][gc,start       ] GC(76) Pause Young (Allocation Failure)
[48.556s][info][gc,heap        ] GC(76) PSYoungGen: 116707K->57856K(116736K)
[48.556s][info][gc,heap        ] GC(76) ParOldGen: 175876K->234184K(349696K)
[48.556s][info][gc,metaspace   ] GC(76) Metaspace: 14294K->14294K(31744K)
[48.557s][info][gc             ] GC(76) Pause Young (Allocation Failure) 285M->285M(455M) 291.129ms
[48.557s][info][gc,cpu         ] GC(76) User=1.98s Sys=0.00s Real=0.29s
[48.590s][info][gc,start       ] GC(77) Pause Young (Allocation Failure)
[49.644s][info][gc,heap        ] GC(77) PSYoungGen: 116736K->57856K(116736K)
[49.644s][info][gc,heap        ] GC(77) ParOldGen: 234184K->293128K(349696K)
[49.644s][info][gc,metaspace   ] GC(77) Metaspace: 14311K->14311K(31744K)
[49.645s][info][gc             ] GC(77) Pause Young (Allocation Failure) 342M->342M(455M) 1054.963ms
[49.645s][info][gc,cpu         ] GC(77) User=6.73s Sys=0.03s Real=1.05s
[49.645s][info][gc,start       ] GC(78) Pause Full (Ergonomics)
[49.645s][info][gc,phases,start] GC(78) Marking Phase
[49.979s][info][gc,phases      ] GC(78) Marking Phase 333.579ms
[49.979s][info][gc,phases,start] GC(78) Summary Phase
[49.979s][info][gc,phases      ] GC(78) Summary Phase 0.092ms
[49.979s][info][gc,phases,start] GC(78) Adjust Roots
[49.982s][info][gc,phases      ] GC(78) Adjust Roots 3.197ms
[49.982s][info][gc,phases,start] GC(78) Compaction Phase
[50.936s][info][gc,phases      ] GC(78) Compaction Phase 953.451ms
[50.936s][info][gc,phases,start] GC(78) Post Compact
[50.941s][info][gc,phases      ] GC(78) Post Compact 5.060ms
[50.941s][info][gc,heap        ] GC(78) PSYoungGen: 57856K->0K(116736K)
[50.941s][info][gc,heap        ] GC(78) ParOldGen: 293128K->153296K(349696K)
[50.941s][info][gc,metaspace   ] GC(78) Metaspace: 14311K->14311K(31744K)
[50.941s][info][gc             ] GC(78) Pause Full (Ergonomics) 342M->149M(455M) 1296.142ms
[50.941s][info][gc,cpu         ] GC(78) User=4.08s Sys=0.00s Real=1.30s
[50.967s][info][gc,start       ] GC(79) Pause Young (Allocation Failure)
[51.395s][info][gc,heap        ] GC(79) PSYoungGen: 50346K->49952K(116736K)
[51.395s][info][gc,heap        ] GC(79) ParOldGen: 153296K->153296K(349696K)
[51.395s][info][gc,metaspace   ] GC(79) Metaspace: 14341K->14341K(31744K)
[51.395s][info][gc             ] GC(79) Pause Young (Allocation Failure) 198M->198M(455M) 428.513ms
[51.396s][info][gc,cpu         ] GC(79) User=2.88s Sys=0.08s Real=0.44s
[51.415s][info][gc,start       ] GC(80) Pause Young (Allocation Failure)
[51.866s][info][gc,heap        ] GC(80) PSYoungGen: 108832K->57834K(116736K)
[51.866s][info][gc,heap        ] GC(80) ParOldGen: 153296K->204192K(349696K)
[51.866s][info][gc,metaspace   ] GC(80) Metaspace: 14359K->14359K(31744K)
[51.866s][info][gc             ] GC(80) Pause Young (Allocation Failure) 255M->255M(455M) 451.261ms
[51.866s][info][gc,cpu         ] GC(80) User=2.44s Sys=0.09s Real=0.45s
[51.919s][info][gc,start       ] GC(81) Pause Young (Allocation Failure)
[52.165s][info][gc,heap        ] GC(81) PSYoungGen: 116714K->57856K(116736K)
[52.165s][info][gc,heap        ] GC(81) ParOldGen: 204192K->263210K(349696K)
[52.165s][info][gc,metaspace   ] GC(81) Metaspace: 14368K->14368K(31744K)
[52.166s][info][gc             ] GC(81) Pause Young (Allocation Failure) 313M->313M(455M) 246.349ms
[52.166s][info][gc,cpu         ] GC(81) User=1.72s Sys=0.00s Real=0.25s
[52.166s][info][gc,start       ] GC(82) Pause Full (Ergonomics)
[52.166s][info][gc,phases,start] GC(82) Marking Phase
[52.410s][info][gc,phases      ] GC(82) Marking Phase 244.106ms
[52.410s][info][gc,phases,start] GC(82) Summary Phase
[52.410s][info][gc,phases      ] GC(82) Summary Phase 0.068ms
[52.410s][info][gc,phases,start] GC(82) Adjust Roots
[52.415s][info][gc,phases      ] GC(82) Adjust Roots 4.108ms
[52.415s][info][gc,phases,start] GC(82) Compaction Phase
[52.717s][info][gc,phases      ] GC(82) Compaction Phase 302.350ms
[52.717s][info][gc,phases,start] GC(82) Post Compact
[52.721s][info][gc,phases      ] GC(82) Post Compact 4.121ms
[52.721s][info][gc,heap        ] GC(82) PSYoungGen: 57856K->0K(116736K)
[52.721s][info][gc,heap        ] GC(82) ParOldGen: 263210K->120977K(349696K)
[52.722s][info][gc,metaspace   ] GC(82) Metaspace: 14368K->14368K(31744K)
[52.722s][info][gc             ] GC(82) Pause Full (Ergonomics) 313M->118M(455M) 555.626ms
[52.722s][info][gc,cpu         ] GC(82) User=2.41s Sys=0.03s Real=0.55s
[52.755s][info][gc,start       ] GC(83) Pause Young (Allocation Failure)
[53.160s][info][gc,heap        ] GC(83) PSYoungGen: 58880K->57856K(116736K)
[53.160s][info][gc,heap        ] GC(83) ParOldGen: 120977K->122089K(349696K)
[53.161s][info][gc,metaspace   ] GC(83) Metaspace: 14370K->14370K(31744K)
[53.161s][info][gc             ] GC(83) Pause Young (Allocation Failure) 175M->175M(455M) 405.132ms
[53.161s][info][gc,cpu         ] GC(83) User=2.45s Sys=0.02s Real=0.39s
[53.185s][info][gc,start       ] GC(84) Pause Young (Allocation Failure)
[53.878s][info][gc,heap        ] GC(84) PSYoungGen: 116736K->57840K(116736K)
[53.878s][info][gc,heap        ] GC(84) ParOldGen: 122089K->181169K(349696K)
[53.878s][info][gc,metaspace   ] GC(84) Metaspace: 14370K->14370K(31744K)
[53.878s][info][gc             ] GC(84) Pause Young (Allocation Failure) 233M->233M(455M) 692.920ms
[53.878s][info][gc,cpu         ] GC(84) User=4.78s Sys=0.02s Real=0.71s
[53.904s][info][gc,start       ] GC(85) Pause Young (Allocation Failure)
[54.136s][info][gc,heap        ] GC(85) PSYoungGen: 116720K->57856K(116736K)
[54.136s][info][gc,heap        ] GC(85) ParOldGen: 181169K->240058K(349696K)
[54.136s][info][gc,metaspace   ] GC(85) Metaspace: 14372K->14372K(31744K)
[54.136s][info][gc             ] GC(85) Pause Young (Allocation Failure) 290M->290M(455M) 232.527ms
[54.136s][info][gc,cpu         ] GC(85) User=1.84s Sys=0.00s Real=0.23s
[54.158s][info][gc,start       ] GC(86) Pause Young (Allocation Failure)
[55.311s][info][gc,heap        ] GC(86) PSYoungGen: 116736K->57856K(116736K)
[55.311s][info][gc,heap        ] GC(86) ParOldGen: 240058K->299242K(349696K)
[55.311s][info][gc,metaspace   ] GC(86) Metaspace: 14373K->14373K(31744K)
[55.312s][info][gc             ] GC(86) Pause Young (Allocation Failure) 348M->348M(455M) 1153.586ms
[55.312s][info][gc,cpu         ] GC(86) User=8.20s Sys=0.06s Real=1.16s
[55.312s][info][gc,start       ] GC(87) Pause Full (Ergonomics)
[55.312s][info][gc,phases,start] GC(87) Marking Phase
[55.659s][info][gc,phases      ] GC(87) Marking Phase 347.569ms
[55.660s][info][gc,phases,start] GC(87) Summary Phase
[55.660s][info][gc,phases      ] GC(87) Summary Phase 0.081ms
[55.660s][info][gc,phases,start] GC(87) Adjust Roots
[55.664s][info][gc,phases      ] GC(87) Adjust Roots 3.846ms
[55.664s][info][gc,phases,start] GC(87) Compaction Phase
[56.520s][info][gc,phases      ] GC(87) Compaction Phase 856.132ms
[56.520s][info][gc,phases,start] GC(87) Post Compact
[56.525s][info][gc,phases      ] GC(87) Post Compact 4.762ms
[56.525s][info][gc,heap        ] GC(87) PSYoungGen: 57856K->0K(116736K)
[56.525s][info][gc,heap        ] GC(87) ParOldGen: 299242K->153923K(349696K)
[56.525s][info][gc,metaspace   ] GC(87) Metaspace: 14373K->14373K(31744K)
[56.525s][info][gc             ] GC(87) Pause Full (Ergonomics) 348M->150M(455M) 1213.411ms
[56.525s][info][gc,cpu         ] GC(87) User=4.20s Sys=0.02s Real=1.23s
[56.589s][info][gc,start       ] GC(88) Pause Young (Allocation Failure)
[57.134s][info][gc,heap        ] GC(88) PSYoungGen: 58880K->57856K(116736K)
[57.134s][info][gc,heap        ] GC(88) ParOldGen: 183611K->184507K(349696K)
[57.134s][info][gc,metaspace   ] GC(88) Metaspace: 14393K->14393K(31744K)
[57.134s][info][gc             ] GC(88) Pause Young (Allocation Failure) 236M->236M(455M) 545.422ms
[57.134s][info][gc,cpu         ] GC(88) User=3.44s Sys=0.05s Real=0.54s
[57.164s][info][gc,start       ] GC(89) Pause Young (Allocation Failure)
[57.860s][info][gc,heap        ] GC(89) PSYoungGen: 116736K->57856K(116736K)
[57.861s][info][gc,heap        ] GC(89) ParOldGen: 184507K->243635K(349696K)
[57.861s][info][gc,metaspace   ] GC(89) Metaspace: 14393K->14393K(31744K)
[57.861s][info][gc             ] GC(89) Pause Young (Allocation Failure) 294M->294M(455M) 696.627ms
[57.861s][info][gc,cpu         ] GC(89) User=4.55s Sys=0.06s Real=0.70s
[57.910s][info][gc,start       ] GC(90) Pause Young (Allocation Failure)
[59.177s][info][gc,heap        ] GC(90) PSYoungGen: 116736K->57856K(116736K)
[59.177s][info][gc,heap        ] GC(90) ParOldGen: 243635K->302651K(349696K)
[59.177s][info][gc,metaspace   ] GC(90) Metaspace: 14393K->14393K(31744K)
[59.178s][info][gc             ] GC(90) Pause Young (Allocation Failure) 351M->352M(455M) 1267.230ms
[59.178s][info][gc,cpu         ] GC(90) User=9.13s Sys=0.02s Real=1.27s
[59.178s][info][gc,start       ] GC(91) Pause Full (Ergonomics)
[59.178s][info][gc,phases,start] GC(91) Marking Phase
[59.566s][info][gc,phases      ] GC(91) Marking Phase 387.769ms
[59.566s][info][gc,phases,start] GC(91) Summary Phase
[59.566s][info][gc,phases      ] GC(91) Summary Phase 0.115ms
[59.566s][info][gc,phases,start] GC(91) Adjust Roots
[59.569s][info][gc,phases      ] GC(91) Adjust Roots 3.367ms
[59.570s][info][gc,phases,start] GC(91) Compaction Phase
[60.471s][info][gc,phases      ] GC(91) Compaction Phase 901.921ms
[60.472s][info][gc,phases,start] GC(91) Post Compact
[60.477s][info][gc,phases      ] GC(91) Post Compact 5.673ms
[60.477s][info][gc,heap        ] GC(91) PSYoungGen: 57856K->0K(116736K)
[60.477s][info][gc,heap        ] GC(91) ParOldGen: 302651K->154854K(349696K)
[60.478s][info][gc,metaspace   ] GC(91) Metaspace: 14393K->14393K(31744K)
[60.478s][info][gc             ] GC(91) Pause Full (Ergonomics) 352M->151M(455M) 1299.696ms
[60.478s][info][gc,cpu         ] GC(91) User=4.33s Sys=0.00s Real=1.29s
[60.523s][info][gc,start       ] GC(92) Pause Young (Allocation Failure)
[60.969s][info][gc,heap        ] GC(92) PSYoungGen: 58880K->57856K(116736K)
[60.969s][info][gc,heap        ] GC(92) ParOldGen: 184932K->185924K(349696K)
[60.969s][info][gc,metaspace   ] GC(92) Metaspace: 14404K->14404K(31744K)
[60.969s][info][gc             ] GC(92) Pause Young (Allocation Failure) 238M->238M(455M) 446.420ms
[60.969s][info][gc,cpu         ] GC(92) User=2.80s Sys=0.02s Real=0.44s
[61.005s][info][gc,start       ] GC(93) Pause Young (Allocation Failure)
[61.721s][info][gc,heap        ] GC(93) PSYoungGen: 116736K->57856K(116736K)
[61.721s][info][gc,heap        ] GC(93) ParOldGen: 185924K->244908K(349696K)
[61.722s][info][gc,metaspace   ] GC(93) Metaspace: 14417K->14417K(31744K)
[61.722s][info][gc             ] GC(93) Pause Young (Allocation Failure) 295M->295M(455M) 717.195ms
[61.722s][info][gc,cpu         ] GC(93) User=4.22s Sys=0.06s Real=0.73s
[61.722s][info][gc,start       ] GC(94) Pause Full (Ergonomics)
[61.722s][info][gc,phases,start] GC(94) Marking Phase
[61.945s][info][gc,phases      ] GC(94) Marking Phase 222.910ms
[61.945s][info][gc,phases,start] GC(94) Summary Phase
[61.945s][info][gc,phases      ] GC(94) Summary Phase 0.106ms
[61.945s][info][gc,phases,start] GC(94) Adjust Roots
[61.949s][info][gc,phases      ] GC(94) Adjust Roots 3.848ms
[61.949s][info][gc,phases,start] GC(94) Compaction Phase
[62.336s][info][gc,phases      ] GC(94) Compaction Phase 386.461ms
[62.336s][info][gc,phases,start] GC(94) Post Compact
[62.341s][info][gc,phases      ] GC(94) Post Compact 5.239ms
[62.341s][info][gc,heap        ] GC(94) PSYoungGen: 57856K->0K(116736K)
[62.342s][info][gc,heap        ] GC(94) ParOldGen: 244908K->94526K(349696K)
[62.342s][info][gc,metaspace   ] GC(94) Metaspace: 14417K->14417K(31744K)
[62.342s][info][gc             ] GC(94) Pause Full (Ergonomics) 295M->92M(455M) 619.499ms
[62.342s][info][gc,cpu         ] GC(94) User=2.45s Sys=0.02s Real=0.61s
[62.402s][info][gc,start       ] GC(95) Pause Young (Allocation Failure)
[63.048s][info][gc,heap        ] GC(95) PSYoungGen: 58880K->57856K(116736K)
[63.048s][info][gc,heap        ] GC(95) ParOldGen: 94526K->95670K(349696K)
[63.048s][info][gc,metaspace   ] GC(95) Metaspace: 14423K->14423K(31744K)
[63.048s][info][gc             ] GC(95) Pause Young (Allocation Failure) 149M->149M(455M) 646.521ms
[63.048s][info][gc,cpu         ] GC(95) User=4.45s Sys=0.03s Real=0.65s
[63.086s][info][gc,start       ] GC(96) Pause Young (Allocation Failure)
[64.731s][info][gc,heap        ] GC(96) PSYoungGen: 116736K->57856K(116736K)
[64.732s][info][gc,heap        ] GC(96) ParOldGen: 95670K->154502K(349696K)
[64.732s][info][gc,metaspace   ] GC(96) Metaspace: 14435K->14435K(31744K)
[64.732s][info][gc             ] GC(96) Pause Young (Allocation Failure) 207M->207M(455M) 1645.824ms
[64.732s][info][gc,cpu         ] GC(96) User=9.95s Sys=0.19s Real=1.66s
[64.766s][info][gc,start       ] GC(97) Pause Young (Allocation Failure)
[65.403s][info][gc,heap        ] GC(97) PSYoungGen: 116736K->57828K(116736K)
[65.403s][info][gc,heap        ] GC(97) ParOldGen: 154502K->213470K(349696K)
[65.403s][info][gc,metaspace   ] GC(97) Metaspace: 14438K->14438K(31744K)
[65.403s][info][gc             ] GC(97) Pause Young (Allocation Failure) 264M->264M(455M) 637.689ms
[65.403s][info][gc,cpu         ] GC(97) User=3.95s Sys=0.05s Real=0.64s
[65.443s][info][gc,start       ] GC(98) Pause Young (Allocation Failure)
[65.723s][info][gc,heap        ] GC(98) PSYoungGen: 116708K->57856K(116736K)
[65.723s][info][gc,heap        ] GC(98) ParOldGen: 213470K->272442K(349696K)
[65.723s][info][gc,metaspace   ] GC(98) Metaspace: 14446K->14446K(31744K)
[65.723s][info][gc             ] GC(98) Pause Young (Allocation Failure) 322M->322M(455M) 280.316ms
[65.723s][info][gc,cpu         ] GC(98) User=2.08s Sys=0.02s Real=0.29s
[65.723s][info][gc,start       ] GC(99) Pause Full (Ergonomics)
[65.723s][info][gc,phases,start] GC(99) Marking Phase
[65.950s][info][gc,phases      ] GC(99) Marking Phase 226.944ms
[65.951s][info][gc,phases,start] GC(99) Summary Phase
[65.951s][info][gc,phases      ] GC(99) Summary Phase 0.073ms
[65.951s][info][gc,phases,start] GC(99) Adjust Roots
[65.955s][info][gc,phases      ] GC(99) Adjust Roots 4.060ms
[65.955s][info][gc,phases,start] GC(99) Compaction Phase
[66.260s][info][gc,phases      ] GC(99) Compaction Phase 304.940ms
[66.260s][info][gc,phases,start] GC(99) Post Compact
[66.267s][info][gc,phases      ] GC(99) Post Compact 6.625ms
[66.267s][info][gc,heap        ] GC(99) PSYoungGen: 57856K->0K(116736K)
[66.267s][info][gc,heap        ] GC(99) ParOldGen: 272442K->118992K(349696K)
[66.267s][info][gc,metaspace   ] GC(99) Metaspace: 14446K->14446K(31744K)
[66.267s][info][gc             ] GC(99) Pause Full (Ergonomics) 322M->116M(455M) 543.493ms
[66.267s][info][gc,cpu         ] GC(99) User=2.28s Sys=0.00s Real=0.54s
[66.304s][info][gc,start       ] GC(100) Pause Young (Allocation Failure)
[66.786s][info][gc,heap        ] GC(100) PSYoungGen: 58880K->57856K(116736K)
[66.786s][info][gc,heap        ] GC(100) ParOldGen: 118992K->120032K(349696K)
[66.786s][info][gc,metaspace   ] GC(100) Metaspace: 14450K->14450K(31744K)
[66.787s][info][gc             ] GC(100) Pause Young (Allocation Failure) 173M->173M(455M) 482.279ms
[66.787s][info][gc,cpu         ] GC(100) User=3.33s Sys=0.05s Real=0.49s
[66.834s][info][gc,start       ] GC(101) Pause Young (Allocation Failure)
[67.913s][info][gc,heap        ] GC(101) PSYoungGen: 116736K->57856K(116736K)
[67.913s][info][gc,heap        ] GC(101) ParOldGen: 150891K->209731K(349696K)
[67.913s][info][gc,metaspace   ] GC(101) Metaspace: 14462K->14462K(31744K)
[67.913s][info][gc             ] GC(101) Pause Young (Allocation Failure) 261M->261M(455M) 1079.072ms
[67.914s][info][gc,cpu         ] GC(101) User=6.95s Sys=0.03s Real=1.08s
[67.970s][info][gc,start       ] GC(102) Pause Young (Allocation Failure)
[68.750s][info][gc,heap        ] GC(102) PSYoungGen: 116736K->57856K(116736K)
[68.750s][info][gc,heap        ] GC(102) ParOldGen: 209731K->268787K(349696K)
[68.751s][info][gc,metaspace   ] GC(102) Metaspace: 14466K->14466K(31744K)
[68.751s][info][gc             ] GC(102) Pause Young (Allocation Failure) 318M->318M(455M) 781.160ms
[68.751s][info][gc,cpu         ] GC(102) User=5.00s Sys=0.06s Real=0.78s
[68.751s][info][gc,start       ] GC(103) Pause Full (Ergonomics)
[68.751s][info][gc,phases,start] GC(103) Marking Phase
[69.039s][info][gc,phases      ] GC(103) Marking Phase 287.702ms
[69.039s][info][gc,phases,start] GC(103) Summary Phase
[69.039s][info][gc,phases      ] GC(103) Summary Phase 0.115ms
[69.039s][info][gc,phases,start] GC(103) Adjust Roots
[69.045s][info][gc,phases      ] GC(103) Adjust Roots 5.152ms
[69.045s][info][gc,phases,start] GC(103) Compaction Phase
[69.549s][info][gc,phases      ] GC(103) Compaction Phase 504.288ms
[69.549s][info][gc,phases,start] GC(103) Post Compact
[69.557s][info][gc,phases      ] GC(103) Post Compact 7.607ms
[69.557s][info][gc,heap        ] GC(103) PSYoungGen: 57856K->0K(116736K)
[69.557s][info][gc,heap        ] GC(103) ParOldGen: 268787K->112670K(349696K)
[69.557s][info][gc,metaspace   ] GC(103) Metaspace: 14466K->14466K(31744K)
[69.558s][info][gc             ] GC(103) Pause Full (Ergonomics) 318M->110M(455M) 806.433ms
[69.558s][info][gc,cpu         ] GC(103) User=2.88s Sys=0.03s Real=0.81s
[69.627s][info][gc,start       ] GC(104) Pause Young (Allocation Failure)
[70.224s][info][gc,heap        ] GC(104) PSYoungGen: 58880K->57856K(116736K)
[70.225s][info][gc,heap        ] GC(104) ParOldGen: 112670K->113830K(349696K)
[70.225s][info][gc,metaspace   ] GC(104) Metaspace: 14467K->14467K(31744K)
[70.225s][info][gc             ] GC(104) Pause Young (Allocation Failure) 167M->167M(455M) 598.117ms
[70.225s][info][gc,cpu         ] GC(104) User=3.73s Sys=0.00s Real=0.61s
[70.278s][info][gc,start       ] GC(105) Pause Young (Allocation Failure)
[71.369s][info][gc,heap        ] GC(105) PSYoungGen: 116736K->57856K(116736K)
[71.370s][info][gc,heap        ] GC(105) ParOldGen: 145080K->204136K(349696K)
[71.370s][info][gc,metaspace   ] GC(105) Metaspace: 14467K->14467K(31744K)
[71.370s][info][gc             ] GC(105) Pause Young (Allocation Failure) 255M->255M(455M) 1092.018ms
[71.370s][info][gc,cpu         ] GC(105) User=6.59s Sys=0.06s Real=1.09s
[71.407s][info][gc,start       ] GC(106) Pause Young (Allocation Failure)
[72.804s][info][gc,heap        ] GC(106) PSYoungGen: 116736K->57856K(116736K)
[72.804s][info][gc,heap        ] GC(106) ParOldGen: 204136K->262384K(349696K)
[72.804s][info][gc,metaspace   ] GC(106) Metaspace: 14484K->14484K(31744K)
[72.804s][info][gc             ] GC(106) Pause Young (Allocation Failure) 313M->312M(455M) 1397.730ms
[72.805s][info][gc,cpu         ] GC(106) User=9.55s Sys=0.06s Real=1.40s
[72.805s][info][gc,start       ] GC(107) Pause Full (Ergonomics)
[72.805s][info][gc,phases,start] GC(107) Marking Phase
[73.029s][info][gc,phases      ] GC(107) Marking Phase 223.757ms
[73.029s][info][gc,phases,start] GC(107) Summary Phase
[73.037s][info][gc,phases      ] GC(107) Summary Phase 8.708ms
[73.038s][info][gc,phases,start] GC(107) Adjust Roots
[73.041s][info][gc,phases      ] GC(107) Adjust Roots 3.578ms
[73.041s][info][gc,phases,start] GC(107) Compaction Phase
[73.608s][info][gc,phases      ] GC(107) Compaction Phase 567.117ms
[73.609s][info][gc,phases,start] GC(107) Post Compact
[73.615s][info][gc,phases      ] GC(107) Post Compact 6.755ms
[73.616s][info][gc,heap        ] GC(107) PSYoungGen: 57856K->0K(116736K)
[73.616s][info][gc,heap        ] GC(107) ParOldGen: 262384K->103506K(349696K)
[73.616s][info][gc,metaspace   ] GC(107) Metaspace: 14484K->14484K(31744K)
[73.616s][info][gc             ] GC(107) Pause Full (Ergonomics) 312M->101M(455M) 811.036ms
[73.616s][info][gc,cpu         ] GC(107) User=2.58s Sys=0.02s Real=0.81s
[73.664s][info][gc,start       ] GC(108) Pause Young (Allocation Failure)
[74.290s][info][gc,heap        ] GC(108) PSYoungGen: 58880K->57856K(116736K)
[74.290s][info][gc,heap        ] GC(108) ParOldGen: 103506K->104562K(349696K)
[74.290s][info][gc,metaspace   ] GC(108) Metaspace: 14491K->14491K(31744K)
[74.290s][info][gc             ] GC(108) Pause Young (Allocation Failure) 158M->158M(455M) 625.590ms
[74.290s][info][gc,cpu         ] GC(108) User=4.13s Sys=0.08s Real=0.63s
[74.323s][info][gc,start       ] GC(109) Pause Young (Allocation Failure)
[75.379s][info][gc,heap        ] GC(109) PSYoungGen: 116736K->57856K(116736K)
[75.379s][info][gc,heap        ] GC(109) ParOldGen: 104562K->163642K(349696K)
[75.380s][info][gc,metaspace   ] GC(109) Metaspace: 14491K->14491K(31744K)
[75.380s][info][gc             ] GC(109) Pause Young (Allocation Failure) 216M->216M(455M) 1056.607ms
[75.380s][info][gc,cpu         ] GC(109) User=5.56s Sys=0.05s Real=1.06s
[75.406s][info][gc,start       ] GC(110) Pause Young (Allocation Failure)
[76.022s][info][gc,heap        ] GC(110) PSYoungGen: 116736K->57848K(116736K)
[76.022s][info][gc,heap        ] GC(110) ParOldGen: 163642K->222546K(349696K)
[76.022s][info][gc,metaspace   ] GC(110) Metaspace: 14494K->14494K(31744K)
[76.022s][info][gc             ] GC(110) Pause Young (Allocation Failure) 273M->273M(455M) 615.627ms
[76.022s][info][gc,cpu         ] GC(110) User=3.45s Sys=0.09s Real=0.62s
[76.086s][info][gc,start       ] GC(111) Pause Young (Allocation Failure)
[76.445s][info][gc,heap        ] GC(111) PSYoungGen: 116728K->57856K(116736K)
[76.447s][info][gc,heap        ] GC(111) ParOldGen: 222546K->281387K(349696K)
[76.447s][info][gc,metaspace   ] GC(111) Metaspace: 14505K->14505K(31744K)
[76.448s][info][gc             ] GC(111) Pause Young (Allocation Failure) 331M->331M(455M) 361.248ms
[76.448s][info][gc,cpu         ] GC(111) User=2.31s Sys=0.00s Real=0.36s
[76.448s][info][gc,start       ] GC(112) Pause Full (Ergonomics)
[76.448s][info][gc,phases,start] GC(112) Marking Phase
[76.679s][info][gc,phases      ] GC(112) Marking Phase 230.756ms
[76.679s][info][gc,phases,start] GC(112) Summary Phase
[76.679s][info][gc,phases      ] GC(112) Summary Phase 0.091ms
[76.679s][info][gc,phases,start] GC(112) Adjust Roots
[76.687s][info][gc,phases      ] GC(112) Adjust Roots 7.449ms
[76.687s][info][gc,phases,start] GC(112) Compaction Phase
[77.023s][info][gc,phases      ] GC(112) Compaction Phase 336.003ms
[77.023s][info][gc,phases,start] GC(112) Post Compact
[77.030s][info][gc,phases      ] GC(112) Post Compact 6.842ms
[77.030s][info][gc,heap        ] GC(112) PSYoungGen: 57856K->0K(116736K)
[77.030s][info][gc,heap        ] GC(112) ParOldGen: 281387K->119281K(349696K)
[77.030s][info][gc,metaspace   ] GC(112) Metaspace: 14505K->14505K(31744K)
[77.030s][info][gc             ] GC(112) Pause Full (Ergonomics) 331M->116M(455M) 582.143ms
[77.030s][info][gc,cpu         ] GC(112) User=2.59s Sys=0.02s Real=0.60s
[77.094s][info][gc,start       ] GC(113) Pause Young (Allocation Failure)
[77.727s][info][gc,heap        ] GC(113) PSYoungGen: 58880K->57856K(116736K)
[77.727s][info][gc,heap        ] GC(113) ParOldGen: 119281K->120417K(349696K)
[77.727s][info][gc,metaspace   ] GC(113) Metaspace: 14506K->14506K(31744K)
[77.727s][info][gc             ] GC(113) Pause Young (Allocation Failure) 173M->174M(455M) 633.739ms
[77.728s][info][gc,cpu         ] GC(113) User=4.45s Sys=0.03s Real=0.65s
[77.804s][info][gc,start       ] GC(114) Pause Young (Allocation Failure)
[78.927s][info][gc,heap        ] GC(114) PSYoungGen: 116736K->57856K(116736K)
[78.927s][info][gc,heap        ] GC(114) ParOldGen: 152448K->211496K(349696K)
[78.927s][info][gc,metaspace   ] GC(114) Metaspace: 14506K->14506K(31744K)
[78.927s][info][gc             ] GC(114) Pause Young (Allocation Failure) 262M->263M(455M) 1123.492ms
[78.928s][info][gc,cpu         ] GC(114) User=7.28s Sys=0.06s Real=1.12s
[78.974s][info][gc,start       ] GC(115) Pause Young (Allocation Failure)
[79.489s][info][gc,heap        ] GC(115) PSYoungGen: 116736K->57856K(116736K)
[79.489s][info][gc,heap        ] GC(115) ParOldGen: 211496K->270424K(349696K)
[79.489s][info][gc,metaspace   ] GC(115) Metaspace: 14532K->14532K(31744K)
[79.489s][info][gc             ] GC(115) Pause Young (Allocation Failure) 320M->320M(455M) 515.167ms
[79.489s][info][gc,cpu         ] GC(115) User=3.09s Sys=0.06s Real=0.51s
[79.489s][info][gc,start       ] GC(116) Pause Full (Ergonomics)
[79.489s][info][gc,phases,start] GC(116) Marking Phase
[79.720s][info][gc,phases      ] GC(116) Marking Phase 230.439ms
[79.720s][info][gc,phases,start] GC(116) Summary Phase
[79.720s][info][gc,phases      ] GC(116) Summary Phase 0.080ms
[79.720s][info][gc,phases,start] GC(116) Adjust Roots
[79.723s][info][gc,phases      ] GC(116) Adjust Roots 3.134ms
[79.723s][info][gc,phases,start] GC(116) Compaction Phase
[80.073s][info][gc,phases      ] GC(116) Compaction Phase 349.593ms
[80.073s][info][gc,phases,start] GC(116) Post Compact
[80.077s][info][gc,phases      ] GC(116) Post Compact 4.611ms
[80.078s][info][gc,heap        ] GC(116) PSYoungGen: 57856K->0K(116736K)
[80.078s][info][gc,heap        ] GC(116) ParOldGen: 270424K->106183K(349696K)
[80.078s][info][gc,metaspace   ] GC(116) Metaspace: 14532K->14532K(31744K)
[80.078s][info][gc             ] GC(116) Pause Full (Ergonomics) 320M->103M(455M) 588.594ms
[80.078s][info][gc,cpu         ] GC(116) User=2.48s Sys=0.00s Real=0.58s
[80.108s][info][gc,start       ] GC(117) Pause Young (Allocation Failure)
[80.811s][info][gc,heap        ] GC(117) PSYoungGen: 58880K->57856K(116736K)
[80.811s][info][gc,heap        ] GC(117) ParOldGen: 106183K->107199K(349696K)
[80.811s][info][gc,metaspace   ] GC(117) Metaspace: 14558K->14558K(31744K)
[80.811s][info][gc             ] GC(117) Pause Young (Allocation Failure) 161M->161M(455M) 703.160ms
[80.811s][info][gc,cpu         ] GC(117) User=4.58s Sys=0.02s Real=0.71s
[80.860s][info][gc,start       ] GC(118) Pause Young (Allocation Failure)
[82.235s][info][gc,heap        ] GC(118) PSYoungGen: 116736K->57856K(116736K)
[82.235s][info][gc,heap        ] GC(118) ParOldGen: 107199K->166263K(349696K)
[82.235s][info][gc,metaspace   ] GC(118) Metaspace: 14559K->14559K(31744K)
[82.235s][info][gc             ] GC(118) Pause Young (Allocation Failure) 218M->218M(455M) 1375.478ms
[82.235s][info][gc,cpu         ] GC(118) User=9.36s Sys=0.16s Real=1.38s
[82.257s][info][gc,start       ] GC(119) Pause Young (Allocation Failure)
[82.883s][info][gc,heap        ] GC(119) PSYoungGen: 116736K->57829K(116736K)
[82.885s][info][gc,heap        ] GC(119) ParOldGen: 166263K->224799K(349696K)
[82.885s][info][gc,metaspace   ] GC(119) Metaspace: 14565K->14565K(31744K)
[82.885s][info][gc             ] GC(119) Pause Young (Allocation Failure) 276M->276M(455M) 627.651ms
[82.885s][info][gc,cpu         ] GC(119) User=4.31s Sys=0.08s Real=0.62s
[82.953s][info][gc,start       ] GC(120) Pause Young (Allocation Failure)
[83.306s][info][gc,heap        ] GC(120) PSYoungGen: 116709K->57856K(116736K)
[83.306s][info][gc,heap        ] GC(120) ParOldGen: 224799K->282853K(349696K)
[83.307s][info][gc,metaspace   ] GC(120) Metaspace: 14677K->14677K(31744K)
[83.307s][info][gc             ] GC(120) Pause Young (Allocation Failure) 333M->332M(455M) 353.511ms
[83.307s][info][gc,cpu         ] GC(120) User=2.17s Sys=0.05s Real=0.35s
[83.307s][info][gc,start       ] GC(121) Pause Full (Ergonomics)
[83.307s][info][gc,phases,start] GC(121) Marking Phase
[83.575s][info][gc,phases      ] GC(121) Marking Phase 268.311ms
[83.575s][info][gc,phases,start] GC(121) Summary Phase
[83.576s][info][gc,phases      ] GC(121) Summary Phase 0.099ms
[83.576s][info][gc,phases,start] GC(121) Adjust Roots
[83.580s][info][gc,phases      ] GC(121) Adjust Roots 4.530ms
[83.580s][info][gc,phases,start] GC(121) Compaction Phase
[83.859s][info][gc,phases      ] GC(121) Compaction Phase 278.716ms
[83.859s][info][gc,phases,start] GC(121) Post Compact
[83.867s][info][gc,phases      ] GC(121) Post Compact 7.783ms
[83.867s][info][gc,heap        ] GC(121) PSYoungGen: 57856K->0K(116736K)
[83.867s][info][gc,heap        ] GC(121) ParOldGen: 282853K->115747K(349696K)
[83.867s][info][gc,metaspace   ] GC(121) Metaspace: 14677K->14646K(31744K)
[83.867s][info][gc             ] GC(121) Pause Full (Ergonomics) 332M->113M(455M) 560.241ms
[83.867s][info][gc,cpu         ] GC(121) User=2.39s Sys=0.00s Real=0.56s
[83.919s][info][gc,start       ] GC(122) Pause Young (Allocation Failure)
[84.581s][info][gc,heap        ] GC(122) PSYoungGen: 58880K->57856K(116736K)
[84.581s][info][gc,heap        ] GC(122) ParOldGen: 115747K->116531K(349696K)
[84.581s][info][gc,metaspace   ] GC(122) Metaspace: 14649K->14649K(31744K)
[84.581s][info][gc             ] GC(122) Pause Young (Allocation Failure) 170M->170M(455M) 662.075ms
[84.583s][info][gc,cpu         ] GC(122) User=4.67s Sys=0.03s Real=0.67s
[84.646s][info][gc,start       ] GC(123) Pause Young (Allocation Failure)
[85.821s][info][gc,heap        ] GC(123) PSYoungGen: 116736K->57856K(116736K)
[85.821s][info][gc,heap        ] GC(123) ParOldGen: 149344K->208200K(349696K)
[85.821s][info][gc,metaspace   ] GC(123) Metaspace: 14660K->14660K(31744K)
[85.821s][info][gc             ] GC(123) Pause Young (Allocation Failure) 259M->259M(455M) 1175.019ms
[85.821s][info][gc,cpu         ] GC(123) User=5.84s Sys=0.05s Real=1.18s
[85.879s][info][gc,start       ] GC(124) Pause Young (Allocation Failure)
[86.431s][info][gc,heap        ] GC(124) PSYoungGen: 116736K->57856K(116736K)
[86.431s][info][gc,heap        ] GC(124) ParOldGen: 208200K->267272K(349696K)
[86.431s][info][gc,metaspace   ] GC(124) Metaspace: 14660K->14660K(31744K)
[86.431s][info][gc             ] GC(124) Pause Young (Allocation Failure) 317M->317M(455M) 552.572ms
[86.431s][info][gc,cpu         ] GC(124) User=3.20s Sys=0.16s Real=0.56s
[86.432s][info][gc,start       ] GC(125) Pause Full (Ergonomics)
[86.432s][info][gc,phases,start] GC(125) Marking Phase
[86.629s][info][gc,phases      ] GC(125) Marking Phase 197.601ms
[86.630s][info][gc,phases,start] GC(125) Summary Phase
[86.630s][info][gc,phases      ] GC(125) Summary Phase 0.179ms
[86.630s][info][gc,phases,start] GC(125) Adjust Roots
[86.635s][info][gc,phases      ] GC(125) Adjust Roots 4.955ms
[86.635s][info][gc,phases,start] GC(125) Compaction Phase
[86.978s][info][gc,phases      ] GC(125) Compaction Phase 343.117ms
[86.978s][info][gc,phases,start] GC(125) Post Compact
[86.983s][info][gc,phases      ] GC(125) Post Compact 4.867ms
[86.983s][info][gc,heap        ] GC(125) PSYoungGen: 57856K->0K(116736K)
[86.983s][info][gc,heap        ] GC(125) ParOldGen: 267272K->97455K(349696K)
[86.983s][info][gc,metaspace   ] GC(125) Metaspace: 14660K->14660K(31744K)
[86.983s][info][gc             ] GC(125) Pause Full (Ergonomics) 317M->95M(455M) 551.735ms
[86.983s][info][gc,cpu         ] GC(125) User=2.16s Sys=0.02s Real=0.54s
[87.029s][info][gc,start       ] GC(126) Pause Young (Allocation Failure)
[87.547s][info][gc,heap        ] GC(126) PSYoungGen: 58880K->57856K(116736K)
[87.547s][info][gc,heap        ] GC(126) ParOldGen: 97455K->98023K(349696K)
[87.548s][info][gc,metaspace   ] GC(126) Metaspace: 14674K->14674K(31744K)
[87.548s][info][gc             ] GC(126) Pause Young (Allocation Failure) 152M->152M(455M) 518.463ms
[87.548s][info][gc,cpu         ] GC(126) User=3.28s Sys=0.05s Real=0.53s
[87.595s][info][gc,start       ] GC(127) Pause Young (Allocation Failure)
[88.677s][info][gc,heap        ] GC(127) PSYoungGen: 116736K->57856K(116736K)
[88.678s][info][gc,heap        ] GC(127) ParOldGen: 98023K->156895K(349696K)
[88.678s][info][gc,metaspace   ] GC(127) Metaspace: 14674K->14674K(31744K)
[88.678s][info][gc             ] GC(127) Pause Young (Allocation Failure) 209M->209M(455M) 1083.031ms
[88.678s][info][gc,cpu         ] GC(127) User=6.89s Sys=0.03s Real=1.08s
[88.716s][info][gc,start       ] GC(128) Pause Young (Allocation Failure)
[89.561s][info][gc,heap        ] GC(128) PSYoungGen: 116736K->57843K(116736K)
[89.561s][info][gc,heap        ] GC(128) ParOldGen: 156895K->215743K(349696K)
[89.561s][info][gc,metaspace   ] GC(128) Metaspace: 14702K->14702K(31744K)
[89.561s][info][gc             ] GC(128) Pause Young (Allocation Failure) 267M->267M(455M) 845.705ms
[89.562s][info][gc,cpu         ] GC(128) User=5.75s Sys=0.03s Real=0.85s
[90.051s][info][gc,start       ] GC(129) Pause Young (Allocation Failure)
[90.474s][info][gc,heap        ] GC(129) PSYoungGen: 116723K->57856K(116736K)
[90.475s][info][gc,heap        ] GC(129) ParOldGen: 215743K->273770K(349696K)
[90.475s][info][gc,metaspace   ] GC(129) Metaspace: 14730K->14730K(31744K)
[90.475s][info][gc             ] GC(129) Pause Young (Allocation Failure) 324M->323M(455M) 423.764ms
[90.475s][info][gc,cpu         ] GC(129) User=2.86s Sys=0.00s Real=0.38s
[90.475s][info][gc,start       ] GC(130) Pause Full (Ergonomics)
[90.475s][info][gc,phases,start] GC(130) Marking Phase
[90.661s][info][gc,phases      ] GC(130) Marking Phase 185.551ms
[90.661s][info][gc,phases,start] GC(130) Summary Phase
[90.661s][info][gc,phases      ] GC(130) Summary Phase 0.064ms
[90.661s][info][gc,phases,start] GC(130) Adjust Roots
[90.665s][info][gc,phases      ] GC(130) Adjust Roots 3.816ms
[90.665s][info][gc,phases,start] GC(130) Compaction Phase
[90.902s][info][gc,phases      ] GC(130) Compaction Phase 237.787ms
[90.903s][info][gc,phases,start] GC(130) Post Compact
[90.909s][info][gc,phases      ] GC(130) Post Compact 6.731ms
[90.909s][info][gc,heap        ] GC(130) PSYoungGen: 57856K->0K(116736K)
[90.909s][info][gc,heap        ] GC(130) ParOldGen: 273770K->101234K(349696K)
[90.909s][info][gc,metaspace   ] GC(130) Metaspace: 14730K->14730K(31744K)
[90.910s][info][gc             ] GC(130) Pause Full (Ergonomics) 323M->98M(455M) 434.690ms
[90.910s][info][gc,cpu         ] GC(130) User=2.13s Sys=0.00s Real=0.50s
[90.957s][info][gc,start       ] GC(131) Pause Young (Allocation Failure)
[91.597s][info][gc,heap        ] GC(131) PSYoungGen: 58880K->57856K(116736K)
[91.597s][info][gc,heap        ] GC(131) ParOldGen: 101234K->101826K(349696K)
[91.597s][info][gc,metaspace   ] GC(131) Metaspace: 14766K->14766K(31744K)
[91.597s][info][gc             ] GC(131) Pause Young (Allocation Failure) 156M->155M(455M) 639.967ms
[91.597s][info][gc,cpu         ] GC(131) User=4.52s Sys=0.05s Real=0.64s
[91.789s][info][gc,start       ] GC(132) Pause Young (Allocation Failure)
[93.179s][info][gc,heap        ] GC(132) PSYoungGen: 116736K->57856K(116736K)
[93.180s][info][gc,heap        ] GC(132) ParOldGen: 101826K->160722K(349696K)
[93.180s][info][gc,metaspace   ] GC(132) Metaspace: 14769K->14769K(31744K)
[93.180s][info][gc             ] GC(132) Pause Young (Allocation Failure) 213M->213M(455M) 1390.283ms
[93.180s][info][gc,cpu         ] GC(132) User=10.00s Sys=0.06s Real=1.40s
[93.497s][info][gc,start       ] GC(133) Pause Young (Allocation Failure)
[94.225s][info][gc,heap        ] GC(133) PSYoungGen: 116736K->57849K(116736K)
[94.225s][info][gc,heap        ] GC(133) ParOldGen: 160722K->219682K(349696K)
[94.225s][info][gc,metaspace   ] GC(133) Metaspace: 14775K->14775K(31744K)
[94.225s][info][gc             ] GC(133) Pause Young (Allocation Failure) 270M->271M(455M) 728.781ms
[94.225s][info][gc,cpu         ] GC(133) User=4.41s Sys=0.05s Real=0.73s
[94.955s][info][gc,start       ] GC(134) Pause Young (Allocation Failure)
[95.307s][info][gc,heap        ] GC(134) PSYoungGen: 116729K->57856K(116736K)
[95.308s][info][gc,heap        ] GC(134) ParOldGen: 219682K->278267K(349696K)
[95.308s][info][gc,metaspace   ] GC(134) Metaspace: 14784K->14784K(31744K)
[95.308s][info][gc             ] GC(134) Pause Young (Allocation Failure) 328M->328M(455M) 352.573ms
[95.308s][info][gc,cpu         ] GC(134) User=2.44s Sys=0.02s Real=0.35s
[95.308s][info][gc,start       ] GC(135) Pause Full (Ergonomics)
[95.308s][info][gc,phases,start] GC(135) Marking Phase
[95.496s][info][gc,phases      ] GC(135) Marking Phase 187.178ms
[95.496s][info][gc,phases,start] GC(135) Summary Phase
[95.496s][info][gc,phases      ] GC(135) Summary Phase 0.078ms
[95.496s][info][gc,phases,start] GC(135) Adjust Roots
[95.499s][info][gc,phases      ] GC(135) Adjust Roots 3.285ms
[95.499s][info][gc,phases,start] GC(135) Compaction Phase
[95.716s][info][gc,phases      ] GC(135) Compaction Phase 216.927ms
[95.716s][info][gc,phases,start] GC(135) Post Compact
[95.725s][info][gc,phases      ] GC(135) Post Compact 8.113ms
[95.725s][info][gc,heap        ] GC(135) PSYoungGen: 57856K->0K(116736K)
[95.725s][info][gc,heap        ] GC(135) ParOldGen: 278267K->103180K(349696K)
[95.725s][info][gc,metaspace   ] GC(135) Metaspace: 14784K->14784K(31744K)
[95.725s][info][gc             ] GC(135) Pause Full (Ergonomics) 328M->100M(455M) 416.659ms
[95.725s][info][gc,cpu         ] GC(135) User=1.83s Sys=0.00s Real=0.42s
[95.875s][info][gc,start       ] GC(136) Pause Young (Allocation Failure)
[96.382s][info][gc,heap        ] GC(136) PSYoungGen: 58880K->57856K(116736K)
[96.383s][info][gc,heap        ] GC(136) ParOldGen: 103180K->103884K(349696K)
[96.383s][info][gc,metaspace   ] GC(136) Metaspace: 14802K->14802K(31744K)
[96.383s][info][gc             ] GC(136) Pause Young (Allocation Failure) 158M->157M(455M) 507.673ms
[96.383s][info][gc,cpu         ] GC(136) User=2.69s Sys=0.08s Real=0.52s
[96.414s][info][gc,start       ] GC(137) Pause Young (Allocation Failure)
[97.751s][info][gc,heap        ] GC(137) PSYoungGen: 116736K->57856K(116736K)
[97.751s][info][gc,heap        ] GC(137) ParOldGen: 103884K->162964K(349696K)
[97.751s][info][gc,metaspace   ] GC(137) Metaspace: 14802K->14802K(31744K)
[97.751s][info][gc             ] GC(137) Pause Young (Allocation Failure) 215M->215M(455M) 1336.365ms
[97.751s][info][gc,cpu         ] GC(137) User=9.44s Sys=0.05s Real=1.34s
[98.065s][info][gc,start       ] GC(138) Pause Young (Allocation Failure)
[98.970s][info][gc,heap        ] GC(138) PSYoungGen: 116736K->57824K(116736K)
[98.970s][info][gc,heap        ] GC(138) ParOldGen: 162964K->221828K(349696K)
[98.970s][info][gc,metaspace   ] GC(138) Metaspace: 14803K->14803K(31744K)
[98.970s][info][gc             ] GC(138) Pause Young (Allocation Failure) 273M->273M(455M) 904.873ms
[98.970s][info][gc,cpu         ] GC(138) User=6.17s Sys=0.06s Real=0.91s
[99.313s][info][gc,start       ] GC(139) Pause Young (Allocation Failure)
[99.610s][info][gc,heap        ] GC(139) PSYoungGen: 116704K->57856K(116736K)
[99.610s][info][gc,heap        ] GC(139) ParOldGen: 221828K->280236K(349696K)
[99.610s][info][gc,metaspace   ] GC(139) Metaspace: 14824K->14824K(31744K)
[99.610s][info][gc             ] GC(139) Pause Young (Allocation Failure) 330M->330M(455M) 296.476ms
[99.610s][info][gc,cpu         ] GC(139) User=2.02s Sys=0.00s Real=0.29s
[99.610s][info][gc,start       ] GC(140) Pause Full (Ergonomics)
[99.610s][info][gc,phases,start] GC(140) Marking Phase
[99.822s][info][gc,phases      ] GC(140) Marking Phase 212.008ms
[99.822s][info][gc,phases,start] GC(140) Summary Phase
[99.822s][info][gc,phases      ] GC(140) Summary Phase 0.070ms
[99.822s][info][gc,phases,start] GC(140) Adjust Roots
[99.828s][info][gc,phases      ] GC(140) Adjust Roots 5.015ms
[99.828s][info][gc,phases,start] GC(140) Compaction Phase
[100.081s][info][gc,phases      ] GC(140) Compaction Phase 252.843ms
[100.081s][info][gc,phases,start] GC(140) Post Compact
[100.088s][info][gc,phases      ] GC(140) Post Compact 7.005ms
[100.088s][info][gc,heap        ] GC(140) PSYoungGen: 57856K->0K(116736K)
[100.088s][info][gc,heap        ] GC(140) ParOldGen: 280236K->102234K(349696K)
[100.088s][info][gc,metaspace   ] GC(140) Metaspace: 14824K->14824K(31744K)
[100.088s][info][gc             ] GC(140) Pause Full (Ergonomics) 330M->99M(455M) 478.196ms
[100.088s][info][gc,cpu         ] GC(140) User=1.94s Sys=0.02s Real=0.48s
[100.434s][info][gc,start       ] GC(141) Pause Young (Allocation Failure)
[101.097s][info][gc,heap        ] GC(141) PSYoungGen: 58880K->57856K(116736K)
[101.097s][info][gc,heap        ] GC(141) ParOldGen: 102234K->103162K(349696K)
[101.097s][info][gc,metaspace   ] GC(141) Metaspace: 14826K->14826K(31744K)
[101.097s][info][gc             ] GC(141) Pause Young (Allocation Failure) 157M->157M(455M) 662.954ms
[101.097s][info][gc,cpu         ] GC(141) User=3.58s Sys=0.03s Real=0.66s
[101.355s][info][gc,start       ] GC(142) Pause Young (Allocation Failure)
[102.533s][info][gc,heap        ] GC(142) PSYoungGen: 116736K->57856K(116736K)
[102.534s][info][gc,heap        ] GC(142) ParOldGen: 103162K->162098K(349696K)
[102.534s][info][gc,metaspace   ] GC(142) Metaspace: 14839K->14839K(31744K)
[102.534s][info][gc             ] GC(142) Pause Young (Allocation Failure) 214M->214M(455M) 1178.586ms
[102.534s][info][gc,cpu         ] GC(142) User=7.52s Sys=0.09s Real=1.19s
[102.862s][info][gc,start       ] GC(143) Pause Young (Allocation Failure)
[103.589s][info][gc,heap        ] GC(143) PSYoungGen: 116736K->57831K(116736K)
[103.589s][info][gc,heap        ] GC(143) ParOldGen: 162098K->221010K(349696K)
[103.590s][info][gc,metaspace   ] GC(143) Metaspace: 14842K->14842K(31744K)
[103.590s][info][gc             ] GC(143) Pause Young (Allocation Failure) 272M->272M(455M) 727.766ms
[103.590s][info][gc,cpu         ] GC(143) User=4.94s Sys=0.03s Real=0.73s
[103.934s][info][gc,start       ] GC(144) Pause Young (Allocation Failure)
[104.245s][info][gc,heap        ] GC(144) PSYoungGen: 116711K->57856K(116736K)
[104.245s][info][gc,heap        ] GC(144) ParOldGen: 221010K->279449K(349696K)
[104.245s][info][gc,metaspace   ] GC(144) Metaspace: 14859K->14859K(31744K)
[104.245s][info][gc             ] GC(144) Pause Young (Allocation Failure) 329M->329M(455M) 310.905ms
[104.245s][info][gc,cpu         ] GC(144) User=2.41s Sys=0.00s Real=0.31s
[104.245s][info][gc,start       ] GC(145) Pause Full (Ergonomics)
[104.245s][info][gc,phases,start] GC(145) Marking Phase
[104.482s][info][gc,phases      ] GC(145) Marking Phase 237.038ms
[104.482s][info][gc,phases,start] GC(145) Summary Phase
[104.483s][info][gc,phases      ] GC(145) Summary Phase 0.104ms
[104.483s][info][gc,phases,start] GC(145) Adjust Roots
[104.487s][info][gc,phases      ] GC(145) Adjust Roots 4.882ms
[104.488s][info][gc,phases,start] GC(145) Compaction Phase
[104.716s][info][gc,phases      ] GC(145) Compaction Phase 228.483ms
[104.716s][info][gc,phases,start] GC(145) Post Compact
[104.723s][info][gc,phases      ] GC(145) Post Compact 7.158ms
[104.723s][info][gc,heap        ] GC(145) PSYoungGen: 57856K->0K(116736K)
[104.724s][info][gc,heap        ] GC(145) ParOldGen: 279449K->98706K(349696K)
[104.724s][info][gc,metaspace   ] GC(145) Metaspace: 14859K->14859K(31744K)
[104.724s][info][gc             ] GC(145) Pause Full (Ergonomics) 329M->96M(455M) 478.502ms
[104.724s][info][gc,cpu         ] GC(145) User=2.03s Sys=0.03s Real=0.48s
[105.070s][info][gc,start       ] GC(146) Pause Young (Allocation Failure)
[105.529s][info][gc,heap        ] GC(146) PSYoungGen: 58880K->57856K(116736K)
[105.529s][info][gc,heap        ] GC(146) ParOldGen: 98706K->99530K(349696K)
[105.529s][info][gc,metaspace   ] GC(146) Metaspace: 14876K->14876K(31744K)
[105.529s][info][gc             ] GC(146) Pause Young (Allocation Failure) 153M->153M(455M) 458.390ms
[105.529s][info][gc,cpu         ] GC(146) User=2.80s Sys=0.00s Real=0.47s
[105.798s][info][gc,start       ] GC(147) Pause Young (Allocation Failure)
[106.966s][info][gc,heap        ] GC(147) PSYoungGen: 116736K->57856K(116736K)
[106.966s][info][gc,heap        ] GC(147) ParOldGen: 99530K->158482K(349696K)
[106.966s][info][gc,metaspace   ] GC(147) Metaspace: 14882K->14882K(31744K)
[106.966s][info][gc             ] GC(147) Pause Young (Allocation Failure) 211M->211M(455M) 1167.420ms
[106.966s][info][gc,cpu         ] GC(147) User=7.36s Sys=0.06s Real=1.17s
[107.317s][info][gc,start       ] GC(148) Pause Young (Allocation Failure)
[108.102s][info][gc,heap        ] GC(148) PSYoungGen: 116736K->57856K(116736K)
[108.102s][info][gc,heap        ] GC(148) ParOldGen: 193248K->251592K(349696K)
[108.102s][info][gc,metaspace   ] GC(148) Metaspace: 14899K->14899K(31744K)
[108.103s][info][gc             ] GC(148) Pause Young (Allocation Failure) 302M->302M(455M) 785.480ms
[108.103s][info][gc,cpu         ] GC(148) User=4.81s Sys=0.05s Real=0.80s
[108.103s][info][gc,start       ] GC(149) Pause Full (Ergonomics)
[108.103s][info][gc,phases,start] GC(149) Marking Phase
[108.241s][info][gc,phases      ] GC(149) Marking Phase 137.924ms
[108.241s][info][gc,phases,start] GC(149) Summary Phase
[108.241s][info][gc,phases      ] GC(149) Summary Phase 0.081ms
[108.241s][info][gc,phases,start] GC(149) Adjust Roots
[108.245s][info][gc,phases      ] GC(149) Adjust Roots 3.935ms
[108.245s][info][gc,phases,start] GC(149) Compaction Phase
[108.445s][info][gc,phases      ] GC(149) Compaction Phase 199.571ms
[108.445s][info][gc,phases,start] GC(149) Post Compact
[108.453s][info][gc,phases      ] GC(149) Post Compact 7.919ms
[108.453s][info][gc,heap        ] GC(149) PSYoungGen: 57856K->0K(116736K)
[108.453s][info][gc,heap        ] GC(149) ParOldGen: 251592K->68136K(349696K)
[108.453s][info][gc,metaspace   ] GC(149) Metaspace: 14899K->14899K(31744K)
[108.453s][info][gc             ] GC(149) Pause Full (Ergonomics) 302M->66M(455M) 350.455ms
[108.453s][info][gc,cpu         ] GC(149) User=1.20s Sys=0.00s Real=0.34s
[108.560s][info][gc,start       ] GC(150) Pause Young (Allocation Failure)
[109.121s][info][gc,heap        ] GC(150) PSYoungGen: 58880K->57856K(116736K)
[109.121s][info][gc,heap        ] GC(150) ParOldGen: 68136K->69072K(349696K)
[109.121s][info][gc,metaspace   ] GC(150) Metaspace: 14900K->14900K(31744K)
[109.121s][info][gc             ] GC(150) Pause Young (Allocation Failure) 124M->123M(455M) 561.181ms
[109.121s][info][gc,cpu         ] GC(150) User=3.75s Sys=0.00s Real=0.57s
[109.307s][info][gc,start       ] GC(151) Pause Young (Allocation Failure)
[110.526s][info][gc,heap        ] GC(151) PSYoungGen: 116736K->57856K(116736K)
[110.526s][info][gc,heap        ] GC(151) ParOldGen: 69072K->127992K(349696K)
[110.526s][info][gc,metaspace   ] GC(151) Metaspace: 14901K->14901K(31744K)
[110.527s][info][gc             ] GC(151) Pause Young (Allocation Failure) 181M->181M(455M) 1219.190ms
[110.527s][info][gc,cpu         ] GC(151) User=8.20s Sys=0.14s Real=1.22s
[110.785s][info][gc,start       ] GC(152) Pause Young (Allocation Failure)
[112.060s][info][gc,heap        ] GC(152) PSYoungGen: 116736K->57856K(116736K)
[112.061s][info][gc,heap        ] GC(152) ParOldGen: 127992K->186944K(349696K)
[112.061s][info][gc,metaspace   ] GC(152) Metaspace: 14905K->14905K(31744K)
[112.061s][info][gc             ] GC(152) Pause Young (Allocation Failure) 238M->239M(455M) 1275.769ms
[112.061s][info][gc,cpu         ] GC(152) User=8.63s Sys=0.05s Real=1.28s
[112.088s][info][gc,start       ] GC(153) Pause Young (Allocation Failure)
[112.668s][info][gc,heap        ] GC(153) PSYoungGen: 116736K->57844K(116736K)
[112.668s][info][gc,heap        ] GC(153) ParOldGen: 186944K->244856K(349696K)
[112.668s][info][gc,metaspace   ] GC(153) Metaspace: 14905K->14905K(31744K)
[112.668s][info][gc             ] GC(153) Pause Young (Allocation Failure) 296M->295M(455M) 579.609ms
[112.668s][info][gc,cpu         ] GC(153) User=3.22s Sys=0.05s Real=0.58s
[112.668s][info][gc,start       ] GC(154) Pause Full (Ergonomics)
[112.668s][info][gc,phases,start] GC(154) Marking Phase
[112.741s][info][gc,phases      ] GC(154) Marking Phase 73.095ms
[112.741s][info][gc,phases,start] GC(154) Summary Phase
[112.742s][info][gc,phases      ] GC(154) Summary Phase 0.079ms
[112.742s][info][gc,phases,start] GC(154) Adjust Roots
[112.745s][info][gc,phases      ] GC(154) Adjust Roots 3.296ms
[112.745s][info][gc,phases,start] GC(154) Compaction Phase
[112.834s][info][gc,phases      ] GC(154) Compaction Phase 88.536ms
[112.834s][info][gc,phases,start] GC(154) Post Compact
[112.841s][info][gc,phases      ] GC(154) Post Compact 7.791ms
[112.842s][info][gc,heap        ] GC(154) PSYoungGen: 57844K->0K(116736K)
[112.842s][info][gc,heap        ] GC(154) ParOldGen: 244856K->58719K(349696K)
[112.842s][info][gc,metaspace   ] GC(154) Metaspace: 14905K->14905K(31744K)
[112.842s][info][gc             ] GC(154) Pause Full (Ergonomics) 295M->57M(455M) 173.478ms
[112.842s][info][gc,cpu         ] GC(154) User=0.61s Sys=0.00s Real=0.18s
[112.877s][info][gc,start       ] GC(155) Pause Young (Allocation Failure)
[113.396s][info][gc,heap        ] GC(155) PSYoungGen: 58880K->57856K(116736K)
[113.396s][info][gc,heap        ] GC(155) ParOldGen: 58719K->59663K(349696K)
[113.396s][info][gc,metaspace   ] GC(155) Metaspace: 14911K->14911K(31744K)
[113.396s][info][gc             ] GC(155) Pause Young (Allocation Failure) 114M->114M(455M) 519.365ms
[113.396s][info][gc,cpu         ] GC(155) User=3.44s Sys=0.02s Real=0.53s
[113.423s][info][gc,start       ] GC(156) Pause Young (Allocation Failure)
[114.626s][info][gc,heap        ] GC(156) PSYoungGen: 116736K->57856K(116736K)
[114.626s][info][gc,heap        ] GC(156) ParOldGen: 59663K->118647K(349696K)
[114.626s][info][gc,metaspace   ] GC(156) Metaspace: 14915K->14915K(31744K)
[114.627s][info][gc             ] GC(156) Pause Young (Allocation Failure) 172M->172M(455M) 1203.418ms
[114.627s][info][gc,cpu         ] GC(156) User=8.47s Sys=0.11s Real=1.21s
[114.654s][info][gc,start       ] GC(157) Pause Young (Allocation Failure)
[115.861s][info][gc,heap        ] GC(157) PSYoungGen: 116736K->57856K(116736K)
[115.861s][info][gc,heap        ] GC(157) ParOldGen: 118647K->177607K(349696K)
[115.861s][info][gc,metaspace   ] GC(157) Metaspace: 14915K->14915K(31744K)
[115.862s][info][gc             ] GC(157) Pause Young (Allocation Failure) 229M->229M(455M) 1207.120ms
[115.862s][info][gc,cpu         ] GC(157) User=8.33s Sys=0.06s Real=1.22s
[115.885s][info][gc,start       ] GC(158) Pause Young (Allocation Failure)
[116.693s][info][gc,heap        ] GC(158) PSYoungGen: 116736K->57850K(116736K)
[116.694s][info][gc,heap        ] GC(158) ParOldGen: 177607K->236399K(349696K)
[116.694s][info][gc,metaspace   ] GC(158) Metaspace: 14915K->14915K(31744K)
[116.694s][info][gc             ] GC(158) Pause Young (Allocation Failure) 287M->287M(455M) 808.459ms
[116.694s][info][gc,cpu         ] GC(158) User=4.86s Sys=0.14s Real=0.82s
[116.735s][info][gc,start       ] GC(159) Pause Young (Allocation Failure)
[117.018s][info][gc,heap        ] GC(159) PSYoungGen: 116730K->57856K(116736K)
[117.018s][info][gc,heap        ] GC(159) ParOldGen: 236399K->295098K(349696K)
[117.018s][info][gc,metaspace   ] GC(159) Metaspace: 14915K->14915K(31744K)
[117.019s][info][gc             ] GC(159) Pause Young (Allocation Failure) 344M->344M(455M) 283.973ms
[117.019s][info][gc,cpu         ] GC(159) User=2.06s Sys=0.00s Real=0.28s
[117.019s][info][gc,start       ] GC(160) Pause Full (Ergonomics)
[117.019s][info][gc,phases,start] GC(160) Marking Phase
[117.276s][info][gc,phases      ] GC(160) Marking Phase 257.538ms
[117.277s][info][gc,phases,start] GC(160) Summary Phase
[117.277s][info][gc,phases      ] GC(160) Summary Phase 0.112ms
[117.277s][info][gc,phases,start] GC(160) Adjust Roots
[117.281s][info][gc,phases      ] GC(160) Adjust Roots 4.649ms
[117.282s][info][gc,phases,start] GC(160) Compaction Phase
[117.508s][info][gc,phases      ] GC(160) Compaction Phase 226.698ms
[117.508s][info][gc,phases,start] GC(160) Post Compact
[117.519s][info][gc,phases      ] GC(160) Post Compact 10.213ms
[117.519s][info][gc,heap        ] GC(160) PSYoungGen: 57856K->0K(116736K)
[117.519s][info][gc,heap        ] GC(160) ParOldGen: 295098K->105610K(349696K)
[117.519s][info][gc,metaspace   ] GC(160) Metaspace: 14915K->14915K(31744K)
[117.519s][info][gc             ] GC(160) Pause Full (Ergonomics) 344M->103M(455M) 500.069ms
[117.519s][info][gc,cpu         ] GC(160) User=2.56s Sys=0.02s Real=0.51s
[117.663s][info][gc,start       ] GC(161) Pause Young (Allocation Failure)
[118.486s][info][gc,heap        ] GC(161) PSYoungGen: 58880K->57856K(116736K)
[118.486s][info][gc,heap        ] GC(161) ParOldGen: 105610K->106618K(349696K)
[118.486s][info][gc,metaspace   ] GC(161) Metaspace: 14915K->14915K(31744K)
[118.486s][info][gc             ] GC(161) Pause Young (Allocation Failure) 160M->160M(455M) 822.831ms
[118.486s][info][gc,cpu         ] GC(161) User=5.28s Sys=0.02s Real=0.83s
[118.952s][info][gc,start       ] GC(162) Pause Young (Allocation Failure)
[119.931s][info][gc,heap        ] GC(162) PSYoungGen: 116736K->57728K(116736K)
[119.931s][info][gc,heap        ] GC(162) ParOldGen: 106618K->164506K(349696K)
[119.931s][info][gc,metaspace   ] GC(162) Metaspace: 14916K->14916K(31744K)
[119.931s][info][gc             ] GC(162) Pause Young (Allocation Failure) 218M->217M(455M) 978.850ms
[119.931s][info][gc,cpu         ] GC(162) User=6.66s Sys=0.06s Real=0.99s
[120.244s][info][gc,start       ] GC(163) Pause Young (Allocation Failure)
[121.089s][info][gc,heap        ] GC(163) PSYoungGen: 116608K->57856K(116736K)
[121.089s][info][gc,heap        ] GC(163) ParOldGen: 200443K->259051K(349696K)
[121.089s][info][gc,metaspace   ] GC(163) Metaspace: 14917K->14917K(31744K)
[121.089s][info][gc             ] GC(163) Pause Young (Allocation Failure) 309M->309M(455M) 844.842ms
[121.089s][info][gc,cpu         ] GC(163) User=5.47s Sys=0.03s Real=0.85s
[121.090s][info][gc,start       ] GC(164) Pause Full (Ergonomics)
[121.090s][info][gc,phases,start] GC(164) Marking Phase
[121.185s][info][gc,phases      ] GC(164) Marking Phase 95.611ms
[121.186s][info][gc,phases,start] GC(164) Summary Phase
[121.186s][info][gc,phases      ] GC(164) Summary Phase 0.076ms
[121.186s][info][gc,phases,start] GC(164) Adjust Roots
[121.189s][info][gc,phases      ] GC(164) Adjust Roots 3.125ms
[121.189s][info][gc,phases,start] GC(164) Compaction Phase
[121.347s][info][gc,phases      ] GC(164) Compaction Phase 158.319ms
[121.347s][info][gc,phases,start] GC(164) Post Compact
[121.353s][info][gc,phases      ] GC(164) Post Compact 5.817ms
[121.353s][info][gc,heap        ] GC(164) PSYoungGen: 57856K->0K(116736K)
[121.353s][info][gc,heap        ] GC(164) ParOldGen: 259051K->67508K(349696K)
[121.353s][info][gc,metaspace   ] GC(164) Metaspace: 14917K->14917K(31744K)
[121.353s][info][gc             ] GC(164) Pause Full (Ergonomics) 309M->65M(455M) 263.936ms
[121.353s][info][gc,cpu         ] GC(164) User=1.02s Sys=0.02s Real=0.27s
[121.475s][info][gc,start       ] GC(165) Pause Young (Allocation Failure)
[122.128s][info][gc,heap        ] GC(165) PSYoungGen: 58880K->57856K(116736K)
[122.128s][info][gc,heap        ] GC(165) ParOldGen: 67508K->68404K(349696K)
[122.128s][info][gc,metaspace   ] GC(165) Metaspace: 14917K->14917K(31744K)
[122.128s][info][gc             ] GC(165) Pause Young (Allocation Failure) 123M->123M(455M) 652.795ms
[122.128s][info][gc,cpu         ] GC(165) User=4.63s Sys=0.03s Real=0.67s
[122.345s][info][gc,start       ] GC(166) Pause Young (Allocation Failure)
[123.392s][info][gc,heap        ] GC(166) PSYoungGen: 116736K->57856K(116736K)
[123.392s][info][gc,heap        ] GC(166) ParOldGen: 68404K->127388K(349696K)
[123.392s][info][gc,metaspace   ] GC(166) Metaspace: 14924K->14924K(31744K)
[123.392s][info][gc             ] GC(166) Pause Young (Allocation Failure) 180M->180M(455M) 1047.611ms
[123.393s][info][gc,cpu         ] GC(166) User=6.70s Sys=0.02s Real=1.06s
[123.708s][info][gc,start       ] GC(167) Pause Young (Allocation Failure)
[124.646s][info][gc,heap        ] GC(167) PSYoungGen: 116736K->57856K(116736K)
[124.646s][info][gc,heap        ] GC(167) ParOldGen: 127388K->185988K(349696K)
[124.646s][info][gc,metaspace   ] GC(167) Metaspace: 14928K->14928K(31744K)
[124.646s][info][gc             ] GC(167) Pause Young (Allocation Failure) 238M->238M(455M) 938.571ms
[124.646s][info][gc,cpu         ] GC(167) User=5.56s Sys=0.05s Real=0.94s
[125.077s][info][gc,start       ] GC(168) Pause Young (Allocation Failure)
[125.807s][info][gc,heap        ] GC(168) PSYoungGen: 116736K->57832K(116736K)
[125.807s][info][gc,heap        ] GC(168) ParOldGen: 185988K->244924K(349696K)
[125.807s][info][gc,metaspace   ] GC(168) Metaspace: 14928K->14928K(31744K)
[125.808s][info][gc             ] GC(168) Pause Young (Allocation Failure) 295M->295M(455M) 730.620ms
[125.808s][info][gc,cpu         ] GC(168) User=3.28s Sys=0.03s Real=0.77s
[125.808s][info][gc,start       ] GC(169) Pause Full (Ergonomics)
[125.808s][info][gc,phases,start] GC(169) Marking Phase
[126.007s][info][gc,phases      ] GC(169) Marking Phase 198.848ms
[126.007s][info][gc,phases,start] GC(169) Summary Phase
[126.007s][info][gc,phases      ] GC(169) Summary Phase 0.163ms
[126.007s][info][gc,phases,start] GC(169) Adjust Roots
[126.012s][info][gc,phases      ] GC(169) Adjust Roots 4.694ms
[126.012s][info][gc,phases,start] GC(169) Compaction Phase
[126.089s][info][gc,phases      ] GC(169) Compaction Phase 76.528ms
[126.089s][info][gc,phases,start] GC(169) Post Compact
[126.100s][info][gc,phases      ] GC(169) Post Compact 11.149ms
[126.100s][info][gc,heap        ] GC(169) PSYoungGen: 57832K->0K(116736K)
[126.100s][info][gc,heap        ] GC(169) ParOldGen: 244924K->50744K(349696K)
[126.100s][info][gc,metaspace   ] GC(169) Metaspace: 14928K->14928K(31744K)
[126.100s][info][gc             ] GC(169) Pause Full (Ergonomics) 295M->49M(455M) 292.450ms
[126.101s][info][gc,cpu         ] GC(169) User=0.33s Sys=0.00s Real=0.27s
[126.233s][info][gc,start       ] GC(170) Pause Young (Allocation Failure)
[126.891s][info][gc,heap        ] GC(170) PSYoungGen: 58880K->57856K(116736K)
[126.892s][info][gc,heap        ] GC(170) ParOldGen: 50744K->51704K(349696K)
[126.892s][info][gc,metaspace   ] GC(170) Metaspace: 14928K->14928K(31744K)
[126.892s][info][gc             ] GC(170) Pause Young (Allocation Failure) 107M->106M(455M) 658.851ms
[126.892s][info][gc,cpu         ] GC(170) User=3.08s Sys=0.09s Real=0.67s
[127.315s][info][gc,start       ] GC(171) Pause Young (Allocation Failure)
[128.514s][info][gc,heap        ] GC(171) PSYoungGen: 116736K->57728K(116736K)
[128.514s][info][gc,heap        ] GC(171) ParOldGen: 51704K->109624K(349696K)
[128.514s][info][gc,metaspace   ] GC(171) Metaspace: 14928K->14928K(31744K)
[128.514s][info][gc             ] GC(171) Pause Young (Allocation Failure) 164M->163M(455M) 1199.379ms
[128.515s][info][gc,cpu         ] GC(171) User=5.92s Sys=0.06s Real=1.21s
[128.750s][info][gc,start       ] GC(172) Pause Young (Allocation Failure)
[129.939s][info][gc,heap        ] GC(172) PSYoungGen: 116608K->57856K(116736K)
[129.939s][info][gc,heap        ] GC(172) ParOldGen: 109624K->168312K(349696K)
[129.939s][info][gc,metaspace   ] GC(172) Metaspace: 14928K->14928K(31744K)
[129.940s][info][gc             ] GC(172) Pause Young (Allocation Failure) 220M->220M(455M) 1189.529ms
[129.940s][info][gc,cpu         ] GC(172) User=7.88s Sys=0.06s Real=1.19s
[130.636s][info][gc,start       ] GC(173) Pause Young (Allocation Failure)
[131.711s][info][gc,heap        ] GC(173) PSYoungGen: 116736K->57856K(116736K)
[131.711s][info][gc,heap        ] GC(173) ParOldGen: 205031K->263935K(349696K)
[131.711s][info][gc,metaspace   ] GC(173) Metaspace: 14929K->14929K(31744K)
[131.712s][info][gc             ] GC(173) Pause Young (Allocation Failure) 314M->314M(455M) 1075.059ms
[131.712s][info][gc,cpu         ] GC(173) User=7.61s Sys=0.05s Real=1.09s
[131.712s][info][gc,start       ] GC(174) Pause Full (Ergonomics)
[131.712s][info][gc,phases,start] GC(174) Marking Phase
[131.841s][info][gc,phases      ] GC(174) Marking Phase 128.920ms
[131.841s][info][gc,phases,start] GC(174) Summary Phase
[131.841s][info][gc,phases      ] GC(174) Summary Phase 0.101ms
[131.841s][info][gc,phases,start] GC(174) Adjust Roots
[131.845s][info][gc,phases      ] GC(174) Adjust Roots 3.659ms
[131.845s][info][gc,phases,start] GC(174) Compaction Phase
[131.992s][info][gc,phases      ] GC(174) Compaction Phase 146.795ms
[131.992s][info][gc,phases,start] GC(174) Post Compact
[132.002s][info][gc,phases      ] GC(174) Post Compact 10.213ms
[132.002s][info][gc,heap        ] GC(174) PSYoungGen: 57856K->0K(116736K)
[132.002s][info][gc,heap        ] GC(174) ParOldGen: 263935K->66079K(349696K)
[132.002s][info][gc,metaspace   ] GC(174) Metaspace: 14929K->14929K(31744K)
[132.002s][info][gc             ] GC(174) Pause Full (Ergonomics) 314M->64M(455M) 290.476ms
[132.002s][info][gc,cpu         ] GC(174) User=0.98s Sys=0.00s Real=0.28s
[132.250s][info][gc,start       ] GC(175) Pause Young (Allocation Failure)
[132.880s][info][gc,heap        ] GC(175) PSYoungGen: 58880K->57856K(116736K)
[132.880s][info][gc,heap        ] GC(175) ParOldGen: 66079K->66647K(349696K)
[132.881s][info][gc,metaspace   ] GC(175) Metaspace: 14929K->14929K(31744K)
[132.881s][info][gc             ] GC(175) Pause Young (Allocation Failure) 122M->121M(455M) 631.656ms
[132.881s][info][gc,cpu         ] GC(175) User=3.97s Sys=0.00s Real=0.63s
[132.914s][info][gc,start       ] GC(176) Pause Young (Allocation Failure)
[134.088s][info][gc,heap        ] GC(176) PSYoungGen: 116736K->57856K(116736K)
[134.088s][info][gc,heap        ] GC(176) ParOldGen: 66647K->125655K(349696K)
[134.088s][info][gc,metaspace   ] GC(176) Metaspace: 14929K->14929K(31744K)
[134.088s][info][gc             ] GC(176) Pause Young (Allocation Failure) 179M->179M(455M) 1174.578ms
[134.088s][info][gc,cpu         ] GC(176) User=7.39s Sys=0.14s Real=1.18s
[134.365s][info][gc,start       ] GC(177) Pause Young (Allocation Failure)
[135.782s][info][gc,heap        ] GC(177) PSYoungGen: 116736K->57856K(116736K)
[135.782s][info][gc,heap        ] GC(177) ParOldGen: 125655K->184631K(349696K)
[135.782s][info][gc,metaspace   ] GC(177) Metaspace: 14931K->14931K(31744K)
[135.783s][info][gc             ] GC(177) Pause Young (Allocation Failure) 236M->236M(455M) 1418.099ms
[135.783s][info][gc,cpu         ] GC(177) User=8.45s Sys=0.17s Real=1.41s
[136.793s][info][gc,start       ] GC(178) Pause Young (Allocation Failure)
[137.735s][info][gc,heap        ] GC(178) PSYoungGen: 116736K->57845K(116736K)
[137.735s][info][gc,heap        ] GC(178) ParOldGen: 184631K->243271K(349696K)
[137.736s][info][gc,metaspace   ] GC(178) Metaspace: 14931K->14931K(31744K)
[137.736s][info][gc             ] GC(178) Pause Young (Allocation Failure) 294M->294M(455M) 943.015ms
[137.736s][info][gc,cpu         ] GC(178) User=4.44s Sys=0.09s Real=0.95s
[138.251s][info][gc,start       ] GC(179) Pause Young (Allocation Failure)
[138.680s][info][gc,heap        ] GC(179) PSYoungGen: 116725K->57856K(116736K)
[138.680s][info][gc,heap        ] GC(179) ParOldGen: 243271K->301981K(349696K)
[138.680s][info][gc,metaspace   ] GC(179) Metaspace: 14931K->14931K(31744K)
[138.680s][info][gc             ] GC(179) Pause Young (Allocation Failure) 351M->351M(455M) 429.568ms
[138.680s][info][gc,cpu         ] GC(179) User=1.78s Sys=0.03s Real=0.43s
[138.681s][info][gc,start       ] GC(180) Pause Full (Ergonomics)
[138.682s][info][gc,phases,start] GC(180) Marking Phase
[138.923s][info][gc,phases      ] GC(180) Marking Phase 241.312ms
[138.923s][info][gc,phases,start] GC(180) Summary Phase
[138.923s][info][gc,phases      ] GC(180) Summary Phase 0.148ms
[138.923s][info][gc,phases,start] GC(180) Adjust Roots
[138.927s][info][gc,phases      ] GC(180) Adjust Roots 3.566ms
[138.927s][info][gc,phases,start] GC(180) Compaction Phase
[139.207s][info][gc,phases      ] GC(180) Compaction Phase 280.364ms
[139.208s][info][gc,phases,start] GC(180) Post Compact
[139.220s][info][gc,phases      ] GC(180) Post Compact 12.019ms
[139.220s][info][gc,heap        ] GC(180) PSYoungGen: 57856K->0K(116736K)
[139.220s][info][gc,heap        ] GC(180) ParOldGen: 301981K->101752K(349696K)
[139.220s][info][gc,metaspace   ] GC(180) Metaspace: 14931K->14931K(31744K)
[139.220s][info][gc             ] GC(180) Pause Full (Ergonomics) 351M->99M(455M) 538.511ms
[139.220s][info][gc,cpu         ] GC(180) User=1.88s Sys=0.00s Real=0.53s
[139.672s][info][gc,start       ] GC(181) Pause Young (Allocation Failure)
[140.287s][info][gc,heap        ] GC(181) PSYoungGen: 58880K->57856K(116736K)
[140.287s][info][gc,heap        ] GC(181) ParOldGen: 101752K->102464K(349696K)
[140.287s][info][gc,metaspace   ] GC(181) Metaspace: 14931K->14931K(31744K)
[140.287s][info][gc             ] GC(181) Pause Young (Allocation Failure) 156M->156M(455M) 615.065ms
[140.287s][info][gc,cpu         ] GC(181) User=2.83s Sys=0.00s Real=0.62s
[140.841s][info][gc,start       ] GC(182) Pause Young (Allocation Failure)
[142.188s][info][gc,heap        ] GC(182) PSYoungGen: 116736K->57856K(116736K)
[142.188s][info][gc,heap        ] GC(182) ParOldGen: 102464K->161360K(349696K)
[142.188s][info][gc,metaspace   ] GC(182) Metaspace: 14931K->14931K(31744K)
[142.188s][info][gc             ] GC(182) Pause Young (Allocation Failure) 214M->214M(455M) 1346.821ms
[142.188s][info][gc,cpu         ] GC(182) User=8.88s Sys=0.16s Real=1.35s
[142.875s][info][gc,start       ] GC(183) Pause Young (Allocation Failure)
[143.885s][info][gc,heap        ] GC(183) PSYoungGen: 116736K->57856K(116736K)
[143.885s][info][gc,heap        ] GC(183) ParOldGen: 198860K->257524K(349696K)
[143.885s][info][gc,metaspace   ] GC(183) Metaspace: 14933K->14933K(31744K)
[143.885s][info][gc             ] GC(183) Pause Young (Allocation Failure) 308M->307M(455M) 1010.784ms
[143.886s][info][gc,cpu         ] GC(183) User=6.45s Sys=0.09s Real=1.01s
[143.886s][info][gc,start       ] GC(184) Pause Full (Ergonomics)
[143.886s][info][gc,phases,start] GC(184) Marking Phase
[143.983s][info][gc,phases      ] GC(184) Marking Phase 97.318ms
[143.983s][info][gc,phases,start] GC(184) Summary Phase
[143.984s][info][gc,phases      ] GC(184) Summary Phase 0.115ms
[143.984s][info][gc,phases,start] GC(184) Adjust Roots
[143.988s][info][gc,phases      ] GC(184) Adjust Roots 4.699ms
[143.988s][info][gc,phases,start] GC(184) Compaction Phase
[144.088s][info][gc,phases      ] GC(184) Compaction Phase 99.189ms
[144.088s][info][gc,phases,start] GC(184) Post Compact
[144.097s][info][gc,phases      ] GC(184) Post Compact 9.227ms
[144.097s][info][gc,heap        ] GC(184) PSYoungGen: 57856K->0K(116736K)
[144.097s][info][gc,heap        ] GC(184) ParOldGen: 257524K->54943K(349696K)
[144.097s][info][gc,metaspace   ] GC(184) Metaspace: 14933K->14933K(31744K)
[144.097s][info][gc             ] GC(184) Pause Full (Ergonomics) 307M->53M(455M) 211.511ms
[144.097s][info][gc,cpu         ] GC(184) User=0.64s Sys=0.00s Real=0.20s
[144.225s][info][gc,start       ] GC(185) Pause Young (Allocation Failure)
[144.853s][info][gc,heap        ] GC(185) PSYoungGen: 58880K->57856K(116736K)
[144.853s][info][gc,heap        ] GC(185) ParOldGen: 54943K->55551K(349696K)
[144.853s][info][gc,metaspace   ] GC(185) Metaspace: 14933K->14933K(31744K)
[144.854s][info][gc             ] GC(185) Pause Young (Allocation Failure) 111M->110M(455M) 628.384ms
[144.854s][info][gc,cpu         ] GC(185) User=3.72s Sys=0.00s Real=0.64s
[145.010s][info][gc,start       ] GC(186) Pause Young (Allocation Failure)
[146.101s][info][gc,heap        ] GC(186) PSYoungGen: 116736K->57856K(116736K)
[146.101s][info][gc,heap        ] GC(186) ParOldGen: 55551K->114447K(349696K)
[146.101s][info][gc,metaspace   ] GC(186) Metaspace: 14933K->14933K(31744K)
[146.101s][info][gc             ] GC(186) Pause Young (Allocation Failure) 168M->168M(455M) 1090.674ms
[146.101s][info][gc,cpu         ] GC(186) User=6.59s Sys=0.03s Real=1.10s
[146.709s][info][gc,start       ] GC(187) Pause Young (Allocation Failure)
[148.063s][info][gc,heap        ] GC(187) PSYoungGen: 116736K->57664K(116736K)
[148.063s][info][gc,heap        ] GC(187) ParOldGen: 114447K->172407K(349696K)
[148.063s][info][gc,metaspace   ] GC(187) Metaspace: 14933K->14933K(31744K)
[148.063s][info][gc             ] GC(187) Pause Young (Allocation Failure) 225M->224M(455M) 1354.653ms
[148.064s][info][gc,cpu         ] GC(187) User=9.20s Sys=0.08s Real=1.36s
[148.703s][info][gc,start       ] GC(188) Pause Young (Allocation Failure)
[149.813s][info][gc,heap        ] GC(188) PSYoungGen: 116544K->57856K(116736K)
[149.813s][info][gc,heap        ] GC(188) ParOldGen: 210297K->268753K(349696K)
[149.813s][info][gc,metaspace   ] GC(188) Metaspace: 14933K->14933K(31744K)
[149.814s][info][gc             ] GC(188) Pause Young (Allocation Failure) 319M->318M(455M) 1110.475ms
[149.814s][info][gc,cpu         ] GC(188) User=6.97s Sys=0.13s Real=1.12s
[149.814s][info][gc,start       ] GC(189) Pause Full (Ergonomics)
[149.814s][info][gc,phases,start] GC(189) Marking Phase
[149.919s][info][gc,phases      ] GC(189) Marking Phase 104.874ms
[149.919s][info][gc,phases,start] GC(189) Summary Phase
[149.919s][info][gc,phases      ] GC(189) Summary Phase 0.102ms
[149.920s][info][gc,phases,start] GC(189) Adjust Roots
[149.923s][info][gc,phases      ] GC(189) Adjust Roots 3.452ms
[149.923s][info][gc,phases,start] GC(189) Compaction Phase
[150.098s][info][gc,phases      ] GC(189) Compaction Phase 175.102ms
[150.098s][info][gc,phases,start] GC(189) Post Compact
[150.112s][info][gc,phases      ] GC(189) Post Compact 13.700ms
[150.112s][info][gc,heap        ] GC(189) PSYoungGen: 57856K->0K(116736K)
[150.112s][info][gc,heap        ] GC(189) ParOldGen: 268753K->63369K(349696K)
[150.112s][info][gc,metaspace   ] GC(189) Metaspace: 14933K->14933K(31744K)
[150.113s][info][gc             ] GC(189) Pause Full (Ergonomics) 318M->61M(455M) 298.482ms
[150.123s][info][gc,cpu         ] GC(189) User=1.00s Sys=0.00s Real=0.29s
[150.225s][info][gc,start       ] GC(190) Pause Young (Allocation Failure)
[150.726s][info][gc,heap        ] GC(190) PSYoungGen: 58880K->57856K(116736K)
[150.726s][info][gc,heap        ] GC(190) ParOldGen: 63369K->64321K(349696K)
[150.726s][info][gc,metaspace   ] GC(190) Metaspace: 14935K->14935K(31744K)
[150.726s][info][gc             ] GC(190) Pause Young (Allocation Failure) 119M->119M(455M) 500.760ms
[150.726s][info][gc,cpu         ] GC(190) User=3.06s Sys=0.03s Real=0.50s
[150.913s][info][gc,start       ] GC(191) Pause Young (Allocation Failure)
[152.054s][info][gc,heap        ] GC(191) PSYoungGen: 116736K->57856K(116736K)
[152.054s][info][gc,heap        ] GC(191) ParOldGen: 64321K->123273K(349696K)
[152.054s][info][gc,metaspace   ] GC(191) Metaspace: 14935K->14935K(31744K)
[152.055s][info][gc             ] GC(191) Pause Young (Allocation Failure) 176M->176M(455M) 1141.840ms
[152.055s][info][gc,cpu         ] GC(191) User=6.58s Sys=0.08s Real=1.16s
[152.295s][info][gc,start       ] GC(192) Pause Young (Allocation Failure)
[153.560s][info][gc,heap        ] GC(192) PSYoungGen: 116736K->57856K(116736K)
[153.560s][info][gc,heap        ] GC(192) ParOldGen: 123273K->181913K(349696K)
[153.560s][info][gc,metaspace   ] GC(192) Metaspace: 14936K->14936K(31744K)
[153.560s][info][gc             ] GC(192) Pause Young (Allocation Failure) 234M->234M(455M) 1265.287ms
[153.560s][info][gc,cpu         ] GC(192) User=8.28s Sys=0.05s Real=1.27s
[154.265s][info][gc,start       ] GC(193) Pause Young (Allocation Failure)
[155.072s][info][gc,heap        ] GC(193) PSYoungGen: 116736K->57856K(116736K)
[155.072s][info][gc,heap        ] GC(193) ParOldGen: 220194K->279082K(349696K)
[155.072s][info][gc,metaspace   ] GC(193) Metaspace: 14936K->14936K(31744K)
[155.072s][info][gc             ] GC(193) Pause Young (Allocation Failure) 329M->329M(455M) 806.729ms
[155.072s][info][gc,cpu         ] GC(193) User=5.19s Sys=0.03s Real=0.80s
[155.073s][info][gc,start       ] GC(194) Pause Full (Ergonomics)
[155.073s][info][gc,phases,start] GC(194) Marking Phase
[155.183s][info][gc,phases      ] GC(194) Marking Phase 109.872ms
[155.183s][info][gc,phases,start] GC(194) Summary Phase
[155.183s][info][gc,phases      ] GC(194) Summary Phase 0.070ms
[155.183s][info][gc,phases,start] GC(194) Adjust Roots
[155.186s][info][gc,phases      ] GC(194) Adjust Roots 3.036ms
[155.186s][info][gc,phases,start] GC(194) Compaction Phase
[155.349s][info][gc,phases      ] GC(194) Compaction Phase 162.906ms
[155.349s][info][gc,phases,start] GC(194) Post Compact
[155.357s][info][gc,phases      ] GC(194) Post Compact 8.533ms
[155.358s][info][gc,heap        ] GC(194) PSYoungGen: 57856K->0K(116736K)
[155.358s][info][gc,heap        ] GC(194) ParOldGen: 279082K->70741K(349696K)
[155.358s][info][gc,metaspace   ] GC(194) Metaspace: 14936K->14936K(31744K)
[155.358s][info][gc             ] GC(194) Pause Full (Ergonomics) 329M->69M(455M) 285.122ms
[155.358s][info][gc,cpu         ] GC(194) User=1.06s Sys=0.00s Real=0.30s
[155.453s][info][gc,start       ] GC(195) Pause Young (Allocation Failure)
[156.064s][info][gc,heap        ] GC(195) PSYoungGen: 58880K->57856K(116736K)
[156.064s][info][gc,heap        ] GC(195) ParOldGen: 70741K->71477K(349696K)
[156.064s][info][gc,metaspace   ] GC(195) Metaspace: 14937K->14937K(31744K)
[156.064s][info][gc             ] GC(195) Pause Young (Allocation Failure) 126M->126M(455M) 611.331ms
[156.064s][info][gc,cpu         ] GC(195) User=4.05s Sys=0.05s Real=0.62s
[156.241s][info][gc,start       ] GC(196) Pause Young (Allocation Failure)
[157.492s][info][gc,heap        ] GC(196) PSYoungGen: 116736K->57856K(116736K)
[157.492s][info][gc,heap        ] GC(196) ParOldGen: 71477K->130373K(349696K)
[157.492s][info][gc,metaspace   ] GC(196) Metaspace: 14937K->14937K(31744K)
[157.492s][info][gc             ] GC(196) Pause Young (Allocation Failure) 183M->183M(455M) 1251.751ms
[157.493s][info][gc,cpu         ] GC(196) User=8.20s Sys=0.05s Real=1.26s
[157.989s][info][gc,start       ] GC(197) Pause Young (Allocation Failure)
[159.282s][info][gc,heap        ] GC(197) PSYoungGen: 116736K->57856K(116736K)
[159.282s][info][gc,heap        ] GC(197) ParOldGen: 130373K->189317K(349696K)
[159.282s][info][gc,metaspace   ] GC(197) Metaspace: 14938K->14938K(31744K)
[159.282s][info][gc             ] GC(197) Pause Young (Allocation Failure) 241M->241M(455M) 1293.385ms
[159.282s][info][gc,cpu         ] GC(197) User=9.42s Sys=0.03s Real=1.30s
[159.603s][info][gc,start       ] GC(198) Pause Young (Allocation Failure)
[160.506s][info][gc,heap        ] GC(198) PSYoungGen: 116736K->57856K(116736K)
[160.506s][info][gc,heap        ] GC(198) ParOldGen: 227989K->286605K(349696K)
[160.506s][info][gc,metaspace   ] GC(198) Metaspace: 14938K->14938K(31744K)
[160.506s][info][gc             ] GC(198) Pause Young (Allocation Failure) 336M->336M(455M) 903.010ms
[160.506s][info][gc,cpu         ] GC(198) User=5.11s Sys=0.08s Real=0.91s
[160.507s][info][gc,start       ] GC(199) Pause Full (Ergonomics)
[160.507s][info][gc,phases,start] GC(199) Marking Phase
[160.682s][info][gc,phases      ] GC(199) Marking Phase 174.761ms
[160.682s][info][gc,phases,start] GC(199) Summary Phase
[160.682s][info][gc,phases      ] GC(199) Summary Phase 0.088ms
[160.682s][info][gc,phases,start] GC(199) Adjust Roots
[160.686s][info][gc,phases      ] GC(199) Adjust Roots 4.334ms
[160.686s][info][gc,phases,start] GC(199) Compaction Phase
[160.866s][info][gc,phases      ] GC(199) Compaction Phase 179.714ms
[160.866s][info][gc,phases,start] GC(199) Post Compact
[160.875s][info][gc,phases      ] GC(199) Post Compact 8.956ms
[160.875s][info][gc,heap        ] GC(199) PSYoungGen: 57856K->0K(116736K)
[160.875s][info][gc,heap        ] GC(199) ParOldGen: 286605K->75543K(349696K)
[160.875s][info][gc,metaspace   ] GC(199) Metaspace: 14938K->14938K(31744K)
[160.875s][info][gc             ] GC(199) Pause Full (Ergonomics) 336M->73M(455M) 368.681ms
[160.875s][info][gc,cpu         ] GC(199) User=1.34s Sys=0.00s Real=0.36s
[161.128s][info][gc,start       ] GC(200) Pause Young (Allocation Failure)
[161.792s][info][gc,heap        ] GC(200) PSYoungGen: 58880K->57856K(116736K)
[161.792s][info][gc,heap        ] GC(200) ParOldGen: 75543K->76463K(349696K)
[161.792s][info][gc,metaspace   ] GC(200) Metaspace: 14940K->14940K(31744K)
[161.799s][info][gc             ] GC(200) Pause Young (Allocation Failure) 131M->131M(455M) 670.638ms
[161.799s][info][gc,cpu         ] GC(200) User=4.38s Sys=0.02s Real=0.66s
[162.074s][info][gc,start       ] GC(201) Pause Young (Allocation Failure)
[163.393s][info][gc,heap        ] GC(201) PSYoungGen: 116736K->57856K(116736K)
[163.393s][info][gc,heap        ] GC(201) ParOldGen: 76463K->135375K(349696K)
[163.393s][info][gc,metaspace   ] GC(201) Metaspace: 14940K->14940K(31744K)
[163.393s][info][gc             ] GC(201) Pause Young (Allocation Failure) 188M->188M(455M) 1319.674ms
[163.394s][info][gc,cpu         ] GC(201) User=8.39s Sys=0.13s Real=1.33s
[163.672s][info][gc,start       ] GC(202) Pause Young (Allocation Failure)
[165.021s][info][gc,heap        ] GC(202) PSYoungGen: 116736K->57856K(116736K)
[165.021s][info][gc,heap        ] GC(202) ParOldGen: 135375K->194023K(349696K)
[165.021s][info][gc,metaspace   ] GC(202) Metaspace: 14940K->14940K(31744K)
[165.021s][info][gc             ] GC(202) Pause Young (Allocation Failure) 246M->245M(455M) 1349.306ms
[165.021s][info][gc,cpu         ] GC(202) User=8.41s Sys=0.06s Real=1.35s
[165.869s][info][gc,start       ] GC(203) Pause Young (Allocation Failure)
[166.681s][info][gc,heap        ] GC(203) PSYoungGen: 116736K->57856K(116736K)
[166.682s][info][gc,heap        ] GC(203) ParOldGen: 233086K->291950K(349696K)
[166.682s][info][gc,metaspace   ] GC(203) Metaspace: 14940K->14940K(31744K)
[166.684s][info][gc             ] GC(203) Pause Young (Allocation Failure) 341M->341M(455M) 815.373ms
[166.684s][info][gc,cpu         ] GC(203) User=4.61s Sys=0.02s Real=0.83s
[166.688s][info][gc,start       ] GC(204) Pause Full (Ergonomics)
[166.689s][info][gc,phases,start] GC(204) Marking Phase
[166.851s][info][gc,phases      ] GC(204) Marking Phase 162.032ms
[166.852s][info][gc,phases,start] GC(204) Summary Phase
[166.852s][info][gc,phases      ] GC(204) Summary Phase 0.124ms
[166.852s][info][gc,phases,start] GC(204) Adjust Roots
[166.856s][info][gc,phases      ] GC(204) Adjust Roots 4.191ms
[166.856s][info][gc,phases,start] GC(204) Compaction Phase
[167.034s][info][gc,phases      ] GC(204) Compaction Phase 178.056ms
[167.034s][info][gc,phases,start] GC(204) Post Compact
[167.045s][info][gc,phases      ] GC(204) Post Compact 11.158ms
[167.046s][info][gc,heap        ] GC(204) PSYoungGen: 57856K->0K(116736K)
[167.046s][info][gc,heap        ] GC(204) ParOldGen: 291950K->78170K(349696K)
[167.046s][info][gc,metaspace   ] GC(204) Metaspace: 14940K->14940K(31744K)
[167.046s][info][gc             ] GC(204) Pause Full (Ergonomics) 341M->76M(455M) 357.490ms
[167.046s][info][gc,cpu         ] GC(204) User=1.38s Sys=0.02s Real=0.36s
[167.297s][info][gc,start       ] GC(205) Pause Young (Allocation Failure)
[167.899s][info][gc,heap        ] GC(205) PSYoungGen: 58880K->57856K(116736K)
[167.899s][info][gc,heap        ] GC(205) ParOldGen: 78170K->78794K(349696K)
[167.899s][info][gc,metaspace   ] GC(205) Metaspace: 14941K->14941K(31744K)
[167.900s][info][gc             ] GC(205) Pause Young (Allocation Failure) 133M->133M(455M) 602.666ms
[167.900s][info][gc,cpu         ] GC(205) User=4.19s Sys=0.06s Real=0.59s
[168.070s][info][gc,start       ] GC(206) Pause Young (Allocation Failure)
[169.342s][info][gc,heap        ] GC(206) PSYoungGen: 116736K->57856K(116736K)
[169.342s][info][gc,heap        ] GC(206) ParOldGen: 78794K->137666K(349696K)
[169.342s][info][gc,metaspace   ] GC(206) Metaspace: 14941K->14941K(31744K)
[169.343s][info][gc             ] GC(206) Pause Young (Allocation Failure) 190M->190M(455M) 1272.934ms
[169.343s][info][gc,cpu         ] GC(206) User=8.06s Sys=0.05s Real=1.28s
[169.576s][info][gc,start       ] GC(207) Pause Young (Allocation Failure)
[170.921s][info][gc,heap        ] GC(207) PSYoungGen: 116736K->57856K(116736K)
[170.921s][info][gc,heap        ] GC(207) ParOldGen: 137666K->196586K(349696K)
[170.921s][info][gc,metaspace   ] GC(207) Metaspace: 14943K->14943K(31744K)
[170.922s][info][gc             ] GC(207) Pause Young (Allocation Failure) 248M->248M(455M) 1345.395ms
[170.922s][info][gc,cpu         ] GC(207) User=9.39s Sys=0.03s Real=1.36s
[171.804s][info][gc,start       ] GC(208) Pause Young (Allocation Failure)
[172.770s][info][gc,heap        ] GC(208) PSYoungGen: 116736K->57856K(116736K)
[172.770s][info][gc,heap        ] GC(208) ParOldGen: 236039K->294607K(349696K)
[172.770s][info][gc,metaspace   ] GC(208) Metaspace: 14944K->14944K(31744K)
[172.770s][info][gc             ] GC(208) Pause Young (Allocation Failure) 344M->344M(455M) 966.075ms
[172.770s][info][gc,cpu         ] GC(208) User=6.20s Sys=0.02s Real=0.96s
[172.771s][info][gc,start       ] GC(209) Pause Full (Ergonomics)
[172.771s][info][gc,phases,start] GC(209) Marking Phase
[172.947s][info][gc,phases      ] GC(209) Marking Phase 176.016ms
[172.947s][info][gc,phases,start] GC(209) Summary Phase
[172.947s][info][gc,phases      ] GC(209) Summary Phase 0.128ms
[172.947s][info][gc,phases,start] GC(209) Adjust Roots
[172.951s][info][gc,phases      ] GC(209) Adjust Roots 4.185ms
[172.951s][info][gc,phases,start] GC(209) Compaction Phase
[173.165s][info][gc,phases      ] GC(209) Compaction Phase 213.767ms
[173.165s][info][gc,phases,start] GC(209) Post Compact
[173.175s][info][gc,phases      ] GC(209) Post Compact 9.750ms
[173.175s][info][gc,heap        ] GC(209) PSYoungGen: 57856K->0K(116736K)
[173.175s][info][gc,heap        ] GC(209) ParOldGen: 294607K->78317K(349696K)
[173.175s][info][gc,metaspace   ] GC(209) Metaspace: 14944K->14944K(31744K)
[173.175s][info][gc             ] GC(209) Pause Full (Ergonomics) 344M->76M(455M) 404.781ms
[173.175s][info][gc,cpu         ] GC(209) User=1.47s Sys=0.02s Real=0.41s
[173.404s][info][gc,start       ] GC(210) Pause Young (Allocation Failure)
[174.016s][info][gc,heap        ] GC(210) PSYoungGen: 58880K->57856K(116736K)
[174.016s][info][gc,heap        ] GC(210) ParOldGen: 78317K->79293K(349696K)
[174.016s][info][gc,metaspace   ] GC(210) Metaspace: 14944K->14944K(31744K)
[174.016s][info][gc             ] GC(210) Pause Young (Allocation Failure) 133M->133M(455M) 612.702ms
[174.016s][info][gc,cpu         ] GC(210) User=4.14s Sys=0.00s Real=0.62s
[174.205s][info][gc,start       ] GC(211) Pause Young (Allocation Failure)
[175.698s][info][gc,heap        ] GC(211) PSYoungGen: 116736K->57856K(116736K)
[175.699s][info][gc,heap        ] GC(211) ParOldGen: 79293K->138189K(349696K)
[175.699s][info][gc,metaspace   ] GC(211) Metaspace: 14944K->14944K(31744K)
[175.699s][info][gc             ] GC(211) Pause Young (Allocation Failure) 191M->191M(455M) 1494.298ms
[175.699s][info][gc,cpu         ] GC(211) User=9.50s Sys=0.05s Real=1.49s
[176.326s][info][gc,start       ] GC(212) Pause Young (Allocation Failure)
[177.630s][info][gc,heap        ] GC(212) PSYoungGen: 116736K->57856K(116736K)
[177.630s][info][gc,heap        ] GC(212) ParOldGen: 138189K->196693K(349696K)
[177.630s][info][gc,metaspace   ] GC(212) Metaspace: 14945K->14945K(31744K)
[177.630s][info][gc             ] GC(212) Pause Young (Allocation Failure) 248M->248M(455M) 1304.646ms
[177.630s][info][gc,cpu         ] GC(212) User=6.88s Sys=0.08s Real=1.30s
[178.456s][info][gc,start       ] GC(213) Pause Young (Allocation Failure)
[179.301s][info][gc,heap        ] GC(213) PSYoungGen: 116736K->57856K(116736K)
[179.301s][info][gc,heap        ] GC(213) ParOldGen: 236537K->295321K(349696K)
[179.301s][info][gc,metaspace   ] GC(213) Metaspace: 14945K->14945K(31744K)
[179.301s][info][gc             ] GC(213) Pause Young (Allocation Failure) 344M->344M(455M) 845.466ms
[179.301s][info][gc,cpu         ] GC(213) User=3.97s Sys=0.08s Real=0.85s
[179.302s][info][gc,start       ] GC(214) Pause Full (Ergonomics)
[179.302s][info][gc,phases,start] GC(214) Marking Phase
[179.460s][info][gc,phases      ] GC(214) Marking Phase 158.398ms
[179.460s][info][gc,phases,start] GC(214) Summary Phase
[179.460s][info][gc,phases      ] GC(214) Summary Phase 0.058ms
[179.460s][info][gc,phases,start] GC(214) Adjust Roots
[179.469s][info][gc,phases      ] GC(214) Adjust Roots 8.662ms
[179.469s][info][gc,phases,start] GC(214) Compaction Phase
[179.709s][info][gc,phases      ] GC(214) Compaction Phase 240.210ms
[179.709s][info][gc,phases,start] GC(214) Post Compact
[179.719s][info][gc,phases      ] GC(214) Post Compact 9.848ms
[179.719s][info][gc,heap        ] GC(214) PSYoungGen: 57856K->0K(116736K)
[179.719s][info][gc,heap        ] GC(214) ParOldGen: 295321K->74985K(349696K)
[179.719s][info][gc,metaspace   ] GC(214) Metaspace: 14945K->14945K(31744K)
[179.720s][info][gc             ] GC(214) Pause Full (Ergonomics) 344M->73M(455M) 417.902ms
[179.720s][info][gc,cpu         ] GC(214) User=1.11s Sys=0.00s Real=0.42s
[179.808s][info][gc,start       ] GC(215) Pause Young (Allocation Failure)
[180.494s][info][gc,heap        ] GC(215) PSYoungGen: 58880K->57856K(116736K)
[180.494s][info][gc,heap        ] GC(215) ParOldGen: 74985K->75745K(349696K)
[180.494s][info][gc,metaspace   ] GC(215) Metaspace: 14946K->14946K(31744K)
[180.494s][info][gc             ] GC(215) Pause Young (Allocation Failure) 130M->130M(455M) 685.861ms
[180.494s][info][gc,cpu         ] GC(215) User=4.56s Sys=0.00s Real=0.69s
[180.677s][info][gc,start       ] GC(216) Pause Young (Allocation Failure)
[181.977s][info][gc,heap        ] GC(216) PSYoungGen: 116736K->57856K(116736K)
[181.978s][info][gc,heap        ] GC(216) ParOldGen: 75745K->134601K(349696K)
[181.978s][info][gc,metaspace   ] GC(216) Metaspace: 14948K->14948K(31744K)
[181.978s][info][gc             ] GC(216) Pause Young (Allocation Failure) 187M->187M(455M) 1300.959ms
[181.978s][info][gc,cpu         ] GC(216) User=8.61s Sys=0.11s Real=1.30s
[182.550s][info][gc,start       ] GC(217) Pause Young (Allocation Failure)
[183.722s][info][gc,heap        ] GC(217) PSYoungGen: 116736K->57856K(116736K)
[183.722s][info][gc,heap        ] GC(217) ParOldGen: 134601K->193473K(349696K)
[183.722s][info][gc,metaspace   ] GC(217) Metaspace: 14948K->14948K(31744K)
[183.722s][info][gc             ] GC(217) Pause Young (Allocation Failure) 245M->245M(455M) 1172.275ms
[183.722s][info][gc,cpu         ] GC(217) User=7.00s Sys=0.13s Real=1.17s
[184.609s][info][gc,start       ] GC(218) Pause Young (Allocation Failure)
[185.375s][info][gc,heap        ] GC(218) PSYoungGen: 116736K->57856K(116736K)
[185.375s][info][gc,heap        ] GC(218) ParOldGen: 233708K->292124K(349696K)
[185.375s][info][gc,metaspace   ] GC(218) Metaspace: 14948K->14948K(31744K)
[185.375s][info][gc             ] GC(218) Pause Young (Allocation Failure) 342M->341M(455M) 766.376ms
[185.375s][info][gc,cpu         ] GC(218) User=4.08s Sys=0.09s Real=0.77s
[185.376s][info][gc,start       ] GC(219) Pause Full (Ergonomics)
[185.376s][info][gc,phases,start] GC(219) Marking Phase
[185.525s][info][gc,phases      ] GC(219) Marking Phase 149.852ms
[185.526s][info][gc,phases,start] GC(219) Summary Phase
[185.526s][info][gc,phases      ] GC(219) Summary Phase 0.075ms
[185.526s][info][gc,phases,start] GC(219) Adjust Roots
[185.529s][info][gc,phases      ] GC(219) Adjust Roots 3.210ms
[185.529s][info][gc,phases,start] GC(219) Compaction Phase
[185.719s][info][gc,phases      ] GC(219) Compaction Phase 189.809ms
[185.719s][info][gc,phases,start] GC(219) Post Compact
[185.731s][info][gc,phases      ] GC(219) Post Compact 11.732ms
[185.731s][info][gc,heap        ] GC(219) PSYoungGen: 57856K->0K(116736K)
[185.731s][info][gc,heap        ] GC(219) ParOldGen: 292124K->70169K(349696K)
[185.731s][info][gc,metaspace   ] GC(219) Metaspace: 14948K->14948K(31744K)
[185.731s][info][gc             ] GC(219) Pause Full (Ergonomics) 341M->68M(455M) 355.589ms
[185.731s][info][gc,cpu         ] GC(219) User=1.27s Sys=0.06s Real=0.36s
[185.851s][info][gc,start       ] GC(220) Pause Young (Allocation Failure)
[186.597s][info][gc,heap        ] GC(220) PSYoungGen: 58880K->57856K(116736K)
[186.598s][info][gc,heap        ] GC(220) ParOldGen: 70169K->71105K(349696K)
[186.598s][info][gc,metaspace   ] GC(220) Metaspace: 14950K->14950K(31744K)
[186.598s][info][gc             ] GC(220) Pause Young (Allocation Failure) 126M->125M(455M) 747.325ms
[186.598s][info][gc,cpu         ] GC(220) User=5.14s Sys=0.02s Real=0.76s
[186.780s][info][gc,start       ] GC(221) Pause Young (Allocation Failure)
[187.961s][info][gc,heap        ] GC(221) PSYoungGen: 116736K->57856K(116736K)
[187.961s][info][gc,heap        ] GC(221) ParOldGen: 71105K->129985K(349696K)
[187.961s][info][gc,metaspace   ] GC(221) Metaspace: 14950K->14950K(31744K)
[187.961s][info][gc             ] GC(221) Pause Young (Allocation Failure) 183M->183M(455M) 1180.682ms
[187.961s][info][gc,cpu         ] GC(221) User=6.02s Sys=0.06s Real=1.19s
[188.268s][info][gc,start       ] GC(222) Pause Young (Allocation Failure)
[189.350s][info][gc,heap        ] GC(222) PSYoungGen: 116736K->57856K(116736K)
[189.351s][info][gc,heap        ] GC(222) ParOldGen: 129985K->188713K(349696K)
[189.351s][info][gc,metaspace   ] GC(222) Metaspace: 14950K->14950K(31744K)
[189.353s][info][gc             ] GC(222) Pause Young (Allocation Failure) 240M->240M(455M) 1085.260ms
[189.353s][info][gc,cpu         ] GC(222) User=6.47s Sys=0.11s Real=1.09s
[190.014s][info][gc,start       ] GC(223) Pause Young (Allocation Failure)
[190.950s][info][gc,heap        ] GC(223) PSYoungGen: 116736K->57856K(116736K)
[190.950s][info][gc,heap        ] GC(223) ParOldGen: 229338K->288130K(349696K)
[190.950s][info][gc,metaspace   ] GC(223) Metaspace: 14951K->14951K(31744K)
[190.950s][info][gc             ] GC(223) Pause Young (Allocation Failure) 337M->337M(455M) 936.273ms
[190.950s][info][gc,cpu         ] GC(223) User=6.30s Sys=0.02s Real=0.94s
[190.951s][info][gc,start       ] GC(224) Pause Full (Ergonomics)
[190.951s][info][gc,phases,start] GC(224) Marking Phase
[191.062s][info][gc,phases      ] GC(224) Marking Phase 111.140ms
[191.062s][info][gc,phases,start] GC(224) Summary Phase
[191.062s][info][gc,phases      ] GC(224) Summary Phase 0.112ms
[191.062s][info][gc,phases,start] GC(224) Adjust Roots
[191.066s][info][gc,phases      ] GC(224) Adjust Roots 3.622ms
[191.066s][info][gc,phases,start] GC(224) Compaction Phase
[191.197s][info][gc,phases      ] GC(224) Compaction Phase 130.827ms
[191.197s][info][gc,phases,start] GC(224) Post Compact
[191.207s][info][gc,phases      ] GC(224) Post Compact 9.926ms
[191.207s][info][gc,heap        ] GC(224) PSYoungGen: 57856K->0K(116736K)
[191.207s][info][gc,heap        ] GC(224) ParOldGen: 288130K->63397K(349696K)
[191.207s][info][gc,metaspace   ] GC(224) Metaspace: 14951K->14951K(31744K)
[191.207s][info][gc             ] GC(224) Pause Full (Ergonomics) 337M->61M(455M) 256.518ms
[191.207s][info][gc,cpu         ] GC(224) User=0.97s Sys=0.00s Real=0.26s
[191.411s][info][gc,start       ] GC(225) Pause Young (Allocation Failure)
[192.034s][info][gc,heap        ] GC(225) PSYoungGen: 58880K->57856K(116736K)
[192.034s][info][gc,heap        ] GC(225) ParOldGen: 63397K->64045K(349696K)
[192.034s][info][gc,metaspace   ] GC(225) Metaspace: 14952K->14952K(31744K)
[192.034s][info][gc             ] GC(225) Pause Young (Allocation Failure) 119M->119M(455M) 623.251ms
[192.034s][info][gc,cpu         ] GC(225) User=4.48s Sys=0.00s Real=0.63s
[192.065s][info][gc,start       ] GC(226) Pause Young (Allocation Failure)
[193.418s][info][gc,heap        ] GC(226) PSYoungGen: 116736K->57856K(116736K)
[193.418s][info][gc,heap        ] GC(226) ParOldGen: 64045K->122997K(349696K)
[193.419s][info][gc,metaspace   ] GC(226) Metaspace: 14952K->14952K(31744K)
[193.419s][info][gc             ] GC(226) Pause Young (Allocation Failure) 176M->176M(455M) 1353.428ms
[193.419s][info][gc,cpu         ] GC(226) User=8.98s Sys=0.06s Real=1.35s
[193.664s][info][gc,start       ] GC(227) Pause Young (Allocation Failure)
[195.216s][info][gc,heap        ] GC(227) PSYoungGen: 116736K->57856K(116736K)
[195.216s][info][gc,heap        ] GC(227) ParOldGen: 122997K->181877K(349696K)
[195.216s][info][gc,metaspace   ] GC(227) Metaspace: 14952K->14952K(31744K)
[195.216s][info][gc             ] GC(227) Pause Young (Allocation Failure) 234M->234M(455M) 1552.375ms
[195.216s][info][gc,cpu         ] GC(227) User=9.55s Sys=0.02s Real=1.56s
[196.204s][info][gc,start       ] GC(228) Pause Young (Allocation Failure)
[197.656s][info][gc,heap        ] GC(228) PSYoungGen: 116736K->57856K(116736K)
[197.656s][info][gc,heap        ] GC(228) ParOldGen: 222892K->281500K(349696K)
[197.656s][info][gc,metaspace   ] GC(228) Metaspace: 14952K->14952K(31744K)
[197.656s][info][gc             ] GC(228) Pause Young (Allocation Failure) 331M->331M(455M) 1452.535ms
[197.656s][info][gc,cpu         ] GC(228) User=8.38s Sys=0.08s Real=1.47s
[197.657s][info][gc,start       ] GC(229) Pause Full (Ergonomics)
[197.657s][info][gc,phases,start] GC(229) Marking Phase
[197.767s][info][gc,phases      ] GC(229) Marking Phase 110.366ms
[197.767s][info][gc,phases,start] GC(229) Summary Phase
[197.768s][info][gc,phases      ] GC(229) Summary Phase 0.099ms
[197.768s][info][gc,phases,start] GC(229) Adjust Roots
[197.771s][info][gc,phases      ] GC(229) Adjust Roots 3.019ms
[197.771s][info][gc,phases,start] GC(229) Compaction Phase
[197.861s][info][gc,phases      ] GC(229) Compaction Phase 90.239ms
[197.861s][info][gc,phases,start] GC(229) Post Compact
[197.872s][info][gc,phases      ] GC(229) Post Compact 11.187ms
[197.872s][info][gc,heap        ] GC(229) PSYoungGen: 57856K->0K(116736K)
[197.872s][info][gc,heap        ] GC(229) ParOldGen: 281500K->54325K(349696K)
[197.873s][info][gc,metaspace   ] GC(229) Metaspace: 14952K->14952K(31744K)
[197.873s][info][gc             ] GC(229) Pause Full (Ergonomics) 331M->53M(455M) 215.795ms
[197.873s][info][gc,cpu         ] GC(229) User=0.69s Sys=0.00s Real=0.21s
[198.058s][info][gc,start       ] GC(230) Pause Young (Allocation Failure)
[198.750s][info][gc,heap        ] GC(230) PSYoungGen: 58880K->57856K(116736K)
[198.751s][info][gc,heap        ] GC(230) ParOldGen: 54325K->55269K(349696K)
[198.751s][info][gc,metaspace   ] GC(230) Metaspace: 14952K->14952K(31744K)
[198.751s][info][gc             ] GC(230) Pause Young (Allocation Failure) 110M->110M(455M) 692.622ms
[198.751s][info][gc,cpu         ] GC(230) User=4.77s Sys=0.00s Real=0.69s
[198.930s][info][gc,start       ] GC(231) Pause Young (Allocation Failure)
[200.309s][info][gc,heap        ] GC(231) PSYoungGen: 116736K->57856K(116736K)
[200.309s][info][gc,heap        ] GC(231) ParOldGen: 55269K->114205K(349696K)
[200.309s][info][gc,metaspace   ] GC(231) Metaspace: 14952K->14952K(31744K)
[200.309s][info][gc             ] GC(231) Pause Young (Allocation Failure) 167M->168M(455M) 1379.323ms
[200.309s][info][gc,cpu         ] GC(231) User=8.92s Sys=0.06s Real=1.39s
[201.149s][info][gc,start       ] GC(232) Pause Young (Allocation Failure)
[202.379s][info][gc,heap        ] GC(232) PSYoungGen: 116736K->57856K(116736K)
[202.379s][info][gc,heap        ] GC(232) ParOldGen: 114205K->172877K(349696K)
[202.379s][info][gc,metaspace   ] GC(232) Metaspace: 14953K->14953K(31744K)
[202.379s][info][gc             ] GC(232) Pause Young (Allocation Failure) 225M->225M(455M) 1229.550ms
[202.379s][info][gc,cpu         ] GC(232) User=6.16s Sys=0.13s Real=1.24s
[202.712s][info][gc,start       ] GC(233) Pause Young (Allocation Failure)
[204.048s][info][gc,heap        ] GC(233) PSYoungGen: 116736K->57856K(116736K)
[204.048s][info][gc,heap        ] GC(233) ParOldGen: 172877K->231685K(349696K)
[204.048s][info][gc,metaspace   ] GC(233) Metaspace: 14953K->14953K(31744K)
[204.048s][info][gc             ] GC(233) Pause Young (Allocation Failure) 282M->282M(455M) 1336.101ms
[204.048s][info][gc,cpu         ] GC(233) User=8.84s Sys=0.16s Real=1.34s
[204.470s][info][gc,start       ] GC(234) Pause Young (Allocation Failure)
[205.133s][info][gc,heap        ] GC(234) PSYoungGen: 116736K->57854K(116736K)
[205.133s][info][gc,heap        ] GC(234) ParOldGen: 231685K->289845K(349696K)
[205.133s][info][gc,metaspace   ] GC(234) Metaspace: 14953K->14953K(31744K)
[205.133s][info][gc             ] GC(234) Pause Young (Allocation Failure) 340M->339M(455M) 663.187ms
[205.133s][info][gc,cpu         ] GC(234) User=4.33s Sys=0.05s Real=0.67s
[205.134s][info][gc,start       ] GC(235) Pause Full (Ergonomics)
[205.134s][info][gc,phases,start] GC(235) Marking Phase
[205.234s][info][gc,phases      ] GC(235) Marking Phase 100.145ms
[205.234s][info][gc,phases,start] GC(235) Summary Phase
[205.234s][info][gc,phases      ] GC(235) Summary Phase 0.140ms
[205.234s][info][gc,phases,start] GC(235) Adjust Roots
[205.238s][info][gc,phases      ] GC(235) Adjust Roots 3.693ms
[205.238s][info][gc,phases,start] GC(235) Compaction Phase
[205.309s][info][gc,phases      ] GC(235) Compaction Phase 70.961ms
[205.309s][info][gc,phases,start] GC(235) Post Compact
[205.320s][info][gc,phases      ] GC(235) Post Compact 10.995ms
[205.320s][info][gc,heap        ] GC(235) PSYoungGen: 57854K->0K(116736K)
[205.320s][info][gc,heap        ] GC(235) ParOldGen: 289845K->59905K(349696K)
[205.320s][info][gc,metaspace   ] GC(235) Metaspace: 14953K->14953K(31744K)
[205.321s][info][gc             ] GC(235) Pause Full (Ergonomics) 339M->58M(455M) 186.856ms
[205.321s][info][gc,cpu         ] GC(235) User=0.81s Sys=0.00s Real=0.19s
[205.520s][info][gc,start       ] GC(236) Pause Young (Allocation Failure)
[206.095s][info][gc,heap        ] GC(236) PSYoungGen: 58880K->57856K(116736K)
[206.095s][info][gc,heap        ] GC(236) ParOldGen: 59905K->60729K(349696K)
[206.095s][info][gc,metaspace   ] GC(236) Metaspace: 14954K->14954K(31744K)
[206.095s][info][gc             ] GC(236) Pause Young (Allocation Failure) 116M->115M(455M) 574.839ms
[206.095s][info][gc,cpu         ] GC(236) User=3.88s Sys=0.03s Real=0.57s
[206.252s][info][gc,start       ] GC(237) Pause Young (Allocation Failure)
[207.407s][info][gc,heap        ] GC(237) PSYoungGen: 116736K->57856K(116736K)
[207.407s][info][gc,heap        ] GC(237) ParOldGen: 60729K->119665K(349696K)
[207.407s][info][gc,metaspace   ] GC(237) Metaspace: 14955K->14955K(31744K)
[207.407s][info][gc             ] GC(237) Pause Young (Allocation Failure) 173M->173M(455M) 1155.479ms
[207.407s][info][gc,cpu         ] GC(237) User=7.11s Sys=0.05s Real=1.14s
[207.627s][info][gc,start       ] GC(238) Pause Young (Allocation Failure)
[209.215s][info][gc,heap        ] GC(238) PSYoungGen: 116736K->57856K(116736K)
[209.215s][info][gc,heap        ] GC(238) ParOldGen: 119665K->178249K(349696K)
[209.215s][info][gc,metaspace   ] GC(238) Metaspace: 14955K->14955K(31744K)
[209.216s][info][gc             ] GC(238) Pause Young (Allocation Failure) 230M->230M(455M) 1588.239ms
[209.216s][info][gc,cpu         ] GC(238) User=11.14s Sys=0.05s Real=1.59s
[209.555s][info][gc,start       ] GC(239) Pause Young (Allocation Failure)
[210.596s][info][gc,heap        ] GC(239) PSYoungGen: 116736K->57856K(116736K)
[210.596s][info][gc,heap        ] GC(239) ParOldGen: 178249K->237225K(349696K)
[210.596s][info][gc,metaspace   ] GC(239) Metaspace: 14955K->14955K(31744K)
[210.597s][info][gc             ] GC(239) Pause Young (Allocation Failure) 288M->288M(455M) 1041.870ms
[210.597s][info][gc,cpu         ] GC(239) User=7.27s Sys=0.05s Real=1.05s
[210.946s][info][gc,start       ] GC(240) Pause Young (Allocation Failure)
[211.599s][info][gc,heap        ] GC(240) PSYoungGen: 116736K->57828K(116736K)
[211.599s][info][gc,heap        ] GC(240) ParOldGen: 237225K->296001K(349696K)
[211.599s][info][gc,metaspace   ] GC(240) Metaspace: 14956K->14956K(31744K)
[211.599s][info][gc             ] GC(240) Pause Young (Allocation Failure) 345M->345M(455M) 653.429ms
[211.599s][info][gc,cpu         ] GC(240) User=4.17s Sys=0.02s Real=0.66s
[211.600s][info][gc,start       ] GC(241) Pause Full (Ergonomics)
[211.600s][info][gc,phases,start] GC(241) Marking Phase
[211.694s][info][gc,phases      ] GC(241) Marking Phase 94.238ms
[211.694s][info][gc,phases,start] GC(241) Summary Phase
[211.694s][info][gc,phases      ] GC(241) Summary Phase 0.079ms
[211.694s][info][gc,phases,start] GC(241) Adjust Roots
[211.698s][info][gc,phases      ] GC(241) Adjust Roots 3.789ms
[211.698s][info][gc,phases,start] GC(241) Compaction Phase
[211.795s][info][gc,phases      ] GC(241) Compaction Phase 97.101ms
[211.795s][info][gc,phases,start] GC(241) Post Compact
[211.804s][info][gc,phases      ] GC(241) Post Compact 8.662ms
[211.804s][info][gc,heap        ] GC(241) PSYoungGen: 57828K->0K(116736K)
[211.804s][info][gc,heap        ] GC(241) ParOldGen: 296001K->63330K(349696K)
[211.804s][info][gc,metaspace   ] GC(241) Metaspace: 14956K->14956K(31744K)
[211.804s][info][gc             ] GC(241) Pause Full (Ergonomics) 345M->61M(455M) 204.736ms
[211.804s][info][gc,cpu         ] GC(241) User=0.67s Sys=0.03s Real=0.20s
[212.002s][info][gc,start       ] GC(242) Pause Young (Allocation Failure)
[212.691s][info][gc,heap        ] GC(242) PSYoungGen: 58880K->57856K(116736K)
[212.692s][info][gc,heap        ] GC(242) ParOldGen: 63330K->64034K(349696K)
[212.692s][info][gc,metaspace   ] GC(242) Metaspace: 14956K->14956K(31744K)
[212.692s][info][gc             ] GC(242) Pause Young (Allocation Failure) 119M->119M(455M) 690.227ms
[212.692s][info][gc,cpu         ] GC(242) User=3.91s Sys=0.06s Real=0.69s
[212.873s][info][gc,start       ] GC(243) Pause Young (Allocation Failure)
[214.185s][info][gc,heap        ] GC(243) PSYoungGen: 116736K->57856K(116736K)
[214.185s][info][gc,heap        ] GC(243) ParOldGen: 64034K->123074K(349696K)
[214.186s][info][gc,metaspace   ] GC(243) Metaspace: 14956K->14956K(31744K)
[214.186s][info][gc             ] GC(243) Pause Young (Allocation Failure) 176M->176M(455M) 1312.962ms
[214.186s][info][gc,cpu         ] GC(243) User=8.22s Sys=0.03s Real=1.30s
[214.706s][info][gc,start       ] GC(244) Pause Young (Allocation Failure)
[216.179s][info][gc,heap        ] GC(244) PSYoungGen: 116736K->57856K(116736K)
[216.180s][info][gc,heap        ] GC(244) ParOldGen: 123074K->181994K(349696K)
[216.180s][info][gc,metaspace   ] GC(244) Metaspace: 14956K->14956K(31744K)
[216.180s][info][gc             ] GC(244) Pause Young (Allocation Failure) 234M->234M(455M) 1473.570ms
[216.180s][info][gc,cpu         ] GC(244) User=10.39s Sys=0.05s Real=1.48s
[216.530s][info][gc,start       ] GC(245) Pause Young (Allocation Failure)
[217.696s][info][gc,heap        ] GC(245) PSYoungGen: 116736K->57856K(116736K)
[217.696s][info][gc,heap        ] GC(245) ParOldGen: 181994K->240658K(349696K)
[217.696s][info][gc,metaspace   ] GC(245) Metaspace: 14956K->14956K(31744K)
[217.696s][info][gc             ] GC(245) Pause Young (Allocation Failure) 291M->291M(455M) 1166.505ms
[217.696s][info][gc,cpu         ] GC(245) User=7.66s Sys=0.06s Real=1.17s
[218.127s][info][gc,start       ] GC(246) Pause Young (Allocation Failure)
[218.882s][info][gc,heap        ] GC(246) PSYoungGen: 116736K->57835K(116736K)
[218.882s][info][gc,heap        ] GC(246) ParOldGen: 240658K->299458K(349696K)
[218.882s][info][gc,metaspace   ] GC(246) Metaspace: 14957K->14957K(31744K)
[218.882s][info][gc             ] GC(246) Pause Young (Allocation Failure) 349M->348M(455M) 754.720ms
[218.882s][info][gc,cpu         ] GC(246) User=4.91s Sys=0.03s Real=0.76s
[218.882s][info][gc,start       ] GC(247) Pause Full (Ergonomics)
[218.882s][info][gc,phases,start] GC(247) Marking Phase
[218.982s][info][gc,phases      ] GC(247) Marking Phase 99.646ms
[218.982s][info][gc,phases,start] GC(247) Summary Phase
[218.982s][info][gc,phases      ] GC(247) Summary Phase 0.118ms
[218.982s][info][gc,phases,start] GC(247) Adjust Roots
[218.993s][info][gc,phases      ] GC(247) Adjust Roots 10.768ms
[218.993s][info][gc,phases,start] GC(247) Compaction Phase
[219.070s][info][gc,phases      ] GC(247) Compaction Phase 76.056ms
[219.070s][info][gc,phases,start] GC(247) Post Compact
[219.082s][info][gc,phases      ] GC(247) Post Compact 12.138ms
[219.082s][info][gc,heap        ] GC(247) PSYoungGen: 57835K->0K(116736K)
[219.082s][info][gc,heap        ] GC(247) ParOldGen: 299458K->64059K(349696K)
[219.082s][info][gc,metaspace   ] GC(247) Metaspace: 14957K->14957K(31744K)
[219.082s][info][gc             ] GC(247) Pause Full (Ergonomics) 348M->62M(455M) 199.741ms
[219.082s][info][gc,cpu         ] GC(247) User=0.73s Sys=0.02s Real=0.19s
[219.169s][info][gc,start       ] GC(248) Pause Young (Allocation Failure)
[219.882s][info][gc,heap        ] GC(248) PSYoungGen: 58880K->57856K(116736K)
[219.882s][info][gc,heap        ] GC(248) ParOldGen: 64059K->65019K(349696K)
[219.882s][info][gc,metaspace   ] GC(248) Metaspace: 14957K->14957K(31744K)
[219.882s][info][gc             ] GC(248) Pause Young (Allocation Failure) 120M->119M(455M) 712.928ms
[219.882s][info][gc,cpu         ] GC(248) User=4.77s Sys=0.02s Real=0.71s
[220.038s][info][gc,start       ] GC(249) Pause Young (Allocation Failure)
[221.433s][info][gc,heap        ] GC(249) PSYoungGen: 116736K->57856K(116736K)
[221.433s][info][gc,heap        ] GC(249) ParOldGen: 65019K->123835K(349696K)
[221.433s][info][gc,metaspace   ] GC(249) Metaspace: 14957K->14957K(31744K)
[221.434s][info][gc             ] GC(249) Pause Young (Allocation Failure) 177M->177M(455M) 1395.516ms
[221.434s][info][gc,cpu         ] GC(249) User=8.47s Sys=0.06s Real=1.40s
[221.976s][info][gc,start       ] GC(250) Pause Young (Allocation Failure)
[223.299s][info][gc,heap        ] GC(250) PSYoungGen: 116736K->57856K(116736K)
[223.299s][info][gc,heap        ] GC(250) ParOldGen: 123835K->182723K(349696K)
[223.299s][info][gc,metaspace   ] GC(250) Metaspace: 14957K->14957K(31744K)
[223.299s][info][gc             ] GC(250) Pause Young (Allocation Failure) 234M->234M(455M) 1322.834ms
[223.299s][info][gc,cpu         ] GC(250) User=9.50s Sys=0.02s Real=1.31s
[223.939s][info][gc,start       ] GC(251) Pause Young (Allocation Failure)
[225.306s][info][gc,heap        ] GC(251) PSYoungGen: 116736K->57856K(116736K)
[225.306s][info][gc,heap        ] GC(251) ParOldGen: 182723K->241379K(349696K)
[225.306s][info][gc,metaspace   ] GC(251) Metaspace: 14957K->14957K(31744K)
[225.307s][info][gc             ] GC(251) Pause Young (Allocation Failure) 292M->292M(455M) 1367.629ms
[225.307s][info][gc,cpu         ] GC(251) User=9.70s Sys=0.05s Real=1.37s
[225.760s][info][gc,start       ] GC(252) Pause Young (Allocation Failure)
[226.333s][info][gc,heap        ] GC(252) PSYoungGen: 116736K->57842K(116736K)
[226.333s][info][gc,heap        ] GC(252) ParOldGen: 241379K->300147K(349696K)
[226.333s][info][gc,metaspace   ] GC(252) Metaspace: 14957K->14957K(31744K)
[226.333s][info][gc             ] GC(252) Pause Young (Allocation Failure) 349M->349M(455M) 573.032ms
[226.333s][info][gc,cpu         ] GC(252) User=3.75s Sys=0.06s Real=0.58s
[226.334s][info][gc,start       ] GC(253) Pause Full (Ergonomics)
[226.334s][info][gc,phases,start] GC(253) Marking Phase
[226.410s][info][gc,phases      ] GC(253) Marking Phase 76.335ms
[226.410s][info][gc,phases,start] GC(253) Summary Phase
[226.410s][info][gc,phases      ] GC(253) Summary Phase 0.082ms
[226.410s][info][gc,phases,start] GC(253) Adjust Roots
[226.414s][info][gc,phases      ] GC(253) Adjust Roots 3.458ms
[226.414s][info][gc,phases,start] GC(253) Compaction Phase
[226.490s][info][gc,phases      ] GC(253) Compaction Phase 76.484ms
[226.490s][info][gc,phases,start] GC(253) Post Compact
[226.498s][info][gc,phases      ] GC(253) Post Compact 7.065ms
[226.498s][info][gc,heap        ] GC(253) PSYoungGen: 57842K->0K(116736K)
[226.498s][info][gc,heap        ] GC(253) ParOldGen: 300147K->62057K(349696K)
[226.498s][info][gc,metaspace   ] GC(253) Metaspace: 14957K->14957K(31744K)
[226.498s][info][gc             ] GC(253) Pause Full (Ergonomics) 349M->60M(455M) 164.196ms
[226.498s][info][gc,cpu         ] GC(253) User=0.58s Sys=0.00s Real=0.16s
[226.554s][info][gc,start       ] GC(254) Pause Young (Allocation Failure)
[227.389s][info][gc,heap        ] GC(254) PSYoungGen: 58880K->57856K(116736K)
[227.389s][info][gc,heap        ] GC(254) ParOldGen: 62057K->62993K(349696K)
[227.389s][info][gc,metaspace   ] GC(254) Metaspace: 14957K->14957K(31744K)
[227.389s][info][gc             ] GC(254) Pause Young (Allocation Failure) 118M->118M(455M) 835.199ms
[227.389s][info][gc,cpu         ] GC(254) User=6.19s Sys=0.02s Real=0.83s
[227.696s][info][gc,start       ] GC(255) Pause Young (Allocation Failure)
[228.950s][info][gc,heap        ] GC(255) PSYoungGen: 116736K->57856K(116736K)
[228.950s][info][gc,heap        ] GC(255) ParOldGen: 62993K->121641K(349696K)
[228.950s][info][gc,metaspace   ] GC(255) Metaspace: 14957K->14957K(31744K)
[228.950s][info][gc             ] GC(255) Pause Young (Allocation Failure) 175M->175M(455M) 1254.195ms
[228.950s][info][gc,cpu         ] GC(255) User=9.00s Sys=0.03s Real=1.26s
[229.397s][info][gc,start       ] GC(256) Pause Young (Allocation Failure)
[230.783s][info][gc,heap        ] GC(256) PSYoungGen: 116736K->57856K(116736K)
[230.783s][info][gc,heap        ] GC(256) ParOldGen: 121641K->180513K(349696K)
[230.783s][info][gc,metaspace   ] GC(256) Metaspace: 14957K->14957K(31744K)
[230.784s][info][gc             ] GC(256) Pause Young (Allocation Failure) 232M->232M(455M) 1386.781ms
[230.784s][info][gc,cpu         ] GC(256) User=9.72s Sys=0.00s Real=1.40s
[231.110s][info][gc,start       ] GC(257) Pause Young (Allocation Failure)
[232.708s][info][gc,heap        ] GC(257) PSYoungGen: 116736K->57856K(116736K)
[232.709s][info][gc,heap        ] GC(257) ParOldGen: 180513K->239473K(349696K)
[232.709s][info][gc,metaspace   ] GC(257) Metaspace: 14957K->14957K(31744K)
[232.709s][info][gc             ] GC(257) Pause Young (Allocation Failure) 290M->290M(455M) 1598.963ms
[232.709s][info][gc,cpu         ] GC(257) User=10.88s Sys=0.19s Real=1.60s
[233.211s][info][gc,start       ] GC(258) Pause Young (Allocation Failure)
[234.107s][info][gc,heap        ] GC(258) PSYoungGen: 116736K->57848K(116736K)
[234.107s][info][gc,heap        ] GC(258) ParOldGen: 239473K->298041K(349696K)
[234.107s][info][gc,metaspace   ] GC(258) Metaspace: 14958K->14958K(31744K)
[234.108s][info][gc             ] GC(258) Pause Young (Allocation Failure) 347M->347M(455M) 896.225ms
[234.108s][info][gc,cpu         ] GC(258) User=6.03s Sys=0.05s Real=0.90s
[234.108s][info][gc,start       ] GC(259) Pause Full (Ergonomics)
[234.108s][info][gc,phases,start] GC(259) Marking Phase
[234.172s][info][gc,phases      ] GC(259) Marking Phase 64.480ms
[234.172s][info][gc,phases,start] GC(259) Summary Phase
[234.173s][info][gc,phases      ] GC(259) Summary Phase 0.132ms
[234.173s][info][gc,phases,start] GC(259) Adjust Roots
[234.176s][info][gc,phases      ] GC(259) Adjust Roots 3.231ms
[234.176s][info][gc,phases,start] GC(259) Compaction Phase
[234.229s][info][gc,phases      ] GC(259) Compaction Phase 52.556ms
[234.229s][info][gc,phases,start] GC(259) Post Compact
[234.244s][info][gc,phases      ] GC(259) Post Compact 15.733ms
[234.245s][info][gc,heap        ] GC(259) PSYoungGen: 57848K->0K(116736K)
[234.245s][info][gc,heap        ] GC(259) ParOldGen: 298041K->57089K(349696K)
[234.245s][info][gc,metaspace   ] GC(259) Metaspace: 14958K->14958K(31744K)
[234.245s][info][gc             ] GC(259) Pause Full (Ergonomics) 347M->55M(455M) 137.104ms
[234.245s][info][gc,cpu         ] GC(259) User=0.45s Sys=0.00s Real=0.13s
[234.311s][info][gc,start       ] GC(260) Pause Young (Allocation Failure)
[235.007s][info][gc,heap        ] GC(260) PSYoungGen: 58880K->57856K(116736K)
[235.007s][info][gc,heap        ] GC(260) ParOldGen: 57089K->57873K(349696K)
[235.007s][info][gc,metaspace   ] GC(260) Metaspace: 14959K->14959K(31744K)
[235.007s][info][gc             ] GC(260) Pause Young (Allocation Failure) 113M->113M(455M) 695.761ms
[235.007s][info][gc,cpu         ] GC(260) User=4.95s Sys=0.02s Real=0.69s
[235.120s][info][gc,start       ] GC(261) Pause Young (Allocation Failure)
[236.348s][info][gc,heap        ] GC(261) PSYoungGen: 116736K->57856K(116736K)
[236.348s][info][gc,heap        ] GC(261) ParOldGen: 57873K->116801K(349696K)
[236.348s][info][gc,metaspace   ] GC(261) Metaspace: 14959K->14959K(31744K)
[236.348s][info][gc             ] GC(261) Pause Young (Allocation Failure) 170M->170M(455M) 1228.264ms
[236.349s][info][gc,cpu         ] GC(261) User=8.11s Sys=0.11s Real=1.23s
[236.878s][info][gc,start       ] GC(262) Pause Young (Allocation Failure)
[238.039s][info][gc,heap        ] GC(262) PSYoungGen: 116736K->57856K(116736K)
[238.039s][info][gc,heap        ] GC(262) ParOldGen: 116801K->174721K(349696K)
[238.039s][info][gc,metaspace   ] GC(262) Metaspace: 14962K->14962K(31744K)
[238.039s][info][gc             ] GC(262) Pause Young (Allocation Failure) 228M->227M(455M) 1161.330ms
[238.039s][info][gc,cpu         ] GC(262) User=7.84s Sys=0.06s Real=1.15s
[238.323s][info][gc,start       ] GC(263) Pause Young (Allocation Failure)
[239.344s][info][gc,heap        ] GC(263) PSYoungGen: 116736K->57856K(116736K)
[239.344s][info][gc,heap        ] GC(263) ParOldGen: 174721K->233569K(349696K)
[239.345s][info][gc,metaspace   ] GC(263) Metaspace: 14962K->14962K(31744K)
[239.345s][info][gc             ] GC(263) Pause Young (Allocation Failure) 284M->284M(455M) 1021.613ms
[239.345s][info][gc,cpu         ] GC(263) User=6.42s Sys=0.06s Real=1.02s
[240.112s][info][gc,start       ] GC(264) Pause Full (Ergonomics)
[240.112s][info][gc,phases,start] GC(264) Marking Phase
[240.275s][info][gc,phases      ] GC(264) Marking Phase 163.346ms
[240.275s][info][gc,phases,start] GC(264) Summary Phase
[240.275s][info][gc,phases      ] GC(264) Summary Phase 0.086ms
[240.276s][info][gc,phases,start] GC(264) Adjust Roots
[240.281s][info][gc,phases      ] GC(264) Adjust Roots 5.043ms
[240.281s][info][gc,phases,start] GC(264) Compaction Phase
[240.389s][info][gc,phases      ] GC(264) Compaction Phase 108.054ms
[240.389s][info][gc,phases,start] GC(264) Post Compact
[240.403s][info][gc,phases      ] GC(264) Post Compact 13.644ms
[240.403s][info][gc,heap        ] GC(264) PSYoungGen: 116736K->0K(116736K)
[240.403s][info][gc,heap        ] GC(264) ParOldGen: 276929K->88999K(349696K)
[240.403s][info][gc,metaspace   ] GC(264) Metaspace: 14965K->14965K(31744K)
[240.403s][info][gc             ] GC(264) Pause Full (Ergonomics) 384M->86M(455M) 291.307ms
[240.403s][info][gc,cpu         ] GC(264) User=1.41s Sys=0.02s Real=0.28s
[240.607s][info][gc,start       ] GC(265) Pause Young (Allocation Failure)
[241.314s][info][gc,heap        ] GC(265) PSYoungGen: 58880K->57856K(116736K)
[241.314s][info][gc,heap        ] GC(265) ParOldGen: 88999K->89951K(349696K)
[241.314s][info][gc,metaspace   ] GC(265) Metaspace: 14965K->14965K(31744K)
[241.314s][info][gc             ] GC(265) Pause Young (Allocation Failure) 144M->144M(455M) 707.843ms
[241.314s][info][gc,cpu         ] GC(265) User=4.44s Sys=0.03s Real=0.70s
[241.752s][info][gc,start       ] GC(266) Pause Young (Allocation Failure)
[242.901s][info][gc,heap        ] GC(266) PSYoungGen: 116736K->57856K(116736K)
[242.901s][info][gc,heap        ] GC(266) ParOldGen: 89951K->148879K(349696K)
[242.901s][info][gc,metaspace   ] GC(266) Metaspace: 14967K->14967K(31744K)
[242.901s][info][gc             ] GC(266) Pause Young (Allocation Failure) 201M->201M(455M) 1149.326ms
[242.901s][info][gc,cpu         ] GC(266) User=8.20s Sys=0.03s Real=1.16s
[243.427s][info][gc,start       ] GC(267) Pause Young (Allocation Failure)
[244.954s][info][gc,heap        ] GC(267) PSYoungGen: 116736K->57856K(116736K)
[244.954s][info][gc,heap        ] GC(267) ParOldGen: 148879K->207727K(349696K)
[244.954s][info][gc,metaspace   ] GC(267) Metaspace: 14967K->14967K(31744K)
[244.954s][info][gc             ] GC(267) Pause Young (Allocation Failure) 259M->259M(455M) 1527.006ms
[244.954s][info][gc,cpu         ] GC(267) User=10.80s Sys=0.05s Real=1.52s
[246.442s][info][gc,start       ] GC(268) Pause Full (Ergonomics)
[246.442s][info][gc,phases,start] GC(268) Marking Phase
[246.538s][info][gc,phases      ] GC(268) Marking Phase 95.713ms
[246.538s][info][gc,phases,start] GC(268) Summary Phase
[246.538s][info][gc,phases      ] GC(268) Summary Phase 0.073ms
[246.538s][info][gc,phases,start] GC(268) Adjust Roots
[246.542s][info][gc,phases      ] GC(268) Adjust Roots 3.259ms
[246.542s][info][gc,phases,start] GC(268) Compaction Phase
[246.604s][info][gc,phases      ] GC(268) Compaction Phase 62.451ms
[246.604s][info][gc,phases,start] GC(268) Post Compact
[246.613s][info][gc,phases      ] GC(268) Post Compact 8.974ms
[246.613s][info][gc,heap        ] GC(268) PSYoungGen: 116736K->0K(116736K)
[246.614s][info][gc,heap        ] GC(268) ParOldGen: 251477K->63368K(349696K)
[246.614s][info][gc,metaspace   ] GC(268) Metaspace: 14971K->14971K(31744K)
[246.614s][info][gc             ] GC(268) Pause Full (Ergonomics) 359M->61M(455M) 171.382ms
[246.614s][info][gc,cpu         ] GC(268) User=0.84s Sys=0.00s Real=0.17s
[246.703s][info][gc,start       ] GC(269) Pause Young (Allocation Failure)
[247.434s][info][gc,heap        ] GC(269) PSYoungGen: 58880K->57856K(116736K)
[247.434s][info][gc,heap        ] GC(269) ParOldGen: 63368K->64464K(349696K)
[247.434s][info][gc,metaspace   ] GC(269) Metaspace: 14971K->14971K(31744K)
[247.434s][info][gc             ] GC(269) Pause Young (Allocation Failure) 119M->119M(455M) 730.777ms
[247.434s][info][gc,cpu         ] GC(269) User=5.02s Sys=0.00s Real=0.73s
[247.688s][info][gc,start       ] GC(270) Pause Young (Allocation Failure)
[248.881s][info][gc,heap        ] GC(270) PSYoungGen: 116736K->57856K(116736K)
[248.881s][info][gc,heap        ] GC(270) ParOldGen: 64464K->122832K(349696K)
[248.881s][info][gc,metaspace   ] GC(270) Metaspace: 14972K->14972K(31744K)
[248.881s][info][gc             ] GC(270) Pause Young (Allocation Failure) 176M->176M(455M) 1192.747ms
[248.881s][info][gc,cpu         ] GC(270) User=8.28s Sys=0.02s Real=1.21s
[249.122s][info][gc,start       ] GC(271) Pause Young (Allocation Failure)
[250.392s][info][gc,heap        ] GC(271) PSYoungGen: 116736K->57856K(116736K)
[250.392s][info][gc,heap        ] GC(271) ParOldGen: 122832K->181728K(349696K)
[250.392s][info][gc,metaspace   ] GC(271) Metaspace: 14972K->14972K(31744K)
[250.392s][info][gc             ] GC(271) Pause Young (Allocation Failure) 233M->233M(455M) 1270.350ms
[250.392s][info][gc,cpu         ] GC(271) User=8.56s Sys=0.05s Real=1.28s
[251.018s][info][gc,start       ] GC(272) Pause Young (Allocation Failure)
[252.283s][info][gc,heap        ] GC(272) PSYoungGen: 116736K->57856K(116736K)
[252.283s][info][gc,heap        ] GC(272) ParOldGen: 181728K->240496K(349696K)
[252.283s][info][gc,metaspace   ] GC(272) Metaspace: 14972K->14972K(31744K)
[252.283s][info][gc             ] GC(272) Pause Young (Allocation Failure) 291M->291M(455M) 1264.949ms
[252.283s][info][gc,cpu         ] GC(272) User=8.53s Sys=0.00s Real=1.27s
[253.229s][info][gc,start       ] GC(273) Pause Full (Ergonomics)
[253.229s][info][gc,phases,start] GC(273) Marking Phase
[253.422s][info][gc,phases      ] GC(273) Marking Phase 193.355ms
[253.423s][info][gc,phases,start] GC(273) Summary Phase
[253.423s][info][gc,phases      ] GC(273) Summary Phase 0.091ms
[253.423s][info][gc,phases,start] GC(273) Adjust Roots
[253.426s][info][gc,phases      ] GC(273) Adjust Roots 3.320ms
[253.426s][info][gc,phases,start] GC(273) Compaction Phase
[253.534s][info][gc,phases      ] GC(273) Compaction Phase 107.772ms
[253.534s][info][gc,phases,start] GC(273) Post Compact
[253.546s][info][gc,phases      ] GC(273) Post Compact 12.347ms
[253.547s][info][gc,heap        ] GC(273) PSYoungGen: 116736K->0K(116736K)
[253.547s][info][gc,heap        ] GC(273) ParOldGen: 284637K->93754K(349696K)
[253.547s][info][gc,metaspace   ] GC(273) Metaspace: 14972K->14972K(31744K)
[253.547s][info][gc             ] GC(273) Pause Full (Ergonomics) 391M->91M(455M) 318.017ms
[253.547s][info][gc,cpu         ] GC(273) User=1.75s Sys=0.02s Real=0.33s
[253.656s][info][gc,start       ] GC(274) Pause Young (Allocation Failure)
[254.294s][info][gc,heap        ] GC(274) PSYoungGen: 58880K->57856K(116736K)
[254.294s][info][gc,heap        ] GC(274) ParOldGen: 93754K->94970K(349696K)
[254.294s][info][gc,metaspace   ] GC(274) Metaspace: 14972K->14972K(31744K)
[254.294s][info][gc             ] GC(274) Pause Young (Allocation Failure) 149M->149M(455M) 638.523ms
[254.294s][info][gc,cpu         ] GC(274) User=4.58s Sys=0.02s Real=0.64s
[254.325s][info][gc,start       ] GC(275) Pause Young (Allocation Failure)
[255.415s][info][gc,heap        ] GC(275) PSYoungGen: 116736K->57856K(116736K)
[255.415s][info][gc,heap        ] GC(275) ParOldGen: 94970K->153818K(349696K)
[255.415s][info][gc,metaspace   ] GC(275) Metaspace: 14972K->14972K(31744K)
[255.415s][info][gc             ] GC(275) Pause Young (Allocation Failure) 206M->206M(455M) 1090.302ms
[255.415s][info][gc,cpu         ] GC(275) User=7.34s Sys=0.05s Real=1.09s
[255.679s][info][gc,start       ] GC(276) Pause Young (Allocation Failure)
[257.143s][info][gc,heap        ] GC(276) PSYoungGen: 116736K->57856K(116736K)
[257.143s][info][gc,heap        ] GC(276) ParOldGen: 153818K->212514K(349696K)
[257.143s][info][gc,metaspace   ] GC(276) Metaspace: 14972K->14972K(31744K)
[257.143s][info][gc             ] GC(276) Pause Young (Allocation Failure) 264M->264M(455M) 1464.656ms
[257.144s][info][gc,cpu         ] GC(276) User=10.41s Sys=0.03s Real=1.46s
[258.208s][info][gc,start       ] GC(277) Pause Full (Ergonomics)
[258.208s][info][gc,phases,start] GC(277) Marking Phase
[258.310s][info][gc,phases      ] GC(277) Marking Phase 101.767ms
[258.310s][info][gc,phases,start] GC(277) Summary Phase
[258.310s][info][gc,phases      ] GC(277) Summary Phase 0.065ms
[258.310s][info][gc,phases,start] GC(277) Adjust Roots
[258.314s][info][gc,phases      ] GC(277) Adjust Roots 3.185ms
[258.314s][info][gc,phases,start] GC(277) Compaction Phase
[258.367s][info][gc,phases      ] GC(277) Compaction Phase 53.484ms
[258.367s][info][gc,phases,start] GC(277) Post Compact
[258.375s][info][gc,phases      ] GC(277) Post Compact 7.921ms
[258.375s][info][gc,heap        ] GC(277) PSYoungGen: 116736K->0K(116736K)
[258.375s][info][gc,heap        ] GC(277) ParOldGen: 257045K->63397K(349696K)
[258.375s][info][gc,metaspace   ] GC(277) Metaspace: 14973K->14973K(31744K)
[258.376s][info][gc             ] GC(277) Pause Full (Ergonomics) 365M->61M(455M) 167.419ms
[258.376s][info][gc,cpu         ] GC(277) User=0.58s Sys=0.00s Real=0.17s
[258.405s][info][gc,start       ] GC(278) Pause Young (Allocation Failure)
[258.937s][info][gc,heap        ] GC(278) PSYoungGen: 58880K->57856K(116736K)
[258.937s][info][gc,heap        ] GC(278) ParOldGen: 63397K->64573K(349696K)
[258.937s][info][gc,metaspace   ] GC(278) Metaspace: 14973K->14973K(31744K)
[258.937s][info][gc             ] GC(278) Pause Young (Allocation Failure) 119M->119M(455M) 532.671ms
[258.937s][info][gc,cpu         ] GC(278) User=3.55s Sys=0.02s Real=0.55s
[259.091s][info][gc,start       ] GC(279) Pause Young (Allocation Failure)
[260.301s][info][gc,heap        ] GC(279) PSYoungGen: 116736K->57856K(116736K)
[260.302s][info][gc,heap        ] GC(279) ParOldGen: 64573K->123485K(349696K)
[260.302s][info][gc,metaspace   ] GC(279) Metaspace: 14973K->14973K(31744K)
[260.302s][info][gc             ] GC(279) Pause Young (Allocation Failure) 177M->177M(455M) 1210.326ms
[260.302s][info][gc,cpu         ] GC(279) User=8.14s Sys=0.05s Real=1.22s
[260.538s][info][gc,start       ] GC(280) Pause Young (Allocation Failure)
[262.010s][info][gc,heap        ] GC(280) PSYoungGen: 116736K->57856K(116736K)
[262.010s][info][gc,heap        ] GC(280) ParOldGen: 123485K->182069K(349696K)
[262.010s][info][gc,metaspace   ] GC(280) Metaspace: 14973K->14973K(31744K)
[262.010s][info][gc             ] GC(280) Pause Young (Allocation Failure) 234M->234M(455M) 1472.500ms
[262.010s][info][gc,cpu         ] GC(280) User=9.97s Sys=0.05s Real=1.47s
[262.713s][info][gc,start       ] GC(281) Pause Young (Allocation Failure)
[264.079s][info][gc,heap        ] GC(281) PSYoungGen: 116736K->57856K(116736K)
[264.079s][info][gc,heap        ] GC(281) ParOldGen: 182069K->240989K(349696K)
[264.079s][info][gc,metaspace   ] GC(281) Metaspace: 14973K->14973K(31744K)
[264.079s][info][gc             ] GC(281) Pause Young (Allocation Failure) 291M->291M(455M) 1365.998ms
[264.079s][info][gc,cpu         ] GC(281) User=9.09s Sys=0.06s Real=1.37s
[264.913s][info][gc,start       ] GC(282) Pause Full (Ergonomics)
[264.913s][info][gc,phases,start] GC(282) Marking Phase
[265.079s][info][gc,phases      ] GC(282) Marking Phase 165.560ms
[265.079s][info][gc,phases,start] GC(282) Summary Phase
[265.079s][info][gc,phases      ] GC(282) Summary Phase 0.087ms
[265.079s][info][gc,phases,start] GC(282) Adjust Roots
[265.083s][info][gc,phases      ] GC(282) Adjust Roots 3.903ms
[265.083s][info][gc,phases,start] GC(282) Compaction Phase
[265.167s][info][gc,phases      ] GC(282) Compaction Phase 84.348ms
[265.167s][info][gc,phases,start] GC(282) Post Compact
[265.183s][info][gc,phases      ] GC(282) Post Compact 15.514ms
[265.183s][info][gc,heap        ] GC(282) PSYoungGen: 116736K->0K(116736K)
[265.183s][info][gc,heap        ] GC(282) ParOldGen: 285911K->89570K(349696K)
[265.183s][info][gc,metaspace   ] GC(282) Metaspace: 14973K->14973K(31744K)
[265.183s][info][gc             ] GC(282) Pause Full (Ergonomics) 393M->87M(455M) 270.267ms
[265.183s][info][gc,cpu         ] GC(282) User=1.27s Sys=0.00s Real=0.28s
[265.277s][info][gc,start       ] GC(283) Pause Young (Allocation Failure)
[265.798s][info][gc,heap        ] GC(283) PSYoungGen: 58880K->57856K(116736K)
[265.799s][info][gc,heap        ] GC(283) ParOldGen: 89570K->90530K(349696K)
[265.799s][info][gc,metaspace   ] GC(283) Metaspace: 14973K->14973K(31744K)
[265.799s][info][gc             ] GC(283) Pause Young (Allocation Failure) 144M->144M(455M) 521.286ms
[265.799s][info][gc,cpu         ] GC(283) User=3.50s Sys=0.03s Real=0.53s
[265.961s][info][gc,start       ] GC(284) Pause Young (Allocation Failure)
[267.193s][info][gc,heap        ] GC(284) PSYoungGen: 116736K->57856K(116736K)
[267.193s][info][gc,heap        ] GC(284) ParOldGen: 90530K->149570K(349696K)
[267.193s][info][gc,metaspace   ] GC(284) Metaspace: 14973K->14973K(31744K)
[267.193s][info][gc             ] GC(284) Pause Young (Allocation Failure) 202M->202M(455M) 1232.257ms
[267.193s][info][gc,cpu         ] GC(284) User=8.61s Sys=0.08s Real=1.24s
[267.502s][info][gc,start       ] GC(285) Pause Young (Allocation Failure)
[268.993s][info][gc,heap        ] GC(285) PSYoungGen: 116736K->57856K(116736K)
[268.994s][info][gc,heap        ] GC(285) ParOldGen: 149570K->208218K(349696K)
[268.994s][info][gc,metaspace   ] GC(285) Metaspace: 14973K->14973K(31744K)
[268.994s][info][gc             ] GC(285) Pause Young (Allocation Failure) 260M->259M(455M) 1491.760ms
[268.994s][info][gc,cpu         ] GC(285) User=10.11s Sys=0.02s Real=1.50s
[269.756s][info][gc,start       ] GC(286) Pause Full (Ergonomics)
[269.757s][info][gc,phases,start] GC(286) Marking Phase
[269.812s][info][gc,phases      ] GC(286) Marking Phase 55.466ms
[269.812s][info][gc,phases,start] GC(286) Summary Phase
[269.812s][info][gc,phases      ] GC(286) Summary Phase 0.074ms
[269.812s][info][gc,phases,start] GC(286) Adjust Roots
[269.816s][info][gc,phases      ] GC(286) Adjust Roots 3.151ms
[269.816s][info][gc,phases,start] GC(286) Compaction Phase
[269.852s][info][gc,phases      ] GC(286) Compaction Phase 36.477ms
[269.852s][info][gc,phases,start] GC(286) Post Compact
[269.861s][info][gc,phases      ] GC(286) Post Compact 8.969ms
[269.861s][info][gc,heap        ] GC(286) PSYoungGen: 116736K->0K(116736K)
[269.861s][info][gc,heap        ] GC(286) ParOldGen: 253531K->54851K(349696K)
[269.861s][info][gc,metaspace   ] GC(286) Metaspace: 14973K->14973K(31744K)
[269.862s][info][gc             ] GC(286) Pause Full (Ergonomics) 361M->53M(455M) 105.096ms
[269.862s][info][gc,cpu         ] GC(286) User=0.47s Sys=0.02s Real=0.10s
[269.917s][info][gc,start       ] GC(287) Pause Young (Allocation Failure)
[270.770s][info][gc,heap        ] GC(287) PSYoungGen: 58880K->57856K(116736K)
[270.770s][info][gc,heap        ] GC(287) ParOldGen: 54851K->55995K(349696K)
[270.770s][info][gc,metaspace   ] GC(287) Metaspace: 14973K->14973K(31744K)
[270.770s][info][gc             ] GC(287) Pause Young (Allocation Failure) 111M->111M(455M) 853.084ms
[270.770s][info][gc,cpu         ] GC(287) User=6.30s Sys=0.00s Real=0.86s
[270.799s][info][gc,start       ] GC(288) Pause Young (Allocation Failure)
[272.223s][info][gc,heap        ] GC(288) PSYoungGen: 116736K->57856K(116736K)
[272.223s][info][gc,heap        ] GC(288) ParOldGen: 55995K->114923K(349696K)
[272.223s][info][gc,metaspace   ] GC(288) Metaspace: 14973K->14973K(31744K)
[272.223s][info][gc             ] GC(288) Pause Young (Allocation Failure) 168M->168M(455M) 1423.746ms
[272.223s][info][gc,cpu         ] GC(288) User=9.98s Sys=0.02s Real=1.44s
[272.759s][info][gc,start       ] GC(289) Pause Young (Allocation Failure)
[274.035s][info][gc,heap        ] GC(289) PSYoungGen: 116736K->57856K(116736K)
[274.035s][info][gc,heap        ] GC(289) ParOldGen: 114923K->173547K(349696K)
[274.035s][info][gc,metaspace   ] GC(289) Metaspace: 14973K->14973K(31744K)
[274.036s][info][gc             ] GC(289) Pause Young (Allocation Failure) 226M->225M(455M) 1276.590ms
[274.036s][info][gc,cpu         ] GC(289) User=8.56s Sys=0.02s Real=1.27s
[274.753s][info][gc,start       ] GC(290) Pause Young (Allocation Failure)
[276.004s][info][gc,heap        ] GC(290) PSYoungGen: 116736K->57856K(116736K)
[276.004s][info][gc,heap        ] GC(290) ParOldGen: 173547K->232411K(349696K)
[276.005s][info][gc,metaspace   ] GC(290) Metaspace: 14973K->14973K(31744K)
[276.005s][info][gc             ] GC(290) Pause Young (Allocation Failure) 283M->283M(455M) 1252.111ms
[276.005s][info][gc,cpu         ] GC(290) User=8.83s Sys=0.05s Real=1.25s
[276.822s][info][gc,start       ] GC(291) Pause Full (Ergonomics)
[276.823s][info][gc,phases,start] GC(291) Marking Phase
[276.939s][info][gc,phases      ] GC(291) Marking Phase 115.910ms
[276.939s][info][gc,phases,start] GC(291) Summary Phase
[276.939s][info][gc,phases      ] GC(291) Summary Phase 0.080ms
[276.939s][info][gc,phases,start] GC(291) Adjust Roots
[276.942s][info][gc,phases      ] GC(291) Adjust Roots 3.304ms
[276.942s][info][gc,phases,start] GC(291) Compaction Phase
[277.019s][info][gc,phases      ] GC(291) Compaction Phase 77.222ms
[277.020s][info][gc,phases,start] GC(291) Post Compact
[277.037s][info][gc,phases      ] GC(291) Post Compact 17.677ms
[277.038s][info][gc,heap        ] GC(291) PSYoungGen: 116736K->0K(116736K)
[277.038s][info][gc,heap        ] GC(291) ParOldGen: 278115K->76228K(349696K)
[277.038s][info][gc,metaspace   ] GC(291) Metaspace: 14973K->14973K(31744K)
[277.038s][info][gc             ] GC(291) Pause Full (Ergonomics) 385M->74M(455M) 215.700ms
[277.038s][info][gc,cpu         ] GC(291) User=0.89s Sys=0.00s Real=0.21s
[277.152s][info][gc,start       ] GC(292) Pause Young (Allocation Failure)
[277.885s][info][gc,heap        ] GC(292) PSYoungGen: 58880K->57856K(116736K)
[277.885s][info][gc,heap        ] GC(292) ParOldGen: 76228K->77340K(349696K)
[277.885s][info][gc,metaspace   ] GC(292) Metaspace: 14973K->14973K(31744K)
[277.885s][info][gc             ] GC(292) Pause Young (Allocation Failure) 131M->132M(455M) 733.113ms
[277.886s][info][gc,cpu         ] GC(292) User=5.47s Sys=0.00s Real=0.74s
[277.918s][info][gc,start       ] GC(293) Pause Young (Allocation Failure)
[279.427s][info][gc,heap        ] GC(293) PSYoungGen: 116736K->57856K(116736K)
[279.427s][info][gc,heap        ] GC(293) ParOldGen: 77340K->136252K(349696K)
[279.427s][info][gc,metaspace   ] GC(293) Metaspace: 14973K->14973K(31744K)
[279.428s][info][gc             ] GC(293) Pause Young (Allocation Failure) 189M->189M(455M) 1509.690ms
[279.428s][info][gc,cpu         ] GC(293) User=10.44s Sys=0.03s Real=1.50s
[279.994s][info][gc,start       ] GC(294) Pause Young (Allocation Failure)
[281.224s][info][gc,heap        ] GC(294) PSYoungGen: 116736K->57856K(116736K)
[281.224s][info][gc,heap        ] GC(294) ParOldGen: 136252K->194900K(349696K)
[281.224s][info][gc,metaspace   ] GC(294) Metaspace: 14974K->14974K(31744K)
[281.224s][info][gc             ] GC(294) Pause Young (Allocation Failure) 247M->246M(455M) 1229.771ms
[281.224s][info][gc,cpu         ] GC(294) User=8.39s Sys=0.05s Real=1.24s
[282.094s][info][gc,start       ] GC(295) Pause Young (Allocation Failure)
[283.398s][info][gc,heap        ] GC(295) PSYoungGen: 116736K->57856K(116736K)
[283.398s][info][gc,heap        ] GC(295) ParOldGen: 194900K->253836K(349696K)
[283.398s][info][gc,metaspace   ] GC(295) Metaspace: 14974K->14974K(31744K)
[283.398s][info][gc             ] GC(295) Pause Young (Allocation Failure) 304M->304M(455M) 1304.132ms
[283.398s][info][gc,cpu         ] GC(295) User=8.42s Sys=0.02s Real=1.32s
[283.399s][info][gc,start       ] GC(296) Pause Full (Ergonomics)
[283.399s][info][gc,phases,start] GC(296) Marking Phase
[284.076s][info][gc,phases      ] GC(296) Marking Phase 677.428ms
[284.076s][info][gc,phases,start] GC(296) Summary Phase
[284.077s][info][gc,phases      ] GC(296) Summary Phase 0.120ms
[284.077s][info][gc,phases,start] GC(296) Adjust Roots
[284.082s][info][gc,phases      ] GC(296) Adjust Roots 5.493ms
[284.082s][info][gc,phases,start] GC(296) Compaction Phase
[286.279s][info][gc,phases      ] GC(296) Compaction Phase 2196.505ms
[286.279s][info][gc,phases,start] GC(296) Post Compact
[286.282s][info][gc,phases      ] GC(296) Post Compact 3.500ms
[286.282s][info][gc,heap        ] GC(296) PSYoungGen: 57856K->0K(116736K)
[286.283s][info][gc,heap        ] GC(296) ParOldGen: 253836K->310490K(349696K)
[286.283s][info][gc,metaspace   ] GC(296) Metaspace: 14974K->14974K(31744K)
[286.283s][info][gc             ] GC(296) Pause Full (Ergonomics) 304M->303M(455M) 2883.927ms
[286.283s][info][gc,cpu         ] GC(296) User=10.06s Sys=0.02s Real=2.88s
[286.678s][info][gc,start       ] GC(297) Pause Young (Allocation Failure)
[286.900s][info][gc,heap        ] GC(297) PSYoungGen: 15674K->15296K(116736K)
[286.900s][info][gc,heap        ] GC(297) ParOldGen: 310490K->310490K(349696K)
[286.901s][info][gc,metaspace   ] GC(297) Metaspace: 14974K->14974K(31744K)
[286.901s][info][gc             ] GC(297) Pause Young (Allocation Failure) 318M->318M(455M) 222.925ms
[286.901s][info][gc,cpu         ] GC(297) User=1.20s Sys=0.00s Real=0.17s
[286.901s][info][gc,start       ] GC(298) Pause Full (Ergonomics)
[286.901s][info][gc,phases,start] GC(298) Marking Phase
[286.926s][info][gc,phases      ] GC(298) Marking Phase 24.673ms
[286.926s][info][gc,phases,start] GC(298) Summary Phase
[286.926s][info][gc,phases      ] GC(298) Summary Phase 0.089ms
[286.926s][info][gc,phases,start] GC(298) Adjust Roots
[286.930s][info][gc,phases      ] GC(298) Adjust Roots 3.828ms
[286.930s][info][gc,phases,start] GC(298) Compaction Phase
[286.935s][info][gc,phases      ] GC(298) Compaction Phase 4.451ms
[286.935s][info][gc,phases,start] GC(298) Post Compact
[286.941s][info][gc,phases      ] GC(298) Post Compact 6.317ms
[286.941s][info][gc,heap        ] GC(298) PSYoungGen: 15296K->0K(116736K)
[286.941s][info][gc,heap        ] GC(298) ParOldGen: 310490K->5720K(349696K)
[286.941s][info][gc,metaspace   ] GC(298) Metaspace: 14974K->14639K(31744K)
[286.941s][info][gc             ] GC(298) Pause Full (Ergonomics) 318M->5M(455M) 40.240ms
[286.941s][info][gc,cpu         ] GC(298) User=0.52s Sys=0.02s Real=0.09s
[287.007s][info][gc,start       ] GC(299) Pause Young (Allocation Failure)
[287.208s][info][gc,heap        ] GC(299) PSYoungGen: 58880K->57837K(116736K)
[287.208s][info][gc,heap        ] GC(299) ParOldGen: 5720K->6688K(349696K)
[287.208s][info][gc,metaspace   ] GC(299) Metaspace: 14639K->14639K(31744K)
[287.208s][info][gc             ] GC(299) Pause Young (Allocation Failure) 63M->63M(455M) 200.748ms
[287.208s][info][gc,cpu         ] GC(299) User=1.31s Sys=0.02s Real=0.20s
[287.270s][info][gc,start       ] GC(300) Pause Young (Allocation Failure)
[287.626s][info][gc,heap        ] GC(300) PSYoungGen: 116717K->57856K(116736K)
[287.627s][info][gc,heap        ] GC(300) ParOldGen: 6688K->65622K(349696K)
[287.627s][info][gc,metaspace   ] GC(300) Metaspace: 14639K->14639K(31744K)
[287.627s][info][gc             ] GC(300) Pause Young (Allocation Failure) 120M->120M(455M) 356.425ms
[287.627s][info][gc,cpu         ] GC(300) User=2.56s Sys=0.00s Real=0.36s
[287.956s][info][gc,start       ] GC(301) Pause Young (Allocation Failure)
[289.108s][info][gc,heap        ] GC(301) PSYoungGen: 116736K->57856K(116736K)
[289.108s][info][gc,heap        ] GC(301) ParOldGen: 65622K->124366K(349696K)
[289.108s][info][gc,metaspace   ] GC(301) Metaspace: 14639K->14639K(31744K)
[289.108s][info][gc             ] GC(301) Pause Young (Allocation Failure) 178M->177M(455M) 1152.597ms
[289.108s][info][gc,cpu         ] GC(301) User=7.48s Sys=0.05s Real=1.17s
[289.352s][info][gc,start       ] GC(302) Pause Young (Allocation Failure)
[290.367s][info][gc,heap        ] GC(302) PSYoungGen: 116736K->57856K(116736K)
[290.367s][info][gc,heap        ] GC(302) ParOldGen: 124366K->183238K(349696K)
[290.367s][info][gc,metaspace   ] GC(302) Metaspace: 14639K->14639K(31744K)
[290.368s][info][gc             ] GC(302) Pause Young (Allocation Failure) 235M->235M(455M) 1015.419ms
[290.368s][info][gc,cpu         ] GC(302) User=6.81s Sys=0.02s Real=1.03s
[290.654s][info][gc,start       ] GC(303) Pause Young (Allocation Failure)
[291.498s][info][gc,heap        ] GC(303) PSYoungGen: 116736K->57856K(116736K)
[291.498s][info][gc,heap        ] GC(303) ParOldGen: 183238K->242150K(349696K)
[291.498s][info][gc,metaspace   ] GC(303) Metaspace: 14639K->14639K(31744K)
[291.498s][info][gc             ] GC(303) Pause Young (Allocation Failure) 292M->292M(455M) 844.358ms
[291.499s][info][gc,cpu         ] GC(303) User=5.48s Sys=0.03s Real=0.84s
[292.334s][info][gc,start       ] GC(304) Pause Full (Ergonomics)
[292.335s][info][gc,phases,start] GC(304) Marking Phase
[292.470s][info][gc,phases      ] GC(304) Marking Phase 135.334ms
[292.470s][info][gc,phases,start] GC(304) Summary Phase
[292.470s][info][gc,phases      ] GC(304) Summary Phase 0.119ms
[292.470s][info][gc,phases,start] GC(304) Adjust Roots
[292.474s][info][gc,phases      ] GC(304) Adjust Roots 4.003ms
[292.474s][info][gc,phases,start] GC(304) Compaction Phase
[292.557s][info][gc,phases      ] GC(304) Compaction Phase 82.889ms
[292.557s][info][gc,phases,start] GC(304) Post Compact
[292.567s][info][gc,phases      ] GC(304) Post Compact 9.428ms
[292.567s][info][gc,heap        ] GC(304) PSYoungGen: 116736K->0K(116736K)
[292.567s][info][gc,heap        ] GC(304) ParOldGen: 288634K->81141K(349696K)
[292.567s][info][gc,metaspace   ] GC(304) Metaspace: 14639K->14639K(31744K)
[292.567s][info][gc             ] GC(304) Pause Full (Ergonomics) 395M->79M(455M) 232.708ms
[292.567s][info][gc,cpu         ] GC(304) User=1.08s Sys=0.02s Real=0.23s
[292.740s][info][gc,start       ] GC(305) Pause Young (Allocation Failure)
[293.392s][info][gc,heap        ] GC(305) PSYoungGen: 58880K->57856K(116736K)
[293.392s][info][gc,heap        ] GC(305) ParOldGen: 81141K->82125K(349696K)
[293.392s][info][gc,metaspace   ] GC(305) Metaspace: 14639K->14639K(31744K)
[293.392s][info][gc             ] GC(305) Pause Young (Allocation Failure) 136M->136M(455M) 652.034ms
[293.392s][info][gc,cpu         ] GC(305) User=4.77s Sys=0.00s Real=0.66s
[293.551s][info][gc,start       ] GC(306) Pause Young (Allocation Failure)
[294.697s][info][gc,heap        ] GC(306) PSYoungGen: 116736K->57856K(116736K)
[294.698s][info][gc,heap        ] GC(306) ParOldGen: 82125K->141181K(349696K)
[294.698s][info][gc,metaspace   ] GC(306) Metaspace: 14639K->14639K(31744K)
[294.698s][info][gc             ] GC(306) Pause Young (Allocation Failure) 194M->194M(455M) 1147.088ms
[294.698s][info][gc,cpu         ] GC(306) User=7.98s Sys=0.02s Real=1.14s
[294.933s][info][gc,start       ] GC(307) Pause Young (Allocation Failure)
[295.875s][info][gc,heap        ] GC(307) PSYoungGen: 116736K->57856K(116736K)
[295.875s][info][gc,heap        ] GC(307) ParOldGen: 141181K->200133K(349696K)
[295.875s][info][gc,metaspace   ] GC(307) Metaspace: 14639K->14639K(31744K)
[295.875s][info][gc             ] GC(307) Pause Young (Allocation Failure) 251M->251M(455M) 942.011ms
[295.875s][info][gc,cpu         ] GC(307) User=6.34s Sys=0.03s Real=0.94s
[296.171s][info][gc,start       ] GC(308) Pause Young (Allocation Failure)
[297.148s][info][gc,heap        ] GC(308) PSYoungGen: 116736K->57856K(116736K)
[297.148s][info][gc,heap        ] GC(308) ParOldGen: 200133K->258061K(349696K)
[297.148s][info][gc,metaspace   ] GC(308) Metaspace: 14640K->14640K(31744K)
[297.148s][info][gc             ] GC(308) Pause Young (Allocation Failure) 309M->308M(455M) 977.218ms
[297.148s][info][gc,cpu         ] GC(308) User=6.55s Sys=0.00s Real=0.98s
[297.148s][info][gc,start       ] GC(309) Pause Full (Ergonomics)
[297.148s][info][gc,phases,start] GC(309) Marking Phase
[297.803s][info][gc,phases      ] GC(309) Marking Phase 654.623ms
[297.803s][info][gc,phases,start] GC(309) Summary Phase
[297.803s][info][gc,phases      ] GC(309) Summary Phase 0.081ms
[297.803s][info][gc,phases,start] GC(309) Adjust Roots
[297.812s][info][gc,phases      ] GC(309) Adjust Roots 8.523ms
[297.812s][info][gc,phases,start] GC(309) Compaction Phase
[300.135s][info][gc,phases      ] GC(309) Compaction Phase 2323.112ms
[300.135s][info][gc,phases,start] GC(309) Post Compact
[300.140s][info][gc,phases      ] GC(309) Post Compact 4.433ms
[300.140s][info][gc,heap        ] GC(309) PSYoungGen: 57856K->0K(116736K)
[300.140s][info][gc,heap        ] GC(309) ParOldGen: 258061K->314419K(349696K)
[300.140s][info][gc,metaspace   ] GC(309) Metaspace: 14640K->14640K(31744K)
[300.140s][info][gc             ] GC(309) Pause Full (Ergonomics) 308M->307M(455M) 2991.726ms
[300.140s][info][gc,cpu         ] GC(309) User=11.31s Sys=0.05s Real=2.98s
[300.637s][info][gc,start       ] GC(310) Pause Young (Allocation Failure)
[300.867s][info][gc,heap        ] GC(310) PSYoungGen: 16586K->16448K(116736K)
[300.867s][info][gc,heap        ] GC(310) ParOldGen: 314419K->314419K(349696K)
[300.867s][info][gc,metaspace   ] GC(310) Metaspace: 14640K->14640K(31744K)
[300.867s][info][gc             ] GC(310) Pause Young (Allocation Failure) 323M->323M(455M) 229.636ms
[300.867s][info][gc,cpu         ] GC(310) User=1.59s Sys=0.02s Real=0.23s
[300.867s][info][gc,start       ] GC(311) Pause Full (Ergonomics)
[300.867s][info][gc,phases,start] GC(311) Marking Phase
[300.909s][info][gc,phases      ] GC(311) Marking Phase 41.908ms
[300.909s][info][gc,phases,start] GC(311) Summary Phase
[300.909s][info][gc,phases      ] GC(311) Summary Phase 0.063ms
[300.909s][info][gc,phases,start] GC(311) Adjust Roots
[300.912s][info][gc,phases      ] GC(311) Adjust Roots 2.920ms
[300.912s][info][gc,phases,start] GC(311) Compaction Phase
[300.920s][info][gc,phases      ] GC(311) Compaction Phase 7.876ms
[300.920s][info][gc,phases,start] GC(311) Post Compact
[300.937s][info][gc,phases      ] GC(311) Post Compact 16.956ms
[300.938s][info][gc,heap        ] GC(311) PSYoungGen: 16448K->0K(116736K)
[300.938s][info][gc,heap        ] GC(311) ParOldGen: 314419K->5720K(349696K)
[300.938s][info][gc,metaspace   ] GC(311) Metaspace: 14640K->14585K(31744K)
[300.938s][info][gc             ] GC(311) Pause Full (Ergonomics) 323M->5M(455M) 70.555ms
[300.938s][info][gc,cpu         ] GC(311) User=0.14s Sys=0.00s Real=0.08s
[301.010s][info][gc,start       ] GC(312) Pause Young (Allocation Failure)
[301.214s][info][gc,heap        ] GC(312) PSYoungGen: 58880K->57851K(116736K)
[301.215s][info][gc,heap        ] GC(312) ParOldGen: 5720K->6536K(349696K)
[301.215s][info][gc,metaspace   ] GC(312) Metaspace: 14585K->14585K(31744K)
[301.215s][info][gc             ] GC(312) Pause Young (Allocation Failure) 63M->62M(455M) 205.121ms
[301.215s][info][gc,cpu         ] GC(312) User=1.17s Sys=0.02s Real=0.19s
[301.397s][info][gc,start       ] GC(313) Pause Young (Allocation Failure)
[301.738s][info][gc,heap        ] GC(313) PSYoungGen: 116731K->57856K(116736K)
[301.738s][info][gc,heap        ] GC(313) ParOldGen: 6536K->65467K(349696K)
[301.738s][info][gc,metaspace   ] GC(313) Metaspace: 14585K->14585K(31744K)
[301.739s][info][gc             ] GC(313) Pause Young (Allocation Failure) 120M->120M(455M) 341.951ms
[301.739s][info][gc,cpu         ] GC(313) User=2.17s Sys=0.02s Real=0.35s
[301.870s][info][gc,start       ] GC(314) Pause Young (Allocation Failure)
[303.105s][info][gc,heap        ] GC(314) PSYoungGen: 116736K->57856K(116736K)
[303.105s][info][gc,heap        ] GC(314) ParOldGen: 65467K->124515K(349696K)
[303.105s][info][gc,metaspace   ] GC(314) Metaspace: 14585K->14585K(31744K)
[303.105s][info][gc             ] GC(314) Pause Young (Allocation Failure) 177M->178M(455M) 1235.830ms
[303.105s][info][gc,cpu         ] GC(314) User=7.72s Sys=0.06s Real=1.24s
[303.614s][info][gc,start       ] GC(315) Pause Young (Allocation Failure)
[305.149s][info][gc,heap        ] GC(315) PSYoungGen: 116736K->57856K(116736K)
[305.149s][info][gc,heap        ] GC(315) ParOldGen: 124515K->182755K(349696K)
[305.149s][info][gc,metaspace   ] GC(315) Metaspace: 14587K->14587K(31744K)
[305.149s][info][gc             ] GC(315) Pause Young (Allocation Failure) 235M->234M(455M) 1535.394ms
[305.149s][info][gc,cpu         ] GC(315) User=10.91s Sys=0.05s Real=1.53s
[305.472s][info][gc,start       ] GC(316) Pause Young (Allocation Failure)
[306.517s][info][gc,heap        ] GC(316) PSYoungGen: 116736K->57856K(116736K)
[306.517s][info][gc,heap        ] GC(316) ParOldGen: 182755K->241515K(349696K)
[306.517s][info][gc,metaspace   ] GC(316) Metaspace: 14588K->14588K(31744K)
[306.517s][info][gc             ] GC(316) Pause Young (Allocation Failure) 292M->292M(455M) 1044.687ms
[306.517s][info][gc,cpu         ] GC(316) User=6.22s Sys=0.02s Real=1.05s
[307.327s][info][gc,start       ] GC(317) Pause Full (Ergonomics)
[307.328s][info][gc,phases,start] GC(317) Marking Phase
[307.463s][info][gc,phases      ] GC(317) Marking Phase 134.892ms
[307.463s][info][gc,phases,start] GC(317) Summary Phase
[307.463s][info][gc,phases      ] GC(317) Summary Phase 0.063ms
[307.463s][info][gc,phases,start] GC(317) Adjust Roots
[307.469s][info][gc,phases      ] GC(317) Adjust Roots 6.244ms
[307.469s][info][gc,phases,start] GC(317) Compaction Phase
[307.566s][info][gc,phases      ] GC(317) Compaction Phase 96.509ms
[307.566s][info][gc,phases,start] GC(317) Post Compact
[307.579s][info][gc,phases      ] GC(317) Post Compact 13.134ms
[307.579s][info][gc,heap        ] GC(317) PSYoungGen: 116736K->0K(116736K)
[307.579s][info][gc,heap        ] GC(317) ParOldGen: 288781K->75465K(349696K)
[307.579s][info][gc,metaspace   ] GC(317) Metaspace: 14588K->14588K(31744K)
[307.579s][info][gc             ] GC(317) Pause Full (Ergonomics) 396M->73M(455M) 251.983ms
[307.580s][info][gc,cpu         ] GC(317) User=1.27s Sys=0.02s Real=0.25s
[307.679s][info][gc,start       ] GC(318) Pause Young (Allocation Failure)
[308.394s][info][gc,heap        ] GC(318) PSYoungGen: 58880K->57856K(116736K)
[308.394s][info][gc,heap        ] GC(318) ParOldGen: 75465K->76345K(349696K)
[308.394s][info][gc,metaspace   ] GC(318) Metaspace: 14588K->14588K(31744K)
[308.394s][info][gc             ] GC(318) Pause Young (Allocation Failure) 131M->131M(455M) 714.773ms
[308.394s][info][gc,cpu         ] GC(318) User=5.02s Sys=0.00s Real=0.72s
[308.764s][info][gc,start       ] GC(319) Pause Young (Allocation Failure)
[310.246s][info][gc,heap        ] GC(319) PSYoungGen: 116736K->57856K(116736K)
[310.246s][info][gc,heap        ] GC(319) ParOldGen: 76345K->135249K(349696K)
[310.246s][info][gc,metaspace   ] GC(319) Metaspace: 14588K->14588K(31744K)
[310.246s][info][gc             ] GC(319) Pause Young (Allocation Failure) 188M->188M(455M) 1481.843ms
[310.246s][info][gc,cpu         ] GC(319) User=10.75s Sys=0.03s Real=1.49s
[310.563s][info][gc,start       ] GC(320) Pause Young (Allocation Failure)
[311.745s][info][gc,heap        ] GC(320) PSYoungGen: 116736K->57856K(116736K)
[311.745s][info][gc,heap        ] GC(320) ParOldGen: 135249K->194137K(349696K)
[311.745s][info][gc,metaspace   ] GC(320) Metaspace: 14589K->14589K(31744K)
[311.745s][info][gc             ] GC(320) Pause Young (Allocation Failure) 246M->246M(455M) 1182.076ms
[311.745s][info][gc,cpu         ] GC(320) User=7.83s Sys=0.06s Real=1.19s
[312.504s][info][gc,start       ] GC(321) Pause Young (Allocation Failure)
[313.558s][info][gc,heap        ] GC(321) PSYoungGen: 116736K->57856K(116736K)
[313.558s][info][gc,heap        ] GC(321) ParOldGen: 194137K->252801K(349696K)
[313.558s][info][gc,metaspace   ] GC(321) Metaspace: 14589K->14589K(31744K)
[313.558s][info][gc             ] GC(321) Pause Young (Allocation Failure) 303M->303M(455M) 1053.842ms
[313.558s][info][gc,cpu         ] GC(321) User=6.83s Sys=0.02s Real=1.05s
[313.558s][info][gc,start       ] GC(322) Pause Full (Ergonomics)
[313.559s][info][gc,phases,start] GC(322) Marking Phase
[314.218s][info][gc,phases      ] GC(322) Marking Phase 659.047ms
[314.218s][info][gc,phases,start] GC(322) Summary Phase
[314.218s][info][gc,phases      ] GC(322) Summary Phase 0.082ms
[314.218s][info][gc,phases,start] GC(322) Adjust Roots
[314.222s][info][gc,phases      ] GC(322) Adjust Roots 3.645ms
[314.222s][info][gc,phases,start] GC(322) Compaction Phase
[316.224s][info][gc,phases      ] GC(322) Compaction Phase 2002.586ms
[316.224s][info][gc,phases,start] GC(322) Post Compact
[316.230s][info][gc,phases      ] GC(322) Post Compact 5.489ms
[316.230s][info][gc,heap        ] GC(322) PSYoungGen: 57856K->0K(116736K)
[316.230s][info][gc,heap        ] GC(322) ParOldGen: 252801K->309694K(349696K)
[316.230s][info][gc,metaspace   ] GC(322) Metaspace: 14589K->14589K(31744K)
[316.230s][info][gc             ] GC(322) Pause Full (Ergonomics) 303M->302M(455M) 2671.896ms
[316.230s][info][gc,cpu         ] GC(322) User=14.34s Sys=0.14s Real=2.66s
[316.602s][info][gc,start       ] GC(323) Pause Young (Allocation Failure)
[316.837s][info][gc,heap        ] GC(323) PSYoungGen: 27424K->26752K(116736K)
[316.837s][info][gc,heap        ] GC(323) ParOldGen: 309694K->309694K(349696K)
[316.837s][info][gc,metaspace   ] GC(323) Metaspace: 14590K->14590K(31744K)
[316.838s][info][gc             ] GC(323) Pause Young (Allocation Failure) 329M->328M(455M) 235.056ms
[316.838s][info][gc,cpu         ] GC(323) User=1.34s Sys=0.03s Real=0.23s
[316.838s][info][gc,start       ] GC(324) Pause Full (Ergonomics)
[316.839s][info][gc,phases,start] GC(324) Marking Phase
[316.861s][info][gc,phases      ] GC(324) Marking Phase 21.881ms
[316.861s][info][gc,phases,start] GC(324) Summary Phase
[316.861s][info][gc,phases      ] GC(324) Summary Phase 0.063ms
[316.861s][info][gc,phases,start] GC(324) Adjust Roots
[316.864s][info][gc,phases      ] GC(324) Adjust Roots 2.795ms
[316.864s][info][gc,phases,start] GC(324) Compaction Phase
[316.870s][info][gc,phases      ] GC(324) Compaction Phase 6.465ms
[316.870s][info][gc,phases,start] GC(324) Post Compact
[316.874s][info][gc,phases      ] GC(324) Post Compact 3.948ms
[316.874s][info][gc,heap        ] GC(324) PSYoungGen: 26752K->0K(116736K)
[316.874s][info][gc,heap        ] GC(324) ParOldGen: 309694K->5721K(349696K)
[316.874s][info][gc,metaspace   ] GC(324) Metaspace: 14590K->14590K(31744K)
[316.874s][info][gc             ] GC(324) Pause Full (Ergonomics) 328M->5M(455M) 36.570ms
[316.874s][info][gc,cpu         ] GC(324) User=0.08s Sys=0.00s Real=0.03s
[316.924s][info][gc,start       ] GC(325) Pause Young (Allocation Failure)
[317.110s][info][gc,heap        ] GC(325) PSYoungGen: 58880K->57832K(116736K)
[317.110s][info][gc,heap        ] GC(325) ParOldGen: 5721K->6761K(349696K)
[317.110s][info][gc,metaspace   ] GC(325) Metaspace: 14598K->14598K(31744K)
[317.110s][info][gc             ] GC(325) Pause Young (Allocation Failure) 63M->63M(455M) 186.355ms
[317.110s][info][gc,cpu         ] GC(325) User=1.30s Sys=0.00s Real=0.19s
[317.258s][info][gc,start       ] GC(326) Pause Young (Allocation Failure)
[317.477s][info][gc,heap        ] GC(326) PSYoungGen: 116712K->57856K(116736K)
[317.477s][info][gc,heap        ] GC(326) ParOldGen: 6761K->65546K(349696K)
[317.477s][info][gc,metaspace   ] GC(326) Metaspace: 14607K->14607K(31744K)
[317.477s][info][gc             ] GC(326) Pause Young (Allocation Failure) 120M->120M(455M) 218.583ms
[317.477s][info][gc,cpu         ] GC(326) User=1.56s Sys=0.03s Real=0.22s
[317.612s][info][gc,start       ] GC(327) Pause Young (Allocation Failure)
[318.558s][info][gc,heap        ] GC(327) PSYoungGen: 116736K->57856K(116736K)
[318.558s][info][gc,heap        ] GC(327) ParOldGen: 65546K->124714K(349696K)
[318.558s][info][gc,metaspace   ] GC(327) Metaspace: 14607K->14607K(31744K)
[318.558s][info][gc             ] GC(327) Pause Young (Allocation Failure) 178M->178M(455M) 946.926ms
[318.559s][info][gc,cpu         ] GC(327) User=6.06s Sys=0.00s Real=0.97s
[319.008s][info][gc,start       ] GC(328) Pause Young (Allocation Failure)
[320.371s][info][gc,heap        ] GC(328) PSYoungGen: 116736K->57856K(116736K)
[320.371s][info][gc,heap        ] GC(328) ParOldGen: 124714K->183642K(349696K)
[320.371s][info][gc,metaspace   ] GC(328) Metaspace: 14607K->14607K(31744K)
[320.371s][info][gc             ] GC(328) Pause Young (Allocation Failure) 235M->235M(455M) 1363.614ms
[320.371s][info][gc,cpu         ] GC(328) User=9.19s Sys=0.00s Real=1.37s
[320.728s][info][gc,start       ] GC(329) Pause Young (Allocation Failure)
[321.919s][info][gc,heap        ] GC(329) PSYoungGen: 116736K->57856K(116736K)
[321.919s][info][gc,heap        ] GC(329) ParOldGen: 183642K->242250K(349696K)
[321.919s][info][gc,metaspace   ] GC(329) Metaspace: 14607K->14607K(31744K)
[321.919s][info][gc             ] GC(329) Pause Young (Allocation Failure) 293M->293M(455M) 1191.409ms
[321.919s][info][gc,cpu         ] GC(329) User=7.98s Sys=0.06s Real=1.20s
[322.802s][info][gc,start       ] GC(330) Pause Full (Ergonomics)
[322.802s][info][gc,phases,start] GC(330) Marking Phase
[322.908s][info][gc,phases      ] GC(330) Marking Phase 105.959ms
[322.908s][info][gc,phases,start] GC(330) Summary Phase
[322.908s][info][gc,phases      ] GC(330) Summary Phase 0.077ms
[322.908s][info][gc,phases,start] GC(330) Adjust Roots
[322.912s][info][gc,phases      ] GC(330) Adjust Roots 3.554ms
[322.912s][info][gc,phases,start] GC(330) Compaction Phase
[322.972s][info][gc,phases      ] GC(330) Compaction Phase 60.502ms
[322.973s][info][gc,phases,start] GC(330) Post Compact
[322.996s][info][gc,phases      ] GC(330) Post Compact 23.774ms
[322.997s][info][gc,heap        ] GC(330) PSYoungGen: 116736K->0K(116736K)
[322.997s][info][gc,heap        ] GC(330) ParOldGen: 290296K->71816K(349696K)
[322.997s][info][gc,metaspace   ] GC(330) Metaspace: 14607K->14607K(31744K)
[322.997s][info][gc             ] GC(330) Pause Full (Ergonomics) 397M->70M(455M) 195.051ms
[322.997s][info][gc,cpu         ] GC(330) User=0.75s Sys=0.02s Real=0.18s
[323.096s][info][gc,start       ] GC(331) Pause Young (Allocation Failure)
[323.837s][info][gc,heap        ] GC(331) PSYoungGen: 58880K->57856K(116736K)
[323.837s][info][gc,heap        ] GC(331) ParOldGen: 71816K->73000K(349696K)
[323.837s][info][gc,metaspace   ] GC(331) Metaspace: 14607K->14607K(31744K)
[323.837s][info][gc             ] GC(331) Pause Young (Allocation Failure) 127M->127M(455M) 741.100ms
[323.837s][info][gc,cpu         ] GC(331) User=5.17s Sys=0.02s Real=0.75s
[324.042s][info][gc,start       ] GC(332) Pause Young (Allocation Failure)
[325.116s][info][gc,heap        ] GC(332) PSYoungGen: 116736K->57856K(116736K)
[325.116s][info][gc,heap        ] GC(332) ParOldGen: 73000K->131632K(349696K)
[325.116s][info][gc,metaspace   ] GC(332) Metaspace: 14607K->14607K(31744K)
[325.116s][info][gc             ] GC(332) Pause Young (Allocation Failure) 185M->185M(455M) 1074.366ms
[325.117s][info][gc,cpu         ] GC(332) User=6.27s Sys=0.02s Real=1.07s
[325.439s][info][gc,start       ] GC(333) Pause Young (Allocation Failure)
[326.752s][info][gc,heap        ] GC(333) PSYoungGen: 116736K->57856K(116736K)
[326.753s][info][gc,heap        ] GC(333) ParOldGen: 131632K->190528K(349696K)
[326.753s][info][gc,metaspace   ] GC(333) Metaspace: 14610K->14610K(31744K)
[326.753s][info][gc             ] GC(333) Pause Young (Allocation Failure) 242M->242M(455M) 1313.717ms
[326.753s][info][gc,cpu         ] GC(333) User=8.70s Sys=0.08s Real=1.31s
[327.453s][info][gc,start       ] GC(334) Pause Young (Allocation Failure)
[328.676s][info][gc,heap        ] GC(334) PSYoungGen: 116736K->57856K(116736K)
[328.676s][info][gc,heap        ] GC(334) ParOldGen: 190528K->249240K(349696K)
[328.676s][info][gc,metaspace   ] GC(334) Metaspace: 14610K->14610K(31744K)
[328.676s][info][gc             ] GC(334) Pause Young (Allocation Failure) 300M->299M(455M) 1223.015ms
[328.676s][info][gc,cpu         ] GC(334) User=8.38s Sys=0.02s Real=1.21s
[328.677s][info][gc,start       ] GC(335) Pause Full (Ergonomics)
[328.677s][info][gc,phases,start] GC(335) Marking Phase
[329.470s][info][gc,phases      ] GC(335) Marking Phase 793.703ms
[329.471s][info][gc,phases,start] GC(335) Summary Phase
[329.471s][info][gc,phases      ] GC(335) Summary Phase 0.154ms
[329.471s][info][gc,phases,start] GC(335) Adjust Roots
[329.476s][info][gc,phases      ] GC(335) Adjust Roots 5.623ms
[329.477s][info][gc,phases,start] GC(335) Compaction Phase
[331.677s][info][gc,phases      ] GC(335) Compaction Phase 2199.827ms
[331.677s][info][gc,phases,start] GC(335) Post Compact
[331.682s][info][gc,phases      ] GC(335) Post Compact 5.658ms
[331.683s][info][gc,heap        ] GC(335) PSYoungGen: 57856K->0K(116736K)
[331.683s][info][gc,heap        ] GC(335) ParOldGen: 249240K->306149K(349696K)
[331.683s][info][gc,metaspace   ] GC(335) Metaspace: 14610K->14610K(31744K)
[331.683s][info][gc             ] GC(335) Pause Full (Ergonomics) 299M->298M(455M) 3006.222ms
[331.683s][info][gc,cpu         ] GC(335) User=15.64s Sys=0.11s Real=3.01s
[332.703s][info][gc,start       ] GC(336) Pause Young (Allocation Failure)
[333.107s][info][gc,heap        ] GC(336) PSYoungGen: 36847K->35936K(116736K)
[333.108s][info][gc,heap        ] GC(336) ParOldGen: 306149K->306149K(349696K)
[333.108s][info][gc,metaspace   ] GC(336) Metaspace: 14610K->14610K(31744K)
[333.108s][info][gc             ] GC(336) Pause Young (Allocation Failure) 334M->334M(455M) 404.515ms
[333.108s][info][gc,cpu         ] GC(336) User=2.52s Sys=0.00s Real=0.41s
[333.108s][info][gc,start       ] GC(337) Pause Full (Ergonomics)
[333.108s][info][gc,phases,start] GC(337) Marking Phase
[333.140s][info][gc,phases      ] GC(337) Marking Phase 31.555ms
[333.140s][info][gc,phases,start] GC(337) Summary Phase
[333.140s][info][gc,phases      ] GC(337) Summary Phase 0.074ms
[333.140s][info][gc,phases,start] GC(337) Adjust Roots
[333.143s][info][gc,phases      ] GC(337) Adjust Roots 3.150ms
[333.143s][info][gc,phases,start] GC(337) Compaction Phase
[333.150s][info][gc,phases      ] GC(337) Compaction Phase 6.701ms
[333.150s][info][gc,phases,start] GC(337) Post Compact
[333.157s][info][gc,phases      ] GC(337) Post Compact 6.907ms
[333.157s][info][gc,heap        ] GC(337) PSYoungGen: 35936K->0K(116736K)
[333.157s][info][gc,heap        ] GC(337) ParOldGen: 306149K->5741K(349696K)
[333.157s][info][gc,metaspace   ] GC(337) Metaspace: 14610K->14610K(31744K)
[333.157s][info][gc             ] GC(337) Pause Full (Ergonomics) 334M->5M(455M) 49.271ms
[333.157s][info][gc,cpu         ] GC(337) User=0.14s Sys=0.03s Real=0.05s
[333.208s][info][gc,start       ] GC(338) Pause Young (Allocation Failure)
[333.344s][info][gc,heap        ] GC(338) PSYoungGen: 58880K->57845K(116736K)
[333.344s][info][gc,heap        ] GC(338) ParOldGen: 5741K->6661K(349696K)
[333.344s][info][gc,metaspace   ] GC(338) Metaspace: 14610K->14610K(31744K)
[333.344s][info][gc             ] GC(338) Pause Young (Allocation Failure) 63M->62M(455M) 136.582ms
[333.345s][info][gc,cpu         ] GC(338) User=0.72s Sys=0.03s Real=0.14s
[333.417s][info][gc,start       ] GC(339) Pause Young (Allocation Failure)
[333.693s][info][gc,heap        ] GC(339) PSYoungGen: 116725K->57856K(116736K)
[333.693s][info][gc,heap        ] GC(339) ParOldGen: 6661K->65571K(349696K)
[333.693s][info][gc,metaspace   ] GC(339) Metaspace: 14610K->14610K(31744K)
[333.693s][info][gc             ] GC(339) Pause Young (Allocation Failure) 120M->120M(455M) 276.087ms
[333.693s][info][gc,cpu         ] GC(339) User=1.83s Sys=0.00s Real=0.29s
[334.010s][info][gc,start       ] GC(340) Pause Young (Allocation Failure)
[335.048s][info][gc,heap        ] GC(340) PSYoungGen: 116736K->57856K(116736K)
[335.048s][info][gc,heap        ] GC(340) ParOldGen: 65571K->124379K(349696K)
[335.048s][info][gc,metaspace   ] GC(340) Metaspace: 14612K->14612K(31744K)
[335.048s][info][gc             ] GC(340) Pause Young (Allocation Failure) 178M->177M(455M) 1037.906ms
[335.048s][info][gc,cpu         ] GC(340) User=5.92s Sys=0.02s Real=1.04s
[335.583s][info][gc,start       ] GC(341) Pause Young (Allocation Failure)
[336.933s][info][gc,heap        ] GC(341) PSYoungGen: 116736K->57856K(116736K)
[336.933s][info][gc,heap        ] GC(341) ParOldGen: 124379K->183203K(349696K)
[336.933s][info][gc,metaspace   ] GC(341) Metaspace: 14612K->14612K(31744K)
[336.933s][info][gc             ] GC(341) Pause Young (Allocation Failure) 235M->235M(455M) 1350.398ms
[336.933s][info][gc,cpu         ] GC(341) User=8.95s Sys=0.05s Real=1.35s
[337.640s][info][gc,start       ] GC(342) Pause Young (Allocation Failure)
[338.715s][info][gc,heap        ] GC(342) PSYoungGen: 116736K->57856K(116736K)
[338.715s][info][gc,heap        ] GC(342) ParOldGen: 183203K->241883K(349696K)
[338.715s][info][gc,metaspace   ] GC(342) Metaspace: 14612K->14612K(31744K)
[338.715s][info][gc             ] GC(342) Pause Young (Allocation Failure) 292M->292M(455M) 1075.619ms
[338.716s][info][gc,cpu         ] GC(342) User=7.67s Sys=0.03s Real=1.09s
[339.559s][info][gc,start       ] GC(343) Pause Full (Ergonomics)
[339.559s][info][gc,phases,start] GC(343) Marking Phase
[339.672s][info][gc,phases      ] GC(343) Marking Phase 112.595ms
[339.672s][info][gc,phases,start] GC(343) Summary Phase
[339.672s][info][gc,phases      ] GC(343) Summary Phase 0.099ms
[339.672s][info][gc,phases,start] GC(343) Adjust Roots
[339.677s][info][gc,phases      ] GC(343) Adjust Roots 4.914ms
[339.677s][info][gc,phases,start] GC(343) Compaction Phase
[339.725s][info][gc,phases      ] GC(343) Compaction Phase 48.005ms
[339.725s][info][gc,phases,start] GC(343) Post Compact
[339.738s][info][gc,phases      ] GC(343) Post Compact 12.734ms
[339.738s][info][gc,heap        ] GC(343) PSYoungGen: 116736K->0K(116736K)
[339.738s][info][gc,heap        ] GC(343) ParOldGen: 290711K->66841K(349696K)
[339.738s][info][gc,metaspace   ] GC(343) Metaspace: 14624K->14624K(31744K)
[339.738s][info][gc             ] GC(343) Pause Full (Ergonomics) 397M->65M(455M) 179.558ms
[339.738s][info][gc,cpu         ] GC(343) User=0.75s Sys=0.02s Real=0.19s
[339.768s][info][gc,start       ] GC(344) Pause Young (Allocation Failure)
[340.400s][info][gc,heap        ] GC(344) PSYoungGen: 58880K->57856K(116736K)
[340.400s][info][gc,heap        ] GC(344) ParOldGen: 66841K->67913K(349696K)
[340.400s][info][gc,metaspace   ] GC(344) Metaspace: 14624K->14624K(31744K)
[340.400s][info][gc             ] GC(344) Pause Young (Allocation Failure) 122M->122M(455M) 632.774ms
[340.400s][info][gc,cpu         ] GC(344) User=4.38s Sys=0.00s Real=0.63s
[340.574s][info][gc,start       ] GC(345) Pause Young (Allocation Failure)
[341.513s][info][gc,heap        ] GC(345) PSYoungGen: 116736K->57856K(116736K)
[341.513s][info][gc,heap        ] GC(345) ParOldGen: 67913K->126601K(349696K)
[341.513s][info][gc,metaspace   ] GC(345) Metaspace: 14624K->14624K(31744K)
[341.513s][info][gc             ] GC(345) Pause Young (Allocation Failure) 180M->180M(455M) 939.599ms
[341.513s][info][gc,cpu         ] GC(345) User=5.53s Sys=0.06s Real=0.94s
[341.757s][info][gc,start       ] GC(346) Pause Young (Allocation Failure)
[342.970s][info][gc,heap        ] GC(346) PSYoungGen: 116736K->57856K(116736K)
[342.970s][info][gc,heap        ] GC(346) ParOldGen: 126601K->185609K(349696K)
[342.970s][info][gc,metaspace   ] GC(346) Metaspace: 14626K->14626K(31744K)
[342.970s][info][gc             ] GC(346) Pause Young (Allocation Failure) 237M->237M(455M) 1212.856ms
[342.970s][info][gc,cpu         ] GC(346) User=8.53s Sys=0.00s Real=1.22s
[343.319s][info][gc,start       ] GC(347) Pause Young (Allocation Failure)
[344.554s][info][gc,heap        ] GC(347) PSYoungGen: 116736K->57856K(116736K)
[344.554s][info][gc,heap        ] GC(347) ParOldGen: 185609K->244441K(349696K)
[344.554s][info][gc,metaspace   ] GC(347) Metaspace: 14626K->14626K(31744K)
[344.555s][info][gc             ] GC(347) Pause Young (Allocation Failure) 295M->295M(455M) 1235.414ms
[344.555s][info][gc,cpu         ] GC(347) User=8.36s Sys=0.05s Real=1.24s
[344.555s][info][gc,start       ] GC(348) Pause Full (Ergonomics)
[344.555s][info][gc,phases,start] GC(348) Marking Phase
[345.121s][info][gc,phases      ] GC(348) Marking Phase 566.458ms
[345.122s][info][gc,phases,start] GC(348) Summary Phase
[345.122s][info][gc,phases      ] GC(348) Summary Phase 0.083ms
[345.122s][info][gc,phases,start] GC(348) Adjust Roots
[345.144s][info][gc,phases      ] GC(348) Adjust Roots 22.693ms
[345.145s][info][gc,phases,start] GC(348) Compaction Phase
[347.526s][info][gc,phases      ] GC(348) Compaction Phase 2380.910ms
[347.526s][info][gc,phases,start] GC(348) Post Compact
[347.530s][info][gc,phases      ] GC(348) Post Compact 4.251ms
[347.531s][info][gc,heap        ] GC(348) PSYoungGen: 57856K->0K(116736K)
[347.531s][info][gc,heap        ] GC(348) ParOldGen: 244441K->301176K(349696K)
[347.531s][info][gc,metaspace   ] GC(348) Metaspace: 14626K->14626K(31744K)
[347.531s][info][gc             ] GC(348) Pause Full (Ergonomics) 295M->294M(455M) 2975.944ms
[347.531s][info][gc,cpu         ] GC(348) User=9.27s Sys=0.08s Real=2.98s
[348.436s][info][gc,start       ] GC(349) Pause Young (Allocation Failure)
[349.055s][info][gc,heap        ] GC(349) PSYoungGen: 47651K->46528K(116736K)
[349.055s][info][gc,heap        ] GC(349) ParOldGen: 301176K->301176K(349696K)
[349.055s][info][gc,metaspace   ] GC(349) Metaspace: 14627K->14627K(31744K)
[349.055s][info][gc             ] GC(349) Pause Young (Allocation Failure) 340M->339M(455M) 618.708ms
[349.055s][info][gc,cpu         ] GC(349) User=4.22s Sys=0.03s Real=0.63s
[349.055s][info][gc,start       ] GC(350) Pause Full (Ergonomics)
[349.055s][info][gc,phases,start] GC(350) Marking Phase
[349.086s][info][gc,phases      ] GC(350) Marking Phase 31.265ms
[349.087s][info][gc,phases,start] GC(350) Summary Phase
[349.087s][info][gc,phases      ] GC(350) Summary Phase 0.205ms
[349.087s][info][gc,phases,start] GC(350) Adjust Roots
[349.097s][info][gc,phases      ] GC(350) Adjust Roots 10.412ms
[349.097s][info][gc,phases,start] GC(350) Compaction Phase
[349.105s][info][gc,phases      ] GC(350) Compaction Phase 7.736ms
[349.105s][info][gc,phases,start] GC(350) Post Compact
[349.112s][info][gc,phases      ] GC(350) Post Compact 6.361ms
[349.112s][info][gc,heap        ] GC(350) PSYoungGen: 46528K->0K(116736K)
[349.112s][info][gc,heap        ] GC(350) ParOldGen: 301176K->5735K(349696K)
[349.112s][info][gc,metaspace   ] GC(350) Metaspace: 14627K->14627K(31744K)
[349.112s][info][gc             ] GC(350) Pause Full (Ergonomics) 339M->5M(455M) 56.943ms
[349.112s][info][gc,cpu         ] GC(350) User=0.22s Sys=0.00s Real=0.05s
[349.155s][info][gc,start       ] GC(351) Pause Young (Allocation Failure)
[349.347s][info][gc,heap        ] GC(351) PSYoungGen: 58880K->57826K(116736K)
[349.348s][info][gc,heap        ] GC(351) ParOldGen: 5735K->6607K(349696K)
[349.348s][info][gc,metaspace   ] GC(351) Metaspace: 14627K->14627K(31744K)
[349.348s][info][gc             ] GC(351) Pause Young (Allocation Failure) 63M->62M(455M) 192.341ms
[349.348s][info][gc,cpu         ] GC(351) User=1.13s Sys=0.00s Real=0.19s
[349.408s][info][gc,start       ] GC(352) Pause Young (Allocation Failure)
[349.702s][info][gc,heap        ] GC(352) PSYoungGen: 116706K->57856K(116736K)
[349.702s][info][gc,heap        ] GC(352) ParOldGen: 6607K->65521K(349696K)
[349.702s][info][gc,metaspace   ] GC(352) Metaspace: 14627K->14627K(31744K)
[349.702s][info][gc             ] GC(352) Pause Young (Allocation Failure) 120M->120M(455M) 293.826ms
[349.702s][info][gc,cpu         ] GC(352) User=2.02s Sys=0.02s Real=0.31s
[349.992s][info][gc,start       ] GC(353) Pause Young (Allocation Failure)
[350.971s][info][gc,heap        ] GC(353) PSYoungGen: 116736K->57856K(116736K)
[350.971s][info][gc,heap        ] GC(353) ParOldGen: 65521K->124545K(349696K)
[350.971s][info][gc,metaspace   ] GC(353) Metaspace: 14627K->14627K(31744K)
[350.971s][info][gc             ] GC(353) Pause Young (Allocation Failure) 177M->178M(455M) 979.655ms
[350.971s][info][gc,cpu         ] GC(353) User=6.41s Sys=0.05s Real=0.99s
[351.416s][info][gc,start       ] GC(354) Pause Young (Allocation Failure)
[352.690s][info][gc,heap        ] GC(354) PSYoungGen: 116736K->57856K(116736K)
[352.690s][info][gc,heap        ] GC(354) ParOldGen: 124545K->183497K(349696K)
[352.690s][info][gc,metaspace   ] GC(354) Metaspace: 14627K->14627K(31744K)
[352.690s][info][gc             ] GC(354) Pause Young (Allocation Failure) 235M->235M(455M) 1274.757ms
[352.690s][info][gc,cpu         ] GC(354) User=9.05s Sys=0.00s Real=1.28s
[352.994s][info][gc,start       ] GC(355) Pause Young (Allocation Failure)
[354.023s][info][gc,heap        ] GC(355) PSYoungGen: 116736K->57856K(116736K)
[354.024s][info][gc,heap        ] GC(355) ParOldGen: 183497K->242097K(349696K)
[354.024s][info][gc,metaspace   ] GC(355) Metaspace: 14627K->14627K(31744K)
[354.024s][info][gc             ] GC(355) Pause Young (Allocation Failure) 293M->292M(455M) 1029.384ms
[354.024s][info][gc,cpu         ] GC(355) User=6.72s Sys=0.02s Real=1.05s
[354.915s][info][gc,start       ] GC(356) Pause Full (Ergonomics)
[354.915s][info][gc,phases,start] GC(356) Marking Phase
[354.996s][info][gc,phases      ] GC(356) Marking Phase 81.595ms
[354.997s][info][gc,phases,start] GC(356) Summary Phase
[354.997s][info][gc,phases      ] GC(356) Summary Phase 0.082ms
[354.997s][info][gc,phases,start] GC(356) Adjust Roots
[355.000s][info][gc,phases      ] GC(356) Adjust Roots 3.508ms
[355.000s][info][gc,phases,start] GC(356) Compaction Phase
[355.045s][info][gc,phases      ] GC(356) Compaction Phase 44.966ms
[355.045s][info][gc,phases,start] GC(356) Post Compact
[355.058s][info][gc,phases      ] GC(356) Post Compact 12.889ms
[355.059s][info][gc,heap        ] GC(356) PSYoungGen: 116736K->0K(116736K)
[355.059s][info][gc,heap        ] GC(356) ParOldGen: 291707K->62467K(349696K)
[355.059s][info][gc,metaspace   ] GC(356) Metaspace: 14627K->14627K(31744K)
[355.059s][info][gc             ] GC(356) Pause Full (Ergonomics) 398M->61M(455M) 144.481ms
[355.059s][info][gc,cpu         ] GC(356) User=0.41s Sys=0.00s Real=0.14s
[355.140s][info][gc,start       ] GC(357) Pause Young (Allocation Failure)
[355.623s][info][gc,heap        ] GC(357) PSYoungGen: 58880K->57856K(116736K)
[355.623s][info][gc,heap        ] GC(357) ParOldGen: 62467K->63619K(349696K)
[355.623s][info][gc,metaspace   ] GC(357) Metaspace: 14627K->14627K(31744K)
[355.623s][info][gc             ] GC(357) Pause Young (Allocation Failure) 118M->118M(455M) 483.444ms
[355.624s][info][gc,cpu         ] GC(357) User=3.09s Sys=0.05s Real=0.48s
[355.772s][info][gc,start       ] GC(358) Pause Young (Allocation Failure)
[356.640s][info][gc,heap        ] GC(358) PSYoungGen: 116736K->57856K(116736K)
[356.640s][info][gc,heap        ] GC(358) ParOldGen: 63619K->122523K(349696K)
[356.640s][info][gc,metaspace   ] GC(358) Metaspace: 14629K->14629K(31744K)
[356.640s][info][gc             ] GC(358) Pause Young (Allocation Failure) 176M->176M(455M) 868.428ms
[356.640s][info][gc,cpu         ] GC(358) User=4.83s Sys=0.03s Real=0.87s
[357.026s][info][gc,start       ] GC(359) Pause Young (Allocation Failure)
[357.884s][info][gc,heap        ] GC(359) PSYoungGen: 116736K->57856K(116736K)
[357.885s][info][gc,heap        ] GC(359) ParOldGen: 122523K->181179K(349696K)
[357.885s][info][gc,metaspace   ] GC(359) Metaspace: 14629K->14629K(31744K)
[357.885s][info][gc             ] GC(359) Pause Young (Allocation Failure) 233M->233M(455M) 858.958ms
[357.885s][info][gc,cpu         ] GC(359) User=5.03s Sys=0.03s Real=0.86s
[358.308s][info][gc,start       ] GC(360) Pause Young (Allocation Failure)
[359.382s][info][gc,heap        ] GC(360) PSYoungGen: 116736K->57856K(116736K)
[359.382s][info][gc,heap        ] GC(360) ParOldGen: 181179K->240043K(349696K)
[359.382s][info][gc,metaspace   ] GC(360) Metaspace: 14629K->14629K(31744K)
[359.382s][info][gc             ] GC(360) Pause Young (Allocation Failure) 290M->290M(455M) 1074.200ms
[359.382s][info][gc,cpu         ] GC(360) User=6.55s Sys=0.05s Real=1.08s
[360.597s][info][gc,start       ] GC(361) Pause Full (Ergonomics)
[360.597s][info][gc,phases,start] GC(361) Marking Phase
[360.684s][info][gc,phases      ] GC(361) Marking Phase 86.945ms
[360.684s][info][gc,phases,start] GC(361) Summary Phase
[360.684s][info][gc,phases      ] GC(361) Summary Phase 0.077ms
[360.684s][info][gc,phases,start] GC(361) Adjust Roots
[360.688s][info][gc,phases      ] GC(361) Adjust Roots 3.373ms
[360.688s][info][gc,phases,start] GC(361) Compaction Phase
[360.737s][info][gc,phases      ] GC(361) Compaction Phase 49.513ms
[360.737s][info][gc,phases,start] GC(361) Post Compact
[360.751s][info][gc,phases      ] GC(361) Post Compact 13.432ms
[360.751s][info][gc,heap        ] GC(361) PSYoungGen: 116736K->0K(116736K)
[360.751s][info][gc,heap        ] GC(361) ParOldGen: 290043K->57895K(349696K)
[360.751s][info][gc,metaspace   ] GC(361) Metaspace: 14629K->14629K(31744K)
[360.751s][info][gc             ] GC(361) Pause Full (Ergonomics) 397M->56M(455M) 154.325ms
[360.751s][info][gc,cpu         ] GC(361) User=0.47s Sys=0.00s Real=0.15s
[360.850s][info][gc,start       ] GC(362) Pause Young (Allocation Failure)
[361.370s][info][gc,heap        ] GC(362) PSYoungGen: 58880K->57856K(116736K)
[361.370s][info][gc,heap        ] GC(362) ParOldGen: 57895K->58703K(349696K)
[361.371s][info][gc,metaspace   ] GC(362) Metaspace: 14629K->14629K(31744K)
[361.371s][info][gc             ] GC(362) Pause Young (Allocation Failure) 114M->113M(455M) 520.144ms
[361.371s][info][gc,cpu         ] GC(362) User=2.00s Sys=0.09s Real=0.52s
[361.414s][info][gc,start       ] GC(363) Pause Young (Allocation Failure)
[362.544s][info][gc,heap        ] GC(363) PSYoungGen: 116736K->57856K(116736K)
[362.544s][info][gc,heap        ] GC(363) ParOldGen: 58703K->117711K(349696K)
[362.544s][info][gc,metaspace   ] GC(363) Metaspace: 14629K->14629K(31744K)
[362.544s][info][gc             ] GC(363) Pause Young (Allocation Failure) 171M->171M(455M) 1130.102ms
[362.545s][info][gc,cpu         ] GC(363) User=5.09s Sys=0.09s Real=1.13s
[362.924s][info][gc,start       ] GC(364) Pause Young (Allocation Failure)
[364.075s][info][gc,heap        ] GC(364) PSYoungGen: 116736K->57856K(116736K)
[364.075s][info][gc,heap        ] GC(364) ParOldGen: 117711K->176639K(349696K)
[364.075s][info][gc,metaspace   ] GC(364) Metaspace: 14629K->14629K(31744K)
[364.075s][info][gc             ] GC(364) Pause Young (Allocation Failure) 228M->228M(455M) 1151.311ms
[364.075s][info][gc,cpu         ] GC(364) User=5.48s Sys=0.20s Real=1.16s
[364.495s][info][gc,start       ] GC(365) Pause Young (Allocation Failure)
[365.653s][info][gc,heap        ] GC(365) PSYoungGen: 116736K->57856K(116736K)
[365.654s][info][gc,heap        ] GC(365) ParOldGen: 176639K->235279K(349696K)
[365.654s][info][gc,metaspace   ] GC(365) Metaspace: 14629K->14629K(31744K)
[365.654s][info][gc             ] GC(365) Pause Young (Allocation Failure) 286M->286M(455M) 1158.406ms
[365.654s][info][gc,cpu         ] GC(365) User=5.98s Sys=0.11s Real=1.17s
[366.777s][info][gc,start       ] GC(366) Pause Young (Allocation Failure)
[367.950s][info][gc,heap        ] GC(366) PSYoungGen: 116736K->57856K(116736K)
[367.951s][info][gc,heap        ] GC(366) ParOldGen: 235279K->294143K(349696K)
[367.951s][info][gc,metaspace   ] GC(366) Metaspace: 14629K->14629K(31744K)
[367.951s][info][gc             ] GC(366) Pause Young (Allocation Failure) 343M->343M(455M) 1173.813ms
[367.951s][info][gc,cpu         ] GC(366) User=7.80s Sys=0.03s Real=1.18s
[367.951s][info][gc,start       ] GC(367) Pause Full (Ergonomics)
[367.951s][info][gc,phases,start] GC(367) Marking Phase
[368.701s][info][gc,phases      ] GC(367) Marking Phase 749.633ms
[368.701s][info][gc,phases,start] GC(367) Summary Phase
[368.701s][info][gc,phases      ] GC(367) Summary Phase 0.062ms
[368.701s][info][gc,phases,start] GC(367) Adjust Roots
[368.707s][info][gc,phases      ] GC(367) Adjust Roots 6.035ms
[368.707s][info][gc,phases,start] GC(367) Compaction Phase
[371.723s][info][gc,phases      ] GC(367) Compaction Phase 3015.302ms
[371.723s][info][gc,phases,start] GC(367) Post Compact
[371.729s][info][gc,phases      ] GC(367) Post Compact 6.454ms
[371.730s][info][gc,heap        ] GC(367) PSYoungGen: 57856K->1534K(116736K)
[371.730s][info][gc,heap        ] GC(367) ParOldGen: 294143K->349211K(349696K)
[371.730s][info][gc,metaspace   ] GC(367) Metaspace: 14629K->14629K(31744K)
[371.730s][info][gc             ] GC(367) Pause Full (Ergonomics) 343M->342M(455M) 3778.652ms
[371.730s][info][gc,cpu         ] GC(367) User=12.16s Sys=0.22s Real=3.77s
[372.293s][info][gc,start       ] GC(368) Pause Full (Ergonomics)
[372.294s][info][gc,phases,start] GC(368) Marking Phase
[372.378s][info][gc,phases      ] GC(368) Marking Phase 84.514ms
[372.378s][info][gc,phases,start] GC(368) Summary Phase
[372.378s][info][gc,phases      ] GC(368) Summary Phase 0.078ms
[372.378s][info][gc,phases,start] GC(368) Adjust Roots
[372.382s][info][gc,phases      ] GC(368) Adjust Roots 3.377ms
[372.382s][info][gc,phases,start] GC(368) Compaction Phase
[372.432s][info][gc,phases      ] GC(368) Compaction Phase 50.264ms
[372.432s][info][gc,phases,start] GC(368) Post Compact
[372.440s][info][gc,phases      ] GC(368) Post Compact 7.623ms
[372.440s][info][gc,heap        ] GC(368) PSYoungGen: 60414K->0K(116736K)
[372.440s][info][gc,heap        ] GC(368) ParOldGen: 349211K->59180K(349696K)
[372.440s][info][gc,metaspace   ] GC(368) Metaspace: 14630K->14630K(31744K)
[372.440s][info][gc             ] GC(368) Pause Full (Ergonomics) 400M->57M(455M) 146.708ms
[372.440s][info][gc,cpu         ] GC(368) User=0.72s Sys=0.02s Real=0.15s
[372.496s][info][gc,start       ] GC(369) Pause Young (Allocation Failure)
[373.132s][info][gc,heap        ] GC(369) PSYoungGen: 58880K->57856K(116736K)
[373.132s][info][gc,heap        ] GC(369) ParOldGen: 59180K->60092K(349696K)
[373.132s][info][gc,metaspace   ] GC(369) Metaspace: 14630K->14630K(31744K)
[373.132s][info][gc             ] GC(369) Pause Young (Allocation Failure) 115M->115M(455M) 636.006ms
[373.132s][info][gc,cpu         ] GC(369) User=4.00s Sys=0.00s Real=0.65s
[373.259s][info][gc,start       ] GC(370) Pause Young (Allocation Failure)
[374.262s][info][gc,heap        ] GC(370) PSYoungGen: 116736K->57856K(116736K)
[374.262s][info][gc,heap        ] GC(370) ParOldGen: 60092K->119044K(349696K)
[374.262s][info][gc,metaspace   ] GC(370) Metaspace: 14630K->14630K(31744K)
[374.262s][info][gc             ] GC(370) Pause Young (Allocation Failure) 172M->172M(455M) 1003.256ms
[374.262s][info][gc,cpu         ] GC(370) User=5.86s Sys=0.05s Real=1.02s
[374.751s][info][gc,start       ] GC(371) Pause Young (Allocation Failure)
[375.686s][info][gc,heap        ] GC(371) PSYoungGen: 116736K->57856K(116736K)
[375.686s][info][gc,heap        ] GC(371) ParOldGen: 119044K->177852K(349696K)
[375.686s][info][gc,metaspace   ] GC(371) Metaspace: 14630K->14630K(31744K)
[375.687s][info][gc             ] GC(371) Pause Young (Allocation Failure) 230M->230M(455M) 936.012ms
[375.687s][info][gc,cpu         ] GC(371) User=5.58s Sys=0.08s Real=0.93s
[376.323s][info][gc,start       ] GC(372) Pause Young (Allocation Failure)
[377.645s][info][gc,heap        ] GC(372) PSYoungGen: 116736K->57856K(116736K)
[377.645s][info][gc,heap        ] GC(372) ParOldGen: 177852K->236772K(349696K)
[377.645s][info][gc,metaspace   ] GC(372) Metaspace: 14630K->14630K(31744K)
[377.645s][info][gc             ] GC(372) Pause Young (Allocation Failure) 287M->287M(455M) 1321.590ms
[377.645s][info][gc,cpu         ] GC(372) User=9.19s Sys=0.02s Real=1.33s
[378.073s][info][gc,start       ] GC(373) Pause Young (Allocation Failure)
[379.245s][info][gc,heap        ] GC(373) PSYoungGen: 116736K->57856K(116736K)
[379.245s][info][gc,heap        ] GC(373) ParOldGen: 236772K->295396K(349696K)
[379.245s][info][gc,metaspace   ] GC(373) Metaspace: 14631K->14631K(31744K)
[379.245s][info][gc             ] GC(373) Pause Young (Allocation Failure) 345M->344M(455M) 1172.184ms
[379.245s][info][gc,cpu         ] GC(373) User=7.59s Sys=0.03s Real=1.17s
[379.245s][info][gc,start       ] GC(374) Pause Full (Ergonomics)
[379.245s][info][gc,phases,start] GC(374) Marking Phase
[379.942s][info][gc,phases      ] GC(374) Marking Phase 696.214ms
[379.942s][info][gc,phases,start] GC(374) Summary Phase
[379.942s][info][gc,phases      ] GC(374) Summary Phase 0.099ms
[379.942s][info][gc,phases,start] GC(374) Adjust Roots
[379.948s][info][gc,phases      ] GC(374) Adjust Roots 5.426ms
[379.948s][info][gc,phases,start] GC(374) Compaction Phase
[382.613s][info][gc,phases      ] GC(374) Compaction Phase 2665.498ms
[382.614s][info][gc,phases,start] GC(374) Post Compact
[382.618s][info][gc,phases      ] GC(374) Post Compact 4.757ms
[382.619s][info][gc,heap        ] GC(374) PSYoungGen: 57856K->2046K(116736K)
[382.619s][info][gc,heap        ] GC(374) ParOldGen: 295396K->349666K(349696K)
[382.619s][info][gc,metaspace   ] GC(374) Metaspace: 14631K->14631K(31744K)
[382.619s][info][gc             ] GC(374) Pause Full (Ergonomics) 344M->343M(455M) 3373.328ms
[382.619s][info][gc,cpu         ] GC(374) User=11.31s Sys=0.08s Real=3.36s
[383.215s][info][gc,start       ] GC(375) Pause Full (Ergonomics)
[383.215s][info][gc,phases,start] GC(375) Marking Phase
[383.251s][info][gc,phases      ] GC(375) Marking Phase 35.542ms
[383.251s][info][gc,phases,start] GC(375) Summary Phase
[383.251s][info][gc,phases      ] GC(375) Summary Phase 0.079ms
[383.251s][info][gc,phases,start] GC(375) Adjust Roots
[383.254s][info][gc,phases      ] GC(375) Adjust Roots 3.279ms
[383.254s][info][gc,phases,start] GC(375) Compaction Phase
[383.296s][info][gc,phases      ] GC(375) Compaction Phase 41.760ms
[383.296s][info][gc,phases,start] GC(375) Post Compact
[383.303s][info][gc,phases      ] GC(375) Post Compact 7.305ms
[383.304s][info][gc,heap        ] GC(375) PSYoungGen: 60926K->0K(116736K)
[383.304s][info][gc,heap        ] GC(375) ParOldGen: 349666K->57003K(349696K)
[383.304s][info][gc,metaspace   ] GC(375) Metaspace: 14632K->14632K(31744K)
[383.304s][info][gc             ] GC(375) Pause Full (Ergonomics) 400M->55M(455M) 88.982ms
[383.304s][info][gc,cpu         ] GC(375) User=0.47s Sys=0.00s Real=0.10s
[383.357s][info][gc,start       ] GC(376) Pause Young (Allocation Failure)
[383.954s][info][gc,heap        ] GC(376) PSYoungGen: 58880K->57856K(116736K)
[383.954s][info][gc,heap        ] GC(376) ParOldGen: 57003K->57851K(349696K)
[383.954s][info][gc,metaspace   ] GC(376) Metaspace: 14632K->14632K(31744K)
[383.955s][info][gc             ] GC(376) Pause Young (Allocation Failure) 113M->112M(455M) 597.487ms
[383.955s][info][gc,cpu         ] GC(376) User=3.80s Sys=0.00s Real=0.60s
[384.081s][info][gc,start       ] GC(377) Pause Young (Allocation Failure)
[385.309s][info][gc,heap        ] GC(377) PSYoungGen: 116736K->57856K(116736K)
[385.309s][info][gc,heap        ] GC(377) ParOldGen: 57851K->116803K(349696K)
[385.309s][info][gc,metaspace   ] GC(377) Metaspace: 14632K->14632K(31744K)
[385.309s][info][gc             ] GC(377) Pause Young (Allocation Failure) 170M->170M(455M) 1227.674ms
[385.309s][info][gc,cpu         ] GC(377) User=7.23s Sys=0.11s Real=1.23s
[385.517s][info][gc,start       ] GC(378) Pause Young (Allocation Failure)
[386.468s][info][gc,heap        ] GC(378) PSYoungGen: 116736K->57856K(116736K)
[386.468s][info][gc,heap        ] GC(378) ParOldGen: 116803K->175483K(349696K)
[386.468s][info][gc,metaspace   ] GC(378) Metaspace: 14632K->14632K(31744K)
[386.468s][info][gc             ] GC(378) Pause Young (Allocation Failure) 228M->227M(455M) 950.885ms
[386.468s][info][gc,cpu         ] GC(378) User=5.86s Sys=0.05s Real=0.95s
[386.751s][info][gc,start       ] GC(379) Pause Young (Allocation Failure)
[387.739s][info][gc,heap        ] GC(379) PSYoungGen: 116736K->57856K(116736K)
[387.739s][info][gc,heap        ] GC(379) ParOldGen: 175483K->234395K(349696K)
[387.739s][info][gc,metaspace   ] GC(379) Metaspace: 14632K->14632K(31744K)
[387.739s][info][gc             ] GC(379) Pause Young (Allocation Failure) 285M->285M(455M) 988.199ms
[387.739s][info][gc,cpu         ] GC(379) User=6.19s Sys=0.06s Real=1.00s
[388.104s][info][gc,start       ] GC(380) Pause Young (Allocation Failure)
[389.546s][info][gc,heap        ] GC(380) PSYoungGen: 116736K->57856K(116736K)
[389.547s][info][gc,heap        ] GC(380) ParOldGen: 234395K->293291K(349696K)
[389.547s][info][gc,metaspace   ] GC(380) Metaspace: 14633K->14633K(31744K)
[389.547s][info][gc             ] GC(380) Pause Young (Allocation Failure) 342M->342M(455M) 1443.560ms
[389.547s][info][gc,cpu         ] GC(380) User=9.44s Sys=0.08s Real=1.45s
[389.548s][info][gc,start       ] GC(381) Pause Full (Ergonomics)
[389.548s][info][gc,phases,start] GC(381) Marking Phase
[390.231s][info][gc,phases      ] GC(381) Marking Phase 682.496ms
[390.231s][info][gc,phases,start] GC(381) Summary Phase
[390.231s][info][gc,phases      ] GC(381) Summary Phase 0.066ms
[390.231s][info][gc,phases,start] GC(381) Adjust Roots
[390.235s][info][gc,phases      ] GC(381) Adjust Roots 4.181ms
[390.235s][info][gc,phases,start] GC(381) Compaction Phase
[393.234s][info][gc,phases      ] GC(381) Compaction Phase 2998.768ms
[393.234s][info][gc,phases,start] GC(381) Post Compact
[393.242s][info][gc,phases      ] GC(381) Post Compact 7.928ms
[393.242s][info][gc,heap        ] GC(381) PSYoungGen: 57856K->511K(116736K)
[393.243s][info][gc,heap        ] GC(381) ParOldGen: 293291K->349196K(349696K)
[393.243s][info][gc,metaspace   ] GC(381) Metaspace: 14633K->14633K(31744K)
[393.243s][info][gc             ] GC(381) Pause Full (Ergonomics) 342M->341M(455M) 3694.847ms
[393.243s][info][gc,cpu         ] GC(381) User=11.28s Sys=0.09s Real=3.69s
[393.927s][info][gc,start       ] GC(382) Pause Full (Ergonomics)
[393.927s][info][gc,phases,start] GC(382) Marking Phase
[393.989s][info][gc,phases      ] GC(382) Marking Phase 61.507ms
[393.989s][info][gc,phases,start] GC(382) Summary Phase
[393.989s][info][gc,phases      ] GC(382) Summary Phase 0.138ms
[393.989s][info][gc,phases,start] GC(382) Adjust Roots
[393.995s][info][gc,phases      ] GC(382) Adjust Roots 5.395ms
[393.995s][info][gc,phases,start] GC(382) Compaction Phase
[394.007s][info][gc,phases      ] GC(382) Compaction Phase 12.339ms
[394.007s][info][gc,phases,start] GC(382) Post Compact
[394.013s][info][gc,phases      ] GC(382) Post Compact 6.285ms
[394.014s][info][gc,heap        ] GC(382) PSYoungGen: 13319K->0K(116736K)
[394.014s][info][gc,heap        ] GC(382) ParOldGen: 349196K->6224K(349696K)
[394.014s][info][gc,metaspace   ] GC(382) Metaspace: 14633K->14633K(31744K)
[394.014s][info][gc             ] GC(382) Pause Full (Ergonomics) 354M->6M(455M) 86.706ms
[394.014s][info][gc,cpu         ] GC(382) User=0.23s Sys=0.03s Real=0.08s
[394.089s][info][gc,start       ] GC(383) Pause Young (Allocation Failure)
[394.301s][info][gc,heap        ] GC(383) PSYoungGen: 58880K->57827K(116736K)
[394.302s][info][gc,heap        ] GC(383) ParOldGen: 6224K->7296K(349696K)
[394.302s][info][gc,metaspace   ] GC(383) Metaspace: 14633K->14633K(31744K)
[394.302s][info][gc             ] GC(383) Pause Young (Allocation Failure) 63M->63M(455M) 213.075ms
[394.302s][info][gc,cpu         ] GC(383) User=1.27s Sys=0.05s Real=0.22s
[394.376s][info][gc,start       ] GC(384) Pause Young (Allocation Failure)
[394.627s][info][gc,heap        ] GC(384) PSYoungGen: 116707K->57856K(116736K)
[394.627s][info][gc,heap        ] GC(384) ParOldGen: 7296K->66060K(349696K)
[394.627s][info][gc,metaspace   ] GC(384) Metaspace: 14633K->14633K(31744K)
[394.627s][info][gc             ] GC(384) Pause Young (Allocation Failure) 121M->121M(455M) 251.173ms
[394.627s][info][gc,cpu         ] GC(384) User=1.44s Sys=0.00s Real=0.25s
[394.747s][info][gc,start       ] GC(385) Pause Young (Allocation Failure)
[395.763s][info][gc,heap        ] GC(385) PSYoungGen: 116736K->57856K(116736K)
[395.763s][info][gc,heap        ] GC(385) ParOldGen: 66060K->125100K(349696K)
[395.763s][info][gc,metaspace   ] GC(385) Metaspace: 14633K->14633K(31744K)
[395.763s][info][gc             ] GC(385) Pause Young (Allocation Failure) 178M->178M(455M) 1015.859ms
[395.763s][info][gc,cpu         ] GC(385) User=6.67s Sys=0.00s Real=1.03s
[396.173s][info][gc,start       ] GC(386) Pause Young (Allocation Failure)
[397.206s][info][gc,heap        ] GC(386) PSYoungGen: 116736K->57856K(116736K)
[397.206s][info][gc,heap        ] GC(386) ParOldGen: 125100K->184044K(349696K)
[397.207s][info][gc,metaspace   ] GC(386) Metaspace: 14633K->14633K(31744K)
[397.207s][info][gc             ] GC(386) Pause Young (Allocation Failure) 236M->236M(455M) 1033.518ms
[397.207s][info][gc,cpu         ] GC(386) User=6.78s Sys=0.06s Real=1.04s
[397.821s][info][gc,start       ] GC(387) Pause Young (Allocation Failure)
[399.128s][info][gc,heap        ] GC(387) PSYoungGen: 116736K->57856K(116736K)
[399.129s][info][gc,heap        ] GC(387) ParOldGen: 184044K->242764K(349696K)
[399.129s][info][gc,metaspace   ] GC(387) Metaspace: 14634K->14634K(31744K)
[399.129s][info][gc             ] GC(387) Pause Young (Allocation Failure) 293M->293M(455M) 1307.259ms
[399.129s][info][gc,cpu         ] GC(387) User=8.78s Sys=0.02s Real=1.30s
[400.048s][info][gc,start       ] GC(388) Pause Young (Allocation Failure)
[401.222s][info][gc,heap        ] GC(388) PSYoungGen: 116736K->57856K(116736K)
[401.222s][info][gc,heap        ] GC(388) ParOldGen: 242764K->301316K(349696K)
[401.222s][info][gc,metaspace   ] GC(388) Metaspace: 14637K->14637K(31744K)
[401.222s][info][gc             ] GC(388) Pause Young (Allocation Failure) 351M->350M(455M) 1173.877ms
[401.222s][info][gc,cpu         ] GC(388) User=6.16s Sys=0.05s Real=1.17s
[401.223s][info][gc,start       ] GC(389) Pause Full (Ergonomics)
[401.223s][info][gc,phases,start] GC(389) Marking Phase
[401.938s][info][gc,phases      ] GC(389) Marking Phase 715.626ms
[401.939s][info][gc,phases,start] GC(389) Summary Phase
[401.939s][info][gc,phases      ] GC(389) Summary Phase 0.108ms
[401.939s][info][gc,phases,start] GC(389) Adjust Roots
[401.943s][info][gc,phases      ] GC(389) Adjust Roots 3.974ms
[401.943s][info][gc,phases,start] GC(389) Compaction Phase
[404.554s][info][gc,phases      ] GC(389) Compaction Phase 2610.757ms
[404.554s][info][gc,phases,start] GC(389) Post Compact
[404.558s][info][gc,phases      ] GC(389) Post Compact 4.234ms
[404.558s][info][gc,heap        ] GC(389) PSYoungGen: 57856K->8184K(116736K)
[404.558s][info][gc,heap        ] GC(389) ParOldGen: 301316K->349497K(349696K)
[404.558s][info][gc,metaspace   ] GC(389) Metaspace: 14637K->14637K(31744K)
[404.558s][info][gc             ] GC(389) Pause Full (Ergonomics) 350M->349M(455M) 3335.627ms
[404.558s][info][gc,cpu         ] GC(389) User=11.83s Sys=0.03s Real=3.34s
[405.053s][info][gc,start       ] GC(390) Pause Full (Ergonomics)
[405.054s][info][gc,phases,start] GC(390) Marking Phase
[405.074s][info][gc,phases      ] GC(390) Marking Phase 20.345ms
[405.074s][info][gc,phases,start] GC(390) Summary Phase
[405.074s][info][gc,phases      ] GC(390) Summary Phase 0.081ms
[405.074s][info][gc,phases,start] GC(390) Adjust Roots
[405.078s][info][gc,phases      ] GC(390) Adjust Roots 3.595ms
[405.078s][info][gc,phases,start] GC(390) Compaction Phase
[405.084s][info][gc,phases      ] GC(390) Compaction Phase 5.692ms
[405.084s][info][gc,phases,start] GC(390) Post Compact
[405.089s][info][gc,phases      ] GC(390) Post Compact 5.212ms
[405.089s][info][gc,heap        ] GC(390) PSYoungGen: 15518K->0K(116736K)
[405.089s][info][gc,heap        ] GC(390) ParOldGen: 349497K->6251K(349696K)
[405.089s][info][gc,metaspace   ] GC(390) Metaspace: 14637K->14637K(31744K)
[405.089s][info][gc             ] GC(390) Pause Full (Ergonomics) 356M->6M(455M) 35.801ms
[405.089s][info][gc,cpu         ] GC(390) User=0.11s Sys=0.00s Real=0.03s
[405.143s][info][gc,start       ] GC(391) Pause Young (Allocation Failure)
[405.302s][info][gc,heap        ] GC(391) PSYoungGen: 58880K->57834K(116736K)
[405.302s][info][gc,heap        ] GC(391) ParOldGen: 6251K->7283K(349696K)
[405.302s][info][gc,metaspace   ] GC(391) Metaspace: 14637K->14637K(31744K)
[405.302s][info][gc             ] GC(391) Pause Young (Allocation Failure) 63M->63M(455M) 159.285ms
[405.302s][info][gc,cpu         ] GC(391) User=1.06s Sys=0.00s Real=0.16s
[405.449s][info][gc,start       ] GC(392) Pause Young (Allocation Failure)
[405.697s][info][gc,heap        ] GC(392) PSYoungGen: 116714K->57856K(116736K)
[405.697s][info][gc,heap        ] GC(392) ParOldGen: 7283K->66005K(349696K)
[405.697s][info][gc,metaspace   ] GC(392) Metaspace: 14637K->14637K(31744K)
[405.697s][info][gc             ] GC(392) Pause Young (Allocation Failure) 121M->120M(455M) 247.867ms
[405.697s][info][gc,cpu         ] GC(392) User=1.72s Sys=0.00s Real=0.26s
[405.833s][info][gc,start       ] GC(393) Pause Young (Allocation Failure)
[407.072s][info][gc,heap        ] GC(393) PSYoungGen: 116736K->57856K(116736K)
[407.072s][info][gc,heap        ] GC(393) ParOldGen: 66005K->125069K(349696K)
[407.072s][info][gc,metaspace   ] GC(393) Metaspace: 14638K->14638K(31744K)
[407.072s][info][gc             ] GC(393) Pause Young (Allocation Failure) 178M->178M(455M) 1239.652ms
[407.072s][info][gc,cpu         ] GC(393) User=8.52s Sys=0.03s Real=1.25s
[407.541s][info][gc,start       ] GC(394) Pause Young (Allocation Failure)
[408.639s][info][gc,heap        ] GC(394) PSYoungGen: 116736K->57856K(116736K)
[408.639s][info][gc,heap        ] GC(394) ParOldGen: 125069K->183717K(349696K)
[408.639s][info][gc,metaspace   ] GC(394) Metaspace: 14638K->14638K(31744K)
[408.639s][info][gc             ] GC(394) Pause Young (Allocation Failure) 236M->235M(455M) 1098.222ms
[408.639s][info][gc,cpu         ] GC(394) User=7.03s Sys=0.03s Real=1.10s
[409.283s][info][gc,start       ] GC(395) Pause Young (Allocation Failure)
[410.340s][info][gc,heap        ] GC(395) PSYoungGen: 116736K->57856K(116736K)
[410.340s][info][gc,heap        ] GC(395) ParOldGen: 183717K->242589K(349696K)
[410.340s][info][gc,metaspace   ] GC(395) Metaspace: 14641K->14641K(31744K)
[410.340s][info][gc             ] GC(395) Pause Young (Allocation Failure) 293M->293M(455M) 1057.249ms
[410.340s][info][gc,cpu         ] GC(395) User=6.63s Sys=0.03s Real=1.06s
[411.142s][info][gc,start       ] GC(396) Pause Young (Allocation Failure)
[412.356s][info][gc,heap        ] GC(396) PSYoungGen: 116736K->57856K(116736K)
[412.356s][info][gc,heap        ] GC(396) ParOldGen: 242589K->301277K(349696K)
[412.356s][info][gc,metaspace   ] GC(396) Metaspace: 14641K->14641K(31744K)
[412.357s][info][gc             ] GC(396) Pause Young (Allocation Failure) 350M->350M(455M) 1214.900ms
[412.357s][info][gc,cpu         ] GC(396) User=8.11s Sys=0.02s Real=1.20s
[412.357s][info][gc,start       ] GC(397) Pause Full (Ergonomics)
[412.357s][info][gc,phases,start] GC(397) Marking Phase
[413.059s][info][gc,phases      ] GC(397) Marking Phase 702.317ms
[413.059s][info][gc,phases,start] GC(397) Summary Phase
[413.059s][info][gc,phases      ] GC(397) Summary Phase 0.064ms
[413.059s][info][gc,phases,start] GC(397) Adjust Roots
[413.064s][info][gc,phases      ] GC(397) Adjust Roots 4.420ms
[413.064s][info][gc,phases,start] GC(397) Compaction Phase
[415.706s][info][gc,phases      ] GC(397) Compaction Phase 2641.847ms
[415.706s][info][gc,phases,start] GC(397) Post Compact
[415.712s][info][gc,phases      ] GC(397) Post Compact 5.710ms
[415.712s][info][gc,heap        ] GC(397) PSYoungGen: 57856K->8184K(116736K)
[415.712s][info][gc,heap        ] GC(397) ParOldGen: 301277K->349509K(349696K)
[415.712s][info][gc,metaspace   ] GC(397) Metaspace: 14641K->14641K(31744K)
[415.712s][info][gc             ] GC(397) Pause Full (Ergonomics) 350M->349M(455M) 3355.367ms
[415.712s][info][gc,cpu         ] GC(397) User=11.23s Sys=0.05s Real=3.36s
[416.232s][info][gc,start       ] GC(398) Pause Full (Ergonomics)
[416.233s][info][gc,phases,start] GC(398) Marking Phase
[416.260s][info][gc,phases      ] GC(398) Marking Phase 27.583ms
[416.260s][info][gc,phases,start] GC(398) Summary Phase
[416.260s][info][gc,phases      ] GC(398) Summary Phase 0.071ms
[416.260s][info][gc,phases,start] GC(398) Adjust Roots
[416.264s][info][gc,phases      ] GC(398) Adjust Roots 3.457ms
[416.264s][info][gc,phases,start] GC(398) Compaction Phase
[416.270s][info][gc,phases      ] GC(398) Compaction Phase 6.522ms
[416.271s][info][gc,phases,start] GC(398) Post Compact
[416.276s][info][gc,phases      ] GC(398) Post Compact 5.889ms
[416.277s][info][gc,heap        ] GC(398) PSYoungGen: 19134K->0K(116736K)
[416.277s][info][gc,heap        ] GC(398) ParOldGen: 349509K->6266K(349696K)
[416.277s][info][gc,metaspace   ] GC(398) Metaspace: 14641K->14641K(31744K)
[416.277s][info][gc             ] GC(398) Pause Full (Ergonomics) 360M->6M(455M) 44.502ms
[416.277s][info][gc,cpu         ] GC(398) User=0.20s Sys=0.00s Real=0.05s
[416.337s][info][gc,start       ] GC(399) Pause Young (Allocation Failure)
[416.536s][info][gc,heap        ] GC(399) PSYoungGen: 58880K->57841K(116736K)
[416.536s][info][gc,heap        ] GC(399) ParOldGen: 6266K->7234K(349696K)
[416.536s][info][gc,metaspace   ] GC(399) Metaspace: 14641K->14641K(31744K)
[416.536s][info][gc             ] GC(399) Pause Young (Allocation Failure) 63M->63M(455M) 199.018ms
[416.536s][info][gc,cpu         ] GC(399) User=1.22s Sys=0.00s Real=0.21s
[416.583s][info][gc,start       ] GC(400) Pause Young (Allocation Failure)
[416.821s][info][gc,heap        ] GC(400) PSYoungGen: 116721K->57856K(116736K)
[416.822s][info][gc,heap        ] GC(400) ParOldGen: 7234K->66155K(349696K)
[416.822s][info][gc,metaspace   ] GC(400) Metaspace: 14641K->14641K(31744K)
[416.822s][info][gc             ] GC(400) Pause Young (Allocation Failure) 121M->121M(455M) 238.229ms
[416.822s][info][gc,cpu         ] GC(400) User=1.67s Sys=0.00s Real=0.23s
[417.074s][info][gc,start       ] GC(401) Pause Young (Allocation Failure)
[418.114s][info][gc,heap        ] GC(401) PSYoungGen: 116736K->57856K(116736K)
[418.115s][info][gc,heap        ] GC(401) ParOldGen: 66155K->125195K(349696K)
[418.115s][info][gc,metaspace   ] GC(401) Metaspace: 14641K->14641K(31744K)
[418.115s][info][gc             ] GC(401) Pause Young (Allocation Failure) 178M->178M(455M) 1040.398ms
[418.115s][info][gc,cpu         ] GC(401) User=7.06s Sys=0.03s Real=1.05s
[418.563s][info][gc,start       ] GC(402) Pause Young (Allocation Failure)
[419.669s][info][gc,heap        ] GC(402) PSYoungGen: 116736K->57856K(116736K)
[419.669s][info][gc,heap        ] GC(402) ParOldGen: 125195K->183859K(349696K)
[419.669s][info][gc,metaspace   ] GC(402) Metaspace: 14641K->14641K(31744K)
[419.670s][info][gc             ] GC(402) Pause Young (Allocation Failure) 236M->236M(455M) 1106.263ms
[419.670s][info][gc,cpu         ] GC(402) User=7.67s Sys=0.00s Real=1.11s
[419.951s][info][gc,start       ] GC(403) Pause Young (Allocation Failure)
[421.044s][info][gc,heap        ] GC(403) PSYoungGen: 116736K->57856K(116736K)
[421.044s][info][gc,heap        ] GC(403) ParOldGen: 183859K->242779K(349696K)
[421.044s][info][gc,metaspace   ] GC(403) Metaspace: 14641K->14641K(31744K)
[421.044s][info][gc             ] GC(403) Pause Young (Allocation Failure) 293M->293M(455M) 1093.259ms
[421.044s][info][gc,cpu         ] GC(403) User=7.38s Sys=0.03s Real=1.09s
[421.443s][info][gc,start       ] GC(404) Pause Young (Allocation Failure)
[422.690s][info][gc,heap        ] GC(404) PSYoungGen: 116736K->57856K(116736K)
[422.690s][info][gc,heap        ] GC(404) ParOldGen: 242779K->301691K(349696K)
[422.690s][info][gc,metaspace   ] GC(404) Metaspace: 14641K->14641K(31744K)
[422.690s][info][gc             ] GC(404) Pause Young (Allocation Failure) 351M->351M(455M) 1247.157ms
[422.690s][info][gc,cpu         ] GC(404) User=8.70s Sys=0.02s Real=1.26s
[422.691s][info][gc,start       ] GC(405) Pause Full (Ergonomics)
[422.691s][info][gc,phases,start] GC(405) Marking Phase
[423.443s][info][gc,phases      ] GC(405) Marking Phase 752.498ms
[423.443s][info][gc,phases,start] GC(405) Summary Phase
[423.443s][info][gc,phases      ] GC(405) Summary Phase 0.062ms
[423.443s][info][gc,phases,start] GC(405) Adjust Roots
[423.447s][info][gc,phases      ] GC(405) Adjust Roots 4.070ms
[423.448s][info][gc,phases,start] GC(405) Compaction Phase
[426.122s][info][gc,phases      ] GC(405) Compaction Phase 2674.019ms
[426.122s][info][gc,phases,start] GC(405) Post Compact
[426.127s][info][gc,phases      ] GC(405) Post Compact 4.924ms
[426.127s][info][gc,heap        ] GC(405) PSYoungGen: 57856K->8695K(116736K)
[426.127s][info][gc,heap        ] GC(405) ParOldGen: 301691K->349528K(349696K)
[426.127s][info][gc,metaspace   ] GC(405) Metaspace: 14641K->14641K(31744K)
[426.127s][info][gc             ] GC(405) Pause Full (Ergonomics) 351M->349M(455M) 3436.752ms
[426.127s][info][gc,cpu         ] GC(405) User=12.16s Sys=0.11s Real=3.44s
[426.574s][info][gc,start       ] GC(406) Pause Full (Ergonomics)
[426.574s][info][gc,phases,start] GC(406) Marking Phase
[426.595s][info][gc,phases      ] GC(406) Marking Phase 20.306ms
[426.595s][info][gc,phases,start] GC(406) Summary Phase
[426.595s][info][gc,phases      ] GC(406) Summary Phase 0.070ms
[426.595s][info][gc,phases,start] GC(406) Adjust Roots
[426.598s][info][gc,phases      ] GC(406) Adjust Roots 3.063ms
[426.598s][info][gc,phases,start] GC(406) Compaction Phase
[426.616s][info][gc,phases      ] GC(406) Compaction Phase 18.505ms
[426.616s][info][gc,phases,start] GC(406) Post Compact
[426.623s][info][gc,phases      ] GC(406) Post Compact 6.690ms
[426.623s][info][gc,heap        ] GC(406) PSYoungGen: 21828K->0K(116736K)
[426.623s][info][gc,heap        ] GC(406) ParOldGen: 349528K->6744K(349696K)
[426.623s][info][gc,metaspace   ] GC(406) Metaspace: 14641K->14641K(31744K)
[426.623s][info][gc             ] GC(406) Pause Full (Ergonomics) 362M->6M(455M) 49.407ms
[426.624s][info][gc,cpu         ] GC(406) User=0.20s Sys=0.00s Real=0.05s
[426.679s][info][gc,start       ] GC(407) Pause Young (Allocation Failure)
[426.912s][info][gc,heap        ] GC(407) PSYoungGen: 58880K->57847K(116736K)
[426.913s][info][gc,heap        ] GC(407) ParOldGen: 6744K->7544K(349696K)
[426.913s][info][gc,metaspace   ] GC(407) Metaspace: 14641K->14641K(31744K)
[426.913s][info][gc             ] GC(407) Pause Young (Allocation Failure) 64M->63M(455M) 233.435ms
[426.913s][info][gc,cpu         ] GC(407) User=1.53s Sys=0.02s Real=0.25s
[426.978s][info][gc,start       ] GC(408) Pause Young (Allocation Failure)
[427.304s][info][gc,heap        ] GC(408) PSYoungGen: 116727K->57856K(116736K)
[427.304s][info][gc,heap        ] GC(408) ParOldGen: 7544K->66360K(349696K)
[427.304s][info][gc,metaspace   ] GC(408) Metaspace: 14641K->14641K(31744K)
[427.305s][info][gc             ] GC(408) Pause Young (Allocation Failure) 121M->121M(455M) 326.125ms
[427.305s][info][gc,cpu         ] GC(408) User=1.97s Sys=0.00s Real=0.33s
[427.564s][info][gc,start       ] GC(409) Pause Young (Allocation Failure)
[428.433s][info][gc,heap        ] GC(409) PSYoungGen: 116736K->57856K(116736K)
[428.434s][info][gc,heap        ] GC(409) ParOldGen: 66360K->125456K(349696K)
[428.434s][info][gc,metaspace   ] GC(409) Metaspace: 14641K->14641K(31744K)
[428.434s][info][gc             ] GC(409) Pause Young (Allocation Failure) 178M->179M(455M) 869.392ms
[428.434s][info][gc,cpu         ] GC(409) User=5.53s Sys=0.03s Real=0.88s
[428.633s][info][gc,start       ] GC(410) Pause Young (Allocation Failure)
[429.583s][info][gc,heap        ] GC(410) PSYoungGen: 116736K->57856K(116736K)
[429.583s][info][gc,heap        ] GC(410) ParOldGen: 125456K->184360K(349696K)
[429.583s][info][gc,metaspace   ] GC(410) Metaspace: 14642K->14642K(31744K)
[429.583s][info][gc             ] GC(410) Pause Young (Allocation Failure) 236M->236M(455M) 950.711ms
[429.583s][info][gc,cpu         ] GC(410) User=5.78s Sys=0.13s Real=0.95s
[430.185s][info][gc,start       ] GC(411) Pause Young (Allocation Failure)
[431.114s][info][gc,heap        ] GC(411) PSYoungGen: 116736K->57856K(116736K)
[431.114s][info][gc,heap        ] GC(411) ParOldGen: 184360K->243112K(349696K)
[431.114s][info][gc,metaspace   ] GC(411) Metaspace: 14642K->14642K(31744K)
[431.114s][info][gc             ] GC(411) Pause Young (Allocation Failure) 294M->293M(455M) 929.116ms
[431.114s][info][gc,cpu         ] GC(411) User=6.30s Sys=0.00s Real=0.94s
[432.048s][info][gc,start       ] GC(412) Pause Young (Allocation Failure)
[433.390s][info][gc,heap        ] GC(412) PSYoungGen: 116736K->57856K(116736K)
[433.390s][info][gc,heap        ] GC(412) ParOldGen: 243112K->301712K(349696K)
[433.390s][info][gc,metaspace   ] GC(412) Metaspace: 14642K->14642K(31744K)
[433.390s][info][gc             ] GC(412) Pause Young (Allocation Failure) 351M->351M(455M) 1342.240ms
[433.390s][info][gc,cpu         ] GC(412) User=8.88s Sys=0.05s Real=1.35s
[433.391s][info][gc,start       ] GC(413) Pause Full (Ergonomics)
[433.391s][info][gc,phases,start] GC(413) Marking Phase
[434.190s][info][gc,phases      ] GC(413) Marking Phase 799.345ms
[434.190s][info][gc,phases,start] GC(413) Summary Phase
[434.190s][info][gc,phases      ] GC(413) Summary Phase 0.061ms
[434.190s][info][gc,phases,start] GC(413) Adjust Roots
[434.196s][info][gc,phases      ] GC(413) Adjust Roots 5.348ms
[434.196s][info][gc,phases,start] GC(413) Compaction Phase
[436.890s][info][gc,phases      ] GC(413) Compaction Phase 2694.526ms
[436.890s][info][gc,phases,start] GC(413) Post Compact
[436.896s][info][gc,phases      ] GC(413) Post Compact 5.524ms
[436.896s][info][gc,heap        ] GC(413) PSYoungGen: 57856K->8695K(116736K)
[436.896s][info][gc,heap        ] GC(413) ParOldGen: 301712K->349185K(349696K)
[436.896s][info][gc,metaspace   ] GC(413) Metaspace: 14642K->14642K(31744K)
[436.897s][info][gc             ] GC(413) Pause Full (Ergonomics) 351M->349M(455M) 3506.037ms
[436.897s][info][gc,cpu         ] GC(413) User=12.81s Sys=0.05s Real=3.50s
[437.380s][info][gc,start       ] GC(414) Pause Full (Ergonomics)
[437.380s][info][gc,phases,start] GC(414) Marking Phase
[437.407s][info][gc,phases      ] GC(414) Marking Phase 27.226ms
[437.407s][info][gc,phases,start] GC(414) Summary Phase
[437.407s][info][gc,phases      ] GC(414) Summary Phase 0.107ms
[437.407s][info][gc,phases,start] GC(414) Adjust Roots
[437.411s][info][gc,phases      ] GC(414) Adjust Roots 3.990ms
[437.411s][info][gc,phases,start] GC(414) Compaction Phase
[437.419s][info][gc,phases      ] GC(414) Compaction Phase 7.673ms
[437.419s][info][gc,phases,start] GC(414) Post Compact
[437.424s][info][gc,phases      ] GC(414) Post Compact 4.837ms
[437.424s][info][gc,heap        ] GC(414) PSYoungGen: 24228K->0K(116736K)
[437.424s][info][gc,heap        ] GC(414) ParOldGen: 349185K->6745K(349696K)
[437.424s][info][gc,metaspace   ] GC(414) Metaspace: 14642K->14642K(31744K)
[437.424s][info][gc             ] GC(414) Pause Full (Ergonomics) 364M->6M(455M) 44.754ms
[437.424s][info][gc,cpu         ] GC(414) User=0.14s Sys=0.02s Real=0.05s
[437.481s][info][gc,start       ] GC(415) Pause Young (Allocation Failure)
[437.724s][info][gc,heap        ] GC(415) PSYoungGen: 58880K->57854K(116736K)
[437.724s][info][gc,heap        ] GC(415) ParOldGen: 6745K->7697K(349696K)
[437.724s][info][gc,metaspace   ] GC(415) Metaspace: 14642K->14642K(31744K)
[437.724s][info][gc             ] GC(415) Pause Young (Allocation Failure) 64M->64M(455M) 243.118ms
[437.724s][info][gc,cpu         ] GC(415) User=1.64s Sys=0.00s Real=0.25s
[437.887s][info][gc,start       ] GC(416) Pause Young (Allocation Failure)
[438.195s][info][gc,heap        ] GC(416) PSYoungGen: 116734K->57856K(116736K)
[438.195s][info][gc,heap        ] GC(416) ParOldGen: 7697K->66528K(349696K)
[438.195s][info][gc,metaspace   ] GC(416) Metaspace: 14642K->14642K(31744K)
[438.195s][info][gc             ] GC(416) Pause Young (Allocation Failure) 121M->121M(455M) 307.881ms
[438.196s][info][gc,cpu         ] GC(416) User=2.17s Sys=0.03s Real=0.32s
[438.534s][info][gc,start       ] GC(417) Pause Young (Allocation Failure)
[439.713s][info][gc,heap        ] GC(417) PSYoungGen: 116736K->57856K(116736K)
[439.713s][info][gc,heap        ] GC(417) ParOldGen: 66528K->125552K(349696K)
[439.713s][info][gc,metaspace   ] GC(417) Metaspace: 14643K->14643K(31744K)
[439.713s][info][gc             ] GC(417) Pause Young (Allocation Failure) 178M->179M(455M) 1178.991ms
[439.713s][info][gc,cpu         ] GC(417) User=8.03s Sys=0.06s Real=1.18s
[440.200s][info][gc,start       ] GC(418) Pause Young (Allocation Failure)
[441.635s][info][gc,heap        ] GC(418) PSYoungGen: 116736K->57856K(116736K)
[441.635s][info][gc,heap        ] GC(418) ParOldGen: 125552K->184200K(349696K)
[441.635s][info][gc,metaspace   ] GC(418) Metaspace: 14643K->14643K(31744K)
[441.635s][info][gc             ] GC(418) Pause Young (Allocation Failure) 236M->236M(455M) 1435.560ms
[441.636s][info][gc,cpu         ] GC(418) User=9.95s Sys=0.09s Real=1.43s
[442.300s][info][gc,start       ] GC(419) Pause Young (Allocation Failure)
[443.792s][info][gc,heap        ] GC(419) PSYoungGen: 116736K->57856K(116736K)
[443.792s][info][gc,heap        ] GC(419) ParOldGen: 184200K->242968K(349696K)
[443.792s][info][gc,metaspace   ] GC(419) Metaspace: 14643K->14643K(31744K)
[443.792s][info][gc             ] GC(419) Pause Young (Allocation Failure) 293M->293M(455M) 1491.848ms
[443.792s][info][gc,cpu         ] GC(419) User=9.95s Sys=0.06s Real=1.49s
[444.215s][info][gc,start       ] GC(420) Pause Young (Allocation Failure)
[445.266s][info][gc,heap        ] GC(420) PSYoungGen: 116736K->57856K(116736K)
[445.266s][info][gc,heap        ] GC(420) ParOldGen: 242968K->301624K(349696K)
[445.266s][info][gc,metaspace   ] GC(420) Metaspace: 14643K->14643K(31744K)
[445.267s][info][gc             ] GC(420) Pause Young (Allocation Failure) 351M->351M(455M) 1051.692ms
[445.267s][info][gc,cpu         ] GC(420) User=6.44s Sys=0.02s Real=1.06s
[445.267s][info][gc,start       ] GC(421) Pause Full (Ergonomics)
[445.267s][info][gc,phases,start] GC(421) Marking Phase
[446.077s][info][gc,phases      ] GC(421) Marking Phase 809.680ms
[446.077s][info][gc,phases,start] GC(421) Summary Phase
[446.077s][info][gc,phases      ] GC(421) Summary Phase 0.105ms
[446.077s][info][gc,phases,start] GC(421) Adjust Roots
[446.083s][info][gc,phases      ] GC(421) Adjust Roots 5.272ms
[446.083s][info][gc,phases,start] GC(421) Compaction Phase
[448.725s][info][gc,phases      ] GC(421) Compaction Phase 2642.724ms
[448.726s][info][gc,phases,start] GC(421) Post Compact
[448.732s][info][gc,phases      ] GC(421) Post Compact 5.770ms
[448.732s][info][gc,heap        ] GC(421) PSYoungGen: 57856K->8184K(116736K)
[448.732s][info][gc,heap        ] GC(421) ParOldGen: 301624K->349673K(349696K)
[448.732s][info][gc,metaspace   ] GC(421) Metaspace: 14643K->14643K(31744K)
[448.732s][info][gc             ] GC(421) Pause Full (Ergonomics) 351M->349M(455M) 3465.553ms
[448.732s][info][gc,cpu         ] GC(421) User=12.11s Sys=0.03s Real=3.46s
[449.880s][info][gc,start       ] GC(422) Pause Full (Ergonomics)
[449.880s][info][gc,phases,start] GC(422) Marking Phase
[449.913s][info][gc,phases      ] GC(422) Marking Phase 33.640ms
[449.914s][info][gc,phases,start] GC(422) Summary Phase
[449.914s][info][gc,phases      ] GC(422) Summary Phase 0.114ms
[449.914s][info][gc,phases,start] GC(422) Adjust Roots
[449.918s][info][gc,phases      ] GC(422) Adjust Roots 3.770ms
[449.918s][info][gc,phases,start] GC(422) Compaction Phase
[449.946s][info][gc,phases      ] GC(422) Compaction Phase 28.406ms
[449.946s][info][gc,phases,start] GC(422) Post Compact
[449.954s][info][gc,phases      ] GC(422) Post Compact 7.375ms
[449.954s][info][gc,heap        ] GC(422) PSYoungGen: 27362K->0K(116736K)
[449.954s][info][gc,heap        ] GC(422) ParOldGen: 349673K->6763K(349696K)
[449.954s][info][gc,metaspace   ] GC(422) Metaspace: 14643K->14643K(31744K)
[449.954s][info][gc             ] GC(422) Pause Full (Ergonomics) 368M->6M(455M) 74.321ms
[449.954s][info][gc,cpu         ] GC(422) User=0.14s Sys=0.06s Real=0.06s
[450.032s][info][gc,start       ] GC(423) Pause Young (Allocation Failure)
[450.259s][info][gc,heap        ] GC(423) PSYoungGen: 58880K->57829K(116736K)
[450.259s][info][gc,heap        ] GC(423) ParOldGen: 6763K->7755K(349696K)
[450.259s][info][gc,metaspace   ] GC(423) Metaspace: 14643K->14643K(31744K)
[450.259s][info][gc             ] GC(423) Pause Young (Allocation Failure) 64M->64M(455M) 227.241ms
[450.259s][info][gc,cpu         ] GC(423) User=1.34s Sys=0.05s Real=0.23s
[450.393s][info][gc,start       ] GC(424) Pause Young (Allocation Failure)
[450.718s][info][gc,heap        ] GC(424) PSYoungGen: 116709K->57856K(116736K)
[450.718s][info][gc,heap        ] GC(424) ParOldGen: 7755K->66464K(349696K)
[450.718s][info][gc,metaspace   ] GC(424) Metaspace: 14646K->14646K(31744K)
[450.718s][info][gc             ] GC(424) Pause Young (Allocation Failure) 121M->121M(455M) 325.398ms
[450.718s][info][gc,cpu         ] GC(424) User=2.19s Sys=0.00s Real=0.34s
[450.866s][info][gc,start       ] GC(425) Pause Young (Allocation Failure)
[451.879s][info][gc,heap        ] GC(425) PSYoungGen: 116736K->57856K(116736K)
[451.879s][info][gc,heap        ] GC(425) ParOldGen: 66464K->125200K(349696K)
[451.879s][info][gc,metaspace   ] GC(425) Metaspace: 14646K->14646K(31744K)
[451.879s][info][gc             ] GC(425) Pause Young (Allocation Failure) 178M->178M(455M) 1012.953ms
[451.879s][info][gc,cpu         ] GC(425) User=6.31s Sys=0.02s Real=1.02s
[452.410s][info][gc,start       ] GC(426) Pause Young (Allocation Failure)
[453.154s][info][gc,heap        ] GC(426) PSYoungGen: 116736K->57856K(116736K)
[453.154s][info][gc,heap        ] GC(426) ParOldGen: 125200K->184080K(349696K)
[453.154s][info][gc,metaspace   ] GC(426) Metaspace: 14646K->14646K(31744K)
[453.154s][info][gc             ] GC(426) Pause Young (Allocation Failure) 236M->236M(455M) 744.273ms
[453.154s][info][gc,cpu         ] GC(426) User=4.56s Sys=0.02s Real=0.74s
[453.733s][info][gc,start       ] GC(427) Pause Young (Allocation Failure)
[455.053s][info][gc,heap        ] GC(427) PSYoungGen: 116736K->57856K(116736K)
[455.053s][info][gc,heap        ] GC(427) ParOldGen: 184080K->242904K(349696K)
[455.053s][info][gc,metaspace   ] GC(427) Metaspace: 14648K->14648K(31744K)
[455.053s][info][gc             ] GC(427) Pause Young (Allocation Failure) 293M->293M(455M) 1320.306ms
[455.053s][info][gc,cpu         ] GC(427) User=8.97s Sys=0.02s Real=1.31s
[455.874s][info][gc,start       ] GC(428) Pause Young (Allocation Failure)
[456.931s][info][gc,heap        ] GC(428) PSYoungGen: 116736K->57632K(116736K)
[456.931s][info][gc,heap        ] GC(428) ParOldGen: 242904K->300856K(349696K)
[456.931s][info][gc,metaspace   ] GC(428) Metaspace: 14648K->14648K(31744K)
[456.931s][info][gc             ] GC(428) Pause Young (Allocation Failure) 351M->350M(455M) 1057.264ms
[456.932s][info][gc,cpu         ] GC(428) User=6.89s Sys=0.02s Real=1.06s
[456.932s][info][gc,start       ] GC(429) Pause Full (Ergonomics)
[456.932s][info][gc,phases,start] GC(429) Marking Phase
[457.526s][info][gc,phases      ] GC(429) Marking Phase 594.567ms
[457.527s][info][gc,phases,start] GC(429) Summary Phase
[457.527s][info][gc,phases      ] GC(429) Summary Phase 0.061ms
[457.527s][info][gc,phases,start] GC(429) Adjust Roots
[457.532s][info][gc,phases      ] GC(429) Adjust Roots 5.007ms
[457.532s][info][gc,phases,start] GC(429) Compaction Phase
[460.150s][info][gc,phases      ] GC(429) Compaction Phase 2617.826ms
[460.150s][info][gc,phases,start] GC(429) Post Compact
[460.154s][info][gc,phases      ] GC(429) Post Compact 4.249ms
[460.154s][info][gc,heap        ] GC(429) PSYoungGen: 57632K->7427K(116736K)
[460.154s][info][gc,heap        ] GC(429) ParOldGen: 300856K->349486K(349696K)
[460.154s][info][gc,metaspace   ] GC(429) Metaspace: 14648K->14648K(31744K)
[460.155s][info][gc             ] GC(429) Pause Full (Ergonomics) 350M->348M(455M) 3222.813ms
[460.155s][info][gc,cpu         ] GC(429) User=10.77s Sys=0.02s Real=3.21s
[461.146s][info][gc,start       ] GC(430) Pause Full (Ergonomics)
[461.146s][info][gc,phases,start] GC(430) Marking Phase
[461.185s][info][gc,phases      ] GC(430) Marking Phase 39.503ms
[461.186s][info][gc,phases,start] GC(430) Summary Phase
[461.186s][info][gc,phases      ] GC(430) Summary Phase 0.164ms
[461.186s][info][gc,phases,start] GC(430) Adjust Roots
[461.191s][info][gc,phases      ] GC(430) Adjust Roots 5.068ms
[461.191s][info][gc,phases,start] GC(430) Compaction Phase
[461.201s][info][gc,phases      ] GC(430) Compaction Phase 9.952ms
[461.201s][info][gc,phases,start] GC(430) Post Compact
[461.209s][info][gc,phases      ] GC(430) Post Compact 7.620ms
[461.209s][info][gc,heap        ] GC(430) PSYoungGen: 29797K->0K(116736K)
[461.209s][info][gc,heap        ] GC(430) ParOldGen: 349486K->6767K(349696K)
[461.209s][info][gc,metaspace   ] GC(430) Metaspace: 14648K->14648K(31744K)
[461.209s][info][gc             ] GC(430) Pause Full (Ergonomics) 370M->6M(455M) 63.354ms
[461.209s][info][gc,cpu         ] GC(430) User=0.06s Sys=0.02s Real=0.05s
[461.262s][info][gc,start       ] GC(431) Pause Young (Allocation Failure)
[461.472s][info][gc,heap        ] GC(431) PSYoungGen: 58880K->57835K(116736K)
[461.472s][info][gc,heap        ] GC(431) ParOldGen: 6767K->7455K(349696K)
[461.472s][info][gc,metaspace   ] GC(431) Metaspace: 14648K->14648K(31744K)
[461.472s][info][gc             ] GC(431) Pause Young (Allocation Failure) 64M->63M(455M) 209.812ms
[461.472s][info][gc,cpu         ] GC(431) User=1.27s Sys=0.09s Real=0.21s
[461.533s][info][gc,start       ] GC(432) Pause Young (Allocation Failure)
[461.901s][info][gc,heap        ] GC(432) PSYoungGen: 116715K->57856K(116736K)
[461.901s][info][gc,heap        ] GC(432) ParOldGen: 7455K->66194K(349696K)
[461.901s][info][gc,metaspace   ] GC(432) Metaspace: 14648K->14648K(31744K)
[461.901s][info][gc             ] GC(432) Pause Young (Allocation Failure) 121M->121M(455M) 367.899ms
[461.901s][info][gc,cpu         ] GC(432) User=2.31s Sys=0.03s Real=0.36s
[462.260s][info][gc,start       ] GC(433) Pause Young (Allocation Failure)
[463.329s][info][gc,heap        ] GC(433) PSYoungGen: 116736K->57856K(116736K)
[463.329s][info][gc,heap        ] GC(433) ParOldGen: 66194K->125258K(349696K)
[463.329s][info][gc,metaspace   ] GC(433) Metaspace: 14648K->14648K(31744K)
[463.329s][info][gc             ] GC(433) Pause Young (Allocation Failure) 178M->178M(455M) 1069.816ms
[463.329s][info][gc,cpu         ] GC(433) User=7.31s Sys=0.00s Real=1.07s
[463.543s][info][gc,start       ] GC(434) Pause Young (Allocation Failure)
[464.635s][info][gc,heap        ] GC(434) PSYoungGen: 116736K->57856K(116736K)
[464.635s][info][gc,heap        ] GC(434) ParOldGen: 125258K->183882K(349696K)
[464.635s][info][gc,metaspace   ] GC(434) Metaspace: 14648K->14648K(31744K)
[464.635s][info][gc             ] GC(434) Pause Young (Allocation Failure) 236M->236M(455M) 1091.850ms
[464.635s][info][gc,cpu         ] GC(434) User=7.30s Sys=0.06s Real=1.09s
[465.358s][info][gc,start       ] GC(435) Pause Young (Allocation Failure)
[466.506s][info][gc,heap        ] GC(435) PSYoungGen: 116736K->57856K(116736K)
[466.506s][info][gc,heap        ] GC(435) ParOldGen: 183882K->242746K(349696K)
[466.506s][info][gc,metaspace   ] GC(435) Metaspace: 14648K->14648K(31744K)
[466.507s][info][gc             ] GC(435) Pause Young (Allocation Failure) 293M->293M(455M) 1148.878ms
[466.507s][info][gc,cpu         ] GC(435) User=7.50s Sys=0.08s Real=1.16s
[466.901s][info][gc,start       ] GC(436) Pause Young (Allocation Failure)
[467.999s][info][gc,heap        ] GC(436) PSYoungGen: 116736K->57856K(116736K)
[467.999s][info][gc,heap        ] GC(436) ParOldGen: 242746K->301354K(349696K)
[467.999s][info][gc,metaspace   ] GC(436) Metaspace: 14648K->14648K(31744K)
[467.999s][info][gc             ] GC(436) Pause Young (Allocation Failure) 351M->350M(455M) 1097.506ms
[467.999s][info][gc,cpu         ] GC(436) User=7.05s Sys=0.02s Real=1.11s
[467.999s][info][gc,start       ] GC(437) Pause Full (Ergonomics)
[467.999s][info][gc,phases,start] GC(437) Marking Phase
[468.763s][info][gc,phases      ] GC(437) Marking Phase 763.303ms
[468.763s][info][gc,phases,start] GC(437) Summary Phase
[468.763s][info][gc,phases      ] GC(437) Summary Phase 0.068ms
[468.763s][info][gc,phases,start] GC(437) Adjust Roots
[468.767s][info][gc,phases      ] GC(437) Adjust Roots 4.150ms
[468.767s][info][gc,phases,start] GC(437) Compaction Phase
[471.504s][info][gc,phases      ] GC(437) Compaction Phase 2736.455ms
[471.504s][info][gc,phases,start] GC(437) Post Compact
[471.509s][info][gc,phases      ] GC(437) Post Compact 5.155ms
[471.509s][info][gc,heap        ] GC(437) PSYoungGen: 57856K->8184K(116736K)
[471.509s][info][gc,heap        ] GC(437) ParOldGen: 301354K->349628K(349696K)
[471.509s][info][gc,metaspace   ] GC(437) Metaspace: 14648K->14648K(31744K)
[471.509s][info][gc             ] GC(437) Pause Full (Ergonomics) 350M->349M(455M) 3510.060ms
[471.509s][info][gc,cpu         ] GC(437) User=12.05s Sys=0.02s Real=3.51s
[472.725s][info][gc,start       ] GC(438) Pause Full (Ergonomics)
[472.725s][info][gc,phases,start] GC(438) Marking Phase
[472.779s][info][gc,phases      ] GC(438) Marking Phase 53.894ms
[472.779s][info][gc,phases,start] GC(438) Summary Phase
[472.779s][info][gc,phases      ] GC(438) Summary Phase 0.131ms
[472.779s][info][gc,phases,start] GC(438) Adjust Roots
[472.784s][info][gc,phases      ] GC(438) Adjust Roots 4.716ms
[472.784s][info][gc,phases,start] GC(438) Compaction Phase
[472.794s][info][gc,phases      ] GC(438) Compaction Phase 9.682ms
[472.794s][info][gc,phases,start] GC(438) Post Compact
[472.804s][info][gc,phases      ] GC(438) Post Compact 10.104ms
[472.804s][info][gc,heap        ] GC(438) PSYoungGen: 33245K->0K(116736K)
[472.804s][info][gc,heap        ] GC(438) ParOldGen: 349628K->6745K(349696K)
[472.804s][info][gc,metaspace   ] GC(438) Metaspace: 14648K->14648K(31744K)
[472.804s][info][gc             ] GC(438) Pause Full (Ergonomics) 373M->6M(455M) 79.700ms
[472.804s][info][gc,cpu         ] GC(438) User=0.08s Sys=0.02s Real=0.08s
[472.880s][info][gc,start       ] GC(439) Pause Young (Allocation Failure)
[473.106s][info][gc,heap        ] GC(439) PSYoungGen: 58880K->57842K(116736K)
[473.106s][info][gc,heap        ] GC(439) ParOldGen: 6745K->7673K(349696K)
[473.106s][info][gc,metaspace   ] GC(439) Metaspace: 14648K->14648K(31744K)
[473.106s][info][gc             ] GC(439) Pause Young (Allocation Failure) 64M->63M(455M) 226.354ms
[473.106s][info][gc,cpu         ] GC(439) User=1.42s Sys=0.00s Real=0.23s
[473.279s][info][gc,start       ] GC(440) Pause Young (Allocation Failure)
[473.625s][info][gc,heap        ] GC(440) PSYoungGen: 116722K->57856K(116736K)
[473.625s][info][gc,heap        ] GC(440) ParOldGen: 7673K->66555K(349696K)
[473.625s][info][gc,metaspace   ] GC(440) Metaspace: 14648K->14648K(31744K)
[473.625s][info][gc             ] GC(440) Pause Young (Allocation Failure) 121M->121M(455M) 346.877ms
[473.626s][info][gc,cpu         ] GC(440) User=2.47s Sys=0.02s Real=0.36s
[473.911s][info][gc,start       ] GC(441) Pause Young (Allocation Failure)
[474.885s][info][gc,heap        ] GC(441) PSYoungGen: 116736K->57856K(116736K)
[474.885s][info][gc,heap        ] GC(441) ParOldGen: 66555K->125739K(349696K)
[474.886s][info][gc,metaspace   ] GC(441) Metaspace: 14648K->14648K(31744K)
[474.886s][info][gc             ] GC(441) Pause Young (Allocation Failure) 178M->179M(455M) 974.487ms
[474.886s][info][gc,cpu         ] GC(441) User=6.41s Sys=0.03s Real=0.98s
[475.125s][info][gc,start       ] GC(442) Pause Young (Allocation Failure)
[476.154s][info][gc,heap        ] GC(442) PSYoungGen: 116736K->57856K(116736K)
[476.154s][info][gc,heap        ] GC(442) ParOldGen: 125739K->184379K(349696K)
[476.154s][info][gc,metaspace   ] GC(442) Metaspace: 14648K->14648K(31744K)
[476.154s][info][gc             ] GC(442) Pause Young (Allocation Failure) 236M->236M(455M) 1029.230ms
[476.154s][info][gc,cpu         ] GC(442) User=6.20s Sys=0.03s Real=1.03s
[476.744s][info][gc,start       ] GC(443) Pause Young (Allocation Failure)
[477.767s][info][gc,heap        ] GC(443) PSYoungGen: 116736K->57856K(116736K)
[477.767s][info][gc,heap        ] GC(443) ParOldGen: 184379K->243323K(349696K)
[477.767s][info][gc,metaspace   ] GC(443) Metaspace: 14648K->14648K(31744K)
[477.767s][info][gc             ] GC(443) Pause Young (Allocation Failure) 294M->294M(455M) 1023.095ms
[477.767s][info][gc,cpu         ] GC(443) User=6.83s Sys=0.03s Real=1.04s
[478.130s][info][gc,start       ] GC(444) Pause Young (Allocation Failure)
[479.433s][info][gc,heap        ] GC(444) PSYoungGen: 116736K->57856K(116736K)
[479.433s][info][gc,heap        ] GC(444) ParOldGen: 243323K->302243K(349696K)
[479.433s][info][gc,metaspace   ] GC(444) Metaspace: 14648K->14648K(31744K)
[479.433s][info][gc             ] GC(444) Pause Young (Allocation Failure) 351M->351M(455M) 1302.899ms
[479.433s][info][gc,cpu         ] GC(444) User=9.31s Sys=0.03s Real=1.31s
[479.433s][info][gc,start       ] GC(445) Pause Full (Ergonomics)
[479.433s][info][gc,phases,start] GC(445) Marking Phase
[480.154s][info][gc,phases      ] GC(445) Marking Phase 720.948ms
[480.154s][info][gc,phases,start] GC(445) Summary Phase
[480.154s][info][gc,phases      ] GC(445) Summary Phase 0.072ms
[480.155s][info][gc,phases,start] GC(445) Adjust Roots
[480.159s][info][gc,phases      ] GC(445) Adjust Roots 4.340ms
[480.159s][info][gc,phases,start] GC(445) Compaction Phase
[482.800s][info][gc,phases      ] GC(445) Compaction Phase 2641.466ms
[482.801s][info][gc,phases,start] GC(445) Post Compact
[482.805s][info][gc,phases      ] GC(445) Post Compact 4.589ms
[482.805s][info][gc,heap        ] GC(445) PSYoungGen: 57856K->9207K(116736K)
[482.805s][info][gc,heap        ] GC(445) ParOldGen: 302243K->349535K(349696K)
[482.805s][info][gc,metaspace   ] GC(445) Metaspace: 14648K->14648K(31744K)
[482.806s][info][gc             ] GC(445) Pause Full (Ergonomics) 351M->350M(455M) 3372.384ms
[482.806s][info][gc,cpu         ] GC(445) User=11.70s Sys=0.08s Real=3.37s
[483.275s][info][gc,start       ] GC(446) Pause Full (Ergonomics)
[483.275s][info][gc,phases,start] GC(446) Marking Phase
[483.293s][info][gc,phases      ] GC(446) Marking Phase 17.380ms
[483.293s][info][gc,phases,start] GC(446) Summary Phase
[483.293s][info][gc,phases      ] GC(446) Summary Phase 0.076ms
[483.293s][info][gc,phases,start] GC(446) Adjust Roots
[483.296s][info][gc,phases      ] GC(446) Adjust Roots 3.062ms
[483.296s][info][gc,phases,start] GC(446) Compaction Phase
[483.306s][info][gc,phases      ] GC(446) Compaction Phase 10.167ms
[483.306s][info][gc,phases,start] GC(446) Post Compact
[483.312s][info][gc,phases      ] GC(446) Post Compact 5.587ms
[483.312s][info][gc,heap        ] GC(446) PSYoungGen: 35546K->0K(116736K)
[483.312s][info][gc,heap        ] GC(446) ParOldGen: 349535K->7256K(349696K)
[483.312s][info][gc,metaspace   ] GC(446) Metaspace: 14648K->14648K(31744K)
[483.312s][info][gc             ] GC(446) Pause Full (Ergonomics) 376M->7M(455M) 37.246ms
[483.312s][info][gc,cpu         ] GC(446) User=0.16s Sys=0.00s Real=0.05s
[483.354s][info][gc,start       ] GC(447) Pause Young (Allocation Failure)
[483.554s][info][gc,heap        ] GC(447) PSYoungGen: 58880K->57848K(116736K)
[483.554s][info][gc,heap        ] GC(447) ParOldGen: 7256K->8304K(349696K)
[483.554s][info][gc,metaspace   ] GC(447) Metaspace: 14649K->14649K(31744K)
[483.555s][info][gc             ] GC(447) Pause Young (Allocation Failure) 64M->64M(455M) 200.717ms
[483.555s][info][gc,cpu         ] GC(447) User=1.28s Sys=0.02s Real=0.21s
[483.608s][info][gc,start       ] GC(448) Pause Young (Allocation Failure)
[483.906s][info][gc,heap        ] GC(448) PSYoungGen: 116728K->57856K(116736K)
[483.906s][info][gc,heap        ] GC(448) ParOldGen: 8304K->67217K(349696K)
[483.906s][info][gc,metaspace   ] GC(448) Metaspace: 14649K->14649K(31744K)
[483.906s][info][gc             ] GC(448) Pause Young (Allocation Failure) 122M->122M(455M) 297.735ms
[483.906s][info][gc,cpu         ] GC(448) User=2.08s Sys=0.03s Real=0.30s
[484.236s][info][gc,start       ] GC(449) Pause Young (Allocation Failure)
[485.468s][info][gc,heap        ] GC(449) PSYoungGen: 116736K->57856K(116736K)
[485.469s][info][gc,heap        ] GC(449) ParOldGen: 67217K->126241K(349696K)
[485.469s][info][gc,metaspace   ] GC(449) Metaspace: 14649K->14649K(31744K)
[485.469s][info][gc             ] GC(449) Pause Young (Allocation Failure) 179M->179M(455M) 1233.291ms
[485.469s][info][gc,cpu         ] GC(449) User=8.64s Sys=0.06s Real=1.25s
[486.013s][info][gc,start       ] GC(450) Pause Young (Allocation Failure)
[487.054s][info][gc,heap        ] GC(450) PSYoungGen: 116736K->57856K(116736K)
[487.054s][info][gc,heap        ] GC(450) ParOldGen: 126241K->185137K(349696K)
[487.054s][info][gc,metaspace   ] GC(450) Metaspace: 14649K->14649K(31744K)
[487.054s][info][gc             ] GC(450) Pause Young (Allocation Failure) 237M->237M(455M) 1041.125ms
[487.054s][info][gc,cpu         ] GC(450) User=6.61s Sys=0.03s Real=1.06s
[487.420s][info][gc,start       ] GC(451) Pause Young (Allocation Failure)
[488.691s][info][gc,heap        ] GC(451) PSYoungGen: 116736K->57856K(116736K)
[488.691s][info][gc,heap        ] GC(451) ParOldGen: 185137K->243817K(349696K)
[488.691s][info][gc,metaspace   ] GC(451) Metaspace: 14649K->14649K(31744K)
[488.691s][info][gc             ] GC(451) Pause Young (Allocation Failure) 294M->294M(455M) 1270.959ms
[488.691s][info][gc,cpu         ] GC(451) User=8.55s Sys=0.03s Real=1.28s
[489.501s][info][gc,start       ] GC(452) Pause Young (Allocation Failure)
[490.641s][info][gc,heap        ] GC(452) PSYoungGen: 116736K->57792K(116736K)
[490.641s][info][gc,heap        ] GC(452) ParOldGen: 243817K->301761K(349696K)
[490.641s][info][gc,metaspace   ] GC(452) Metaspace: 14649K->14649K(31744K)
[490.642s][info][gc             ] GC(452) Pause Young (Allocation Failure) 352M->351M(455M) 1140.585ms
[490.642s][info][gc,cpu         ] GC(452) User=8.00s Sys=0.06s Real=1.15s
[490.642s][info][gc,start       ] GC(453) Pause Full (Ergonomics)
[490.642s][info][gc,phases,start] GC(453) Marking Phase
[491.431s][info][gc,phases      ] GC(453) Marking Phase 789.348ms
[491.431s][info][gc,phases,start] GC(453) Summary Phase
[491.431s][info][gc,phases      ] GC(453) Summary Phase 0.062ms
[491.431s][info][gc,phases,start] GC(453) Adjust Roots
[491.435s][info][gc,phases      ] GC(453) Adjust Roots 3.620ms
[491.435s][info][gc,phases,start] GC(453) Compaction Phase
[493.953s][info][gc,phases      ] GC(453) Compaction Phase 2517.636ms
[493.953s][info][gc,phases,start] GC(453) Post Compact
[493.958s][info][gc,phases      ] GC(453) Post Compact 4.653ms
[493.958s][info][gc,heap        ] GC(453) PSYoungGen: 57792K->8094K(116736K)
[493.958s][info][gc,heap        ] GC(453) ParOldGen: 301761K->349690K(349696K)
[493.958s][info][gc,metaspace   ] GC(453) Metaspace: 14649K->14649K(31744K)
[493.958s][info][gc             ] GC(453) Pause Full (Ergonomics) 351M->349M(455M) 3316.150ms
[493.958s][info][gc,cpu         ] GC(453) User=12.38s Sys=0.08s Real=3.31s
[494.433s][info][gc,start       ] GC(454) Pause Full (Ergonomics)
[494.433s][info][gc,phases,start] GC(454) Marking Phase
[494.453s][info][gc,phases      ] GC(454) Marking Phase 20.490ms
[494.453s][info][gc,phases,start] GC(454) Summary Phase
[494.453s][info][gc,phases      ] GC(454) Summary Phase 0.071ms
[494.453s][info][gc,phases,start] GC(454) Adjust Roots
[494.457s][info][gc,phases      ] GC(454) Adjust Roots 3.205ms
[494.457s][info][gc,phases,start] GC(454) Compaction Phase
[494.469s][info][gc,phases      ] GC(454) Compaction Phase 12.104ms
[494.469s][info][gc,phases,start] GC(454) Post Compact
[494.475s][info][gc,phases      ] GC(454) Post Compact 6.205ms
[494.475s][info][gc,heap        ] GC(454) PSYoungGen: 38824K->0K(116736K)
[494.475s][info][gc,heap        ] GC(454) ParOldGen: 349690K->7256K(349696K)
[494.475s][info][gc,metaspace   ] GC(454) Metaspace: 14654K->14654K(31744K)
[494.476s][info][gc             ] GC(454) Pause Full (Ergonomics) 379M->7M(455M) 43.021ms
[494.476s][info][gc,cpu         ] GC(454) User=0.02s Sys=0.02s Real=0.04s
[494.521s][info][gc,start       ] GC(455) Pause Young (Allocation Failure)
[494.741s][info][gc,heap        ] GC(455) PSYoungGen: 58880K->57855K(116736K)
[494.741s][info][gc,heap        ] GC(455) ParOldGen: 7256K->8312K(349696K)
[494.741s][info][gc,metaspace   ] GC(455) Metaspace: 14654K->14654K(31744K)
[494.741s][info][gc             ] GC(455) Pause Young (Allocation Failure) 64M->64M(455M) 219.827ms
[494.741s][info][gc,cpu         ] GC(455) User=1.30s Sys=0.03s Real=0.22s
[494.893s][info][gc,start       ] GC(456) Pause Young (Allocation Failure)
[495.178s][info][gc,heap        ] GC(456) PSYoungGen: 116735K->57856K(116736K)
[495.178s][info][gc,heap        ] GC(456) ParOldGen: 8312K->67216K(349696K)
[495.178s][info][gc,metaspace   ] GC(456) Metaspace: 14654K->14654K(31744K)
[495.178s][info][gc             ] GC(456) Pause Young (Allocation Failure) 122M->122M(455M) 285.374ms
[495.179s][info][gc,cpu         ] GC(456) User=1.63s Sys=0.00s Real=0.24s
[495.519s][info][gc,start       ] GC(457) Pause Young (Allocation Failure)
[496.486s][info][gc,heap        ] GC(457) PSYoungGen: 116736K->57856K(116736K)
[496.486s][info][gc,heap        ] GC(457) ParOldGen: 67216K->126024K(349696K)
[496.486s][info][gc,metaspace   ] GC(457) Metaspace: 14654K->14654K(31744K)
[496.486s][info][gc             ] GC(457) Pause Young (Allocation Failure) 179M->179M(455M) 967.144ms
[496.486s][info][gc,cpu         ] GC(457) User=6.25s Sys=0.05s Real=0.96s
[496.932s][info][gc,start       ] GC(458) Pause Young (Allocation Failure)
[498.009s][info][gc,heap        ] GC(458) PSYoungGen: 116736K->57856K(116736K)
[498.010s][info][gc,heap        ] GC(458) ParOldGen: 126024K->184952K(349696K)
[498.010s][info][gc,metaspace   ] GC(458) Metaspace: 14654K->14654K(31744K)
[498.010s][info][gc             ] GC(458) Pause Young (Allocation Failure) 237M->237M(455M) 1078.162ms
[498.010s][info][gc,cpu         ] GC(458) User=7.58s Sys=0.06s Real=1.08s
[498.262s][info][gc,start       ] GC(459) Pause Young (Allocation Failure)
[499.425s][info][gc,heap        ] GC(459) PSYoungGen: 116736K->57856K(116736K)
[499.425s][info][gc,heap        ] GC(459) ParOldGen: 184952K->243856K(349696K)
[499.425s][info][gc,metaspace   ] GC(459) Metaspace: 14658K->14658K(31744K)
[499.425s][info][gc             ] GC(459) Pause Young (Allocation Failure) 294M->294M(455M) 1163.497ms
[499.425s][info][gc,cpu         ] GC(459) User=7.84s Sys=0.05s Real=1.17s
[500.287s][info][gc,start       ] GC(460) Pause Young (Allocation Failure)
[501.522s][info][gc,heap        ] GC(460) PSYoungGen: 116736K->57856K(116736K)
[501.522s][info][gc,heap        ] GC(460) ParOldGen: 243856K->302320K(349696K)
[501.522s][info][gc,metaspace   ] GC(460) Metaspace: 14659K->14659K(31744K)
[501.522s][info][gc             ] GC(460) Pause Young (Allocation Failure) 352M->351M(455M) 1235.363ms
[501.522s][info][gc,cpu         ] GC(460) User=8.23s Sys=0.08s Real=1.24s
[501.523s][info][gc,start       ] GC(461) Pause Full (Ergonomics)
[501.523s][info][gc,phases,start] GC(461) Marking Phase
[502.249s][info][gc,phases      ] GC(461) Marking Phase 726.023ms
[502.249s][info][gc,phases,start] GC(461) Summary Phase
[502.249s][info][gc,phases      ] GC(461) Summary Phase 0.086ms
[502.249s][info][gc,phases,start] GC(461) Adjust Roots
[502.255s][info][gc,phases      ] GC(461) Adjust Roots 5.668ms
[502.255s][info][gc,phases,start] GC(461) Compaction Phase
[504.985s][info][gc,phases      ] GC(461) Compaction Phase 2729.796ms
[504.985s][info][gc,phases,start] GC(461) Post Compact
[504.991s][info][gc,phases      ] GC(461) Post Compact 6.166ms
[504.991s][info][gc,heap        ] GC(461) PSYoungGen: 57856K->9207K(116736K)
[504.992s][info][gc,heap        ] GC(461) ParOldGen: 302320K->349289K(349696K)
[504.992s][info][gc,metaspace   ] GC(461) Metaspace: 14659K->14659K(31744K)
[504.992s][info][gc             ] GC(461) Pause Full (Ergonomics) 351M->350M(455M) 3469.250ms
[504.992s][info][gc,cpu         ] GC(461) User=12.08s Sys=0.05s Real=3.46s
[505.973s][info][gc,start       ] GC(462) Pause Full (Ergonomics)
[505.973s][info][gc,phases,start] GC(462) Marking Phase
[506.006s][info][gc,phases      ] GC(462) Marking Phase 32.645ms
[506.006s][info][gc,phases,start] GC(462) Summary Phase
[506.006s][info][gc,phases      ] GC(462) Summary Phase 0.082ms
[506.006s][info][gc,phases,start] GC(462) Adjust Roots
[506.009s][info][gc,phases      ] GC(462) Adjust Roots 3.136ms
[506.009s][info][gc,phases,start] GC(462) Compaction Phase
[506.021s][info][gc,phases      ] GC(462) Compaction Phase 11.926ms
[506.021s][info][gc,phases,start] GC(462) Post Compact
[506.027s][info][gc,phases      ] GC(462) Post Compact 5.769ms
[506.027s][info][gc,heap        ] GC(462) PSYoungGen: 41296K->0K(116736K)
[506.027s][info][gc,heap        ] GC(462) ParOldGen: 349289K->7275K(349696K)
[506.027s][info][gc,metaspace   ] GC(462) Metaspace: 14659K->14659K(31744K)
[506.027s][info][gc             ] GC(462) Pause Full (Ergonomics) 381M->7M(455M) 54.513ms
[506.027s][info][gc,cpu         ] GC(462) User=0.19s Sys=0.00s Real=0.05s
[506.076s][info][gc,start       ] GC(463) Pause Young (Allocation Failure)
[506.325s][info][gc,heap        ] GC(463) PSYoungGen: 58880K->57830K(116736K)
[506.325s][info][gc,heap        ] GC(463) ParOldGen: 7275K->8363K(349696K)
[506.325s][info][gc,metaspace   ] GC(463) Metaspace: 14659K->14659K(31744K)
[506.325s][info][gc             ] GC(463) Pause Young (Allocation Failure) 64M->64M(455M) 248.514ms
[506.325s][info][gc,cpu         ] GC(463) User=1.52s Sys=0.02s Real=0.25s
[506.451s][info][gc,start       ] GC(464) Pause Young (Allocation Failure)
[506.777s][info][gc,heap        ] GC(464) PSYoungGen: 116710K->57856K(116736K)
[506.777s][info][gc,heap        ] GC(464) ParOldGen: 8363K->67121K(349696K)
[506.777s][info][gc,metaspace   ] GC(464) Metaspace: 14659K->14659K(31744K)
[506.777s][info][gc             ] GC(464) Pause Young (Allocation Failure) 122M->122M(455M) 325.744ms
[506.777s][info][gc,cpu         ] GC(464) User=2.09s Sys=0.00s Real=0.33s
[507.046s][info][gc,start       ] GC(465) Pause Young (Allocation Failure)
[507.788s][info][gc,heap        ] GC(465) PSYoungGen: 116736K->57856K(116736K)
[507.789s][info][gc,heap        ] GC(465) ParOldGen: 67121K->126193K(349696K)
[507.789s][info][gc,metaspace   ] GC(465) Metaspace: 14659K->14659K(31744K)
[507.789s][info][gc             ] GC(465) Pause Young (Allocation Failure) 179M->179M(455M) 742.815ms
[507.789s][info][gc,cpu         ] GC(465) User=5.13s Sys=0.03s Real=0.74s
[508.235s][info][gc,start       ] GC(466) Pause Young (Allocation Failure)
[509.586s][info][gc,heap        ] GC(466) PSYoungGen: 116736K->57856K(116736K)
[509.586s][info][gc,heap        ] GC(466) ParOldGen: 126193K->184889K(349696K)
[509.586s][info][gc,metaspace   ] GC(466) Metaspace: 14659K->14659K(31744K)
[509.586s][info][gc             ] GC(466) Pause Young (Allocation Failure) 237M->237M(455M) 1351.169ms
[509.586s][info][gc,cpu         ] GC(466) User=9.75s Sys=0.03s Real=1.36s
[510.211s][info][gc,start       ] GC(467) Pause Young (Allocation Failure)
[511.270s][info][gc,heap        ] GC(467) PSYoungGen: 116736K->57856K(116736K)
[511.270s][info][gc,heap        ] GC(467) ParOldGen: 184889K->243817K(349696K)
[511.270s][info][gc,metaspace   ] GC(467) Metaspace: 14659K->14659K(31744K)
[511.271s][info][gc             ] GC(467) Pause Young (Allocation Failure) 294M->294M(455M) 1059.210ms
[511.271s][info][gc,cpu         ] GC(467) User=6.94s Sys=0.02s Real=1.06s
[512.063s][info][gc,start       ] GC(468) Pause Young (Allocation Failure)
[513.273s][info][gc,heap        ] GC(468) PSYoungGen: 116736K->57856K(116736K)
[513.273s][info][gc,heap        ] GC(468) ParOldGen: 243817K->302449K(349696K)
[513.273s][info][gc,metaspace   ] GC(468) Metaspace: 14659K->14659K(31744K)
[513.273s][info][gc             ] GC(468) Pause Young (Allocation Failure) 352M->351M(455M) 1210.519ms
[513.273s][info][gc,cpu         ] GC(468) User=7.64s Sys=0.02s Real=1.21s
[513.274s][info][gc,start       ] GC(469) Pause Full (Ergonomics)
[513.274s][info][gc,phases,start] GC(469) Marking Phase
[514.093s][info][gc,phases      ] GC(469) Marking Phase 819.525ms
[514.093s][info][gc,phases,start] GC(469) Summary Phase
[514.093s][info][gc,phases      ] GC(469) Summary Phase 0.098ms
[514.094s][info][gc,phases,start] GC(469) Adjust Roots
[514.098s][info][gc,phases      ] GC(469) Adjust Roots 4.859ms
[514.098s][info][gc,phases,start] GC(469) Compaction Phase
[516.798s][info][gc,phases      ] GC(469) Compaction Phase 2699.414ms
[516.798s][info][gc,phases,start] GC(469) Post Compact
[516.803s][info][gc,phases      ] GC(469) Post Compact 5.221ms
[516.804s][info][gc,heap        ] GC(469) PSYoungGen: 57856K->9207K(116736K)
[516.804s][info][gc,heap        ] GC(469) ParOldGen: 302449K->349493K(349696K)
[516.804s][info][gc,metaspace   ] GC(469) Metaspace: 14659K->14659K(31744K)
[516.804s][info][gc             ] GC(469) Pause Full (Ergonomics) 351M->350M(455M) 3530.176ms
[516.804s][info][gc,cpu         ] GC(469) User=12.52s Sys=0.02s Real=3.53s
[517.760s][info][gc,start       ] GC(470) Pause Full (Ergonomics)
[517.760s][info][gc,phases,start] GC(470) Marking Phase
[517.787s][info][gc,phases      ] GC(470) Marking Phase 27.028ms
[517.787s][info][gc,phases,start] GC(470) Summary Phase
[517.787s][info][gc,phases      ] GC(470) Summary Phase 0.124ms
[517.787s][info][gc,phases,start] GC(470) Adjust Roots
[517.791s][info][gc,phases      ] GC(470) Adjust Roots 3.975ms
[517.791s][info][gc,phases,start] GC(470) Compaction Phase
[517.802s][info][gc,phases      ] GC(470) Compaction Phase 10.388ms
[517.802s][info][gc,phases,start] GC(470) Post Compact
[517.807s][info][gc,phases      ] GC(470) Post Compact 4.852ms
[517.807s][info][gc,heap        ] GC(470) PSYoungGen: 44912K->0K(116736K)
[517.807s][info][gc,heap        ] GC(470) ParOldGen: 349493K->7256K(349696K)
[517.807s][info][gc,metaspace   ] GC(470) Metaspace: 14659K->14659K(31744K)
[517.807s][info][gc             ] GC(470) Pause Full (Ergonomics) 385M->7M(455M) 47.313ms
[517.807s][info][gc,cpu         ] GC(470) User=0.25s Sys=0.00s Real=0.05s
[517.851s][info][gc,start       ] GC(471) Pause Young (Allocation Failure)
[518.096s][info][gc,heap        ] GC(471) PSYoungGen: 58880K->57836K(116736K)
[518.096s][info][gc,heap        ] GC(471) ParOldGen: 7256K->8312K(349696K)
[518.096s][info][gc,metaspace   ] GC(471) Metaspace: 14659K->14659K(31744K)
[518.097s][info][gc             ] GC(471) Pause Young (Allocation Failure) 64M->64M(455M) 245.905ms
[518.097s][info][gc,cpu         ] GC(471) User=1.64s Sys=0.00s Real=0.24s
[518.171s][info][gc,start       ] GC(472) Pause Young (Allocation Failure)
[518.518s][info][gc,heap        ] GC(472) PSYoungGen: 116716K->57856K(116736K)
[518.518s][info][gc,heap        ] GC(472) ParOldGen: 8312K->67237K(349696K)
[518.519s][info][gc,metaspace   ] GC(472) Metaspace: 14659K->14659K(31744K)
[518.519s][info][gc             ] GC(472) Pause Young (Allocation Failure) 122M->122M(455M) 347.481ms
[518.519s][info][gc,cpu         ] GC(472) User=2.48s Sys=0.00s Real=0.36s
[518.810s][info][gc,start       ] GC(473) Pause Young (Allocation Failure)
[520.371s][info][gc,heap        ] GC(473) PSYoungGen: 116736K->57856K(116736K)
[520.371s][info][gc,heap        ] GC(473) ParOldGen: 67237K->126269K(349696K)
[520.371s][info][gc,metaspace   ] GC(473) Metaspace: 14659K->14659K(31744K)
[520.371s][info][gc             ] GC(473) Pause Young (Allocation Failure) 179M->179M(455M) 1561.518ms
[520.371s][info][gc,cpu         ] GC(473) User=11.19s Sys=0.06s Real=1.57s
[520.630s][info][gc,start       ] GC(474) Pause Young (Allocation Failure)
[521.717s][info][gc,heap        ] GC(474) PSYoungGen: 116736K->57856K(116736K)
[521.717s][info][gc,heap        ] GC(474) ParOldGen: 126269K->184949K(349696K)
[521.717s][info][gc,metaspace   ] GC(474) Metaspace: 14659K->14659K(31744K)
[521.717s][info][gc             ] GC(474) Pause Young (Allocation Failure) 237M->237M(455M) 1087.683ms
[521.718s][info][gc,cpu         ] GC(474) User=6.11s Sys=0.08s Real=1.09s
[522.344s][info][gc,start       ] GC(475) Pause Young (Allocation Failure)
[523.412s][info][gc,heap        ] GC(475) PSYoungGen: 116736K->57856K(116736K)
[523.412s][info][gc,heap        ] GC(475) ParOldGen: 184949K->243789K(349696K)
[523.412s][info][gc,metaspace   ] GC(475) Metaspace: 14659K->14659K(31744K)
[523.412s][info][gc             ] GC(475) Pause Young (Allocation Failure) 294M->294M(455M) 1068.390ms
[523.412s][info][gc,cpu         ] GC(475) User=6.58s Sys=0.03s Real=1.08s
[523.772s][info][gc,start       ] GC(476) Pause Young (Allocation Failure)
[524.919s][info][gc,heap        ] GC(476) PSYoungGen: 116736K->57856K(116736K)
[524.920s][info][gc,heap        ] GC(476) ParOldGen: 243789K->302405K(349696K)
[524.920s][info][gc,metaspace   ] GC(476) Metaspace: 14659K->14659K(31744K)
[524.920s][info][gc             ] GC(476) Pause Young (Allocation Failure) 352M->351M(455M) 1147.395ms
[524.920s][info][gc,cpu         ] GC(476) User=7.72s Sys=0.00s Real=1.15s
[524.920s][info][gc,start       ] GC(477) Pause Full (Ergonomics)
[524.920s][info][gc,phases,start] GC(477) Marking Phase
[525.714s][info][gc,phases      ] GC(477) Marking Phase 793.831ms
[525.714s][info][gc,phases,start] GC(477) Summary Phase
[525.714s][info][gc,phases      ] GC(477) Summary Phase 0.066ms
[525.714s][info][gc,phases,start] GC(477) Adjust Roots
[525.718s][info][gc,phases      ] GC(477) Adjust Roots 3.490ms
[525.718s][info][gc,phases,start] GC(477) Compaction Phase
[528.224s][info][gc,phases      ] GC(477) Compaction Phase 2505.994ms
[528.224s][info][gc,phases,start] GC(477) Post Compact
[528.229s][info][gc,phases      ] GC(477) Post Compact 5.019ms
[528.229s][info][gc,heap        ] GC(477) PSYoungGen: 57856K->9207K(116736K)
[528.229s][info][gc,heap        ] GC(477) ParOldGen: 302405K->349577K(349696K)
[528.229s][info][gc,metaspace   ] GC(477) Metaspace: 14659K->14659K(31744K)
[528.229s][info][gc             ] GC(477) Pause Full (Ergonomics) 351M->350M(455M) 3309.356ms
[528.229s][info][gc,cpu         ] GC(477) User=12.19s Sys=0.02s Real=3.30s
[529.345s][info][gc,start       ] GC(478) Pause Full (Ergonomics)
[529.345s][info][gc,phases,start] GC(478) Marking Phase
[529.369s][info][gc,phases      ] GC(478) Marking Phase 23.459ms
[529.369s][info][gc,phases,start] GC(478) Summary Phase
[529.369s][info][gc,phases      ] GC(478) Summary Phase 0.074ms
[529.369s][info][gc,phases,start] GC(478) Adjust Roots
[529.372s][info][gc,phases      ] GC(478) Adjust Roots 2.968ms
[529.372s][info][gc,phases,start] GC(478) Compaction Phase
[529.383s][info][gc,phases      ] GC(478) Compaction Phase 10.983ms
[529.383s][info][gc,phases,start] GC(478) Post Compact
[529.388s][info][gc,phases      ] GC(478) Post Compact 5.129ms
[529.388s][info][gc,heap        ] GC(478) PSYoungGen: 47152K->0K(116736K)
[529.388s][info][gc,heap        ] GC(478) ParOldGen: 349577K->7275K(349696K)
[529.388s][info][gc,metaspace   ] GC(478) Metaspace: 14661K->14661K(31744K)
[529.389s][info][gc             ] GC(478) Pause Full (Ergonomics) 387M->7M(455M) 43.393ms
[529.389s][info][gc,cpu         ] GC(478) User=0.13s Sys=0.00s Real=0.03s
[529.432s][info][gc,start       ] GC(479) Pause Young (Allocation Failure)
[529.666s][info][gc,heap        ] GC(479) PSYoungGen: 58880K->57843K(116736K)
[529.666s][info][gc,heap        ] GC(479) ParOldGen: 7275K->8331K(349696K)
[529.666s][info][gc,metaspace   ] GC(479) Metaspace: 14662K->14662K(31744K)
[529.666s][info][gc             ] GC(479) Pause Young (Allocation Failure) 64M->64M(455M) 234.322ms
[529.666s][info][gc,cpu         ] GC(479) User=1.63s Sys=0.00s Real=0.24s
[529.787s][info][gc,start       ] GC(480) Pause Young (Allocation Failure)
[530.050s][info][gc,heap        ] GC(480) PSYoungGen: 116723K->57856K(116736K)
[530.050s][info][gc,heap        ] GC(480) ParOldGen: 8331K->67110K(349696K)
[530.050s][info][gc,metaspace   ] GC(480) Metaspace: 14662K->14662K(31744K)
[530.050s][info][gc             ] GC(480) Pause Young (Allocation Failure) 122M->122M(455M) 262.683ms
[530.050s][info][gc,cpu         ] GC(480) User=1.94s Sys=0.03s Real=0.26s
[530.333s][info][gc,start       ] GC(481) Pause Young (Allocation Failure)
[531.312s][info][gc,heap        ] GC(481) PSYoungGen: 116736K->57856K(116736K)
[531.312s][info][gc,heap        ] GC(481) ParOldGen: 67110K->126262K(349696K)
[531.312s][info][gc,metaspace   ] GC(481) Metaspace: 14662K->14662K(31744K)
[531.312s][info][gc             ] GC(481) Pause Young (Allocation Failure) 179M->179M(455M) 979.090ms
[531.312s][info][gc,cpu         ] GC(481) User=6.48s Sys=0.02s Real=0.99s
[531.816s][info][gc,start       ] GC(482) Pause Young (Allocation Failure)
[532.734s][info][gc,heap        ] GC(482) PSYoungGen: 116736K->57856K(116736K)
[532.734s][info][gc,heap        ] GC(482) ParOldGen: 126262K->184550K(349696K)
[532.734s][info][gc,metaspace   ] GC(482) Metaspace: 14665K->14665K(31744K)
[532.734s][info][gc             ] GC(482) Pause Young (Allocation Failure) 237M->236M(455M) 918.677ms
[532.734s][info][gc,cpu         ] GC(482) User=5.69s Sys=0.00s Real=0.92s
[533.374s][info][gc,start       ] GC(483) Pause Young (Allocation Failure)
[534.417s][info][gc,heap        ] GC(483) PSYoungGen: 116736K->57856K(116736K)
[534.417s][info][gc,heap        ] GC(483) ParOldGen: 184550K->243446K(349696K)
[534.417s][info][gc,metaspace   ] GC(483) Metaspace: 14665K->14665K(31744K)
[534.417s][info][gc             ] GC(483) Pause Young (Allocation Failure) 294M->294M(455M) 1042.747ms
[534.417s][info][gc,cpu         ] GC(483) User=6.88s Sys=0.03s Real=1.04s
[534.774s][info][gc,start       ] GC(484) Pause Young (Allocation Failure)
[535.777s][info][gc,heap        ] GC(484) PSYoungGen: 116736K->57856K(116736K)
[535.777s][info][gc,heap        ] GC(484) ParOldGen: 243446K->302398K(349696K)
[535.777s][info][gc,metaspace   ] GC(484) Metaspace: 14665K->14665K(31744K)
[535.777s][info][gc             ] GC(484) Pause Young (Allocation Failure) 351M->351M(455M) 1002.892ms
[535.777s][info][gc,cpu         ] GC(484) User=6.77s Sys=0.02s Real=1.00s
[535.777s][info][gc,start       ] GC(485) Pause Full (Ergonomics)
[535.777s][info][gc,phases,start] GC(485) Marking Phase
[536.517s][info][gc,phases      ] GC(485) Marking Phase 739.487ms
[536.517s][info][gc,phases,start] GC(485) Summary Phase
[536.517s][info][gc,phases      ] GC(485) Summary Phase 0.060ms
[536.517s][info][gc,phases,start] GC(485) Adjust Roots
[536.521s][info][gc,phases      ] GC(485) Adjust Roots 4.227ms
[536.522s][info][gc,phases,start] GC(485) Compaction Phase
[539.162s][info][gc,phases      ] GC(485) Compaction Phase 2640.422ms
[539.162s][info][gc,phases,start] GC(485) Post Compact
[539.168s][info][gc,phases      ] GC(485) Post Compact 5.421ms
[539.168s][info][gc,heap        ] GC(485) PSYoungGen: 57856K->9207K(116736K)
[539.168s][info][gc,heap        ] GC(485) ParOldGen: 302398K->349618K(349696K)
[539.168s][info][gc,metaspace   ] GC(485) Metaspace: 14665K->14665K(31744K)
[539.168s][info][gc             ] GC(485) Pause Full (Ergonomics) 351M->350M(455M) 3390.610ms
[539.168s][info][gc,cpu         ] GC(485) User=12.03s Sys=0.03s Real=3.40s
[539.686s][info][gc,start       ] GC(486) Pause Full (Ergonomics)
[539.686s][info][gc,phases,start] GC(486) Marking Phase
[539.715s][info][gc,phases      ] GC(486) Marking Phase 29.042ms
[539.715s][info][gc,phases,start] GC(486) Summary Phase
[539.715s][info][gc,phases      ] GC(486) Summary Phase 0.074ms
[539.715s][info][gc,phases,start] GC(486) Adjust Roots
[539.719s][info][gc,phases      ] GC(486) Adjust Roots 3.233ms
[539.719s][info][gc,phases,start] GC(486) Compaction Phase
[539.738s][info][gc,phases      ] GC(486) Compaction Phase 19.765ms
[539.739s][info][gc,phases,start] GC(486) Post Compact
[539.745s][info][gc,phases      ] GC(486) Post Compact 6.373ms
[539.745s][info][gc,heap        ] GC(486) PSYoungGen: 49467K->0K(116736K)
[539.745s][info][gc,heap        ] GC(486) ParOldGen: 349618K->7257K(349696K)
[539.745s][info][gc,metaspace   ] GC(486) Metaspace: 14665K->14665K(31744K)
[539.745s][info][gc             ] GC(486) Pause Full (Ergonomics) 389M->7M(455M) 59.303ms
[539.745s][info][gc,cpu         ] GC(486) User=0.13s Sys=0.00s Real=0.06s
[539.781s][info][gc,start       ] GC(487) Pause Young (Allocation Failure)
[540.040s][info][gc,heap        ] GC(487) PSYoungGen: 58880K->57850K(116736K)
[540.040s][info][gc,heap        ] GC(487) ParOldGen: 7257K->8297K(349696K)
[540.040s][info][gc,metaspace   ] GC(487) Metaspace: 14667K->14667K(31744K)
[540.040s][info][gc             ] GC(487) Pause Young (Allocation Failure) 64M->64M(455M) 259.250ms
[540.040s][info][gc,cpu         ] GC(487) User=1.42s Sys=0.00s Real=0.25s
[540.195s][info][gc,start       ] GC(488) Pause Young (Allocation Failure)
[540.582s][info][gc,heap        ] GC(488) PSYoungGen: 116730K->57856K(116736K)
[540.582s][info][gc,heap        ] GC(488) ParOldGen: 8297K->67059K(349696K)
[540.582s][info][gc,metaspace   ] GC(488) Metaspace: 14668K->14668K(31744K)
[540.582s][info][gc             ] GC(488) Pause Young (Allocation Failure) 122M->121M(455M) 387.217ms
[540.583s][info][gc,cpu         ] GC(488) User=2.83s Sys=0.02s Real=0.39s
[540.854s][info][gc,start       ] GC(489) Pause Young (Allocation Failure)
[542.135s][info][gc,heap        ] GC(489) PSYoungGen: 116736K->57856K(116736K)
[542.135s][info][gc,heap        ] GC(489) ParOldGen: 67059K->126195K(349696K)
[542.135s][info][gc,metaspace   ] GC(489) Metaspace: 14668K->14668K(31744K)
[542.136s][info][gc             ] GC(489) Pause Young (Allocation Failure) 179M->179M(455M) 1281.195ms
[542.136s][info][gc,cpu         ] GC(489) User=8.94s Sys=0.06s Real=1.28s
[542.394s][info][gc,start       ] GC(490) Pause Young (Allocation Failure)
[543.767s][info][gc,heap        ] GC(490) PSYoungGen: 116736K->57856K(116736K)
[543.767s][info][gc,heap        ] GC(490) ParOldGen: 126195K->185083K(349696K)
[543.767s][info][gc,metaspace   ] GC(490) Metaspace: 14668K->14668K(31744K)
[543.767s][info][gc             ] GC(490) Pause Young (Allocation Failure) 237M->237M(455M) 1373.649ms
[543.767s][info][gc,cpu         ] GC(490) User=9.41s Sys=0.08s Real=1.37s
[544.374s][info][gc,start       ] GC(491) Pause Young (Allocation Failure)
[545.480s][info][gc,heap        ] GC(491) PSYoungGen: 116736K->57760K(116736K)
[545.480s][info][gc,heap        ] GC(491) ParOldGen: 185083K->243067K(349696K)
[545.480s][info][gc,metaspace   ] GC(491) Metaspace: 14668K->14668K(31744K)
[545.480s][info][gc             ] GC(491) Pause Young (Allocation Failure) 294M->293M(455M) 1106.123ms
[545.480s][info][gc,cpu         ] GC(491) User=6.41s Sys=0.13s Real=1.12s
[545.931s][info][gc,start       ] GC(492) Pause Young (Allocation Failure)
[547.080s][info][gc,heap        ] GC(492) PSYoungGen: 116640K->57856K(116736K)
[547.080s][info][gc,heap        ] GC(492) ParOldGen: 243067K->301883K(349696K)
[547.080s][info][gc,metaspace   ] GC(492) Metaspace: 14668K->14668K(31744K)
[547.080s][info][gc             ] GC(492) Pause Young (Allocation Failure) 351M->351M(455M) 1148.694ms
[547.080s][info][gc,cpu         ] GC(492) User=6.66s Sys=0.06s Real=1.15s
[547.080s][info][gc,start       ] GC(493) Pause Full (Ergonomics)
[547.080s][info][gc,phases,start] GC(493) Marking Phase
[547.908s][info][gc,phases      ] GC(493) Marking Phase 827.393ms
[547.908s][info][gc,phases,start] GC(493) Summary Phase
[547.908s][info][gc,phases      ] GC(493) Summary Phase 0.066ms
[547.908s][info][gc,phases,start] GC(493) Adjust Roots
[547.914s][info][gc,phases      ] GC(493) Adjust Roots 5.625ms
[547.914s][info][gc,phases,start] GC(493) Compaction Phase
[550.688s][info][gc,phases      ] GC(493) Compaction Phase 2774.456ms
[550.688s][info][gc,phases,start] GC(493) Post Compact
[550.692s][info][gc,phases      ] GC(493) Post Compact 3.951ms
[550.693s][info][gc,heap        ] GC(493) PSYoungGen: 57856K->9207K(116736K)
[550.693s][info][gc,heap        ] GC(493) ParOldGen: 301883K->349200K(349696K)
[550.693s][info][gc,metaspace   ] GC(493) Metaspace: 14668K->14668K(31744K)
[550.693s][info][gc             ] GC(493) Pause Full (Ergonomics) 351M->350M(455M) 3612.427ms
[550.693s][info][gc,cpu         ] GC(493) User=12.11s Sys=0.13s Real=3.61s
[551.686s][info][gc,start       ] GC(494) Pause Full (Ergonomics)
[551.686s][info][gc,phases,start] GC(494) Marking Phase
[551.710s][info][gc,phases      ] GC(494) Marking Phase 24.012ms
[551.710s][info][gc,phases,start] GC(494) Summary Phase
[551.710s][info][gc,phases      ] GC(494) Summary Phase 0.093ms
[551.710s][info][gc,phases,start] GC(494) Adjust Roots
[551.713s][info][gc,phases      ] GC(494) Adjust Roots 3.268ms
[551.713s][info][gc,phases,start] GC(494) Compaction Phase
[551.721s][info][gc,phases      ] GC(494) Compaction Phase 8.100ms
[551.722s][info][gc,phases,start] GC(494) Post Compact
[551.730s][info][gc,phases      ] GC(494) Post Compact 8.544ms
[551.730s][info][gc,heap        ] GC(494) PSYoungGen: 53053K->0K(116736K)
[551.730s][info][gc,heap        ] GC(494) ParOldGen: 349200K->7805K(349696K)
[551.730s][info][gc,metaspace   ] GC(494) Metaspace: 14668K->14656K(31744K)
[551.731s][info][gc             ] GC(494) Pause Full (Ergonomics) 392M->7M(455M) 44.933ms
[551.731s][info][gc,cpu         ] GC(494) User=0.34s Sys=0.00s Real=0.05s
[551.769s][info][gc,start       ] GC(495) Pause Young (Allocation Failure)
[551.999s][info][gc,heap        ] GC(495) PSYoungGen: 58880K->57824K(116736K)
[551.999s][info][gc,heap        ] GC(495) ParOldGen: 7805K->8301K(349696K)
[551.999s][info][gc,metaspace   ] GC(495) Metaspace: 14656K->14656K(31744K)
[551.999s][info][gc             ] GC(495) Pause Young (Allocation Failure) 65M->64M(455M) 229.644ms
[551.999s][info][gc,cpu         ] GC(495) User=1.41s Sys=0.06s Real=0.22s
[552.073s][info][gc,start       ] GC(496) Pause Young (Allocation Failure)
[552.363s][info][gc,heap        ] GC(496) PSYoungGen: 116704K->57856K(116736K)
[552.363s][info][gc,heap        ] GC(496) ParOldGen: 8301K->67117K(349696K)
[552.364s][info][gc,metaspace   ] GC(496) Metaspace: 14656K->14656K(31744K)
[552.364s][info][gc             ] GC(496) Pause Young (Allocation Failure) 122M->122M(455M) 290.697ms
[552.364s][info][gc,cpu         ] GC(496) User=1.75s Sys=0.00s Real=0.29s
[552.680s][info][gc,start       ] GC(497) Pause Young (Allocation Failure)
[553.595s][info][gc,heap        ] GC(497) PSYoungGen: 116736K->57856K(116736K)
[553.595s][info][gc,heap        ] GC(497) ParOldGen: 67117K->126117K(349696K)
[553.595s][info][gc,metaspace   ] GC(497) Metaspace: 14656K->14656K(31744K)
[553.595s][info][gc             ] GC(497) Pause Young (Allocation Failure) 179M->179M(455M) 914.689ms
[553.595s][info][gc,cpu         ] GC(497) User=5.80s Sys=0.03s Real=0.92s
[554.047s][info][gc,start       ] GC(498) Pause Young (Allocation Failure)
[555.027s][info][gc,heap        ] GC(498) PSYoungGen: 116736K->57856K(116736K)
[555.027s][info][gc,heap        ] GC(498) ParOldGen: 126117K->184869K(349696K)
[555.027s][info][gc,metaspace   ] GC(498) Metaspace: 14656K->14656K(31744K)
[555.027s][info][gc             ] GC(498) Pause Young (Allocation Failure) 237M->237M(455M) 979.613ms
[555.027s][info][gc,cpu         ] GC(498) User=6.56s Sys=0.00s Real=0.99s
[555.612s][info][gc,start       ] GC(499) Pause Young (Allocation Failure)
[556.685s][info][gc,heap        ] GC(499) PSYoungGen: 116736K->57856K(116736K)
[556.686s][info][gc,heap        ] GC(499) ParOldGen: 184869K->243685K(349696K)
[556.686s][info][gc,metaspace   ] GC(499) Metaspace: 14656K->14656K(31744K)
[556.686s][info][gc             ] GC(499) Pause Young (Allocation Failure) 294M->294M(455M) 1073.597ms
[556.686s][info][gc,cpu         ] GC(499) User=7.22s Sys=0.05s Real=1.08s
[557.582s][info][gc,start       ] GC(500) Pause Young (Allocation Failure)
[558.745s][info][gc,heap        ] GC(500) PSYoungGen: 116736K->57856K(116736K)
[558.745s][info][gc,heap        ] GC(500) ParOldGen: 243685K->302373K(349696K)
[558.745s][info][gc,metaspace   ] GC(500) Metaspace: 14656K->14656K(31744K)
[558.746s][info][gc             ] GC(500) Pause Young (Allocation Failure) 351M->351M(455M) 1164.066ms
[558.746s][info][gc,cpu         ] GC(500) User=7.75s Sys=0.05s Real=1.16s
[558.746s][info][gc,start       ] GC(501) Pause Full (Ergonomics)
[558.746s][info][gc,phases,start] GC(501) Marking Phase
[559.522s][info][gc,phases      ] GC(501) Marking Phase 776.219ms
[559.522s][info][gc,phases,start] GC(501) Summary Phase
[559.522s][info][gc,phases      ] GC(501) Summary Phase 0.056ms
[559.522s][info][gc,phases,start] GC(501) Adjust Roots
[559.527s][info][gc,phases      ] GC(501) Adjust Roots 4.379ms
[559.527s][info][gc,phases,start] GC(501) Compaction Phase
[561.950s][info][gc,phases      ] GC(501) Compaction Phase 2422.935ms
[561.950s][info][gc,phases,start] GC(501) Post Compact
[561.954s][info][gc,phases      ] GC(501) Post Compact 4.231ms
[561.954s][info][gc,heap        ] GC(501) PSYoungGen: 57856K->9207K(116736K)
[561.954s][info][gc,heap        ] GC(501) ParOldGen: 302373K->349280K(349696K)
[561.954s][info][gc,metaspace   ] GC(501) Metaspace: 14656K->14656K(31744K)
[561.954s][info][gc             ] GC(501) Pause Full (Ergonomics) 351M->350M(455M) 3208.579ms
[561.954s][info][gc,cpu         ] GC(501) User=11.27s Sys=0.05s Real=3.22s
[562.456s][info][gc,start       ] GC(502) Pause Full (Ergonomics)
[562.457s][info][gc,phases,start] GC(502) Marking Phase
[562.479s][info][gc,phases      ] GC(502) Marking Phase 22.845ms
[562.480s][info][gc,phases,start] GC(502) Summary Phase
[562.480s][info][gc,phases      ] GC(502) Summary Phase 0.071ms
[562.480s][info][gc,phases,start] GC(502) Adjust Roots
[562.490s][info][gc,phases      ] GC(502) Adjust Roots 10.623ms
[562.490s][info][gc,phases,start] GC(502) Compaction Phase
[562.513s][info][gc,phases      ] GC(502) Compaction Phase 22.951ms
[562.514s][info][gc,phases,start] GC(502) Post Compact
[562.522s][info][gc,phases      ] GC(502) Post Compact 8.395ms
[562.522s][info][gc,heap        ] GC(502) PSYoungGen: 55321K->0K(116736K)
[562.522s][info][gc,heap        ] GC(502) ParOldGen: 349280K->7769K(349696K)
[562.522s][info][gc,metaspace   ] GC(502) Metaspace: 14656K->14656K(31744K)
[562.522s][info][gc             ] GC(502) Pause Full (Ergonomics) 395M->7M(455M) 66.069ms
[562.523s][info][gc,cpu         ] GC(502) User=0.14s Sys=0.00s Real=0.07s
[562.566s][info][gc,start       ] GC(503) Pause Young (Allocation Failure)
[562.797s][info][gc,heap        ] GC(503) PSYoungGen: 58880K->57831K(116736K)
[562.798s][info][gc,heap        ] GC(503) ParOldGen: 7769K->8841K(349696K)
[562.798s][info][gc,metaspace   ] GC(503) Metaspace: 14656K->14656K(31744K)
[562.798s][info][gc             ] GC(503) Pause Young (Allocation Failure) 65M->65M(455M) 231.653ms
[562.798s][info][gc,cpu         ] GC(503) User=1.45s Sys=0.02s Real=0.24s
[562.923s][info][gc,start       ] GC(504) Pause Young (Allocation Failure)
[563.214s][info][gc,heap        ] GC(504) PSYoungGen: 116711K->57856K(116736K)
[563.214s][info][gc,heap        ] GC(504) ParOldGen: 8841K->67744K(349696K)
[563.214s][info][gc,metaspace   ] GC(504) Metaspace: 14656K->14656K(31744K)
[563.214s][info][gc             ] GC(504) Pause Young (Allocation Failure) 122M->122M(455M) 291.015ms
[563.214s][info][gc,cpu         ] GC(504) User=2.11s Sys=0.00s Real=0.30s
[563.519s][info][gc,start       ] GC(505) Pause Young (Allocation Failure)
[564.398s][info][gc,heap        ] GC(505) PSYoungGen: 116736K->57856K(116736K)
[564.398s][info][gc,heap        ] GC(505) ParOldGen: 67744K->126696K(349696K)
[564.398s][info][gc,metaspace   ] GC(505) Metaspace: 14656K->14656K(31744K)
[564.398s][info][gc             ] GC(505) Pause Young (Allocation Failure) 180M->180M(455M) 878.844ms
[564.398s][info][gc,cpu         ] GC(505) User=5.50s Sys=0.00s Real=0.88s
[564.623s][info][gc,start       ] GC(506) Pause Young (Allocation Failure)
[565.580s][info][gc,heap        ] GC(506) PSYoungGen: 116736K->57856K(116736K)
[565.580s][info][gc,heap        ] GC(506) ParOldGen: 126696K->185432K(349696K)
[565.580s][info][gc,metaspace   ] GC(506) Metaspace: 14656K->14656K(31744K)
[565.581s][info][gc             ] GC(506) Pause Young (Allocation Failure) 237M->237M(455M) 957.761ms
[565.581s][info][gc,cpu         ] GC(506) User=6.52s Sys=0.00s Real=0.97s
[565.609s][info][gc,start       ] GC(507) Pause Young (Allocation Failure)
[566.695s][info][gc,heap        ] GC(507) PSYoungGen: 116736K->57856K(116736K)
[566.695s][info][gc,heap        ] GC(507) ParOldGen: 185432K->244312K(349696K)
[566.695s][info][gc,metaspace   ] GC(507) Metaspace: 14656K->14656K(31744K)
[566.695s][info][gc             ] GC(507) Pause Young (Allocation Failure) 295M->295M(455M) 1085.383ms
[566.695s][info][gc,cpu         ] GC(507) User=7.50s Sys=0.02s Real=1.10s
[566.723s][info][gc,start       ] GC(508) Pause Young (Allocation Failure)
[567.888s][info][gc,heap        ] GC(508) PSYoungGen: 116736K->57856K(116736K)
[567.888s][info][gc,heap        ] GC(508) ParOldGen: 244312K->303224K(349696K)
[567.888s][info][gc,metaspace   ] GC(508) Metaspace: 14656K->14656K(31744K)
[567.888s][info][gc             ] GC(508) Pause Young (Allocation Failure) 352M->352M(455M) 1165.464ms
[567.888s][info][gc,cpu         ] GC(508) User=7.83s Sys=0.02s Real=1.16s
[567.888s][info][gc,start       ] GC(509) Pause Full (Ergonomics)
[567.888s][info][gc,phases,start] GC(509) Marking Phase
[568.551s][info][gc,phases      ] GC(509) Marking Phase 662.150ms
[568.551s][info][gc,phases,start] GC(509) Summary Phase
[568.551s][info][gc,phases      ] GC(509) Summary Phase 0.065ms
[568.551s][info][gc,phases,start] GC(509) Adjust Roots
[568.557s][info][gc,phases      ] GC(509) Adjust Roots 5.784ms
[568.557s][info][gc,phases,start] GC(509) Compaction Phase
[571.055s][info][gc,phases      ] GC(509) Compaction Phase 2498.575ms
[571.055s][info][gc,phases,start] GC(509) Post Compact
[571.059s][info][gc,phases      ] GC(509) Post Compact 3.979ms
[571.060s][info][gc,heap        ] GC(509) PSYoungGen: 57856K->10230K(116736K)
[571.060s][info][gc,heap        ] GC(509) ParOldGen: 303224K->349215K(349696K)
[571.060s][info][gc,metaspace   ] GC(509) Metaspace: 14656K->14656K(31744K)
[571.060s][info][gc             ] GC(509) Pause Full (Ergonomics) 352M->351M(455M) 3171.387ms
[571.060s][info][gc,cpu         ] GC(509) User=11.11s Sys=0.06s Real=3.17s
[571.114s][info][gc,start       ] GC(510) Pause Full (Ergonomics)
[571.114s][info][gc,phases,start] GC(510) Marking Phase
[571.136s][info][gc,phases      ] GC(510) Marking Phase 22.155ms
[571.136s][info][gc,phases,start] GC(510) Summary Phase
[571.137s][info][gc,phases      ] GC(510) Summary Phase 0.085ms
[571.137s][info][gc,phases,start] GC(510) Adjust Roots
[571.139s][info][gc,phases      ] GC(510) Adjust Roots 2.907ms
[571.140s][info][gc,phases,start] GC(510) Compaction Phase
[571.152s][info][gc,phases      ] GC(510) Compaction Phase 12.061ms
[571.152s][info][gc,phases,start] GC(510) Post Compact
[571.159s][info][gc,phases      ] GC(510) Post Compact 6.808ms
[571.159s][info][gc,heap        ] GC(510) PSYoungGen: 58763K->0K(116736K)
[571.159s][info][gc,heap        ] GC(510) ParOldGen: 349215K->7768K(349696K)
[571.159s][info][gc,metaspace   ] GC(510) Metaspace: 14656K->14656K(31744K)
[571.159s][info][gc             ] GC(510) Pause Full (Ergonomics) 398M->7M(455M) 44.793ms
[571.159s][info][gc,cpu         ] GC(510) User=0.19s Sys=0.00s Real=0.05s
[571.180s][info][gc,start       ] GC(511) Pause Young (Allocation Failure)
[571.385s][info][gc,heap        ] GC(511) PSYoungGen: 58880K->57837K(116736K)
[571.385s][info][gc,heap        ] GC(511) ParOldGen: 7768K->8832K(349696K)
[571.385s][info][gc,metaspace   ] GC(511) Metaspace: 14656K->14656K(31744K)
[571.385s][info][gc             ] GC(511) Pause Young (Allocation Failure) 65M->65M(455M) 205.503ms
[571.385s][info][gc,cpu         ] GC(511) User=1.30s Sys=0.03s Real=0.20s
[571.408s][info][gc,start       ] GC(512) Pause Young (Allocation Failure)
[571.711s][info][gc,heap        ] GC(512) PSYoungGen: 116717K->57856K(116736K)
[571.711s][info][gc,heap        ] GC(512) ParOldGen: 8832K->67566K(349696K)
[571.711s][info][gc,metaspace   ] GC(512) Metaspace: 14656K->14656K(31744K)
[571.711s][info][gc             ] GC(512) Pause Young (Allocation Failure) 122M->122M(455M) 302.884ms
[571.711s][info][gc,cpu         ] GC(512) User=2.25s Sys=0.02s Real=0.31s
[571.738s][info][gc,start       ] GC(513) Pause Young (Allocation Failure)
[572.846s][info][gc,heap        ] GC(513) PSYoungGen: 116736K->57856K(116736K)
[572.846s][info][gc,heap        ] GC(513) ParOldGen: 67566K->126510K(349696K)
[572.846s][info][gc,metaspace   ] GC(513) Metaspace: 14656K->14656K(31744K)
[572.846s][info][gc             ] GC(513) Pause Young (Allocation Failure) 179M->180M(455M) 1108.473ms
[572.846s][info][gc,cpu         ] GC(513) User=7.67s Sys=0.02s Real=1.12s
[572.873s][info][gc,start       ] GC(514) Pause Young (Allocation Failure)
[574.146s][info][gc,heap        ] GC(514) PSYoungGen: 116736K->57856K(116736K)
[574.146s][info][gc,heap        ] GC(514) ParOldGen: 126510K->185430K(349696K)
[574.146s][info][gc,metaspace   ] GC(514) Metaspace: 14656K->14656K(31744K)
[574.146s][info][gc             ] GC(514) Pause Young (Allocation Failure) 237M->237M(455M) 1273.645ms
[574.146s][info][gc,cpu         ] GC(514) User=8.88s Sys=0.03s Real=1.28s
[574.178s][info][gc,start       ] GC(515) Pause Young (Allocation Failure)
[575.556s][info][gc,heap        ] GC(515) PSYoungGen: 116736K->57856K(116736K)
[575.557s][info][gc,heap        ] GC(515) ParOldGen: 185430K->244278K(349696K)
[575.557s][info][gc,metaspace   ] GC(515) Metaspace: 14656K->14656K(31744K)
[575.557s][info][gc             ] GC(515) Pause Young (Allocation Failure) 295M->295M(455M) 1379.121ms
[575.557s][info][gc,cpu         ] GC(515) User=9.59s Sys=0.02s Real=1.38s
[575.589s][info][gc,start       ] GC(516) Pause Young (Allocation Failure)
[576.912s][info][gc,heap        ] GC(516) PSYoungGen: 116736K->57856K(116736K)
[576.913s][info][gc,heap        ] GC(516) ParOldGen: 244278K->303198K(349696K)
[576.913s][info][gc,metaspace   ] GC(516) Metaspace: 14656K->14656K(31744K)
[576.913s][info][gc             ] GC(516) Pause Young (Allocation Failure) 352M->352M(455M) 1323.198ms
[576.913s][info][gc,cpu         ] GC(516) User=9.06s Sys=0.00s Real=1.32s
[576.913s][info][gc,start       ] GC(517) Pause Full (Ergonomics)
[576.913s][info][gc,phases,start] GC(517) Marking Phase
[577.657s][info][gc,phases      ] GC(517) Marking Phase 743.563ms
[577.657s][info][gc,phases,start] GC(517) Summary Phase
[577.657s][info][gc,phases      ] GC(517) Summary Phase 0.060ms
[577.657s][info][gc,phases,start] GC(517) Adjust Roots
[577.661s][info][gc,phases      ] GC(517) Adjust Roots 3.893ms
[577.661s][info][gc,phases,start] GC(517) Compaction Phase
[580.238s][info][gc,phases      ] GC(517) Compaction Phase 2577.499ms
[580.239s][info][gc,phases,start] GC(517) Post Compact
[580.243s][info][gc,phases      ] GC(517) Post Compact 4.206ms
[580.243s][info][gc,heap        ] GC(517) PSYoungGen: 57856K->10230K(116736K)
[580.243s][info][gc,heap        ] GC(517) ParOldGen: 303198K->349268K(349696K)
[580.243s][info][gc,metaspace   ] GC(517) Metaspace: 14656K->14656K(31744K)
[580.243s][info][gc             ] GC(517) Pause Full (Ergonomics) 352M->351M(455M) 3330.168ms
[580.243s][info][gc,cpu         ] GC(517) User=11.19s Sys=0.08s Real=3.33s
[580.321s][info][gc,start       ] GC(518) Pause Full (Ergonomics)
[580.322s][info][gc,phases,start] GC(518) Marking Phase
[580.357s][info][gc,phases      ] GC(518) Marking Phase 35.377ms
[580.357s][info][gc,phases,start] GC(518) Summary Phase
[580.357s][info][gc,phases      ] GC(518) Summary Phase 0.077ms
[580.357s][info][gc,phases,start] GC(518) Adjust Roots
[580.362s][info][gc,phases      ] GC(518) Adjust Roots 4.520ms
[580.362s][info][gc,phases,start] GC(518) Compaction Phase
[580.391s][info][gc,phases      ] GC(518) Compaction Phase 29.056ms
[580.391s][info][gc,phases,start] GC(518) Post Compact
[580.400s][info][gc,phases      ] GC(518) Post Compact 8.650ms
[580.400s][info][gc,heap        ] GC(518) PSYoungGen: 61132K->0K(116736K)
[580.400s][info][gc,heap        ] GC(518) ParOldGen: 349268K->7768K(349696K)
[580.400s][info][gc,metaspace   ] GC(518) Metaspace: 14657K->14657K(31744K)
[580.401s][info][gc             ] GC(518) Pause Full (Ergonomics) 400M->7M(455M) 79.222ms
[580.401s][info][gc,cpu         ] GC(518) User=0.05s Sys=0.00s Real=0.05s
[580.421s][info][gc,start       ] GC(519) Pause Young (Allocation Failure)
[580.623s][info][gc,heap        ] GC(519) PSYoungGen: 58880K->57844K(116736K)
[580.623s][info][gc,heap        ] GC(519) ParOldGen: 7768K->8816K(349696K)
[580.623s][info][gc,metaspace   ] GC(519) Metaspace: 14657K->14657K(31744K)
[580.624s][info][gc             ] GC(519) Pause Young (Allocation Failure) 65M->65M(455M) 202.817ms
[580.624s][info][gc,cpu         ] GC(519) User=0.72s Sys=0.09s Real=0.21s
[580.648s][info][gc,start       ] GC(520) Pause Young (Allocation Failure)
[580.998s][info][gc,heap        ] GC(520) PSYoungGen: 116724K->57856K(116736K)
[580.998s][info][gc,heap        ] GC(520) ParOldGen: 8816K->67725K(349696K)
[580.998s][info][gc,metaspace   ] GC(520) Metaspace: 14657K->14657K(31744K)
[580.999s][info][gc             ] GC(520) Pause Young (Allocation Failure) 122M->122M(455M) 350.495ms
[580.999s][info][gc,cpu         ] GC(520) User=2.45s Sys=0.02s Real=0.35s
[581.025s][info][gc,start       ] GC(521) Pause Young (Allocation Failure)
[582.272s][info][gc,heap        ] GC(521) PSYoungGen: 116736K->57856K(116736K)
[582.272s][info][gc,heap        ] GC(521) ParOldGen: 67725K->126965K(349696K)
[582.272s][info][gc,metaspace   ] GC(521) Metaspace: 14657K->14657K(31744K)
[582.272s][info][gc             ] GC(521) Pause Young (Allocation Failure) 180M->180M(455M) 1247.497ms
[582.272s][info][gc,cpu         ] GC(521) User=8.44s Sys=0.02s Real=1.25s
[582.302s][info][gc,start       ] GC(522) Pause Young (Allocation Failure)
[583.259s][info][gc,heap        ] GC(522) PSYoungGen: 116736K->57856K(116736K)
[583.259s][info][gc,heap        ] GC(522) ParOldGen: 126965K->185821K(349696K)
[583.259s][info][gc,metaspace   ] GC(522) Metaspace: 14657K->14657K(31744K)
[583.259s][info][gc             ] GC(522) Pause Young (Allocation Failure) 237M->237M(455M) 957.391ms
[583.259s][info][gc,cpu         ] GC(522) User=6.52s Sys=0.02s Real=0.96s
[583.283s][info][gc,start       ] GC(523) Pause Young (Allocation Failure)
[584.251s][info][gc,heap        ] GC(523) PSYoungGen: 116736K->57856K(116736K)
[584.251s][info][gc,heap        ] GC(523) ParOldGen: 185821K->244725K(349696K)
[584.251s][info][gc,metaspace   ] GC(523) Metaspace: 14657K->14657K(31744K)
[584.251s][info][gc             ] GC(523) Pause Young (Allocation Failure) 295M->295M(455M) 967.466ms
[584.251s][info][gc,cpu         ] GC(523) User=6.81s Sys=0.02s Real=0.97s
[584.286s][info][gc,start       ] GC(524) Pause Young (Allocation Failure)
[585.256s][info][gc,heap        ] GC(524) PSYoungGen: 116736K->57856K(116736K)
[585.256s][info][gc,heap        ] GC(524) ParOldGen: 244725K->303525K(349696K)
[585.256s][info][gc,metaspace   ] GC(524) Metaspace: 14657K->14657K(31744K)
[585.256s][info][gc             ] GC(524) Pause Young (Allocation Failure) 352M->352M(455M) 969.714ms
[585.256s][info][gc,cpu         ] GC(524) User=5.69s Sys=0.02s Real=0.98s
[585.256s][info][gc,start       ] GC(525) Pause Full (Ergonomics)
[585.256s][info][gc,phases,start] GC(525) Marking Phase
[585.900s][info][gc,phases      ] GC(525) Marking Phase 643.369ms
[585.900s][info][gc,phases,start] GC(525) Summary Phase
[585.900s][info][gc,phases      ] GC(525) Summary Phase 0.062ms
[585.900s][info][gc,phases,start] GC(525) Adjust Roots
[585.904s][info][gc,phases      ] GC(525) Adjust Roots 3.601ms
[585.904s][info][gc,phases,start] GC(525) Compaction Phase
[588.580s][info][gc,phases      ] GC(525) Compaction Phase 2676.412ms
[588.580s][info][gc,phases,start] GC(525) Post Compact
[588.586s][info][gc,phases      ] GC(525) Post Compact 5.846ms
[588.587s][info][gc,heap        ] GC(525) PSYoungGen: 57856K->10230K(116736K)
[588.587s][info][gc,heap        ] GC(525) ParOldGen: 303525K->349694K(349696K)
[588.587s][info][gc,metaspace   ] GC(525) Metaspace: 14657K->14657K(31744K)
[588.587s][info][gc             ] GC(525) Pause Full (Ergonomics) 352M->351M(455M) 3330.417ms
[588.587s][info][gc,cpu         ] GC(525) User=11.23s Sys=0.09s Real=3.35s
[588.646s][info][gc,start       ] GC(526) Pause Full (Ergonomics)
[588.646s][info][gc,phases,start] GC(526) Marking Phase
[588.675s][info][gc,phases      ] GC(526) Marking Phase 28.563ms
[588.675s][info][gc,phases,start] GC(526) Summary Phase
[588.675s][info][gc,phases      ] GC(526) Summary Phase 0.077ms
[588.675s][info][gc,phases,start] GC(526) Adjust Roots
[588.679s][info][gc,phases      ] GC(526) Adjust Roots 4.273ms
[588.679s][info][gc,phases,start] GC(526) Compaction Phase
[588.689s][info][gc,phases      ] GC(526) Compaction Phase 9.631ms
[588.689s][info][gc,phases,start] GC(526) Post Compact
[588.695s][info][gc,phases      ] GC(526) Post Compact 5.835ms
[588.695s][info][gc,heap        ] GC(526) PSYoungGen: 63467K->0K(116736K)
[588.695s][info][gc,heap        ] GC(526) ParOldGen: 349694K->7768K(349696K)
[588.695s][info][gc,metaspace   ] GC(526) Metaspace: 14657K->14657K(31744K)
[588.695s][info][gc             ] GC(526) Pause Full (Ergonomics) 403M->7M(455M) 49.304ms
[588.695s][info][gc,cpu         ] GC(526) User=0.20s Sys=0.00s Real=0.05s
[588.718s][info][gc,start       ] GC(527) Pause Young (Allocation Failure)
[588.906s][info][gc,heap        ] GC(527) PSYoungGen: 58880K->768K(116736K)
[588.906s][info][gc,heap        ] GC(527) ParOldGen: 7768K->65971K(349696K)
[588.906s][info][gc,metaspace   ] GC(527) Metaspace: 14657K->14657K(31744K)
[588.906s][info][gc             ] GC(527) Pause Young (Allocation Failure) 65M->65M(455M) 187.761ms
[588.906s][info][gc,cpu         ] GC(527) User=1.19s Sys=0.02s Real=0.19s
[588.936s][info][gc,start       ] GC(528) Pause Young (Allocation Failure)
[589.342s][info][gc,heap        ] GC(528) PSYoungGen: 59648K->57856K(116736K)
[589.342s][info][gc,heap        ] GC(528) ParOldGen: 65971K->67803K(349696K)
[589.342s][info][gc,metaspace   ] GC(528) Metaspace: 14657K->14657K(31744K)
[589.342s][info][gc             ] GC(528) Pause Young (Allocation Failure) 122M->122M(455M) 406.501ms
[589.342s][info][gc,cpu         ] GC(528) User=2.69s Sys=0.00s Real=0.42s
[589.367s][info][gc,start       ] GC(529) Pause Young (Allocation Failure)
[590.499s][info][gc,heap        ] GC(529) PSYoungGen: 116736K->57856K(116736K)
[590.499s][info][gc,heap        ] GC(529) ParOldGen: 67803K->126731K(349696K)
[590.499s][info][gc,metaspace   ] GC(529) Metaspace: 14657K->14657K(31744K)
[590.499s][info][gc             ] GC(529) Pause Young (Allocation Failure) 180M->180M(455M) 1132.120ms
[590.500s][info][gc,cpu         ] GC(529) User=7.98s Sys=0.00s Real=1.14s
[590.533s][info][gc,start       ] GC(530) Pause Young (Allocation Failure)
[591.530s][info][gc,heap        ] GC(530) PSYoungGen: 116736K->57856K(116736K)
[591.530s][info][gc,heap        ] GC(530) ParOldGen: 126731K->185643K(349696K)
[591.530s][info][gc,metaspace   ] GC(530) Metaspace: 14657K->14657K(31744K)
[591.530s][info][gc             ] GC(530) Pause Young (Allocation Failure) 237M->237M(455M) 997.466ms
[591.530s][info][gc,cpu         ] GC(530) User=6.48s Sys=0.00s Real=1.00s
[591.569s][info][gc,start       ] GC(531) Pause Young (Allocation Failure)
[592.889s][info][gc,heap        ] GC(531) PSYoungGen: 116736K->57856K(116736K)
[592.889s][info][gc,heap        ] GC(531) ParOldGen: 185643K->244507K(349696K)
[592.889s][info][gc,metaspace   ] GC(531) Metaspace: 14657K->14657K(31744K)
[592.890s][info][gc             ] GC(531) Pause Young (Allocation Failure) 295M->295M(455M) 1320.940ms
[592.890s][info][gc,cpu         ] GC(531) User=8.91s Sys=0.03s Real=1.33s
[592.926s][info][gc,start       ] GC(532) Pause Young (Allocation Failure)
[594.026s][info][gc,heap        ] GC(532) PSYoungGen: 116736K->57856K(116736K)
[594.026s][info][gc,heap        ] GC(532) ParOldGen: 244507K->303123K(349696K)
[594.026s][info][gc,metaspace   ] GC(532) Metaspace: 14658K->14658K(31744K)
[594.026s][info][gc             ] GC(532) Pause Young (Allocation Failure) 352M->352M(455M) 1100.175ms
[594.027s][info][gc,cpu         ] GC(532) User=7.25s Sys=0.02s Real=1.10s
[594.027s][info][gc,start       ] GC(533) Pause Full (Ergonomics)
[594.027s][info][gc,phases,start] GC(533) Marking Phase
[594.797s][info][gc,phases      ] GC(533) Marking Phase 770.118ms
[594.797s][info][gc,phases,start] GC(533) Summary Phase
[594.797s][info][gc,phases      ] GC(533) Summary Phase 0.064ms
[594.797s][info][gc,phases,start] GC(533) Adjust Roots
[594.802s][info][gc,phases      ] GC(533) Adjust Roots 4.653ms
[594.802s][info][gc,phases,start] GC(533) Compaction Phase
[597.615s][info][gc,phases      ] GC(533) Compaction Phase 2812.763ms
[597.615s][info][gc,phases,start] GC(533) Post Compact
[597.621s][info][gc,phases      ] GC(533) Post Compact 5.914ms
[597.621s][info][gc,heap        ] GC(533) PSYoungGen: 57856K->10230K(116736K)
[597.621s][info][gc,heap        ] GC(533) ParOldGen: 303123K->349407K(349696K)
[597.621s][info][gc,metaspace   ] GC(533) Metaspace: 14658K->14658K(31744K)
[597.622s][info][gc             ] GC(533) Pause Full (Ergonomics) 352M->351M(455M) 3594.717ms
[597.622s][info][gc,cpu         ] GC(533) User=12.20s Sys=0.06s Real=3.59s
[597.732s][info][gc,start       ] GC(534) Pause Full (Ergonomics)
[597.732s][info][gc,phases,start] GC(534) Marking Phase
[597.762s][info][gc,phases      ] GC(534) Marking Phase 30.055ms
[597.762s][info][gc,phases,start] GC(534) Summary Phase
[597.762s][info][gc,phases      ] GC(534) Summary Phase 0.116ms
[597.762s][info][gc,phases,start] GC(534) Adjust Roots
[597.767s][info][gc,phases      ] GC(534) Adjust Roots 4.282ms
[597.767s][info][gc,phases,start] GC(534) Compaction Phase
[597.788s][info][gc,phases      ] GC(534) Compaction Phase 20.779ms
[597.788s][info][gc,phases,start] GC(534) Post Compact
[597.795s][info][gc,phases      ] GC(534) Post Compact 7.038ms
[597.795s][info][gc,heap        ] GC(534) PSYoungGen: 66908K->0K(116736K)
[597.795s][info][gc,heap        ] GC(534) ParOldGen: 349407K->7770K(349696K)
[597.795s][info][gc,metaspace   ] GC(534) Metaspace: 14658K->14658K(31744K)
[597.795s][info][gc             ] GC(534) Pause Full (Ergonomics) 406M->7M(455M) 63.437ms
[597.795s][info][gc,cpu         ] GC(534) User=0.17s Sys=0.00s Real=0.07s
[597.827s][info][gc,start       ] GC(535) Pause Young (Allocation Failure)
[598.019s][info][gc,heap        ] GC(535) PSYoungGen: 58880K->352K(116736K)
[598.019s][info][gc,heap        ] GC(535) ParOldGen: 7770K->66363K(349696K)
[598.019s][info][gc,metaspace   ] GC(535) Metaspace: 14658K->14658K(31744K)
[598.020s][info][gc             ] GC(535) Pause Young (Allocation Failure) 65M->65M(455M) 192.716ms
[598.020s][info][gc,cpu         ] GC(535) User=1.14s Sys=0.00s Real=0.20s
[598.050s][info][gc,start       ] GC(536) Pause Young (Allocation Failure)
[598.658s][info][gc,heap        ] GC(536) PSYoungGen: 59232K->57856K(116736K)
[598.658s][info][gc,heap        ] GC(536) ParOldGen: 66363K->67827K(349696K)
[598.658s][info][gc,metaspace   ] GC(536) Metaspace: 14658K->14658K(31744K)
[598.658s][info][gc             ] GC(536) Pause Young (Allocation Failure) 122M->122M(455M) 607.780ms
[598.658s][info][gc,cpu         ] GC(536) User=4.09s Sys=0.02s Real=0.61s
[598.699s][info][gc,start       ] GC(537) Pause Young (Allocation Failure)
[599.751s][info][gc,heap        ] GC(537) PSYoungGen: 116736K->57856K(116736K)
[599.751s][info][gc,heap        ] GC(537) ParOldGen: 67827K->126683K(349696K)
[599.751s][info][gc,metaspace   ] GC(537) Metaspace: 14658K->14658K(31744K)
[599.752s][info][gc             ] GC(537) Pause Young (Allocation Failure) 180M->180M(455M) 1052.719ms
[599.752s][info][gc,cpu         ] GC(537) User=6.19s Sys=0.02s Real=1.05s
[599.784s][info][gc,start       ] GC(538) Pause Young (Allocation Failure)
[600.810s][info][gc,heap        ] GC(538) PSYoungGen: 116736K->57856K(116736K)
[600.810s][info][gc,heap        ] GC(538) ParOldGen: 126683K->185611K(349696K)
[600.810s][info][gc,metaspace   ] GC(538) Metaspace: 14658K->14658K(31744K)
[600.810s][info][gc             ] GC(538) Pause Young (Allocation Failure) 237M->237M(455M) 1026.428ms
[600.810s][info][gc,cpu         ] GC(538) User=6.23s Sys=0.03s Real=1.01s
[600.856s][info][gc,start       ] GC(539) Pause Young (Allocation Failure)
[601.860s][info][gc,heap        ] GC(539) PSYoungGen: 116736K->57856K(116736K)
[601.860s][info][gc,heap        ] GC(539) ParOldGen: 185611K->244259K(349696K)
[601.860s][info][gc,metaspace   ] GC(539) Metaspace: 14658K->14658K(31744K)
[601.860s][info][gc             ] GC(539) Pause Young (Allocation Failure) 295M->295M(455M) 1004.409ms
[601.860s][info][gc,cpu         ] GC(539) User=6.61s Sys=0.00s Real=1.01s
[601.912s][info][gc,start       ] GC(540) Pause Young (Allocation Failure)
[602.985s][info][gc,heap        ] GC(540) PSYoungGen: 116736K->57856K(116736K)
[602.985s][info][gc,heap        ] GC(540) ParOldGen: 244259K->303179K(349696K)
[602.985s][info][gc,metaspace   ] GC(540) Metaspace: 14658K->14658K(31744K)
[602.985s][info][gc             ] GC(540) Pause Young (Allocation Failure) 352M->352M(455M) 1073.882ms
[602.986s][info][gc,cpu         ] GC(540) User=7.13s Sys=0.03s Real=1.09s
[602.986s][info][gc,start       ] GC(541) Pause Full (Ergonomics)
[602.986s][info][gc,phases,start] GC(541) Marking Phase
[603.773s][info][gc,phases      ] GC(541) Marking Phase 786.978ms
[603.773s][info][gc,phases,start] GC(541) Summary Phase
[603.773s][info][gc,phases      ] GC(541) Summary Phase 0.064ms
[603.773s][info][gc,phases,start] GC(541) Adjust Roots
[603.777s][info][gc,phases      ] GC(541) Adjust Roots 3.696ms
[603.777s][info][gc,phases,start] GC(541) Compaction Phase
[606.579s][info][gc,phases      ] GC(541) Compaction Phase 2801.607ms
[606.579s][info][gc,phases,start] GC(541) Post Compact
[606.585s][info][gc,phases      ] GC(541) Post Compact 5.696ms
[606.585s][info][gc,heap        ] GC(541) PSYoungGen: 57856K->10230K(116736K)
[606.585s][info][gc,heap        ] GC(541) ParOldGen: 303179K->349531K(349696K)
[606.585s][info][gc,metaspace   ] GC(541) Metaspace: 14658K->14658K(31744K)
[606.585s][info][gc             ] GC(541) Pause Full (Ergonomics) 352M->351M(455M) 3599.191ms
[606.585s][info][gc,cpu         ] GC(541) User=11.44s Sys=0.06s Real=3.60s
[606.668s][info][gc,start       ] GC(542) Pause Full (Ergonomics)
[606.668s][info][gc,phases,start] GC(542) Marking Phase
[606.702s][info][gc,phases      ] GC(542) Marking Phase 33.315ms
[606.702s][info][gc,phases,start] GC(542) Summary Phase
[606.702s][info][gc,phases      ] GC(542) Summary Phase 0.089ms
[606.702s][info][gc,phases,start] GC(542) Adjust Roots
[606.706s][info][gc,phases      ] GC(542) Adjust Roots 3.447ms
[606.706s][info][gc,phases,start] GC(542) Compaction Phase
[606.711s][info][gc,phases      ] GC(542) Compaction Phase 5.832ms
[606.711s][info][gc,phases,start] GC(542) Post Compact
[606.717s][info][gc,phases      ] GC(542) Post Compact 5.660ms
[606.717s][info][gc,heap        ] GC(542) PSYoungGen: 69110K->0K(116736K)
[606.717s][info][gc,heap        ] GC(542) ParOldGen: 349531K->8280K(349696K)
[606.717s][info][gc,metaspace   ] GC(542) Metaspace: 14658K->14658K(31744K)
[606.718s][info][gc             ] GC(542) Pause Full (Ergonomics) 408M->8M(455M) 49.205ms
[606.718s][info][gc,cpu         ] GC(542) User=0.20s Sys=0.02s Real=0.06s
[606.769s][info][gc,start       ] GC(543) Pause Young (Allocation Failure)
[607.250s][info][gc,heap        ] GC(543) PSYoungGen: 58880K->57856K(116736K)
[607.250s][info][gc,heap        ] GC(543) ParOldGen: 67265K->68369K(349696K)
[607.250s][info][gc,metaspace   ] GC(543) Metaspace: 14658K->14658K(31744K)
[607.250s][info][gc             ] GC(543) Pause Young (Allocation Failure) 123M->123M(455M) 481.374ms
[607.250s][info][gc,cpu         ] GC(543) User=3.23s Sys=0.02s Real=0.48s
[607.292s][info][gc,start       ] GC(544) Pause Young (Allocation Failure)
[608.495s][info][gc,heap        ] GC(544) PSYoungGen: 116736K->57856K(116736K)
[608.495s][info][gc,heap        ] GC(544) ParOldGen: 68369K->127513K(349696K)
[608.495s][info][gc,metaspace   ] GC(544) Metaspace: 14658K->14658K(31744K)
[608.495s][info][gc             ] GC(544) Pause Young (Allocation Failure) 180M->181M(455M) 1203.233ms
[608.495s][info][gc,cpu         ] GC(544) User=8.33s Sys=0.02s Real=1.21s
[608.535s][info][gc,start       ] GC(545) Pause Young (Allocation Failure)
[609.768s][info][gc,heap        ] GC(545) PSYoungGen: 116736K->57856K(116736K)
[609.768s][info][gc,heap        ] GC(545) ParOldGen: 127513K->186137K(349696K)
[609.768s][info][gc,metaspace   ] GC(545) Metaspace: 14658K->14658K(31744K)
[609.768s][info][gc             ] GC(545) Pause Young (Allocation Failure) 238M->238M(455M) 1233.013ms
[609.768s][info][gc,cpu         ] GC(545) User=6.86s Sys=0.05s Real=1.23s
[609.814s][info][gc,start       ] GC(546) Pause Young (Allocation Failure)
[610.740s][info][gc,heap        ] GC(546) PSYoungGen: 116736K->57856K(116736K)
[610.741s][info][gc,heap        ] GC(546) ParOldGen: 186137K->245033K(349696K)
[610.741s][info][gc,metaspace   ] GC(546) Metaspace: 14658K->14658K(31744K)
[610.741s][info][gc             ] GC(546) Pause Young (Allocation Failure) 295M->295M(455M) 926.328ms
[610.741s][info][gc,cpu         ] GC(546) User=6.16s Sys=0.03s Real=0.92s
[610.781s][info][gc,start       ] GC(547) Pause Young (Allocation Failure)
[611.889s][info][gc,heap        ] GC(547) PSYoungGen: 116736K->57856K(116736K)
[611.889s][info][gc,heap        ] GC(547) ParOldGen: 245033K->303985K(349696K)
[611.889s][info][gc,metaspace   ] GC(547) Metaspace: 14660K->14660K(31744K)
[611.889s][info][gc             ] GC(547) Pause Young (Allocation Failure) 353M->353M(455M) 1107.700ms
[611.889s][info][gc,cpu         ] GC(547) User=7.33s Sys=0.06s Real=1.10s
[611.889s][info][gc,start       ] GC(548) Pause Full (Ergonomics)
[611.889s][info][gc,phases,start] GC(548) Marking Phase
[612.736s][info][gc,phases      ] GC(548) Marking Phase 846.959ms
[612.737s][info][gc,phases,start] GC(548) Summary Phase
[612.737s][info][gc,phases      ] GC(548) Summary Phase 0.060ms
[612.737s][info][gc,phases,start] GC(548) Adjust Roots
[612.740s][info][gc,phases      ] GC(548) Adjust Roots 3.047ms
[612.740s][info][gc,phases,start] GC(548) Compaction Phase
[615.150s][info][gc,phases      ] GC(548) Compaction Phase 2410.493ms
[615.150s][info][gc,phases,start] GC(548) Post Compact
[615.155s][info][gc,phases      ] GC(548) Post Compact 5.006ms
[615.156s][info][gc,heap        ] GC(548) PSYoungGen: 57856K->10741K(116736K)
[615.156s][info][gc,heap        ] GC(548) ParOldGen: 303985K->349392K(349696K)
[615.156s][info][gc,metaspace   ] GC(548) Metaspace: 14660K->14660K(31744K)
[615.156s][info][gc             ] GC(548) Pause Full (Ergonomics) 353M->351M(455M) 3266.465ms
[615.156s][info][gc,cpu         ] GC(548) User=11.59s Sys=0.08s Real=3.27s
[615.216s][info][gc,start       ] GC(549) Pause Full (Ergonomics)
[615.216s][info][gc,phases,start] GC(549) Marking Phase
[616.090s][info][gc,phases      ] GC(549) Marking Phase 873.708ms
[616.090s][info][gc,phases,start] GC(549) Summary Phase
[616.090s][info][gc,phases      ] GC(549) Summary Phase 0.051ms
[616.090s][info][gc,phases,start] GC(549) Adjust Roots
[616.094s][info][gc,phases      ] GC(549) Adjust Roots 3.740ms
[616.094s][info][gc,phases,start] GC(549) Compaction Phase
[617.251s][info][gc,phases      ] GC(549) Compaction Phase 1156.787ms
[617.251s][info][gc,phases,start] GC(549) Post Compact
[617.256s][info][gc,phases      ] GC(549) Post Compact 4.865ms
[617.256s][info][gc,heap        ] GC(549) PSYoungGen: 69621K->69097K(116736K)
[617.256s][info][gc,heap        ] GC(549) ParOldGen: 349392K->349392K(349696K)
[617.256s][info][gc,metaspace   ] GC(549) Metaspace: 14660K->14660K(31744K)
[617.256s][info][gc             ] GC(549) Pause Full (Ergonomics) 409M->408M(455M) 2040.332ms
[617.256s][info][gc,cpu         ] GC(549) User=11.05s Sys=0.05s Real=2.05s
[617.257s][info][gc,start       ] GC(550) Pause Full (Ergonomics)
[617.257s][info][gc,phases,start] GC(550) Marking Phase
[618.194s][info][gc,phases      ] GC(550) Marking Phase 936.311ms
[618.194s][info][gc,phases,start] GC(550) Summary Phase
[618.194s][info][gc,phases      ] GC(550) Summary Phase 0.058ms
[618.194s][info][gc,phases,start] GC(550) Adjust Roots
[618.198s][info][gc,phases      ] GC(550) Adjust Roots 4.146ms
[618.198s][info][gc,phases,start] GC(550) Compaction Phase
[619.206s][info][gc,phases      ] GC(550) Compaction Phase 1007.925ms
[619.206s][info][gc,phases,start] GC(550) Post Compact
[619.211s][info][gc,phases      ] GC(550) Post Compact 5.183ms
[619.211s][info][gc,heap        ] GC(550) PSYoungGen: 69109K->69107K(116736K)
[619.211s][info][gc,heap        ] GC(550) ParOldGen: 349392K->349391K(349696K)
[619.211s][info][gc,metaspace   ] GC(550) Metaspace: 14660K->14660K(31744K)
[619.212s][info][gc             ] GC(550) Pause Full (Ergonomics) 408M->408M(455M) 1954.471ms
[619.212s][info][gc,cpu         ] GC(550) User=10.94s Sys=0.09s Real=1.95s
[619.212s][info][gc,start       ] GC(551) Pause Full (Ergonomics)
[619.212s][info][gc,phases,start] GC(551) Marking Phase
[620.065s][info][gc,phases      ] GC(551) Marking Phase 852.193ms
[620.065s][info][gc,phases,start] GC(551) Summary Phase
[620.065s][info][gc,phases      ] GC(551) Summary Phase 0.061ms
[620.065s][info][gc,phases,start] GC(551) Adjust Roots
[620.068s][info][gc,phases      ] GC(551) Adjust Roots 3.310ms
[620.068s][info][gc,phases,start] GC(551) Compaction Phase
[620.292s][info][gc,phases      ] GC(551) Compaction Phase 224.031ms
[620.292s][info][gc,phases,start] GC(551) Post Compact
[620.297s][info][gc,phases      ] GC(551) Post Compact 4.666ms
[620.297s][info][gc,heap        ] GC(551) PSYoungGen: 69109K->69108K(116736K)
[620.297s][info][gc,heap        ] GC(551) ParOldGen: 349391K->349391K(349696K)
[620.297s][info][gc,metaspace   ] GC(551) Metaspace: 14660K->14660K(31744K)
[620.297s][info][gc             ] GC(551) Pause Full (Ergonomics) 408M->408M(455M) 1085.172ms
[620.298s][info][gc,cpu         ] GC(551) User=8.09s Sys=0.00s Real=1.09s
[620.298s][info][gc,start       ] GC(552) Pause Full (Ergonomics)
[620.298s][info][gc,phases,start] GC(552) Marking Phase
[621.178s][info][gc,phases      ] GC(552) Marking Phase 879.696ms
[621.178s][info][gc,phases,start] GC(552) Summary Phase
[621.178s][info][gc,phases      ] GC(552) Summary Phase 0.061ms
[621.178s][info][gc,phases,start] GC(552) Adjust Roots
[621.183s][info][gc,phases      ] GC(552) Adjust Roots 4.287ms
[621.183s][info][gc,phases,start] GC(552) Compaction Phase
[621.468s][info][gc,phases      ] GC(552) Compaction Phase 285.203ms
[621.468s][info][gc,phases,start] GC(552) Post Compact
[621.473s][info][gc,phases      ] GC(552) Post Compact 4.604ms
[621.473s][info][gc,heap        ] GC(552) PSYoungGen: 69109K->69109K(116736K)
[621.474s][info][gc,heap        ] GC(552) ParOldGen: 349391K->349391K(349696K)
[621.474s][info][gc,metaspace   ] GC(552) Metaspace: 14660K->14660K(31744K)
[621.474s][info][gc             ] GC(552) Pause Full (Ergonomics) 408M->408M(455M) 1175.799ms
[621.474s][info][gc,cpu         ] GC(552) User=8.58s Sys=0.00s Real=1.17s
[621.475s][info][gc,start       ] GC(553) Pause Full (Ergonomics)
[621.475s][info][gc,phases,start] GC(553) Marking Phase
[622.464s][info][gc,phases      ] GC(553) Marking Phase 989.425ms
[622.465s][info][gc,phases,start] GC(553) Summary Phase
[622.465s][info][gc,phases      ] GC(553) Summary Phase 0.054ms
[622.465s][info][gc,phases,start] GC(553) Adjust Roots
[622.468s][info][gc,phases      ] GC(553) Adjust Roots 3.111ms
[622.468s][info][gc,phases,start] GC(553) Compaction Phase
[622.740s][info][gc,phases      ] GC(553) Compaction Phase 272.162ms
[622.740s][info][gc,phases,start] GC(553) Post Compact
[622.745s][info][gc,phases      ] GC(553) Post Compact 4.522ms
[622.745s][info][gc,heap        ] GC(553) PSYoungGen: 69109K->69109K(116736K)
[622.745s][info][gc,heap        ] GC(553) ParOldGen: 349393K->349393K(349696K)
[622.745s][info][gc,metaspace   ] GC(553) Metaspace: 14660K->14660K(31744K)
[622.745s][info][gc             ] GC(553) Pause Full (Ergonomics) 408M->408M(455M) 1270.167ms
[622.745s][info][gc,cpu         ] GC(553) User=9.75s Sys=0.00s Real=1.27s
[622.746s][info][gc,start       ] GC(554) Pause Full (Ergonomics)
[622.746s][info][gc,phases,start] GC(554) Marking Phase
[623.693s][info][gc,phases      ] GC(554) Marking Phase 947.211ms
[623.693s][info][gc,phases,start] GC(554) Summary Phase
[623.693s][info][gc,phases      ] GC(554) Summary Phase 0.062ms
[623.693s][info][gc,phases,start] GC(554) Adjust Roots
[623.697s][info][gc,phases      ] GC(554) Adjust Roots 3.606ms
[623.697s][info][gc,phases,start] GC(554) Compaction Phase
[623.969s][info][gc,phases      ] GC(554) Compaction Phase 272.491ms
[623.970s][info][gc,phases,start] GC(554) Post Compact
[623.974s][info][gc,phases      ] GC(554) Post Compact 4.038ms
[623.974s][info][gc,heap        ] GC(554) PSYoungGen: 69109K->69109K(116736K)
[623.974s][info][gc,heap        ] GC(554) ParOldGen: 349395K->349395K(349696K)
[623.974s][info][gc,metaspace   ] GC(554) Metaspace: 14660K->14660K(31744K)
[623.974s][info][gc             ] GC(554) Pause Full (Ergonomics) 408M->408M(455M) 1228.218ms
[623.974s][info][gc,cpu         ] GC(554) User=8.72s Sys=0.02s Real=1.23s
[623.975s][info][gc,start       ] GC(555) Pause Full (Ergonomics)
[623.975s][info][gc,phases,start] GC(555) Marking Phase
[624.950s][info][gc,phases      ] GC(555) Marking Phase 975.536ms
[624.950s][info][gc,phases,start] GC(555) Summary Phase
[624.950s][info][gc,phases      ] GC(555) Summary Phase 0.091ms
[624.951s][info][gc,phases,start] GC(555) Adjust Roots
[624.955s][info][gc,phases      ] GC(555) Adjust Roots 4.343ms
[624.955s][info][gc,phases,start] GC(555) Compaction Phase
[625.244s][info][gc,phases      ] GC(555) Compaction Phase 288.899ms
[625.244s][info][gc,phases,start] GC(555) Post Compact
[625.249s][info][gc,phases      ] GC(555) Post Compact 5.036ms
[625.249s][info][gc,heap        ] GC(555) PSYoungGen: 69109K->69109K(116736K)
[625.249s][info][gc,heap        ] GC(555) ParOldGen: 349396K->349396K(349696K)
[625.249s][info][gc,metaspace   ] GC(555) Metaspace: 14660K->14660K(31744K)
[625.249s][info][gc             ] GC(555) Pause Full (Ergonomics) 408M->408M(455M) 1274.849ms
[625.249s][info][gc,cpu         ] GC(555) User=9.42s Sys=0.03s Real=1.27s
[625.256s][info][gc,start       ] GC(556) Pause Full (Ergonomics)
[625.256s][info][gc,phases,start] GC(556) Marking Phase
[626.070s][info][gc,phases      ] GC(556) Marking Phase 814.096ms
[626.071s][info][gc,phases,start] GC(556) Summary Phase
[626.071s][info][gc,phases      ] GC(556) Summary Phase 0.056ms
[626.071s][info][gc,phases,start] GC(556) Adjust Roots
[626.074s][info][gc,phases      ] GC(556) Adjust Roots 3.469ms
[626.074s][info][gc,phases,start] GC(556) Compaction Phase
[626.303s][info][gc,phases      ] GC(556) Compaction Phase 228.723ms
[626.303s][info][gc,phases,start] GC(556) Post Compact
[626.307s][info][gc,phases      ] GC(556) Post Compact 3.643ms
[626.307s][info][gc,heap        ] GC(556) PSYoungGen: 69109K->69109K(116736K)
[626.307s][info][gc,heap        ] GC(556) ParOldGen: 349399K->349399K(349696K)
[626.307s][info][gc,metaspace   ] GC(556) Metaspace: 14660K->14660K(31744K)
[626.307s][info][gc             ] GC(556) Pause Full (Ergonomics) 408M->408M(455M) 1051.216ms
[626.307s][info][gc,cpu         ] GC(556) User=8.03s Sys=0.00s Real=1.06s
[626.309s][info][gc,start       ] GC(557) Pause Full (Ergonomics)
[626.309s][info][gc,phases,start] GC(557) Marking Phase
[627.103s][info][gc,phases      ] GC(557) Marking Phase 793.628ms
[627.103s][info][gc,phases,start] GC(557) Summary Phase
[627.103s][info][gc,phases      ] GC(557) Summary Phase 0.060ms
[627.103s][info][gc,phases,start] GC(557) Adjust Roots
[627.107s][info][gc,phases      ] GC(557) Adjust Roots 3.765ms
[627.107s][info][gc,phases,start] GC(557) Compaction Phase
[627.382s][info][gc,phases      ] GC(557) Compaction Phase 274.476ms
[627.382s][info][gc,phases,start] GC(557) Post Compact
[627.388s][info][gc,phases      ] GC(557) Post Compact 5.924ms
[627.388s][info][gc,heap        ] GC(557) PSYoungGen: 69109K->69109K(116736K)
[627.388s][info][gc,heap        ] GC(557) ParOldGen: 349407K->349406K(349696K)
[627.388s][info][gc,metaspace   ] GC(557) Metaspace: 14660K->14660K(31744K)
[627.388s][info][gc             ] GC(557) Pause Full (Ergonomics) 408M->408M(455M) 1078.670ms
[627.388s][info][gc,cpu         ] GC(557) User=7.84s Sys=0.02s Real=1.08s
[627.389s][info][gc,start       ] GC(558) Pause Full (Ergonomics)
[627.389s][info][gc,phases,start] GC(558) Marking Phase
[628.322s][info][gc,phases      ] GC(558) Marking Phase 932.939ms
[628.322s][info][gc,phases,start] GC(558) Summary Phase
[628.322s][info][gc,phases      ] GC(558) Summary Phase 0.057ms
[628.322s][info][gc,phases,start] GC(558) Adjust Roots
[628.327s][info][gc,phases      ] GC(558) Adjust Roots 4.367ms
[628.327s][info][gc,phases,start] GC(558) Compaction Phase
[629.360s][info][gc,phases      ] GC(558) Compaction Phase 1033.529ms
[629.360s][info][gc,phases,start] GC(558) Post Compact
[629.365s][info][gc,phases      ] GC(558) Post Compact 4.668ms
[629.365s][info][gc,heap        ] GC(558) PSYoungGen: 69109K->69109K(116736K)
[629.365s][info][gc,heap        ] GC(558) ParOldGen: 349408K->349408K(349696K)
[629.365s][info][gc,metaspace   ] GC(558) Metaspace: 14660K->14660K(31744K)
[629.365s][info][gc             ] GC(558) Pause Full (Ergonomics) 408M->408M(455M) 1976.415ms
[629.365s][info][gc,cpu         ] GC(558) User=10.70s Sys=0.09s Real=1.98s
[629.368s][info][gc,start       ] GC(559) Pause Full (Ergonomics)
[629.368s][info][gc,phases,start] GC(559) Marking Phase
[630.316s][info][gc,phases      ] GC(559) Marking Phase 947.429ms
[630.316s][info][gc,phases,start] GC(559) Summary Phase
[630.316s][info][gc,phases      ] GC(559) Summary Phase 0.089ms
[630.316s][info][gc,phases,start] GC(559) Adjust Roots
[630.321s][info][gc,phases      ] GC(559) Adjust Roots 4.864ms
[630.321s][info][gc,phases,start] GC(559) Compaction Phase
[630.575s][info][gc,phases      ] GC(559) Compaction Phase 254.396ms
[630.576s][info][gc,phases,start] GC(559) Post Compact
[630.581s][info][gc,phases      ] GC(559) Post Compact 5.646ms
[630.581s][info][gc,heap        ] GC(559) PSYoungGen: 69109K->69109K(116736K)
[630.581s][info][gc,heap        ] GC(559) ParOldGen: 349409K->349409K(349696K)
[630.581s][info][gc,metaspace   ] GC(559) Metaspace: 14660K->14660K(31744K)
[630.582s][info][gc             ] GC(559) Pause Full (Ergonomics) 408M->408M(455M) 1213.638ms
[630.582s][info][gc,cpu         ] GC(559) User=9.11s Sys=0.03s Real=1.22s
[630.583s][info][gc,start       ] GC(560) Pause Full (Ergonomics)
[630.583s][info][gc,phases,start] GC(560) Marking Phase
[631.499s][info][gc,phases      ] GC(560) Marking Phase 916.092ms
[631.499s][info][gc,phases,start] GC(560) Summary Phase
[631.499s][info][gc,phases      ] GC(560) Summary Phase 0.301ms
[631.499s][info][gc,phases,start] GC(560) Adjust Roots
[631.503s][info][gc,phases      ] GC(560) Adjust Roots 3.433ms
[631.503s][info][gc,phases,start] GC(560) Compaction Phase
[631.837s][info][gc,phases      ] GC(560) Compaction Phase 334.001ms
[631.837s][info][gc,phases,start] GC(560) Post Compact
[631.842s][info][gc,phases      ] GC(560) Post Compact 5.206ms
[631.842s][info][gc,heap        ] GC(560) PSYoungGen: 69109K->69109K(116736K)
[631.842s][info][gc,heap        ] GC(560) ParOldGen: 349411K->349411K(349696K)
[631.842s][info][gc,metaspace   ] GC(560) Metaspace: 14660K->14660K(31744K)
[631.842s][info][gc             ] GC(560) Pause Full (Ergonomics) 408M->408M(455M) 1259.814ms
[631.842s][info][gc,cpu         ] GC(560) User=8.81s Sys=0.03s Real=1.26s
[631.845s][info][gc,start       ] GC(561) Pause Full (Ergonomics)
[631.845s][info][gc,phases,start] GC(561) Marking Phase
[632.776s][info][gc,phases      ] GC(561) Marking Phase 930.605ms
[632.776s][info][gc,phases,start] GC(561) Summary Phase
[632.776s][info][gc,phases      ] GC(561) Summary Phase 0.095ms
[632.776s][info][gc,phases,start] GC(561) Adjust Roots
[632.781s][info][gc,phases      ] GC(561) Adjust Roots 5.032ms
[632.781s][info][gc,phases,start] GC(561) Compaction Phase
[633.840s][info][gc,phases      ] GC(561) Compaction Phase 1059.012ms
[633.840s][info][gc,phases,start] GC(561) Post Compact
[633.846s][info][gc,phases      ] GC(561) Post Compact 5.263ms
[633.846s][info][gc,heap        ] GC(561) PSYoungGen: 69109K->69109K(116736K)
[633.846s][info][gc,heap        ] GC(561) ParOldGen: 349413K->349412K(349696K)
[633.846s][info][gc,metaspace   ] GC(561) Metaspace: 14660K->14660K(31744K)
[633.846s][info][gc             ] GC(561) Pause Full (Ergonomics) 408M->408M(455M) 2000.953ms
[633.846s][info][gc,cpu         ] GC(561) User=11.00s Sys=0.03s Real=2.01s
[633.847s][info][gc,start       ] GC(562) Pause Full (Ergonomics)
[633.847s][info][gc,phases,start] GC(562) Marking Phase
[634.695s][info][gc,phases      ] GC(562) Marking Phase 848.158ms
[634.695s][info][gc,phases,start] GC(562) Summary Phase
[634.695s][info][gc,phases      ] GC(562) Summary Phase 0.058ms
[634.695s][info][gc,phases,start] GC(562) Adjust Roots
[634.700s][info][gc,phases      ] GC(562) Adjust Roots 4.238ms
[634.700s][info][gc,phases,start] GC(562) Compaction Phase
[635.776s][info][gc,phases      ] GC(562) Compaction Phase 1075.899ms
[635.776s][info][gc,phases,start] GC(562) Post Compact
[635.781s][info][gc,phases      ] GC(562) Post Compact 5.553ms
[635.782s][info][gc,heap        ] GC(562) PSYoungGen: 69109K->69109K(116736K)
[635.782s][info][gc,heap        ] GC(562) ParOldGen: 349414K->349410K(349696K)
[635.782s][info][gc,metaspace   ] GC(562) Metaspace: 14660K->14660K(31744K)
[635.782s][info][gc             ] GC(562) Pause Full (Ergonomics) 408M->408M(455M) 1934.973ms
[635.782s][info][gc,cpu         ] GC(562) User=10.38s Sys=0.16s Real=1.92s
[635.783s][info][gc,start       ] GC(563) Pause Full (Ergonomics)
[635.783s][info][gc,phases,start] GC(563) Marking Phase
[636.601s][info][gc,phases      ] GC(563) Marking Phase 818.077ms
[636.601s][info][gc,phases,start] GC(563) Summary Phase
[636.601s][info][gc,phases      ] GC(563) Summary Phase 0.051ms
[636.601s][info][gc,phases,start] GC(563) Adjust Roots
[636.605s][info][gc,phases      ] GC(563) Adjust Roots 3.358ms
[636.605s][info][gc,phases,start] GC(563) Compaction Phase
[636.831s][info][gc,phases      ] GC(563) Compaction Phase 225.799ms
[636.831s][info][gc,phases,start] GC(563) Post Compact
[636.835s][info][gc,phases      ] GC(563) Post Compact 4.731ms
[636.836s][info][gc,heap        ] GC(563) PSYoungGen: 69109K->69109K(116736K)
[636.836s][info][gc,heap        ] GC(563) ParOldGen: 349411K->349409K(349696K)
[636.836s][info][gc,metaspace   ] GC(563) Metaspace: 14660K->14660K(31744K)
[636.836s][info][gc             ] GC(563) Pause Full (Ergonomics) 408M->408M(455M) 1052.887ms
[636.836s][info][gc,cpu         ] GC(563) User=7.91s Sys=0.00s Real=1.05s
[636.837s][info][gc,start       ] GC(564) Pause Full (Ergonomics)
[636.837s][info][gc,phases,start] GC(564) Marking Phase
[637.854s][info][gc,phases      ] GC(564) Marking Phase 1016.900ms
[637.854s][info][gc,phases,start] GC(564) Summary Phase
[637.854s][info][gc,phases      ] GC(564) Summary Phase 0.059ms
[637.854s][info][gc,phases,start] GC(564) Adjust Roots
[637.858s][info][gc,phases      ] GC(564) Adjust Roots 3.911ms
[637.858s][info][gc,phases,start] GC(564) Compaction Phase
[638.134s][info][gc,phases      ] GC(564) Compaction Phase 275.988ms
[638.134s][info][gc,phases,start] GC(564) Post Compact
[638.140s][info][gc,phases      ] GC(564) Post Compact 6.104ms
[638.141s][info][gc,heap        ] GC(564) PSYoungGen: 69109K->69109K(116736K)
[638.141s][info][gc,heap        ] GC(564) ParOldGen: 349410K->349410K(349696K)
[638.141s][info][gc,metaspace   ] GC(564) Metaspace: 14660K->14660K(31744K)
[638.141s][info][gc             ] GC(564) Pause Full (Ergonomics) 408M->408M(455M) 1303.902ms
[638.141s][info][gc,cpu         ] GC(564) User=9.66s Sys=0.02s Real=1.30s
[638.142s][info][gc,start       ] GC(565) Pause Full (Ergonomics)
[638.142s][info][gc,phases,start] GC(565) Marking Phase
[638.906s][info][gc,phases      ] GC(565) Marking Phase 763.911ms
[638.906s][info][gc,phases,start] GC(565) Summary Phase
[638.906s][info][gc,phases      ] GC(565) Summary Phase 0.056ms
[638.906s][info][gc,phases,start] GC(565) Adjust Roots
[638.910s][info][gc,phases      ] GC(565) Adjust Roots 3.702ms
[638.910s][info][gc,phases,start] GC(565) Compaction Phase
[639.193s][info][gc,phases      ] GC(565) Compaction Phase 282.856ms
[639.193s][info][gc,phases,start] GC(565) Post Compact
[639.198s][info][gc,phases      ] GC(565) Post Compact 5.325ms
[639.198s][info][gc,heap        ] GC(565) PSYoungGen: 69109K->69109K(116736K)
[639.198s][info][gc,heap        ] GC(565) ParOldGen: 349415K->349412K(349696K)
[639.198s][info][gc,metaspace   ] GC(565) Metaspace: 14660K->14660K(31744K)
[639.199s][info][gc             ] GC(565) Pause Full (Ergonomics) 408M->408M(455M) 1056.747ms
[639.199s][info][gc,cpu         ] GC(565) User=7.34s Sys=0.00s Real=1.06s
[639.200s][info][gc,start       ] GC(566) Pause Full (Ergonomics)
[639.200s][info][gc,phases,start] GC(566) Marking Phase
[640.168s][info][gc,phases      ] GC(566) Marking Phase 968.155ms
[640.168s][info][gc,phases,start] GC(566) Summary Phase
[640.168s][info][gc,phases      ] GC(566) Summary Phase 0.077ms
[640.168s][info][gc,phases,start] GC(566) Adjust Roots
[640.173s][info][gc,phases      ] GC(566) Adjust Roots 4.989ms
[640.173s][info][gc,phases,start] GC(566) Compaction Phase
[641.289s][info][gc,phases      ] GC(566) Compaction Phase 1115.547ms
[641.289s][info][gc,phases,start] GC(566) Post Compact
[641.296s][info][gc,phases      ] GC(566) Post Compact 6.147ms
[641.296s][info][gc,heap        ] GC(566) PSYoungGen: 69109K->69109K(116736K)
[641.296s][info][gc,heap        ] GC(566) ParOldGen: 349415K->349414K(349696K)
[641.296s][info][gc,metaspace   ] GC(566) Metaspace: 14660K->14660K(31744K)
[641.296s][info][gc             ] GC(566) Pause Full (Ergonomics) 408M->408M(455M) 2096.523ms
[641.296s][info][gc,cpu         ] GC(566) User=11.50s Sys=0.05s Real=2.09s
[641.297s][info][gc,start       ] GC(567) Pause Full (Ergonomics)
[641.297s][info][gc,phases,start] GC(567) Marking Phase
[642.232s][info][gc,phases      ] GC(567) Marking Phase 934.405ms
[642.232s][info][gc,phases,start] GC(567) Summary Phase
[642.232s][info][gc,phases      ] GC(567) Summary Phase 0.057ms
[642.232s][info][gc,phases,start] GC(567) Adjust Roots
[642.236s][info][gc,phases      ] GC(567) Adjust Roots 3.618ms
[642.236s][info][gc,phases,start] GC(567) Compaction Phase
[642.517s][info][gc,phases      ] GC(567) Compaction Phase 281.277ms
[642.517s][info][gc,phases,start] GC(567) Post Compact
[642.522s][info][gc,phases      ] GC(567) Post Compact 4.945ms
[642.522s][info][gc,heap        ] GC(567) PSYoungGen: 69109K->69109K(116736K)
[642.522s][info][gc,heap        ] GC(567) ParOldGen: 349416K->349415K(349696K)
[642.522s][info][gc,metaspace   ] GC(567) Metaspace: 14660K->14660K(31744K)
[642.522s][info][gc             ] GC(567) Pause Full (Ergonomics) 408M->408M(455M) 1225.314ms
[642.523s][info][gc,cpu         ] GC(567) User=8.92s Sys=0.02s Real=1.24s
[642.523s][info][gc,start       ] GC(568) Pause Full (Ergonomics)
[642.523s][info][gc,phases,start] GC(568) Marking Phase
[643.470s][info][gc,phases      ] GC(568) Marking Phase 946.835ms
[643.470s][info][gc,phases,start] GC(568) Summary Phase
[643.471s][info][gc,phases      ] GC(568) Summary Phase 0.059ms
[643.471s][info][gc,phases,start] GC(568) Adjust Roots
[643.474s][info][gc,phases      ] GC(568) Adjust Roots 3.416ms
[643.474s][info][gc,phases,start] GC(568) Compaction Phase
[643.773s][info][gc,phases      ] GC(568) Compaction Phase 298.492ms
[643.773s][info][gc,phases,start] GC(568) Post Compact
[643.777s][info][gc,phases      ] GC(568) Post Compact 4.671ms
[643.778s][info][gc,heap        ] GC(568) PSYoungGen: 69109K->69109K(116736K)
[643.778s][info][gc,heap        ] GC(568) ParOldGen: 349417K->349414K(349696K)
[643.778s][info][gc,metaspace   ] GC(568) Metaspace: 14660K->14660K(31744K)
[643.778s][info][gc             ] GC(568) Pause Full (Ergonomics) 408M->408M(455M) 1254.283ms
[643.778s][info][gc,cpu         ] GC(568) User=8.80s Sys=0.08s Real=1.24s
[643.778s][info][gc,start       ] GC(569) Pause Full (Ergonomics)
[643.778s][info][gc,phases,start] GC(569) Marking Phase
[644.580s][info][gc,phases      ] GC(569) Marking Phase 801.052ms
[644.580s][info][gc,phases,start] GC(569) Summary Phase
[644.580s][info][gc,phases      ] GC(569) Summary Phase 0.058ms
[644.580s][info][gc,phases,start] GC(569) Adjust Roots
[644.583s][info][gc,phases      ] GC(569) Adjust Roots 3.357ms
[644.583s][info][gc,phases,start] GC(569) Compaction Phase
[644.835s][info][gc,phases      ] GC(569) Compaction Phase 251.553ms
[644.835s][info][gc,phases,start] GC(569) Post Compact
[644.840s][info][gc,phases      ] GC(569) Post Compact 4.925ms
[644.840s][info][gc,heap        ] GC(569) PSYoungGen: 69109K->69109K(116736K)
[644.840s][info][gc,heap        ] GC(569) ParOldGen: 349416K->349416K(349696K)
[644.840s][info][gc,metaspace   ] GC(569) Metaspace: 14660K->14660K(31744K)
[644.840s][info][gc             ] GC(569) Pause Full (Ergonomics) 408M->408M(455M) 1061.803ms
[644.840s][info][gc,cpu         ] GC(569) User=7.67s Sys=0.03s Real=1.07s
[644.841s][info][gc,start       ] GC(570) Pause Full (Ergonomics)
[644.841s][info][gc,phases,start] GC(570) Marking Phase
[645.774s][info][gc,phases      ] GC(570) Marking Phase 932.620ms
[645.774s][info][gc,phases,start] GC(570) Summary Phase
[645.774s][info][gc,phases      ] GC(570) Summary Phase 0.088ms
[645.774s][info][gc,phases,start] GC(570) Adjust Roots
[645.779s][info][gc,phases      ] GC(570) Adjust Roots 4.676ms
[645.779s][info][gc,phases,start] GC(570) Compaction Phase
[646.040s][info][gc,phases      ] GC(570) Compaction Phase 261.114ms
[646.040s][info][gc,phases,start] GC(570) Post Compact
[646.044s][info][gc,phases      ] GC(570) Post Compact 4.273ms
[646.045s][info][gc,heap        ] GC(570) PSYoungGen: 69109K->69109K(116736K)
[646.045s][info][gc,heap        ] GC(570) ParOldGen: 349417K->349417K(349696K)
[646.045s][info][gc,metaspace   ] GC(570) Metaspace: 14660K->14660K(31744K)
[646.045s][info][gc             ] GC(570) Pause Full (Ergonomics) 408M->408M(455M) 1203.970ms
[646.045s][info][gc,cpu         ] GC(570) User=8.80s Sys=0.02s Real=1.21s
[646.046s][info][gc,start       ] GC(571) Pause Full (Ergonomics)
[646.046s][info][gc,phases,start] GC(571) Marking Phase
[646.893s][info][gc,phases      ] GC(571) Marking Phase 846.694ms
[646.893s][info][gc,phases,start] GC(571) Summary Phase
[646.893s][info][gc,phases      ] GC(571) Summary Phase 0.062ms
[646.893s][info][gc,phases,start] GC(571) Adjust Roots
[646.897s][info][gc,phases      ] GC(571) Adjust Roots 4.159ms
[646.897s][info][gc,phases,start] GC(571) Compaction Phase
[647.160s][info][gc,phases      ] GC(571) Compaction Phase 262.983ms
[647.161s][info][gc,phases,start] GC(571) Post Compact
[647.165s][info][gc,phases      ] GC(571) Post Compact 4.671ms
[647.166s][info][gc,heap        ] GC(571) PSYoungGen: 69109K->69109K(116736K)
[647.166s][info][gc,heap        ] GC(571) ParOldGen: 349419K->349419K(349696K)
[647.166s][info][gc,metaspace   ] GC(571) Metaspace: 14660K->14660K(31744K)
[647.166s][info][gc             ] GC(571) Pause Full (Ergonomics) 408M->408M(455M) 1119.750ms
[647.166s][info][gc,cpu         ] GC(571) User=8.13s Sys=0.00s Real=1.12s
[647.167s][info][gc,start       ] GC(572) Pause Full (Ergonomics)
[647.167s][info][gc,phases,start] GC(572) Marking Phase
[648.075s][info][gc,phases      ] GC(572) Marking Phase 908.177ms
[648.075s][info][gc,phases,start] GC(572) Summary Phase
[648.075s][info][gc,phases      ] GC(572) Summary Phase 0.065ms
[648.075s][info][gc,phases,start] GC(572) Adjust Roots
[648.079s][info][gc,phases      ] GC(572) Adjust Roots 3.389ms
[648.079s][info][gc,phases,start] GC(572) Compaction Phase
[648.343s][info][gc,phases      ] GC(572) Compaction Phase 264.130ms
[648.343s][info][gc,phases,start] GC(572) Post Compact
[648.348s][info][gc,phases      ] GC(572) Post Compact 5.246ms
[648.348s][info][gc,heap        ] GC(572) PSYoungGen: 69109K->69109K(116736K)
[648.348s][info][gc,heap        ] GC(572) ParOldGen: 349420K->349420K(349696K)
[648.348s][info][gc,metaspace   ] GC(572) Metaspace: 14660K->14660K(31744K)
[648.348s][info][gc             ] GC(572) Pause Full (Ergonomics) 408M->408M(455M) 1181.909ms
[648.349s][info][gc,cpu         ] GC(572) User=8.53s Sys=0.02s Real=1.19s
[648.349s][info][gc,start       ] GC(573) Pause Full (Ergonomics)
[648.349s][info][gc,phases,start] GC(573) Marking Phase
[649.166s][info][gc,phases      ] GC(573) Marking Phase 816.477ms
[649.166s][info][gc,phases,start] GC(573) Summary Phase
[649.166s][info][gc,phases      ] GC(573) Summary Phase 0.053ms
[649.166s][info][gc,phases,start] GC(573) Adjust Roots
[649.169s][info][gc,phases      ] GC(573) Adjust Roots 3.332ms
[649.169s][info][gc,phases,start] GC(573) Compaction Phase
[649.407s][info][gc,phases      ] GC(573) Compaction Phase 237.353ms
[649.407s][info][gc,phases,start] GC(573) Post Compact
[649.411s][info][gc,phases      ] GC(573) Post Compact 4.107ms
[649.411s][info][gc,heap        ] GC(573) PSYoungGen: 69109K->69109K(116736K)
[649.411s][info][gc,heap        ] GC(573) ParOldGen: 349422K->349422K(349696K)
[649.411s][info][gc,metaspace   ] GC(573) Metaspace: 14660K->14660K(31744K)
[649.411s][info][gc             ] GC(573) Pause Full (Ergonomics) 408M->408M(455M) 1062.143ms
[649.411s][info][gc,cpu         ] GC(573) User=7.70s Sys=0.00s Real=1.06s
[649.412s][info][gc,start       ] GC(574) Pause Full (Ergonomics)
[649.412s][info][gc,phases,start] GC(574) Marking Phase
[650.278s][info][gc,phases      ] GC(574) Marking Phase 865.579ms
[650.278s][info][gc,phases,start] GC(574) Summary Phase
[650.278s][info][gc,phases      ] GC(574) Summary Phase 0.061ms
[650.278s][info][gc,phases,start] GC(574) Adjust Roots
[650.283s][info][gc,phases      ] GC(574) Adjust Roots 4.389ms
[650.283s][info][gc,phases,start] GC(574) Compaction Phase
[650.565s][info][gc,phases      ] GC(574) Compaction Phase 282.721ms
[650.566s][info][gc,phases,start] GC(574) Post Compact
[650.570s][info][gc,phases      ] GC(574) Post Compact 4.272ms
[650.570s][info][gc,heap        ] GC(574) PSYoungGen: 69109K->69109K(116736K)
[650.570s][info][gc,heap        ] GC(574) ParOldGen: 349423K->349423K(349696K)
[650.570s][info][gc,metaspace   ] GC(574) Metaspace: 14660K->14660K(31744K)
[650.570s][info][gc             ] GC(574) Pause Full (Ergonomics) 408M->408M(455M) 1158.099ms
[650.570s][info][gc,cpu         ] GC(574) User=8.30s Sys=0.00s Real=1.16s
[650.571s][info][gc,start       ] GC(575) Pause Full (Ergonomics)
[650.571s][info][gc,phases,start] GC(575) Marking Phase
[651.586s][info][gc,phases      ] GC(575) Marking Phase 1015.453ms
[651.587s][info][gc,phases,start] GC(575) Summary Phase
[651.587s][info][gc,phases      ] GC(575) Summary Phase 0.068ms
[651.587s][info][gc,phases,start] GC(575) Adjust Roots
[651.591s][info][gc,phases      ] GC(575) Adjust Roots 3.943ms
[651.591s][info][gc,phases,start] GC(575) Compaction Phase
[651.861s][info][gc,phases      ] GC(575) Compaction Phase 269.966ms
[651.861s][info][gc,phases,start] GC(575) Post Compact
[651.865s][info][gc,phases      ] GC(575) Post Compact 4.342ms
[651.866s][info][gc,heap        ] GC(575) PSYoungGen: 69109K->69109K(116736K)
[651.866s][info][gc,heap        ] GC(575) ParOldGen: 349425K->349425K(349696K)
[651.866s][info][gc,metaspace   ] GC(575) Metaspace: 14660K->14660K(31744K)
[651.866s][info][gc             ] GC(575) Pause Full (Ergonomics) 408M->408M(455M) 1294.791ms
[651.866s][info][gc,cpu         ] GC(575) User=9.39s Sys=0.00s Real=1.29s
[651.867s][info][gc,start       ] GC(576) Pause Full (Ergonomics)
[651.867s][info][gc,phases,start] GC(576) Marking Phase
[652.714s][info][gc,phases      ] GC(576) Marking Phase 847.299ms
[652.714s][info][gc,phases,start] GC(576) Summary Phase
[652.714s][info][gc,phases      ] GC(576) Summary Phase 0.077ms
[652.714s][info][gc,phases,start] GC(576) Adjust Roots
[652.718s][info][gc,phases      ] GC(576) Adjust Roots 3.596ms
[652.718s][info][gc,phases,start] GC(576) Compaction Phase
[653.752s][info][gc,phases      ] GC(576) Compaction Phase 1034.045ms
[653.752s][info][gc,phases,start] GC(576) Post Compact
[653.757s][info][gc,phases      ] GC(576) Post Compact 4.989ms
[653.757s][info][gc,heap        ] GC(576) PSYoungGen: 69109K->69109K(116736K)
[653.757s][info][gc,heap        ] GC(576) ParOldGen: 349428K->349428K(349696K)
[653.757s][info][gc,metaspace   ] GC(576) Metaspace: 14660K->14660K(31744K)
[653.758s][info][gc             ] GC(576) Pause Full (Ergonomics) 408M->408M(455M) 1890.813ms
[653.758s][info][gc,cpu         ] GC(576) User=10.50s Sys=0.09s Real=1.89s
[653.759s][info][gc,start       ] GC(577) Pause Full (Ergonomics)
[653.759s][info][gc,phases,start] GC(577) Marking Phase
[654.799s][info][gc,phases      ] GC(577) Marking Phase 1040.440ms
[654.800s][info][gc,phases,start] GC(577) Summary Phase
[654.800s][info][gc,phases      ] GC(577) Summary Phase 0.060ms
[654.800s][info][gc,phases,start] GC(577) Adjust Roots
[654.805s][info][gc,phases      ] GC(577) Adjust Roots 4.809ms
[654.805s][info][gc,phases,start] GC(577) Compaction Phase
[655.079s][info][gc,phases      ] GC(577) Compaction Phase 274.237ms
[655.079s][info][gc,phases,start] GC(577) Post Compact
[655.083s][info][gc,phases      ] GC(577) Post Compact 3.979ms
[655.083s][info][gc,heap        ] GC(577) PSYoungGen: 69109K->69109K(116736K)
[655.083s][info][gc,heap        ] GC(577) ParOldGen: 349430K->349429K(349696K)
[655.083s][info][gc,metaspace   ] GC(577) Metaspace: 14660K->14660K(31744K)
[655.083s][info][gc             ] GC(577) Pause Full (Ergonomics) 408M->408M(455M) 1324.501ms
[655.083s][info][gc,cpu         ] GC(577) User=9.45s Sys=0.00s Real=1.32s
[655.084s][info][gc,start       ] GC(578) Pause Full (Ergonomics)
[655.084s][info][gc,phases,start] GC(578) Marking Phase
[655.950s][info][gc,phases      ] GC(578) Marking Phase 865.153ms
[655.950s][info][gc,phases,start] GC(578) Summary Phase
[655.950s][info][gc,phases      ] GC(578) Summary Phase 0.071ms
[655.950s][info][gc,phases,start] GC(578) Adjust Roots
[655.954s][info][gc,phases      ] GC(578) Adjust Roots 4.207ms
[655.954s][info][gc,phases,start] GC(578) Compaction Phase
[656.977s][info][gc,phases      ] GC(578) Compaction Phase 1022.647ms
[656.977s][info][gc,phases,start] GC(578) Post Compact
[656.982s][info][gc,phases      ] GC(578) Post Compact 4.324ms
[656.982s][info][gc,heap        ] GC(578) PSYoungGen: 69109K->69109K(116736K)
[656.982s][info][gc,heap        ] GC(578) ParOldGen: 349432K->349431K(349696K)
[656.982s][info][gc,metaspace   ] GC(578) Metaspace: 14660K->14660K(31744K)
[656.982s][info][gc             ] GC(578) Pause Full (Ergonomics) 408M->408M(455M) 1897.560ms
[656.982s][info][gc,cpu         ] GC(578) User=10.86s Sys=0.05s Real=1.89s
[656.983s][info][gc,start       ] GC(579) Pause Full (Ergonomics)
[656.983s][info][gc,phases,start] GC(579) Marking Phase
[657.948s][info][gc,phases      ] GC(579) Marking Phase 965.024ms
[657.948s][info][gc,phases,start] GC(579) Summary Phase
[657.948s][info][gc,phases      ] GC(579) Summary Phase 0.076ms
[657.949s][info][gc,phases,start] GC(579) Adjust Roots
[657.953s][info][gc,phases      ] GC(579) Adjust Roots 4.394ms
[657.953s][info][gc,phases,start] GC(579) Compaction Phase
[658.176s][info][gc,phases      ] GC(579) Compaction Phase 223.439ms
[658.177s][info][gc,phases,start] GC(579) Post Compact
[658.182s][info][gc,phases      ] GC(579) Post Compact 5.038ms
[658.182s][info][gc,heap        ] GC(579) PSYoungGen: 69109K->69109K(116736K)
[658.182s][info][gc,heap        ] GC(579) ParOldGen: 349432K->349432K(349696K)
[658.182s][info][gc,metaspace   ] GC(579) Metaspace: 14660K->14660K(31744K)
[658.182s][info][gc             ] GC(579) Pause Full (Ergonomics) 408M->408M(455M) 1198.939ms
[658.182s][info][gc,cpu         ] GC(579) User=8.92s Sys=0.00s Real=1.20s
[658.183s][info][gc,start       ] GC(580) Pause Full (Ergonomics)
[658.183s][info][gc,phases,start] GC(580) Marking Phase
[659.038s][info][gc,phases      ] GC(580) Marking Phase 854.682ms
[659.038s][info][gc,phases,start] GC(580) Summary Phase
[659.038s][info][gc,phases      ] GC(580) Summary Phase 0.078ms
[659.038s][info][gc,phases,start] GC(580) Adjust Roots
[659.042s][info][gc,phases      ] GC(580) Adjust Roots 3.469ms
[659.042s][info][gc,phases,start] GC(580) Compaction Phase
[659.321s][info][gc,phases      ] GC(580) Compaction Phase 279.428ms
[659.322s][info][gc,phases,start] GC(580) Post Compact
[659.327s][info][gc,phases      ] GC(580) Post Compact 5.208ms
[659.327s][info][gc,heap        ] GC(580) PSYoungGen: 69109K->69109K(116736K)
[659.327s][info][gc,heap        ] GC(580) ParOldGen: 349434K->349433K(349696K)
[659.327s][info][gc,metaspace   ] GC(580) Metaspace: 14660K->14660K(31744K)
[659.327s][info][gc             ] GC(580) Pause Full (Ergonomics) 408M->408M(455M) 1143.911ms
[659.327s][info][gc,cpu         ] GC(580) User=8.39s Sys=0.02s Real=1.15s
[659.328s][info][gc,start       ] GC(581) Pause Full (Ergonomics)
[659.328s][info][gc,phases,start] GC(581) Marking Phase
[660.098s][info][gc,phases      ] GC(581) Marking Phase 769.155ms
[660.098s][info][gc,phases,start] GC(581) Summary Phase
[660.098s][info][gc,phases      ] GC(581) Summary Phase 0.062ms
[660.098s][info][gc,phases,start] GC(581) Adjust Roots
[660.103s][info][gc,phases      ] GC(581) Adjust Roots 4.936ms
[660.103s][info][gc,phases,start] GC(581) Compaction Phase
[661.235s][info][gc,phases      ] GC(581) Compaction Phase 1132.341ms
[661.236s][info][gc,phases,start] GC(581) Post Compact
[661.241s][info][gc,phases      ] GC(581) Post Compact 5.409ms
[661.241s][info][gc,heap        ] GC(581) PSYoungGen: 69109K->69109K(116736K)
[661.241s][info][gc,heap        ] GC(581) ParOldGen: 349434K->349432K(349696K)
[661.241s][info][gc,metaspace   ] GC(581) Metaspace: 14660K->14660K(31744K)
[661.241s][info][gc             ] GC(581) Pause Full (Ergonomics) 408M->408M(455M) 1913.274ms
[661.241s][info][gc,cpu         ] GC(581) User=10.44s Sys=0.06s Real=1.91s
[661.242s][info][gc,start       ] GC(582) Pause Full (Ergonomics)
[661.242s][info][gc,phases,start] GC(582) Marking Phase
[662.298s][info][gc,phases      ] GC(582) Marking Phase 1055.164ms
[662.298s][info][gc,phases,start] GC(582) Summary Phase
[662.298s][info][gc,phases      ] GC(582) Summary Phase 0.056ms
[662.298s][info][gc,phases,start] GC(582) Adjust Roots
[662.303s][info][gc,phases      ] GC(582) Adjust Roots 5.294ms
[662.303s][info][gc,phases,start] GC(582) Compaction Phase
[663.400s][info][gc,phases      ] GC(582) Compaction Phase 1096.956ms
[663.400s][info][gc,phases,start] GC(582) Post Compact
[663.406s][info][gc,phases      ] GC(582) Post Compact 5.552ms
[663.406s][info][gc,heap        ] GC(582) PSYoungGen: 69109K->69109K(116736K)
[663.406s][info][gc,heap        ] GC(582) ParOldGen: 349434K->349432K(349696K)
[663.406s][info][gc,metaspace   ] GC(582) Metaspace: 14660K->14660K(31744K)
[663.406s][info][gc             ] GC(582) Pause Full (Ergonomics) 408M->408M(455M) 2164.149ms
[663.407s][info][gc,cpu         ] GC(582) User=12.11s Sys=0.05s Real=2.17s
[663.408s][info][gc,start       ] GC(583) Pause Full (Ergonomics)
[663.408s][info][gc,phases,start] GC(583) Marking Phase
[664.337s][info][gc,phases      ] GC(583) Marking Phase 928.543ms
[664.337s][info][gc,phases,start] GC(583) Summary Phase
[664.337s][info][gc,phases      ] GC(583) Summary Phase 0.052ms
[664.337s][info][gc,phases,start] GC(583) Adjust Roots
[664.341s][info][gc,phases      ] GC(583) Adjust Roots 4.371ms
[664.341s][info][gc,phases,start] GC(583) Compaction Phase
[665.280s][info][gc,phases      ] GC(583) Compaction Phase 938.936ms
[665.280s][info][gc,phases,start] GC(583) Post Compact
[665.284s][info][gc,phases      ] GC(583) Post Compact 3.641ms
[665.284s][info][gc,heap        ] GC(583) PSYoungGen: 69109K->69109K(116736K)
[665.284s][info][gc,heap        ] GC(583) ParOldGen: 349434K->349433K(349696K)
[665.284s][info][gc,metaspace   ] GC(583) Metaspace: 14660K->14660K(31744K)
[665.285s][info][gc             ] GC(583) Pause Full (Ergonomics) 408M->408M(455M) 1876.502ms
[665.285s][info][gc,cpu         ] GC(583) User=10.75s Sys=0.00s Real=1.88s
[665.285s][info][gc,start       ] GC(584) Pause Full (Ergonomics)
[665.286s][info][gc,phases,start] GC(584) Marking Phase
[666.128s][info][gc,phases      ] GC(584) Marking Phase 842.260ms
[666.128s][info][gc,phases,start] GC(584) Summary Phase
[666.128s][info][gc,phases      ] GC(584) Summary Phase 0.052ms
[666.128s][info][gc,phases,start] GC(584) Adjust Roots
[666.132s][info][gc,phases      ] GC(584) Adjust Roots 3.461ms
[666.132s][info][gc,phases,start] GC(584) Compaction Phase
[667.224s][info][gc,phases      ] GC(584) Compaction Phase 1092.128ms
[667.224s][info][gc,phases,start] GC(584) Post Compact
[667.229s][info][gc,phases      ] GC(584) Post Compact 4.959ms
[667.229s][info][gc,heap        ] GC(584) PSYoungGen: 69109K->69109K(116736K)
[667.229s][info][gc,heap        ] GC(584) ParOldGen: 349435K->349434K(349696K)
[667.229s][info][gc,metaspace   ] GC(584) Metaspace: 14660K->14660K(31744K)
[667.229s][info][gc             ] GC(584) Pause Full (Ergonomics) 408M->408M(455M) 1944.001ms
[667.230s][info][gc,cpu         ] GC(584) User=10.81s Sys=0.09s Real=1.93s
[667.231s][info][gc,start       ] GC(585) Pause Full (Ergonomics)
[667.231s][info][gc,phases,start] GC(585) Marking Phase
[668.173s][info][gc,phases      ] GC(585) Marking Phase 941.831ms
[668.173s][info][gc,phases,start] GC(585) Summary Phase
[668.173s][info][gc,phases      ] GC(585) Summary Phase 0.059ms
[668.173s][info][gc,phases,start] GC(585) Adjust Roots
[668.177s][info][gc,phases      ] GC(585) Adjust Roots 3.804ms
[668.177s][info][gc,phases,start] GC(585) Compaction Phase
[668.415s][info][gc,phases      ] GC(585) Compaction Phase 238.465ms
[668.416s][info][gc,phases,start] GC(585) Post Compact
[668.420s][info][gc,phases      ] GC(585) Post Compact 4.622ms
[668.420s][info][gc,heap        ] GC(585) PSYoungGen: 69109K->69109K(116736K)
[668.420s][info][gc,heap        ] GC(585) ParOldGen: 349436K->349436K(349696K)
[668.420s][info][gc,metaspace   ] GC(585) Metaspace: 14660K->14660K(31744K)
[668.421s][info][gc             ] GC(585) Pause Full (Ergonomics) 408M->408M(455M) 1189.780ms
[668.421s][info][gc,cpu         ] GC(585) User=8.67s Sys=0.00s Real=1.18s
[668.421s][info][gc,start       ] GC(586) Pause Full (Ergonomics)
[668.421s][info][gc,phases,start] GC(586) Marking Phase
[669.483s][info][gc,phases      ] GC(586) Marking Phase 1061.136ms
[669.483s][info][gc,phases,start] GC(586) Summary Phase
[669.483s][info][gc,phases      ] GC(586) Summary Phase 0.050ms
[669.483s][info][gc,phases,start] GC(586) Adjust Roots
[669.486s][info][gc,phases      ] GC(586) Adjust Roots 3.682ms
[669.486s][info][gc,phases,start] GC(586) Compaction Phase
[669.741s][info][gc,phases      ] GC(586) Compaction Phase 254.278ms
[669.741s][info][gc,phases,start] GC(586) Post Compact
[669.744s][info][gc,phases      ] GC(586) Post Compact 3.292ms
[669.744s][info][gc,heap        ] GC(586) PSYoungGen: 69109K->69109K(116736K)
[669.744s][info][gc,heap        ] GC(586) ParOldGen: 349438K->349437K(349696K)
[669.744s][info][gc,metaspace   ] GC(586) Metaspace: 14660K->14660K(31744K)
[669.744s][info][gc             ] GC(586) Pause Full (Ergonomics) 408M->408M(455M) 1323.158ms
[669.744s][info][gc,cpu         ] GC(586) User=9.98s Sys=0.00s Real=1.32s
[669.745s][info][gc,start       ] GC(587) Pause Full (Ergonomics)
[669.745s][info][gc,phases,start] GC(587) Marking Phase
[670.790s][info][gc,phases      ] GC(587) Marking Phase 1044.797ms
[670.790s][info][gc,phases,start] GC(587) Summary Phase
[670.790s][info][gc,phases      ] GC(587) Summary Phase 0.053ms
[670.790s][info][gc,phases,start] GC(587) Adjust Roots
[670.793s][info][gc,phases      ] GC(587) Adjust Roots 3.265ms
[670.793s][info][gc,phases,start] GC(587) Compaction Phase
[671.102s][info][gc,phases      ] GC(587) Compaction Phase 308.388ms
[671.102s][info][gc,phases,start] GC(587) Post Compact
[671.106s][info][gc,phases      ] GC(587) Post Compact 4.388ms
[671.107s][info][gc,heap        ] GC(587) PSYoungGen: 69109K->69109K(116736K)
[671.107s][info][gc,heap        ] GC(587) ParOldGen: 349439K->349439K(349696K)
[671.107s][info][gc,metaspace   ] GC(587) Metaspace: 14660K->14660K(31744K)
[671.107s][info][gc             ] GC(587) Pause Full (Ergonomics) 408M->408M(455M) 1361.753ms
[671.107s][info][gc,cpu         ] GC(587) User=10.02s Sys=0.00s Real=1.36s
[671.107s][info][gc,start       ] GC(588) Pause Full (Ergonomics)
[671.108s][info][gc,phases,start] GC(588) Marking Phase
[672.080s][info][gc,phases      ] GC(588) Marking Phase 972.474ms
[672.080s][info][gc,phases,start] GC(588) Summary Phase
[672.080s][info][gc,phases      ] GC(588) Summary Phase 0.065ms
[672.080s][info][gc,phases,start] GC(588) Adjust Roots
[672.084s][info][gc,phases      ] GC(588) Adjust Roots 3.738ms
[672.084s][info][gc,phases,start] GC(588) Compaction Phase
[672.349s][info][gc,phases      ] GC(588) Compaction Phase 264.588ms
[672.349s][info][gc,phases,start] GC(588) Post Compact
[672.353s][info][gc,phases      ] GC(588) Post Compact 4.561ms
[672.354s][info][gc,heap        ] GC(588) PSYoungGen: 69109K->69109K(116736K)
[672.354s][info][gc,heap        ] GC(588) ParOldGen: 349441K->349441K(349696K)
[672.354s][info][gc,metaspace   ] GC(588) Metaspace: 14660K->14660K(31744K)
[672.354s][info][gc             ] GC(588) Pause Full (Ergonomics) 408M->408M(455M) 1246.278ms
[672.354s][info][gc,cpu         ] GC(588) User=9.16s Sys=0.00s Real=1.25s
[672.354s][info][gc,start       ] GC(589) Pause Full (Ergonomics)
[672.354s][info][gc,phases,start] GC(589) Marking Phase
[673.236s][info][gc,phases      ] GC(589) Marking Phase 881.582ms
[673.236s][info][gc,phases,start] GC(589) Summary Phase
[673.236s][info][gc,phases      ] GC(589) Summary Phase 0.057ms
[673.236s][info][gc,phases,start] GC(589) Adjust Roots
[673.240s][info][gc,phases      ] GC(589) Adjust Roots 3.605ms
[673.240s][info][gc,phases,start] GC(589) Compaction Phase
[673.496s][info][gc,phases      ] GC(589) Compaction Phase 255.727ms
[673.496s][info][gc,phases,start] GC(589) Post Compact
[673.501s][info][gc,phases      ] GC(589) Post Compact 5.211ms
[673.502s][info][gc,heap        ] GC(589) PSYoungGen: 69109K->69109K(116736K)
[673.502s][info][gc,heap        ] GC(589) ParOldGen: 349442K->349442K(349696K)
[673.502s][info][gc,metaspace   ] GC(589) Metaspace: 14660K->14660K(31744K)
[673.502s][info][gc             ] GC(589) Pause Full (Ergonomics) 408M->408M(455M) 1147.521ms
[673.502s][info][gc,cpu         ] GC(589) User=8.39s Sys=0.00s Real=1.15s
[673.503s][info][gc,start       ] GC(590) Pause Full (Ergonomics)
[673.503s][info][gc,phases,start] GC(590) Marking Phase
[674.517s][info][gc,phases      ] GC(590) Marking Phase 1014.148ms
[674.517s][info][gc,phases,start] GC(590) Summary Phase
[674.517s][info][gc,phases      ] GC(590) Summary Phase 0.067ms
[674.517s][info][gc,phases,start] GC(590) Adjust Roots
[674.526s][info][gc,phases      ] GC(590) Adjust Roots 8.308ms
[674.526s][info][gc,phases,start] GC(590) Compaction Phase
[675.542s][info][gc,phases      ] GC(590) Compaction Phase 1015.953ms
[675.542s][info][gc,phases,start] GC(590) Post Compact
[675.547s][info][gc,phases      ] GC(590) Post Compact 5.562ms
[675.547s][info][gc,heap        ] GC(590) PSYoungGen: 69109K->69109K(116736K)
[675.547s][info][gc,heap        ] GC(590) ParOldGen: 349444K->349405K(349696K)
[675.547s][info][gc,metaspace   ] GC(590) Metaspace: 14660K->14579K(31744K)
[675.548s][info][gc             ] GC(590) Pause Full (Ergonomics) 408M->408M(455M) 2044.805ms
[675.548s][info][gc,cpu         ] GC(590) User=11.22s Sys=0.05s Real=2.04s
[675.550s][info][gc,start       ] GC(591) Pause Full (Ergonomics)
[675.550s][info][gc,phases,start] GC(591) Marking Phase
[676.503s][info][gc,phases      ] GC(591) Marking Phase 952.248ms
[676.503s][info][gc,phases,start] GC(591) Summary Phase
[676.503s][info][gc,phases      ] GC(591) Summary Phase 0.057ms
[676.503s][info][gc,phases,start] GC(591) Adjust Roots
[676.508s][info][gc,phases      ] GC(591) Adjust Roots 5.036ms
[676.508s][info][gc,phases,start] GC(591) Compaction Phase
[677.706s][info][gc,phases      ] GC(591) Compaction Phase 1197.866ms
[677.706s][info][gc,phases,start] GC(591) Post Compact
[677.712s][info][gc,phases      ] GC(591) Post Compact 5.644ms
[677.712s][info][gc,heap        ] GC(591) PSYoungGen: 69109K->69109K(116736K)
[677.712s][info][gc,heap        ] GC(591) ParOldGen: 349406K->349387K(349696K)
[677.712s][info][gc,metaspace   ] GC(591) Metaspace: 14579K->14579K(31744K)
[677.712s][info][gc             ] GC(591) Pause Full (Ergonomics) 408M->408M(455M) 2161.750ms
[677.712s][info][gc,cpu         ] GC(591) User=11.73s Sys=0.06s Real=2.17s
[677.714s][info][gc,start       ] GC(592) Pause Full (Ergonomics)
[677.714s][info][gc,phases,start] GC(592) Marking Phase
[677.742s][info][gc,phases      ] GC(592) Marking Phase 28.436ms
[677.743s][info][gc,phases,start] GC(592) Summary Phase
[677.743s][info][gc,phases      ] GC(592) Summary Phase 0.054ms
[677.743s][info][gc,phases,start] GC(592) Adjust Roots
[677.747s][info][gc,phases      ] GC(592) Adjust Roots 3.903ms
[677.747s][info][gc,phases,start] GC(592) Compaction Phase
[677.787s][info][gc,phases      ] GC(592) Compaction Phase 40.176ms
[677.787s][info][gc,phases,start] GC(592) Post Compact
[677.790s][info][gc,phases      ] GC(592) Post Compact 2.724ms
[677.790s][info][gc,heap        ] GC(592) PSYoungGen: 69109K->0K(116736K)
[677.790s][info][gc,heap        ] GC(592) ParOldGen: 349390K->7869K(349696K)
[677.790s][info][gc,metaspace   ] GC(592) Metaspace: 14580K->14580K(31744K)
[677.790s][info][gc             ] GC(592) Pause Full (Ergonomics) 408M->7M(455M) 75.996ms
[677.790s][info][gc,cpu         ] GC(592) User=0.30s Sys=0.00s Real=0.08s
[677.810s][info][gc,heap,exit   ] Heap
[677.811s][info][gc,heap,exit   ]  PSYoungGen      total 116736K, used 2295K [0x00000000f5580000, 0x0000000100000000, 0x0000000100000000)
[677.811s][info][gc,heap,exit   ]   eden space 58880K, 3% used [0x00000000f5580000,0x00000000f57c0ed8,0x00000000f8f00000)
[677.811s][info][gc,heap,exit   ]   from space 57856K, 0% used [0x00000000f8f00000,0x00000000f8f00000,0x00000000fc780000)
[677.811s][info][gc,heap,exit   ]   to   space 57856K, 0% used [0x00000000fc780000,0x00000000fc780000,0x0000000100000000)
[677.811s][info][gc,heap,exit   ]  ParOldGen       total 349696K, used 7869K [0x00000000e0000000, 0x00000000f5580000, 0x00000000f5580000)
[677.811s][info][gc,heap,exit   ]   object space 349696K, 2% used [0x00000000e0000000,0x00000000e07af598,0x00000000f5580000)
[677.811s][info][gc,heap,exit   ]  Metaspace       used 14637K, capacity 15100K, committed 15872K, reserved 31744K
[677.811s][info][gc,heap,exit   ]   class space    used 1385K, capacity 1518K, committed 1792K, reserved 17408K
