[0.056s][info][gc] Using Serial
[0.057s][info][gc,heap,coops] Heap address: 0x00000000e0000000, size: 512 MB, Compressed Oops mode: 32-bit
[1.828s][info][gc,start     ] GC(0) Pause Young (Allocation Failure)
[2.553s][info][gc,heap      ] GC(0) DefNew: 139776K->17471K(157248K)
[2.553s][info][gc,heap      ] GC(0) Tenured: 0K->106039K(349568K)
[2.553s][info][gc,metaspace ] GC(0) Metaspace: 10506K->10506K(27648K)
[2.553s][info][gc           ] GC(0) Pause Young (Allocation Failure) 136M->120M(494M) 724.817ms
[2.553s][info][gc,cpu       ] GC(0) User=0.56s Sys=0.13s Real=0.72s
[2.708s][info][gc,start     ] GC(1) Pause Young (Allocation Failure)
[3.697s][info][gc,heap      ] GC(1) DefNew: 157247K->17472K(157248K)
[3.697s][info][gc,heap      ] GC(1) Tenured: 106039K->221708K(349568K)
[3.697s][info][gc,metaspace ] GC(1) Metaspace: 10506K->10506K(27648K)
[3.697s][info][gc           ] GC(1) Pause Young (Allocation Failure) 257M->233M(494M) 989.464ms
[3.698s][info][gc,cpu       ] GC(1) User=0.86s Sys=0.13s Real=0.98s
[3.791s][info][gc,start     ] GC(2) Pause Young (Allocation Failure)
[4.965s][info][gc,promotion ] Promotion failed
[4.965s][info][gc,start     ] GC(3) Pause Full (Allocation Failure)
[4.966s][info][gc,phases,start] GC(3) Phase 1: Mark live objects
[5.230s][info][gc,phases      ] GC(3) Phase 1: Mark live objects 264.212ms
[5.230s][info][gc,phases,start] GC(3) Phase 2: Compute new object addresses
[5.522s][info][gc,phases      ] GC(3) Phase 2: Compute new object addresses 292.475ms
[5.523s][info][gc,phases,start] GC(3) Phase 3: Adjust pointers
[5.621s][info][gc,phases      ] GC(3) Phase 3: Adjust pointers 98.412ms
[5.621s][info][gc,phases,start] GC(3) Phase 4: Move objects
[5.721s][info][gc,phases      ] GC(3) Phase 4: Move objects 99.605ms
[5.722s][info][gc             ] GC(3) Pause Full (Allocation Failure) 494M->100M(494M) 757.111ms
[5.722s][info][gc,heap        ] GC(2) DefNew: 157248K->0K(157248K)
[5.722s][info][gc,heap        ] GC(2) Tenured: 221708K->102748K(349568K)
[5.722s][info][gc,metaspace   ] GC(2) Metaspace: 10506K->10506K(27648K)
[5.722s][info][gc             ] GC(2) Pause Young (Allocation Failure) 370M->100M(494M) 1931.650ms
[5.723s][info][gc,cpu         ] GC(2) User=1.81s Sys=0.14s Real=1.93s
[5.828s][info][gc,start       ] GC(4) Pause Young (Allocation Failure)
[6.443s][info][gc,heap        ] GC(4) DefNew: 139776K->17472K(157248K)
[6.443s][info][gc,heap        ] GC(4) Tenured: 102748K->225016K(349568K)
[6.443s][info][gc,metaspace   ] GC(4) Metaspace: 10506K->10506K(27648K)
[6.443s][info][gc             ] GC(4) Pause Young (Allocation Failure) 236M->236M(494M) 615.873ms
[6.444s][info][gc,cpu         ] GC(4) User=0.59s Sys=0.00s Real=0.63s
[6.577s][info][gc,start       ] GC(5) Pause Young (Allocation Failure)
[6.578s][info][gc,start       ] GC(6) Pause Full (Allocation Failure)
[6.578s][info][gc,phases,start] GC(6) Phase 1: Mark live objects
[6.736s][info][gc,phases      ] GC(6) Phase 1: Mark live objects 158.060ms
[6.736s][info][gc,phases,start] GC(6) Phase 2: Compute new object addresses
[6.960s][info][gc,phases      ] GC(6) Phase 2: Compute new object addresses 223.916ms
[6.960s][info][gc,phases,start] GC(6) Phase 3: Adjust pointers
[7.033s][info][gc,phases      ] GC(6) Phase 3: Adjust pointers 73.251ms
[7.034s][info][gc,phases,start] GC(6) Phase 4: Move objects
[7.119s][info][gc,phases      ] GC(6) Phase 4: Move objects 85.360ms
[7.120s][info][gc             ] GC(6) Pause Full (Allocation Failure) 373M->88M(494M) 542.600ms
[7.120s][info][gc,heap        ] GC(5) DefNew: 157248K->0K(157248K)
[7.120s][info][gc,heap        ] GC(5) Tenured: 225016K->91059K(349568K)
[7.120s][info][gc,metaspace   ] GC(5) Metaspace: 11247K->11247K(29696K)
[7.120s][info][gc             ] GC(5) Pause Young (Allocation Failure) 373M->88M(494M) 543.082ms
[7.120s][info][gc,cpu         ] GC(5) User=0.58s Sys=0.09s Real=0.55s
[7.199s][info][gc,start       ] GC(7) Pause Young (Allocation Failure)
[7.666s][info][gc,heap        ] GC(7) DefNew: 139776K->17471K(157248K)
[7.666s][info][gc,heap        ] GC(7) Tenured: 91059K->211054K(349568K)
[7.666s][info][gc,metaspace   ] GC(7) Metaspace: 11516K->11516K(29696K)
[7.666s][info][gc             ] GC(7) Pause Young (Allocation Failure) 225M->223M(494M) 466.768ms
[7.666s][info][gc,cpu         ] GC(7) User=0.47s Sys=0.00s Real=0.47s
[7.773s][info][gc,start       ] GC(8) Pause Young (Allocation Failure)
[8.385s][info][gc,heap        ] GC(8) DefNew: 157247K->17472K(157248K)
[8.385s][info][gc,heap        ] GC(8) Tenured: 211054K->348159K(349568K)
[8.385s][info][gc,metaspace   ] GC(8) Metaspace: 12291K->12291K(29696K)
[8.385s][info][gc             ] GC(8) Pause Young (Allocation Failure) 359M->357M(494M) 611.970ms
[8.385s][info][gc,cpu         ] GC(8) User=0.61s Sys=0.00s Real=0.61s
[8.458s][info][gc,start       ] GC(9) Pause Young (Allocation Failure)
[8.458s][info][gc,start       ] GC(10) Pause Full (Allocation Failure)
[8.458s][info][gc,phases,start] GC(10) Phase 1: Mark live objects
[8.535s][info][gc,phases      ] GC(10) Phase 1: Mark live objects 77.229ms
[8.535s][info][gc,phases,start] GC(10) Phase 2: Compute new object addresses
[8.744s][info][gc,phases      ] GC(10) Phase 2: Compute new object addresses 208.414ms
[8.744s][info][gc,phases,start] GC(10) Phase 3: Adjust pointers
[8.780s][info][gc,phases      ] GC(10) Phase 3: Adjust pointers 35.587ms
[8.780s][info][gc,phases,start] GC(10) Phase 4: Move objects
[8.815s][info][gc,phases      ] GC(10) Phase 4: Move objects 35.430ms
[8.817s][info][gc             ] GC(10) Pause Full (Allocation Failure) 493M->51M(494M) 358.603ms
[8.817s][info][gc,heap        ] GC(9) DefNew: 157248K->0K(157248K)
[8.817s][info][gc,heap        ] GC(9) Tenured: 348159K->53051K(349568K)
[8.817s][info][gc,metaspace   ] GC(9) Metaspace: 12457K->12457K(29696K)
[8.817s][info][gc             ] GC(9) Pause Young (Allocation Failure) 493M->51M(494M) 359.057ms
[8.817s][info][gc,cpu         ] GC(9) User=0.39s Sys=0.05s Real=0.36s
[8.876s][info][gc,start       ] GC(11) Pause Young (Allocation Failure)
[9.240s][info][gc,heap        ] GC(11) DefNew: 139776K->17472K(157248K)
[9.240s][info][gc,heap        ] GC(11) Tenured: 53051K->173670K(349568K)
[9.240s][info][gc,metaspace   ] GC(11) Metaspace: 12823K->12823K(29696K)
[9.240s][info][gc             ] GC(11) Pause Young (Allocation Failure) 188M->186M(494M) 364.343ms
[9.240s][info][gc,cpu         ] GC(11) User=0.39s Sys=0.00s Real=0.38s
[9.313s][info][gc,start       ] GC(12) Pause Young (Allocation Failure)
[9.708s][info][gc,heap        ] GC(12) DefNew: 147274K->17471K(157248K)
[9.708s][info][gc,heap        ] GC(12) Tenured: 173670K->299696K(349568K)
[9.708s][info][gc,metaspace   ] GC(12) Metaspace: 13218K->13218K(29696K)
[9.708s][info][gc             ] GC(12) Pause Young (Allocation Failure) 313M->309M(494M) 394.798ms
[9.708s][info][gc,cpu         ] GC(12) User=0.41s Sys=0.00s Real=0.40s
[9.783s][info][gc,start       ] GC(13) Pause Young (Allocation Failure)
[9.783s][info][gc,start       ] GC(14) Pause Full (Allocation Failure)
[9.783s][info][gc,phases,start] GC(14) Phase 1: Mark live objects
[9.980s][info][gc,phases      ] GC(14) Phase 1: Mark live objects 197.124ms
[9.980s][info][gc,phases,start] GC(14) Phase 2: Compute new object addresses
[10.148s][info][gc,phases      ] GC(14) Phase 2: Compute new object addresses 167.836ms
[10.148s][info][gc,phases,start] GC(14) Phase 3: Adjust pointers
[10.273s][info][gc,phases      ] GC(14) Phase 3: Adjust pointers 124.370ms
[10.273s][info][gc,phases,start] GC(14) Phase 4: Move objects
[10.386s][info][gc,phases      ] GC(14) Phase 4: Move objects 112.560ms
[10.387s][info][gc             ] GC(14) Pause Full (Allocation Failure) 446M->137M(494M) 603.412ms
[10.387s][info][gc,heap        ] GC(13) DefNew: 157247K->0K(157248K)
[10.387s][info][gc,heap        ] GC(13) Tenured: 299696K->141258K(349568K)
[10.387s][info][gc,metaspace   ] GC(13) Metaspace: 13344K->13344K(29696K)
[10.387s][info][gc             ] GC(13) Pause Young (Allocation Failure) 446M->137M(494M) 603.752ms
[10.387s][info][gc,cpu         ] GC(13) User=0.61s Sys=0.00s Real=0.61s
[10.445s][info][gc,start       ] GC(15) Pause Young (Allocation Failure)
[10.790s][info][gc,heap        ] GC(15) DefNew: 139776K->17471K(157248K)
[10.790s][info][gc,heap        ] GC(15) Tenured: 141258K->262388K(349568K)
[10.790s][info][gc,metaspace   ] GC(15) Metaspace: 13413K->13413K(31744K)
[10.791s][info][gc             ] GC(15) Pause Young (Allocation Failure) 274M->273M(494M) 345.638ms
[10.791s][info][gc,cpu         ] GC(15) User=0.34s Sys=0.00s Real=0.33s
[10.892s][info][gc,start       ] GC(16) Pause Young (Allocation Failure)
[10.893s][info][gc,start       ] GC(17) Pause Full (Allocation Failure)
[10.893s][info][gc,phases,start] GC(17) Phase 1: Mark live objects
[11.049s][info][gc,phases      ] GC(17) Phase 1: Mark live objects 155.768ms
[11.049s][info][gc,phases,start] GC(17) Phase 2: Compute new object addresses
[11.297s][info][gc,phases      ] GC(17) Phase 2: Compute new object addresses 247.686ms
[11.297s][info][gc,phases,start] GC(17) Phase 3: Adjust pointers
[11.374s][info][gc,phases      ] GC(17) Phase 3: Adjust pointers 77.291ms
[11.374s][info][gc,phases,start] GC(17) Phase 4: Move objects
[11.466s][info][gc,phases      ] GC(17) Phase 4: Move objects 91.563ms
[11.467s][info][gc             ] GC(17) Pause Full (Allocation Failure) 409M->91M(494M) 574.118ms
[11.467s][info][gc,heap        ] GC(16) DefNew: 157247K->0K(157248K)
[11.467s][info][gc,heap        ] GC(16) Tenured: 262388K->93922K(349568K)
[11.467s][info][gc,metaspace   ] GC(16) Metaspace: 13414K->13414K(31744K)
[11.467s][info][gc             ] GC(16) Pause Young (Allocation Failure) 409M->91M(494M) 574.580ms
[11.467s][info][gc,cpu         ] GC(16) User=0.55s Sys=0.00s Real=0.58s
[11.540s][info][gc,start       ] GC(18) Pause Young (Allocation Failure)
[11.973s][info][gc,heap        ] GC(18) DefNew: 139776K->17472K(157248K)
[11.973s][info][gc,heap        ] GC(18) Tenured: 93922K->215583K(349568K)
[11.973s][info][gc,metaspace   ] GC(18) Metaspace: 13438K->13438K(31744K)
[11.973s][info][gc             ] GC(18) Pause Young (Allocation Failure) 228M->227M(494M) 433.965ms
[11.974s][info][gc,cpu         ] GC(18) User=0.45s Sys=0.06s Real=0.43s
[12.054s][info][gc,start       ] GC(19) Pause Young (Allocation Failure)
[12.054s][info][gc,start       ] GC(20) Pause Full (Allocation Failure)
[12.054s][info][gc,phases,start] GC(20) Phase 1: Mark live objects
[12.112s][info][gc,phases      ] GC(20) Phase 1: Mark live objects 57.213ms
[12.112s][info][gc,phases,start] GC(20) Phase 2: Compute new object addresses
[12.228s][info][gc,phases      ] GC(20) Phase 2: Compute new object addresses 115.756ms
[12.228s][info][gc,phases,start] GC(20) Phase 3: Adjust pointers
[12.246s][info][gc,phases      ] GC(20) Phase 3: Adjust pointers 18.718ms
[12.247s][info][gc,phases,start] GC(20) Phase 4: Move objects
[12.262s][info][gc,phases      ] GC(20) Phase 4: Move objects 15.772ms
[12.263s][info][gc             ] GC(20) Pause Full (Allocation Failure) 364M->34M(494M) 209.195ms
[12.263s][info][gc,heap        ] GC(19) DefNew: 157248K->0K(157248K)
[12.263s][info][gc,heap        ] GC(19) Tenured: 215583K->35527K(349568K)
[12.263s][info][gc,metaspace   ] GC(19) Metaspace: 13446K->13446K(31744K)
[12.263s][info][gc             ] GC(19) Pause Young (Allocation Failure) 364M->34M(494M) 209.569ms
[12.264s][info][gc,cpu         ] GC(19) User=0.23s Sys=0.03s Real=0.20s
[12.332s][info][gc,start       ] GC(21) Pause Young (Allocation Failure)
[12.727s][info][gc,heap        ] GC(21) DefNew: 139776K->17472K(157248K)
[12.727s][info][gc,heap        ] GC(21) Tenured: 35527K->156856K(349568K)
[12.727s][info][gc,metaspace   ] GC(21) Metaspace: 13448K->13448K(31744K)
[12.727s][info][gc             ] GC(21) Pause Young (Allocation Failure) 171M->170M(494M) 394.995ms
[12.727s][info][gc,cpu         ] GC(21) User=0.41s Sys=0.03s Real=0.39s
[12.785s][info][gc,start       ] GC(22) Pause Young (Allocation Failure)
[13.172s][info][gc,heap        ] GC(22) DefNew: 157248K->17471K(157248K)
[13.173s][info][gc,heap        ] GC(22) Tenured: 156856K->295364K(349568K)
[13.173s][info][gc,metaspace   ] GC(22) Metaspace: 13499K->13499K(31744K)
[13.173s][info][gc             ] GC(22) Pause Young (Allocation Failure) 306M->305M(494M) 387.348ms
[13.173s][info][gc,cpu         ] GC(22) User=0.38s Sys=0.00s Real=0.39s
[13.235s][info][gc,start       ] GC(23) Pause Young (Allocation Failure)
[13.235s][info][gc,start       ] GC(24) Pause Full (Allocation Failure)
[13.236s][info][gc,phases,start] GC(24) Phase 1: Mark live objects
[13.389s][info][gc,phases      ] GC(24) Phase 1: Mark live objects 153.759ms
[13.389s][info][gc,phases,start] GC(24) Phase 2: Compute new object addresses
[13.572s][info][gc,phases      ] GC(24) Phase 2: Compute new object addresses 182.861ms
[13.572s][info][gc,phases,start] GC(24) Phase 3: Adjust pointers
[13.696s][info][gc,phases      ] GC(24) Phase 3: Adjust pointers 123.409ms
[13.696s][info][gc,phases,start] GC(24) Phase 4: Move objects
[13.819s][info][gc,phases      ] GC(24) Phase 4: Move objects 123.208ms
[13.821s][info][gc             ] GC(24) Pause Full (Allocation Failure) 442M->102M(494M) 585.712ms
[13.821s][info][gc,heap        ] GC(23) DefNew: 157247K->0K(157248K)
[13.821s][info][gc,heap        ] GC(23) Tenured: 295364K->105310K(349568K)
[13.821s][info][gc,metaspace   ] GC(23) Metaspace: 13499K->13499K(31744K)
[13.821s][info][gc             ] GC(23) Pause Young (Allocation Failure) 442M->102M(494M) 586.125ms
[13.821s][info][gc,cpu         ] GC(23) User=0.56s Sys=0.00s Real=0.58s
[13.885s][info][gc,start       ] GC(25) Pause Young (Allocation Failure)
[14.311s][info][gc,heap        ] GC(25) DefNew: 139776K->17472K(157248K)
[14.311s][info][gc,heap        ] GC(25) Tenured: 105310K->226946K(349568K)
[14.311s][info][gc,metaspace   ] GC(25) Metaspace: 13615K->13615K(31744K)
[14.311s][info][gc             ] GC(25) Pause Young (Allocation Failure) 239M->238M(494M) 425.792ms
[14.311s][info][gc,cpu         ] GC(25) User=0.42s Sys=0.00s Real=0.42s
[14.384s][info][gc,start       ] GC(26) Pause Young (Allocation Failure)
[14.384s][info][gc,start       ] GC(27) Pause Full (Allocation Failure)
[14.385s][info][gc,phases,start] GC(27) Phase 1: Mark live objects
[14.408s][info][gc,phases      ] GC(27) Phase 1: Mark live objects 22.966ms
[14.408s][info][gc,phases,start] GC(27) Phase 2: Compute new object addresses
[14.544s][info][gc,phases      ] GC(27) Phase 2: Compute new object addresses 136.238ms
[14.544s][info][gc,phases,start] GC(27) Phase 3: Adjust pointers
[14.550s][info][gc,phases      ] GC(27) Phase 3: Adjust pointers 5.391ms
[14.550s][info][gc,phases,start] GC(27) Phase 4: Move objects
[14.552s][info][gc,phases      ] GC(27) Phase 4: Move objects 1.937ms
[14.552s][info][gc             ] GC(27) Pause Full (Allocation Failure) 352M->2M(494M) 167.991ms
[14.552s][info][gc,heap        ] GC(26) DefNew: 134273K->0K(157248K)
[14.552s][info][gc,heap        ] GC(26) Tenured: 226946K->2915K(349568K)
[14.552s][info][gc,metaspace   ] GC(26) Metaspace: 13615K->13615K(31744K)
[14.553s][info][gc             ] GC(26) Pause Young (Allocation Failure) 352M->2M(494M) 168.332ms
[14.553s][info][gc,cpu         ] GC(26) User=0.17s Sys=0.00s Real=0.17s
[14.624s][info][gc,start       ] GC(28) Pause Young (Allocation Failure)
[14.950s][info][gc,heap        ] GC(28) DefNew: 139776K->17471K(157248K)
[14.950s][info][gc,heap        ] GC(28) Tenured: 2915K->124774K(349568K)
[14.950s][info][gc,metaspace   ] GC(28) Metaspace: 13624K->13624K(31744K)
[14.950s][info][gc             ] GC(28) Pause Young (Allocation Failure) 139M->138M(494M) 326.626ms
[14.950s][info][gc,cpu         ] GC(28) User=0.31s Sys=0.00s Real=0.33s
[15.022s][info][gc,start       ] GC(29) Pause Young (Allocation Failure)
[15.436s][info][gc,heap        ] GC(29) DefNew: 157247K->17472K(157248K)
[15.436s][info][gc,heap        ] GC(29) Tenured: 124774K->264516K(349568K)
[15.436s][info][gc,metaspace   ] GC(29) Metaspace: 13624K->13624K(31744K)
[15.437s][info][gc             ] GC(29) Pause Young (Allocation Failure) 275M->275M(494M) 414.234ms
[15.437s][info][gc,cpu         ] GC(29) User=0.41s Sys=0.00s Real=0.41s
[15.507s][info][gc,start       ] GC(30) Pause Young (Allocation Failure)
[15.507s][info][gc,start       ] GC(31) Pause Full (Allocation Failure)
[15.508s][info][gc,phases,start] GC(31) Phase 1: Mark live objects
[15.606s][info][gc,phases      ] GC(31) Phase 1: Mark live objects 97.823ms
[15.606s][info][gc,phases,start] GC(31) Phase 2: Compute new object addresses
[15.813s][info][gc,phases      ] GC(31) Phase 2: Compute new object addresses 207.451ms
[15.813s][info][gc,phases,start] GC(31) Phase 3: Adjust pointers
[15.852s][info][gc,phases      ] GC(31) Phase 3: Adjust pointers 38.956ms
[15.852s][info][gc,phases,start] GC(31) Phase 4: Move objects
[15.900s][info][gc,phases      ] GC(31) Phase 4: Move objects 47.457ms
[15.901s][info][gc             ] GC(31) Pause Full (Allocation Failure) 411M->51M(494M) 393.788ms
[15.901s][info][gc,heap        ] GC(30) DefNew: 157248K->0K(157248K)
[15.901s][info][gc,heap        ] GC(30) Tenured: 264516K->52228K(349568K)
[15.901s][info][gc,metaspace   ] GC(30) Metaspace: 13640K->13640K(31744K)
[15.901s][info][gc             ] GC(30) Pause Young (Allocation Failure) 411M->51M(494M) 394.262ms
[15.901s][info][gc,cpu         ] GC(30) User=0.39s Sys=0.00s Real=0.39s
[15.987s][info][gc,start       ] GC(32) Pause Young (Allocation Failure)
[16.467s][info][gc,heap        ] GC(32) DefNew: 139776K->17472K(157248K)
[16.467s][info][gc,heap        ] GC(32) Tenured: 52228K->174118K(349568K)
[16.467s][info][gc,metaspace   ] GC(32) Metaspace: 13640K->13640K(31744K)
[16.468s][info][gc             ] GC(32) Pause Young (Allocation Failure) 187M->187M(494M) 480.452ms
[16.468s][info][gc,cpu         ] GC(32) User=0.45s Sys=0.00s Real=0.47s
[16.566s][info][gc,start       ] GC(33) Pause Young (Allocation Failure)
[17.036s][info][gc,heap        ] GC(33) DefNew: 157248K->17471K(157248K)
[17.036s][info][gc,heap        ] GC(33) Tenured: 174118K->313556K(349568K)
[17.036s][info][gc,metaspace   ] GC(33) Metaspace: 13651K->13651K(31744K)
[17.036s][info][gc             ] GC(33) Pause Young (Allocation Failure) 323M->323M(494M) 470.017ms
[17.036s][info][gc,cpu         ] GC(33) User=0.47s Sys=0.03s Real=0.48s
[17.132s][info][gc,start       ] GC(34) Pause Young (Allocation Failure)
[17.132s][info][gc,start       ] GC(35) Pause Full (Allocation Failure)
[17.132s][info][gc,phases,start] GC(35) Phase 1: Mark live objects
[17.286s][info][gc,phases      ] GC(35) Phase 1: Mark live objects 153.685ms
[17.286s][info][gc,phases,start] GC(35) Phase 2: Compute new object addresses
[17.533s][info][gc,phases      ] GC(35) Phase 2: Compute new object addresses 246.298ms
[17.533s][info][gc,phases,start] GC(35) Phase 3: Adjust pointers
[17.608s][info][gc,phases      ] GC(35) Phase 3: Adjust pointers 74.853ms
[17.608s][info][gc,phases,start] GC(35) Phase 4: Move objects
[17.687s][info][gc,phases      ] GC(35) Phase 4: Move objects 78.684ms
[17.688s][info][gc             ] GC(35) Pause Full (Allocation Failure) 459M->87M(494M) 556.323ms
[17.688s][info][gc,heap        ] GC(34) DefNew: 157247K->0K(157248K)
[17.688s][info][gc,heap        ] GC(34) Tenured: 313556K->89977K(349568K)
[17.688s][info][gc,metaspace   ] GC(34) Metaspace: 13653K->13653K(31744K)
[17.688s][info][gc             ] GC(34) Pause Young (Allocation Failure) 459M->87M(494M) 556.840ms
[17.688s][info][gc,cpu         ] GC(34) User=0.55s Sys=0.00s Real=0.56s
[17.752s][info][gc,start       ] GC(36) Pause Young (Allocation Failure)
[18.163s][info][gc,heap        ] GC(36) DefNew: 139776K->17472K(157248K)
[18.163s][info][gc,heap        ] GC(36) Tenured: 89977K->212052K(349568K)
[18.163s][info][gc,metaspace   ] GC(36) Metaspace: 13666K->13666K(31744K)
[18.163s][info][gc             ] GC(36) Pause Young (Allocation Failure) 224M->224M(494M) 410.837ms
[18.163s][info][gc,cpu         ] GC(36) User=0.39s Sys=0.00s Real=0.41s
[18.309s][info][gc,start       ] GC(37) Pause Young (Allocation Failure)
[18.309s][info][gc,start       ] GC(38) Pause Full (Allocation Failure)
[18.311s][info][gc,phases,start] GC(38) Phase 1: Mark live objects
[18.596s][info][gc,phases      ] GC(38) Phase 1: Mark live objects 285.352ms
[18.596s][info][gc,phases,start] GC(38) Phase 2: Compute new object addresses
[18.771s][info][gc,phases      ] GC(38) Phase 2: Compute new object addresses 174.585ms
[18.771s][info][gc,phases,start] GC(38) Phase 3: Adjust pointers
[18.917s][info][gc,phases      ] GC(38) Phase 3: Adjust pointers 145.581ms
[18.917s][info][gc,phases,start] GC(38) Phase 4: Move objects
[19.055s][info][gc,phases      ] GC(38) Phase 4: Move objects 138.258ms
[19.056s][info][gc             ] GC(38) Pause Full (Allocation Failure) 360M->169M(494M) 746.902ms
[19.056s][info][gc,heap        ] GC(37) DefNew: 157248K->0K(157248K)
[19.056s][info][gc,heap        ] GC(37) Tenured: 212052K->173799K(349568K)
[19.056s][info][gc,metaspace   ] GC(37) Metaspace: 14094K->14094K(31744K)
[19.056s][info][gc             ] GC(37) Pause Young (Allocation Failure) 360M->169M(494M) 747.340ms
[19.056s][info][gc,cpu         ] GC(37) User=0.80s Sys=0.11s Real=0.75s
[19.136s][info][gc,start       ] GC(39) Pause Young (Allocation Failure)
[19.522s][info][gc,heap        ] GC(39) DefNew: 139776K->17471K(157248K)
[19.522s][info][gc,heap        ] GC(39) Tenured: 173799K->291948K(349568K)
[19.522s][info][gc,metaspace   ] GC(39) Metaspace: 14342K->14342K(31744K)
[19.522s][info][gc             ] GC(39) Pause Young (Allocation Failure) 306M->302M(494M) 385.742ms
[19.522s][info][gc,cpu         ] GC(39) User=0.39s Sys=0.08s Real=0.39s
[19.599s][info][gc,start       ] GC(40) Pause Young (Allocation Failure)
[19.599s][info][gc,start       ] GC(41) Pause Full (Allocation Failure)
[19.600s][info][gc,phases,start] GC(41) Phase 1: Mark live objects
[19.671s][info][gc,phases      ] GC(41) Phase 1: Mark live objects 71.225ms
[19.671s][info][gc,phases,start] GC(41) Phase 2: Compute new object addresses
[19.855s][info][gc,phases      ] GC(41) Phase 2: Compute new object addresses 183.424ms
[19.855s][info][gc,phases,start] GC(41) Phase 3: Adjust pointers
[19.890s][info][gc,phases      ] GC(41) Phase 3: Adjust pointers 35.121ms
[19.890s][info][gc,phases,start] GC(41) Phase 4: Move objects
[19.927s][info][gc,phases      ] GC(41) Phase 4: Move objects 36.883ms
[19.928s][info][gc             ] GC(41) Pause Full (Allocation Failure) 438M->49M(494M) 328.679ms
[19.928s][info][gc,heap        ] GC(40) DefNew: 157247K->0K(157248K)
[19.928s][info][gc,heap        ] GC(40) Tenured: 291948K->50381K(349568K)
[19.928s][info][gc,metaspace   ] GC(40) Metaspace: 14357K->14357K(31744K)
[19.928s][info][gc             ] GC(40) Pause Young (Allocation Failure) 438M->49M(494M) 329.112ms
[19.928s][info][gc,cpu         ] GC(40) User=0.33s Sys=0.05s Real=0.33s
[20.005s][info][gc,start       ] GC(42) Pause Young (Allocation Failure)
[20.391s][info][gc,heap        ] GC(42) DefNew: 139776K->17471K(157248K)
[20.391s][info][gc,heap        ] GC(42) Tenured: 50381K->170837K(349568K)
[20.391s][info][gc,metaspace   ] GC(42) Metaspace: 14412K->14412K(31744K)
[20.391s][info][gc             ] GC(42) Pause Young (Allocation Failure) 185M->183M(494M) 386.399ms
[20.391s][info][gc,cpu         ] GC(42) User=0.42s Sys=0.06s Real=0.37s
[20.503s][info][gc,start       ] GC(43) Pause Young (Allocation Failure)
[20.892s][info][gc,heap        ] GC(43) DefNew: 157247K->17471K(157248K)
[20.892s][info][gc,heap        ] GC(43) Tenured: 170837K->309248K(349568K)
[20.892s][info][gc,metaspace   ] GC(43) Metaspace: 14473K->14473K(31744K)
[20.892s][info][gc             ] GC(43) Pause Young (Allocation Failure) 320M->319M(494M) 389.438ms
[20.892s][info][gc,cpu         ] GC(43) User=0.39s Sys=0.05s Real=0.38s
[21.002s][info][gc,start       ] GC(44) Pause Young (Allocation Failure)
[21.002s][info][gc,start       ] GC(45) Pause Full (Allocation Failure)
[21.004s][info][gc,phases,start] GC(45) Phase 1: Mark live objects
[21.090s][info][gc,phases      ] GC(45) Phase 1: Mark live objects 85.893ms
[21.090s][info][gc,phases,start] GC(45) Phase 2: Compute new object addresses
[21.232s][info][gc,phases      ] GC(45) Phase 2: Compute new object addresses 141.890ms
[21.232s][info][gc,phases,start] GC(45) Phase 3: Adjust pointers
[21.271s][info][gc,phases      ] GC(45) Phase 3: Adjust pointers 39.136ms
[21.272s][info][gc,phases,start] GC(45) Phase 4: Move objects
[21.304s][info][gc,phases      ] GC(45) Phase 4: Move objects 32.447ms
[21.307s][info][gc             ] GC(45) Pause Full (Allocation Failure) 455M->55M(494M) 304.640ms
[21.307s][info][gc,heap        ] GC(44) DefNew: 157247K->0K(157248K)
[21.307s][info][gc,heap        ] GC(44) Tenured: 309248K->56924K(349568K)
[21.307s][info][gc,metaspace   ] GC(44) Metaspace: 14538K->14538K(31744K)
[21.307s][info][gc             ] GC(44) Pause Young (Allocation Failure) 455M->55M(494M) 305.208ms
[21.308s][info][gc,cpu         ] GC(44) User=0.41s Sys=0.00s Real=0.32s
[21.376s][info][gc,start       ] GC(46) Pause Young (Allocation Failure)
[21.801s][info][gc,heap        ] GC(46) DefNew: 139776K->17472K(157248K)
[21.801s][info][gc,heap        ] GC(46) Tenured: 56924K->178957K(349568K)
[21.802s][info][gc,metaspace   ] GC(46) Metaspace: 14538K->14538K(31744K)
[21.802s][info][gc             ] GC(46) Pause Young (Allocation Failure) 192M->191M(494M) 425.168ms
[21.802s][info][gc,cpu         ] GC(46) User=0.77s Sys=0.00s Real=0.43s
[21.854s][info][gc,start       ] GC(47) Pause Young (Allocation Failure)
[22.215s][info][gc,heap        ] GC(47) DefNew: 157248K->17471K(157248K)
[22.215s][info][gc,heap        ] GC(47) Tenured: 178957K->318373K(349568K)
[22.215s][info][gc,metaspace   ] GC(47) Metaspace: 14546K->14546K(31744K)
[22.215s][info][gc             ] GC(47) Pause Young (Allocation Failure) 328M->327M(494M) 360.890ms
[22.215s][info][gc,cpu         ] GC(47) User=0.38s Sys=0.00s Real=0.37s
[22.282s][info][gc,start       ] GC(48) Pause Young (Allocation Failure)
[22.282s][info][gc,start       ] GC(49) Pause Full (Allocation Failure)
[22.283s][info][gc,phases,start] GC(49) Phase 1: Mark live objects
[22.381s][info][gc,phases      ] GC(49) Phase 1: Mark live objects 97.872ms
[22.381s][info][gc,phases,start] GC(49) Phase 2: Compute new object addresses
[22.547s][info][gc,phases      ] GC(49) Phase 2: Compute new object addresses 166.530ms
[22.547s][info][gc,phases,start] GC(49) Phase 3: Adjust pointers
[22.583s][info][gc,phases      ] GC(49) Phase 3: Adjust pointers 35.673ms
[22.583s][info][gc,phases,start] GC(49) Phase 4: Move objects
[22.614s][info][gc,phases      ] GC(49) Phase 4: Move objects 30.827ms
[22.615s][info][gc             ] GC(49) Pause Full (Allocation Failure) 464M->55M(494M) 333.503ms
[22.616s][info][gc,heap        ] GC(48) DefNew: 157247K->0K(157248K)
[22.616s][info][gc,heap        ] GC(48) Tenured: 318373K->56739K(349568K)
[22.616s][info][gc,metaspace   ] GC(48) Metaspace: 14594K->14594K(31744K)
[22.616s][info][gc             ] GC(48) Pause Young (Allocation Failure) 464M->55M(494M) 333.958ms
[22.616s][info][gc,cpu         ] GC(48) User=0.33s Sys=0.00s Real=0.33s
[22.692s][info][gc,start       ] GC(50) Pause Young (Allocation Failure)
[23.076s][info][gc,heap        ] GC(50) DefNew: 139776K->17472K(157248K)
[23.076s][info][gc,heap        ] GC(50) Tenured: 56739K->178770K(349568K)
[23.076s][info][gc,metaspace   ] GC(50) Metaspace: 14600K->14600K(31744K)
[23.076s][info][gc             ] GC(50) Pause Young (Allocation Failure) 191M->191M(494M) 384.382ms
[23.076s][info][gc,cpu         ] GC(50) User=0.39s Sys=0.00s Real=0.39s
[23.152s][info][gc,start       ] GC(51) Pause Young (Allocation Failure)
[23.742s][info][gc,heap        ] GC(51) DefNew: 157248K->17472K(157248K)
[23.742s][info][gc,heap        ] GC(51) Tenured: 178770K->318479K(349568K)
[23.742s][info][gc,metaspace   ] GC(51) Metaspace: 14600K->14600K(31744K)
[23.742s][info][gc             ] GC(51) Pause Young (Allocation Failure) 328M->328M(494M) 590.130ms
[23.742s][info][gc,cpu         ] GC(51) User=0.95s Sys=0.03s Real=0.59s
[23.841s][info][gc,start       ] GC(52) Pause Young (Allocation Failure)
[23.841s][info][gc,start       ] GC(53) Pause Full (Allocation Failure)
[23.842s][info][gc,phases,start] GC(53) Phase 1: Mark live objects
[23.909s][info][gc,phases      ] GC(53) Phase 1: Mark live objects 67.720ms
[23.910s][info][gc,phases,start] GC(53) Phase 2: Compute new object addresses
[24.107s][info][gc,phases      ] GC(53) Phase 2: Compute new object addresses 197.232ms
[24.107s][info][gc,phases,start] GC(53) Phase 3: Adjust pointers
[24.133s][info][gc,phases      ] GC(53) Phase 3: Adjust pointers 25.598ms
[24.133s][info][gc,phases,start] GC(53) Phase 4: Move objects
[24.158s][info][gc,phases      ] GC(53) Phase 4: Move objects 25.214ms
[24.159s][info][gc             ] GC(53) Pause Full (Allocation Failure) 464M->45M(494M) 318.040ms
[24.159s][info][gc,heap        ] GC(52) DefNew: 157248K->0K(157248K)
[24.159s][info][gc,heap        ] GC(52) Tenured: 318479K->46207K(349568K)
[24.159s][info][gc,metaspace   ] GC(52) Metaspace: 14610K->14610K(31744K)
[24.159s][info][gc             ] GC(52) Pause Young (Allocation Failure) 464M->45M(494M) 318.546ms
[24.160s][info][gc,cpu         ] GC(52) User=0.33s Sys=0.00s Real=0.33s
[24.262s][info][gc,start       ] GC(54) Pause Young (Allocation Failure)
[24.678s][info][gc,heap        ] GC(54) DefNew: 139776K->17472K(157248K)
[24.678s][info][gc,heap        ] GC(54) Tenured: 46207K->168430K(349568K)
[24.678s][info][gc,metaspace   ] GC(54) Metaspace: 14618K->14618K(31744K)
[24.678s][info][gc             ] GC(54) Pause Young (Allocation Failure) 181M->181M(494M) 415.820ms
[24.678s][info][gc,cpu         ] GC(54) User=0.42s Sys=0.00s Real=0.41s
[24.747s][info][gc,start       ] GC(55) Pause Young (Allocation Failure)
[25.115s][info][gc,heap        ] GC(55) DefNew: 157248K->17472K(157248K)
[25.115s][info][gc,heap        ] GC(55) Tenured: 168430K->307946K(349568K)
[25.115s][info][gc,metaspace   ] GC(55) Metaspace: 14638K->14638K(31744K)
[25.115s][info][gc             ] GC(55) Pause Young (Allocation Failure) 318M->317M(494M) 368.235ms
[25.115s][info][gc,cpu         ] GC(55) User=0.38s Sys=0.00s Real=0.36s
[25.173s][info][gc,start       ] GC(56) Pause Young (Allocation Failure)
[25.173s][info][gc,start       ] GC(57) Pause Full (Allocation Failure)
[25.174s][info][gc,phases,start] GC(57) Phase 1: Mark live objects
[25.193s][info][gc,phases      ] GC(57) Phase 1: Mark live objects 18.525ms
[25.193s][info][gc,phases,start] GC(57) Phase 2: Compute new object addresses
[25.339s][info][gc,phases      ] GC(57) Phase 2: Compute new object addresses 145.939ms
[25.339s][info][gc,phases,start] GC(57) Phase 3: Adjust pointers
[25.347s][info][gc,phases      ] GC(57) Phase 3: Adjust pointers 7.834ms
[25.347s][info][gc,phases,start] GC(57) Phase 4: Move objects
[25.349s][info][gc,phases      ] GC(57) Phase 4: Move objects 1.997ms
[25.349s][info][gc             ] GC(57) Pause Full (Allocation Failure) 434M->3M(494M) 176.023ms
[25.349s][info][gc,heap        ] GC(56) DefNew: 137466K->0K(157248K)
[25.349s][info][gc,heap        ] GC(56) Tenured: 307946K->3419K(349568K)
[25.350s][info][gc,metaspace   ] GC(56) Metaspace: 14638K->14638K(31744K)
[25.350s][info][gc             ] GC(56) Pause Young (Allocation Failure) 434M->3M(494M) 176.420ms
[25.350s][info][gc,cpu         ] GC(56) User=0.17s Sys=0.00s Real=0.17s
[25.441s][info][gc,start       ] GC(58) Pause Young (Allocation Failure)
[25.788s][info][gc,heap        ] GC(58) DefNew: 139776K->17471K(157248K)
[25.788s][info][gc,heap        ] GC(58) Tenured: 3419K->125660K(349568K)
[25.788s][info][gc,metaspace   ] GC(58) Metaspace: 14638K->14638K(31744K)
[25.788s][info][gc             ] GC(58) Pause Young (Allocation Failure) 139M->139M(494M) 346.588ms
[25.788s][info][gc,cpu         ] GC(58) User=0.34s Sys=0.00s Real=0.34s
[25.862s][info][gc,start       ] GC(59) Pause Young (Allocation Failure)
[26.207s][info][gc,heap        ] GC(59) DefNew: 157247K->17472K(157248K)
[26.207s][info][gc,heap        ] GC(59) Tenured: 125660K->265204K(349568K)
[26.207s][info][gc,metaspace   ] GC(59) Metaspace: 14648K->14648K(31744K)
[26.208s][info][gc             ] GC(59) Pause Young (Allocation Failure) 276M->276M(494M) 345.922ms
[26.208s][info][gc,cpu         ] GC(59) User=0.36s Sys=0.00s Real=0.35s
[26.265s][info][gc,start       ] GC(60) Pause Young (Allocation Failure)
[26.265s][info][gc,start       ] GC(61) Pause Full (Allocation Failure)
[26.266s][info][gc,phases,start] GC(61) Phase 1: Mark live objects
[26.584s][info][gc,phases      ] GC(61) Phase 1: Mark live objects 317.873ms
[26.584s][info][gc,phases,start] GC(61) Phase 2: Compute new object addresses
[26.764s][info][gc,phases      ] GC(61) Phase 2: Compute new object addresses 180.032ms
[26.764s][info][gc,phases,start] GC(61) Phase 3: Adjust pointers
[26.944s][info][gc,phases      ] GC(61) Phase 3: Adjust pointers 179.491ms
[26.944s][info][gc,phases,start] GC(61) Phase 4: Move objects
[27.116s][info][gc,phases      ] GC(61) Phase 4: Move objects 171.683ms
[27.117s][info][gc             ] GC(61) Pause Full (Allocation Failure) 412M->193M(494M) 851.454ms
[27.117s][info][gc,heap        ] GC(60) DefNew: 157248K->0K(157248K)
[27.117s][info][gc,heap        ] GC(60) Tenured: 265204K->197833K(349568K)
[27.117s][info][gc,metaspace   ] GC(60) Metaspace: 14661K->14661K(31744K)
[27.117s][info][gc             ] GC(60) Pause Young (Allocation Failure) 412M->193M(494M) 851.847ms
[27.117s][info][gc,cpu         ] GC(60) User=0.83s Sys=0.03s Real=0.86s
[27.179s][info][gc,start       ] GC(62) Pause Young (Allocation Failure)
[27.551s][info][gc,heap        ] GC(62) DefNew: 139776K->17472K(157248K)
[27.551s][info][gc,heap        ] GC(62) Tenured: 197833K->319875K(349568K)
[27.551s][info][gc,metaspace   ] GC(62) Metaspace: 14670K->14670K(31744K)
[27.551s][info][gc             ] GC(62) Pause Young (Allocation Failure) 329M->329M(494M) 372.399ms
[27.551s][info][gc,cpu         ] GC(62) User=0.36s Sys=0.00s Real=0.37s
[27.619s][info][gc,start       ] GC(63) Pause Young (Allocation Failure)
[27.619s][info][gc,start       ] GC(64) Pause Full (Allocation Failure)
[27.620s][info][gc,phases,start] GC(64) Phase 1: Mark live objects
[27.645s][info][gc,phases      ] GC(64) Phase 1: Mark live objects 24.776ms
[27.645s][info][gc,phases,start] GC(64) Phase 2: Compute new object addresses
[27.829s][info][gc,phases      ] GC(64) Phase 2: Compute new object addresses 183.913ms
[27.829s][info][gc,phases,start] GC(64) Phase 3: Adjust pointers
[27.837s][info][gc,phases      ] GC(64) Phase 3: Adjust pointers 7.501ms
[27.837s][info][gc,phases,start] GC(64) Phase 4: Move objects
[27.837s][info][gc,phases      ] GC(64) Phase 4: Move objects 0.114ms
[27.838s][info][gc             ] GC(64) Pause Full (Allocation Failure) 452M->3M(494M) 218.140ms
[27.838s][info][gc,heap        ] GC(63) DefNew: 143095K->0K(157248K)
[27.838s][info][gc,heap        ] GC(63) Tenured: 319875K->3499K(349568K)
[27.838s][info][gc,metaspace   ] GC(63) Metaspace: 14675K->14675K(31744K)
[27.838s][info][gc             ] GC(63) Pause Young (Allocation Failure) 452M->3M(494M) 218.531ms
[27.838s][info][gc,cpu         ] GC(63) User=0.22s Sys=0.00s Real=0.22s
[27.902s][info][gc,start       ] GC(65) Pause Young (Allocation Failure)
[28.337s][info][gc,heap        ] GC(65) DefNew: 139776K->17471K(157248K)
[28.338s][info][gc,heap        ] GC(65) Tenured: 3499K->125724K(349568K)
[28.338s][info][gc,metaspace   ] GC(65) Metaspace: 14679K->14679K(31744K)
[28.338s][info][gc             ] GC(65) Pause Young (Allocation Failure) 139M->139M(494M) 435.572ms
[28.338s][info][gc,cpu         ] GC(65) User=0.44s Sys=0.00s Real=0.44s
[28.409s][info][gc,start       ] GC(66) Pause Young (Allocation Failure)
[28.964s][info][gc,heap        ] GC(66) DefNew: 157247K->17472K(157248K)
[28.964s][info][gc,heap        ] GC(66) Tenured: 125724K->265444K(349568K)
[28.964s][info][gc,metaspace   ] GC(66) Metaspace: 14679K->14679K(31744K)
[28.964s][info][gc             ] GC(66) Pause Young (Allocation Failure) 276M->276M(494M) 555.276ms
[28.964s][info][gc,cpu         ] GC(66) User=0.56s Sys=0.00s Real=0.56s
[29.032s][info][gc,start       ] GC(67) Pause Young (Allocation Failure)
[29.032s][info][gc,start       ] GC(68) Pause Full (Allocation Failure)
[29.033s][info][gc,phases,start] GC(68) Phase 1: Mark live objects
[29.277s][info][gc,phases      ] GC(68) Phase 1: Mark live objects 244.380ms
[29.278s][info][gc,phases,start] GC(68) Phase 2: Compute new object addresses
[29.465s][info][gc,phases      ] GC(68) Phase 2: Compute new object addresses 187.239ms
[29.465s][info][gc,phases,start] GC(68) Phase 3: Adjust pointers
[29.608s][info][gc,phases      ] GC(68) Phase 3: Adjust pointers 142.597ms
[29.608s][info][gc,phases,start] GC(68) Phase 4: Move objects
[29.737s][info][gc,phases      ] GC(68) Phase 4: Move objects 129.152ms
[29.738s][info][gc             ] GC(68) Pause Full (Allocation Failure) 412M->185M(494M) 706.074ms
[29.738s][info][gc,heap        ] GC(67) DefNew: 157248K->0K(157248K)
[29.738s][info][gc,heap        ] GC(67) Tenured: 265444K->190012K(349568K)
[29.738s][info][gc,metaspace   ] GC(67) Metaspace: 14682K->14682K(31744K)
[29.738s][info][gc             ] GC(67) Pause Young (Allocation Failure) 412M->185M(494M) 706.511ms
[29.738s][info][gc,cpu         ] GC(67) User=0.70s Sys=0.02s Real=0.72s
[29.837s][info][gc,start       ] GC(69) Pause Young (Allocation Failure)
[30.204s][info][gc,heap        ] GC(69) DefNew: 139776K->17472K(157248K)
[30.205s][info][gc,heap        ] GC(69) Tenured: 190012K->312045K(349568K)
[30.205s][info][gc,metaspace   ] GC(69) Metaspace: 14690K->14690K(31744K)
[30.205s][info][gc             ] GC(69) Pause Young (Allocation Failure) 322M->321M(494M) 367.457ms
[30.205s][info][gc,cpu         ] GC(69) User=0.38s Sys=0.00s Real=0.36s
[30.294s][info][gc,start       ] GC(70) Pause Young (Allocation Failure)
[30.294s][info][gc,start       ] GC(71) Pause Full (Allocation Failure)
[30.295s][info][gc,phases,start] GC(71) Phase 1: Mark live objects
[30.755s][info][gc,phases      ] GC(71) Phase 1: Mark live objects 460.148ms
[30.756s][info][gc,phases,start] GC(71) Phase 2: Compute new object addresses
[30.957s][info][gc,phases      ] GC(71) Phase 2: Compute new object addresses 200.974ms
[30.957s][info][gc,phases,start] GC(71) Phase 3: Adjust pointers
[31.131s][info][gc,phases      ] GC(71) Phase 3: Adjust pointers 174.527ms
[31.131s][info][gc,phases,start] GC(71) Phase 4: Move objects
[31.294s][info][gc,phases      ] GC(71) Phase 4: Move objects 162.582ms
[31.295s][info][gc             ] GC(71) Pause Full (Allocation Failure) 458M->228M(494M) 1000.842ms
[31.295s][info][gc,heap        ] GC(70) DefNew: 157248K->0K(157248K)
[31.295s][info][gc,heap        ] GC(70) Tenured: 312045K->233831K(349568K)
[31.295s][info][gc,metaspace   ] GC(70) Metaspace: 14703K->14703K(31744K)
[31.295s][info][gc             ] GC(70) Pause Young (Allocation Failure) 458M->228M(494M) 1001.294ms
[31.295s][info][gc,cpu         ] GC(70) User=0.98s Sys=0.00s Real=1.02s
[31.350s][info][gc,start       ] GC(72) Pause Young (Allocation Failure)
[31.350s][info][gc,start       ] GC(73) Pause Full (Allocation Failure)
[31.351s][info][gc,phases,start] GC(73) Phase 1: Mark live objects
[31.527s][info][gc,phases      ] GC(73) Phase 1: Mark live objects 176.300ms
[31.528s][info][gc,phases,start] GC(73) Phase 2: Compute new object addresses
[31.651s][info][gc,phases      ] GC(73) Phase 2: Compute new object addresses 123.859ms
[31.652s][info][gc,phases,start] GC(73) Phase 3: Adjust pointers
[31.742s][info][gc,phases      ] GC(73) Phase 3: Adjust pointers 90.220ms
[31.742s][info][gc,phases,start] GC(73) Phase 4: Move objects
[31.821s][info][gc,phases      ] GC(73) Phase 4: Move objects 79.340ms
[31.822s][info][gc             ] GC(73) Pause Full (Allocation Failure) 364M->132M(494M) 472.414ms
[31.822s][info][gc,heap        ] GC(72) DefNew: 139776K->0K(157248K)
[31.822s][info][gc,heap        ] GC(72) Tenured: 233831K->135401K(349568K)
[31.822s][info][gc,metaspace   ] GC(72) Metaspace: 14711K->14711K(31744K)
[31.822s][info][gc             ] GC(72) Pause Young (Allocation Failure) 364M->132M(494M) 472.768ms
[31.822s][info][gc,cpu         ] GC(72) User=0.47s Sys=0.02s Real=0.48s
[31.919s][info][gc,start       ] GC(74) Pause Young (Allocation Failure)
[32.269s][info][gc,heap        ] GC(74) DefNew: 111779K->17472K(157248K)
[32.269s][info][gc,heap        ] GC(74) Tenured: 135401K->226774K(349568K)
[32.269s][info][gc,metaspace   ] GC(74) Metaspace: 14723K->14723K(31744K)
[32.269s][info][gc             ] GC(74) Pause Young (Allocation Failure) 241M->238M(494M) 350.589ms
[32.269s][info][gc,cpu         ] GC(74) User=0.34s Sys=0.00s Real=0.36s
[32.360s][info][gc,start       ] GC(75) Pause Young (Allocation Failure)
[32.360s][info][gc,start       ] GC(76) Pause Full (Allocation Failure)
[32.361s][info][gc,phases,start] GC(76) Phase 1: Mark live objects
[32.583s][info][gc,phases      ] GC(76) Phase 1: Mark live objects 221.812ms
[32.583s][info][gc,phases,start] GC(76) Phase 2: Compute new object addresses
[32.738s][info][gc,phases      ] GC(76) Phase 2: Compute new object addresses 155.435ms
[32.738s][info][gc,phases,start] GC(76) Phase 3: Adjust pointers
[32.870s][info][gc,phases      ] GC(76) Phase 3: Adjust pointers 131.894ms
[32.870s][info][gc,phases,start] GC(76) Phase 4: Move objects
[32.997s][info][gc,phases      ] GC(76) Phase 4: Move objects 126.410ms
[32.998s][info][gc             ] GC(76) Pause Full (Allocation Failure) 375M->139M(494M) 638.287ms
[32.998s][info][gc,heap        ] GC(75) DefNew: 157248K->0K(157248K)
[32.998s][info][gc,heap        ] GC(75) Tenured: 226774K->143342K(349568K)
[32.998s][info][gc,metaspace   ] GC(75) Metaspace: 14723K->14723K(31744K)
[32.998s][info][gc             ] GC(75) Pause Young (Allocation Failure) 375M->139M(494M) 638.795ms
[32.999s][info][gc,cpu         ] GC(75) User=0.66s Sys=0.00s Real=0.65s
[33.071s][info][gc,start       ] GC(77) Pause Young (Allocation Failure)
[33.385s][info][gc,heap        ] GC(77) DefNew: 105725K->17472K(157248K)
[33.385s][info][gc,heap        ] GC(77) Tenured: 143342K->229542K(349568K)
[33.385s][info][gc,metaspace   ] GC(77) Metaspace: 14727K->14727K(31744K)
[33.385s][info][gc             ] GC(77) Pause Young (Allocation Failure) 243M->241M(494M) 314.190ms
[33.385s][info][gc,cpu         ] GC(77) User=0.31s Sys=0.00s Real=0.32s
[33.445s][info][gc,start       ] GC(78) Pause Young (Allocation Failure)
[33.445s][info][gc,start       ] GC(79) Pause Full (Allocation Failure)
[33.446s][info][gc,phases,start] GC(79) Phase 1: Mark live objects
[33.627s][info][gc,phases      ] GC(79) Phase 1: Mark live objects 181.220ms
[33.627s][info][gc,phases,start] GC(79) Phase 2: Compute new object addresses
[33.798s][info][gc,phases      ] GC(79) Phase 2: Compute new object addresses 170.651ms
[33.798s][info][gc,phases,start] GC(79) Phase 3: Adjust pointers
[33.918s][info][gc,phases      ] GC(79) Phase 3: Adjust pointers 120.342ms
[33.918s][info][gc,phases,start] GC(79) Phase 4: Move objects
[34.028s][info][gc,phases      ] GC(79) Phase 4: Move objects 109.246ms
[34.029s][info][gc             ] GC(79) Pause Full (Allocation Failure) 377M->140M(494M) 583.659ms
[34.029s][info][gc,heap        ] GC(78) DefNew: 157248K->0K(157248K)
[34.029s][info][gc,heap        ] GC(78) Tenured: 229542K->143375K(349568K)
[34.029s][info][gc,metaspace   ] GC(78) Metaspace: 14727K->14727K(31744K)
[34.029s][info][gc             ] GC(78) Pause Young (Allocation Failure) 377M->140M(494M) 584.065ms
[34.029s][info][gc,cpu         ] GC(78) User=0.58s Sys=0.00s Real=0.58s
[34.084s][info][gc,start       ] GC(80) Pause Young (Allocation Failure)
[34.381s][info][gc,heap        ] GC(80) DefNew: 108226K->17472K(157248K)
[34.381s][info][gc,heap        ] GC(80) Tenured: 143375K->232310K(349568K)
[34.381s][info][gc,metaspace   ] GC(80) Metaspace: 14745K->14745K(31744K)
[34.381s][info][gc             ] GC(80) Pause Young (Allocation Failure) 245M->243M(494M) 297.647ms
[34.382s][info][gc,cpu         ] GC(80) User=0.30s Sys=0.00s Real=0.30s
[34.460s][info][gc,start       ] GC(81) Pause Young (Allocation Failure)
[34.461s][info][gc,start       ] GC(82) Pause Full (Allocation Failure)
[34.461s][info][gc,phases,start] GC(82) Phase 1: Mark live objects
[34.692s][info][gc,phases      ] GC(82) Phase 1: Mark live objects 230.667ms
[34.692s][info][gc,phases,start] GC(82) Phase 2: Compute new object addresses
[34.904s][info][gc,phases      ] GC(82) Phase 2: Compute new object addresses 211.873ms
[34.904s][info][gc,phases,start] GC(82) Phase 3: Adjust pointers
[35.053s][info][gc,phases      ] GC(82) Phase 3: Adjust pointers 148.797ms
[35.053s][info][gc,phases,start] GC(82) Phase 4: Move objects
[35.221s][info][gc,phases      ] GC(82) Phase 4: Move objects 167.476ms
[35.223s][info][gc             ] GC(82) Pause Full (Allocation Failure) 380M->139M(494M) 761.869ms
[35.223s][info][gc,heap        ] GC(81) DefNew: 157248K->0K(157248K)
[35.223s][info][gc,heap        ] GC(81) Tenured: 232310K->143174K(349568K)
[35.223s][info][gc,metaspace   ] GC(81) Metaspace: 14746K->14746K(31744K)
[35.223s][info][gc             ] GC(81) Pause Young (Allocation Failure) 380M->139M(494M) 762.404ms
[35.223s][info][gc,cpu         ] GC(81) User=0.77s Sys=0.00s Real=0.77s
[35.280s][info][gc,start       ] GC(83) Pause Young (Allocation Failure)
[35.632s][info][gc,heap        ] GC(83) DefNew: 110904K->17472K(157248K)
[35.632s][info][gc,heap        ] GC(83) Tenured: 143174K->235078K(349568K)
[35.632s][info][gc,metaspace   ] GC(83) Metaspace: 14747K->14747K(31744K)
[35.632s][info][gc             ] GC(83) Pause Young (Allocation Failure) 248M->246M(494M) 352.144ms
[35.632s][info][gc,cpu         ] GC(83) User=0.33s Sys=0.00s Real=0.34s
[35.711s][info][gc,start       ] GC(84) Pause Young (Allocation Failure)
[35.711s][info][gc,start       ] GC(85) Pause Full (Allocation Failure)
[35.712s][info][gc,phases,start] GC(85) Phase 1: Mark live objects
[35.935s][info][gc,phases      ] GC(85) Phase 1: Mark live objects 222.959ms
[35.935s][info][gc,phases,start] GC(85) Phase 2: Compute new object addresses
[36.127s][info][gc,phases      ] GC(85) Phase 2: Compute new object addresses 192.224ms
[36.127s][info][gc,phases,start] GC(85) Phase 3: Adjust pointers
[36.232s][info][gc,phases      ] GC(85) Phase 3: Adjust pointers 104.907ms
[36.232s][info][gc,phases,start] GC(85) Phase 4: Move objects
[36.371s][info][gc,phases      ] GC(85) Phase 4: Move objects 138.188ms
[36.372s][info][gc             ] GC(85) Pause Full (Allocation Failure) 383M->139M(494M) 660.687ms
[36.372s][info][gc,heap        ] GC(84) DefNew: 157248K->0K(157248K)
[36.372s][info][gc,heap        ] GC(84) Tenured: 235078K->143249K(349568K)
[36.372s][info][gc,metaspace   ] GC(84) Metaspace: 14750K->14750K(31744K)
[36.372s][info][gc             ] GC(84) Pause Young (Allocation Failure) 383M->139M(494M) 661.128ms
[36.372s][info][gc,cpu         ] GC(84) User=0.67s Sys=0.00s Real=0.67s
[36.447s][info][gc,start       ] GC(86) Pause Young (Allocation Failure)
[36.778s][info][gc,heap        ] GC(86) DefNew: 113450K->17472K(157248K)
[36.778s][info][gc,heap        ] GC(86) Tenured: 143249K->237844K(349568K)
[36.778s][info][gc,metaspace   ] GC(86) Metaspace: 14751K->14751K(31744K)
[36.778s][info][gc             ] GC(86) Pause Young (Allocation Failure) 250M->249M(494M) 330.632ms
[36.778s][info][gc,cpu         ] GC(86) User=0.34s Sys=0.00s Real=0.34s
[36.837s][info][gc,start       ] GC(87) Pause Young (Allocation Failure)
[36.838s][info][gc,start       ] GC(88) Pause Full (Allocation Failure)
[36.839s][info][gc,phases,start] GC(88) Phase 1: Mark live objects
[37.045s][info][gc,phases      ] GC(88) Phase 1: Mark live objects 206.347ms
[37.045s][info][gc,phases,start] GC(88) Phase 2: Compute new object addresses
[37.233s][info][gc,phases      ] GC(88) Phase 2: Compute new object addresses 187.518ms
[37.233s][info][gc,phases,start] GC(88) Phase 3: Adjust pointers
[37.338s][info][gc,phases      ] GC(88) Phase 3: Adjust pointers 104.863ms
[37.338s][info][gc,phases,start] GC(88) Phase 4: Move objects
[37.440s][info][gc,phases      ] GC(88) Phase 4: Move objects 102.309ms
[37.442s][info][gc             ] GC(88) Pause Full (Allocation Failure) 385M->139M(494M) 603.920ms
[37.442s][info][gc,heap        ] GC(87) DefNew: 157248K->0K(157248K)
[37.442s][info][gc,heap        ] GC(87) Tenured: 237844K->143275K(349568K)
[37.442s][info][gc,metaspace   ] GC(87) Metaspace: 14753K->14753K(31744K)
[37.442s][info][gc             ] GC(87) Pause Young (Allocation Failure) 385M->139M(494M) 604.833ms
[37.442s][info][gc,cpu         ] GC(87) User=0.61s Sys=0.00s Real=0.62s
[37.512s][info][gc,start       ] GC(89) Pause Young (Allocation Failure)
[37.872s][info][gc,heap        ] GC(89) DefNew: 116270K->17472K(157248K)
[37.872s][info][gc,heap        ] GC(89) Tenured: 143275K->240612K(349568K)
[37.872s][info][gc,metaspace   ] GC(89) Metaspace: 14753K->14753K(31744K)
[37.872s][info][gc             ] GC(89) Pause Young (Allocation Failure) 253M->252M(494M) 360.935ms
[37.873s][info][gc,cpu         ] GC(89) User=0.36s Sys=0.00s Real=0.36s
[37.953s][info][gc,start       ] GC(90) Pause Young (Allocation Failure)
[37.953s][info][gc,start       ] GC(91) Pause Full (Allocation Failure)
[37.953s][info][gc,phases,start] GC(91) Phase 1: Mark live objects
[38.148s][info][gc,phases      ] GC(91) Phase 1: Mark live objects 194.764ms
[38.148s][info][gc,phases,start] GC(91) Phase 2: Compute new object addresses
[38.341s][info][gc,phases      ] GC(91) Phase 2: Compute new object addresses 192.059ms
[38.341s][info][gc,phases,start] GC(91) Phase 3: Adjust pointers
[38.451s][info][gc,phases      ] GC(91) Phase 3: Adjust pointers 110.518ms
[38.451s][info][gc,phases,start] GC(91) Phase 4: Move objects
[38.552s][info][gc,phases      ] GC(91) Phase 4: Move objects 100.574ms
[38.553s][info][gc             ] GC(91) Pause Full (Allocation Failure) 388M->139M(494M) 600.353ms
[38.553s][info][gc,heap        ] GC(90) DefNew: 157248K->0K(157248K)
[38.553s][info][gc,heap        ] GC(90) Tenured: 240612K->143309K(349568K)
[38.553s][info][gc,metaspace   ] GC(90) Metaspace: 14764K->14764K(31744K)
[38.553s][info][gc             ] GC(90) Pause Young (Allocation Failure) 388M->139M(494M) 600.779ms
[38.553s][info][gc,cpu         ] GC(90) User=0.61s Sys=0.00s Real=0.61s
[38.604s][info][gc,start       ] GC(92) Pause Young (Allocation Failure)
[39.096s][info][gc,heap        ] GC(92) DefNew: 119301K->17472K(157248K)
[39.097s][info][gc,heap        ] GC(92) Tenured: 143309K->243382K(349568K)
[39.097s][info][gc,metaspace   ] GC(92) Metaspace: 14772K->14772K(31744K)
[39.097s][info][gc             ] GC(92) Pause Young (Allocation Failure) 256M->254M(494M) 492.471ms
[39.097s][info][gc,cpu         ] GC(92) User=0.50s Sys=0.00s Real=0.50s
[39.189s][info][gc,start       ] GC(93) Pause Young (Allocation Failure)
[39.190s][info][gc,start       ] GC(94) Pause Full (Allocation Failure)
[39.190s][info][gc,phases,start] GC(94) Phase 1: Mark live objects
[39.441s][info][gc,phases      ] GC(94) Phase 1: Mark live objects 250.589ms
[39.441s][info][gc,phases,start] GC(94) Phase 2: Compute new object addresses
[39.623s][info][gc,phases      ] GC(94) Phase 2: Compute new object addresses 181.779ms
[39.623s][info][gc,phases,start] GC(94) Phase 3: Adjust pointers
[39.775s][info][gc,phases      ] GC(94) Phase 3: Adjust pointers 152.169ms
[39.775s][info][gc,phases,start] GC(94) Phase 4: Move objects
[39.892s][info][gc,phases      ] GC(94) Phase 4: Move objects 116.362ms
[39.893s][info][gc             ] GC(94) Pause Full (Allocation Failure) 391M->139M(494M) 703.202ms
[39.893s][info][gc,heap        ] GC(93) DefNew: 157248K->0K(157248K)
[39.893s][info][gc,heap        ] GC(93) Tenured: 243382K->143354K(349568K)
[39.893s][info][gc,metaspace   ] GC(93) Metaspace: 14782K->14782K(31744K)
[39.893s][info][gc             ] GC(93) Pause Young (Allocation Failure) 391M->139M(494M) 703.635ms
[39.893s][info][gc,cpu         ] GC(93) User=0.69s Sys=0.00s Real=0.69s
[39.971s][info][gc,start       ] GC(95) Pause Young (Allocation Failure)
[40.402s][info][gc,heap        ] GC(95) DefNew: 122110K->17471K(157248K)
[40.402s][info][gc,heap        ] GC(95) Tenured: 143354K->246152K(349568K)
[40.402s][info][gc,metaspace   ] GC(95) Metaspace: 14787K->14787K(31744K)
[40.402s][info][gc             ] GC(95) Pause Young (Allocation Failure) 259M->257M(494M) 431.546ms
[40.403s][info][gc,cpu         ] GC(95) User=0.44s Sys=0.00s Real=0.44s
[40.491s][info][gc,start       ] GC(96) Pause Young (Allocation Failure)
[40.491s][info][gc,start       ] GC(97) Pause Full (Allocation Failure)
[40.492s][info][gc,phases,start] GC(97) Phase 1: Mark live objects
[40.741s][info][gc,phases      ] GC(97) Phase 1: Mark live objects 248.834ms
[40.741s][info][gc,phases,start] GC(97) Phase 2: Compute new object addresses
[40.987s][info][gc,phases      ] GC(97) Phase 2: Compute new object addresses 245.170ms
[40.987s][info][gc,phases,start] GC(97) Phase 3: Adjust pointers
[41.134s][info][gc,phases      ] GC(97) Phase 3: Adjust pointers 146.982ms
[41.134s][info][gc,phases,start] GC(97) Phase 4: Move objects
[41.271s][info][gc,phases      ] GC(97) Phase 4: Move objects 137.147ms
[41.272s][info][gc             ] GC(97) Pause Full (Allocation Failure) 393M->140M(494M) 780.798ms
[41.272s][info][gc,heap        ] GC(96) DefNew: 157247K->0K(157248K)
[41.272s][info][gc,heap        ] GC(96) Tenured: 246152K->143580K(349568K)
[41.272s][info][gc,metaspace   ] GC(96) Metaspace: 14788K->14788K(31744K)
[41.272s][info][gc             ] GC(96) Pause Young (Allocation Failure) 393M->140M(494M) 781.244ms
[41.272s][info][gc,cpu         ] GC(96) User=0.80s Sys=0.00s Real=0.80s
[41.357s][info][gc,start       ] GC(98) Pause Young (Allocation Failure)
[41.745s][info][gc,heap        ] GC(98) DefNew: 124784K->17472K(157248K)
[41.746s][info][gc,heap        ] GC(98) Tenured: 143580K->248919K(349568K)
[41.746s][info][gc,metaspace   ] GC(98) Metaspace: 14789K->14789K(31744K)
[41.746s][info][gc             ] GC(98) Pause Young (Allocation Failure) 262M->260M(494M) 388.244ms
[41.746s][info][gc,cpu         ] GC(98) User=0.39s Sys=0.00s Real=0.39s
[41.819s][info][gc,start       ] GC(99) Pause Young (Allocation Failure)
[41.820s][info][gc,start       ] GC(100) Pause Full (Allocation Failure)
[41.820s][info][gc,phases,start] GC(100) Phase 1: Mark live objects
[42.035s][info][gc,phases      ] GC(100) Phase 1: Mark live objects 214.670ms
[42.035s][info][gc,phases,start] GC(100) Phase 2: Compute new object addresses
[42.228s][info][gc,phases      ] GC(100) Phase 2: Compute new object addresses 192.360ms
[42.228s][info][gc,phases,start] GC(100) Phase 3: Adjust pointers
[42.335s][info][gc,phases      ] GC(100) Phase 3: Adjust pointers 107.516ms
[42.335s][info][gc,phases,start] GC(100) Phase 4: Move objects
[42.448s][info][gc,phases      ] GC(100) Phase 4: Move objects 112.731ms
[42.449s][info][gc             ] GC(100) Pause Full (Allocation Failure) 396M->140M(494M) 629.643ms
[42.449s][info][gc,heap        ] GC(99) DefNew: 157248K->0K(157248K)
[42.449s][info][gc,heap        ] GC(99) Tenured: 248919K->143421K(349568K)
[42.449s][info][gc,metaspace   ] GC(99) Metaspace: 14789K->14789K(31744K)
[42.450s][info][gc             ] GC(99) Pause Young (Allocation Failure) 396M->140M(494M) 630.080ms
[42.450s][info][gc,cpu         ] GC(99) User=0.61s Sys=0.00s Real=0.62s
[42.519s][info][gc,start       ] GC(101) Pause Young (Allocation Failure)
[42.937s][info][gc,heap        ] GC(101) DefNew: 127611K->17472K(157248K)
[42.937s][info][gc,heap        ] GC(101) Tenured: 143421K->251686K(349568K)
[42.937s][info][gc,metaspace   ] GC(101) Metaspace: 14795K->14795K(31744K)
[42.937s][info][gc             ] GC(101) Pause Young (Allocation Failure) 264M->262M(494M) 417.822ms
[42.937s][info][gc,cpu         ] GC(101) User=0.41s Sys=0.00s Real=0.41s
[43.003s][info][gc,start       ] GC(102) Pause Young (Allocation Failure)
[43.003s][info][gc,start       ] GC(103) Pause Full (Allocation Failure)
[43.004s][info][gc,phases,start] GC(103) Phase 1: Mark live objects
[43.207s][info][gc,phases      ] GC(103) Phase 1: Mark live objects 202.793ms
[43.207s][info][gc,phases,start] GC(103) Phase 2: Compute new object addresses
[43.390s][info][gc,phases      ] GC(103) Phase 2: Compute new object addresses 182.422ms
[43.390s][info][gc,phases,start] GC(103) Phase 3: Adjust pointers
[43.506s][info][gc,phases      ] GC(103) Phase 3: Adjust pointers 116.015ms
[43.506s][info][gc,phases,start] GC(103) Phase 4: Move objects
[43.612s][info][gc,phases      ] GC(103) Phase 4: Move objects 105.784ms
[43.613s][info][gc             ] GC(103) Pause Full (Allocation Failure) 399M->140M(494M) 609.878ms
[43.613s][info][gc,heap        ] GC(102) DefNew: 157248K->0K(157248K)
[43.613s][info][gc,heap        ] GC(102) Tenured: 251686K->143435K(349568K)
[43.613s][info][gc,metaspace   ] GC(102) Metaspace: 14796K->14796K(31744K)
[43.613s][info][gc             ] GC(102) Pause Young (Allocation Failure) 399M->140M(494M) 610.317ms
[43.613s][info][gc,cpu         ] GC(102) User=0.59s Sys=0.02s Real=0.61s
[43.677s][info][gc,start       ] GC(104) Pause Young (Allocation Failure)
[44.048s][info][gc,heap        ] GC(104) DefNew: 130178K->17472K(157248K)
[44.048s][info][gc,heap        ] GC(104) Tenured: 143435K->254454K(349568K)
[44.048s][info][gc,metaspace   ] GC(104) Metaspace: 14797K->14797K(31744K)
[44.048s][info][gc             ] GC(104) Pause Young (Allocation Failure) 267M->265M(494M) 371.001ms
[44.048s][info][gc,cpu         ] GC(104) User=0.36s Sys=0.00s Real=0.36s
[44.100s][info][gc,start       ] GC(105) Pause Young (Allocation Failure)
[44.101s][info][gc,start       ] GC(106) Pause Full (Allocation Failure)
[44.101s][info][gc,phases,start] GC(106) Phase 1: Mark live objects
[44.298s][info][gc,phases      ] GC(106) Phase 1: Mark live objects 197.274ms
[44.299s][info][gc,phases,start] GC(106) Phase 2: Compute new object addresses
[44.486s][info][gc,phases      ] GC(106) Phase 2: Compute new object addresses 187.784ms
[44.486s][info][gc,phases,start] GC(106) Phase 3: Adjust pointers
[44.606s][info][gc,phases      ] GC(106) Phase 3: Adjust pointers 119.138ms
[44.606s][info][gc,phases,start] GC(106) Phase 4: Move objects
[44.716s][info][gc,phases      ] GC(106) Phase 4: Move objects 110.148ms
[44.717s][info][gc             ] GC(106) Pause Full (Allocation Failure) 402M->140M(494M) 616.679ms
[44.717s][info][gc,heap        ] GC(105) DefNew: 157248K->0K(157248K)
[44.717s][info][gc,heap        ] GC(105) Tenured: 254454K->143451K(349568K)
[44.717s][info][gc,metaspace   ] GC(105) Metaspace: 14797K->14797K(31744K)
[44.717s][info][gc             ] GC(105) Pause Young (Allocation Failure) 402M->140M(494M) 617.051ms
[44.717s][info][gc,cpu         ] GC(105) User=0.61s Sys=0.00s Real=0.61s
[44.781s][info][gc,start       ] GC(107) Pause Young (Allocation Failure)
[45.239s][info][gc,heap        ] GC(107) DefNew: 133218K->17472K(157248K)
[45.239s][info][gc,heap        ] GC(107) Tenured: 143451K->257187K(349568K)
[45.239s][info][gc,metaspace   ] GC(107) Metaspace: 14797K->14797K(31744K)
[45.239s][info][gc             ] GC(107) Pause Young (Allocation Failure) 270M->268M(494M) 457.980ms
[45.239s][info][gc,cpu         ] GC(107) User=0.47s Sys=0.00s Real=0.47s
[45.302s][info][gc,start       ] GC(108) Pause Young (Allocation Failure)
[45.303s][info][gc,start       ] GC(109) Pause Full (Allocation Failure)
[45.304s][info][gc,phases,start] GC(109) Phase 1: Mark live objects
[45.517s][info][gc,phases      ] GC(109) Phase 1: Mark live objects 213.047ms
[45.517s][info][gc,phases,start] GC(109) Phase 2: Compute new object addresses
[45.703s][info][gc,phases      ] GC(109) Phase 2: Compute new object addresses 186.124ms
[45.703s][info][gc,phases,start] GC(109) Phase 3: Adjust pointers
[45.815s][info][gc,phases      ] GC(109) Phase 3: Adjust pointers 112.004ms
[45.815s][info][gc,phases,start] GC(109) Phase 4: Move objects
[45.936s][info][gc,phases      ] GC(109) Phase 4: Move objects 120.866ms
[45.937s][info][gc             ] GC(109) Pause Full (Allocation Failure) 404M->140M(494M) 634.635ms
[45.937s][info][gc,heap        ] GC(108) DefNew: 157248K->0K(157248K)
[45.937s][info][gc,heap        ] GC(108) Tenured: 257187K->143680K(349568K)
[45.937s][info][gc,metaspace   ] GC(108) Metaspace: 14797K->14797K(31744K)
[45.937s][info][gc             ] GC(108) Pause Young (Allocation Failure) 404M->140M(494M) 635.046ms
[45.938s][info][gc,cpu         ] GC(108) User=0.63s Sys=0.00s Real=0.63s
[46.004s][info][gc,start       ] GC(110) Pause Young (Allocation Failure)
[46.461s][info][gc,heap        ] GC(110) DefNew: 135994K->17472K(157248K)
[46.461s][info][gc,heap        ] GC(110) Tenured: 143680K->259955K(349568K)
[46.461s][info][gc,metaspace   ] GC(110) Metaspace: 14798K->14798K(31744K)
[46.461s][info][gc             ] GC(110) Pause Young (Allocation Failure) 273M->270M(494M) 456.516ms
[46.461s][info][gc,cpu         ] GC(110) User=0.45s Sys=0.00s Real=0.46s
[46.565s][info][gc,start       ] GC(111) Pause Young (Allocation Failure)
[46.565s][info][gc,start       ] GC(112) Pause Full (Allocation Failure)
[46.566s][info][gc,phases,start] GC(112) Phase 1: Mark live objects
[46.826s][info][gc,phases      ] GC(112) Phase 1: Mark live objects 260.169ms
[46.827s][info][gc,phases,start] GC(112) Phase 2: Compute new object addresses
[47.006s][info][gc,phases      ] GC(112) Phase 2: Compute new object addresses 179.190ms
[47.006s][info][gc,phases,start] GC(112) Phase 3: Adjust pointers
[47.114s][info][gc,phases      ] GC(112) Phase 3: Adjust pointers 107.512ms
[47.114s][info][gc,phases,start] GC(112) Phase 4: Move objects
[47.231s][info][gc,phases      ] GC(112) Phase 4: Move objects 117.835ms
[47.233s][info][gc             ] GC(112) Pause Full (Allocation Failure) 407M->140M(494M) 667.597ms
[47.233s][info][gc,heap        ] GC(111) DefNew: 157248K->0K(157248K)
[47.233s][info][gc,heap        ] GC(111) Tenured: 259955K->143483K(349568K)
[47.233s][info][gc,metaspace   ] GC(111) Metaspace: 14805K->14805K(31744K)
[47.233s][info][gc             ] GC(111) Pause Young (Allocation Failure) 407M->140M(494M) 668.065ms
[47.233s][info][gc,cpu         ] GC(111) User=0.64s Sys=0.03s Real=0.68s
[47.302s][info][gc,start       ] GC(113) Pause Young (Allocation Failure)
[47.704s][info][gc,heap        ] GC(113) DefNew: 138785K->17472K(157248K)
[47.704s][info][gc,heap        ] GC(113) Tenured: 143483K->262724K(349568K)
[47.704s][info][gc,metaspace   ] GC(113) Metaspace: 14805K->14805K(31744K)
[47.704s][info][gc             ] GC(113) Pause Young (Allocation Failure) 275M->273M(494M) 402.575ms
[47.704s][info][gc,cpu         ] GC(113) User=0.39s Sys=0.00s Real=0.39s
[47.779s][info][gc,start       ] GC(114) Pause Young (Allocation Failure)
[47.779s][info][gc,start       ] GC(115) Pause Full (Allocation Failure)
[47.780s][info][gc,phases,start] GC(115) Phase 1: Mark live objects
[48.017s][info][gc,phases      ] GC(115) Phase 1: Mark live objects 236.774ms
[48.017s][info][gc,phases,start] GC(115) Phase 2: Compute new object addresses
[48.183s][info][gc,phases      ] GC(115) Phase 2: Compute new object addresses 166.354ms
[48.183s][info][gc,phases,start] GC(115) Phase 3: Adjust pointers
[48.303s][info][gc,phases      ] GC(115) Phase 3: Adjust pointers 119.677ms
[48.303s][info][gc,phases,start] GC(115) Phase 4: Move objects
[48.421s][info][gc,phases      ] GC(115) Phase 4: Move objects 117.473ms
[48.422s][info][gc             ] GC(115) Pause Full (Allocation Failure) 410M->140M(494M) 642.653ms
[48.422s][info][gc,heap        ] GC(114) DefNew: 157248K->0K(157248K)
[48.422s][info][gc,heap        ] GC(114) Tenured: 262724K->143716K(349568K)
[48.422s][info][gc,metaspace   ] GC(114) Metaspace: 14805K->14805K(31744K)
[48.422s][info][gc             ] GC(114) Pause Young (Allocation Failure) 410M->140M(494M) 643.050ms
[48.422s][info][gc,cpu         ] GC(114) User=0.66s Sys=0.00s Real=0.64s
[48.528s][info][gc,start       ] GC(116) Pause Young (Allocation Failure)
[48.936s][info][gc,heap        ] GC(116) DefNew: 139776K->17472K(157248K)
[48.936s][info][gc,heap        ] GC(116) Tenured: 143716K->265492K(349568K)
[48.936s][info][gc,metaspace   ] GC(116) Metaspace: 14806K->14806K(31744K)
[48.936s][info][gc             ] GC(116) Pause Young (Allocation Failure) 276M->276M(494M) 407.884ms
[48.936s][info][gc,cpu         ] GC(116) User=0.41s Sys=0.00s Real=0.41s
[49.020s][info][gc,start       ] GC(117) Pause Young (Allocation Failure)
[49.020s][info][gc,start       ] GC(118) Pause Full (Allocation Failure)
[49.021s][info][gc,phases,start] GC(118) Phase 1: Mark live objects
[49.227s][info][gc,phases      ] GC(118) Phase 1: Mark live objects 206.036ms
[49.228s][info][gc,phases,start] GC(118) Phase 2: Compute new object addresses
[49.408s][info][gc,phases      ] GC(118) Phase 2: Compute new object addresses 180.517ms
[49.408s][info][gc,phases,start] GC(118) Phase 3: Adjust pointers
[49.514s][info][gc,phases      ] GC(118) Phase 3: Adjust pointers 106.298ms
[49.515s][info][gc,phases,start] GC(118) Phase 4: Move objects
[49.627s][info][gc,phases      ] GC(118) Phase 4: Move objects 112.334ms
[49.628s][info][gc             ] GC(118) Pause Full (Allocation Failure) 412M->140M(494M) 607.883ms
[49.628s][info][gc,heap        ] GC(117) DefNew: 157248K->0K(157248K)
[49.628s][info][gc,heap        ] GC(117) Tenured: 265492K->143535K(349568K)
[49.628s][info][gc,metaspace   ] GC(117) Metaspace: 14807K->14807K(31744K)
[49.628s][info][gc             ] GC(117) Pause Young (Allocation Failure) 412M->140M(494M) 608.702ms
[49.628s][info][gc,cpu         ] GC(117) User=0.59s Sys=0.00s Real=0.60s
[49.707s][info][gc,start       ] GC(119) Pause Young (Allocation Failure)
[50.114s][info][gc,heap        ] GC(119) DefNew: 139776K->17472K(157248K)
[50.114s][info][gc,heap        ] GC(119) Tenured: 143535K->265762K(349568K)
[50.114s][info][gc,metaspace   ] GC(119) Metaspace: 14807K->14807K(31744K)
[50.114s][info][gc             ] GC(119) Pause Young (Allocation Failure) 276M->276M(494M) 406.562ms
[50.114s][info][gc,cpu         ] GC(119) User=0.41s Sys=0.00s Real=0.41s
[50.198s][info][gc,start       ] GC(120) Pause Young (Allocation Failure)
[50.198s][info][gc,start       ] GC(121) Pause Full (Allocation Failure)
[50.199s][info][gc,phases,start] GC(121) Phase 1: Mark live objects
[50.413s][info][gc,phases      ] GC(121) Phase 1: Mark live objects 213.888ms
[50.413s][info][gc,phases,start] GC(121) Phase 2: Compute new object addresses
[50.612s][info][gc,phases      ] GC(121) Phase 2: Compute new object addresses 198.684ms
[50.612s][info][gc,phases,start] GC(121) Phase 3: Adjust pointers
[50.708s][info][gc,phases      ] GC(121) Phase 3: Adjust pointers 96.506ms
[50.708s][info][gc,phases,start] GC(121) Phase 4: Move objects
[50.812s][info][gc,phases      ] GC(121) Phase 4: Move objects 103.964ms
[50.814s][info][gc             ] GC(121) Pause Full (Allocation Failure) 413M->137M(494M) 615.246ms
[50.814s][info][gc,heap        ] GC(120) DefNew: 157248K->0K(157248K)
[50.814s][info][gc,heap        ] GC(120) Tenured: 265762K->141123K(349568K)
[50.814s][info][gc,metaspace   ] GC(120) Metaspace: 14811K->14811K(31744K)
[50.814s][info][gc             ] GC(120) Pause Young (Allocation Failure) 413M->137M(494M) 615.707ms
[50.814s][info][gc,cpu         ] GC(120) User=0.61s Sys=0.00s Real=0.61s
[50.892s][info][gc,start       ] GC(122) Pause Young (Allocation Failure)
[51.350s][info][gc,heap        ] GC(122) DefNew: 139776K->17471K(157248K)
[51.350s][info][gc,heap        ] GC(122) Tenured: 141123K->262917K(349568K)
[51.350s][info][gc,metaspace   ] GC(122) Metaspace: 14817K->14817K(31744K)
[51.350s][info][gc             ] GC(122) Pause Young (Allocation Failure) 274M->273M(494M) 458.213ms
[51.350s][info][gc,cpu         ] GC(122) User=0.45s Sys=0.00s Real=0.47s
[51.410s][info][gc,start       ] GC(123) Pause Young (Allocation Failure)
[51.411s][info][gc,start       ] GC(124) Pause Full (Allocation Failure)
[51.412s][info][gc,phases,start] GC(124) Phase 1: Mark live objects
[51.592s][info][gc,phases      ] GC(124) Phase 1: Mark live objects 180.233ms
[51.593s][info][gc,phases,start] GC(124) Phase 2: Compute new object addresses
[51.770s][info][gc,phases      ] GC(124) Phase 2: Compute new object addresses 177.448ms
[51.770s][info][gc,phases,start] GC(124) Phase 3: Adjust pointers
[51.878s][info][gc,phases      ] GC(124) Phase 3: Adjust pointers 108.216ms
[51.878s][info][gc,phases,start] GC(124) Phase 4: Move objects
[51.986s][info][gc,phases      ] GC(124) Phase 4: Move objects 107.144ms
[51.988s][info][gc             ] GC(124) Pause Full (Allocation Failure) 410M->132M(494M) 576.940ms
[51.988s][info][gc,heap        ] GC(123) DefNew: 157247K->0K(157248K)
[51.988s][info][gc,heap        ] GC(123) Tenured: 262917K->136078K(349568K)
[51.988s][info][gc,metaspace   ] GC(123) Metaspace: 14822K->14822K(31744K)
[51.988s][info][gc             ] GC(123) Pause Young (Allocation Failure) 410M->132M(494M) 577.506ms
[51.988s][info][gc,cpu         ] GC(123) User=0.58s Sys=0.00s Real=0.58s
[52.060s][info][gc,start       ] GC(125) Pause Young (Allocation Failure)
[52.499s][info][gc,heap        ] GC(125) DefNew: 139776K->17472K(157248K)
[52.500s][info][gc,heap        ] GC(125) Tenured: 136078K->258108K(349568K)
[52.500s][info][gc,metaspace   ] GC(125) Metaspace: 14823K->14823K(31744K)
[52.500s][info][gc             ] GC(125) Pause Young (Allocation Failure) 269M->269M(494M) 439.526ms
[52.500s][info][gc,cpu         ] GC(125) User=0.44s Sys=0.00s Real=0.44s
[52.574s][info][gc,start       ] GC(126) Pause Young (Allocation Failure)
[52.575s][info][gc,start       ] GC(127) Pause Full (Allocation Failure)
[52.576s][info][gc,phases,start] GC(127) Phase 1: Mark live objects
[52.753s][info][gc,phases      ] GC(127) Phase 1: Mark live objects 176.735ms
[52.753s][info][gc,phases,start] GC(127) Phase 2: Compute new object addresses
[52.926s][info][gc,phases      ] GC(127) Phase 2: Compute new object addresses 173.176ms
[52.926s][info][gc,phases,start] GC(127) Phase 3: Adjust pointers
[53.026s][info][gc,phases      ] GC(127) Phase 3: Adjust pointers 100.088ms
[53.026s][info][gc,phases,start] GC(127) Phase 4: Move objects
[53.124s][info][gc,phases      ] GC(127) Phase 4: Move objects 97.204ms
[53.125s][info][gc             ] GC(127) Pause Full (Allocation Failure) 405M->125M(494M) 550.100ms
[53.125s][info][gc,heap        ] GC(126) DefNew: 157248K->0K(157248K)
[53.125s][info][gc,heap        ] GC(126) Tenured: 258108K->128198K(349568K)
[53.125s][info][gc,metaspace   ] GC(126) Metaspace: 14823K->14823K(31744K)
[53.125s][info][gc             ] GC(126) Pause Young (Allocation Failure) 405M->125M(494M) 550.680ms
[53.125s][info][gc,cpu         ] GC(126) User=0.55s Sys=0.00s Real=0.55s
[53.306s][info][gc,start       ] GC(128) Pause Young (Allocation Failure)
[53.734s][info][gc,heap        ] GC(128) DefNew: 139776K->17472K(157248K)
[53.735s][info][gc,heap        ] GC(128) Tenured: 128198K->250211K(349568K)
[53.735s][info][gc,metaspace   ] GC(128) Metaspace: 14823K->14823K(31744K)
[53.735s][info][gc             ] GC(128) Pause Young (Allocation Failure) 261M->261M(494M) 429.020ms
[53.735s][info][gc,cpu         ] GC(128) User=0.42s Sys=0.00s Real=0.43s
[53.792s][info][gc,start       ] GC(129) Pause Young (Allocation Failure)
[53.792s][info][gc,start       ] GC(130) Pause Full (Allocation Failure)
[53.793s][info][gc,phases,start] GC(130) Phase 1: Mark live objects
[53.943s][info][gc,phases      ] GC(130) Phase 1: Mark live objects 149.787ms
[53.943s][info][gc,phases,start] GC(130) Phase 2: Compute new object addresses
[54.125s][info][gc,phases      ] GC(130) Phase 2: Compute new object addresses 182.472ms
[54.125s][info][gc,phases,start] GC(130) Phase 3: Adjust pointers
[54.222s][info][gc,phases      ] GC(130) Phase 3: Adjust pointers 96.359ms
[54.222s][info][gc,phases,start] GC(130) Phase 4: Move objects
[54.321s][info][gc,phases      ] GC(130) Phase 4: Move objects 98.666ms
[54.322s][info][gc             ] GC(130) Pause Full (Allocation Failure) 397M->114M(494M) 529.785ms
[54.322s][info][gc,heap        ] GC(129) DefNew: 157248K->0K(157248K)
[54.322s][info][gc,heap        ] GC(129) Tenured: 250211K->117228K(349568K)
[54.322s][info][gc,metaspace   ] GC(129) Metaspace: 14823K->14823K(31744K)
[54.322s][info][gc             ] GC(129) Pause Young (Allocation Failure) 397M->114M(494M) 530.320ms
[54.322s][info][gc,cpu         ] GC(129) User=0.52s Sys=0.00s Real=0.53s
[54.424s][info][gc,start       ] GC(131) Pause Young (Allocation Failure)
[54.867s][info][gc,heap        ] GC(131) DefNew: 139776K->17472K(157248K)
[54.867s][info][gc,heap        ] GC(131) Tenured: 117228K->239001K(349568K)
[54.867s][info][gc,metaspace   ] GC(131) Metaspace: 14832K->14832K(31744K)
[54.867s][info][gc             ] GC(131) Pause Young (Allocation Failure) 250M->250M(494M) 442.812ms
[54.867s][info][gc,cpu         ] GC(131) User=0.45s Sys=0.00s Real=0.45s
[54.938s][info][gc,start       ] GC(132) Pause Young (Allocation Failure)
[54.938s][info][gc,start       ] GC(133) Pause Full (Allocation Failure)
[54.938s][info][gc,phases,start] GC(133) Phase 1: Mark live objects
[55.066s][info][gc,phases      ] GC(133) Phase 1: Mark live objects 127.908ms
[55.067s][info][gc,phases,start] GC(133) Phase 2: Compute new object addresses
[55.207s][info][gc,phases      ] GC(133) Phase 2: Compute new object addresses 140.469ms
[55.207s][info][gc,phases,start] GC(133) Phase 3: Adjust pointers
[55.275s][info][gc,phases      ] GC(133) Phase 3: Adjust pointers 67.570ms
[55.275s][info][gc,phases,start] GC(133) Phase 4: Move objects
[55.342s][info][gc,phases      ] GC(133) Phase 4: Move objects 66.701ms
[55.343s][info][gc             ] GC(133) Pause Full (Allocation Failure) 386M->101M(494M) 404.843ms
[55.343s][info][gc,heap        ] GC(132) DefNew: 157248K->0K(157248K)
[55.343s][info][gc,heap        ] GC(132) Tenured: 239001K->103425K(349568K)
[55.343s][info][gc,metaspace   ] GC(132) Metaspace: 14833K->14833K(31744K)
[55.343s][info][gc             ] GC(132) Pause Young (Allocation Failure) 386M->101M(494M) 405.245ms
[55.343s][info][gc,cpu         ] GC(132) User=0.39s Sys=0.00s Real=0.40s
[55.402s][info][gc,start       ] GC(134) Pause Young (Allocation Failure)
[55.802s][info][gc,heap        ] GC(134) DefNew: 139776K->17472K(157248K)
[55.802s][info][gc,heap        ] GC(134) Tenured: 103425K->225652K(349568K)
[55.803s][info][gc,metaspace   ] GC(134) Metaspace: 14834K->14834K(31744K)
[55.803s][info][gc             ] GC(134) Pause Young (Allocation Failure) 237M->237M(494M) 400.202ms
[55.803s][info][gc,cpu         ] GC(134) User=0.41s Sys=0.00s Real=0.40s
[55.853s][info][gc,start       ] GC(135) Pause Young (Allocation Failure)
[55.854s][info][gc,start       ] GC(136) Pause Full (Allocation Failure)
[55.854s][info][gc,phases,start] GC(136) Phase 1: Mark live objects
[55.963s][info][gc,phases      ] GC(136) Phase 1: Mark live objects 108.997ms
[55.963s][info][gc,phases,start] GC(136) Phase 2: Compute new object addresses
[56.075s][info][gc,phases      ] GC(136) Phase 2: Compute new object addresses 111.308ms
[56.075s][info][gc,phases,start] GC(136) Phase 3: Adjust pointers
[56.140s][info][gc,phases      ] GC(136) Phase 3: Adjust pointers 65.506ms
[56.140s][info][gc,phases,start] GC(136) Phase 4: Move objects
[56.188s][info][gc,phases      ] GC(136) Phase 4: Move objects 47.361ms
[56.189s][info][gc             ] GC(136) Pause Full (Allocation Failure) 373M->84M(494M) 335.209ms
[56.189s][info][gc,heap        ] GC(135) DefNew: 157248K->0K(157248K)
[56.189s][info][gc,heap        ] GC(135) Tenured: 225652K->86069K(349568K)
[56.189s][info][gc,metaspace   ] GC(135) Metaspace: 14834K->14834K(31744K)
[56.189s][info][gc             ] GC(135) Pause Young (Allocation Failure) 373M->84M(494M) 335.632ms
[56.189s][info][gc,cpu         ] GC(135) User=0.33s Sys=0.00s Real=0.33s
[56.249s][info][gc,start       ] GC(137) Pause Young (Allocation Failure)
[56.641s][info][gc,heap        ] GC(137) DefNew: 139776K->17471K(157248K)
[56.641s][info][gc,heap        ] GC(137) Tenured: 86069K->208141K(349568K)
[56.641s][info][gc,metaspace   ] GC(137) Metaspace: 14834K->14834K(31744K)
[56.641s][info][gc             ] GC(137) Pause Young (Allocation Failure) 220M->220M(494M) 392.152ms
[56.641s][info][gc,cpu         ] GC(137) User=0.39s Sys=0.00s Real=0.39s
[56.700s][info][gc,start       ] GC(138) Pause Young (Allocation Failure)
[56.700s][info][gc,start       ] GC(139) Pause Full (Allocation Failure)
[56.701s][info][gc,phases,start] GC(139) Phase 1: Mark live objects
[56.789s][info][gc,phases      ] GC(139) Phase 1: Mark live objects 87.440ms
[56.789s][info][gc,phases,start] GC(139) Phase 2: Compute new object addresses
[56.889s][info][gc,phases      ] GC(139) Phase 2: Compute new object addresses 99.987ms
[56.889s][info][gc,phases,start] GC(139) Phase 3: Adjust pointers
[56.924s][info][gc,phases      ] GC(139) Phase 3: Adjust pointers 34.958ms
[56.924s][info][gc,phases,start] GC(139) Phase 4: Move objects
[56.965s][info][gc,phases      ] GC(139) Phase 4: Move objects 41.342ms
[56.966s][info][gc             ] GC(139) Pause Full (Allocation Failure) 356M->65M(494M) 266.362ms
[56.966s][info][gc,heap        ] GC(138) DefNew: 157247K->0K(157248K)
[56.966s][info][gc,heap        ] GC(138) Tenured: 208141K->67291K(349568K)
[56.966s][info][gc,metaspace   ] GC(138) Metaspace: 14834K->14834K(31744K)
[56.966s][info][gc             ] GC(138) Pause Young (Allocation Failure) 356M->65M(494M) 266.710ms
[56.967s][info][gc,cpu         ] GC(138) User=0.27s Sys=0.00s Real=0.27s
[57.031s][info][gc,start       ] GC(140) Pause Young (Allocation Failure)
[57.447s][info][gc,heap        ] GC(140) DefNew: 139776K->17472K(157248K)
[57.447s][info][gc,heap        ] GC(140) Tenured: 67291K->189320K(349568K)
[57.447s][info][gc,metaspace   ] GC(140) Metaspace: 14834K->14834K(31744K)
[57.447s][info][gc             ] GC(140) Pause Young (Allocation Failure) 202M->201M(494M) 416.073ms
[57.448s][info][gc,cpu         ] GC(140) User=0.42s Sys=0.00s Real=0.42s
[57.494s][info][gc,start       ] GC(141) Pause Young (Allocation Failure)
[57.847s][info][gc,heap        ] GC(141) DefNew: 117864K->17472K(157248K)
[57.847s][info][gc,heap        ] GC(141) Tenured: 189320K->287597K(349568K)
[57.847s][info][gc,metaspace   ] GC(141) Metaspace: 14834K->14834K(31744K)
[57.847s][info][gc             ] GC(141) Pause Young (Allocation Failure) 299M->297M(494M) 353.025ms
[57.847s][info][gc,cpu         ] GC(141) User=0.34s Sys=0.00s Real=0.35s
[57.905s][info][gc,start       ] GC(142) Pause Young (Allocation Failure)
[57.906s][info][gc,start       ] GC(143) Pause Full (Allocation Failure)
[57.906s][info][gc,phases,start] GC(143) Phase 1: Mark live objects
[58.101s][info][gc,phases      ] GC(143) Phase 1: Mark live objects 194.221ms
[58.101s][info][gc,phases,start] GC(143) Phase 2: Compute new object addresses
[58.286s][info][gc,phases      ] GC(143) Phase 2: Compute new object addresses 184.673ms
[58.286s][info][gc,phases,start] GC(143) Phase 3: Adjust pointers
[58.402s][info][gc,phases      ] GC(143) Phase 3: Adjust pointers 116.520ms
[58.402s][info][gc,phases,start] GC(143) Phase 4: Move objects
[58.507s][info][gc,phases      ] GC(143) Phase 4: Move objects 105.003ms
[58.508s][info][gc             ] GC(143) Pause Full (Allocation Failure) 434M->140M(494M) 602.748ms
[58.508s][info][gc,heap        ] GC(142) DefNew: 157248K->0K(157248K)
[58.509s][info][gc,heap        ] GC(142) Tenured: 287597K->143820K(349568K)
[58.509s][info][gc,metaspace   ] GC(142) Metaspace: 14837K->14837K(31744K)
[58.509s][info][gc             ] GC(142) Pause Young (Allocation Failure) 434M->140M(494M) 603.158ms
[58.509s][info][gc,cpu         ] GC(142) User=0.59s Sys=0.00s Real=0.60s
[58.571s][info][gc,start       ] GC(144) Pause Young (Allocation Failure)
[59.033s][info][gc,heap        ] GC(144) DefNew: 139776K->17472K(157248K)
[59.033s][info][gc,heap        ] GC(144) Tenured: 143820K->265799K(349568K)
[59.033s][info][gc,metaspace   ] GC(144) Metaspace: 14846K->14846K(31744K)
[59.033s][info][gc             ] GC(144) Pause Young (Allocation Failure) 276M->276M(494M) 462.001ms
[59.033s][info][gc,cpu         ] GC(144) User=0.45s Sys=0.00s Real=0.47s
[59.099s][info][gc,start       ] GC(145) Pause Young (Allocation Failure)
[59.099s][info][gc,start       ] GC(146) Pause Full (Allocation Failure)
[59.100s][info][gc,phases,start] GC(146) Phase 1: Mark live objects
[59.286s][info][gc,phases      ] GC(146) Phase 1: Mark live objects 185.390ms
[59.286s][info][gc,phases,start] GC(146) Phase 2: Compute new object addresses
[59.476s][info][gc,phases      ] GC(146) Phase 2: Compute new object addresses 190.491ms
[59.476s][info][gc,phases,start] GC(146) Phase 3: Adjust pointers
[59.561s][info][gc,phases      ] GC(146) Phase 3: Adjust pointers 84.984ms
[59.561s][info][gc,phases,start] GC(146) Phase 4: Move objects
[59.650s][info][gc,phases      ] GC(146) Phase 4: Move objects 88.695ms
[59.651s][info][gc             ] GC(146) Pause Full (Allocation Failure) 413M->116M(494M) 551.772ms
[59.651s][info][gc,heap        ] GC(145) DefNew: 157248K->0K(157248K)
[59.651s][info][gc,heap        ] GC(145) Tenured: 265799K->119285K(349568K)
[59.651s][info][gc,metaspace   ] GC(145) Metaspace: 14853K->14853K(31744K)
[59.651s][info][gc             ] GC(145) Pause Young (Allocation Failure) 413M->116M(494M) 552.193ms
[59.651s][info][gc,cpu         ] GC(145) User=0.55s Sys=0.00s Real=0.54s
[59.718s][info][gc,start       ] GC(147) Pause Young (Allocation Failure)
[60.095s][info][gc,heap        ] GC(147) DefNew: 139776K->17472K(157248K)
[60.095s][info][gc,heap        ] GC(147) Tenured: 119285K->241513K(349568K)
[60.095s][info][gc,metaspace   ] GC(147) Metaspace: 14853K->14853K(31744K)
[60.095s][info][gc             ] GC(147) Pause Young (Allocation Failure) 252M->252M(494M) 377.912ms
[60.096s][info][gc,cpu         ] GC(147) User=0.38s Sys=0.00s Real=0.38s
[60.151s][info][gc,start       ] GC(148) Pause Young (Allocation Failure)
[60.151s][info][gc,start       ] GC(149) Pause Full (Allocation Failure)
[60.152s][info][gc,phases,start] GC(149) Phase 1: Mark live objects
[60.280s][info][gc,phases      ] GC(149) Phase 1: Mark live objects 128.348ms
[60.280s][info][gc,phases,start] GC(149) Phase 2: Compute new object addresses
[60.419s][info][gc,phases      ] GC(149) Phase 2: Compute new object addresses 138.227ms
[60.419s][info][gc,phases,start] GC(149) Phase 3: Adjust pointers
[60.479s][info][gc,phases      ] GC(149) Phase 3: Adjust pointers 60.150ms
[60.479s][info][gc,phases,start] GC(149) Phase 4: Move objects
[60.535s][info][gc,phases      ] GC(149) Phase 4: Move objects 56.328ms
[60.536s][info][gc             ] GC(149) Pause Full (Allocation Failure) 389M->90M(494M) 385.355ms
[60.536s][info][gc,heap        ] GC(148) DefNew: 157248K->0K(157248K)
[60.536s][info][gc,heap        ] GC(148) Tenured: 241513K->92264K(349568K)
[60.536s][info][gc,metaspace   ] GC(148) Metaspace: 14853K->14853K(31744K)
[60.537s][info][gc             ] GC(148) Pause Young (Allocation Failure) 389M->90M(494M) 385.716ms
[60.537s][info][gc,cpu         ] GC(148) User=0.38s Sys=0.00s Real=0.38s
[60.607s][info][gc,start       ] GC(150) Pause Young (Allocation Failure)
[61.038s][info][gc,heap        ] GC(150) DefNew: 139776K->17472K(157248K)
[61.038s][info][gc,heap        ] GC(150) Tenured: 92264K->214492K(349568K)
[61.038s][info][gc,metaspace   ] GC(150) Metaspace: 14853K->14853K(31744K)
[61.038s][info][gc             ] GC(150) Pause Young (Allocation Failure) 226M->226M(494M) 431.546ms
[61.038s][info][gc,cpu         ] GC(150) User=0.44s Sys=0.00s Real=0.42s
[61.180s][info][gc,start       ] GC(151) Pause Young (Allocation Failure)
[61.180s][info][gc,start       ] GC(152) Pause Full (Allocation Failure)
[61.182s][info][gc,phases,start] GC(152) Phase 1: Mark live objects
[61.266s][info][gc,phases      ] GC(152) Phase 1: Mark live objects 84.334ms
[61.266s][info][gc,phases,start] GC(152) Phase 2: Compute new object addresses
[61.391s][info][gc,phases      ] GC(152) Phase 2: Compute new object addresses 124.128ms
[61.391s][info][gc,phases,start] GC(152) Phase 3: Adjust pointers
[61.436s][info][gc,phases      ] GC(152) Phase 3: Adjust pointers 45.507ms
[61.436s][info][gc,phases,start] GC(152) Phase 4: Move objects
[61.473s][info][gc,phases      ] GC(152) Phase 4: Move objects 37.022ms
[61.475s][info][gc             ] GC(152) Pause Full (Allocation Failure) 363M->61M(494M) 294.809ms
[61.475s][info][gc,heap        ] GC(151) DefNew: 157248K->0K(157248K)
[61.475s][info][gc,heap        ] GC(151) Tenured: 214492K->62509K(349568K)
[61.475s][info][gc,metaspace   ] GC(151) Metaspace: 14853K->14853K(31744K)
[61.475s][info][gc             ] GC(151) Pause Young (Allocation Failure) 363M->61M(494M) 295.382ms
[61.475s][info][gc,cpu         ] GC(151) User=0.28s Sys=0.00s Real=0.30s
[61.546s][info][gc,start       ] GC(153) Pause Young (Allocation Failure)
[62.035s][info][gc,heap        ] GC(153) DefNew: 139776K->17472K(157248K)
[62.035s][info][gc,heap        ] GC(153) Tenured: 62509K->184737K(349568K)
[62.035s][info][gc,metaspace   ] GC(153) Metaspace: 14853K->14853K(31744K)
[62.035s][info][gc             ] GC(153) Pause Young (Allocation Failure) 197M->197M(494M) 489.921ms
[62.036s][info][gc,cpu         ] GC(153) User=0.48s Sys=0.00s Real=0.49s
[62.118s][info][gc,start       ] GC(154) Pause Young (Allocation Failure)
[62.530s][info][gc,heap        ] GC(154) DefNew: 132145K->17472K(157248K)
[62.531s][info][gc,heap        ] GC(154) Tenured: 184737K->298679K(349568K)
[62.531s][info][gc,metaspace   ] GC(154) Metaspace: 14853K->14853K(31744K)
[62.531s][info][gc             ] GC(154) Pause Young (Allocation Failure) 309M->308M(494M) 412.686ms
[62.531s][info][gc,cpu         ] GC(154) User=0.42s Sys=0.00s Real=0.42s
[62.624s][info][gc,start       ] GC(155) Pause Young (Allocation Failure)
[62.624s][info][gc,start       ] GC(156) Pause Full (Allocation Failure)
[62.625s][info][gc,phases,start] GC(156) Phase 1: Mark live objects
[62.855s][info][gc,phases      ] GC(156) Phase 1: Mark live objects 229.213ms
[62.855s][info][gc,phases,start] GC(156) Phase 2: Compute new object addresses
[63.061s][info][gc,phases      ] GC(156) Phase 2: Compute new object addresses 205.357ms
[63.061s][info][gc,phases,start] GC(156) Phase 3: Adjust pointers
[63.153s][info][gc,phases      ] GC(156) Phase 3: Adjust pointers 92.647ms
[63.153s][info][gc,phases,start] GC(156) Phase 4: Move objects
[63.262s][info][gc,phases      ] GC(156) Phase 4: Move objects 108.311ms
[63.263s][info][gc             ] GC(156) Pause Full (Allocation Failure) 445M->140M(494M) 638.468ms
[63.263s][info][gc,heap        ] GC(155) DefNew: 157248K->0K(157248K)
[63.263s][info][gc,heap        ] GC(155) Tenured: 298679K->143890K(349568K)
[63.263s][info][gc,metaspace   ] GC(155) Metaspace: 14864K->14864K(31744K)
[63.263s][info][gc             ] GC(155) Pause Young (Allocation Failure) 445M->140M(494M) 639.149ms
[63.263s][info][gc,cpu         ] GC(155) User=0.61s Sys=0.00s Real=0.63s
[63.355s][info][gc,start       ] GC(157) Pause Young (Allocation Failure)
[63.814s][info][gc,heap        ] GC(157) DefNew: 139776K->17472K(157248K)
[63.814s][info][gc,heap        ] GC(157) Tenured: 143890K->265901K(349568K)
[63.814s][info][gc,metaspace   ] GC(157) Metaspace: 14870K->14870K(31744K)
[63.814s][info][gc             ] GC(157) Pause Young (Allocation Failure) 277M->276M(494M) 459.339ms
[63.814s][info][gc,cpu         ] GC(157) User=0.47s Sys=0.00s Real=0.46s
[63.874s][info][gc,start       ] GC(158) Pause Young (Allocation Failure)
[63.875s][info][gc,start       ] GC(159) Pause Full (Allocation Failure)
[63.875s][info][gc,phases,start] GC(159) Phase 1: Mark live objects
[64.019s][info][gc,phases      ] GC(159) Phase 1: Mark live objects 143.391ms
[64.019s][info][gc,phases,start] GC(159) Phase 2: Compute new object addresses
[64.181s][info][gc,phases      ] GC(159) Phase 2: Compute new object addresses 162.251ms
[64.181s][info][gc,phases,start] GC(159) Phase 3: Adjust pointers
[64.254s][info][gc,phases      ] GC(159) Phase 3: Adjust pointers 72.718ms
[64.254s][info][gc,phases,start] GC(159) Phase 4: Move objects
[64.323s][info][gc,phases      ] GC(159) Phase 4: Move objects 68.897ms
[64.324s][info][gc             ] GC(159) Pause Full (Allocation Failure) 413M->106M(494M) 449.338ms
[64.324s][info][gc,heap        ] GC(158) DefNew: 157248K->0K(157248K)
[64.324s][info][gc,heap        ] GC(158) Tenured: 265901K->108649K(349568K)
[64.324s][info][gc,metaspace   ] GC(158) Metaspace: 14870K->14870K(31744K)
[64.324s][info][gc             ] GC(158) Pause Young (Allocation Failure) 413M->106M(494M) 449.697ms
[64.324s][info][gc,cpu         ] GC(158) User=0.44s Sys=0.00s Real=0.45s
[64.428s][info][gc,start       ] GC(160) Pause Young (Allocation Failure)
[64.891s][info][gc,heap        ] GC(160) DefNew: 139776K->17472K(157248K)
[64.891s][info][gc,heap        ] GC(160) Tenured: 108649K->230677K(349568K)
[64.891s][info][gc,metaspace   ] GC(160) Metaspace: 14870K->14870K(31744K)
[64.891s][info][gc             ] GC(160) Pause Young (Allocation Failure) 242M->242M(494M) 462.588ms
[64.891s][info][gc,cpu         ] GC(160) User=0.45s Sys=0.00s Real=0.45s
[64.964s][info][gc,start       ] GC(161) Pause Young (Allocation Failure)
[64.964s][info][gc,start       ] GC(162) Pause Full (Allocation Failure)
[64.965s][info][gc,phases,start] GC(162) Phase 1: Mark live objects
[65.060s][info][gc,phases      ] GC(162) Phase 1: Mark live objects 95.138ms
[65.060s][info][gc,phases,start] GC(162) Phase 2: Compute new object addresses
[65.204s][info][gc,phases      ] GC(162) Phase 2: Compute new object addresses 143.576ms
[65.204s][info][gc,phases,start] GC(162) Phase 3: Adjust pointers
[65.257s][info][gc,phases      ] GC(162) Phase 3: Adjust pointers 53.305ms
[65.257s][info][gc,phases,start] GC(162) Phase 4: Move objects
[65.295s][info][gc,phases      ] GC(162) Phase 4: Move objects 38.158ms
[65.297s][info][gc             ] GC(162) Pause Full (Allocation Failure) 378M->68M(494M) 332.401ms
[65.297s][info][gc,heap        ] GC(161) DefNew: 157248K->0K(157248K)
[65.297s][info][gc,heap        ] GC(161) Tenured: 230677K->70495K(349568K)
[65.297s][info][gc,metaspace   ] GC(161) Metaspace: 14871K->14871K(31744K)
[65.297s][info][gc             ] GC(161) Pause Young (Allocation Failure) 378M->68M(494M) 332.766ms
[65.297s][info][gc,cpu         ] GC(161) User=0.31s Sys=0.00s Real=0.32s
[65.396s][info][gc,start       ] GC(163) Pause Young (Allocation Failure)
[65.801s][info][gc,heap        ] GC(163) DefNew: 139776K->17472K(157248K)
[65.801s][info][gc,heap        ] GC(163) Tenured: 70495K->192722K(349568K)
[65.801s][info][gc,metaspace   ] GC(163) Metaspace: 14872K->14872K(31744K)
[65.801s][info][gc             ] GC(163) Pause Young (Allocation Failure) 205M->205M(494M) 405.132ms
[65.801s][info][gc,cpu         ] GC(163) User=0.41s Sys=0.00s Real=0.41s
[65.857s][info][gc,start       ] GC(164) Pause Young (Allocation Failure)
[66.272s][info][gc,heap        ] GC(164) DefNew: 131896K->17472K(157248K)
[66.272s][info][gc,heap        ] GC(164) Tenured: 192722K->306993K(349568K)
[66.272s][info][gc,metaspace   ] GC(164) Metaspace: 14873K->14873K(31744K)
[66.272s][info][gc             ] GC(164) Pause Young (Allocation Failure) 317M->316M(494M) 415.104ms
[66.272s][info][gc,cpu         ] GC(164) User=0.42s Sys=0.00s Real=0.42s
[66.374s][info][gc,start       ] GC(165) Pause Young (Allocation Failure)
[66.374s][info][gc,start       ] GC(166) Pause Full (Allocation Failure)
[66.377s][info][gc,phases,start] GC(166) Phase 1: Mark live objects
[66.633s][info][gc,phases      ] GC(166) Phase 1: Mark live objects 255.639ms
[66.633s][info][gc,phases,start] GC(166) Phase 2: Compute new object addresses
[66.856s][info][gc,phases      ] GC(166) Phase 2: Compute new object addresses 223.717ms
[66.857s][info][gc,phases,start] GC(166) Phase 3: Adjust pointers
[66.969s][info][gc,phases      ] GC(166) Phase 3: Adjust pointers 112.882ms
[66.970s][info][gc,phases,start] GC(166) Phase 4: Move objects
[67.090s][info][gc,phases      ] GC(166) Phase 4: Move objects 120.006ms
[67.091s][info][gc             ] GC(166) Pause Full (Allocation Failure) 453M->140M(494M) 716.809ms
[67.091s][info][gc,heap        ] GC(165) DefNew: 157248K->0K(157248K)
[67.091s][info][gc,heap        ] GC(165) Tenured: 306993K->143781K(349568K)
[67.091s][info][gc,metaspace   ] GC(165) Metaspace: 14888K->14888K(31744K)
[67.091s][info][gc             ] GC(165) Pause Young (Allocation Failure) 453M->140M(494M) 717.378ms
[67.091s][info][gc,cpu         ] GC(165) User=0.75s Sys=0.02s Real=0.72s
[67.180s][info][gc,start       ] GC(167) Pause Young (Allocation Failure)
[67.648s][info][gc,heap        ] GC(167) DefNew: 139776K->17472K(157248K)
[67.648s][info][gc,heap        ] GC(167) Tenured: 143781K->265809K(349568K)
[67.648s][info][gc,metaspace   ] GC(167) Metaspace: 14891K->14891K(31744K)
[67.649s][info][gc             ] GC(167) Pause Young (Allocation Failure) 276M->276M(494M) 469.024ms
[67.649s][info][gc,cpu         ] GC(167) User=0.73s Sys=0.03s Real=0.46s
[67.716s][info][gc,start       ] GC(168) Pause Young (Allocation Failure)
[67.716s][info][gc,start       ] GC(169) Pause Full (Allocation Failure)
[67.717s][info][gc,phases,start] GC(169) Phase 1: Mark live objects
[67.873s][info][gc,phases      ] GC(169) Phase 1: Mark live objects 156.519ms
[67.873s][info][gc,phases,start] GC(169) Phase 2: Compute new object addresses
[68.029s][info][gc,phases      ] GC(169) Phase 2: Compute new object addresses 156.126ms
[68.030s][info][gc,phases,start] GC(169) Phase 3: Adjust pointers
[68.091s][info][gc,phases      ] GC(169) Phase 3: Adjust pointers 61.806ms
[68.092s][info][gc,phases,start] GC(169) Phase 4: Move objects
[68.152s][info][gc,phases      ] GC(169) Phase 4: Move objects 60.225ms
[68.153s][info][gc             ] GC(169) Pause Full (Allocation Failure) 413M->98M(494M) 436.858ms
[68.153s][info][gc,heap        ] GC(168) DefNew: 157248K->0K(157248K)
[68.153s][info][gc,heap        ] GC(168) Tenured: 265809K->100354K(349568K)
[68.153s][info][gc,metaspace   ] GC(168) Metaspace: 14891K->14891K(31744K)
[68.153s][info][gc             ] GC(168) Pause Young (Allocation Failure) 413M->98M(494M) 437.360ms
[68.154s][info][gc,cpu         ] GC(168) User=0.45s Sys=0.00s Real=0.45s
[68.218s][info][gc,start       ] GC(170) Pause Young (Allocation Failure)
[68.608s][info][gc,heap        ] GC(170) DefNew: 139776K->17472K(157248K)
[68.609s][info][gc,heap        ] GC(170) Tenured: 100354K->222382K(349568K)
[68.609s][info][gc,metaspace   ] GC(170) Metaspace: 14892K->14892K(31744K)
[68.609s][info][gc             ] GC(170) Pause Young (Allocation Failure) 234M->234M(494M) 391.183ms
[68.609s][info][gc,cpu         ] GC(170) User=0.38s Sys=0.00s Real=0.38s
[68.664s][info][gc,start       ] GC(171) Pause Young (Allocation Failure)
[68.665s][info][gc,start       ] GC(172) Pause Full (Allocation Failure)
[68.665s][info][gc,phases,start] GC(172) Phase 1: Mark live objects
[68.745s][info][gc,phases      ] GC(172) Phase 1: Mark live objects 80.055ms
[68.745s][info][gc,phases,start] GC(172) Phase 2: Compute new object addresses
[68.883s][info][gc,phases      ] GC(172) Phase 2: Compute new object addresses 137.561ms
[68.883s][info][gc,phases,start] GC(172) Phase 3: Adjust pointers
[68.909s][info][gc,phases      ] GC(172) Phase 3: Adjust pointers 25.478ms
[68.909s][info][gc,phases,start] GC(172) Phase 4: Move objects
[68.938s][info][gc,phases      ] GC(172) Phase 4: Move objects 28.893ms
[68.939s][info][gc             ] GC(172) Pause Full (Allocation Failure) 370M->52M(494M) 274.067ms
[68.939s][info][gc,heap        ] GC(171) DefNew: 157248K->0K(157248K)
[68.939s][info][gc,heap        ] GC(171) Tenured: 222382K->54193K(349568K)
[68.939s][info][gc,metaspace   ] GC(171) Metaspace: 14892K->14892K(31744K)
[68.939s][info][gc             ] GC(171) Pause Young (Allocation Failure) 370M->52M(494M) 274.453ms
[68.939s][info][gc,cpu         ] GC(171) User=0.27s Sys=0.00s Real=0.27s
[69.005s][info][gc,start       ] GC(173) Pause Young (Allocation Failure)
[69.432s][info][gc,heap        ] GC(173) DefNew: 139776K->17472K(157248K)
[69.432s][info][gc,heap        ] GC(173) Tenured: 54193K->176223K(349568K)
[69.432s][info][gc,metaspace   ] GC(173) Metaspace: 14895K->14895K(31744K)
[69.432s][info][gc             ] GC(173) Pause Young (Allocation Failure) 189M->189M(494M) 427.695ms
[69.432s][info][gc,cpu         ] GC(173) User=0.42s Sys=0.00s Real=0.42s
[69.503s][info][gc,start       ] GC(174) Pause Young (Allocation Failure)
[70.043s][info][gc,heap        ] GC(174) DefNew: 156999K->17472K(157248K)
[70.043s][info][gc,heap        ] GC(174) Tenured: 176223K->315314K(349568K)
[70.043s][info][gc,metaspace   ] GC(174) Metaspace: 14895K->14895K(31744K)
[70.043s][info][gc             ] GC(174) Pause Young (Allocation Failure) 325M->324M(494M) 540.240ms
[70.043s][info][gc,cpu         ] GC(174) User=0.53s Sys=0.00s Real=0.53s
[70.105s][info][gc,start       ] GC(175) Pause Young (Allocation Failure)
[70.105s][info][gc,start       ] GC(176) Pause Full (Allocation Failure)
[70.106s][info][gc,phases,start] GC(176) Phase 1: Mark live objects
[70.304s][info][gc,phases      ] GC(176) Phase 1: Mark live objects 197.919ms
[70.304s][info][gc,phases,start] GC(176) Phase 2: Compute new object addresses
[70.494s][info][gc,phases      ] GC(176) Phase 2: Compute new object addresses 189.939ms
[70.494s][info][gc,phases,start] GC(176) Phase 3: Adjust pointers
[70.587s][info][gc,phases      ] GC(176) Phase 3: Adjust pointers 92.747ms
[70.587s][info][gc,phases,start] GC(176) Phase 4: Move objects
[70.676s][info][gc,phases      ] GC(176) Phase 4: Move objects 88.791ms
[70.677s][info][gc             ] GC(176) Pause Full (Allocation Failure) 461M->140M(494M) 571.510ms
[70.677s][info][gc,heap        ] GC(175) DefNew: 157248K->0K(157248K)
[70.677s][info][gc,heap        ] GC(175) Tenured: 315314K->144193K(349568K)
[70.677s][info][gc,metaspace   ] GC(175) Metaspace: 14895K->14895K(31744K)
[70.677s][info][gc             ] GC(175) Pause Young (Allocation Failure) 461M->140M(494M) 571.898ms
[70.677s][info][gc,cpu         ] GC(175) User=0.58s Sys=0.00s Real=0.58s
[70.741s][info][gc,start       ] GC(177) Pause Young (Allocation Failure)
[71.206s][info][gc,heap        ] GC(177) DefNew: 139776K->17472K(157248K)
[71.206s][info][gc,heap        ] GC(177) Tenured: 144193K->266107K(349568K)
[71.206s][info][gc,metaspace   ] GC(177) Metaspace: 14915K->14915K(31744K)
[71.206s][info][gc             ] GC(177) Pause Young (Allocation Failure) 277M->276M(494M) 465.226ms
[71.206s][info][gc,cpu         ] GC(177) User=0.47s Sys=0.00s Real=0.46s
[71.269s][info][gc,start       ] GC(178) Pause Young (Allocation Failure)
[71.269s][info][gc,start       ] GC(179) Pause Full (Allocation Failure)
[71.270s][info][gc,phases,start] GC(179) Phase 1: Mark live objects
[71.412s][info][gc,phases      ] GC(179) Phase 1: Mark live objects 142.338ms
[71.412s][info][gc,phases,start] GC(179) Phase 2: Compute new object addresses
[71.576s][info][gc,phases      ] GC(179) Phase 2: Compute new object addresses 163.944ms
[71.576s][info][gc,phases,start] GC(179) Phase 3: Adjust pointers
[71.634s][info][gc,phases      ] GC(179) Phase 3: Adjust pointers 57.344ms
[71.634s][info][gc,phases,start] GC(179) Phase 4: Move objects
[71.691s][info][gc,phases      ] GC(179) Phase 4: Move objects 56.978ms
[71.692s][info][gc             ] GC(179) Pause Full (Allocation Failure) 413M->90M(494M) 423.349ms
[71.692s][info][gc,heap        ] GC(178) DefNew: 157248K->0K(157248K)
[71.692s][info][gc,heap        ] GC(178) Tenured: 266107K->92249K(349568K)
[71.693s][info][gc,metaspace   ] GC(178) Metaspace: 14915K->14915K(31744K)
[71.693s][info][gc             ] GC(178) Pause Young (Allocation Failure) 413M->90M(494M) 423.797ms
[71.693s][info][gc,cpu         ] GC(178) User=0.44s Sys=0.02s Real=0.44s
[71.778s][info][gc,start       ] GC(180) Pause Young (Allocation Failure)
[72.214s][info][gc,heap        ] GC(180) DefNew: 139776K->17472K(157248K)
[72.214s][info][gc,heap        ] GC(180) Tenured: 92249K->214476K(349568K)
[72.214s][info][gc,metaspace   ] GC(180) Metaspace: 14915K->14915K(31744K)
[72.214s][info][gc             ] GC(180) Pause Young (Allocation Failure) 226M->226M(494M) 436.735ms
[72.214s][info][gc,cpu         ] GC(180) User=0.45s Sys=0.00s Real=0.45s
[72.270s][info][gc,start       ] GC(181) Pause Young (Allocation Failure)
[72.628s][info][gc,heap        ] GC(181) DefNew: 126438K->17472K(157248K)
[72.628s][info][gc,heap        ] GC(181) Tenured: 214476K->320866K(349568K)
[72.628s][info][gc,metaspace   ] GC(181) Metaspace: 14915K->14915K(31744K)
[72.628s][info][gc             ] GC(181) Pause Young (Allocation Failure) 332M->330M(494M) 357.585ms
[72.628s][info][gc,cpu         ] GC(181) User=0.34s Sys=0.00s Real=0.34s
[72.679s][info][gc,start       ] GC(182) Pause Young (Allocation Failure)
[72.679s][info][gc,start       ] GC(183) Pause Full (Allocation Failure)
[72.680s][info][gc,phases,start] GC(183) Phase 1: Mark live objects
[72.889s][info][gc,phases      ] GC(183) Phase 1: Mark live objects 208.996ms
[72.889s][info][gc,phases,start] GC(183) Phase 2: Compute new object addresses
[73.073s][info][gc,phases      ] GC(183) Phase 2: Compute new object addresses 183.944ms
[73.073s][info][gc,phases,start] GC(183) Phase 3: Adjust pointers
[73.182s][info][gc,phases      ] GC(183) Phase 3: Adjust pointers 109.038ms
[73.183s][info][gc,phases,start] GC(183) Phase 4: Move objects
[73.276s][info][gc,phases      ] GC(183) Phase 4: Move objects 93.214ms
[73.277s][info][gc             ] GC(183) Pause Full (Allocation Failure) 466M->141M(494M) 597.738ms
[73.277s][info][gc,heap        ] GC(182) DefNew: 157248K->0K(157248K)
[73.277s][info][gc,heap        ] GC(182) Tenured: 320866K->144474K(349568K)
[73.277s][info][gc,metaspace   ] GC(182) Metaspace: 14915K->14915K(31744K)
[73.277s][info][gc             ] GC(182) Pause Young (Allocation Failure) 466M->141M(494M) 598.138ms
[73.277s][info][gc,cpu         ] GC(182) User=0.59s Sys=0.00s Real=0.60s
[73.340s][info][gc,start       ] GC(184) Pause Young (Allocation Failure)
[73.722s][info][gc,heap        ] GC(184) DefNew: 139776K->17472K(157248K)
[73.722s][info][gc,heap        ] GC(184) Tenured: 144474K->266487K(349568K)
[73.722s][info][gc,metaspace   ] GC(184) Metaspace: 14917K->14917K(31744K)
[73.722s][info][gc             ] GC(184) Pause Young (Allocation Failure) 277M->277M(494M) 381.885ms
[73.722s][info][gc,cpu         ] GC(184) User=0.38s Sys=0.00s Real=0.38s
[73.778s][info][gc,start       ] GC(185) Pause Young (Allocation Failure)
[73.778s][info][gc,start       ] GC(186) Pause Full (Allocation Failure)
[73.779s][info][gc,phases,start] GC(186) Phase 1: Mark live objects
[73.899s][info][gc,phases      ] GC(186) Phase 1: Mark live objects 120.661ms
[73.899s][info][gc,phases,start] GC(186) Phase 2: Compute new object addresses
[74.036s][info][gc,phases      ] GC(186) Phase 2: Compute new object addresses 137.024ms
[74.037s][info][gc,phases,start] GC(186) Phase 3: Adjust pointers
[74.090s][info][gc,phases      ] GC(186) Phase 3: Adjust pointers 52.935ms
[74.090s][info][gc,phases,start] GC(186) Phase 4: Move objects
[74.144s][info][gc,phases      ] GC(186) Phase 4: Move objects 53.868ms
[74.145s][info][gc             ] GC(186) Pause Full (Allocation Failure) 413M->85M(494M) 367.065ms
[74.145s][info][gc,heap        ] GC(185) DefNew: 157248K->0K(157248K)
[74.145s][info][gc,heap        ] GC(185) Tenured: 266487K->87361K(349568K)
[74.145s][info][gc,metaspace   ] GC(185) Metaspace: 14917K->14917K(31744K)
[74.145s][info][gc             ] GC(185) Pause Young (Allocation Failure) 413M->85M(494M) 367.469ms
[74.145s][info][gc,cpu         ] GC(185) User=0.36s Sys=0.00s Real=0.38s
[74.227s][info][gc,start       ] GC(187) Pause Young (Allocation Failure)
[74.631s][info][gc,heap        ] GC(187) DefNew: 139776K->17472K(157248K)
[74.631s][info][gc,heap        ] GC(187) Tenured: 87361K->209389K(349568K)
[74.631s][info][gc,metaspace   ] GC(187) Metaspace: 14917K->14917K(31744K)
[74.631s][info][gc             ] GC(187) Pause Young (Allocation Failure) 221M->221M(494M) 403.483ms
[74.631s][info][gc,cpu         ] GC(187) User=0.39s Sys=0.00s Real=0.40s
[74.702s][info][gc,start       ] GC(188) Pause Young (Allocation Failure)
[75.103s][info][gc,heap        ] GC(188) DefNew: 137633K->17471K(157248K)
[75.103s][info][gc,heap        ] GC(188) Tenured: 209389K->326418K(349568K)
[75.103s][info][gc,metaspace   ] GC(188) Metaspace: 14934K->14934K(31744K)
[75.103s][info][gc             ] GC(188) Pause Young (Allocation Failure) 338M->335M(494M) 401.178ms
[75.103s][info][gc,cpu         ] GC(188) User=0.41s Sys=0.00s Real=0.40s
[75.170s][info][gc,start       ] GC(189) Pause Young (Allocation Failure)
[75.171s][info][gc,start       ] GC(190) Pause Full (Allocation Failure)
[75.172s][info][gc,phases,start] GC(190) Phase 1: Mark live objects
[75.366s][info][gc,phases      ] GC(190) Phase 1: Mark live objects 194.030ms
[75.366s][info][gc,phases,start] GC(190) Phase 2: Compute new object addresses
[75.582s][info][gc,phases      ] GC(190) Phase 2: Compute new object addresses 216.192ms
[75.582s][info][gc,phases,start] GC(190) Phase 3: Adjust pointers
[75.678s][info][gc,phases      ] GC(190) Phase 3: Adjust pointers 96.215ms
[75.678s][info][gc,phases,start] GC(190) Phase 4: Move objects
[75.777s][info][gc,phases      ] GC(190) Phase 4: Move objects 98.317ms
[75.778s][info][gc             ] GC(190) Pause Full (Allocation Failure) 472M->140M(494M) 607.446ms
[75.778s][info][gc,heap        ] GC(189) DefNew: 157247K->0K(157248K)
[75.778s][info][gc,heap        ] GC(189) Tenured: 326418K->144358K(349568K)
[75.778s][info][gc,metaspace   ] GC(189) Metaspace: 14934K->14934K(31744K)
[75.778s][info][gc             ] GC(189) Pause Young (Allocation Failure) 472M->140M(494M) 607.943ms
[75.778s][info][gc,cpu         ] GC(189) User=0.59s Sys=0.00s Real=0.60s
[75.837s][info][gc,start       ] GC(191) Pause Young (Allocation Failure)
[76.229s][info][gc,heap        ] GC(191) DefNew: 139776K->17472K(157248K)
[76.229s][info][gc,heap        ] GC(191) Tenured: 144358K->266585K(349568K)
[76.229s][info][gc,metaspace   ] GC(191) Metaspace: 14934K->14934K(31744K)
[76.229s][info][gc             ] GC(191) Pause Young (Allocation Failure) 277M->277M(494M) 391.567ms
[76.229s][info][gc,cpu         ] GC(191) User=0.41s Sys=0.00s Real=0.40s
[76.300s][info][gc,start       ] GC(192) Pause Young (Allocation Failure)
[76.300s][info][gc,start       ] GC(193) Pause Full (Allocation Failure)
[76.301s][info][gc,phases,start] GC(193) Phase 1: Mark live objects
[76.430s][info][gc,phases      ] GC(193) Phase 1: Mark live objects 129.814ms
[76.431s][info][gc,phases,start] GC(193) Phase 2: Compute new object addresses
[76.586s][info][gc,phases      ] GC(193) Phase 2: Compute new object addresses 155.855ms
[76.587s][info][gc,phases,start] GC(193) Phase 3: Adjust pointers
[76.631s][info][gc,phases      ] GC(193) Phase 3: Adjust pointers 44.901ms
[76.632s][info][gc,phases,start] GC(193) Phase 4: Move objects
[76.675s][info][gc,phases      ] GC(193) Phase 4: Move objects 43.431ms
[76.676s][info][gc             ] GC(193) Pause Full (Allocation Failure) 413M->79M(494M) 375.912ms
[76.676s][info][gc,heap        ] GC(192) DefNew: 157248K->0K(157248K)
[76.676s][info][gc,heap        ] GC(192) Tenured: 266585K->81791K(349568K)
[76.676s][info][gc,metaspace   ] GC(192) Metaspace: 14934K->14934K(31744K)
[76.676s][info][gc             ] GC(192) Pause Young (Allocation Failure) 413M->79M(494M) 376.322ms
[76.676s][info][gc,cpu         ] GC(192) User=0.39s Sys=0.00s Real=0.39s
[76.756s][info][gc,start       ] GC(194) Pause Young (Allocation Failure)
[77.259s][info][gc,heap        ] GC(194) DefNew: 139776K->17472K(157248K)
[77.259s][info][gc,heap        ] GC(194) Tenured: 81791K->204019K(349568K)
[77.260s][info][gc,metaspace   ] GC(194) Metaspace: 14934K->14934K(31744K)
[77.260s][info][gc             ] GC(194) Pause Young (Allocation Failure) 216M->216M(494M) 503.973ms
[77.260s][info][gc,cpu         ] GC(194) User=0.50s Sys=0.00s Real=0.51s
[77.331s][info][gc,start       ] GC(195) Pause Young (Allocation Failure)
[77.331s][info][gc,start       ] GC(196) Pause Full (Allocation Failure)
[77.332s][info][gc,phases,start] GC(196) Phase 1: Mark live objects
[77.352s][info][gc,phases      ] GC(196) Phase 1: Mark live objects 19.584ms
[77.352s][info][gc,phases,start] GC(196) Phase 2: Compute new object addresses
[77.461s][info][gc,phases      ] GC(196) Phase 2: Compute new object addresses 108.789ms
[77.461s][info][gc,phases,start] GC(196) Phase 3: Adjust pointers
[77.469s][info][gc,phases      ] GC(196) Phase 3: Adjust pointers 8.407ms
[77.469s][info][gc,phases,start] GC(196) Phase 4: Move objects
[77.471s][info][gc,phases      ] GC(196) Phase 4: Move objects 1.191ms
[77.471s][info][gc             ] GC(196) Pause Full (Allocation Failure) 341M->4M(494M) 140.214ms
[77.471s][info][gc,heap        ] GC(195) DefNew: 145915K->0K(157248K)
[77.471s][info][gc,heap        ] GC(195) Tenured: 204019K->4903K(349568K)
[77.471s][info][gc,metaspace   ] GC(195) Metaspace: 14934K->14934K(31744K)
[77.471s][info][gc             ] GC(195) Pause Young (Allocation Failure) 341M->4M(494M) 140.611ms
[77.471s][info][gc,cpu         ] GC(195) User=0.14s Sys=0.00s Real=0.14s
[77.526s][info][gc,start       ] GC(197) Pause Young (Allocation Failure)
[77.838s][info][gc,heap        ] GC(197) DefNew: 139776K->17471K(157248K)
[77.838s][info][gc,heap        ] GC(197) Tenured: 4903K->127145K(349568K)
[77.838s][info][gc,metaspace   ] GC(197) Metaspace: 14934K->14934K(31744K)
[77.838s][info][gc             ] GC(197) Pause Young (Allocation Failure) 141M->141M(494M) 312.467ms
[77.838s][info][gc,cpu         ] GC(197) User=0.31s Sys=0.00s Real=0.31s
[77.913s][info][gc,start       ] GC(198) Pause Young (Allocation Failure)
[78.359s][info][gc,heap        ] GC(198) DefNew: 157247K->17472K(157248K)
[78.359s][info][gc,heap        ] GC(198) Tenured: 127145K->266861K(349568K)
[78.359s][info][gc,metaspace   ] GC(198) Metaspace: 14934K->14934K(31744K)
[78.359s][info][gc             ] GC(198) Pause Young (Allocation Failure) 277M->277M(494M) 446.045ms
[78.359s][info][gc,cpu         ] GC(198) User=0.44s Sys=0.00s Real=0.45s
[78.441s][info][gc,start       ] GC(199) Pause Young (Allocation Failure)
[78.441s][info][gc,start       ] GC(200) Pause Full (Allocation Failure)
[78.442s][info][gc,phases,start] GC(200) Phase 1: Mark live objects
[78.545s][info][gc,phases      ] GC(200) Phase 1: Mark live objects 103.421ms
[78.545s][info][gc,phases,start] GC(200) Phase 2: Compute new object addresses
[78.694s][info][gc,phases      ] GC(200) Phase 2: Compute new object addresses 148.361ms
[78.694s][info][gc,phases,start] GC(200) Phase 3: Adjust pointers
[78.738s][info][gc,phases      ] GC(200) Phase 3: Adjust pointers 43.737ms
[78.738s][info][gc,phases,start] GC(200) Phase 4: Move objects
[78.776s][info][gc,phases      ] GC(200) Phase 4: Move objects 38.396ms
[78.777s][info][gc             ] GC(200) Pause Full (Allocation Failure) 414M->74M(494M) 335.975ms
[78.777s][info][gc,heap        ] GC(199) DefNew: 157248K->0K(157248K)
[78.777s][info][gc,heap        ] GC(199) Tenured: 266861K->76578K(349568K)
[78.777s][info][gc,metaspace   ] GC(199) Metaspace: 14934K->14934K(31744K)
[78.777s][info][gc             ] GC(199) Pause Young (Allocation Failure) 414M->74M(494M) 336.346ms
[78.777s][info][gc,cpu         ] GC(199) User=0.34s Sys=0.00s Real=0.33s
[78.858s][info][gc,start       ] GC(201) Pause Young (Allocation Failure)
[79.299s][info][gc,heap        ] GC(201) DefNew: 139776K->17472K(157248K)
[79.300s][info][gc,heap        ] GC(201) Tenured: 76578K->198465K(349568K)
[79.300s][info][gc,metaspace   ] GC(201) Metaspace: 14957K->14957K(31744K)
[79.300s][info][gc             ] GC(201) Pause Young (Allocation Failure) 211M->210M(494M) 441.687ms
[79.300s][info][gc,cpu         ] GC(201) User=0.45s Sys=0.00s Real=0.45s
[79.395s][info][gc,start       ] GC(202) Pause Young (Allocation Failure)
[79.396s][info][gc,start       ] GC(203) Pause Full (Allocation Failure)
[79.396s][info][gc,phases,start] GC(203) Phase 1: Mark live objects
[79.421s][info][gc,phases      ] GC(203) Phase 1: Mark live objects 24.767ms
[79.421s][info][gc,phases,start] GC(203) Phase 2: Compute new object addresses
[79.535s][info][gc,phases      ] GC(203) Phase 2: Compute new object addresses 113.661ms
[79.535s][info][gc,phases,start] GC(203) Phase 3: Adjust pointers
[79.545s][info][gc,phases      ] GC(203) Phase 3: Adjust pointers 9.387ms
[79.545s][info][gc,phases,start] GC(203) Phase 4: Move objects
[79.545s][info][gc,phases      ] GC(203) Phase 4: Move objects 0.078ms
[79.545s][info][gc             ] GC(203) Pause Full (Allocation Failure) 347M->4M(494M) 149.583ms
[79.545s][info][gc,heap        ] GC(202) DefNew: 156986K->0K(157248K)
[79.545s][info][gc,heap        ] GC(202) Tenured: 198465K->5004K(349568K)
[79.545s][info][gc,metaspace   ] GC(202) Metaspace: 14957K->14957K(31744K)
[79.546s][info][gc             ] GC(202) Pause Young (Allocation Failure) 347M->4M(494M) 150.028ms
[79.546s][info][gc,cpu         ] GC(202) User=0.14s Sys=0.00s Real=0.14s
[79.606s][info][gc,start       ] GC(204) Pause Young (Allocation Failure)
[80.088s][info][gc,heap        ] GC(204) DefNew: 139776K->17471K(157248K)
[80.088s][info][gc,heap        ] GC(204) Tenured: 5004K->127245K(349568K)
[80.088s][info][gc,metaspace   ] GC(204) Metaspace: 14957K->14957K(31744K)
[80.088s][info][gc             ] GC(204) Pause Young (Allocation Failure) 141M->141M(494M) 482.238ms
[80.088s][info][gc,cpu         ] GC(204) User=0.47s Sys=0.00s Real=0.48s
[80.182s][info][gc,start       ] GC(205) Pause Young (Allocation Failure)
[80.706s][info][gc,heap        ] GC(205) DefNew: 157247K->17472K(157248K)
[80.707s][info][gc,heap        ] GC(205) Tenured: 127245K->266763K(349568K)
[80.707s][info][gc,metaspace   ] GC(205) Metaspace: 14957K->14957K(31744K)
[80.707s][info][gc             ] GC(205) Pause Young (Allocation Failure) 277M->277M(494M) 524.214ms
[80.707s][info][gc,cpu         ] GC(205) User=0.52s Sys=0.00s Real=0.54s
[80.760s][info][gc,start       ] GC(206) Pause Young (Allocation Failure)
[80.760s][info][gc,start       ] GC(207) Pause Full (Allocation Failure)
[80.760s][info][gc,phases,start] GC(207) Phase 1: Mark live objects
[80.855s][info][gc,phases      ] GC(207) Phase 1: Mark live objects 94.184ms
[80.855s][info][gc,phases,start] GC(207) Phase 2: Compute new object addresses
[80.977s][info][gc,phases      ] GC(207) Phase 2: Compute new object addresses 121.977ms
[80.977s][info][gc,phases,start] GC(207) Phase 3: Adjust pointers
[81.010s][info][gc,phases      ] GC(207) Phase 3: Adjust pointers 33.406ms
[81.010s][info][gc,phases,start] GC(207) Phase 4: Move objects
[81.044s][info][gc,phases      ] GC(207) Phase 4: Move objects 33.587ms
[81.045s][info][gc             ] GC(207) Pause Full (Allocation Failure) 414M->69M(494M) 285.550ms
[81.045s][info][gc,heap        ] GC(206) DefNew: 157248K->0K(157248K)
[81.045s][info][gc,heap        ] GC(206) Tenured: 266763K->71232K(349568K)
[81.045s][info][gc,metaspace   ] GC(206) Metaspace: 14957K->14957K(31744K)
[81.045s][info][gc             ] GC(206) Pause Young (Allocation Failure) 414M->69M(494M) 285.905ms
[81.045s][info][gc,cpu         ] GC(206) User=0.28s Sys=0.00s Real=0.28s
[81.133s][info][gc,start       ] GC(208) Pause Young (Allocation Failure)
[81.551s][info][gc,heap        ] GC(208) DefNew: 139776K->17471K(157248K)
[81.551s][info][gc,heap        ] GC(208) Tenured: 71232K->193024K(349568K)
[81.551s][info][gc,metaspace   ] GC(208) Metaspace: 14957K->14957K(31744K)
[81.551s][info][gc             ] GC(208) Pause Young (Allocation Failure) 206M->205M(494M) 417.949ms
[81.552s][info][gc,cpu         ] GC(208) User=0.41s Sys=0.00s Real=0.42s
[81.642s][info][gc,start       ] GC(209) Pause Young (Allocation Failure)
[81.642s][info][gc,start       ] GC(210) Pause Full (Allocation Failure)
[81.643s][info][gc,phases,start] GC(210) Phase 1: Mark live objects
[82.126s][info][gc,phases      ] GC(210) Phase 1: Mark live objects 482.246ms
[82.126s][info][gc,phases,start] GC(210) Phase 2: Compute new object addresses
[82.310s][info][gc,phases      ] GC(210) Phase 2: Compute new object addresses 184.330ms
[82.310s][info][gc,phases,start] GC(210) Phase 3: Adjust pointers
[82.588s][info][gc,phases      ] GC(210) Phase 3: Adjust pointers 277.569ms
[82.588s][info][gc,phases,start] GC(210) Phase 4: Move objects
[82.932s][info][gc,phases      ] GC(210) Phase 4: Move objects 344.000ms
[82.934s][info][gc             ] GC(210) Pause Full (Allocation Failure) 342M->341M(494M) 1291.209ms
[82.934s][info][gc,heap        ] GC(209) DefNew: 157247K->639K(157248K)
[82.934s][info][gc,heap        ] GC(209) Tenured: 193024K->349568K(349568K)
[82.934s][info][gc,metaspace   ] GC(209) Metaspace: 14957K->14957K(31744K)
[82.934s][info][gc             ] GC(209) Pause Young (Allocation Failure) 342M->341M(494M) 1291.663ms
[82.934s][info][gc,cpu         ] GC(209) User=1.30s Sys=0.00s Real=1.30s
[83.252s][info][gc,start       ] GC(211) Pause Full (Allocation Failure)
[83.252s][info][gc,phases,start] GC(211) Phase 1: Mark live objects
[83.461s][info][gc,phases      ] GC(211) Phase 1: Mark live objects 208.089ms
[83.461s][info][gc,phases,start] GC(211) Phase 2: Compute new object addresses
[83.648s][info][gc,phases      ] GC(211) Phase 2: Compute new object addresses 187.240ms
[83.648s][info][gc,phases,start] GC(211) Phase 3: Adjust pointers
[83.750s][info][gc,phases      ] GC(211) Phase 3: Adjust pointers 102.409ms
[83.751s][info][gc,phases,start] GC(211) Phase 4: Move objects
[83.849s][info][gc,phases      ] GC(211) Phase 4: Move objects 97.994ms
[83.850s][info][gc,heap        ] GC(211) DefNew: 157248K->0K(157248K)
[83.850s][info][gc,heap        ] GC(211) Tenured: 349568K->150465K(349568K)
[83.850s][info][gc,metaspace   ] GC(211) Metaspace: 14961K->14961K(31744K)
[83.850s][info][gc             ] GC(211) Pause Full (Allocation Failure) 494M->146M(494M) 598.159ms
[83.850s][info][gc,cpu         ] GC(211) User=0.61s Sys=0.00s Real=0.61s
[83.933s][info][gc,start       ] GC(212) Pause Young (Allocation Failure)
[84.356s][info][gc,heap        ] GC(212) DefNew: 139776K->17472K(157248K)
[84.356s][info][gc,heap        ] GC(212) Tenured: 150465K->272710K(349568K)
[84.356s][info][gc,metaspace   ] GC(212) Metaspace: 14961K->14961K(31744K)
[84.356s][info][gc             ] GC(212) Pause Young (Allocation Failure) 283M->283M(494M) 423.226ms
[84.356s][info][gc,cpu         ] GC(212) User=0.44s Sys=0.00s Real=0.43s
[84.433s][info][gc,start       ] GC(213) Pause Young (Allocation Failure)
[84.433s][info][gc,start       ] GC(214) Pause Full (Allocation Failure)
[84.434s][info][gc,phases,start] GC(214) Phase 1: Mark live objects
[84.531s][info][gc,phases      ] GC(214) Phase 1: Mark live objects 96.882ms
[84.531s][info][gc,phases,start] GC(214) Phase 2: Compute new object addresses
[84.699s][info][gc,phases      ] GC(214) Phase 2: Compute new object addresses 167.936ms
[84.699s][info][gc,phases,start] GC(214) Phase 3: Adjust pointers
[84.742s][info][gc,phases      ] GC(214) Phase 3: Adjust pointers 43.230ms
[84.743s][info][gc,phases,start] GC(214) Phase 4: Move objects
[84.790s][info][gc,phases      ] GC(214) Phase 4: Move objects 47.184ms
[84.792s][info][gc             ] GC(214) Pause Full (Allocation Failure) 419M->70M(494M) 358.289ms
[84.792s][info][gc,heap        ] GC(213) DefNew: 157248K->0K(157248K)
[84.792s][info][gc,heap        ] GC(213) Tenured: 272710K->72323K(349568K)
[84.792s][info][gc,metaspace   ] GC(213) Metaspace: 14962K->14962K(31744K)
[84.792s][info][gc             ] GC(213) Pause Young (Allocation Failure) 419M->70M(494M) 358.824ms
[84.792s][info][gc,cpu         ] GC(213) User=0.38s Sys=0.00s Real=0.37s
[84.856s][info][gc,start       ] GC(215) Pause Young (Allocation Failure)
[85.305s][info][gc,heap        ] GC(215) DefNew: 139776K->17472K(157248K)
[85.306s][info][gc,heap        ] GC(215) Tenured: 72323K->194554K(349568K)
[85.306s][info][gc,metaspace   ] GC(215) Metaspace: 14962K->14962K(31744K)
[85.306s][info][gc             ] GC(215) Pause Young (Allocation Failure) 207M->207M(494M) 449.448ms
[85.306s][info][gc,cpu         ] GC(215) User=0.45s Sys=0.00s Real=0.45s
[85.401s][info][gc,start       ] GC(216) Pause Young (Allocation Failure)
[85.402s][info][gc,start       ] GC(217) Pause Full (Allocation Failure)
[85.403s][info][gc,phases,start] GC(217) Phase 1: Mark live objects
[85.943s][info][gc,phases      ] GC(217) Phase 1: Mark live objects 540.420ms
[85.943s][info][gc,phases,start] GC(217) Phase 2: Compute new object addresses
[86.136s][info][gc,phases      ] GC(217) Phase 2: Compute new object addresses 192.426ms
[86.136s][info][gc,phases,start] GC(217) Phase 3: Adjust pointers
[86.392s][info][gc,phases      ] GC(217) Phase 3: Adjust pointers 256.564ms
[86.392s][info][gc,phases,start] GC(217) Phase 4: Move objects
[86.569s][info][gc,phases      ] GC(217) Phase 4: Move objects 177.042ms
[86.571s][info][gc             ] GC(217) Pause Full (Allocation Failure) 343M->343M(494M) 1169.638ms
[86.571s][info][gc,heap        ] GC(216) DefNew: 157248K->1975K(157248K)
[86.571s][info][gc,heap        ] GC(216) Tenured: 194554K->349568K(349568K)
[86.571s][info][gc,metaspace   ] GC(216) Metaspace: 14962K->14962K(31744K)
[86.571s][info][gc             ] GC(216) Pause Young (Allocation Failure) 343M->343M(494M) 1170.143ms
[86.572s][info][gc,cpu         ] GC(216) User=1.17s Sys=0.00s Real=1.17s
[86.906s][info][gc,start       ] GC(218) Pause Full (Allocation Failure)
[86.908s][info][gc,phases,start] GC(218) Phase 1: Mark live objects
[87.111s][info][gc,phases      ] GC(218) Phase 1: Mark live objects 202.968ms
[87.111s][info][gc,phases,start] GC(218) Phase 2: Compute new object addresses
[87.339s][info][gc,phases      ] GC(218) Phase 2: Compute new object addresses 228.018ms
[87.339s][info][gc,phases,start] GC(218) Phase 3: Adjust pointers
[87.451s][info][gc,phases      ] GC(218) Phase 3: Adjust pointers 112.602ms
[87.452s][info][gc,phases,start] GC(218) Phase 4: Move objects
[87.553s][info][gc,phases      ] GC(218) Phase 4: Move objects 101.489ms
[87.554s][info][gc,heap        ] GC(218) DefNew: 157248K->0K(157248K)
[87.554s][info][gc,heap        ] GC(218) Tenured: 349568K->144503K(349568K)
[87.554s][info][gc,metaspace   ] GC(218) Metaspace: 14962K->14962K(31744K)
[87.554s][info][gc             ] GC(218) Pause Full (Allocation Failure) 494M->141M(494M) 648.069ms
[87.554s][info][gc,cpu         ] GC(218) User=0.67s Sys=0.00s Real=0.66s
[87.609s][info][gc,start       ] GC(219) Pause Young (Allocation Failure)
[87.997s][info][gc,heap        ] GC(219) DefNew: 139776K->17472K(157248K)
[87.997s][info][gc,heap        ] GC(219) Tenured: 144503K->266550K(349568K)
[87.997s][info][gc,metaspace   ] GC(219) Metaspace: 14962K->14962K(31744K)
[87.997s][info][gc             ] GC(219) Pause Young (Allocation Failure) 277M->277M(494M) 387.804ms
[87.997s][info][gc,cpu         ] GC(219) User=0.39s Sys=0.00s Real=0.39s
[88.061s][info][gc,start       ] GC(220) Pause Young (Allocation Failure)
[88.061s][info][gc,start       ] GC(221) Pause Full (Allocation Failure)
[88.062s][info][gc,phases,start] GC(221) Phase 1: Mark live objects
[88.142s][info][gc,phases      ] GC(221) Phase 1: Mark live objects 80.182ms
[88.142s][info][gc,phases,start] GC(221) Phase 2: Compute new object addresses
[88.303s][info][gc,phases      ] GC(221) Phase 2: Compute new object addresses 160.957ms
[88.303s][info][gc,phases,start] GC(221) Phase 3: Adjust pointers
[88.343s][info][gc,phases      ] GC(221) Phase 3: Adjust pointers 39.493ms
[88.343s][info][gc,phases,start] GC(221) Phase 4: Move objects
[88.374s][info][gc,phases      ] GC(221) Phase 4: Move objects 30.834ms
[88.375s][info][gc             ] GC(221) Pause Full (Allocation Failure) 413M->58M(494M) 313.931ms
[88.375s][info][gc,heap        ] GC(220) DefNew: 157248K->0K(157248K)
[88.375s][info][gc,heap        ] GC(220) Tenured: 266550K->60081K(349568K)
[88.375s][info][gc,metaspace   ] GC(220) Metaspace: 14962K->14962K(31744K)
[88.375s][info][gc             ] GC(220) Pause Young (Allocation Failure) 413M->58M(494M) 314.437ms
[88.375s][info][gc,cpu         ] GC(220) User=0.30s Sys=0.00s Real=0.31s
[88.450s][info][gc,start       ] GC(222) Pause Young (Allocation Failure)
[88.843s][info][gc,heap        ] GC(222) DefNew: 139776K->17472K(157248K)
[88.843s][info][gc,heap        ] GC(222) Tenured: 60081K->182114K(349568K)
[88.843s][info][gc,metaspace   ] GC(222) Metaspace: 14962K->14962K(31744K)
[88.843s][info][gc             ] GC(222) Pause Young (Allocation Failure) 195M->194M(494M) 393.162ms
[88.843s][info][gc,cpu         ] GC(222) User=0.39s Sys=0.00s Real=0.39s
[88.909s][info][gc,start       ] GC(223) Pause Young (Allocation Failure)
[89.360s][info][gc,heap        ] GC(223) DefNew: 157248K->17472K(157248K)
[89.361s][info][gc,heap        ] GC(223) Tenured: 182114K->321830K(349568K)
[89.361s][info][gc,metaspace   ] GC(223) Metaspace: 14962K->14962K(31744K)
[89.361s][info][gc             ] GC(223) Pause Young (Allocation Failure) 331M->331M(494M) 451.543ms
[89.361s][info][gc,cpu         ] GC(223) User=0.45s Sys=0.00s Real=0.45s
[89.411s][info][gc,start       ] GC(224) Pause Young (Allocation Failure)
[89.411s][info][gc,start       ] GC(225) Pause Full (Allocation Failure)
[89.412s][info][gc,phases,start] GC(225) Phase 1: Mark live objects
[89.560s][info][gc,phases      ] GC(225) Phase 1: Mark live objects 148.859ms
[89.561s][info][gc,phases,start] GC(225) Phase 2: Compute new object addresses
[89.757s][info][gc,phases      ] GC(225) Phase 2: Compute new object addresses 196.272ms
[89.757s][info][gc,phases,start] GC(225) Phase 3: Adjust pointers
[89.834s][info][gc,phases      ] GC(225) Phase 3: Adjust pointers 77.242ms
[89.834s][info][gc,phases,start] GC(225) Phase 4: Move objects
[89.896s][info][gc,phases      ] GC(225) Phase 4: Move objects 61.593ms
[89.897s][info][gc             ] GC(225) Pause Full (Allocation Failure) 467M->109M(494M) 486.149ms
[89.897s][info][gc,heap        ] GC(224) DefNew: 157248K->0K(157248K)
[89.897s][info][gc,heap        ] GC(224) Tenured: 321830K->112427K(349568K)
[89.897s][info][gc,metaspace   ] GC(224) Metaspace: 14962K->14962K(31744K)
[89.897s][info][gc             ] GC(224) Pause Young (Allocation Failure) 467M->109M(494M) 486.540ms
[89.897s][info][gc,cpu         ] GC(224) User=0.48s Sys=0.00s Real=0.48s
[89.969s][info][gc,start       ] GC(226) Pause Young (Allocation Failure)
[90.361s][info][gc,heap        ] GC(226) DefNew: 139776K->17472K(157248K)
[90.361s][info][gc,heap        ] GC(226) Tenured: 112427K->234657K(349568K)
[90.361s][info][gc,metaspace   ] GC(226) Metaspace: 14962K->14962K(31744K)
[90.362s][info][gc             ] GC(226) Pause Young (Allocation Failure) 246M->246M(494M) 392.080ms
[90.362s][info][gc,cpu         ] GC(226) User=0.39s Sys=0.00s Real=0.39s
[90.424s][info][gc,start       ] GC(227) Pause Young (Allocation Failure)
[90.425s][info][gc,start       ] GC(228) Pause Full (Allocation Failure)
[90.425s][info][gc,phases,start] GC(228) Phase 1: Mark live objects
[90.458s][info][gc,phases      ] GC(228) Phase 1: Mark live objects 32.045ms
[90.458s][info][gc,phases,start] GC(228) Phase 2: Compute new object addresses
[90.595s][info][gc,phases      ] GC(228) Phase 2: Compute new object addresses 137.524ms
[90.595s][info][gc,phases,start] GC(228) Phase 3: Adjust pointers
[90.604s][info][gc,phases      ] GC(228) Phase 3: Adjust pointers 8.824ms
[90.604s][info][gc,phases,start] GC(228) Phase 4: Move objects
[90.604s][info][gc,phases      ] GC(228) Phase 4: Move objects 0.066ms
[90.605s][info][gc             ] GC(228) Pause Full (Allocation Failure) 366M->5M(494M) 180.276ms
[90.605s][info][gc,heap        ] GC(227) DefNew: 140907K->0K(157248K)
[90.605s][info][gc,heap        ] GC(227) Tenured: 234657K->5277K(349568K)
[90.605s][info][gc,metaspace   ] GC(227) Metaspace: 14962K->14962K(31744K)
[90.605s][info][gc             ] GC(227) Pause Young (Allocation Failure) 366M->5M(494M) 180.746ms
[90.605s][info][gc,cpu         ] GC(227) User=0.17s Sys=0.00s Real=0.17s
[90.654s][info][gc,start       ] GC(229) Pause Young (Allocation Failure)
[90.964s][info][gc,heap        ] GC(229) DefNew: 139776K->17471K(157248K)
[90.964s][info][gc,heap        ] GC(229) Tenured: 5277K->127520K(349568K)
[90.964s][info][gc,metaspace   ] GC(229) Metaspace: 14967K->14967K(31744K)
[90.964s][info][gc             ] GC(229) Pause Young (Allocation Failure) 141M->141M(494M) 310.128ms
[90.964s][info][gc,cpu         ] GC(229) User=0.31s Sys=0.00s Real=0.31s
[91.029s][info][gc,start       ] GC(230) Pause Young (Allocation Failure)
[91.464s][info][gc,heap        ] GC(230) DefNew: 157247K->17472K(157248K)
[91.464s][info][gc,heap        ] GC(230) Tenured: 127520K->267236K(349568K)
[91.464s][info][gc,metaspace   ] GC(230) Metaspace: 14967K->14967K(31744K)
[91.464s][info][gc             ] GC(230) Pause Young (Allocation Failure) 278M->278M(494M) 434.440ms
[91.464s][info][gc,cpu         ] GC(230) User=0.44s Sys=0.00s Real=0.44s
[91.518s][info][gc,start       ] GC(231) Pause Young (Allocation Failure)
[91.519s][info][gc,start       ] GC(232) Pause Full (Allocation Failure)
[91.520s][info][gc,phases,start] GC(232) Phase 1: Mark live objects
[91.542s][info][gc,phases      ] GC(232) Phase 1: Mark live objects 21.168ms
[91.542s][info][gc,phases,start] GC(232) Phase 2: Compute new object addresses
[91.663s][info][gc,phases      ] GC(232) Phase 2: Compute new object addresses 121.596ms
[91.663s][info][gc,phases,start] GC(232) Phase 3: Adjust pointers
[91.672s][info][gc,phases      ] GC(232) Phase 3: Adjust pointers 8.499ms
[91.672s][info][gc,phases,start] GC(232) Phase 4: Move objects
[91.672s][info][gc,phases      ] GC(232) Phase 4: Move objects 0.193ms
[91.673s][info][gc             ] GC(232) Pause Full (Allocation Failure) 370M->5M(494M) 153.792ms
[91.673s][info][gc,heap        ] GC(231) DefNew: 112316K->0K(157248K)
[91.673s][info][gc,heap        ] GC(231) Tenured: 267236K->5321K(349568K)
[91.673s][info][gc,metaspace   ] GC(231) Metaspace: 14967K->14967K(31744K)
[91.673s][info][gc             ] GC(231) Pause Young (Allocation Failure) 370M->5M(494M) 154.377ms
[91.673s][info][gc,cpu         ] GC(231) User=0.16s Sys=0.00s Real=0.16s
[91.725s][info][gc,start       ] GC(233) Pause Young (Allocation Failure)
[92.012s][info][gc,heap        ] GC(233) DefNew: 139776K->17471K(157248K)
[92.012s][info][gc,heap        ] GC(233) Tenured: 5321K->127567K(349568K)
[92.013s][info][gc,metaspace   ] GC(233) Metaspace: 14967K->14967K(31744K)
[92.013s][info][gc             ] GC(233) Pause Young (Allocation Failure) 141M->141M(494M) 287.837ms
[92.013s][info][gc,cpu         ] GC(233) User=0.28s Sys=0.00s Real=0.28s
[92.074s][info][gc,start       ] GC(234) Pause Young (Allocation Failure)
[92.513s][info][gc,heap        ] GC(234) DefNew: 157247K->17472K(157248K)
[92.513s][info][gc,heap        ] GC(234) Tenured: 127567K->267283K(349568K)
[92.513s][info][gc,metaspace   ] GC(234) Metaspace: 14967K->14967K(31744K)
[92.513s][info][gc             ] GC(234) Pause Young (Allocation Failure) 278M->278M(494M) 439.015ms
[92.513s][info][gc,cpu         ] GC(234) User=0.44s Sys=0.00s Real=0.44s
[92.580s][info][gc,start       ] GC(235) Pause Young (Allocation Failure)
[92.580s][info][gc,start       ] GC(236) Pause Full (Allocation Failure)
[92.580s][info][gc,phases,start] GC(236) Phase 1: Mark live objects
[92.600s][info][gc,phases      ] GC(236) Phase 1: Mark live objects 19.224ms
[92.600s][info][gc,phases,start] GC(236) Phase 2: Compute new object addresses
[92.710s][info][gc,phases      ] GC(236) Phase 2: Compute new object addresses 110.265ms
[92.710s][info][gc,phases,start] GC(236) Phase 3: Adjust pointers
[92.720s][info][gc,phases      ] GC(236) Phase 3: Adjust pointers 9.415ms
[92.720s][info][gc,phases,start] GC(236) Phase 4: Move objects
[92.720s][info][gc,phases      ] GC(236) Phase 4: Move objects 0.076ms
[92.720s][info][gc             ] GC(236) Pause Full (Allocation Failure) 373M->5M(494M) 140.599ms
[92.721s][info][gc,heap        ] GC(235) DefNew: 114941K->0K(157248K)
[92.721s][info][gc,heap        ] GC(235) Tenured: 267283K->5365K(349568K)
[92.721s][info][gc,metaspace   ] GC(235) Metaspace: 14969K->14969K(31744K)
[92.721s][info][gc             ] GC(235) Pause Young (Allocation Failure) 373M->5M(494M) 141.018ms
[92.721s][info][gc,cpu         ] GC(235) User=0.14s Sys=0.00s Real=0.14s
[92.774s][info][gc,start       ] GC(237) Pause Young (Allocation Failure)
[93.065s][info][gc,heap        ] GC(237) DefNew: 139776K->17471K(157248K)
[93.065s][info][gc,heap        ] GC(237) Tenured: 5365K->127611K(349568K)
[93.065s][info][gc,metaspace   ] GC(237) Metaspace: 14969K->14969K(31744K)
[93.065s][info][gc             ] GC(237) Pause Young (Allocation Failure) 141M->141M(494M) 290.496ms
[93.065s][info][gc,cpu         ] GC(237) User=0.30s Sys=0.00s Real=0.29s
[93.141s][info][gc,start       ] GC(238) Pause Young (Allocation Failure)
[93.554s][info][gc,heap        ] GC(238) DefNew: 157247K->17472K(157248K)
[93.554s][info][gc,heap        ] GC(238) Tenured: 127611K->266509K(349568K)
[93.554s][info][gc,metaspace   ] GC(238) Metaspace: 14969K->14969K(31744K)
[93.554s][info][gc             ] GC(238) Pause Young (Allocation Failure) 278M->277M(494M) 412.638ms
[93.554s][info][gc,cpu         ] GC(238) User=0.41s Sys=0.00s Real=0.41s
[93.601s][info][gc,start       ] GC(239) Pause Young (Allocation Failure)
[93.601s][info][gc,start       ] GC(240) Pause Full (Allocation Failure)
[93.602s][info][gc,phases,start] GC(240) Phase 1: Mark live objects
[93.621s][info][gc,phases      ] GC(240) Phase 1: Mark live objects 19.656ms
[93.622s][info][gc,phases,start] GC(240) Phase 2: Compute new object addresses
[93.748s][info][gc,phases      ] GC(240) Phase 2: Compute new object addresses 126.307ms
[93.748s][info][gc,phases,start] GC(240) Phase 3: Adjust pointers
[93.756s][info][gc,phases      ] GC(240) Phase 3: Adjust pointers 8.373ms
[93.756s][info][gc,phases,start] GC(240) Phase 4: Move objects
[93.757s][info][gc,phases      ] GC(240) Phase 4: Move objects 0.072ms
[93.757s][info][gc             ] GC(240) Pause Full (Allocation Failure) 374M->5M(494M) 155.926ms
[93.757s][info][gc,heap        ] GC(239) DefNew: 117361K->0K(157248K)
[93.757s][info][gc,heap        ] GC(239) Tenured: 266509K->5409K(349568K)
[93.757s][info][gc,metaspace   ] GC(239) Metaspace: 14970K->14970K(31744K)
[93.757s][info][gc             ] GC(239) Pause Young (Allocation Failure) 374M->5M(494M) 156.273ms
[93.757s][info][gc,cpu         ] GC(239) User=0.16s Sys=0.00s Real=0.16s
[93.814s][info][gc,start       ] GC(241) Pause Young (Allocation Failure)
[94.124s][info][gc,heap        ] GC(241) DefNew: 139776K->17471K(157248K)
[94.124s][info][gc,heap        ] GC(241) Tenured: 5409K->127655K(349568K)
[94.124s][info][gc,metaspace   ] GC(241) Metaspace: 14970K->14970K(31744K)
[94.124s][info][gc             ] GC(241) Pause Young (Allocation Failure) 141M->141M(494M) 310.016ms
[94.125s][info][gc,cpu         ] GC(241) User=0.30s Sys=0.00s Real=0.31s
[94.204s][info][gc,start       ] GC(242) Pause Young (Allocation Failure)
[94.652s][info][gc,heap        ] GC(242) DefNew: 157247K->17472K(157248K)
[94.652s][info][gc,heap        ] GC(242) Tenured: 127655K->267172K(349568K)
[94.652s][info][gc,metaspace   ] GC(242) Metaspace: 14970K->14970K(31744K)
[94.653s][info][gc             ] GC(242) Pause Young (Allocation Failure) 278M->277M(494M) 448.257ms
[94.653s][info][gc,cpu         ] GC(242) User=0.45s Sys=0.00s Real=0.45s
[94.702s][info][gc,start       ] GC(243) Pause Young (Allocation Failure)
[94.702s][info][gc,start       ] GC(244) Pause Full (Allocation Failure)
[94.703s][info][gc,phases,start] GC(244) Phase 1: Mark live objects
[94.729s][info][gc,phases      ] GC(244) Phase 1: Mark live objects 25.646ms
[94.729s][info][gc,phases,start] GC(244) Phase 2: Compute new object addresses
[94.910s][info][gc,phases      ] GC(244) Phase 2: Compute new object addresses 181.045ms
[94.910s][info][gc,phases,start] GC(244) Phase 3: Adjust pointers
[94.923s][info][gc,phases      ] GC(244) Phase 3: Adjust pointers 13.412ms
[94.923s][info][gc,phases,start] GC(244) Phase 4: Move objects
[94.924s][info][gc,phases      ] GC(244) Phase 4: Move objects 0.117ms
[94.924s][info][gc             ] GC(244) Pause Full (Allocation Failure) 378M->5M(494M) 221.947ms
[94.924s][info][gc,heap        ] GC(243) DefNew: 120400K->0K(157248K)
[94.924s][info][gc,heap        ] GC(243) Tenured: 267172K->5454K(349568K)
[94.924s][info][gc,metaspace   ] GC(243) Metaspace: 14970K->14970K(31744K)
[94.924s][info][gc             ] GC(243) Pause Young (Allocation Failure) 378M->5M(494M) 222.404ms
[94.925s][info][gc,cpu         ] GC(243) User=0.22s Sys=0.00s Real=0.22s
[94.978s][info][gc,start       ] GC(245) Pause Young (Allocation Failure)
[95.255s][info][gc,heap        ] GC(245) DefNew: 139776K->17471K(157248K)
[95.255s][info][gc,heap        ] GC(245) Tenured: 5454K->127700K(349568K)
[95.255s][info][gc,metaspace   ] GC(245) Metaspace: 14971K->14971K(31744K)
[95.255s][info][gc             ] GC(245) Pause Young (Allocation Failure) 141M->141M(494M) 277.563ms
[95.255s][info][gc,cpu         ] GC(245) User=0.28s Sys=0.00s Real=0.28s
[95.318s][info][gc,start       ] GC(246) Pause Young (Allocation Failure)
[95.764s][info][gc,heap        ] GC(246) DefNew: 157247K->17472K(157248K)
[95.764s][info][gc,heap        ] GC(246) Tenured: 127700K->267218K(349568K)
[95.765s][info][gc,metaspace   ] GC(246) Metaspace: 14973K->14973K(31744K)
[95.765s][info][gc             ] GC(246) Pause Young (Allocation Failure) 278M->278M(494M) 446.837ms
[95.765s][info][gc,cpu         ] GC(246) User=0.45s Sys=0.00s Real=0.45s
[95.817s][info][gc,start       ] GC(247) Pause Young (Allocation Failure)
[95.817s][info][gc,start       ] GC(248) Pause Full (Allocation Failure)
[95.818s][info][gc,phases,start] GC(248) Phase 1: Mark live objects
[95.838s][info][gc,phases      ] GC(248) Phase 1: Mark live objects 20.395ms
[95.838s][info][gc,phases,start] GC(248) Phase 2: Compute new object addresses
[95.979s][info][gc,phases      ] GC(248) Phase 2: Compute new object addresses 140.795ms
[95.979s][info][gc,phases,start] GC(248) Phase 3: Adjust pointers
[95.989s][info][gc,phases      ] GC(248) Phase 3: Adjust pointers 9.797ms
[95.989s][info][gc,phases,start] GC(248) Phase 4: Move objects
[95.989s][info][gc,phases      ] GC(248) Phase 4: Move objects 0.112ms
[95.990s][info][gc             ] GC(248) Pause Full (Allocation Failure) 381M->5M(494M) 172.893ms
[95.990s][info][gc,heap        ] GC(247) DefNew: 122989K->0K(157248K)
[95.990s][info][gc,heap        ] GC(247) Tenured: 267218K->5498K(349568K)
[95.990s][info][gc,metaspace   ] GC(247) Metaspace: 14973K->14973K(31744K)
[95.990s][info][gc             ] GC(247) Pause Young (Allocation Failure) 381M->5M(494M) 173.276ms
[95.990s][info][gc,cpu         ] GC(247) User=0.16s Sys=0.02s Real=0.17s
[96.061s][info][gc,start       ] GC(249) Pause Young (Allocation Failure)
[96.449s][info][gc,heap        ] GC(249) DefNew: 139776K->17471K(157248K)
[96.449s][info][gc,heap        ] GC(249) Tenured: 5498K->127744K(349568K)
[96.449s][info][gc,metaspace   ] GC(249) Metaspace: 14973K->14973K(31744K)
[96.449s][info][gc             ] GC(249) Pause Young (Allocation Failure) 141M->141M(494M) 388.166ms
[96.449s][info][gc,cpu         ] GC(249) User=0.39s Sys=0.00s Real=0.39s
[96.543s][info][gc,start       ] GC(250) Pause Young (Allocation Failure)
[96.992s][info][gc,heap        ] GC(250) DefNew: 157247K->17472K(157248K)
[96.992s][info][gc,heap        ] GC(250) Tenured: 127744K->267261K(349568K)
[96.992s][info][gc,metaspace   ] GC(250) Metaspace: 14973K->14973K(31744K)
[96.992s][info][gc             ] GC(250) Pause Young (Allocation Failure) 278M->278M(494M) 448.787ms
[96.992s][info][gc,cpu         ] GC(250) User=0.45s Sys=0.00s Real=0.45s
[97.102s][info][gc,start       ] GC(251) Pause Young (Allocation Failure)
[97.102s][info][gc,start       ] GC(252) Pause Full (Allocation Failure)
[97.105s][info][gc,phases,start] GC(252) Phase 1: Mark live objects
[97.146s][info][gc,phases      ] GC(252) Phase 1: Mark live objects 41.223ms
[97.146s][info][gc,phases,start] GC(252) Phase 2: Compute new object addresses
[97.305s][info][gc,phases      ] GC(252) Phase 2: Compute new object addresses 158.614ms
[97.305s][info][gc,phases,start] GC(252) Phase 3: Adjust pointers
[97.314s][info][gc,phases      ] GC(252) Phase 3: Adjust pointers 9.521ms
[97.314s][info][gc,phases,start] GC(252) Phase 4: Move objects
[97.314s][info][gc,phases      ] GC(252) Phase 4: Move objects 0.074ms
[97.315s][info][gc             ] GC(252) Pause Full (Allocation Failure) 383M->5M(494M) 212.975ms
[97.315s][info][gc,heap        ] GC(251) DefNew: 125810K->0K(157248K)
[97.315s][info][gc,heap        ] GC(251) Tenured: 267261K->5542K(349568K)
[97.315s][info][gc,metaspace   ] GC(251) Metaspace: 14973K->14973K(31744K)
[97.315s][info][gc             ] GC(251) Pause Young (Allocation Failure) 383M->5M(494M) 213.483ms
[97.315s][info][gc,cpu         ] GC(251) User=0.22s Sys=0.00s Real=0.22s
[97.366s][info][gc,start       ] GC(253) Pause Young (Allocation Failure)
[97.680s][info][gc,heap        ] GC(253) DefNew: 139776K->17472K(157248K)
[97.681s][info][gc,heap        ] GC(253) Tenured: 5542K->127590K(349568K)
[97.681s][info][gc,metaspace   ] GC(253) Metaspace: 14973K->14973K(31744K)
[97.681s][info][gc             ] GC(253) Pause Young (Allocation Failure) 141M->141M(494M) 314.295ms
[97.681s][info][gc,cpu         ] GC(253) User=0.31s Sys=0.00s Real=0.31s
[97.763s][info][gc,start       ] GC(254) Pause Young (Allocation Failure)
[98.219s][info][gc,heap        ] GC(254) DefNew: 157248K->17472K(157248K)
[98.219s][info][gc,heap        ] GC(254) Tenured: 127590K->267306K(349568K)
[98.219s][info][gc,metaspace   ] GC(254) Metaspace: 14973K->14973K(31744K)
[98.219s][info][gc             ] GC(254) Pause Young (Allocation Failure) 278M->278M(494M) 455.997ms
[98.220s][info][gc,cpu         ] GC(254) User=0.47s Sys=0.00s Real=0.46s
[98.290s][info][gc,start       ] GC(255) Pause Young (Allocation Failure)
[98.291s][info][gc,start       ] GC(256) Pause Full (Allocation Failure)
[98.291s][info][gc,phases,start] GC(256) Phase 1: Mark live objects
[98.316s][info][gc,phases      ] GC(256) Phase 1: Mark live objects 25.250ms
[98.316s][info][gc,phases,start] GC(256) Phase 2: Compute new object addresses
[98.452s][info][gc,phases      ] GC(256) Phase 2: Compute new object addresses 135.764ms
[98.452s][info][gc,phases,start] GC(256) Phase 3: Adjust pointers
[98.461s][info][gc,phases      ] GC(256) Phase 3: Adjust pointers 8.778ms
[98.461s][info][gc,phases,start] GC(256) Phase 4: Move objects
[98.461s][info][gc,phases      ] GC(256) Phase 4: Move objects 0.073ms
[98.462s][info][gc             ] GC(256) Pause Full (Allocation Failure) 386M->5M(494M) 171.291ms
[98.462s][info][gc,heap        ] GC(255) DefNew: 128866K->0K(157248K)
[98.462s][info][gc,heap        ] GC(255) Tenured: 267306K->5586K(349568K)
[98.462s][info][gc,metaspace   ] GC(255) Metaspace: 14973K->14973K(31744K)
[98.462s][info][gc             ] GC(255) Pause Young (Allocation Failure) 386M->5M(494M) 171.683ms
[98.462s][info][gc,cpu         ] GC(255) User=0.17s Sys=0.00s Real=0.17s
[98.529s][info][gc,start       ] GC(257) Pause Young (Allocation Failure)
[98.898s][info][gc,heap        ] GC(257) DefNew: 139776K->17472K(157248K)
[98.898s][info][gc,heap        ] GC(257) Tenured: 5586K->127548K(349568K)
[98.898s][info][gc,metaspace   ] GC(257) Metaspace: 14973K->14973K(31744K)
[98.899s][info][gc             ] GC(257) Pause Young (Allocation Failure) 141M->141M(494M) 369.107ms
[98.899s][info][gc,cpu         ] GC(257) User=0.39s Sys=0.00s Real=0.38s
[98.963s][info][gc,start       ] GC(258) Pause Young (Allocation Failure)
[99.451s][info][gc,heap        ] GC(258) DefNew: 157248K->17472K(157248K)
[99.451s][info][gc,heap        ] GC(258) Tenured: 127548K->267264K(349568K)
[99.451s][info][gc,metaspace   ] GC(258) Metaspace: 14973K->14973K(31744K)
[99.451s][info][gc             ] GC(258) Pause Young (Allocation Failure) 278M->278M(494M) 487.691ms
[99.451s][info][gc,cpu         ] GC(258) User=0.48s Sys=0.00s Real=0.49s
[99.509s][info][gc,start       ] GC(259) Pause Young (Allocation Failure)
[99.509s][info][gc,start       ] GC(260) Pause Full (Allocation Failure)
[99.510s][info][gc,phases,start] GC(260) Phase 1: Mark live objects
[99.532s][info][gc,phases      ] GC(260) Phase 1: Mark live objects 22.491ms
[99.532s][info][gc,phases,start] GC(260) Phase 2: Compute new object addresses
[99.659s][info][gc,phases      ] GC(260) Phase 2: Compute new object addresses 126.116ms
[99.659s][info][gc,phases,start] GC(260) Phase 3: Adjust pointers
[99.669s][info][gc,phases      ] GC(260) Phase 3: Adjust pointers 10.329ms
[99.669s][info][gc,phases,start] GC(260) Phase 4: Move objects
[99.669s][info][gc,phases      ] GC(260) Phase 4: Move objects 0.091ms
[99.670s][info][gc             ] GC(260) Pause Full (Allocation Failure) 389M->5M(494M) 160.777ms
[99.670s][info][gc,heap        ] GC(259) DefNew: 131651K->0K(157248K)
[99.670s][info][gc,heap        ] GC(259) Tenured: 267264K->5633K(349568K)
[99.670s][info][gc,metaspace   ] GC(259) Metaspace: 14974K->14974K(31744K)
[99.670s][info][gc             ] GC(259) Pause Young (Allocation Failure) 389M->5M(494M) 161.163ms
[99.671s][info][gc,cpu         ] GC(259) User=0.16s Sys=0.00s Real=0.16s
[99.732s][info][gc,start       ] GC(261) Pause Young (Allocation Failure)
[100.070s][info][gc,heap        ] GC(261) DefNew: 139776K->17471K(157248K)
[100.070s][info][gc,heap        ] GC(261) Tenured: 5633K->127880K(349568K)
[100.070s][info][gc,metaspace   ] GC(261) Metaspace: 14987K->14987K(31744K)
[100.070s][info][gc             ] GC(261) Pause Young (Allocation Failure) 142M->141M(494M) 337.996ms
[100.070s][info][gc,cpu         ] GC(261) User=0.34s Sys=0.00s Real=0.34s
[100.172s][info][gc,start       ] GC(262) Pause Young (Allocation Failure)
[100.674s][info][gc,heap        ] GC(262) DefNew: 157247K->17472K(157248K)
[100.674s][info][gc,heap        ] GC(262) Tenured: 127880K->267009K(349568K)
[100.674s][info][gc,metaspace   ] GC(262) Metaspace: 14988K->14988K(31744K)
[100.674s][info][gc             ] GC(262) Pause Young (Allocation Failure) 278M->277M(494M) 502.156ms
[100.674s][info][gc,cpu         ] GC(262) User=0.50s Sys=0.00s Real=0.50s
[100.742s][info][gc,start       ] GC(263) Pause Young (Allocation Failure)
[100.743s][info][gc,start       ] GC(264) Pause Full (Allocation Failure)
[100.743s][info][gc,phases,start] GC(264) Phase 1: Mark live objects
[100.768s][info][gc,phases      ] GC(264) Phase 1: Mark live objects 24.944ms
[100.768s][info][gc,phases,start] GC(264) Phase 2: Compute new object addresses
[100.913s][info][gc,phases      ] GC(264) Phase 2: Compute new object addresses 144.426ms
[100.913s][info][gc,phases,start] GC(264) Phase 3: Adjust pointers
[100.923s][info][gc,phases      ] GC(264) Phase 3: Adjust pointers 9.859ms
[100.923s][info][gc,phases,start] GC(264) Phase 4: Move objects
[100.925s][info][gc,phases      ] GC(264) Phase 4: Move objects 2.295ms
[100.926s][info][gc             ] GC(264) Pause Full (Allocation Failure) 391M->5M(494M) 183.841ms
[100.926s][info][gc,heap        ] GC(263) DefNew: 134069K->0K(157248K)
[100.926s][info][gc,heap        ] GC(263) Tenured: 267009K->5677K(349568K)
[100.927s][info][gc,metaspace   ] GC(263) Metaspace: 14988K->14988K(31744K)
[100.927s][info][gc             ] GC(263) Pause Young (Allocation Failure) 391M->5M(494M) 184.193ms
[100.927s][info][gc,cpu         ] GC(263) User=0.19s Sys=0.00s Real=0.19s
[100.979s][info][gc,start       ] GC(265) Pause Young (Allocation Failure)
[101.281s][info][gc,heap        ] GC(265) DefNew: 139776K->17471K(157248K)
[101.281s][info][gc,heap        ] GC(265) Tenured: 5677K->127920K(349568K)
[101.281s][info][gc,metaspace   ] GC(265) Metaspace: 14989K->14989K(31744K)
[101.281s][info][gc             ] GC(265) Pause Young (Allocation Failure) 142M->141M(494M) 302.210ms
[101.281s][info][gc,cpu         ] GC(265) User=0.28s Sys=0.00s Real=0.30s
[101.370s][info][gc,start       ] GC(266) Pause Young (Allocation Failure)
[101.776s][info][gc,heap        ] GC(266) DefNew: 157247K->17472K(157248K)
[101.777s][info][gc,heap        ] GC(266) Tenured: 127920K->267456K(349568K)
[101.777s][info][gc,metaspace   ] GC(266) Metaspace: 14990K->14990K(31744K)
[101.777s][info][gc             ] GC(266) Pause Young (Allocation Failure) 278M->278M(494M) 406.892ms
[101.777s][info][gc,cpu         ] GC(266) User=0.42s Sys=0.00s Real=0.41s
[101.832s][info][gc,start       ] GC(267) Pause Young (Allocation Failure)
[101.832s][info][gc,start       ] GC(268) Pause Full (Allocation Failure)
[101.834s][info][gc,phases,start] GC(268) Phase 1: Mark live objects
[101.868s][info][gc,phases      ] GC(268) Phase 1: Mark live objects 33.779ms
[101.868s][info][gc,phases,start] GC(268) Phase 2: Compute new object addresses
[101.994s][info][gc,phases      ] GC(268) Phase 2: Compute new object addresses 126.471ms
[101.994s][info][gc,phases,start] GC(268) Phase 3: Adjust pointers
[102.003s][info][gc,phases      ] GC(268) Phase 3: Adjust pointers 8.438ms
[102.003s][info][gc,phases,start] GC(268) Phase 4: Move objects
[102.003s][info][gc,phases      ] GC(268) Phase 4: Move objects 0.071ms
[102.004s][info][gc             ] GC(268) Pause Full (Allocation Failure) 394M->5M(494M) 171.429ms
[102.004s][info][gc,heap        ] GC(267) DefNew: 136962K->0K(157248K)
[102.004s][info][gc,heap        ] GC(267) Tenured: 267456K->5721K(349568K)
[102.004s][info][gc,metaspace   ] GC(267) Metaspace: 14990K->14990K(31744K)
[102.004s][info][gc             ] GC(267) Pause Young (Allocation Failure) 394M->5M(494M) 171.930ms
[102.004s][info][gc,cpu         ] GC(267) User=0.16s Sys=0.00s Real=0.16s
[102.055s][info][gc,start       ] GC(269) Pause Young (Allocation Failure)
[102.343s][info][gc,heap        ] GC(269) DefNew: 139776K->17471K(157248K)
[102.343s][info][gc,heap        ] GC(269) Tenured: 5721K->127968K(349568K)
[102.343s][info][gc,metaspace   ] GC(269) Metaspace: 14990K->14990K(31744K)
[102.343s][info][gc             ] GC(269) Pause Young (Allocation Failure) 142M->142M(494M) 287.582ms
[102.343s][info][gc,cpu         ] GC(269) User=0.28s Sys=0.00s Real=0.28s
[102.412s][info][gc,start       ] GC(270) Pause Young (Allocation Failure)
[102.864s][info][gc,heap        ] GC(270) DefNew: 157247K->17472K(157248K)
[102.864s][info][gc,heap        ] GC(270) Tenured: 127968K->267300K(349568K)
[102.864s][info][gc,metaspace   ] GC(270) Metaspace: 14990K->14990K(31744K)
[102.864s][info][gc             ] GC(270) Pause Young (Allocation Failure) 278M->278M(494M) 451.674ms
[102.864s][info][gc,cpu         ] GC(270) User=0.44s Sys=0.00s Real=0.45s
[102.940s][info][gc,start       ] GC(271) Pause Young (Allocation Failure)
[102.941s][info][gc,start       ] GC(272) Pause Full (Allocation Failure)
[102.941s][info][gc,phases,start] GC(272) Phase 1: Mark live objects
[102.962s][info][gc,phases      ] GC(272) Phase 1: Mark live objects 20.771ms
[102.962s][info][gc,phases,start] GC(272) Phase 2: Compute new object addresses
[103.097s][info][gc,phases      ] GC(272) Phase 2: Compute new object addresses 135.052ms
[103.097s][info][gc,phases,start] GC(272) Phase 3: Adjust pointers
[103.111s][info][gc,phases      ] GC(272) Phase 3: Adjust pointers 13.098ms
[103.111s][info][gc,phases,start] GC(272) Phase 4: Move objects
[103.111s][info][gc,phases      ] GC(272) Phase 4: Move objects 0.113ms
[103.112s][info][gc             ] GC(272) Pause Full (Allocation Failure) 397M->5M(494M) 171.167ms
[103.112s][info][gc,heap        ] GC(271) DefNew: 139721K->0K(157248K)
[103.112s][info][gc,heap        ] GC(271) Tenured: 267300K->5765K(349568K)
[103.112s][info][gc,metaspace   ] GC(271) Metaspace: 14990K->14990K(31744K)
[103.112s][info][gc             ] GC(271) Pause Young (Allocation Failure) 397M->5M(494M) 171.745ms
[103.112s][info][gc,cpu         ] GC(271) User=0.19s Sys=0.00s Real=0.18s
[103.173s][info][gc,start       ] GC(273) Pause Young (Allocation Failure)
[103.512s][info][gc,heap        ] GC(273) DefNew: 139776K->17472K(157248K)
[103.512s][info][gc,heap        ] GC(273) Tenured: 5765K->127814K(349568K)
[103.512s][info][gc,metaspace   ] GC(273) Metaspace: 14991K->14991K(31744K)
[103.512s][info][gc             ] GC(273) Pause Young (Allocation Failure) 142M->141M(494M) 339.160ms
[103.512s][info][gc,cpu         ] GC(273) User=0.33s Sys=0.00s Real=0.33s
[103.587s][info][gc,start       ] GC(274) Pause Young (Allocation Failure)
[104.089s][info][gc,heap        ] GC(274) DefNew: 157248K->17472K(157248K)
[104.089s][info][gc,heap        ] GC(274) Tenured: 127814K->267531K(349568K)
[104.089s][info][gc,metaspace   ] GC(274) Metaspace: 14991K->14991K(31744K)
[104.089s][info][gc             ] GC(274) Pause Young (Allocation Failure) 278M->278M(494M) 502.445ms
[104.089s][info][gc,cpu         ] GC(274) User=0.48s Sys=0.00s Real=0.49s
[104.197s][info][gc,start       ] GC(275) Pause Young (Allocation Failure)
[104.198s][info][gc,start       ] GC(276) Pause Full (Allocation Failure)
[104.199s][info][gc,phases,start] GC(276) Phase 1: Mark live objects
[104.232s][info][gc,phases      ] GC(276) Phase 1: Mark live objects 33.298ms
[104.232s][info][gc,phases,start] GC(276) Phase 2: Compute new object addresses
[104.390s][info][gc,phases      ] GC(276) Phase 2: Compute new object addresses 158.258ms
[104.390s][info][gc,phases,start] GC(276) Phase 3: Adjust pointers
[104.403s][info][gc,phases      ] GC(276) Phase 3: Adjust pointers 12.285ms
[104.403s][info][gc,phases,start] GC(276) Phase 4: Move objects
[104.403s][info][gc,phases      ] GC(276) Phase 4: Move objects 0.095ms
[104.404s][info][gc             ] GC(276) Pause Full (Allocation Failure) 400M->5M(494M) 206.140ms
[104.404s][info][gc,heap        ] GC(275) DefNew: 142805K->0K(157248K)
[104.404s][info][gc,heap        ] GC(275) Tenured: 267531K->5809K(349568K)
[104.404s][info][gc,metaspace   ] GC(275) Metaspace: 14991K->14991K(31744K)
[104.404s][info][gc             ] GC(275) Pause Young (Allocation Failure) 400M->5M(494M) 206.589ms
[104.404s][info][gc,cpu         ] GC(275) User=0.19s Sys=0.00s Real=0.20s
[104.471s][info][gc,start       ] GC(277) Pause Young (Allocation Failure)
[104.839s][info][gc,heap        ] GC(277) DefNew: 139776K->17471K(157248K)
[104.839s][info][gc,heap        ] GC(277) Tenured: 5809K->128056K(349568K)
[104.839s][info][gc,metaspace   ] GC(277) Metaspace: 14991K->14991K(31744K)
[104.839s][info][gc             ] GC(277) Pause Young (Allocation Failure) 142M->142M(494M) 368.924ms
[104.840s][info][gc,cpu         ] GC(277) User=0.36s Sys=0.00s Real=0.36s
[104.914s][info][gc,start       ] GC(278) Pause Young (Allocation Failure)
[105.368s][info][gc,heap        ] GC(278) DefNew: 157247K->17472K(157248K)
[105.368s][info][gc,heap        ] GC(278) Tenured: 128056K->267773K(349568K)
[105.368s][info][gc,metaspace   ] GC(278) Metaspace: 14991K->14991K(31744K)
[105.368s][info][gc             ] GC(278) Pause Young (Allocation Failure) 278M->278M(494M) 454.116ms
[105.369s][info][gc,cpu         ] GC(278) User=0.45s Sys=0.00s Real=0.46s
[105.455s][info][gc,start       ] GC(279) Pause Young (Allocation Failure)
[105.456s][info][gc,start       ] GC(280) Pause Full (Allocation Failure)
[105.458s][info][gc,phases,start] GC(280) Phase 1: Mark live objects
[105.489s][info][gc,phases      ] GC(280) Phase 1: Mark live objects 30.740ms
[105.489s][info][gc,phases,start] GC(280) Phase 2: Compute new object addresses
[105.623s][info][gc,phases      ] GC(280) Phase 2: Compute new object addresses 134.300ms
[105.623s][info][gc,phases,start] GC(280) Phase 3: Adjust pointers
[105.632s][info][gc,phases      ] GC(280) Phase 3: Adjust pointers 9.230ms
[105.632s][info][gc,phases,start] GC(280) Phase 4: Move objects
[105.635s][info][gc,phases      ] GC(280) Phase 4: Move objects 2.514ms
[105.636s][info][gc             ] GC(280) Pause Full (Allocation Failure) 403M->5M(494M) 179.966ms
[105.636s][info][gc,heap        ] GC(279) DefNew: 145605K->0K(157248K)
[105.636s][info][gc,heap        ] GC(279) Tenured: 267773K->5852K(349568K)
[105.636s][info][gc,metaspace   ] GC(279) Metaspace: 14991K->14991K(31744K)
[105.636s][info][gc             ] GC(279) Pause Young (Allocation Failure) 403M->5M(494M) 180.633ms
[105.636s][info][gc,cpu         ] GC(279) User=0.17s Sys=0.00s Real=0.17s
[105.711s][info][gc,start       ] GC(281) Pause Young (Allocation Failure)
[106.069s][info][gc,heap        ] GC(281) DefNew: 139776K->17471K(157248K)
[106.069s][info][gc,heap        ] GC(281) Tenured: 5852K->128099K(349568K)
[106.069s][info][gc,metaspace   ] GC(281) Metaspace: 14991K->14991K(31744K)
[106.069s][info][gc             ] GC(281) Pause Young (Allocation Failure) 142M->142M(494M) 357.930ms
[106.069s][info][gc,cpu         ] GC(281) User=0.36s Sys=0.00s Real=0.36s
[106.175s][info][gc,start       ] GC(282) Pause Young (Allocation Failure)
[106.620s][info][gc,heap        ] GC(282) DefNew: 157247K->17472K(157248K)
[106.620s][info][gc,heap        ] GC(282) Tenured: 128099K->267742K(349568K)
[106.620s][info][gc,metaspace   ] GC(282) Metaspace: 14991K->14991K(31744K)
[106.620s][info][gc             ] GC(282) Pause Young (Allocation Failure) 278M->278M(494M) 444.956ms
[106.620s][info][gc,cpu         ] GC(282) User=0.44s Sys=0.00s Real=0.44s
[106.703s][info][gc,start       ] GC(283) Pause Young (Allocation Failure)
[106.704s][info][gc,start       ] GC(284) Pause Full (Allocation Failure)
[106.706s][info][gc,phases,start] GC(284) Phase 1: Mark live objects
[106.729s][info][gc,phases      ] GC(284) Phase 1: Mark live objects 22.883ms
[106.729s][info][gc,phases,start] GC(284) Phase 2: Compute new object addresses
[106.915s][info][gc,phases      ] GC(284) Phase 2: Compute new object addresses 185.705ms
[106.915s][info][gc,phases,start] GC(284) Phase 3: Adjust pointers
[106.937s][info][gc,phases      ] GC(284) Phase 3: Adjust pointers 21.958ms
[106.937s][info][gc,phases,start] GC(284) Phase 4: Move objects
[106.937s][info][gc,phases      ] GC(284) Phase 4: Move objects 0.116ms
[106.938s][info][gc             ] GC(284) Pause Full (Allocation Failure) 406M->5M(494M) 234.554ms
[106.938s][info][gc,heap        ] GC(283) DefNew: 148568K->0K(157248K)
[106.938s][info][gc,heap        ] GC(283) Tenured: 267742K->5897K(349568K)
[106.938s][info][gc,metaspace   ] GC(283) Metaspace: 14991K->14991K(31744K)
[106.938s][info][gc             ] GC(283) Pause Young (Allocation Failure) 406M->5M(494M) 234.985ms
[106.938s][info][gc,cpu         ] GC(283) User=0.22s Sys=0.00s Real=0.23s
[107.010s][info][gc,start       ] GC(285) Pause Young (Allocation Failure)
[107.363s][info][gc,heap        ] GC(285) DefNew: 139776K->17471K(157248K)
[107.364s][info][gc,heap        ] GC(285) Tenured: 5897K->128144K(349568K)
[107.364s][info][gc,metaspace   ] GC(285) Metaspace: 14991K->14991K(31744K)
[107.364s][info][gc             ] GC(285) Pause Young (Allocation Failure) 142M->142M(494M) 353.837ms
[107.364s][info][gc,cpu         ] GC(285) User=0.36s Sys=0.00s Real=0.36s
[107.462s][info][gc,start       ] GC(286) Pause Young (Allocation Failure)
[107.946s][info][gc,heap        ] GC(286) DefNew: 157247K->17472K(157248K)
[107.946s][info][gc,heap        ] GC(286) Tenured: 128144K->267684K(349568K)
[107.946s][info][gc,metaspace   ] GC(286) Metaspace: 14991K->14991K(31744K)
[107.946s][info][gc             ] GC(286) Pause Young (Allocation Failure) 278M->278M(494M) 483.838ms
[107.946s][info][gc,cpu         ] GC(286) User=0.47s Sys=0.03s Real=0.49s
[108.016s][info][gc,start       ] GC(287) Pause Young (Allocation Failure)
[108.016s][info][gc,start       ] GC(288) Pause Full (Allocation Failure)
[108.017s][info][gc,phases,start] GC(288) Phase 1: Mark live objects
[108.054s][info][gc,phases      ] GC(288) Phase 1: Mark live objects 37.570ms
[108.055s][info][gc,phases,start] GC(288) Phase 2: Compute new object addresses
[108.191s][info][gc,phases      ] GC(288) Phase 2: Compute new object addresses 136.611ms
[108.191s][info][gc,phases,start] GC(288) Phase 3: Adjust pointers
[108.201s][info][gc,phases      ] GC(288) Phase 3: Adjust pointers 9.317ms
[108.201s][info][gc,phases,start] GC(288) Phase 4: Move objects
[108.201s][info][gc,phases      ] GC(288) Phase 4: Move objects 0.081ms
[108.202s][info][gc             ] GC(288) Pause Full (Allocation Failure) 408M->5M(494M) 185.872ms
[108.202s][info][gc,heap        ] GC(287) DefNew: 150920K->0K(157248K)
[108.202s][info][gc,heap        ] GC(287) Tenured: 267684K->5941K(349568K)
[108.202s][info][gc,metaspace   ] GC(287) Metaspace: 14991K->14991K(31744K)
[108.202s][info][gc             ] GC(287) Pause Young (Allocation Failure) 408M->5M(494M) 186.322ms
[108.202s][info][gc,cpu         ] GC(287) User=0.20s Sys=0.00s Real=0.20s
[108.249s][info][gc,start       ] GC(289) Pause Young (Allocation Failure)
[108.550s][info][gc,heap        ] GC(289) DefNew: 139776K->17472K(157248K)
[108.550s][info][gc,heap        ] GC(289) Tenured: 5941K->128017K(349568K)
[108.550s][info][gc,metaspace   ] GC(289) Metaspace: 14992K->14992K(31744K)
[108.550s][info][gc             ] GC(289) Pause Young (Allocation Failure) 142M->142M(494M) 300.742ms
[108.550s][info][gc,cpu         ] GC(289) User=0.30s Sys=0.00s Real=0.30s
[108.632s][info][gc,start       ] GC(290) Pause Young (Allocation Failure)
[109.072s][info][gc,heap        ] GC(290) DefNew: 157248K->17472K(157248K)
[109.072s][info][gc,heap        ] GC(290) Tenured: 128017K->267734K(349568K)
[109.072s][info][gc,metaspace   ] GC(290) Metaspace: 14992K->14992K(31744K)
[109.072s][info][gc             ] GC(290) Pause Young (Allocation Failure) 278M->278M(494M) 439.575ms
[109.072s][info][gc,cpu         ] GC(290) User=0.44s Sys=0.00s Real=0.44s
[109.135s][info][gc,start       ] GC(291) Pause Young (Allocation Failure)
[109.135s][info][gc,start       ] GC(292) Pause Full (Allocation Failure)
[109.136s][info][gc,phases,start] GC(292) Phase 1: Mark live objects
[109.161s][info][gc,phases      ] GC(292) Phase 1: Mark live objects 25.172ms
[109.161s][info][gc,phases,start] GC(292) Phase 2: Compute new object addresses
[109.298s][info][gc,phases      ] GC(292) Phase 2: Compute new object addresses 137.041ms
[109.298s][info][gc,phases,start] GC(292) Phase 3: Adjust pointers
[109.308s][info][gc,phases      ] GC(292) Phase 3: Adjust pointers 9.329ms
[109.308s][info][gc,phases,start] GC(292) Phase 4: Move objects
[109.308s][info][gc,phases      ] GC(292) Phase 4: Move objects 0.090ms
[109.309s][info][gc             ] GC(292) Pause Full (Allocation Failure) 411M->5M(494M) 173.115ms
[109.309s][info][gc,heap        ] GC(291) DefNew: 153811K->0K(157248K)
[109.309s][info][gc,heap        ] GC(291) Tenured: 267734K->5985K(349568K)
[109.309s][info][gc,metaspace   ] GC(291) Metaspace: 15001K->15001K(31744K)
[109.309s][info][gc             ] GC(291) Pause Young (Allocation Failure) 411M->5M(494M) 173.492ms
[109.309s][info][gc,cpu         ] GC(291) User=0.16s Sys=0.00s Real=0.16s
[109.355s][info][gc,start       ] GC(293) Pause Young (Allocation Failure)
[109.641s][info][gc,heap        ] GC(293) DefNew: 139776K->17472K(157248K)
[109.641s][info][gc,heap        ] GC(293) Tenured: 5985K->128061K(349568K)
[109.641s][info][gc,metaspace   ] GC(293) Metaspace: 15005K->15005K(31744K)
[109.641s][info][gc             ] GC(293) Pause Young (Allocation Failure) 142M->142M(494M) 285.241ms
[109.641s][info][gc,cpu         ] GC(293) User=0.28s Sys=0.00s Real=0.28s
[109.707s][info][gc,start       ] GC(294) Pause Young (Allocation Failure)
[110.147s][info][gc,heap        ] GC(294) DefNew: 157248K->17472K(157248K)
[110.147s][info][gc,heap        ] GC(294) Tenured: 128061K->267777K(349568K)
[110.147s][info][gc,metaspace   ] GC(294) Metaspace: 15005K->15005K(31744K)
[110.147s][info][gc             ] GC(294) Pause Young (Allocation Failure) 278M->278M(494M) 439.930ms
[110.147s][info][gc,cpu         ] GC(294) User=0.45s Sys=0.00s Real=0.44s
[110.216s][info][gc,start       ] GC(295) Pause Young (Allocation Failure)
[110.216s][info][gc,start       ] GC(296) Pause Full (Allocation Failure)
[110.217s][info][gc,phases,start] GC(296) Phase 1: Mark live objects
[110.240s][info][gc,phases      ] GC(296) Phase 1: Mark live objects 23.089ms
[110.240s][info][gc,phases,start] GC(296) Phase 2: Compute new object addresses
[110.366s][info][gc,phases      ] GC(296) Phase 2: Compute new object addresses 125.443ms
[110.366s][info][gc,phases,start] GC(296) Phase 3: Adjust pointers
[110.376s][info][gc,phases      ] GC(296) Phase 3: Adjust pointers 10.034ms
[110.376s][info][gc,phases,start] GC(296) Phase 4: Move objects
[110.379s][info][gc,phases      ] GC(296) Phase 4: Move objects 2.714ms
[110.380s][info][gc             ] GC(296) Pause Full (Allocation Failure) 414M->5M(494M) 163.153ms
[110.380s][info][gc,heap        ] GC(295) DefNew: 156785K->0K(157248K)
[110.380s][info][gc,heap        ] GC(295) Tenured: 267777K->6008K(349568K)
[110.380s][info][gc,metaspace   ] GC(295) Metaspace: 15005K->15005K(31744K)
[110.380s][info][gc             ] GC(295) Pause Young (Allocation Failure) 414M->5M(494M) 163.520ms
[110.380s][info][gc,cpu         ] GC(295) User=0.16s Sys=0.00s Real=0.17s
[110.431s][info][gc,start       ] GC(297) Pause Young (Allocation Failure)
[110.767s][info][gc,heap        ] GC(297) DefNew: 139776K->17471K(157248K)
[110.767s][info][gc,heap        ] GC(297) Tenured: 6008K->128045K(349568K)
[110.767s][info][gc,metaspace   ] GC(297) Metaspace: 15005K->15005K(31744K)
[110.767s][info][gc             ] GC(297) Pause Young (Allocation Failure) 142M->142M(494M) 336.625ms
[110.768s][info][gc,cpu         ] GC(297) User=0.34s Sys=0.00s Real=0.34s
[110.850s][info][gc,start       ] GC(298) Pause Young (Allocation Failure)
[111.314s][info][gc,heap        ] GC(298) DefNew: 157247K->17472K(157248K)
[111.314s][info][gc,heap        ] GC(298) Tenured: 128045K->267761K(349568K)
[111.314s][info][gc,metaspace   ] GC(298) Metaspace: 15005K->15005K(31744K)
[111.314s][info][gc             ] GC(298) Pause Young (Allocation Failure) 278M->278M(494M) 463.942ms
[111.314s][info][gc,cpu         ] GC(298) User=0.45s Sys=0.00s Real=0.45s
[111.392s][info][gc,start       ] GC(299) Pause Young (Allocation Failure)
[111.392s][info][gc,start       ] GC(300) Pause Full (Allocation Failure)
[111.393s][info][gc,phases,start] GC(300) Phase 1: Mark live objects
[111.420s][info][gc,phases      ] GC(300) Phase 1: Mark live objects 26.706ms
[111.420s][info][gc,phases,start] GC(300) Phase 2: Compute new object addresses
[111.576s][info][gc,phases      ] GC(300) Phase 2: Compute new object addresses 156.484ms
[111.576s][info][gc,phases,start] GC(300) Phase 3: Adjust pointers
[111.587s][info][gc,phases      ] GC(300) Phase 3: Adjust pointers 10.724ms
[111.587s][info][gc,phases,start] GC(300) Phase 4: Move objects
[111.587s][info][gc,phases      ] GC(300) Phase 4: Move objects 0.090ms
[111.589s][info][gc             ] GC(300) Pause Full (Allocation Failure) 415M->5M(494M) 196.517ms
[111.589s][info][gc,heap        ] GC(299) DefNew: 157248K->0K(157248K)
[111.589s][info][gc,heap        ] GC(299) Tenured: 267761K->6052K(349568K)
[111.589s][info][gc,metaspace   ] GC(299) Metaspace: 15005K->15005K(31744K)
[111.589s][info][gc             ] GC(299) Pause Young (Allocation Failure) 415M->5M(494M) 197.094ms
[111.589s][info][gc,cpu         ] GC(299) User=0.20s Sys=0.00s Real=0.20s
[111.635s][info][gc,start       ] GC(301) Pause Young (Allocation Failure)
[111.925s][info][gc,heap        ] GC(301) DefNew: 139776K->17471K(157248K)
[111.925s][info][gc,heap        ] GC(301) Tenured: 6052K->128300K(349568K)
[111.925s][info][gc,metaspace   ] GC(301) Metaspace: 15005K->15005K(31744K)
[111.925s][info][gc             ] GC(301) Pause Young (Allocation Failure) 142M->142M(494M) 290.485ms
[111.925s][info][gc,cpu         ] GC(301) User=0.30s Sys=0.00s Real=0.30s
[111.985s][info][gc,start       ] GC(302) Pause Young (Allocation Failure)
[112.399s][info][gc,heap        ] GC(302) DefNew: 157247K->17472K(157248K)
[112.399s][info][gc,heap        ] GC(302) Tenured: 128300K->268017K(349568K)
[112.399s][info][gc,metaspace   ] GC(302) Metaspace: 15005K->15005K(31744K)
[112.399s][info][gc             ] GC(302) Pause Young (Allocation Failure) 278M->278M(494M) 414.648ms
[112.399s][info][gc,cpu         ] GC(302) User=0.42s Sys=0.00s Real=0.42s
[112.460s][info][gc,start       ] GC(303) Pause Young (Allocation Failure)
[112.460s][info][gc,start       ] GC(304) Pause Full (Allocation Failure)
[112.461s][info][gc,phases,start] GC(304) Phase 1: Mark live objects
[113.024s][info][gc,phases      ] GC(304) Phase 1: Mark live objects 563.176ms
[113.024s][info][gc,phases,start] GC(304) Phase 2: Compute new object addresses
[113.241s][info][gc,phases      ] GC(304) Phase 2: Compute new object addresses 216.346ms
[113.241s][info][gc,phases,start] GC(304) Phase 3: Adjust pointers
[113.558s][info][gc,phases      ] GC(304) Phase 3: Adjust pointers 317.075ms
[113.558s][info][gc,phases,start] GC(304) Phase 4: Move objects
[113.750s][info][gc,phases      ] GC(304) Phase 4: Move objects 192.004ms
[113.752s][info][gc             ] GC(304) Pause Full (Allocation Failure) 415M->415M(494M) 1291.599ms
[113.752s][info][gc,heap        ] GC(303) DefNew: 157248K->75465K(157248K)
[113.752s][info][gc,heap        ] GC(303) Tenured: 268017K->349567K(349568K)
[113.752s][info][gc,metaspace   ] GC(303) Metaspace: 15005K->15005K(31744K)
[113.752s][info][gc             ] GC(303) Pause Young (Allocation Failure) 415M->415M(494M) 1291.993ms
[113.752s][info][gc,cpu         ] GC(303) User=1.28s Sys=0.02s Real=1.30s
[113.998s][info][gc,start       ] GC(305) Pause Full (Allocation Failure)
[113.999s][info][gc,phases,start] GC(305) Phase 1: Mark live objects
[114.134s][info][gc,phases      ] GC(305) Phase 1: Mark live objects 135.643ms
[114.134s][info][gc,phases,start] GC(305) Phase 2: Compute new object addresses
[114.359s][info][gc,phases      ] GC(305) Phase 2: Compute new object addresses 224.187ms
[114.359s][info][gc,phases,start] GC(305) Phase 3: Adjust pointers
[114.409s][info][gc,phases      ] GC(305) Phase 3: Adjust pointers 50.108ms
[114.409s][info][gc,phases,start] GC(305) Phase 4: Move objects
[114.457s][info][gc,phases      ] GC(305) Phase 4: Move objects 48.005ms
[114.458s][info][gc,heap        ] GC(305) DefNew: 157247K->0K(157248K)
[114.458s][info][gc,heap        ] GC(305) Tenured: 349567K->85530K(349568K)
[114.458s][info][gc,metaspace   ] GC(305) Metaspace: 15006K->15006K(31744K)
[114.459s][info][gc             ] GC(305) Pause Full (Allocation Failure) 494M->83M(494M) 460.505ms
[114.459s][info][gc,cpu         ] GC(305) User=0.47s Sys=0.00s Real=0.47s
[114.536s][info][gc,start       ] GC(306) Pause Young (Allocation Failure)
[114.993s][info][gc,heap        ] GC(306) DefNew: 139776K->17472K(157248K)
[114.994s][info][gc,heap        ] GC(306) Tenured: 85530K->207344K(349568K)
[114.994s][info][gc,metaspace   ] GC(306) Metaspace: 14789K->14789K(31744K)
[114.994s][info][gc             ] GC(306) Pause Young (Allocation Failure) 220M->219M(494M) 458.100ms
[114.994s][info][gc,cpu         ] GC(306) User=0.45s Sys=0.00s Real=0.45s
[115.091s][info][gc,start       ] GC(307) Pause Young (Allocation Failure)
[115.091s][info][gc,start       ] GC(308) Pause Full (Allocation Failure)
[115.092s][info][gc,phases,start] GC(308) Phase 1: Mark live objects
[115.680s][info][gc,phases      ] GC(308) Phase 1: Mark live objects 587.525ms
[115.680s][info][gc,phases,start] GC(308) Phase 2: Compute new object addresses
[115.902s][info][gc,phases      ] GC(308) Phase 2: Compute new object addresses 222.542ms
[115.902s][info][gc,phases,start] GC(308) Phase 3: Adjust pointers
[116.229s][info][gc,phases      ] GC(308) Phase 3: Adjust pointers 326.605ms
[116.229s][info][gc,phases,start] GC(308) Phase 4: Move objects
[116.533s][info][gc,phases      ] GC(308) Phase 4: Move objects 303.297ms
[116.534s][info][gc             ] GC(308) Pause Full (Allocation Failure) 356M->355M(494M) 1442.942ms
[116.534s][info][gc,heap        ] GC(307) DefNew: 157248K->14613K(157248K)
[116.534s][info][gc,heap        ] GC(307) Tenured: 207344K->349567K(349568K)
[116.534s][info][gc,metaspace   ] GC(307) Metaspace: 14789K->14789K(31744K)
[116.534s][info][gc             ] GC(307) Pause Young (Allocation Failure) 356M->355M(494M) 1443.446ms
[116.535s][info][gc,cpu         ] GC(307) User=1.45s Sys=0.00s Real=1.45s
[116.569s][info][gc,start       ] GC(309) Pause Full (Allocation Failure)
[116.570s][info][gc,phases,start] GC(309) Phase 1: Mark live objects
[116.594s][info][gc,phases      ] GC(309) Phase 1: Mark live objects 23.990ms
[116.594s][info][gc,phases,start] GC(309) Phase 2: Compute new object addresses
[116.755s][info][gc,phases      ] GC(309) Phase 2: Compute new object addresses 160.503ms
[116.755s][info][gc,phases,start] GC(309) Phase 3: Adjust pointers
[116.764s][info][gc,phases      ] GC(309) Phase 3: Adjust pointers 9.559ms
[116.765s][info][gc,phases,start] GC(309) Phase 4: Move objects
[116.765s][info][gc,phases      ] GC(309) Phase 4: Move objects 0.083ms
[116.765s][info][gc,heap        ] GC(309) DefNew: 80342K->0K(157248K)
[116.765s][info][gc,heap        ] GC(309) Tenured: 349567K->6448K(349568K)
[116.765s][info][gc,metaspace   ] GC(309) Metaspace: 14789K->14789K(31744K)
[116.765s][info][gc             ] GC(309) Pause Full (Allocation Failure) 419M->6M(494M) 195.890ms
[116.765s][info][gc,cpu         ] GC(309) User=0.20s Sys=0.00s Real=0.20s
[116.814s][info][gc,start       ] GC(310) Pause Young (Allocation Failure)
[117.124s][info][gc,heap        ] GC(310) DefNew: 139776K->17471K(157248K)
[117.124s][info][gc,heap        ] GC(310) Tenured: 6448K->128708K(349568K)
[117.124s][info][gc,metaspace   ] GC(310) Metaspace: 14789K->14789K(31744K)
[117.124s][info][gc             ] GC(310) Pause Young (Allocation Failure) 142M->142M(494M) 310.041ms
[117.124s][info][gc,cpu         ] GC(310) User=0.31s Sys=0.00s Real=0.32s
[117.190s][info][gc,start       ] GC(311) Pause Young (Allocation Failure)
[117.646s][info][gc,heap        ] GC(311) DefNew: 157247K->17472K(157248K)
[117.646s][info][gc,heap        ] GC(311) Tenured: 128708K->268422K(349568K)
[117.646s][info][gc,metaspace   ] GC(311) Metaspace: 14789K->14789K(31744K)
[117.646s][info][gc             ] GC(311) Pause Young (Allocation Failure) 279M->279M(494M) 456.113ms
[117.646s][info][gc,cpu         ] GC(311) User=0.45s Sys=0.00s Real=0.46s
[117.717s][info][gc,start       ] GC(312) Pause Young (Allocation Failure)
[117.718s][info][gc,start       ] GC(313) Pause Full (Allocation Failure)
[117.720s][info][gc,phases,start] GC(313) Phase 1: Mark live objects
[118.282s][info][gc,phases      ] GC(313) Phase 1: Mark live objects 562.374ms
[118.282s][info][gc,phases,start] GC(313) Phase 2: Compute new object addresses
[118.539s][info][gc,phases      ] GC(313) Phase 2: Compute new object addresses 256.513ms
[118.539s][info][gc,phases,start] GC(313) Phase 3: Adjust pointers
[118.869s][info][gc,phases      ] GC(313) Phase 3: Adjust pointers 330.184ms
[118.869s][info][gc,phases,start] GC(313) Phase 4: Move objects
[119.008s][info][gc,phases      ] GC(313) Phase 4: Move objects 138.633ms
[119.009s][info][gc             ] GC(313) Pause Full (Allocation Failure) 415M->415M(494M) 1291.829ms
[119.010s][info][gc,heap        ] GC(312) DefNew: 157248K->75868K(157248K)
[119.010s][info][gc,heap        ] GC(312) Tenured: 268422K->349568K(349568K)
[119.010s][info][gc,metaspace   ] GC(312) Metaspace: 14789K->14789K(31744K)
[119.010s][info][gc             ] GC(312) Pause Young (Allocation Failure) 415M->415M(494M) 1292.199ms
[119.010s][info][gc,cpu         ] GC(312) User=1.28s Sys=0.02s Real=1.30s
[119.014s][info][gc,start       ] GC(314) Pause Full (Allocation Failure)
[119.015s][info][gc,phases,start] GC(314) Phase 1: Mark live objects
[119.037s][info][gc,phases      ] GC(314) Phase 1: Mark live objects 21.929ms
[119.037s][info][gc,phases,start] GC(314) Phase 2: Compute new object addresses
[119.222s][info][gc,phases      ] GC(314) Phase 2: Compute new object addresses 184.496ms
[119.222s][info][gc,phases,start] GC(314) Phase 3: Adjust pointers
[119.232s][info][gc,phases      ] GC(314) Phase 3: Adjust pointers 10.313ms
[119.232s][info][gc,phases,start] GC(314) Phase 4: Move objects
[119.233s][info][gc,phases      ] GC(314) Phase 4: Move objects 0.111ms
[119.236s][info][gc,heap        ] GC(314) DefNew: 84276K->0K(157248K)
[119.236s][info][gc,heap        ] GC(314) Tenured: 349568K->6533K(349568K)
[119.236s][info][gc,metaspace   ] GC(314) Metaspace: 14789K->14789K(31744K)
[119.236s][info][gc             ] GC(314) Pause Full (Allocation Failure) 423M->6M(494M) 221.993ms
[119.237s][info][gc,cpu         ] GC(314) User=0.23s Sys=0.00s Real=0.23s
[119.321s][info][gc,start       ] GC(315) Pause Young (Allocation Failure)
[119.664s][info][gc,heap        ] GC(315) DefNew: 139776K->17471K(157248K)
[119.664s][info][gc,heap        ] GC(315) Tenured: 6533K->128572K(349568K)
[119.664s][info][gc,metaspace   ] GC(315) Metaspace: 14627K->14627K(31744K)
[119.664s][info][gc             ] GC(315) Pause Young (Allocation Failure) 142M->142M(494M) 342.673ms
[119.664s][info][gc,cpu         ] GC(315) User=0.34s Sys=0.00s Real=0.34s
[119.739s][info][gc,start       ] GC(316) Pause Young (Allocation Failure)
[120.254s][info][gc,heap        ] GC(316) DefNew: 157247K->17472K(157248K)
[120.254s][info][gc,heap        ] GC(316) Tenured: 128572K->268243K(349568K)
[120.255s][info][gc,metaspace   ] GC(316) Metaspace: 14627K->14627K(31744K)
[120.255s][info][gc             ] GC(316) Pause Young (Allocation Failure) 279M->279M(494M) 516.029ms
[120.255s][info][gc,cpu         ] GC(316) User=0.52s Sys=0.00s Real=0.52s
[120.367s][info][gc,start       ] GC(317) Pause Young (Allocation Failure)
[120.367s][info][gc,start       ] GC(318) Pause Full (Allocation Failure)
[120.367s][info][gc,phases,start] GC(318) Phase 1: Mark live objects
[120.976s][info][gc,phases      ] GC(318) Phase 1: Mark live objects 608.734ms
[120.976s][info][gc,phases,start] GC(318) Phase 2: Compute new object addresses
[121.253s][info][gc,phases      ] GC(318) Phase 2: Compute new object addresses 276.469ms
[121.253s][info][gc,phases,start] GC(318) Phase 3: Adjust pointers
[121.678s][info][gc,phases      ] GC(318) Phase 3: Adjust pointers 424.663ms
[121.678s][info][gc,phases,start] GC(318) Phase 4: Move objects
[122.024s][info][gc,phases      ] GC(318) Phase 4: Move objects 346.475ms
[122.026s][info][gc             ] GC(318) Pause Full (Allocation Failure) 415M->414M(494M) 1659.406ms
[122.026s][info][gc,heap        ] GC(317) DefNew: 157248K->74862K(157248K)
[122.026s][info][gc,heap        ] GC(317) Tenured: 268243K->349568K(349568K)
[122.026s][info][gc,metaspace   ] GC(317) Metaspace: 14627K->14627K(31744K)
[122.026s][info][gc             ] GC(317) Pause Young (Allocation Failure) 415M->414M(494M) 1659.807ms
[122.026s][info][gc,cpu         ] GC(317) User=1.66s Sys=0.00s Real=1.66s
[122.033s][info][gc,start       ] GC(319) Pause Full (Allocation Failure)
[122.034s][info][gc,phases,start] GC(319) Phase 1: Mark live objects
[122.057s][info][gc,phases      ] GC(319) Phase 1: Mark live objects 22.689ms
[122.057s][info][gc,phases,start] GC(319) Phase 2: Compute new object addresses
[122.205s][info][gc,phases      ] GC(319) Phase 2: Compute new object addresses 147.712ms
[122.205s][info][gc,phases,start] GC(319) Phase 3: Adjust pointers
[122.214s][info][gc,phases      ] GC(319) Phase 3: Adjust pointers 9.333ms
[122.214s][info][gc,phases,start] GC(319) Phase 4: Move objects
[122.214s][info][gc,phases      ] GC(319) Phase 4: Move objects 0.094ms
[122.215s][info][gc,heap        ] GC(319) DefNew: 87627K->0K(157248K)
[122.215s][info][gc,heap        ] GC(319) Tenured: 349568K->5733K(349568K)
[122.215s][info][gc,metaspace   ] GC(319) Metaspace: 14627K->14627K(31744K)
[122.215s][info][gc             ] GC(319) Pause Full (Allocation Failure) 426M->5M(494M) 182.320ms
[122.215s][info][gc,cpu         ] GC(319) User=0.19s Sys=0.00s Real=0.18s
[122.281s][info][gc,start       ] GC(320) Pause Young (Allocation Failure)
[122.598s][info][gc,heap        ] GC(320) DefNew: 139776K->17471K(157248K)
[122.598s][info][gc,heap        ] GC(320) Tenured: 5733K->127722K(349568K)
[122.598s][info][gc,metaspace   ] GC(320) Metaspace: 14627K->14627K(31744K)
[122.598s][info][gc             ] GC(320) Pause Young (Allocation Failure) 142M->141M(494M) 316.848ms
[122.598s][info][gc,cpu         ] GC(320) User=0.33s Sys=0.00s Real=0.33s
[122.673s][info][gc,start       ] GC(321) Pause Young (Allocation Failure)
[123.249s][info][gc,heap        ] GC(321) DefNew: 157247K->17472K(157248K)
[123.249s][info][gc,heap        ] GC(321) Tenured: 127722K->267174K(349568K)
[123.249s][info][gc,metaspace   ] GC(321) Metaspace: 14629K->14629K(31744K)
[123.249s][info][gc             ] GC(321) Pause Young (Allocation Failure) 278M->277M(494M) 576.160ms
[123.249s][info][gc,cpu         ] GC(321) User=0.58s Sys=0.00s Real=0.58s
[123.350s][info][gc,start       ] GC(322) Pause Young (Allocation Failure)
[123.350s][info][gc,start       ] GC(323) Pause Full (Allocation Failure)
[123.351s][info][gc,phases,start] GC(323) Phase 1: Mark live objects
[123.992s][info][gc,phases      ] GC(323) Phase 1: Mark live objects 640.962ms
[123.992s][info][gc,phases,start] GC(323) Phase 2: Compute new object addresses
[124.226s][info][gc,phases      ] GC(323) Phase 2: Compute new object addresses 234.121ms
[124.226s][info][gc,phases,start] GC(323) Phase 3: Adjust pointers
[124.570s][info][gc,phases      ] GC(323) Phase 3: Adjust pointers 343.757ms
[124.570s][info][gc,phases,start] GC(323) Phase 4: Move objects
[124.713s][info][gc,phases      ] GC(323) Phase 4: Move objects 142.928ms
[124.715s][info][gc             ] GC(323) Pause Full (Allocation Failure) 414M->414M(494M) 1364.567ms
[124.715s][info][gc,heap        ] GC(322) DefNew: 157248K->74619K(157248K)
[124.715s][info][gc,heap        ] GC(322) Tenured: 267174K->349568K(349568K)
[124.715s][info][gc,metaspace   ] GC(322) Metaspace: 14629K->14629K(31744K)
[124.715s][info][gc             ] GC(322) Pause Young (Allocation Failure) 414M->414M(494M) 1364.993ms
[124.715s][info][gc,cpu         ] GC(322) User=1.36s Sys=0.00s Real=1.36s
[124.723s][info][gc,start       ] GC(324) Pause Full (Allocation Failure)
[124.724s][info][gc,phases,start] GC(324) Phase 1: Mark live objects
[124.746s][info][gc,phases      ] GC(324) Phase 1: Mark live objects 22.152ms
[124.746s][info][gc,phases,start] GC(324) Phase 2: Compute new object addresses
[124.909s][info][gc,phases      ] GC(324) Phase 2: Compute new object addresses 162.603ms
[124.909s][info][gc,phases,start] GC(324) Phase 3: Adjust pointers
[124.918s][info][gc,phases      ] GC(324) Phase 3: Adjust pointers 9.169ms
[124.918s][info][gc,phases,start] GC(324) Phase 4: Move objects
[124.918s][info][gc,phases      ] GC(324) Phase 4: Move objects 0.083ms
[124.919s][info][gc,heap        ] GC(324) DefNew: 89886K->0K(157248K)
[124.919s][info][gc,heap        ] GC(324) Tenured: 349568K->5788K(349568K)
[124.919s][info][gc,metaspace   ] GC(324) Metaspace: 14629K->14629K(31744K)
[124.919s][info][gc             ] GC(324) Pause Full (Allocation Failure) 429M->5M(494M) 195.555ms
[124.919s][info][gc,cpu         ] GC(324) User=0.19s Sys=0.00s Real=0.19s
[124.970s][info][gc,start       ] GC(325) Pause Young (Allocation Failure)
[125.292s][info][gc,heap        ] GC(325) DefNew: 139776K->17471K(157248K)
[125.292s][info][gc,heap        ] GC(325) Tenured: 5788K->128038K(349568K)
[125.292s][info][gc,metaspace   ] GC(325) Metaspace: 14629K->14629K(31744K)
[125.292s][info][gc             ] GC(325) Pause Young (Allocation Failure) 142M->142M(494M) 322.773ms
[125.292s][info][gc,cpu         ] GC(325) User=0.31s Sys=0.00s Real=0.32s
[125.364s][info][gc,start       ] GC(326) Pause Young (Allocation Failure)
[125.853s][info][gc,heap        ] GC(326) DefNew: 157247K->17472K(157248K)
[125.854s][info][gc,heap        ] GC(326) Tenured: 128038K->267554K(349568K)
[125.854s][info][gc,metaspace   ] GC(326) Metaspace: 14629K->14629K(31744K)
[125.854s][info][gc             ] GC(326) Pause Young (Allocation Failure) 278M->278M(494M) 489.294ms
[125.854s][info][gc,cpu         ] GC(326) User=0.48s Sys=0.00s Real=0.48s
[125.927s][info][gc,start       ] GC(327) Pause Young (Allocation Failure)
[125.927s][info][gc,start       ] GC(328) Pause Full (Allocation Failure)
[125.930s][info][gc,phases,start] GC(328) Phase 1: Mark live objects
[126.554s][info][gc,phases      ] GC(328) Phase 1: Mark live objects 623.818ms
[126.554s][info][gc,phases,start] GC(328) Phase 2: Compute new object addresses
[126.798s][info][gc,phases      ] GC(328) Phase 2: Compute new object addresses 244.154ms
[126.798s][info][gc,phases,start] GC(328) Phase 3: Adjust pointers
[127.163s][info][gc,phases      ] GC(328) Phase 3: Adjust pointers 364.496ms
[127.163s][info][gc,phases,start] GC(328) Phase 4: Move objects
[127.517s][info][gc,phases      ] GC(328) Phase 4: Move objects 354.468ms
[127.519s][info][gc             ] GC(328) Pause Full (Allocation Failure) 414M->414M(494M) 1592.328ms
[127.519s][info][gc,heap        ] GC(327) DefNew: 157248K->75166K(157248K)
[127.519s][info][gc,heap        ] GC(327) Tenured: 267554K->349567K(349568K)
[127.519s][info][gc,metaspace   ] GC(327) Metaspace: 14629K->14629K(31744K)
[127.520s][info][gc             ] GC(327) Pause Young (Allocation Failure) 414M->414M(494M) 1592.752ms
[127.520s][info][gc,cpu         ] GC(327) User=1.59s Sys=0.00s Real=1.59s
[127.542s][info][gc,start       ] GC(329) Pause Full (Allocation Failure)
[127.542s][info][gc,phases,start] GC(329) Phase 1: Mark live objects
[127.570s][info][gc,phases      ] GC(329) Phase 1: Mark live objects 28.043ms
[127.570s][info][gc,phases,start] GC(329) Phase 2: Compute new object addresses
[127.744s][info][gc,phases      ] GC(329) Phase 2: Compute new object addresses 173.965ms
[127.745s][info][gc,phases,start] GC(329) Phase 3: Adjust pointers
[127.755s][info][gc,phases      ] GC(329) Phase 3: Adjust pointers 9.964ms
[127.755s][info][gc,phases,start] GC(329) Phase 4: Move objects
[127.755s][info][gc,phases      ] GC(329) Phase 4: Move objects 0.104ms
[127.756s][info][gc,heap        ] GC(329) DefNew: 93139K->0K(157248K)
[127.756s][info][gc,heap        ] GC(329) Tenured: 349567K->5845K(349568K)
[127.756s][info][gc,metaspace   ] GC(329) Metaspace: 14629K->14629K(31744K)
[127.756s][info][gc             ] GC(329) Pause Full (Allocation Failure) 432M->5M(494M) 214.188ms
[127.756s][info][gc,cpu         ] GC(329) User=0.22s Sys=0.00s Real=0.21s
[127.822s][info][gc,start       ] GC(330) Pause Young (Allocation Failure)
[128.234s][info][gc,heap        ] GC(330) DefNew: 139776K->17471K(157248K)
[128.234s][info][gc,heap        ] GC(330) Tenured: 5845K->127983K(349568K)
[128.234s][info][gc,metaspace   ] GC(330) Metaspace: 14629K->14629K(31744K)
[128.234s][info][gc             ] GC(330) Pause Young (Allocation Failure) 142M->142M(494M) 412.045ms
[128.234s][info][gc,cpu         ] GC(330) User=0.41s Sys=0.00s Real=0.41s
[128.326s][info][gc,start       ] GC(331) Pause Young (Allocation Failure)
[128.836s][info][gc,heap        ] GC(331) DefNew: 157247K->17472K(157248K)
[128.837s][info][gc,heap        ] GC(331) Tenured: 127983K->267548K(349568K)
[128.837s][info][gc,metaspace   ] GC(331) Metaspace: 14629K->14629K(31744K)
[128.837s][info][gc             ] GC(331) Pause Young (Allocation Failure) 278M->278M(494M) 510.820ms
[128.837s][info][gc,cpu         ] GC(331) User=0.52s Sys=0.00s Real=0.51s
[128.939s][info][gc,start       ] GC(332) Pause Young (Allocation Failure)
[128.940s][info][gc,start       ] GC(333) Pause Full (Allocation Failure)
[128.940s][info][gc,phases,start] GC(333) Phase 1: Mark live objects
[129.561s][info][gc,phases      ] GC(333) Phase 1: Mark live objects 621.245ms
[129.561s][info][gc,phases,start] GC(333) Phase 2: Compute new object addresses
[129.868s][info][gc,phases      ] GC(333) Phase 2: Compute new object addresses 306.780ms
[129.868s][info][gc,phases,start] GC(333) Phase 3: Adjust pointers
[130.222s][info][gc,phases      ] GC(333) Phase 3: Adjust pointers 353.173ms
[130.222s][info][gc,phases,start] GC(333) Phase 4: Move objects
[130.377s][info][gc,phases      ] GC(333) Phase 4: Move objects 155.688ms
[130.380s][info][gc             ] GC(333) Pause Full (Allocation Failure) 414M->414M(494M) 1440.257ms
[130.380s][info][gc,heap        ] GC(332) DefNew: 157248K->75127K(157248K)
[130.380s][info][gc,heap        ] GC(332) Tenured: 267548K->349567K(349568K)
[130.380s][info][gc,metaspace   ] GC(332) Metaspace: 14629K->14629K(31744K)
[130.380s][info][gc             ] GC(332) Pause Young (Allocation Failure) 414M->414M(494M) 1440.749ms
[130.380s][info][gc,cpu         ] GC(332) User=1.80s Sys=0.02s Real=1.44s
[130.407s][info][gc,start       ] GC(334) Pause Full (Allocation Failure)
[130.407s][info][gc,phases,start] GC(334) Phase 1: Mark live objects
[130.442s][info][gc,phases      ] GC(334) Phase 1: Mark live objects 34.919ms
[130.442s][info][gc,phases,start] GC(334) Phase 2: Compute new object addresses
[130.630s][info][gc,phases      ] GC(334) Phase 2: Compute new object addresses 187.981ms
[130.631s][info][gc,phases,start] GC(334) Phase 3: Adjust pointers
[130.640s][info][gc,phases      ] GC(334) Phase 3: Adjust pointers 9.295ms
[130.640s][info][gc,phases,start] GC(334) Phase 4: Move objects
[130.640s][info][gc,phases      ] GC(334) Phase 4: Move objects 0.079ms
[130.641s][info][gc,heap        ] GC(334) DefNew: 95476K->0K(157248K)
[130.641s][info][gc,heap        ] GC(334) Tenured: 349567K->5898K(349568K)
[130.641s][info][gc,metaspace   ] GC(334) Metaspace: 14629K->14629K(31744K)
[130.641s][info][gc             ] GC(334) Pause Full (Allocation Failure) 434M->5M(494M) 234.033ms
[130.641s][info][gc,cpu         ] GC(334) User=0.30s Sys=0.05s Real=0.23s
[130.707s][info][gc,start       ] GC(335) Pause Young (Allocation Failure)
[131.080s][info][gc,heap        ] GC(335) DefNew: 139776K->17471K(157248K)
[131.080s][info][gc,heap        ] GC(335) Tenured: 5898K->127821K(349568K)
[131.080s][info][gc,metaspace   ] GC(335) Metaspace: 14617K->14617K(31744K)
[131.080s][info][gc             ] GC(335) Pause Young (Allocation Failure) 142M->141M(494M) 372.760ms
[131.080s][info][gc,cpu         ] GC(335) User=0.34s Sys=0.00s Real=0.36s
[131.174s][info][gc,start       ] GC(336) Pause Young (Allocation Failure)
[131.646s][info][gc,heap        ] GC(336) DefNew: 157247K->17472K(157248K)
[131.647s][info][gc,heap        ] GC(336) Tenured: 127821K->267527K(349568K)
[131.647s][info][gc,metaspace   ] GC(336) Metaspace: 14617K->14617K(31744K)
[131.647s][info][gc             ] GC(336) Pause Young (Allocation Failure) 278M->278M(494M) 473.159ms
[131.647s][info][gc,cpu         ] GC(336) User=0.45s Sys=0.00s Real=0.46s
[131.729s][info][gc,start       ] GC(337) Pause Young (Allocation Failure)
[131.730s][info][gc,start       ] GC(338) Pause Full (Allocation Failure)
[131.731s][info][gc,phases,start] GC(338) Phase 1: Mark live objects
[132.359s][info][gc,phases      ] GC(338) Phase 1: Mark live objects 628.274ms
[132.359s][info][gc,phases,start] GC(338) Phase 2: Compute new object addresses
[132.603s][info][gc,phases      ] GC(338) Phase 2: Compute new object addresses 243.926ms
[132.603s][info][gc,phases,start] GC(338) Phase 3: Adjust pointers
[132.952s][info][gc,phases      ] GC(338) Phase 3: Adjust pointers 348.578ms
[132.952s][info][gc,phases,start] GC(338) Phase 4: Move objects
[133.263s][info][gc,phases      ] GC(338) Phase 4: Move objects 310.817ms
[133.265s][info][gc             ] GC(338) Pause Full (Allocation Failure) 414M->414M(494M) 1534.976ms
[133.265s][info][gc,heap        ] GC(337) DefNew: 157248K->74963K(157248K)
[133.265s][info][gc,heap        ] GC(337) Tenured: 267527K->349567K(349568K)
[133.265s][info][gc,metaspace   ] GC(337) Metaspace: 14617K->14617K(31744K)
[133.265s][info][gc             ] GC(337) Pause Young (Allocation Failure) 414M->414M(494M) 1535.453ms
[133.265s][info][gc,cpu         ] GC(337) User=1.52s Sys=0.00s Real=1.53s
[133.276s][info][gc,start       ] GC(339) Pause Full (Allocation Failure)
[133.278s][info][gc,phases,start] GC(339) Phase 1: Mark live objects
[133.303s][info][gc,phases      ] GC(339) Phase 1: Mark live objects 24.812ms
[133.303s][info][gc,phases,start] GC(339) Phase 2: Compute new object addresses
[133.459s][info][gc,phases      ] GC(339) Phase 2: Compute new object addresses 156.660ms
[133.459s][info][gc,phases,start] GC(339) Phase 3: Adjust pointers
[133.469s][info][gc,phases      ] GC(339) Phase 3: Adjust pointers 9.572ms
[133.469s][info][gc,phases,start] GC(339) Phase 4: Move objects
[133.469s][info][gc,phases      ] GC(339) Phase 4: Move objects 0.094ms
[133.470s][info][gc,heap        ] GC(339) DefNew: 97909K->0K(157248K)
[133.470s][info][gc,heap        ] GC(339) Tenured: 349567K->5965K(349568K)
[133.470s][info][gc,metaspace   ] GC(339) Metaspace: 14617K->14617K(31744K)
[133.470s][info][gc             ] GC(339) Pause Full (Allocation Failure) 436M->5M(494M) 194.220ms
[133.470s][info][gc,cpu         ] GC(339) User=0.19s Sys=0.00s Real=0.19s
[133.526s][info][gc,start       ] GC(340) Pause Young (Allocation Failure)
[133.801s][info][gc,heap        ] GC(340) DefNew: 139776K->17472K(157248K)
[133.801s][info][gc,heap        ] GC(340) Tenured: 5965K->128078K(349568K)
[133.801s][info][gc,metaspace   ] GC(340) Metaspace: 14617K->14617K(31744K)
[133.801s][info][gc             ] GC(340) Pause Young (Allocation Failure) 142M->142M(494M) 275.153ms
[133.801s][info][gc,cpu         ] GC(340) User=0.28s Sys=0.00s Real=0.28s
[133.856s][info][gc,start       ] GC(341) Pause Young (Allocation Failure)
[134.312s][info][gc,heap        ] GC(341) DefNew: 157248K->17472K(157248K)
[134.312s][info][gc,heap        ] GC(341) Tenured: 128078K->267748K(349568K)
[134.312s][info][gc,metaspace   ] GC(341) Metaspace: 14617K->14617K(31744K)
[134.312s][info][gc             ] GC(341) Pause Young (Allocation Failure) 278M->278M(494M) 456.189ms
[134.313s][info][gc,cpu         ] GC(341) User=0.45s Sys=0.00s Real=0.45s
[134.378s][info][gc,start       ] GC(342) Pause Young (Allocation Failure)
[134.378s][info][gc,start       ] GC(343) Pause Full (Allocation Failure)
[134.379s][info][gc,phases,start] GC(343) Phase 1: Mark live objects
[134.962s][info][gc,phases      ] GC(343) Phase 1: Mark live objects 583.014ms
[134.962s][info][gc,phases,start] GC(343) Phase 2: Compute new object addresses
[135.205s][info][gc,phases      ] GC(343) Phase 2: Compute new object addresses 243.204ms
[135.205s][info][gc,phases,start] GC(343) Phase 3: Adjust pointers
[135.516s][info][gc,phases      ] GC(343) Phase 3: Adjust pointers 310.398ms
[135.516s][info][gc,phases,start] GC(343) Phase 4: Move objects
[135.678s][info][gc,phases      ] GC(343) Phase 4: Move objects 162.228ms
[135.680s][info][gc             ] GC(343) Pause Full (Allocation Failure) 415M->414M(494M) 1302.208ms
[135.680s][info][gc,heap        ] GC(342) DefNew: 157248K->74890K(157248K)
[135.680s][info][gc,heap        ] GC(342) Tenured: 267748K->349567K(349568K)
[135.681s][info][gc,metaspace   ] GC(342) Metaspace: 14617K->14617K(31744K)
[135.681s][info][gc             ] GC(342) Pause Young (Allocation Failure) 415M->414M(494M) 1302.821ms
[135.681s][info][gc,cpu         ] GC(342) User=1.30s Sys=0.00s Real=1.30s
[135.696s][info][gc,start       ] GC(344) Pause Full (Allocation Failure)
[135.696s][info][gc,phases,start] GC(344) Phase 1: Mark live objects
[135.718s][info][gc,phases      ] GC(344) Phase 1: Mark live objects 21.503ms
[135.718s][info][gc,phases,start] GC(344) Phase 2: Compute new object addresses
[135.887s][info][gc,phases      ] GC(344) Phase 2: Compute new object addresses 168.455ms
[135.887s][info][gc,phases,start] GC(344) Phase 3: Adjust pointers
[135.898s][info][gc,phases      ] GC(344) Phase 3: Adjust pointers 10.914ms
[135.898s][info][gc,phases,start] GC(344) Phase 4: Move objects
[135.898s][info][gc,phases      ] GC(344) Phase 4: Move objects 0.112ms
[135.899s][info][gc,heap        ] GC(344) DefNew: 100455K->0K(157248K)
[135.899s][info][gc,heap        ] GC(344) Tenured: 349567K->6021K(349568K)
[135.899s][info][gc,metaspace   ] GC(344) Metaspace: 14617K->14617K(31744K)
[135.899s][info][gc             ] GC(344) Pause Full (Allocation Failure) 439M->5M(494M) 202.717ms
[135.899s][info][gc,cpu         ] GC(344) User=0.23s Sys=0.06s Real=0.20s
[135.966s][info][gc,start       ] GC(345) Pause Young (Allocation Failure)
[136.279s][info][gc,heap        ] GC(345) DefNew: 139776K->17471K(157248K)
[136.279s][info][gc,heap        ] GC(345) Tenured: 6021K->127709K(349568K)
[136.279s][info][gc,metaspace   ] GC(345) Metaspace: 14617K->14617K(31744K)
[136.279s][info][gc             ] GC(345) Pause Young (Allocation Failure) 142M->141M(494M) 313.625ms
[136.279s][info][gc,cpu         ] GC(345) User=0.31s Sys=0.00s Real=0.31s
[136.346s][info][gc,start       ] GC(346) Pause Young (Allocation Failure)
[136.773s][info][gc,heap        ] GC(346) DefNew: 157247K->17472K(157248K)
[136.774s][info][gc,heap        ] GC(346) Tenured: 127709K->267415K(349568K)
[136.774s][info][gc,metaspace   ] GC(346) Metaspace: 14617K->14617K(31744K)
[136.774s][info][gc             ] GC(346) Pause Young (Allocation Failure) 278M->278M(494M) 427.568ms
[136.774s][info][gc,cpu         ] GC(346) User=0.44s Sys=0.00s Real=0.44s
[136.838s][info][gc,start       ] GC(347) Pause Young (Allocation Failure)
[136.839s][info][gc,start       ] GC(348) Pause Full (Allocation Failure)
[136.839s][info][gc,phases,start] GC(348) Phase 1: Mark live objects
[137.424s][info][gc,phases      ] GC(348) Phase 1: Mark live objects 584.673ms
[137.424s][info][gc,phases,start] GC(348) Phase 2: Compute new object addresses
[137.681s][info][gc,phases      ] GC(348) Phase 2: Compute new object addresses 257.186ms
[137.681s][info][gc,phases,start] GC(348) Phase 3: Adjust pointers
[138.014s][info][gc,phases      ] GC(348) Phase 3: Adjust pointers 332.842ms
[138.014s][info][gc,phases,start] GC(348) Phase 4: Move objects
[138.337s][info][gc,phases      ] GC(348) Phase 4: Move objects 322.421ms
[138.338s][info][gc             ] GC(348) Pause Full (Allocation Failure) 414M->414M(494M) 1499.718ms
[138.338s][info][gc,heap        ] GC(347) DefNew: 157248K->74647K(157248K)
[138.338s][info][gc,heap        ] GC(347) Tenured: 267415K->349568K(349568K)
[138.338s][info][gc,metaspace   ] GC(347) Metaspace: 14617K->14617K(31744K)
[138.339s][info][gc             ] GC(347) Pause Young (Allocation Failure) 414M->414M(494M) 1500.094ms
[138.339s][info][gc,cpu         ] GC(347) User=1.50s Sys=0.00s Real=1.50s
[138.369s][info][gc,start       ] GC(349) Pause Full (Allocation Failure)
[138.370s][info][gc,phases,start] GC(349) Phase 1: Mark live objects
[138.409s][info][gc,phases      ] GC(349) Phase 1: Mark live objects 39.002ms
[138.409s][info][gc,phases,start] GC(349) Phase 2: Compute new object addresses
[138.610s][info][gc,phases      ] GC(349) Phase 2: Compute new object addresses 201.256ms
[138.610s][info][gc,phases,start] GC(349) Phase 3: Adjust pointers
[138.621s][info][gc,phases      ] GC(349) Phase 3: Adjust pointers 10.521ms
[138.621s][info][gc,phases,start] GC(349) Phase 4: Move objects
[138.621s][info][gc,phases      ] GC(349) Phase 4: Move objects 0.102ms
[138.622s][info][gc,heap        ] GC(349) DefNew: 102924K->0K(157248K)
[138.622s][info][gc,heap        ] GC(349) Tenured: 349568K->6094K(349568K)
[138.622s][info][gc,metaspace   ] GC(349) Metaspace: 14617K->14617K(31744K)
[138.623s][info][gc             ] GC(349) Pause Full (Allocation Failure) 441M->5M(494M) 253.770ms
[138.623s][info][gc,cpu         ] GC(349) User=0.25s Sys=0.00s Real=0.25s
[138.691s][info][gc,start       ] GC(350) Pause Young (Allocation Failure)
[139.004s][info][gc,heap        ] GC(350) DefNew: 139776K->17472K(157248K)
[139.004s][info][gc,heap        ] GC(350) Tenured: 6094K->127902K(349568K)
[139.004s][info][gc,metaspace   ] GC(350) Metaspace: 14617K->14617K(31744K)
[139.004s][info][gc             ] GC(350) Pause Young (Allocation Failure) 142M->141M(494M) 312.887ms
[139.004s][info][gc,cpu         ] GC(350) User=0.31s Sys=0.00s Real=0.31s
[139.084s][info][gc,start       ] GC(351) Pause Young (Allocation Failure)
[139.557s][info][gc,heap        ] GC(351) DefNew: 157248K->17472K(157248K)
[139.557s][info][gc,heap        ] GC(351) Tenured: 127902K->267573K(349568K)
[139.557s][info][gc,metaspace   ] GC(351) Metaspace: 14617K->14617K(31744K)
[139.557s][info][gc             ] GC(351) Pause Young (Allocation Failure) 278M->278M(494M) 473.651ms
[139.557s][info][gc,cpu         ] GC(351) User=0.55s Sys=0.00s Real=0.46s
[139.660s][info][gc,start       ] GC(352) Pause Young (Allocation Failure)
[139.660s][info][gc,start       ] GC(353) Pause Full (Allocation Failure)
[139.660s][info][gc,phases,start] GC(353) Phase 1: Mark live objects
[140.250s][info][gc,phases      ] GC(353) Phase 1: Mark live objects 589.891ms
[140.250s][info][gc,phases,start] GC(353) Phase 2: Compute new object addresses
[140.465s][info][gc,phases      ] GC(353) Phase 2: Compute new object addresses 214.715ms
[140.465s][info][gc,phases,start] GC(353) Phase 3: Adjust pointers
[140.769s][info][gc,phases      ] GC(353) Phase 3: Adjust pointers 303.520ms
[140.769s][info][gc,phases,start] GC(353) Phase 4: Move objects
[140.917s][info][gc,phases      ] GC(353) Phase 4: Move objects 148.417ms
[140.919s][info][gc             ] GC(353) Pause Full (Allocation Failure) 414M->414M(494M) 1259.022ms
[140.919s][info][gc,heap        ] GC(352) DefNew: 157248K->75047K(157248K)
[140.919s][info][gc,heap        ] GC(352) Tenured: 267573K->349568K(349568K)
[140.919s][info][gc,metaspace   ] GC(352) Metaspace: 14618K->14618K(31744K)
[140.919s][info][gc             ] GC(352) Pause Young (Allocation Failure) 414M->414M(494M) 1259.416ms
[140.919s][info][gc,cpu         ] GC(352) User=1.25s Sys=0.00s Real=1.25s
[140.936s][info][gc,start       ] GC(354) Pause Full (Allocation Failure)
[140.936s][info][gc,phases,start] GC(354) Phase 1: Mark live objects
[140.964s][info][gc,phases      ] GC(354) Phase 1: Mark live objects 27.767ms
[140.964s][info][gc,phases,start] GC(354) Phase 2: Compute new object addresses
[141.141s][info][gc,phases      ] GC(354) Phase 2: Compute new object addresses 176.482ms
[141.141s][info][gc,phases,start] GC(354) Phase 3: Adjust pointers
[141.155s][info][gc,phases      ] GC(354) Phase 3: Adjust pointers 14.570ms
[141.156s][info][gc,phases,start] GC(354) Phase 4: Move objects
[141.156s][info][gc,phases      ] GC(354) Phase 4: Move objects 0.141ms
[141.157s][info][gc,heap        ] GC(354) DefNew: 105918K->0K(157248K)
[141.157s][info][gc,heap        ] GC(354) Tenured: 349568K->6150K(349568K)
[141.157s][info][gc,metaspace   ] GC(354) Metaspace: 14619K->14619K(31744K)
[141.157s][info][gc             ] GC(354) Pause Full (Allocation Failure) 444M->6M(494M) 221.318ms
[141.157s][info][gc,cpu         ] GC(354) User=0.23s Sys=0.00s Real=0.24s
[141.208s][info][gc,start       ] GC(355) Pause Young (Allocation Failure)
[141.496s][info][gc,heap        ] GC(355) DefNew: 139776K->17471K(157248K)
[141.496s][info][gc,heap        ] GC(355) Tenured: 6150K->128247K(349568K)
[141.496s][info][gc,metaspace   ] GC(355) Metaspace: 14619K->14619K(31744K)
[141.496s][info][gc             ] GC(355) Pause Young (Allocation Failure) 142M->142M(494M) 288.300ms
[141.497s][info][gc,cpu         ] GC(355) User=0.28s Sys=0.00s Real=0.28s
[141.583s][info][gc,start       ] GC(356) Pause Young (Allocation Failure)
[142.025s][info][gc,heap        ] GC(356) DefNew: 157247K->17472K(157248K)
[142.025s][info][gc,heap        ] GC(356) Tenured: 128247K->267812K(349568K)
[142.025s][info][gc,metaspace   ] GC(356) Metaspace: 14619K->14619K(31744K)
[142.025s][info][gc             ] GC(356) Pause Young (Allocation Failure) 278M->278M(494M) 441.486ms
[142.025s][info][gc,cpu         ] GC(356) User=0.44s Sys=0.00s Real=0.44s
[142.096s][info][gc,start       ] GC(357) Pause Young (Allocation Failure)
[142.097s][info][gc,start       ] GC(358) Pause Full (Allocation Failure)
[142.098s][info][gc,phases,start] GC(358) Phase 1: Mark live objects
[142.731s][info][gc,phases      ] GC(358) Phase 1: Mark live objects 633.413ms
[142.732s][info][gc,phases,start] GC(358) Phase 2: Compute new object addresses
[142.991s][info][gc,phases      ] GC(358) Phase 2: Compute new object addresses 259.408ms
[142.991s][info][gc,phases,start] GC(358) Phase 3: Adjust pointers
[143.304s][info][gc,phases      ] GC(358) Phase 3: Adjust pointers 312.882ms
[143.304s][info][gc,phases,start] GC(358) Phase 4: Move objects
[143.613s][info][gc,phases      ] GC(358) Phase 4: Move objects 308.572ms
[143.614s][info][gc             ] GC(358) Pause Full (Allocation Failure) 415M->414M(494M) 1517.754ms
[143.615s][info][gc,heap        ] GC(357) DefNew: 157248K->75390K(157248K)
[143.615s][info][gc,heap        ] GC(357) Tenured: 267812K->349567K(349568K)
[143.615s][info][gc,metaspace   ] GC(357) Metaspace: 14619K->14619K(31744K)
[143.615s][info][gc             ] GC(357) Pause Young (Allocation Failure) 415M->414M(494M) 1518.204ms
[143.615s][info][gc,cpu         ] GC(357) User=1.52s Sys=0.00s Real=1.52s
[143.653s][info][gc,start       ] GC(359) Pause Full (Allocation Failure)
[143.654s][info][gc,phases,start] GC(359) Phase 1: Mark live objects
[143.675s][info][gc,phases      ] GC(359) Phase 1: Mark live objects 21.084ms
[143.675s][info][gc,phases,start] GC(359) Phase 2: Compute new object addresses
[143.866s][info][gc,phases      ] GC(359) Phase 2: Compute new object addresses 190.840ms
[143.866s][info][gc,phases,start] GC(359) Phase 3: Adjust pointers
[143.879s][info][gc,phases      ] GC(359) Phase 3: Adjust pointers 13.096ms
[143.879s][info][gc,phases,start] GC(359) Phase 4: Move objects
[143.879s][info][gc,phases      ] GC(359) Phase 4: Move objects 0.135ms
[143.880s][info][gc,heap        ] GC(359) DefNew: 109073K->0K(157248K)
[143.880s][info][gc,heap        ] GC(359) Tenured: 349567K->6205K(349568K)
[143.880s][info][gc,metaspace   ] GC(359) Metaspace: 14621K->14621K(31744K)
[143.881s][info][gc             ] GC(359) Pause Full (Allocation Failure) 447M->6M(494M) 227.906ms
[143.881s][info][gc,cpu         ] GC(359) User=0.20s Sys=0.03s Real=0.23s
[143.941s][info][gc,start       ] GC(360) Pause Young (Allocation Failure)
[144.248s][info][gc,heap        ] GC(360) DefNew: 139776K->17471K(157248K)
[144.248s][info][gc,heap        ] GC(360) Tenured: 6205K->128459K(349568K)
[144.248s][info][gc,metaspace   ] GC(360) Metaspace: 14621K->14621K(31744K)
[144.248s][info][gc             ] GC(360) Pause Young (Allocation Failure) 142M->142M(494M) 307.392ms
[144.248s][info][gc,cpu         ] GC(360) User=0.30s Sys=0.00s Real=0.29s
[144.323s][info][gc,start       ] GC(361) Pause Young (Allocation Failure)
[144.802s][info][gc,heap        ] GC(361) DefNew: 157247K->17472K(157248K)
[144.803s][info][gc,heap        ] GC(361) Tenured: 128459K->268130K(349568K)
[144.803s][info][gc,metaspace   ] GC(361) Metaspace: 14621K->14621K(31744K)
[144.803s][info][gc             ] GC(361) Pause Young (Allocation Failure) 279M->278M(494M) 479.918ms
[144.803s][info][gc,cpu         ] GC(361) User=0.48s Sys=0.00s Real=0.48s
[144.897s][info][gc,start       ] GC(362) Pause Young (Allocation Failure)
[144.898s][info][gc,start       ] GC(363) Pause Full (Allocation Failure)
[144.898s][info][gc,phases,start] GC(363) Phase 1: Mark live objects
[145.555s][info][gc,phases      ] GC(363) Phase 1: Mark live objects 656.410ms
[145.555s][info][gc,phases,start] GC(363) Phase 2: Compute new object addresses
[145.852s][info][gc,phases      ] GC(363) Phase 2: Compute new object addresses 297.401ms
[145.852s][info][gc,phases,start] GC(363) Phase 3: Adjust pointers
[146.259s][info][gc,phases      ] GC(363) Phase 3: Adjust pointers 406.976ms
[146.259s][info][gc,phases,start] GC(363) Phase 4: Move objects
[146.397s][info][gc,phases      ] GC(363) Phase 4: Move objects 137.552ms
[146.399s][info][gc             ] GC(363) Pause Full (Allocation Failure) 415M->415M(494M) 1501.259ms
[146.399s][info][gc,heap        ] GC(362) DefNew: 157248K->75601K(157248K)
[146.399s][info][gc,heap        ] GC(362) Tenured: 268130K->349567K(349568K)
[146.399s][info][gc,metaspace   ] GC(362) Metaspace: 14621K->14621K(31744K)
[146.399s][info][gc             ] GC(362) Pause Young (Allocation Failure) 415M->415M(494M) 1501.681ms
[146.399s][info][gc,cpu         ] GC(362) User=1.50s Sys=0.00s Real=1.50s
[146.417s][info][gc,start       ] GC(364) Pause Full (Allocation Failure)
[146.418s][info][gc,phases,start] GC(364) Phase 1: Mark live objects
[146.439s][info][gc,phases      ] GC(364) Phase 1: Mark live objects 21.034ms
[146.439s][info][gc,phases,start] GC(364) Phase 2: Compute new object addresses
[146.580s][info][gc,phases      ] GC(364) Phase 2: Compute new object addresses 141.004ms
[146.580s][info][gc,phases,start] GC(364) Phase 3: Adjust pointers
[146.590s][info][gc,phases      ] GC(364) Phase 3: Adjust pointers 9.894ms
[146.590s][info][gc,phases,start] GC(364) Phase 4: Move objects
[146.590s][info][gc,phases      ] GC(364) Phase 4: Move objects 0.087ms
[146.591s][info][gc,heap        ] GC(364) DefNew: 111674K->0K(157248K)
[146.591s][info][gc,heap        ] GC(364) Tenured: 349567K->6260K(349568K)
[146.591s][info][gc,metaspace   ] GC(364) Metaspace: 14621K->14621K(31744K)
[146.591s][info][gc             ] GC(364) Pause Full (Allocation Failure) 450M->6M(494M) 173.751ms
[146.591s][info][gc,cpu         ] GC(364) User=0.17s Sys=0.00s Real=0.17s
[146.652s][info][gc,start       ] GC(365) Pause Young (Allocation Failure)
[146.946s][info][gc,heap        ] GC(365) DefNew: 139776K->17471K(157248K)
[146.946s][info][gc,heap        ] GC(365) Tenured: 6260K->128120K(349568K)
[146.946s][info][gc,metaspace   ] GC(365) Metaspace: 14621K->14621K(31744K)
[146.946s][info][gc             ] GC(365) Pause Young (Allocation Failure) 142M->142M(494M) 294.195ms
[146.946s][info][gc,cpu         ] GC(365) User=0.28s Sys=0.00s Real=0.30s
[147.012s][info][gc,start       ] GC(366) Pause Young (Allocation Failure)
[147.413s][info][gc,heap        ] GC(366) DefNew: 157247K->17472K(157248K)
[147.413s][info][gc,heap        ] GC(366) Tenured: 128120K->267827K(349568K)
[147.413s][info][gc,metaspace   ] GC(366) Metaspace: 14621K->14621K(31744K)
[147.413s][info][gc             ] GC(366) Pause Young (Allocation Failure) 278M->278M(494M) 401.190ms
[147.413s][info][gc,cpu         ] GC(366) User=0.41s Sys=0.00s Real=0.41s
[147.474s][info][gc,start       ] GC(367) Pause Young (Allocation Failure)
[147.474s][info][gc,start       ] GC(368) Pause Full (Allocation Failure)
[147.475s][info][gc,phases,start] GC(368) Phase 1: Mark live objects
[148.010s][info][gc,phases      ] GC(368) Phase 1: Mark live objects 535.099ms
[148.011s][info][gc,phases,start] GC(368) Phase 2: Compute new object addresses
[148.213s][info][gc,phases      ] GC(368) Phase 2: Compute new object addresses 202.703ms
[148.213s][info][gc,phases,start] GC(368) Phase 3: Adjust pointers
[148.502s][info][gc,phases      ] GC(368) Phase 3: Adjust pointers 289.089ms
[148.503s][info][gc,phases,start] GC(368) Phase 4: Move objects
[148.783s][info][gc,phases      ] GC(368) Phase 4: Move objects 280.224ms
[148.784s][info][gc             ] GC(368) Pause Full (Allocation Failure) 415M->415M(494M) 1310.123ms
[148.784s][info][gc,heap        ] GC(367) DefNew: 157248K->75405K(157248K)
[148.784s][info][gc,heap        ] GC(367) Tenured: 267827K->349567K(349568K)
[148.784s][info][gc,metaspace   ] GC(367) Metaspace: 14621K->14621K(31744K)
[148.784s][info][gc             ] GC(367) Pause Young (Allocation Failure) 415M->415M(494M) 1310.513ms
[148.785s][info][gc,cpu         ] GC(367) User=1.30s Sys=0.00s Real=1.30s
[148.803s][info][gc,start       ] GC(369) Pause Full (Allocation Failure)
[148.804s][info][gc,phases,start] GC(369) Phase 1: Mark live objects
[148.825s][info][gc,phases      ] GC(369) Phase 1: Mark live objects 21.620ms
[148.826s][info][gc,phases,start] GC(369) Phase 2: Compute new object addresses
[148.974s][info][gc,phases      ] GC(369) Phase 2: Compute new object addresses 148.118ms
[148.974s][info][gc,phases,start] GC(369) Phase 3: Adjust pointers
[148.983s][info][gc,phases      ] GC(369) Phase 3: Adjust pointers 8.747ms
[148.983s][info][gc,phases,start] GC(369) Phase 4: Move objects
[148.983s][info][gc,phases      ] GC(369) Phase 4: Move objects 0.095ms
[148.983s][info][gc,heap        ] GC(369) DefNew: 114062K->0K(157248K)
[148.983s][info][gc,heap        ] GC(369) Tenured: 349567K->6315K(349568K)
[148.983s][info][gc,metaspace   ] GC(369) Metaspace: 14621K->14621K(31744K)
[148.983s][info][gc             ] GC(369) Pause Full (Allocation Failure) 452M->6M(494M) 180.269ms
[148.984s][info][gc,cpu         ] GC(369) User=0.17s Sys=0.00s Real=0.17s
[149.043s][info][gc,start       ] GC(370) Pause Young (Allocation Failure)
[149.313s][info][gc,heap        ] GC(370) DefNew: 139776K->17471K(157248K)
[149.313s][info][gc,heap        ] GC(370) Tenured: 6315K->128570K(349568K)
[149.314s][info][gc,metaspace   ] GC(370) Metaspace: 14621K->14621K(31744K)
[149.314s][info][gc             ] GC(370) Pause Young (Allocation Failure) 142M->142M(494M) 270.825ms
[149.314s][info][gc,cpu         ] GC(370) User=0.27s Sys=0.00s Real=0.26s
[149.371s][info][gc,start       ] GC(371) Pause Young (Allocation Failure)
[149.842s][info][gc,heap        ] GC(371) DefNew: 157247K->17472K(157248K)
[149.842s][info][gc,heap        ] GC(371) Tenured: 128570K->268277K(349568K)
[149.842s][info][gc,metaspace   ] GC(371) Metaspace: 14621K->14621K(31744K)
[149.842s][info][gc             ] GC(371) Pause Young (Allocation Failure) 279M->279M(494M) 471.575ms
[149.843s][info][gc,cpu         ] GC(371) User=0.47s Sys=0.00s Real=0.47s
[149.922s][info][gc,start       ] GC(372) Pause Young (Allocation Failure)
[149.922s][info][gc,start       ] GC(373) Pause Full (Allocation Failure)
[149.923s][info][gc,phases,start] GC(373) Phase 1: Mark live objects
[150.490s][info][gc,phases      ] GC(373) Phase 1: Mark live objects 566.956ms
[150.490s][info][gc,phases,start] GC(373) Phase 2: Compute new object addresses
[150.719s][info][gc,phases      ] GC(373) Phase 2: Compute new object addresses 229.246ms
[150.720s][info][gc,phases,start] GC(373) Phase 3: Adjust pointers
[151.061s][info][gc,phases      ] GC(373) Phase 3: Adjust pointers 341.124ms
[151.061s][info][gc,phases,start] GC(373) Phase 4: Move objects
[151.195s][info][gc,phases      ] GC(373) Phase 4: Move objects 134.243ms
[151.197s][info][gc             ] GC(373) Pause Full (Allocation Failure) 415M->415M(494M) 1274.854ms
[151.197s][info][gc,heap        ] GC(372) DefNew: 157248K->75748K(157248K)
[151.197s][info][gc,heap        ] GC(372) Tenured: 268277K->349567K(349568K)
[151.197s][info][gc,metaspace   ] GC(372) Metaspace: 14621K->14621K(31744K)
[151.197s][info][gc             ] GC(372) Pause Young (Allocation Failure) 415M->415M(494M) 1275.357ms
[151.197s][info][gc,cpu         ] GC(372) User=1.28s Sys=0.00s Real=1.28s
[151.226s][info][gc,start       ] GC(374) Pause Full (Allocation Failure)
[151.227s][info][gc,phases,start] GC(374) Phase 1: Mark live objects
[151.250s][info][gc,phases      ] GC(374) Phase 1: Mark live objects 23.481ms
[151.250s][info][gc,phases,start] GC(374) Phase 2: Compute new object addresses
[151.433s][info][gc,phases      ] GC(374) Phase 2: Compute new object addresses 182.998ms
[151.433s][info][gc,phases,start] GC(374) Phase 3: Adjust pointers
[151.443s][info][gc,phases      ] GC(374) Phase 3: Adjust pointers 9.384ms
[151.443s][info][gc,phases,start] GC(374) Phase 4: Move objects
[151.443s][info][gc,phases      ] GC(374) Phase 4: Move objects 0.080ms
[151.444s][info][gc,heap        ] GC(374) DefNew: 117328K->0K(157248K)
[151.444s][info][gc,heap        ] GC(374) Tenured: 349567K->6371K(349568K)
[151.444s][info][gc,metaspace   ] GC(374) Metaspace: 14623K->14623K(31744K)
[151.444s][info][gc             ] GC(374) Pause Full (Allocation Failure) 455M->6M(494M) 217.698ms
[151.444s][info][gc,cpu         ] GC(374) User=0.20s Sys=0.00s Real=0.21s
[151.487s][info][gc,start       ] GC(375) Pause Young (Allocation Failure)
[151.812s][info][gc,heap        ] GC(375) DefNew: 139776K->17471K(157248K)
[151.812s][info][gc,heap        ] GC(375) Tenured: 6371K->128591K(349568K)
[151.812s][info][gc,metaspace   ] GC(375) Metaspace: 14623K->14623K(31744K)
[151.813s][info][gc             ] GC(375) Pause Young (Allocation Failure) 142M->142M(494M) 325.353ms
[151.813s][info][gc,cpu         ] GC(375) User=0.33s Sys=0.00s Real=0.33s
[151.929s][info][gc,start       ] GC(376) Pause Young (Allocation Failure)
[152.387s][info][gc,heap        ] GC(376) DefNew: 157247K->17472K(157248K)
[152.388s][info][gc,heap        ] GC(376) Tenured: 128591K->268156K(349568K)
[152.388s][info][gc,metaspace   ] GC(376) Metaspace: 14623K->14623K(31744K)
[152.388s][info][gc             ] GC(376) Pause Young (Allocation Failure) 279M->278M(494M) 458.149ms
[152.388s][info][gc,cpu         ] GC(376) User=0.45s Sys=0.00s Real=0.45s
[152.480s][info][gc,start       ] GC(377) Pause Young (Allocation Failure)
[152.480s][info][gc,start       ] GC(378) Pause Full (Allocation Failure)
[152.482s][info][gc,phases,start] GC(378) Phase 1: Mark live objects
[153.144s][info][gc,phases      ] GC(378) Phase 1: Mark live objects 662.067ms
[153.144s][info][gc,phases,start] GC(378) Phase 2: Compute new object addresses
[153.399s][info][gc,phases      ] GC(378) Phase 2: Compute new object addresses 254.854ms
[153.399s][info][gc,phases,start] GC(378) Phase 3: Adjust pointers
[153.799s][info][gc,phases      ] GC(378) Phase 3: Adjust pointers 399.613ms
[153.799s][info][gc,phases,start] GC(378) Phase 4: Move objects
[154.101s][info][gc,phases      ] GC(378) Phase 4: Move objects 302.118ms
[154.103s][info][gc             ] GC(378) Pause Full (Allocation Failure) 415M->415M(494M) 1622.728ms
[154.103s][info][gc,heap        ] GC(377) DefNew: 157248K->75735K(157248K)
[154.103s][info][gc,heap        ] GC(377) Tenured: 268156K->349567K(349568K)
[154.103s][info][gc,metaspace   ] GC(377) Metaspace: 14623K->14623K(31744K)
[154.103s][info][gc             ] GC(377) Pause Young (Allocation Failure) 415M->415M(494M) 1623.257ms
[154.103s][info][gc,cpu         ] GC(377) User=1.61s Sys=0.00s Real=1.62s
[154.141s][info][gc,start       ] GC(379) Pause Full (Allocation Failure)
[154.143s][info][gc,phases,start] GC(379) Phase 1: Mark live objects
[154.176s][info][gc,phases      ] GC(379) Phase 1: Mark live objects 32.902ms
[154.176s][info][gc,phases,start] GC(379) Phase 2: Compute new object addresses
[154.347s][info][gc,phases      ] GC(379) Phase 2: Compute new object addresses 171.595ms
[154.347s][info][gc,phases,start] GC(379) Phase 3: Adjust pointers
[154.357s][info][gc,phases      ] GC(379) Phase 3: Adjust pointers 9.754ms
[154.357s][info][gc,phases,start] GC(379) Phase 4: Move objects
[154.357s][info][gc,phases      ] GC(379) Phase 4: Move objects 0.092ms
[154.358s][info][gc,heap        ] GC(379) DefNew: 119676K->0K(157248K)
[154.358s][info][gc,heap        ] GC(379) Tenured: 349567K->6425K(349568K)
[154.358s][info][gc,metaspace   ] GC(379) Metaspace: 14623K->14623K(31744K)
[154.358s][info][gc             ] GC(379) Pause Full (Allocation Failure) 458M->6M(494M) 217.119ms
[154.358s][info][gc,cpu         ] GC(379) User=0.20s Sys=0.00s Real=0.21s
[154.425s][info][gc,start       ] GC(380) Pause Young (Allocation Failure)
[154.745s][info][gc,heap        ] GC(380) DefNew: 139776K->17471K(157248K)
[154.745s][info][gc,heap        ] GC(380) Tenured: 6425K->128681K(349568K)
[154.745s][info][gc,metaspace   ] GC(380) Metaspace: 14623K->14623K(31744K)
[154.745s][info][gc             ] GC(380) Pause Young (Allocation Failure) 142M->142M(494M) 319.872ms
[154.745s][info][gc,cpu         ] GC(380) User=0.31s Sys=0.00s Real=0.31s
[154.829s][info][gc,start       ] GC(381) Pause Young (Allocation Failure)
[155.374s][info][gc,heap        ] GC(381) DefNew: 157247K->17472K(157248K)
[155.374s][info][gc,heap        ] GC(381) Tenured: 128681K->267966K(349568K)
[155.374s][info][gc,metaspace   ] GC(381) Metaspace: 14623K->14623K(31744K)
[155.374s][info][gc             ] GC(381) Pause Young (Allocation Failure) 279M->278M(494M) 545.087ms
[155.374s][info][gc,cpu         ] GC(381) User=0.55s Sys=0.00s Real=0.55s
[155.478s][info][gc,start       ] GC(382) Pause Young (Allocation Failure)
[155.478s][info][gc,start       ] GC(383) Pause Full (Allocation Failure)
[155.479s][info][gc,phases,start] GC(383) Phase 1: Mark live objects
[156.107s][info][gc,phases      ] GC(383) Phase 1: Mark live objects 627.884ms
[156.107s][info][gc,phases,start] GC(383) Phase 2: Compute new object addresses
[156.357s][info][gc,phases      ] GC(383) Phase 2: Compute new object addresses 249.861ms
[156.357s][info][gc,phases,start] GC(383) Phase 3: Adjust pointers
[156.721s][info][gc,phases      ] GC(383) Phase 3: Adjust pointers 364.473ms
[156.722s][info][gc,phases,start] GC(383) Phase 4: Move objects
[156.874s][info][gc,phases      ] GC(383) Phase 4: Move objects 152.695ms
[156.876s][info][gc             ] GC(383) Pause Full (Allocation Failure) 415M->415M(494M) 1398.013ms
[156.876s][info][gc,heap        ] GC(382) DefNew: 157248K->75582K(157248K)
[156.876s][info][gc,heap        ] GC(382) Tenured: 267966K->349567K(349568K)
[156.876s][info][gc,metaspace   ] GC(382) Metaspace: 14623K->14623K(31744K)
[156.876s][info][gc             ] GC(382) Pause Young (Allocation Failure) 415M->415M(494M) 1398.496ms
[156.876s][info][gc,cpu         ] GC(382) User=1.39s Sys=0.00s Real=1.39s
[156.915s][info][gc,start       ] GC(384) Pause Full (Allocation Failure)
[156.916s][info][gc,phases,start] GC(384) Phase 1: Mark live objects
[156.945s][info][gc,phases      ] GC(384) Phase 1: Mark live objects 29.111ms
[156.945s][info][gc,phases,start] GC(384) Phase 2: Compute new object addresses
[157.103s][info][gc,phases      ] GC(384) Phase 2: Compute new object addresses 157.584ms
[157.103s][info][gc,phases,start] GC(384) Phase 3: Adjust pointers
[157.117s][info][gc,phases      ] GC(384) Phase 3: Adjust pointers 13.815ms
[157.117s][info][gc,phases,start] GC(384) Phase 4: Move objects
[157.117s][info][gc,phases      ] GC(384) Phase 4: Move objects 0.155ms
[157.118s][info][gc,heap        ] GC(384) DefNew: 122208K->0K(157248K)
[157.118s][info][gc,heap        ] GC(384) Tenured: 349567K->6480K(349568K)
[157.118s][info][gc,metaspace   ] GC(384) Metaspace: 14623K->14623K(31744K)
[157.119s][info][gc             ] GC(384) Pause Full (Allocation Failure) 460M->6M(494M) 203.165ms
[157.119s][info][gc,cpu         ] GC(384) User=0.20s Sys=0.00s Real=0.20s
[157.174s][info][gc,start       ] GC(385) Pause Young (Allocation Failure)
[157.436s][info][gc,heap        ] GC(385) DefNew: 139776K->17471K(157248K)
[157.436s][info][gc,heap        ] GC(385) Tenured: 6480K->128736K(349568K)
[157.436s][info][gc,metaspace   ] GC(385) Metaspace: 14623K->14623K(31744K)
[157.436s][info][gc             ] GC(385) Pause Young (Allocation Failure) 142M->142M(494M) 261.620ms
[157.436s][info][gc,cpu         ] GC(385) User=0.25s Sys=0.00s Real=0.25s
[157.504s][info][gc,start       ] GC(386) Pause Young (Allocation Failure)
[157.955s][info][gc,heap        ] GC(386) DefNew: 157247K->17472K(157248K)
[157.955s][info][gc,heap        ] GC(386) Tenured: 128736K->268445K(349568K)
[157.955s][info][gc,metaspace   ] GC(386) Metaspace: 14623K->14623K(31744K)
[157.955s][info][gc             ] GC(386) Pause Young (Allocation Failure) 279M->279M(494M) 450.994ms
[157.955s][info][gc,cpu         ] GC(386) User=0.44s Sys=0.00s Real=0.44s
[158.022s][info][gc,start       ] GC(387) Pause Young (Allocation Failure)
[158.022s][info][gc,start       ] GC(388) Pause Full (Allocation Failure)
[158.024s][info][gc,phases,start] GC(388) Phase 1: Mark live objects
[158.546s][info][gc,phases      ] GC(388) Phase 1: Mark live objects 522.684ms
[158.547s][info][gc,phases,start] GC(388) Phase 2: Compute new object addresses
[158.782s][info][gc,phases      ] GC(388) Phase 2: Compute new object addresses 234.986ms
[158.782s][info][gc,phases,start] GC(388) Phase 3: Adjust pointers
[159.182s][info][gc,phases      ] GC(388) Phase 3: Adjust pointers 399.878ms
[159.182s][info][gc,phases,start] GC(388) Phase 4: Move objects
[159.519s][info][gc,phases      ] GC(388) Phase 4: Move objects 337.463ms
[159.521s][info][gc             ] GC(388) Pause Full (Allocation Failure) 415M->415M(494M) 1498.804ms
[159.521s][info][gc,heap        ] GC(387) DefNew: 157248K->75889K(157248K)
[159.521s][info][gc,heap        ] GC(387) Tenured: 268445K->349567K(349568K)
[159.521s][info][gc,metaspace   ] GC(387) Metaspace: 14623K->14623K(31744K)
[159.521s][info][gc             ] GC(387) Pause Young (Allocation Failure) 415M->415M(494M) 1499.293ms
[159.521s][info][gc,cpu         ] GC(387) User=1.50s Sys=0.00s Real=1.50s
[159.556s][info][gc,start       ] GC(389) Pause Full (Allocation Failure)
[159.556s][info][gc,phases,start] GC(389) Phase 1: Mark live objects
[159.592s][info][gc,phases      ] GC(389) Phase 1: Mark live objects 35.361ms
[159.592s][info][gc,phases,start] GC(389) Phase 2: Compute new object addresses
[159.787s][info][gc,phases      ] GC(389) Phase 2: Compute new object addresses 195.369ms
[159.788s][info][gc,phases,start] GC(389) Phase 3: Adjust pointers
[159.800s][info][gc,phases      ] GC(389) Phase 3: Adjust pointers 12.818ms
[159.801s][info][gc,phases,start] GC(389) Phase 4: Move objects
[159.801s][info][gc,phases      ] GC(389) Phase 4: Move objects 0.135ms
[159.802s][info][gc,heap        ] GC(389) DefNew: 125422K->0K(157248K)
[159.802s][info][gc,heap        ] GC(389) Tenured: 349567K->6536K(349568K)
[159.802s][info][gc,metaspace   ] GC(389) Metaspace: 14623K->14623K(31744K)
[159.802s][info][gc             ] GC(389) Pause Full (Allocation Failure) 463M->6M(494M) 246.107ms
[159.802s][info][gc,cpu         ] GC(389) User=0.25s Sys=0.00s Real=0.25s
[159.896s][info][gc,start       ] GC(390) Pause Young (Allocation Failure)
[160.255s][info][gc,heap        ] GC(390) DefNew: 139776K->17472K(157248K)
[160.255s][info][gc,heap        ] GC(390) Tenured: 6536K->128651K(349568K)
[160.255s][info][gc,metaspace   ] GC(390) Metaspace: 14623K->14623K(31744K)
[160.255s][info][gc             ] GC(390) Pause Young (Allocation Failure) 142M->142M(494M) 359.805ms
[160.255s][info][gc,cpu         ] GC(390) User=0.36s Sys=0.00s Real=0.37s
[160.325s][info][gc,start       ] GC(391) Pause Young (Allocation Failure)
[160.814s][info][gc,heap        ] GC(391) DefNew: 157248K->17472K(157248K)
[160.814s][info][gc,heap        ] GC(391) Tenured: 128651K->268325K(349568K)
[160.814s][info][gc,metaspace   ] GC(391) Metaspace: 14623K->14623K(31744K)
[160.815s][info][gc             ] GC(391) Pause Young (Allocation Failure) 279M->279M(494M) 489.575ms
[160.815s][info][gc,cpu         ] GC(391) User=0.48s Sys=0.00s Real=0.48s
[160.912s][info][gc,start       ] GC(392) Pause Young (Allocation Failure)
[160.912s][info][gc,start       ] GC(393) Pause Full (Allocation Failure)
[160.913s][info][gc,phases,start] GC(393) Phase 1: Mark live objects
[161.517s][info][gc,phases      ] GC(393) Phase 1: Mark live objects 604.240ms
[161.517s][info][gc,phases,start] GC(393) Phase 2: Compute new object addresses
[161.752s][info][gc,phases      ] GC(393) Phase 2: Compute new object addresses 234.524ms
[161.752s][info][gc,phases,start] GC(393) Phase 3: Adjust pointers
[162.093s][info][gc,phases      ] GC(393) Phase 3: Adjust pointers 340.540ms
[162.093s][info][gc,phases,start] GC(393) Phase 4: Move objects
[162.339s][info][gc,phases      ] GC(393) Phase 4: Move objects 246.436ms
[162.341s][info][gc             ] GC(393) Pause Full (Allocation Failure) 415M->415M(494M) 1428.963ms
[162.341s][info][gc,heap        ] GC(392) DefNew: 157248K->75797K(157248K)
[162.341s][info][gc,heap        ] GC(392) Tenured: 268325K->349567K(349568K)
[162.341s][info][gc,metaspace   ] GC(392) Metaspace: 14623K->14623K(31744K)
[162.341s][info][gc             ] GC(392) Pause Young (Allocation Failure) 415M->415M(494M) 1429.398ms
[162.342s][info][gc,cpu         ] GC(392) User=1.42s Sys=0.00s Real=1.42s
[162.376s][info][gc,start       ] GC(394) Pause Full (Allocation Failure)
[162.378s][info][gc,phases,start] GC(394) Phase 1: Mark live objects
[162.410s][info][gc,phases      ] GC(394) Phase 1: Mark live objects 32.184ms
[162.410s][info][gc,phases,start] GC(394) Phase 2: Compute new object addresses
[162.620s][info][gc,phases      ] GC(394) Phase 2: Compute new object addresses 209.562ms
[162.620s][info][gc,phases,start] GC(394) Phase 3: Adjust pointers
[162.633s][info][gc,phases      ] GC(394) Phase 3: Adjust pointers 13.061ms
[162.633s][info][gc,phases,start] GC(394) Phase 4: Move objects
[162.633s][info][gc,phases      ] GC(394) Phase 4: Move objects 0.104ms
[162.643s][info][gc,heap        ] GC(394) DefNew: 127781K->0K(157248K)
[162.643s][info][gc,heap        ] GC(394) Tenured: 349567K->6591K(349568K)
[162.643s][info][gc,metaspace   ] GC(394) Metaspace: 14623K->14623K(31744K)
[162.643s][info][gc             ] GC(394) Pause Full (Allocation Failure) 466M->6M(494M) 266.740ms
[162.643s][info][gc,cpu         ] GC(394) User=0.27s Sys=0.00s Real=0.27s
[162.705s][info][gc,start       ] GC(395) Pause Young (Allocation Failure)
[163.154s][info][gc,heap        ] GC(395) DefNew: 139776K->17472K(157248K)
[163.154s][info][gc,heap        ] GC(395) Tenured: 6591K->127413K(349568K)
[163.154s][info][gc,metaspace   ] GC(395) Metaspace: 14623K->14623K(31744K)
[163.154s][info][gc             ] GC(395) Pause Young (Allocation Failure) 142M->141M(494M) 448.906ms
[163.154s][info][gc,cpu         ] GC(395) User=0.47s Sys=0.00s Real=0.46s
[163.251s][info][gc,start       ] GC(396) Pause Young (Allocation Failure)
[163.906s][info][gc,heap        ] GC(396) DefNew: 157248K->17472K(157248K)
[163.906s][info][gc,heap        ] GC(396) Tenured: 127413K->267100K(349568K)
[163.906s][info][gc,metaspace   ] GC(396) Metaspace: 14623K->14623K(31744K)
[163.906s][info][gc             ] GC(396) Pause Young (Allocation Failure) 277M->277M(494M) 654.728ms
[163.906s][info][gc,cpu         ] GC(396) User=0.66s Sys=0.00s Real=0.66s
[163.983s][info][gc,start       ] GC(397) Pause Young (Allocation Failure)
[163.983s][info][gc,start       ] GC(398) Pause Full (Allocation Failure)
[163.984s][info][gc,phases,start] GC(398) Phase 1: Mark live objects
[164.605s][info][gc,phases      ] GC(398) Phase 1: Mark live objects 620.680ms
[164.605s][info][gc,phases,start] GC(398) Phase 2: Compute new object addresses
[164.825s][info][gc,phases      ] GC(398) Phase 2: Compute new object addresses 220.139ms
[164.825s][info][gc,phases,start] GC(398) Phase 3: Adjust pointers
[165.165s][info][gc,phases      ] GC(398) Phase 3: Adjust pointers 339.655ms
[165.165s][info][gc,phases,start] GC(398) Phase 4: Move objects
[165.544s][info][gc,phases      ] GC(398) Phase 4: Move objects 378.985ms
[165.547s][info][gc             ] GC(398) Pause Full (Allocation Failure) 414M->414M(494M) 1563.546ms
[165.547s][info][gc,heap        ] GC(397) DefNew: 157248K->74503K(157248K)
[165.547s][info][gc,heap        ] GC(397) Tenured: 267100K->349568K(349568K)
[165.547s][info][gc,metaspace   ] GC(397) Metaspace: 14623K->14623K(31744K)
[165.547s][info][gc             ] GC(397) Pause Young (Allocation Failure) 414M->414M(494M) 1563.972ms
[165.547s][info][gc,cpu         ] GC(397) User=1.56s Sys=0.00s Real=1.56s
[165.582s][info][gc,start       ] GC(399) Pause Full (Allocation Failure)
[165.583s][info][gc,phases,start] GC(399) Phase 1: Mark live objects
[165.610s][info][gc,phases      ] GC(399) Phase 1: Mark live objects 27.083ms
[165.610s][info][gc,phases,start] GC(399) Phase 2: Compute new object addresses
[165.837s][info][gc,phases      ] GC(399) Phase 2: Compute new object addresses 226.801ms
[165.837s][info][gc,phases,start] GC(399) Phase 3: Adjust pointers
[165.849s][info][gc,phases      ] GC(399) Phase 3: Adjust pointers 11.412ms
[165.849s][info][gc,phases,start] GC(399) Phase 4: Move objects
[165.849s][info][gc,phases      ] GC(399) Phase 4: Move objects 0.116ms
[165.850s][info][gc,heap        ] GC(399) DefNew: 131768K->0K(157248K)
[165.850s][info][gc,heap        ] GC(399) Tenured: 349568K->6611K(349568K)
[165.850s][info][gc,metaspace   ] GC(399) Metaspace: 14623K->14623K(31744K)
[165.850s][info][gc             ] GC(399) Pause Full (Allocation Failure) 470M->6M(494M) 268.071ms
[165.850s][info][gc,cpu         ] GC(399) User=0.27s Sys=0.00s Real=0.26s
[165.902s][info][gc,start       ] GC(400) Pause Young (Allocation Failure)
[166.256s][info][gc,heap        ] GC(400) DefNew: 139776K->17472K(157248K)
[166.256s][info][gc,heap        ] GC(400) Tenured: 6611K->128726K(349568K)
[166.256s][info][gc,metaspace   ] GC(400) Metaspace: 14623K->14623K(31744K)
[166.256s][info][gc             ] GC(400) Pause Young (Allocation Failure) 142M->142M(494M) 354.193ms
[166.256s][info][gc,cpu         ] GC(400) User=0.34s Sys=0.00s Real=0.36s
[166.339s][info][gc,start       ] GC(401) Pause Young (Allocation Failure)
[166.927s][info][gc,heap        ] GC(401) DefNew: 157248K->17472K(157248K)
[166.927s][info][gc,heap        ] GC(401) Tenured: 128726K->268434K(349568K)
[166.927s][info][gc,metaspace   ] GC(401) Metaspace: 14623K->14623K(31744K)
[166.927s][info][gc             ] GC(401) Pause Young (Allocation Failure) 279M->279M(494M) 588.695ms
[166.927s][info][gc,cpu         ] GC(401) User=0.56s Sys=0.00s Real=0.59s
[167.028s][info][gc,start       ] GC(402) Pause Young (Allocation Failure)
[167.028s][info][gc,start       ] GC(403) Pause Full (Allocation Failure)
[167.029s][info][gc,phases,start] GC(403) Phase 1: Mark live objects
[167.837s][info][gc,phases      ] GC(403) Phase 1: Mark live objects 807.865ms
[167.837s][info][gc,phases,start] GC(403) Phase 2: Compute new object addresses
[168.110s][info][gc,phases      ] GC(403) Phase 2: Compute new object addresses 272.636ms
[168.110s][info][gc,phases,start] GC(403) Phase 3: Adjust pointers
[168.454s][info][gc,phases      ] GC(403) Phase 3: Adjust pointers 344.224ms
[168.454s][info][gc,phases,start] GC(403) Phase 4: Move objects
[168.626s][info][gc,phases      ] GC(403) Phase 4: Move objects 171.930ms
[168.628s][info][gc             ] GC(403) Pause Full (Allocation Failure) 415M->415M(494M) 1599.923ms
[168.628s][info][gc,heap        ] GC(402) DefNew: 157248K->75621K(157248K)
[168.628s][info][gc,heap        ] GC(402) Tenured: 268434K->349567K(349568K)
[168.628s][info][gc,metaspace   ] GC(402) Metaspace: 14623K->14623K(31744K)
[168.628s][info][gc             ] GC(402) Pause Young (Allocation Failure) 415M->415M(494M) 1600.488ms
[168.628s][info][gc,cpu         ] GC(402) User=1.56s Sys=0.00s Real=1.60s
[168.670s][info][gc,start       ] GC(404) Pause Full (Allocation Failure)
[168.671s][info][gc,phases,start] GC(404) Phase 1: Mark live objects
[168.702s][info][gc,phases      ] GC(404) Phase 1: Mark live objects 30.343ms
[168.702s][info][gc,phases,start] GC(404) Phase 2: Compute new object addresses
[168.917s][info][gc,phases      ] GC(404) Phase 2: Compute new object addresses 214.909ms
[168.917s][info][gc,phases,start] GC(404) Phase 3: Adjust pointers
[168.929s][info][gc,phases      ] GC(404) Phase 3: Adjust pointers 11.833ms
[168.929s][info][gc,phases,start] GC(404) Phase 4: Move objects
[168.929s][info][gc,phases      ] GC(404) Phase 4: Move objects 0.106ms
[168.930s][info][gc,heap        ] GC(404) DefNew: 135621K->0K(157248K)
[168.930s][info][gc,heap        ] GC(404) Tenured: 349567K->6667K(349568K)
[168.930s][info][gc,metaspace   ] GC(404) Metaspace: 14623K->14623K(31744K)
[168.930s][info][gc             ] GC(404) Pause Full (Allocation Failure) 473M->6M(494M) 260.951ms
[168.931s][info][gc,cpu         ] GC(404) User=0.25s Sys=0.00s Real=0.26s
[168.997s][info][gc,start       ] GC(405) Pause Young (Allocation Failure)
[169.328s][info][gc,heap        ] GC(405) DefNew: 139776K->17472K(157248K)
[169.328s][info][gc,heap        ] GC(405) Tenured: 6667K->128780K(349568K)
[169.328s][info][gc,metaspace   ] GC(405) Metaspace: 14623K->14623K(31744K)
[169.328s][info][gc             ] GC(405) Pause Young (Allocation Failure) 143M->142M(494M) 331.244ms
[169.328s][info][gc,cpu         ] GC(405) User=0.33s Sys=0.00s Real=0.32s
[169.409s][info][gc,start       ] GC(406) Pause Young (Allocation Failure)
[169.937s][info][gc,heap        ] GC(406) DefNew: 157248K->17472K(157248K)
[169.937s][info][gc,heap        ] GC(406) Tenured: 128780K->268488K(349568K)
[169.937s][info][gc,metaspace   ] GC(406) Metaspace: 14623K->14623K(31744K)
[169.937s][info][gc             ] GC(406) Pause Young (Allocation Failure) 279M->279M(494M) 527.921ms
[169.937s][info][gc,cpu         ] GC(406) User=0.52s Sys=0.00s Real=0.52s
[170.054s][info][gc,start       ] GC(407) Pause Young (Allocation Failure)
[170.055s][info][gc,start       ] GC(408) Pause Full (Allocation Failure)
[170.056s][info][gc,phases,start] GC(408) Phase 1: Mark live objects
[170.693s][info][gc,phases      ] GC(408) Phase 1: Mark live objects 637.043ms
[170.693s][info][gc,phases,start] GC(408) Phase 2: Compute new object addresses
[170.902s][info][gc,phases      ] GC(408) Phase 2: Compute new object addresses 208.557ms
[170.902s][info][gc,phases,start] GC(408) Phase 3: Adjust pointers
[171.321s][info][gc,phases      ] GC(408) Phase 3: Adjust pointers 419.196ms
[171.321s][info][gc,phases,start] GC(408) Phase 4: Move objects
[171.685s][info][gc,phases      ] GC(408) Phase 4: Move objects 364.446ms
[171.688s][info][gc             ] GC(408) Pause Full (Allocation Failure) 415M->415M(494M) 1632.751ms
[171.688s][info][gc,heap        ] GC(407) DefNew: 157248K->75926K(157248K)
[171.688s][info][gc,heap        ] GC(407) Tenured: 268488K->349567K(349568K)
[171.688s][info][gc,metaspace   ] GC(407) Metaspace: 14624K->14624K(31744K)
[171.688s][info][gc             ] GC(407) Pause Young (Allocation Failure) 415M->415M(494M) 1633.361ms
[171.688s][info][gc,cpu         ] GC(407) User=1.63s Sys=0.00s Real=1.63s
[171.718s][info][gc,start       ] GC(409) Pause Full (Allocation Failure)
[171.719s][info][gc,phases,start] GC(409) Phase 1: Mark live objects
[171.749s][info][gc,phases      ] GC(409) Phase 1: Mark live objects 30.469ms
[171.750s][info][gc,phases,start] GC(409) Phase 2: Compute new object addresses
[171.909s][info][gc,phases      ] GC(409) Phase 2: Compute new object addresses 159.792ms
[171.910s][info][gc,phases,start] GC(409) Phase 3: Adjust pointers
[171.919s][info][gc,phases      ] GC(409) Phase 3: Adjust pointers 9.789ms
[171.919s][info][gc,phases,start] GC(409) Phase 4: Move objects
[171.920s][info][gc,phases      ] GC(409) Phase 4: Move objects 0.132ms
[171.920s][info][gc,heap        ] GC(409) DefNew: 136292K->0K(157248K)
[171.920s][info][gc,heap        ] GC(409) Tenured: 349567K->6721K(349568K)
[171.920s][info][gc,metaspace   ] GC(409) Metaspace: 14624K->14624K(31744K)
[171.920s][info][gc             ] GC(409) Pause Full (Allocation Failure) 474M->6M(494M) 202.412ms
[171.921s][info][gc,cpu         ] GC(409) User=0.20s Sys=0.00s Real=0.20s
[171.973s][info][gc,start       ] GC(410) Pause Young (Allocation Failure)
[172.285s][info][gc,heap        ] GC(410) DefNew: 139776K->17472K(157248K)
[172.285s][info][gc,heap        ] GC(410) Tenured: 6721K->128834K(349568K)
[172.285s][info][gc,metaspace   ] GC(410) Metaspace: 14624K->14624K(31744K)
[172.285s][info][gc             ] GC(410) Pause Young (Allocation Failure) 143M->142M(494M) 311.811ms
[172.285s][info][gc,cpu         ] GC(410) User=0.31s Sys=0.00s Real=0.31s
[172.343s][info][gc,start       ] GC(411) Pause Young (Allocation Failure)
[172.733s][info][gc,heap        ] GC(411) DefNew: 157248K->17472K(157248K)
[172.733s][info][gc,heap        ] GC(411) Tenured: 128834K->268544K(349568K)
[172.733s][info][gc,metaspace   ] GC(411) Metaspace: 14624K->14624K(31744K)
[172.733s][info][gc             ] GC(411) Pause Young (Allocation Failure) 279M->279M(494M) 390.535ms
[172.733s][info][gc,cpu         ] GC(411) User=0.39s Sys=0.00s Real=0.39s
[172.810s][info][gc,start       ] GC(412) Pause Young (Allocation Failure)
[172.810s][info][gc,start       ] GC(413) Pause Full (Allocation Failure)
[172.811s][info][gc,phases,start] GC(413) Phase 1: Mark live objects
[173.382s][info][gc,phases      ] GC(413) Phase 1: Mark live objects 570.929ms
[173.382s][info][gc,phases,start] GC(413) Phase 2: Compute new object addresses
[173.594s][info][gc,phases      ] GC(413) Phase 2: Compute new object addresses 211.592ms
[173.594s][info][gc,phases,start] GC(413) Phase 3: Adjust pointers
[173.905s][info][gc,phases      ] GC(413) Phase 3: Adjust pointers 310.951ms
[173.905s][info][gc,phases,start] GC(413) Phase 4: Move objects
[174.018s][info][gc,phases      ] GC(413) Phase 4: Move objects 113.042ms
[174.020s][info][gc             ] GC(413) Pause Full (Allocation Failure) 415M->415M(494M) 1209.472ms
[174.020s][info][gc,heap        ] GC(412) DefNew: 157248K->75962K(157248K)
[174.020s][info][gc,heap        ] GC(412) Tenured: 268544K->349567K(349568K)
[174.020s][info][gc,metaspace   ] GC(412) Metaspace: 14626K->14626K(31744K)
[174.020s][info][gc             ] GC(412) Pause Young (Allocation Failure) 415M->415M(494M) 1209.850ms
[174.020s][info][gc,cpu         ] GC(412) User=1.22s Sys=0.00s Real=1.22s
[174.047s][info][gc,start       ] GC(414) Pause Full (Allocation Failure)
[174.047s][info][gc,phases,start] GC(414) Phase 1: Mark live objects
[174.071s][info][gc,phases      ] GC(414) Phase 1: Mark live objects 24.097ms
[174.072s][info][gc,phases,start] GC(414) Phase 2: Compute new object addresses
[174.219s][info][gc,phases      ] GC(414) Phase 2: Compute new object addresses 146.979ms
[174.219s][info][gc,phases,start] GC(414) Phase 3: Adjust pointers
[174.229s][info][gc,phases      ] GC(414) Phase 3: Adjust pointers 9.888ms
[174.229s][info][gc,phases,start] GC(414) Phase 4: Move objects
[174.229s][info][gc,phases      ] GC(414) Phase 4: Move objects 0.097ms
[174.229s][info][gc,heap        ] GC(414) DefNew: 139776K->0K(157248K)
[174.229s][info][gc,heap        ] GC(414) Tenured: 349567K->6777K(349568K)
[174.230s][info][gc,metaspace   ] GC(414) Metaspace: 14626K->14626K(31744K)
[174.230s][info][gc             ] GC(414) Pause Full (Allocation Failure) 477M->6M(494M) 182.824ms
[174.230s][info][gc,cpu         ] GC(414) User=0.20s Sys=0.00s Real=0.20s
[174.276s][info][gc,start       ] GC(415) Pause Young (Allocation Failure)
[174.524s][info][gc,heap        ] GC(415) DefNew: 139776K->17471K(157248K)
[174.524s][info][gc,heap        ] GC(415) Tenured: 6777K->129036K(349568K)
[174.524s][info][gc,metaspace   ] GC(415) Metaspace: 14626K->14626K(31744K)
[174.524s][info][gc             ] GC(415) Pause Young (Allocation Failure) 143M->143M(494M) 248.340ms
[174.524s][info][gc,cpu         ] GC(415) User=0.25s Sys=0.00s Real=0.25s
[174.599s][info][gc,start       ] GC(416) Pause Young (Allocation Failure)
[175.057s][info][gc,heap        ] GC(416) DefNew: 157247K->17472K(157248K)
[175.057s][info][gc,heap        ] GC(416) Tenured: 129036K->268489K(349568K)
[175.057s][info][gc,metaspace   ] GC(416) Metaspace: 14627K->14627K(31744K)
[175.058s][info][gc             ] GC(416) Pause Young (Allocation Failure) 279M->279M(494M) 458.390ms
[175.058s][info][gc,cpu         ] GC(416) User=0.45s Sys=0.00s Real=0.45s
[175.139s][info][gc,start       ] GC(417) Pause Young (Allocation Failure)
[175.139s][info][gc,start       ] GC(418) Pause Full (Allocation Failure)
[175.140s][info][gc,phases,start] GC(418) Phase 1: Mark live objects
[175.773s][info][gc,phases      ] GC(418) Phase 1: Mark live objects 632.769ms
[175.773s][info][gc,phases,start] GC(418) Phase 2: Compute new object addresses
[176.023s][info][gc,phases      ] GC(418) Phase 2: Compute new object addresses 250.472ms
[176.023s][info][gc,phases,start] GC(418) Phase 3: Adjust pointers
[176.403s][info][gc,phases      ] GC(418) Phase 3: Adjust pointers 379.383ms
[176.403s][info][gc,phases,start] GC(418) Phase 4: Move objects
[176.715s][info][gc,phases      ] GC(418) Phase 4: Move objects 311.743ms
[176.717s][info][gc             ] GC(418) Pause Full (Allocation Failure) 415M->415M(494M) 1577.369ms
[176.717s][info][gc,heap        ] GC(417) DefNew: 157248K->75928K(157248K)
[176.717s][info][gc,heap        ] GC(417) Tenured: 268489K->349568K(349568K)
[176.717s][info][gc,metaspace   ] GC(417) Metaspace: 14627K->14627K(31744K)
[176.717s][info][gc             ] GC(417) Pause Young (Allocation Failure) 415M->415M(494M) 1577.773ms
[176.717s][info][gc,cpu         ] GC(417) User=1.56s Sys=0.00s Real=1.57s
[176.781s][info][gc,start       ] GC(419) Pause Full (Allocation Failure)
[176.781s][info][gc,phases,start] GC(419) Phase 1: Mark live objects
[176.807s][info][gc,phases      ] GC(419) Phase 1: Mark live objects 25.237ms
[176.807s][info][gc,phases,start] GC(419) Phase 2: Compute new object addresses
[176.997s][info][gc,phases      ] GC(419) Phase 2: Compute new object addresses 190.774ms
[176.998s][info][gc,phases,start] GC(419) Phase 3: Adjust pointers
[177.009s][info][gc,phases      ] GC(419) Phase 3: Adjust pointers 11.289ms
[177.009s][info][gc,phases,start] GC(419) Phase 4: Move objects
[177.009s][info][gc,phases      ] GC(419) Phase 4: Move objects 0.094ms
[177.010s][info][gc,heap        ] GC(419) DefNew: 141509K->0K(157248K)
[177.010s][info][gc,heap        ] GC(419) Tenured: 349568K->6832K(349568K)
[177.010s][info][gc,metaspace   ] GC(419) Metaspace: 14627K->14627K(31744K)
[177.010s][info][gc             ] GC(419) Pause Full (Allocation Failure) 479M->6M(494M) 229.525ms
[177.010s][info][gc,cpu         ] GC(419) User=0.23s Sys=0.00s Real=0.23s
[177.089s][info][gc,start       ] GC(420) Pause Young (Allocation Failure)
[177.439s][info][gc,heap        ] GC(420) DefNew: 139776K->17472K(157248K)
[177.439s][info][gc,heap        ] GC(420) Tenured: 6832K->128946K(349568K)
[177.439s][info][gc,metaspace   ] GC(420) Metaspace: 14627K->14627K(31744K)
[177.439s][info][gc             ] GC(420) Pause Young (Allocation Failure) 143M->142M(494M) 350.076ms
[177.439s][info][gc,cpu         ] GC(420) User=0.36s Sys=0.00s Real=0.35s
[177.524s][info][gc,start       ] GC(421) Pause Young (Allocation Failure)
[178.009s][info][gc,heap        ] GC(421) DefNew: 157248K->17472K(157248K)
[178.009s][info][gc,heap        ] GC(421) Tenured: 128946K->268653K(349568K)
[178.009s][info][gc,metaspace   ] GC(421) Metaspace: 14633K->14633K(31744K)
[178.009s][info][gc             ] GC(421) Pause Young (Allocation Failure) 279M->279M(494M) 484.932ms
[178.009s][info][gc,cpu         ] GC(421) User=0.48s Sys=0.00s Real=0.48s
[178.097s][info][gc,start       ] GC(422) Pause Young (Allocation Failure)
[178.097s][info][gc,start       ] GC(423) Pause Full (Allocation Failure)
[178.098s][info][gc,phases,start] GC(423) Phase 1: Mark live objects
[178.748s][info][gc,phases      ] GC(423) Phase 1: Mark live objects 650.473ms
[178.748s][info][gc,phases,start] GC(423) Phase 2: Compute new object addresses
[179.022s][info][gc,phases      ] GC(423) Phase 2: Compute new object addresses 273.564ms
[179.022s][info][gc,phases,start] GC(423) Phase 3: Adjust pointers
[179.426s][info][gc,phases      ] GC(423) Phase 3: Adjust pointers 404.465ms
[179.427s][info][gc,phases,start] GC(423) Phase 4: Move objects
[179.625s][info][gc,phases      ] GC(423) Phase 4: Move objects 197.922ms
[179.627s][info][gc             ] GC(423) Pause Full (Allocation Failure) 415M->415M(494M) 1529.889ms
[179.627s][info][gc,heap        ] GC(422) DefNew: 157248K->76092K(157248K)
[179.627s][info][gc,heap        ] GC(422) Tenured: 268653K->349568K(349568K)
[179.627s][info][gc,metaspace   ] GC(422) Metaspace: 14633K->14633K(31744K)
[179.627s][info][gc             ] GC(422) Pause Young (Allocation Failure) 415M->415M(494M) 1530.554ms
[179.627s][info][gc,cpu         ] GC(422) User=1.52s Sys=0.00s Real=1.54s
[179.778s][info][gc,start       ] GC(424) Pause Full (Allocation Failure)
[179.779s][info][gc,phases,start] GC(424) Phase 1: Mark live objects
[179.814s][info][gc,phases      ] GC(424) Phase 1: Mark live objects 35.072ms
[179.814s][info][gc,phases,start] GC(424) Phase 2: Compute new object addresses
[180.057s][info][gc,phases      ] GC(424) Phase 2: Compute new object addresses 242.282ms
[180.057s][info][gc,phases,start] GC(424) Phase 3: Adjust pointers
[180.068s][info][gc,phases      ] GC(424) Phase 3: Adjust pointers 11.232ms
[180.068s][info][gc,phases,start] GC(424) Phase 4: Move objects
[180.077s][info][gc,phases      ] GC(424) Phase 4: Move objects 8.651ms
[180.078s][info][gc,heap        ] GC(424) DefNew: 144514K->0K(157248K)
[180.078s][info][gc,heap        ] GC(424) Tenured: 349568K->6888K(349568K)
[180.078s][info][gc,metaspace   ] GC(424) Metaspace: 14633K->14633K(31744K)
[180.079s][info][gc             ] GC(424) Pause Full (Allocation Failure) 482M->6M(494M) 300.131ms
[180.079s][info][gc,cpu         ] GC(424) User=0.31s Sys=0.00s Real=0.31s
[180.132s][info][gc,start       ] GC(425) Pause Young (Allocation Failure)
[180.471s][info][gc,heap        ] GC(425) DefNew: 139776K->17472K(157248K)
[180.471s][info][gc,heap        ] GC(425) Tenured: 6888K->129004K(349568K)
[180.471s][info][gc,metaspace   ] GC(425) Metaspace: 14633K->14633K(31744K)
[180.471s][info][gc             ] GC(425) Pause Young (Allocation Failure) 143M->143M(494M) 338.357ms
[180.471s][info][gc,cpu         ] GC(425) User=0.34s Sys=0.00s Real=0.33s
[180.561s][info][gc,start       ] GC(426) Pause Young (Allocation Failure)
[181.163s][info][gc,heap        ] GC(426) DefNew: 157248K->17472K(157248K)
[181.163s][info][gc,heap        ] GC(426) Tenured: 129004K->268714K(349568K)
[181.163s][info][gc,metaspace   ] GC(426) Metaspace: 14633K->14633K(31744K)
[181.163s][info][gc             ] GC(426) Pause Young (Allocation Failure) 279M->279M(494M) 602.597ms
[181.163s][info][gc,cpu         ] GC(426) User=0.61s Sys=0.00s Real=0.61s
[181.301s][info][gc,start       ] GC(427) Pause Young (Allocation Failure)
[181.302s][info][gc,start       ] GC(428) Pause Full (Allocation Failure)
[181.302s][info][gc,phases,start] GC(428) Phase 1: Mark live objects
[181.941s][info][gc,phases      ] GC(428) Phase 1: Mark live objects 638.712ms
[181.941s][info][gc,phases,start] GC(428) Phase 2: Compute new object addresses
[182.145s][info][gc,phases      ] GC(428) Phase 2: Compute new object addresses 203.824ms
[182.145s][info][gc,phases,start] GC(428) Phase 3: Adjust pointers
[182.568s][info][gc,phases      ] GC(428) Phase 3: Adjust pointers 422.222ms
[182.568s][info][gc,phases,start] GC(428) Phase 4: Move objects
[182.932s][info][gc,phases      ] GC(428) Phase 4: Move objects 363.895ms
[182.934s][info][gc             ] GC(428) Pause Full (Allocation Failure) 415M->415M(494M) 1632.317ms
[182.934s][info][gc,heap        ] GC(427) DefNew: 157248K->76153K(157248K)
[182.934s][info][gc,heap        ] GC(427) Tenured: 268714K->349568K(349568K)
[182.934s][info][gc,metaspace   ] GC(427) Metaspace: 14633K->14633K(31744K)
[182.934s][info][gc             ] GC(427) Pause Young (Allocation Failure) 415M->415M(494M) 1632.856ms
[182.934s][info][gc,cpu         ] GC(427) User=1.64s Sys=0.00s Real=1.64s
[183.069s][info][gc,start       ] GC(429) Pause Full (Allocation Failure)
[183.070s][info][gc,phases,start] GC(429) Phase 1: Mark live objects
[183.107s][info][gc,phases      ] GC(429) Phase 1: Mark live objects 37.057ms
[183.107s][info][gc,phases,start] GC(429) Phase 2: Compute new object addresses
[183.275s][info][gc,phases      ] GC(429) Phase 2: Compute new object addresses 167.167ms
[183.275s][info][gc,phases,start] GC(429) Phase 3: Adjust pointers
[183.285s][info][gc,phases      ] GC(429) Phase 3: Adjust pointers 10.112ms
[183.285s][info][gc,phases,start] GC(429) Phase 4: Move objects
[183.285s][info][gc,phases      ] GC(429) Phase 4: Move objects 0.093ms
[183.286s][info][gc,heap        ] GC(429) DefNew: 147342K->0K(157248K)
[183.286s][info][gc,heap        ] GC(429) Tenured: 349568K->6944K(349568K)
[183.286s][info][gc,metaspace   ] GC(429) Metaspace: 14633K->14633K(31744K)
[183.286s][info][gc             ] GC(429) Pause Full (Allocation Failure) 485M->6M(494M) 217.065ms
[183.286s][info][gc,cpu         ] GC(429) User=0.22s Sys=0.00s Real=0.22s
[183.348s][info][gc,start       ] GC(430) Pause Young (Allocation Failure)
[183.677s][info][gc,heap        ] GC(430) DefNew: 139776K->17471K(157248K)
[183.677s][info][gc,heap        ] GC(430) Tenured: 6944K->129204K(349568K)
[183.677s][info][gc,metaspace   ] GC(430) Metaspace: 14633K->14633K(31744K)
[183.677s][info][gc             ] GC(430) Pause Young (Allocation Failure) 143M->143M(494M) 329.127ms
[183.677s][info][gc,cpu         ] GC(430) User=0.33s Sys=0.00s Real=0.33s
[183.750s][info][gc,start       ] GC(431) Pause Young (Allocation Failure)
[184.226s][info][gc,heap        ] GC(431) DefNew: 157247K->17472K(157248K)
[184.226s][info][gc,heap        ] GC(431) Tenured: 129204K->268914K(349568K)
[184.226s][info][gc,metaspace   ] GC(431) Metaspace: 14633K->14633K(31744K)
[184.227s][info][gc             ] GC(431) Pause Young (Allocation Failure) 279M->279M(494M) 476.980ms
[184.227s][info][gc,cpu         ] GC(431) User=0.48s Sys=0.02s Real=0.50s
[184.304s][info][gc,start       ] GC(432) Pause Young (Allocation Failure)
[184.304s][info][gc,start       ] GC(433) Pause Full (Allocation Failure)
[184.304s][info][gc,phases,start] GC(433) Phase 1: Mark live objects
[184.903s][info][gc,phases      ] GC(433) Phase 1: Mark live objects 598.042ms
[184.903s][info][gc,phases,start] GC(433) Phase 2: Compute new object addresses
[185.137s][info][gc,phases      ] GC(433) Phase 2: Compute new object addresses 234.018ms
[185.137s][info][gc,phases,start] GC(433) Phase 3: Adjust pointers
[185.511s][info][gc,phases      ] GC(433) Phase 3: Adjust pointers 374.328ms
[185.511s][info][gc,phases,start] GC(433) Phase 4: Move objects
[185.642s][info][gc,phases      ] GC(433) Phase 4: Move objects 130.147ms
[185.643s][info][gc             ] GC(433) Pause Full (Allocation Failure) 416M->415M(494M) 1339.368ms
[185.643s][info][gc,heap        ] GC(432) DefNew: 157248K->76338K(157248K)
[185.643s][info][gc,heap        ] GC(432) Tenured: 268914K->349568K(349568K)
[185.643s][info][gc,metaspace   ] GC(432) Metaspace: 14633K->14633K(31744K)
[185.644s][info][gc             ] GC(432) Pause Young (Allocation Failure) 416M->415M(494M) 1339.787ms
[185.644s][info][gc,cpu         ] GC(432) User=1.33s Sys=0.00s Real=1.33s
[185.804s][info][gc,start       ] GC(434) Pause Full (Allocation Failure)
[185.804s][info][gc,phases,start] GC(434) Phase 1: Mark live objects
[185.826s][info][gc,phases      ] GC(434) Phase 1: Mark live objects 22.301ms
[185.827s][info][gc,phases,start] GC(434) Phase 2: Compute new object addresses
[186.027s][info][gc,phases      ] GC(434) Phase 2: Compute new object addresses 200.290ms
[186.027s][info][gc,phases,start] GC(434) Phase 3: Adjust pointers
[186.037s][info][gc,phases      ] GC(434) Phase 3: Adjust pointers 10.500ms
[186.038s][info][gc,phases,start] GC(434) Phase 4: Move objects
[186.038s][info][gc,phases      ] GC(434) Phase 4: Move objects 0.091ms
[186.038s][info][gc,heap        ] GC(434) DefNew: 149850K->0K(157248K)
[186.038s][info][gc,heap        ] GC(434) Tenured: 349568K->6999K(349568K)
[186.038s][info][gc,metaspace   ] GC(434) Metaspace: 14633K->14633K(31744K)
[186.039s][info][gc             ] GC(434) Pause Full (Allocation Failure) 487M->6M(494M) 234.883ms
[186.039s][info][gc,cpu         ] GC(434) User=0.23s Sys=0.00s Real=0.24s
[186.102s][info][gc,start       ] GC(435) Pause Young (Allocation Failure)
[186.392s][info][gc,heap        ] GC(435) DefNew: 139776K->17472K(157248K)
[186.392s][info][gc,heap        ] GC(435) Tenured: 6999K->129085K(349568K)
[186.392s][info][gc,metaspace   ] GC(435) Metaspace: 14633K->14633K(31744K)
[186.392s][info][gc             ] GC(435) Pause Young (Allocation Failure) 143M->143M(494M) 290.336ms
[186.392s][info][gc,cpu         ] GC(435) User=0.28s Sys=0.00s Real=0.30s
[186.452s][info][gc,start       ] GC(436) Pause Young (Allocation Failure)
[186.891s][info][gc,heap        ] GC(436) DefNew: 157248K->17472K(157248K)
[186.891s][info][gc,heap        ] GC(436) Tenured: 129085K->268796K(349568K)
[186.891s][info][gc,metaspace   ] GC(436) Metaspace: 14633K->14633K(31744K)
[186.891s][info][gc             ] GC(436) Pause Young (Allocation Failure) 279M->279M(494M) 439.016ms
[186.891s][info][gc,cpu         ] GC(436) User=0.44s Sys=0.00s Real=0.44s
[186.981s][info][gc,start       ] GC(437) Pause Young (Allocation Failure)
[186.981s][info][gc,start       ] GC(438) Pause Full (Allocation Failure)
[186.982s][info][gc,phases,start] GC(438) Phase 1: Mark live objects
[187.593s][info][gc,phases      ] GC(438) Phase 1: Mark live objects 610.792ms
[187.593s][info][gc,phases,start] GC(438) Phase 2: Compute new object addresses
[187.843s][info][gc,phases      ] GC(438) Phase 2: Compute new object addresses 249.844ms
[187.843s][info][gc,phases,start] GC(438) Phase 3: Adjust pointers
[188.219s][info][gc,phases      ] GC(438) Phase 3: Adjust pointers 375.938ms
[188.219s][info][gc,phases,start] GC(438) Phase 4: Move objects
[188.522s][info][gc,phases      ] GC(438) Phase 4: Move objects 303.343ms
[188.524s][info][gc             ] GC(438) Pause Full (Allocation Failure) 416M->415M(494M) 1542.444ms
[188.524s][info][gc,heap        ] GC(437) DefNew: 157248K->75985K(157248K)
[188.524s][info][gc,heap        ] GC(437) Tenured: 268796K->349567K(349568K)
[188.524s][info][gc,metaspace   ] GC(437) Metaspace: 14633K->14633K(31744K)
[188.524s][info][gc             ] GC(437) Pause Young (Allocation Failure) 416M->415M(494M) 1542.841ms
[188.524s][info][gc,cpu         ] GC(437) User=1.55s Sys=0.00s Real=1.55s
[188.703s][info][gc,start       ] GC(439) Pause Full (Allocation Failure)
[188.704s][info][gc,phases,start] GC(439) Phase 1: Mark live objects
[188.728s][info][gc,phases      ] GC(439) Phase 1: Mark live objects 24.573ms
[188.728s][info][gc,phases,start] GC(439) Phase 2: Compute new object addresses
[188.897s][info][gc,phases      ] GC(439) Phase 2: Compute new object addresses 168.496ms
[188.897s][info][gc,phases,start] GC(439) Phase 3: Adjust pointers
[188.907s][info][gc,phases      ] GC(439) Phase 3: Adjust pointers 10.190ms
[188.907s][info][gc,phases,start] GC(439) Phase 4: Move objects
[188.907s][info][gc,phases      ] GC(439) Phase 4: Move objects 0.081ms
[188.916s][info][gc,heap        ] GC(439) DefNew: 152637K->0K(157248K)
[188.916s][info][gc,heap        ] GC(439) Tenured: 349567K->7054K(349568K)
[188.916s][info][gc,metaspace   ] GC(439) Metaspace: 14633K->14633K(31744K)
[188.916s][info][gc             ] GC(439) Pause Full (Allocation Failure) 490M->6M(494M) 213.797ms
[188.917s][info][gc,cpu         ] GC(439) User=0.23s Sys=0.00s Real=0.22s
[188.966s][info][gc,start       ] GC(440) Pause Young (Allocation Failure)
[189.309s][info][gc,heap        ] GC(440) DefNew: 139776K->17472K(157248K)
[189.309s][info][gc,heap        ] GC(440) Tenured: 7054K->129172K(349568K)
[189.309s][info][gc,metaspace   ] GC(440) Metaspace: 14633K->14633K(31744K)
[189.309s][info][gc             ] GC(440) Pause Young (Allocation Failure) 143M->143M(494M) 342.923ms
[189.309s][info][gc,cpu         ] GC(440) User=0.34s Sys=0.00s Real=0.35s
[189.407s][info][gc,start       ] GC(441) Pause Young (Allocation Failure)
[189.866s][info][gc,heap        ] GC(441) DefNew: 157248K->17472K(157248K)
[189.866s][info][gc,heap        ] GC(441) Tenured: 129172K->268849K(349568K)
[189.866s][info][gc,metaspace   ] GC(441) Metaspace: 14633K->14633K(31744K)
[189.866s][info][gc             ] GC(441) Pause Young (Allocation Failure) 279M->279M(494M) 459.757ms
[189.866s][info][gc,cpu         ] GC(441) User=0.47s Sys=0.00s Real=0.47s
[189.933s][info][gc,start       ] GC(442) Pause Young (Allocation Failure)
[189.934s][info][gc,start       ] GC(443) Pause Full (Allocation Failure)
[189.934s][info][gc,phases,start] GC(443) Phase 1: Mark live objects
[190.610s][info][gc,phases      ] GC(443) Phase 1: Mark live objects 675.428ms
[190.610s][info][gc,phases,start] GC(443) Phase 2: Compute new object addresses
[190.861s][info][gc,phases      ] GC(443) Phase 2: Compute new object addresses 251.410ms
[190.861s][info][gc,phases,start] GC(443) Phase 3: Adjust pointers
[191.178s][info][gc,phases      ] GC(443) Phase 3: Adjust pointers 316.938ms
[191.179s][info][gc,phases,start] GC(443) Phase 4: Move objects
[191.326s][info][gc,phases      ] GC(443) Phase 4: Move objects 147.544ms
[191.328s][info][gc             ] GC(443) Pause Full (Allocation Failure) 416M->415M(494M) 1394.088ms
[191.328s][info][gc,heap        ] GC(442) DefNew: 157248K->76322K(157248K)
[191.328s][info][gc,heap        ] GC(442) Tenured: 268849K->349567K(349568K)
[191.328s][info][gc,metaspace   ] GC(442) Metaspace: 14633K->14633K(31744K)
[191.328s][info][gc             ] GC(442) Pause Young (Allocation Failure) 416M->415M(494M) 1394.500ms
[191.328s][info][gc,cpu         ] GC(442) User=1.39s Sys=0.00s Real=1.39s
[191.581s][info][gc,start       ] GC(444) Pause Full (Allocation Failure)
[191.582s][info][gc,phases,start] GC(444) Phase 1: Mark live objects
[191.613s][info][gc,phases      ] GC(444) Phase 1: Mark live objects 30.514ms
[191.613s][info][gc,phases,start] GC(444) Phase 2: Compute new object addresses
[191.858s][info][gc,phases      ] GC(444) Phase 2: Compute new object addresses 245.109ms
[191.858s][info][gc,phases,start] GC(444) Phase 3: Adjust pointers
[191.872s][info][gc,phases      ] GC(444) Phase 3: Adjust pointers 13.823ms
[191.872s][info][gc,phases,start] GC(444) Phase 4: Move objects
[191.872s][info][gc,phases      ] GC(444) Phase 4: Move objects 0.103ms
[191.873s][info][gc,heap        ] GC(444) DefNew: 155705K->0K(157248K)
[191.873s][info][gc,heap        ] GC(444) Tenured: 349567K->7128K(349568K)
[191.873s][info][gc,metaspace   ] GC(444) Metaspace: 14634K->14634K(31744K)
[191.873s][info][gc             ] GC(444) Pause Full (Allocation Failure) 493M->6M(494M) 292.125ms
[191.873s][info][gc,cpu         ] GC(444) User=0.28s Sys=0.00s Real=0.28s
[191.916s][info][gc,start       ] GC(445) Pause Young (Allocation Failure)
[192.191s][info][gc,heap        ] GC(445) DefNew: 139776K->17472K(157248K)
[192.191s][info][gc,heap        ] GC(445) Tenured: 7128K->129244K(349568K)
[192.191s][info][gc,metaspace   ] GC(445) Metaspace: 14634K->14634K(31744K)
[192.191s][info][gc             ] GC(445) Pause Young (Allocation Failure) 143M->143M(494M) 275.081ms
[192.191s][info][gc,cpu         ] GC(445) User=0.27s Sys=0.00s Real=0.27s
[192.252s][info][gc,start       ] GC(446) Pause Young (Allocation Failure)
[192.673s][info][gc,heap        ] GC(446) DefNew: 157248K->17472K(157248K)
[192.673s][info][gc,heap        ] GC(446) Tenured: 129244K->268955K(349568K)
[192.673s][info][gc,metaspace   ] GC(446) Metaspace: 14634K->14634K(31744K)
[192.673s][info][gc             ] GC(446) Pause Young (Allocation Failure) 279M->279M(494M) 421.195ms
[192.673s][info][gc,cpu         ] GC(446) User=0.42s Sys=0.00s Real=0.42s
[192.734s][info][gc,start       ] GC(447) Pause Young (Allocation Failure)
[192.734s][info][gc,start       ] GC(448) Pause Full (Allocation Failure)
[192.735s][info][gc,phases,start] GC(448) Phase 1: Mark live objects
[193.279s][info][gc,phases      ] GC(448) Phase 1: Mark live objects 544.083ms
[193.280s][info][gc,phases,start] GC(448) Phase 2: Compute new object addresses
[193.484s][info][gc,phases      ] GC(448) Phase 2: Compute new object addresses 204.630ms
[193.484s][info][gc,phases,start] GC(448) Phase 3: Adjust pointers
[193.811s][info][gc,phases      ] GC(448) Phase 3: Adjust pointers 326.236ms
[193.811s][info][gc,phases,start] GC(448) Phase 4: Move objects
[194.127s][info][gc,phases      ] GC(448) Phase 4: Move objects 315.909ms
[194.129s][info][gc             ] GC(448) Pause Full (Allocation Failure) 416M->416M(494M) 1395.140ms
[194.130s][info][gc,heap        ] GC(447) DefNew: 157248K->76537K(157248K)
[194.130s][info][gc,heap        ] GC(447) Tenured: 268955K->349567K(349568K)
[194.130s][info][gc,metaspace   ] GC(447) Metaspace: 14634K->14634K(31744K)
[194.130s][info][gc             ] GC(447) Pause Young (Allocation Failure) 416M->416M(494M) 1396.732ms
[194.131s][info][gc,cpu         ] GC(447) User=1.41s Sys=0.00s Real=1.40s
[194.397s][info][gc,start       ] GC(449) Pause Full (Allocation Failure)
[194.398s][info][gc,phases,start] GC(449) Phase 1: Mark live objects
[195.127s][info][gc,phases      ] GC(449) Phase 1: Mark live objects 728.965ms
[195.127s][info][gc,phases,start] GC(449) Phase 2: Compute new object addresses
[195.434s][info][gc,phases      ] GC(449) Phase 2: Compute new object addresses 306.456ms
[195.434s][info][gc,phases,start] GC(449) Phase 3: Adjust pointers
[195.861s][info][gc,phases      ] GC(449) Phase 3: Adjust pointers 427.127ms
[195.861s][info][gc,phases,start] GC(449) Phase 4: Move objects
[195.916s][info][gc,phases      ] GC(449) Phase 4: Move objects 55.267ms
[195.918s][info][gc,heap        ] GC(449) DefNew: 157247K->156997K(157248K)
[195.918s][info][gc,heap        ] GC(449) Tenured: 349567K->349567K(349568K)
[195.918s][info][gc,metaspace   ] GC(449) Metaspace: 14634K->14634K(31744K)
[195.918s][info][gc             ] GC(449) Pause Full (Allocation Failure) 494M->494M(494M) 1521.120ms
[195.918s][info][gc,cpu         ] GC(449) User=1.50s Sys=0.02s Real=1.52s
[195.931s][info][gc,start       ] GC(450) Pause Full (Allocation Failure)
[195.932s][info][gc,phases,start] GC(450) Phase 1: Mark live objects
[196.692s][info][gc,phases      ] GC(450) Phase 1: Mark live objects 759.701ms
[196.692s][info][gc,phases,start] GC(450) Phase 2: Compute new object addresses
[197.027s][info][gc,phases      ] GC(450) Phase 2: Compute new object addresses 334.447ms
[197.027s][info][gc,phases,start] GC(450) Phase 3: Adjust pointers
[197.469s][info][gc,phases      ] GC(450) Phase 3: Adjust pointers 442.097ms
[197.469s][info][gc,phases,start] GC(450) Phase 4: Move objects
[197.469s][info][gc,phases      ] GC(450) Phase 4: Move objects 0.172ms
[197.471s][info][gc,heap        ] GC(450) DefNew: 157247K->157146K(157248K)
[197.471s][info][gc,heap        ] GC(450) Tenured: 349567K->349567K(349568K)
[197.471s][info][gc,metaspace   ] GC(450) Metaspace: 14634K->14634K(31744K)
[197.471s][info][gc             ] GC(450) Pause Full (Allocation Failure) 494M->494M(494M) 1539.805ms
[197.471s][info][gc,cpu         ] GC(450) User=1.53s Sys=0.00s Real=1.53s
[197.474s][info][gc,start       ] GC(451) Pause Full (Allocation Failure)
[197.475s][info][gc,phases,start] GC(451) Phase 1: Mark live objects
[198.208s][info][gc,phases      ] GC(451) Phase 1: Mark live objects 732.686ms
[198.208s][info][gc,phases,start] GC(451) Phase 2: Compute new object addresses
[198.542s][info][gc,phases      ] GC(451) Phase 2: Compute new object addresses 334.431ms
[198.543s][info][gc,phases,start] GC(451) Phase 3: Adjust pointers
[198.947s][info][gc,phases      ] GC(451) Phase 3: Adjust pointers 404.619ms
[198.947s][info][gc,phases,start] GC(451) Phase 4: Move objects
[198.947s][info][gc,phases      ] GC(451) Phase 4: Move objects 0.103ms
[198.949s][info][gc,heap        ] GC(451) DefNew: 157247K->157222K(157248K)
[198.949s][info][gc,heap        ] GC(451) Tenured: 349567K->349567K(349568K)
[198.949s][info][gc,metaspace   ] GC(451) Metaspace: 14630K->14630K(31744K)
[198.949s][info][gc             ] GC(451) Pause Full (Allocation Failure) 494M->494M(494M) 1475.346ms
[198.949s][info][gc,cpu         ] GC(451) User=1.45s Sys=0.00s Real=1.47s
[198.951s][info][gc,start       ] GC(452) Pause Full (Allocation Failure)
[198.953s][info][gc,phases,start] GC(452) Phase 1: Mark live objects
[199.677s][info][gc,phases      ] GC(452) Phase 1: Mark live objects 724.236ms
[199.677s][info][gc,phases,start] GC(452) Phase 2: Compute new object addresses
[199.968s][info][gc,phases      ] GC(452) Phase 2: Compute new object addresses 290.637ms
[199.968s][info][gc,phases,start] GC(452) Phase 3: Adjust pointers
[200.439s][info][gc,phases      ] GC(452) Phase 3: Adjust pointers 470.602ms
[200.439s][info][gc,phases,start] GC(452) Phase 4: Move objects
[200.850s][info][gc,phases      ] GC(452) Phase 4: Move objects 410.816ms
[200.852s][info][gc,heap        ] GC(452) DefNew: 157247K->157232K(157248K)
[200.852s][info][gc,heap        ] GC(452) Tenured: 349567K->349567K(349568K)
[200.852s][info][gc,metaspace   ] GC(452) Metaspace: 14630K->14630K(31744K)
[200.852s][info][gc             ] GC(452) Pause Full (Allocation Failure) 494M->494M(494M) 1901.702ms
[200.852s][info][gc,cpu         ] GC(452) User=1.91s Sys=0.00s Real=1.90s
[200.854s][info][gc,start       ] GC(453) Pause Full (Allocation Failure)
[200.855s][info][gc,phases,start] GC(453) Phase 1: Mark live objects
[201.559s][info][gc,phases      ] GC(453) Phase 1: Mark live objects 704.251ms
[201.559s][info][gc,phases,start] GC(453) Phase 2: Compute new object addresses
[201.864s][info][gc,phases      ] GC(453) Phase 2: Compute new object addresses 304.358ms
[201.864s][info][gc,phases,start] GC(453) Phase 3: Adjust pointers
[202.231s][info][gc,phases      ] GC(453) Phase 3: Adjust pointers 367.257ms
[202.231s][info][gc,phases,start] GC(453) Phase 4: Move objects
[202.231s][info][gc,phases      ] GC(453) Phase 4: Move objects 0.110ms
[202.233s][info][gc,heap        ] GC(453) DefNew: 157248K->157243K(157248K)
[202.233s][info][gc,heap        ] GC(453) Tenured: 349567K->349567K(349568K)
[202.233s][info][gc,metaspace   ] GC(453) Metaspace: 14630K->14630K(31744K)
[202.233s][info][gc             ] GC(453) Pause Full (Allocation Failure) 494M->494M(494M) 1379.372ms
[202.233s][info][gc,cpu         ] GC(453) User=1.39s Sys=0.00s Real=1.39s
[202.234s][info][gc,start       ] GC(454) Pause Full (Allocation Failure)
[202.235s][info][gc,phases,start] GC(454) Phase 1: Mark live objects
[202.911s][info][gc,phases      ] GC(454) Phase 1: Mark live objects 676.203ms
[202.911s][info][gc,phases,start] GC(454) Phase 2: Compute new object addresses
[203.194s][info][gc,phases      ] GC(454) Phase 2: Compute new object addresses 283.198ms
[203.195s][info][gc,phases,start] GC(454) Phase 3: Adjust pointers
[203.677s][info][gc,phases      ] GC(454) Phase 3: Adjust pointers 482.044ms
[203.677s][info][gc,phases,start] GC(454) Phase 4: Move objects
[203.677s][info][gc,phases      ] GC(454) Phase 4: Move objects 0.095ms
[203.679s][info][gc,heap        ] GC(454) DefNew: 157248K->157244K(157248K)
[203.679s][info][gc,heap        ] GC(454) Tenured: 349567K->349567K(349568K)
[203.679s][info][gc,metaspace   ] GC(454) Metaspace: 14630K->14630K(31744K)
[203.679s][info][gc             ] GC(454) Pause Full (Allocation Failure) 494M->494M(494M) 1444.694ms
[203.679s][info][gc,cpu         ] GC(454) User=1.44s Sys=0.00s Real=1.44s
[203.679s][info][gc,start       ] GC(455) Pause Full (Allocation Failure)
[203.681s][info][gc,phases,start] GC(455) Phase 1: Mark live objects
[204.485s][info][gc,phases      ] GC(455) Phase 1: Mark live objects 804.637ms
[204.485s][info][gc,phases,start] GC(455) Phase 2: Compute new object addresses
[204.794s][info][gc,phases      ] GC(455) Phase 2: Compute new object addresses 308.602ms
[204.794s][info][gc,phases,start] GC(455) Phase 3: Adjust pointers
[205.164s][info][gc,phases      ] GC(455) Phase 3: Adjust pointers 369.669ms
[205.164s][info][gc,phases,start] GC(455) Phase 4: Move objects
[205.164s][info][gc,phases      ] GC(455) Phase 4: Move objects 0.048ms
[205.166s][info][gc,heap        ] GC(455) DefNew: 157247K->157247K(157248K)
[205.166s][info][gc,heap        ] GC(455) Tenured: 349567K->349567K(349568K)
[205.166s][info][gc,metaspace   ] GC(455) Metaspace: 14630K->14630K(31744K)
[205.166s][info][gc             ] GC(455) Pause Full (Allocation Failure) 494M->494M(494M) 1486.344ms
[205.166s][info][gc,cpu         ] GC(455) User=1.50s Sys=0.00s Real=1.49s
[205.166s][info][gc,start       ] GC(456) Pause Full (Allocation Failure)
[205.167s][info][gc,phases,start] GC(456) Phase 1: Mark live objects
[205.905s][info][gc,phases      ] GC(456) Phase 1: Mark live objects 737.568ms
[205.905s][info][gc,phases,start] GC(456) Phase 2: Compute new object addresses
[206.220s][info][gc,phases      ] GC(456) Phase 2: Compute new object addresses 315.452ms
[206.221s][info][gc,phases,start] GC(456) Phase 3: Adjust pointers
[206.616s][info][gc,phases      ] GC(456) Phase 3: Adjust pointers 395.421ms
[206.616s][info][gc,phases,start] GC(456) Phase 4: Move objects
[206.616s][info][gc,phases      ] GC(456) Phase 4: Move objects 0.113ms
[206.618s][info][gc,heap        ] GC(456) DefNew: 157248K->157243K(157248K)
[206.618s][info][gc,heap        ] GC(456) Tenured: 349567K->349567K(349568K)
[206.618s][info][gc,metaspace   ] GC(456) Metaspace: 14630K->14630K(31744K)
[206.618s][info][gc             ] GC(456) Pause Full (Allocation Failure) 494M->494M(494M) 1451.875ms
[206.618s][info][gc,cpu         ] GC(456) User=1.44s Sys=0.00s Real=1.45s
[206.619s][info][gc,start       ] GC(457) Pause Full (Allocation Failure)
[206.620s][info][gc,phases,start] GC(457) Phase 1: Mark live objects
[207.319s][info][gc,phases      ] GC(457) Phase 1: Mark live objects 698.818ms
[207.319s][info][gc,phases,start] GC(457) Phase 2: Compute new object addresses
[207.598s][info][gc,phases      ] GC(457) Phase 2: Compute new object addresses 278.986ms
[207.598s][info][gc,phases,start] GC(457) Phase 3: Adjust pointers
[207.983s][info][gc,phases      ] GC(457) Phase 3: Adjust pointers 384.805ms
[207.983s][info][gc,phases,start] GC(457) Phase 4: Move objects
[207.983s][info][gc,phases      ] GC(457) Phase 4: Move objects 0.057ms
[207.984s][info][gc,heap        ] GC(457) DefNew: 157248K->157244K(157248K)
[207.984s][info][gc,heap        ] GC(457) Tenured: 349567K->349567K(349568K)
[207.984s][info][gc,metaspace   ] GC(457) Metaspace: 14630K->14630K(31744K)
[207.984s][info][gc             ] GC(457) Pause Full (Allocation Failure) 494M->494M(494M) 1365.233ms
[207.984s][info][gc,cpu         ] GC(457) User=1.36s Sys=0.00s Real=1.36s
[207.985s][info][gc,start       ] GC(458) Pause Full (Allocation Failure)
[207.986s][info][gc,phases,start] GC(458) Phase 1: Mark live objects
[208.746s][info][gc,phases      ] GC(458) Phase 1: Mark live objects 759.878ms
[208.746s][info][gc,phases,start] GC(458) Phase 2: Compute new object addresses
[209.130s][info][gc,phases      ] GC(458) Phase 2: Compute new object addresses 384.159ms
[209.130s][info][gc,phases,start] GC(458) Phase 3: Adjust pointers
[209.669s][info][gc,phases      ] GC(458) Phase 3: Adjust pointers 538.503ms
[209.669s][info][gc,phases,start] GC(458) Phase 4: Move objects
[209.669s][info][gc,phases      ] GC(458) Phase 4: Move objects 0.049ms
[209.671s][info][gc,heap        ] GC(458) DefNew: 157247K->157247K(157248K)
[209.671s][info][gc,heap        ] GC(458) Tenured: 349567K->349567K(349568K)
[209.671s][info][gc,metaspace   ] GC(458) Metaspace: 14630K->14630K(31744K)
[209.671s][info][gc             ] GC(458) Pause Full (Allocation Failure) 494M->494M(494M) 1685.930ms
[209.671s][info][gc,cpu         ] GC(458) User=1.67s Sys=0.00s Real=1.69s
[209.671s][info][gc,start       ] GC(459) Pause Full (Allocation Failure)
[209.672s][info][gc,phases,start] GC(459) Phase 1: Mark live objects
[210.598s][info][gc,phases      ] GC(459) Phase 1: Mark live objects 926.130ms
[210.598s][info][gc,phases,start] GC(459) Phase 2: Compute new object addresses
[211.027s][info][gc,phases      ] GC(459) Phase 2: Compute new object addresses 428.333ms
[211.027s][info][gc,phases,start] GC(459) Phase 3: Adjust pointers
[211.560s][info][gc,phases      ] GC(459) Phase 3: Adjust pointers 533.313ms
[211.561s][info][gc,phases,start] GC(459) Phase 4: Move objects
[211.941s][info][gc,phases      ] GC(459) Phase 4: Move objects 379.929ms
[211.946s][info][gc,heap        ] GC(459) DefNew: 157247K->157208K(157248K)
[211.946s][info][gc,heap        ] GC(459) Tenured: 349567K->349567K(349568K)
[211.946s][info][gc,metaspace   ] GC(459) Metaspace: 14630K->14630K(31744K)
[211.946s][info][gc             ] GC(459) Pause Full (Allocation Failure) 494M->494M(494M) 2274.990ms
[211.946s][info][gc,cpu         ] GC(459) User=2.27s Sys=0.00s Real=2.28s
[211.948s][info][gc,start       ] GC(460) Pause Full (Allocation Failure)
[211.949s][info][gc,phases,start] GC(460) Phase 1: Mark live objects
[212.574s][info][gc,phases      ] GC(460) Phase 1: Mark live objects 624.714ms
[212.574s][info][gc,phases,start] GC(460) Phase 2: Compute new object addresses
[212.819s][info][gc,phases      ] GC(460) Phase 2: Compute new object addresses 245.073ms
[212.819s][info][gc,phases,start] GC(460) Phase 3: Adjust pointers
[213.233s][info][gc,phases      ] GC(460) Phase 3: Adjust pointers 413.645ms
[213.233s][info][gc,phases,start] GC(460) Phase 4: Move objects
[213.628s][info][gc,phases      ] GC(460) Phase 4: Move objects 394.938ms
[213.630s][info][gc,heap        ] GC(460) DefNew: 157247K->157243K(157248K)
[213.630s][info][gc,heap        ] GC(460) Tenured: 349567K->349567K(349568K)
[213.630s][info][gc,metaspace   ] GC(460) Metaspace: 14542K->14542K(31744K)
[213.630s][info][gc             ] GC(460) Pause Full (Allocation Failure) 494M->494M(494M) 1682.144ms
[213.630s][info][gc,cpu         ] GC(460) User=1.69s Sys=0.00s Real=1.69s
[213.631s][info][gc,start       ] GC(461) Pause Full (Allocation Failure)
[213.632s][info][gc,phases,start] GC(461) Phase 1: Mark live objects
[214.403s][info][gc,phases      ] GC(461) Phase 1: Mark live objects 770.972ms
[214.403s][info][gc,phases,start] GC(461) Phase 2: Compute new object addresses
[214.736s][info][gc,phases      ] GC(461) Phase 2: Compute new object addresses 332.896ms
[214.736s][info][gc,phases,start] GC(461) Phase 3: Adjust pointers
[215.204s][info][gc,phases      ] GC(461) Phase 3: Adjust pointers 467.586ms
[215.204s][info][gc,phases,start] GC(461) Phase 4: Move objects
[215.204s][info][gc,phases      ] GC(461) Phase 4: Move objects 0.049ms
[215.206s][info][gc,heap        ] GC(461) DefNew: 157247K->157247K(157248K)
[215.206s][info][gc,heap        ] GC(461) Tenured: 349567K->349567K(349568K)
[215.206s][info][gc,metaspace   ] GC(461) Metaspace: 14542K->14542K(31744K)
[215.206s][info][gc             ] GC(461) Pause Full (Allocation Failure) 494M->494M(494M) 1575.188ms
[215.206s][info][gc,cpu         ] GC(461) User=1.55s Sys=0.00s Real=1.57s
[215.207s][info][gc,start       ] GC(462) Pause Full (Allocation Failure)
[215.208s][info][gc,phases,start] GC(462) Phase 1: Mark live objects
[215.893s][info][gc,phases      ] GC(462) Phase 1: Mark live objects 684.868ms
[215.893s][info][gc,phases,start] GC(462) Phase 2: Compute new object addresses
[216.171s][info][gc,phases      ] GC(462) Phase 2: Compute new object addresses 278.147ms
[216.171s][info][gc,phases,start] GC(462) Phase 3: Adjust pointers
[216.640s][info][gc,phases      ] GC(462) Phase 3: Adjust pointers 468.569ms
[216.640s][info][gc,phases,start] GC(462) Phase 4: Move objects
[216.640s][info][gc,phases      ] GC(462) Phase 4: Move objects 0.058ms
[216.641s][info][gc,heap        ] GC(462) DefNew: 157247K->157247K(157248K)
[216.641s][info][gc,heap        ] GC(462) Tenured: 349567K->349567K(349568K)
[216.641s][info][gc,metaspace   ] GC(462) Metaspace: 14542K->14542K(31744K)
[216.642s][info][gc             ] GC(462) Pause Full (Allocation Failure) 494M->494M(494M) 1434.647ms
[216.642s][info][gc,cpu         ] GC(462) User=1.42s Sys=0.00s Real=1.44s
[216.643s][info][gc,start       ] GC(463) Pause Full (Allocation Failure)
[216.645s][info][gc,phases,start] GC(463) Phase 1: Mark live objects
[217.346s][info][gc,phases      ] GC(463) Phase 1: Mark live objects 701.731ms
[217.347s][info][gc,phases,start] GC(463) Phase 2: Compute new object addresses
[217.604s][info][gc,phases      ] GC(463) Phase 2: Compute new object addresses 257.256ms
[217.604s][info][gc,phases,start] GC(463) Phase 3: Adjust pointers
[218.022s][info][gc,phases      ] GC(463) Phase 3: Adjust pointers 418.408ms
[218.022s][info][gc,phases,start] GC(463) Phase 4: Move objects
[218.023s][info][gc,phases      ] GC(463) Phase 4: Move objects 0.060ms
[218.024s][info][gc,heap        ] GC(463) DefNew: 157247K->157247K(157248K)
[218.024s][info][gc,heap        ] GC(463) Tenured: 349567K->349567K(349568K)
[218.024s][info][gc,metaspace   ] GC(463) Metaspace: 14542K->14542K(31744K)
[218.024s][info][gc             ] GC(463) Pause Full (Allocation Failure) 494M->494M(494M) 1380.670ms
[218.024s][info][gc,cpu         ] GC(463) User=1.36s Sys=0.02s Real=1.38s
[218.024s][info][gc,start       ] GC(464) Pause Full (Allocation Failure)
[218.025s][info][gc,phases,start] GC(464) Phase 1: Mark live objects
[218.714s][info][gc,phases      ] GC(464) Phase 1: Mark live objects 688.863ms
[218.714s][info][gc,phases,start] GC(464) Phase 2: Compute new object addresses
[218.999s][info][gc,phases      ] GC(464) Phase 2: Compute new object addresses 284.647ms
[218.999s][info][gc,phases,start] GC(464) Phase 3: Adjust pointers
[219.460s][info][gc,phases      ] GC(464) Phase 3: Adjust pointers 460.763ms
[219.460s][info][gc,phases,start] GC(464) Phase 4: Move objects
[219.798s][info][gc,phases      ] GC(464) Phase 4: Move objects 337.507ms
[219.799s][info][gc,heap        ] GC(464) DefNew: 157247K->157246K(157248K)
[219.799s][info][gc,heap        ] GC(464) Tenured: 349567K->349568K(349568K)
[219.799s][info][gc,metaspace   ] GC(464) Metaspace: 14542K->14542K(31744K)
[219.799s][info][gc             ] GC(464) Pause Full (Allocation Failure) 494M->494M(494M) 1774.940ms
[219.799s][info][gc,cpu         ] GC(464) User=1.78s Sys=0.00s Real=1.78s
[219.800s][info][gc,start       ] GC(465) Pause Full (Allocation Failure)
[219.801s][info][gc,phases,start] GC(465) Phase 1: Mark live objects
[220.474s][info][gc,phases      ] GC(465) Phase 1: Mark live objects 673.306ms
[220.474s][info][gc,phases,start] GC(465) Phase 2: Compute new object addresses
[220.787s][info][gc,phases      ] GC(465) Phase 2: Compute new object addresses 313.402ms
[220.788s][info][gc,phases,start] GC(465) Phase 3: Adjust pointers
[221.256s][info][gc,phases      ] GC(465) Phase 3: Adjust pointers 468.792ms
[221.256s][info][gc,phases,start] GC(465) Phase 4: Move objects
[221.256s][info][gc,phases      ] GC(465) Phase 4: Move objects 0.040ms
[221.266s][info][gc,heap        ] GC(465) DefNew: 157247K->157247K(157248K)
[221.266s][info][gc,heap        ] GC(465) Tenured: 349568K->349568K(349568K)
[221.266s][info][gc,metaspace   ] GC(465) Metaspace: 14542K->14542K(31744K)
[221.266s][info][gc             ] GC(465) Pause Full (Allocation Failure) 494M->494M(494M) 1466.173ms
[221.266s][info][gc,cpu         ] GC(465) User=1.45s Sys=0.00s Real=1.46s
[221.266s][info][gc,start       ] GC(466) Pause Full (Allocation Failure)
[221.267s][info][gc,phases,start] GC(466) Phase 1: Mark live objects
[221.980s][info][gc,phases      ] GC(466) Phase 1: Mark live objects 712.667ms
[221.980s][info][gc,phases,start] GC(466) Phase 2: Compute new object addresses
[222.322s][info][gc,phases      ] GC(466) Phase 2: Compute new object addresses 342.408ms
[222.322s][info][gc,phases,start] GC(466) Phase 3: Adjust pointers
[222.790s][info][gc,phases      ] GC(466) Phase 3: Adjust pointers 467.202ms
[222.790s][info][gc,phases,start] GC(466) Phase 4: Move objects
[222.790s][info][gc,phases      ] GC(466) Phase 4: Move objects 0.041ms
[222.791s][info][gc,heap        ] GC(466) DefNew: 157247K->157247K(157248K)
[222.791s][info][gc,heap        ] GC(466) Tenured: 349568K->349568K(349568K)
[222.791s][info][gc,metaspace   ] GC(466) Metaspace: 14542K->14542K(31744K)
[222.791s][info][gc             ] GC(466) Pause Full (Allocation Failure) 494M->494M(494M) 1525.300ms
[222.792s][info][gc,cpu         ] GC(466) User=1.53s Sys=0.00s Real=1.53s
[222.792s][info][gc,start       ] GC(467) Pause Full (Allocation Failure)
[222.793s][info][gc,phases,start] GC(467) Phase 1: Mark live objects
[223.515s][info][gc,phases      ] GC(467) Phase 1: Mark live objects 721.407ms
[223.515s][info][gc,phases,start] GC(467) Phase 2: Compute new object addresses
[223.858s][info][gc,phases      ] GC(467) Phase 2: Compute new object addresses 343.426ms
[223.858s][info][gc,phases,start] GC(467) Phase 3: Adjust pointers
[224.302s][info][gc,phases      ] GC(467) Phase 3: Adjust pointers 443.591ms
[224.302s][info][gc,phases,start] GC(467) Phase 4: Move objects
[224.302s][info][gc,phases      ] GC(467) Phase 4: Move objects 0.050ms
[224.304s][info][gc,heap        ] GC(467) DefNew: 157247K->157247K(157248K)
[224.304s][info][gc,heap        ] GC(467) Tenured: 349568K->349568K(349568K)
[224.305s][info][gc,metaspace   ] GC(467) Metaspace: 14542K->14542K(31744K)
[224.305s][info][gc             ] GC(467) Pause Full (Allocation Failure) 494M->494M(494M) 1512.496ms
[224.305s][info][gc,cpu         ] GC(467) User=1.52s Sys=0.00s Real=1.52s
[224.305s][info][gc,start       ] GC(468) Pause Full (Allocation Failure)
[224.307s][info][gc,phases,start] GC(468) Phase 1: Mark live objects
[225.093s][info][gc,phases      ] GC(468) Phase 1: Mark live objects 786.309ms
[225.093s][info][gc,phases,start] GC(468) Phase 2: Compute new object addresses
[225.456s][info][gc,phases      ] GC(468) Phase 2: Compute new object addresses 362.552ms
[225.456s][info][gc,phases,start] GC(468) Phase 3: Adjust pointers
[225.884s][info][gc,phases      ] GC(468) Phase 3: Adjust pointers 428.122ms
[225.884s][info][gc,phases,start] GC(468) Phase 4: Move objects
[225.884s][info][gc,phases      ] GC(468) Phase 4: Move objects 0.048ms
[225.886s][info][gc,heap        ] GC(468) DefNew: 157247K->157247K(157248K)
[225.886s][info][gc,heap        ] GC(468) Tenured: 349568K->349568K(349568K)
[225.886s][info][gc,metaspace   ] GC(468) Metaspace: 14542K->14542K(31744K)
[225.886s][info][gc             ] GC(468) Pause Full (Allocation Failure) 494M->494M(494M) 1581.229ms
[225.886s][info][gc,cpu         ] GC(468) User=1.58s Sys=0.00s Real=1.58s
[225.887s][info][gc,start       ] GC(469) Pause Full (Allocation Failure)
[225.888s][info][gc,phases,start] GC(469) Phase 1: Mark live objects
[226.627s][info][gc,phases      ] GC(469) Phase 1: Mark live objects 738.681ms
[226.627s][info][gc,phases,start] GC(469) Phase 2: Compute new object addresses
[226.941s][info][gc,phases      ] GC(469) Phase 2: Compute new object addresses 314.532ms
[226.942s][info][gc,phases,start] GC(469) Phase 3: Adjust pointers
[227.327s][info][gc,phases      ] GC(469) Phase 3: Adjust pointers 384.936ms
[227.327s][info][gc,phases,start] GC(469) Phase 4: Move objects
[227.327s][info][gc,phases      ] GC(469) Phase 4: Move objects 0.043ms
[227.328s][info][gc,heap        ] GC(469) DefNew: 157247K->157247K(157248K)
[227.328s][info][gc,heap        ] GC(469) Tenured: 349568K->349568K(349568K)
[227.329s][info][gc,metaspace   ] GC(469) Metaspace: 14542K->14542K(31744K)
[227.329s][info][gc             ] GC(469) Pause Full (Allocation Failure) 494M->494M(494M) 1441.366ms
[227.329s][info][gc,cpu         ] GC(469) User=1.44s Sys=0.00s Real=1.44s
[227.329s][info][gc,start       ] GC(470) Pause Full (Allocation Failure)
[227.330s][info][gc,phases,start] GC(470) Phase 1: Mark live objects
[227.999s][info][gc,phases      ] GC(470) Phase 1: Mark live objects 668.966ms
[227.999s][info][gc,phases,start] GC(470) Phase 2: Compute new object addresses
[228.279s][info][gc,phases      ] GC(470) Phase 2: Compute new object addresses 280.382ms
[228.279s][info][gc,phases,start] GC(470) Phase 3: Adjust pointers
[228.672s][info][gc,phases      ] GC(470) Phase 3: Adjust pointers 392.980ms
[228.672s][info][gc,phases,start] GC(470) Phase 4: Move objects
[229.008s][info][gc,phases      ] GC(470) Phase 4: Move objects 335.474ms
[229.009s][info][gc,heap        ] GC(470) DefNew: 157247K->157246K(157248K)
[229.009s][info][gc,heap        ] GC(470) Tenured: 349568K->349568K(349568K)
[229.009s][info][gc,metaspace   ] GC(470) Metaspace: 14542K->14542K(31744K)
[229.009s][info][gc             ] GC(470) Pause Full (Allocation Failure) 494M->494M(494M) 1680.633ms
[229.010s][info][gc,cpu         ] GC(470) User=1.69s Sys=0.00s Real=1.69s
[229.011s][info][gc,start       ] GC(471) Pause Full (Allocation Failure)
[229.012s][info][gc,phases,start] GC(471) Phase 1: Mark live objects
[229.043s][info][gc,phases      ] GC(471) Phase 1: Mark live objects 31.075ms
[229.044s][info][gc,phases,start] GC(471) Phase 2: Compute new object addresses
[229.202s][info][gc,phases      ] GC(471) Phase 2: Compute new object addresses 158.465ms
[229.202s][info][gc,phases,start] GC(471) Phase 3: Adjust pointers
[229.213s][info][gc,phases      ] GC(471) Phase 3: Adjust pointers 10.724ms
[229.213s][info][gc,phases,start] GC(471) Phase 4: Move objects
[229.213s][info][gc,phases      ] GC(471) Phase 4: Move objects 0.183ms
[229.214s][info][gc,heap        ] GC(471) DefNew: 157247K->0K(157248K)
[229.214s][info][gc,heap        ] GC(471) Tenured: 349568K->7195K(349568K)
[229.214s][info][gc,metaspace   ] GC(471) Metaspace: 14543K->14543K(31744K)
[229.214s][info][gc             ] GC(471) Pause Full (Allocation Failure) 494M->7M(494M) 203.063ms
[229.214s][info][gc,cpu         ] GC(471) User=0.20s Sys=0.00s Real=0.21s
[229.225s][info][gc,heap,exit   ] Heap
[229.225s][info][gc,heap,exit   ]  def new generation   total 157248K, used 4370K [0x00000000e0000000, 0x00000000eaaa0000, 0x00000000eaaa0000)
[229.225s][info][gc,heap,exit   ]   eden space 139776K,   3% used [0x00000000e0000000, 0x00000000e04455e8, 0x00000000e8880000)
[229.225s][info][gc,heap,exit   ]   from space 17472K,   0% used [0x00000000e9990000, 0x00000000e9990000, 0x00000000eaaa0000)
[229.225s][info][gc,heap,exit   ]   to   space 17472K,   0% used [0x00000000e8880000, 0x00000000e8880000, 0x00000000e9990000)
[229.225s][info][gc,heap,exit   ]  tenured generation   total 349568K, used 7195K [0x00000000eaaa0000, 0x0000000100000000, 0x0000000100000000)
[229.225s][info][gc,heap,exit   ]    the space 349568K,   2% used [0x00000000eaaa0000, 0x00000000eb1a6cd8, 0x00000000eb1a6e00, 0x0000000100000000)
[229.225s][info][gc,heap,exit   ]  Metaspace       used 14606K, capacity 15081K, committed 15872K, reserved 31744K
[229.225s][info][gc,heap,exit   ]   class space    used 1385K, capacity 1516K, committed 1792K, reserved 17408K
